2026-03-16T12:52:17Z INFO bsky_collector_v2: out_base ok path=/Volumes/T9/BlueSky/data_v2_full mount=/Volumes/T9
2026-03-16T12:52:17Z INFO bsky_collector_v2: job start subcommand=index-feed-generators dry_run=False resume=True
2026-03-16T12:52:18Z INFO bsky_collector_v2.job.index_feed_generators: feed generator index hosts relay_host=https://bsky.network records_host=https://bsky.social auth=yes
2026-03-16T12:52:54Z WARNING bsky_collector_v2.job.index_feed_generators: listRecords failed repo=did:plc:vaipi7lzxupze2rdxogaofef err=HttpError('InvalidRequest: Could not find repo: did:plc:vaipi7lzxupze2rdxogaofef')
2026-03-16T12:53:07Z WARNING bsky_collector_v2.job.index_feed_generators: listRecords failed repo=did:plc:3xdmyfhjvgjbvwaxt5djy7g7 err=HttpError('InvalidRequest: Could not find repo: did:plc:3xdmyfhjvgjbvwaxt5djy7g7')
2026-03-16T12:53:07Z WARNING bsky_collector_v2.job.index_feed_generators: listRecords failed repo=did:plc:vaipi7lzxupze2rdxogaofef err=HttpError('InvalidRequest: Could not find repo: did:plc:vaipi7lzxupze2rdxogaofef')
2026-03-16T12:53:07Z WARNING bsky_collector_v2.job.index_feed_generators: listRecords failed repo=did:plc:3xdmyfhjvgjbvwaxt5djy7g7 err=HttpError('InvalidRequest: Could not find repo: did:plc:3xdmyfhjvgjbvwaxt5djy7g7')
2026-03-16T12:53:07Z WARNING bsky_collector_v2.job.index_feed_generators: listRecords failed repo=did:plc:vaipi7lzxupze2rdxogaofef err=HttpError('InvalidRequest: Could not find repo: did:plc:vaipi7lzxupze2rdxogaofef')
2026-03-16T12:53:08Z INFO bsky_collector_v2.job.index_feed_generators: enqueued repos page=1 mode=listRepos inserted=500 repos_returned=500 next_cursor=set
2026-03-16T12:53:27Z WARNING bsky_collector_v2.job.index_feed_generators: listRecords failed repo=did:plc:adf4mall2ir6onsig6fv3xgq err=HttpError('InvalidRequest: Could not find repo: did:plc:adf4mall2ir6onsig6fv3xgq')
2026-03-16T12:53:43Z WARNING bsky_collector_v2.job.index_feed_generators: listRecords failed repo=did:plc:fq3g7qvmny4dwkohadfvyoen err=HttpError('InvalidRequest: Could not find repo: did:plc:fq3g7qvmny4dwkohadfvyoen')
2026-03-16T12:54:38Z WARNING bsky_collector_v2.job.index_feed_generators: listRecords failed repo=did:plc:adf4mall2ir6onsig6fv3xgq err=HttpError('InvalidRequest: Could not find repo: did:plc:adf4mall2ir6onsig6fv3xgq')
2026-03-16T12:54:38Z WARNING bsky_collector_v2.job.index_feed_generators: listRecords failed repo=did:plc:fq3g7qvmny4dwkohadfvyoen err=HttpError('InvalidRequest: Could not find repo: did:plc:fq3g7qvmny4dwkohadfvyoen')
2026-03-16T12:54:38Z WARNING bsky_collector_v2.job.index_feed_generators: listRecords failed repo=did:plc:adf4mall2ir6onsig6fv3xgq err=HttpError('InvalidRequest: Could not find repo: did:plc:adf4mall2ir6onsig6fv3xgq')
2026-03-16T12:54:38Z WARNING bsky_collector_v2.job.index_feed_generators: listRecords failed repo=did:plc:fq3g7qvmny4dwkohadfvyoen err=HttpError('InvalidRequest: Could not find repo: did:plc:fq3g7qvmny4dwkohadfvyoen')
2026-03-16T12:54:38Z INFO bsky_collector_v2.job.index_feed_generators: enqueued repos page=2 mode=listRepos inserted=500 repos_returned=500 next_cursor=set
2026-03-16T12:55:21Z INFO bsky_collector_v2.job.index_feed_generators: indexed repo=did:plc:h5xjb574vzs3byxenng32ena part=168 records=2 next_cursor=set
2026-03-16T12:55:26Z WARNING bsky_collector_v2.job.index_feed_generators: listRecords failed repo=did:plc:ietdz5brp4vk4y45ewb4tz4y err=HttpError('InvalidRequest: Could not find repo: did:plc:ietdz5brp4vk4y45ewb4tz4y')
2026-03-16T12:55:42Z WARNING bsky_collector_v2.job.index_feed_generators: listRecords failed repo=did:plc:pqotxjosifh32gc7jnedlwca err=HttpError('InvalidRequest: Could not find repo: did:plc:pqotxjosifh32gc7jnedlwca')
2026-03-16T12:56:10Z WARNING bsky_collector_v2.job.index_feed_generators: listRecords failed repo=did:plc:wo3moh7clkf6z6sxh5p6n5et err=HttpError('InvalidRequest: Could not find repo: did:plc:wo3moh7clkf6z6sxh5p6n5et')
2026-03-16T12:56:21Z WARNING bsky_collector_v2.job.index_feed_generators: listRecords failed repo=did:plc:ietdz5brp4vk4y45ewb4tz4y err=HttpError('InvalidRequest: Could not find repo: did:plc:ietdz5brp4vk4y45ewb4tz4y')
2026-03-16T12:56:21Z WARNING bsky_collector_v2.job.index_feed_generators: listRecords failed repo=did:plc:pqotxjosifh32gc7jnedlwca err=HttpError('InvalidRequest: Could not find repo: did:plc:pqotxjosifh32gc7jnedlwca')
2026-03-16T12:56:22Z WARNING bsky_collector_v2.job.index_feed_generators: listRecords failed repo=did:plc:wo3moh7clkf6z6sxh5p6n5et err=HttpError('InvalidRequest: Could not find repo: did:plc:wo3moh7clkf6z6sxh5p6n5et')
2026-03-16T12:56:22Z WARNING bsky_collector_v2.job.index_feed_generators: listRecords failed repo=did:plc:ietdz5brp4vk4y45ewb4tz4y err=HttpError('InvalidRequest: Could not find repo: did:plc:ietdz5brp4vk4y45ewb4tz4y')
2026-03-16T12:56:22Z WARNING bsky_collector_v2.job.index_feed_generators: listRecords failed repo=did:plc:pqotxjosifh32gc7jnedlwca err=HttpError('InvalidRequest: Could not find repo: did:plc:pqotxjosifh32gc7jnedlwca')
2026-03-16T12:56:22Z WARNING bsky_collector_v2.job.index_feed_generators: listRecords failed repo=did:plc:wo3moh7clkf6z6sxh5p6n5et err=HttpError('InvalidRequest: Could not find repo: did:plc:wo3moh7clkf6z6sxh5p6n5et')
2026-03-16T12:56:22Z INFO bsky_collector_v2.job.index_feed_generators: enqueued repos page=3 mode=listRepos inserted=500 repos_returned=500 next_cursor=set
2026-03-16T12:56:28Z WARNING bsky_collector_v2.job.index_feed_generators: listRecords failed repo=did:plc:4r7cpqe757ku6o2dl7vbv3ms err=HttpError('InvalidRequest: Could not find repo: did:plc:4r7cpqe757ku6o2dl7vbv3ms')
2026-03-16T12:56:52Z WARNING bsky_collector_v2.job.index_feed_generators: listRecords failed repo=did:plc:hcueam6gm3cg5c7fzko4c3pm err=HttpError('InvalidRequest: Could not find repo: did:plc:hcueam6gm3cg5c7fzko4c3pm')
2026-03-16T12:57:52Z WARNING bsky_collector_v2.job.index_feed_generators: listRecords failed repo=did:plc:4r7cpqe757ku6o2dl7vbv3ms err=HttpError('InvalidRequest: Could not find repo: did:plc:4r7cpqe757ku6o2dl7vbv3ms')
2026-03-16T12:57:52Z WARNING bsky_collector_v2.job.index_feed_generators: listRecords failed repo=did:plc:hcueam6gm3cg5c7fzko4c3pm err=HttpError('InvalidRequest: Could not find repo: did:plc:hcueam6gm3cg5c7fzko4c3pm')
2026-03-16T12:57:53Z WARNING bsky_collector_v2.job.index_feed_generators: listRecords failed repo=did:plc:4r7cpqe757ku6o2dl7vbv3ms err=HttpError('InvalidRequest: Could not find repo: did:plc:4r7cpqe757ku6o2dl7vbv3ms')
2026-03-16T12:57:53Z WARNING bsky_collector_v2.job.index_feed_generators: listRecords failed repo=did:plc:hcueam6gm3cg5c7fzko4c3pm err=HttpError('InvalidRequest: Could not find repo: did:plc:hcueam6gm3cg5c7fzko4c3pm')
2026-03-16T12:57:53Z INFO bsky_collector_v2.job.index_feed_generators: enqueued repos page=4 mode=listRepos inserted=500 repos_returned=500 next_cursor=set
2026-03-16T12:58:14Z WARNING bsky_collector_v2.job.index_feed_generators: listRecords failed repo=did:plc:aoscdjwuc5qm25pajceznrnf err=HttpError('InvalidRequest: Could not find repo: did:plc:aoscdjwuc5qm25pajceznrnf')
2026-03-16T12:58:44Z WARNING bsky_collector_v2.job.index_feed_generators: listRecords failed repo=did:plc:ouf7cxzzboyrjg5rfwddumqh err=HttpError('InvalidRequest: Could not find repo: did:plc:ouf7cxzzboyrjg5rfwddumqh')
2026-03-16T12:59:16Z WARNING bsky_collector_v2.job.index_feed_generators: listRecords failed repo=did:plc:aoscdjwuc5qm25pajceznrnf err=HttpError('InvalidRequest: Could not find repo: did:plc:aoscdjwuc5qm25pajceznrnf')
2026-03-16T12:59:16Z WARNING bsky_collector_v2.job.index_feed_generators: listRecords failed repo=did:plc:ouf7cxzzboyrjg5rfwddumqh err=HttpError('InvalidRequest: Could not find repo: did:plc:ouf7cxzzboyrjg5rfwddumqh')
2026-03-16T12:59:16Z WARNING bsky_collector_v2.job.index_feed_generators: listRecords failed repo=did:plc:aoscdjwuc5qm25pajceznrnf err=HttpError('InvalidRequest: Could not find repo: did:plc:aoscdjwuc5qm25pajceznrnf')
2026-03-16T12:59:16Z WARNING bsky_collector_v2.job.index_feed_generators: listRecords failed repo=did:plc:ouf7cxzzboyrjg5rfwddumqh err=HttpError('InvalidRequest: Could not find repo: did:plc:ouf7cxzzboyrjg5rfwddumqh')
2026-03-16T12:59:16Z INFO bsky_collector_v2.job.index_feed_generators: enqueued repos page=5 mode=listRepos inserted=500 repos_returned=500 next_cursor=set
2026-03-16T12:59:20Z WARNING bsky_collector_v2.job.index_feed_generators: listRecords failed repo=did:plc:3hqffdwlu5ib6p77c2a5rvsi err=HttpError('InvalidRequest: Could not find repo: did:plc:3hqffdwlu5ib6p77c2a5rvsi')
2026-03-16T12:59:51Z WARNING bsky_collector_v2.job.index_feed_generators: listRecords failed repo=did:plc:hnpp4w7udqr7zeivwztaetul err=HttpError('InvalidRequest: Could not find repo: did:plc:hnpp4w7udqr7zeivwztaetul')
2026-03-16T12:59:51Z WARNING bsky_collector_v2.job.index_feed_generators: listRecords failed repo=did:plc:hnupxhatw4w2tp7fxri5d6rv err=HttpError('InvalidRequest: Could not find repo: did:plc:hnupxhatw4w2tp7fxri5d6rv')
2026-03-16T13:00:12Z WARNING bsky_collector_v2.job.index_feed_generators: listRecords failed repo=did:plc:q26ir5yfnp3hn6fibenrfxop err=HttpError('InvalidRequest: Could not find repo: did:plc:q26ir5yfnp3hn6fibenrfxop')
2026-03-16T13:00:32Z WARNING bsky_collector_v2.job.index_feed_generators: listRecords failed repo=did:plc:3hqffdwlu5ib6p77c2a5rvsi err=HttpError('InvalidRequest: Could not find repo: did:plc:3hqffdwlu5ib6p77c2a5rvsi')
2026-03-16T13:00:32Z WARNING bsky_collector_v2.job.index_feed_generators: listRecords failed repo=did:plc:hnpp4w7udqr7zeivwztaetul err=HttpError('InvalidRequest: Could not find repo: did:plc:hnpp4w7udqr7zeivwztaetul')
2026-03-16T13:00:32Z WARNING bsky_collector_v2.job.index_feed_generators: listRecords failed repo=did:plc:hnupxhatw4w2tp7fxri5d6rv err=HttpError('InvalidRequest: Could not find repo: did:plc:hnupxhatw4w2tp7fxri5d6rv')
2026-03-16T13:00:33Z WARNING bsky_collector_v2.job.index_feed_generators: listRecords failed repo=did:plc:q26ir5yfnp3hn6fibenrfxop err=HttpError('InvalidRequest: Could not find repo: did:plc:q26ir5yfnp3hn6fibenrfxop')
2026-03-16T13:00:33Z WARNING bsky_collector_v2.job.index_feed_generators: listRecords failed repo=did:plc:3hqffdwlu5ib6p77c2a5rvsi err=HttpError('InvalidRequest: Could not find repo: did:plc:3hqffdwlu5ib6p77c2a5rvsi')
2026-03-16T13:00:33Z WARNING bsky_collector_v2.job.index_feed_generators: listRecords failed repo=did:plc:hnpp4w7udqr7zeivwztaetul err=HttpError('InvalidRequest: Could not find repo: did:plc:hnpp4w7udqr7zeivwztaetul')
2026-03-16T13:00:33Z WARNING bsky_collector_v2.job.index_feed_generators: listRecords failed repo=did:plc:hnupxhatw4w2tp7fxri5d6rv err=HttpError('InvalidRequest: Could not find repo: did:plc:hnupxhatw4w2tp7fxri5d6rv')
2026-03-16T13:00:33Z WARNING bsky_collector_v2.job.index_feed_generators: listRecords failed repo=did:plc:q26ir5yfnp3hn6fibenrfxop err=HttpError('InvalidRequest: Could not find repo: did:plc:q26ir5yfnp3hn6fibenrfxop')
2026-03-16T13:00:33Z INFO bsky_collector_v2.job.index_feed_generators: enqueued repos page=6 mode=listRepos inserted=500 repos_returned=500 next_cursor=set
2026-03-16T13:00:39Z WARNING bsky_collector_v2.job.index_feed_generators: listRecords failed repo=did:plc:4g3z7gqenjuf3stqfszvlwos err=HttpError('InvalidRequest: Could not find repo: did:plc:4g3z7gqenjuf3stqfszvlwos')
2026-03-16T13:01:29Z WARNING bsky_collector_v2.job.index_feed_generators: listRecords failed repo=did:plc:nsamuh7q2vet745uprhfih5l err=HttpError('InvalidRequest: Could not find repo: did:plc:nsamuh7q2vet745uprhfih5l')
2026-03-16T13:01:48Z INFO bsky_collector_v2.job.index_feed_generators: indexed repo=did:plc:whyqb7v3lxxnh5ffkiqtkkvq part=169 records=1 next_cursor=set
2026-03-16T13:01:59Z WARNING bsky_collector_v2.job.index_feed_generators: listRecords failed repo=did:plc:4g3z7gqenjuf3stqfszvlwos err=HttpError('InvalidRequest: Could not find repo: did:plc:4g3z7gqenjuf3stqfszvlwos')
2026-03-16T13:01:59Z WARNING bsky_collector_v2.job.index_feed_generators: listRecords failed repo=did:plc:nsamuh7q2vet745uprhfih5l err=HttpError('InvalidRequest: Could not find repo: did:plc:nsamuh7q2vet745uprhfih5l')
2026-03-16T13:01:59Z WARNING bsky_collector_v2.job.index_feed_generators: listRecords failed repo=did:plc:4g3z7gqenjuf3stqfszvlwos err=HttpError('InvalidRequest: Could not find repo: did:plc:4g3z7gqenjuf3stqfszvlwos')
2026-03-16T13:01:59Z WARNING bsky_collector_v2.job.index_feed_generators: listRecords failed repo=did:plc:nsamuh7q2vet745uprhfih5l err=HttpError('InvalidRequest: Could not find repo: did:plc:nsamuh7q2vet745uprhfih5l')
2026-03-16T13:01:59Z INFO bsky_collector_v2.job.index_feed_generators: enqueued repos page=7 mode=listRepos inserted=500 repos_returned=500 next_cursor=set
2026-03-16T13:02:35Z WARNING bsky_collector_v2.job.index_feed_generators: listRecords failed repo=did:plc:jv3ublq624jqywjtipicd2wl err=HttpError('InvalidRequest: Could not find repo: did:plc:jv3ublq624jqywjtipicd2wl')
2026-03-16T13:03:27Z WARNING bsky_collector_v2.job.index_feed_generators: listRecords failed repo=did:plc:jv3ublq624jqywjtipicd2wl err=HttpError('InvalidRequest: Could not find repo: did:plc:jv3ublq624jqywjtipicd2wl')
2026-03-16T13:03:27Z WARNING bsky_collector_v2.job.index_feed_generators: listRecords failed repo=did:plc:jv3ublq624jqywjtipicd2wl err=HttpError('InvalidRequest: Could not find repo: did:plc:jv3ublq624jqywjtipicd2wl')
2026-03-16T13:03:28Z INFO bsky_collector_v2.job.index_feed_generators: enqueued repos page=8 mode=listRepos inserted=500 repos_returned=500 next_cursor=set
2026-03-16T13:03:43Z WARNING bsky_collector_v2.job.index_feed_generators: listRecords failed repo=did:plc:aso5ywuk2lcfr4csru6xktdv err=HttpError('InvalidRequest: Could not find repo: did:plc:aso5ywuk2lcfr4csru6xktdv')
2026-03-16T13:03:51Z WARNING bsky_collector_v2.job.index_feed_generators: listRecords failed repo=did:plc:euifxko24ft6tg2c3o7ps6pk err=HttpError('InvalidRequest: Could not find repo: did:plc:euifxko24ft6tg2c3o7ps6pk')
2026-03-16T13:03:56Z WARNING bsky_collector_v2.job.index_feed_generators: listRecords failed repo=did:plc:hfhqlhchqjzd4zvknkme2sml err=HttpError('InvalidRequest: Could not find repo: did:plc:hfhqlhchqjzd4zvknkme2sml')
2026-03-16T13:04:22Z WARNING bsky_collector_v2.job.index_feed_generators: listRecords failed repo=did:plc:namwnrjuz7rktutmaunregzj err=HttpError('InvalidRequest: Could not find repo: did:plc:namwnrjuz7rktutmaunregzj')
2026-03-16T13:04:26Z WARNING bsky_collector_v2.job.index_feed_generators: listRecords failed repo=did:plc:oidlq6cx5oqljrnamfc3hynt err=HttpError('InvalidRequest: Could not find repo: did:plc:oidlq6cx5oqljrnamfc3hynt')
2026-03-16T13:05:07Z WARNING bsky_collector_v2.job.index_feed_generators: listRecords failed repo=did:plc:aso5ywuk2lcfr4csru6xktdv err=HttpError('InvalidRequest: Could not find repo: did:plc:aso5ywuk2lcfr4csru6xktdv')
2026-03-16T13:05:07Z WARNING bsky_collector_v2.job.index_feed_generators: listRecords failed repo=did:plc:euifxko24ft6tg2c3o7ps6pk err=HttpError('InvalidRequest: Could not find repo: did:plc:euifxko24ft6tg2c3o7ps6pk')
2026-03-16T13:05:07Z WARNING bsky_collector_v2.job.index_feed_generators: listRecords failed repo=did:plc:hfhqlhchqjzd4zvknkme2sml err=HttpError('InvalidRequest: Could not find repo: did:plc:hfhqlhchqjzd4zvknkme2sml')
2026-03-16T13:05:07Z WARNING bsky_collector_v2.job.index_feed_generators: listRecords failed repo=did:plc:namwnrjuz7rktutmaunregzj err=HttpError('InvalidRequest: Could not find repo: did:plc:namwnrjuz7rktutmaunregzj')
2026-03-16T13:05:07Z WARNING bsky_collector_v2.job.index_feed_generators: listRecords failed repo=did:plc:oidlq6cx5oqljrnamfc3hynt err=HttpError('InvalidRequest: Could not find repo: did:plc:oidlq6cx5oqljrnamfc3hynt')
2026-03-16T13:05:07Z WARNING bsky_collector_v2.job.index_feed_generators: listRecords failed repo=did:plc:aso5ywuk2lcfr4csru6xktdv err=HttpError('InvalidRequest: Could not find repo: did:plc:aso5ywuk2lcfr4csru6xktdv')
2026-03-16T13:05:07Z WARNING bsky_collector_v2.job.index_feed_generators: listRecords failed repo=did:plc:euifxko24ft6tg2c3o7ps6pk err=HttpError('InvalidRequest: Could not find repo: did:plc:euifxko24ft6tg2c3o7ps6pk')
2026-03-16T13:05:07Z WARNING bsky_collector_v2.job.index_feed_generators: listRecords failed repo=did:plc:hfhqlhchqjzd4zvknkme2sml err=HttpError('InvalidRequest: Could not find repo: did:plc:hfhqlhchqjzd4zvknkme2sml')
2026-03-16T13:05:07Z WARNING bsky_collector_v2.job.index_feed_generators: listRecords failed repo=did:plc:namwnrjuz7rktutmaunregzj err=HttpError('InvalidRequest: Could not find repo: did:plc:namwnrjuz7rktutmaunregzj')
2026-03-16T13:05:07Z WARNING bsky_collector_v2.job.index_feed_generators: listRecords failed repo=did:plc:oidlq6cx5oqljrnamfc3hynt err=HttpError('InvalidRequest: Could not find repo: did:plc:oidlq6cx5oqljrnamfc3hynt')
2026-03-16T13:05:08Z INFO bsky_collector_v2.job.index_feed_generators: enqueued repos page=9 mode=listRepos inserted=500 repos_returned=500 next_cursor=set
2026-03-16T13:05:32Z WARNING bsky_collector_v2.job.index_feed_generators: listRecords failed repo=did:plc:bpcpvtpf36v56g7of2xp3hqk err=HttpError('InvalidRequest: Could not find repo: did:plc:bpcpvtpf36v56g7of2xp3hqk')
2026-03-16T13:06:27Z WARNING bsky_collector_v2.job.index_feed_generators: listRecords failed repo=did:plc:bpcpvtpf36v56g7of2xp3hqk err=HttpError('InvalidRequest: Could not find repo: did:plc:bpcpvtpf36v56g7of2xp3hqk')
2026-03-16T13:06:27Z WARNING bsky_collector_v2.job.index_feed_generators: listRecords failed repo=did:plc:bpcpvtpf36v56g7of2xp3hqk err=HttpError('InvalidRequest: Could not find repo: did:plc:bpcpvtpf36v56g7of2xp3hqk')
2026-03-16T13:06:28Z INFO bsky_collector_v2.job.index_feed_generators: enqueued repos page=10 mode=listRepos inserted=500 repos_returned=500 next_cursor=set
2026-03-16T13:06:48Z WARNING bsky_collector_v2.job.index_feed_generators: listRecords failed repo=did:plc:bge2umltrje7jqfuvsfdnuif err=HttpError('InvalidRequest: Could not find repo: did:plc:bge2umltrje7jqfuvsfdnuif')
2026-03-16T13:07:14Z WARNING bsky_collector_v2.job.index_feed_generators: listRecords failed repo=did:plc:ilmgu2prwocj2jgmzwncv6jy err=HttpError('InvalidRequest: Could not find repo: did:plc:ilmgu2prwocj2jgmzwncv6jy')
2026-03-16T13:07:32Z WARNING bsky_collector_v2.job.index_feed_generators: listRecords failed repo=did:plc:pbkp5bga3p5mzv52ha3aiyxs err=HttpError('InvalidRequest: Could not find repo: did:plc:pbkp5bga3p5mzv52ha3aiyxs')
2026-03-16T13:07:47Z INFO bsky_collector_v2.job.index_feed_generators: indexed repo=did:plc:uvvxdrnuktj33o53nrgkiofa part=170 records=1 next_cursor=set
2026-03-16T13:07:49Z WARNING bsky_collector_v2.job.index_feed_generators: listRecords failed repo=did:plc:vof2c4mp6y62ex3hxcfts53d err=HttpError('InvalidRequest: Could not find repo: did:plc:vof2c4mp6y62ex3hxcfts53d')
2026-03-16T13:08:00Z WARNING bsky_collector_v2.job.index_feed_generators: listRecords failed repo=did:plc:bge2umltrje7jqfuvsfdnuif err=HttpError('InvalidRequest: Could not find repo: did:plc:bge2umltrje7jqfuvsfdnuif')
2026-03-16T13:08:00Z WARNING bsky_collector_v2.job.index_feed_generators: listRecords failed repo=did:plc:ilmgu2prwocj2jgmzwncv6jy err=HttpError('InvalidRequest: Could not find repo: did:plc:ilmgu2prwocj2jgmzwncv6jy')
2026-03-16T13:08:00Z WARNING bsky_collector_v2.job.index_feed_generators: listRecords failed repo=did:plc:pbkp5bga3p5mzv52ha3aiyxs err=HttpError('InvalidRequest: Could not find repo: did:plc:pbkp5bga3p5mzv52ha3aiyxs')
2026-03-16T13:08:00Z WARNING bsky_collector_v2.job.index_feed_generators: listRecords failed repo=did:plc:vof2c4mp6y62ex3hxcfts53d err=HttpError('InvalidRequest: Could not find repo: did:plc:vof2c4mp6y62ex3hxcfts53d')
2026-03-16T13:08:00Z WARNING bsky_collector_v2.job.index_feed_generators: listRecords failed repo=did:plc:bge2umltrje7jqfuvsfdnuif err=HttpError('InvalidRequest: Could not find repo: did:plc:bge2umltrje7jqfuvsfdnuif')
2026-03-16T13:08:00Z WARNING bsky_collector_v2.job.index_feed_generators: listRecords failed repo=did:plc:ilmgu2prwocj2jgmzwncv6jy err=HttpError('InvalidRequest: Could not find repo: did:plc:ilmgu2prwocj2jgmzwncv6jy')
2026-03-16T13:08:00Z WARNING bsky_collector_v2.job.index_feed_generators: listRecords failed repo=did:plc:pbkp5bga3p5mzv52ha3aiyxs err=HttpError('InvalidRequest: Could not find repo: did:plc:pbkp5bga3p5mzv52ha3aiyxs')
2026-03-16T13:08:00Z WARNING bsky_collector_v2.job.index_feed_generators: listRecords failed repo=did:plc:vof2c4mp6y62ex3hxcfts53d err=HttpError('InvalidRequest: Could not find repo: did:plc:vof2c4mp6y62ex3hxcfts53d')
2026-03-16T13:08:01Z INFO bsky_collector_v2.job.index_feed_generators: enqueued repos page=11 mode=listRepos inserted=500 repos_returned=500 next_cursor=set
2026-03-16T13:08:14Z WARNING bsky_collector_v2.job.index_feed_generators: listRecords failed repo=did:plc:a34nmscti7o3neubbazxuxcs err=HttpError('InvalidRequest: Could not find repo: did:plc:a34nmscti7o3neubbazxuxcs')
2026-03-16T13:08:25Z WARNING bsky_collector_v2.job.index_feed_generators: listRecords failed repo=did:plc:cbhkiqmq3ziiizbrkrs73lci err=HttpError('InvalidRequest: Could not find repo: did:plc:cbhkiqmq3ziiizbrkrs73lci')
2026-03-16T13:08:31Z INFO bsky_collector_v2.job.index_feed_generators: indexed repo=did:plc:dc2cinxcou7fzfpkrfb57pj4 part=171 records=4 next_cursor=set
2026-03-16T13:08:36Z WARNING bsky_collector_v2.job.index_feed_generators: listRecords failed repo=did:plc:eobfhmfog3e5gxkvhhcoxq3p err=HttpError('InvalidRequest: Could not find repo: did:plc:eobfhmfog3e5gxkvhhcoxq3p')
2026-03-16T13:08:50Z WARNING bsky_collector_v2.job.index_feed_generators: listRecords failed repo=did:plc:iww2ja6dvknhgtv7ohi6lqty err=HttpError('InvalidRequest: Could not find repo: did:plc:iww2ja6dvknhgtv7ohi6lqty')
2026-03-16T13:09:04Z WARNING bsky_collector_v2.job.index_feed_generators: listRecords failed repo=did:plc:o3ngdcdgd6atwkdviof7ac52 err=HttpError('InvalidRequest: Could not find repo: did:plc:o3ngdcdgd6atwkdviof7ac52')
2026-03-16T13:09:32Z WARNING bsky_collector_v2.job.index_feed_generators: listRecords failed repo=did:plc:a34nmscti7o3neubbazxuxcs err=HttpError('InvalidRequest: Could not find repo: did:plc:a34nmscti7o3neubbazxuxcs')
2026-03-16T13:09:32Z WARNING bsky_collector_v2.job.index_feed_generators: listRecords failed repo=did:plc:cbhkiqmq3ziiizbrkrs73lci err=HttpError('InvalidRequest: Could not find repo: did:plc:cbhkiqmq3ziiizbrkrs73lci')
2026-03-16T13:09:32Z WARNING bsky_collector_v2.job.index_feed_generators: listRecords failed repo=did:plc:eobfhmfog3e5gxkvhhcoxq3p err=HttpError('InvalidRequest: Could not find repo: did:plc:eobfhmfog3e5gxkvhhcoxq3p')
2026-03-16T13:09:32Z WARNING bsky_collector_v2.job.index_feed_generators: listRecords failed repo=did:plc:iww2ja6dvknhgtv7ohi6lqty err=HttpError('InvalidRequest: Could not find repo: did:plc:iww2ja6dvknhgtv7ohi6lqty')
2026-03-16T13:09:32Z WARNING bsky_collector_v2.job.index_feed_generators: listRecords failed repo=did:plc:o3ngdcdgd6atwkdviof7ac52 err=HttpError('InvalidRequest: Could not find repo: did:plc:o3ngdcdgd6atwkdviof7ac52')
2026-03-16T13:09:32Z WARNING bsky_collector_v2.job.index_feed_generators: listRecords failed repo=did:plc:a34nmscti7o3neubbazxuxcs err=HttpError('InvalidRequest: Could not find repo: did:plc:a34nmscti7o3neubbazxuxcs')
2026-03-16T13:09:32Z WARNING bsky_collector_v2.job.index_feed_generators: listRecords failed repo=did:plc:cbhkiqmq3ziiizbrkrs73lci err=HttpError('InvalidRequest: Could not find repo: did:plc:cbhkiqmq3ziiizbrkrs73lci')
2026-03-16T13:09:32Z WARNING bsky_collector_v2.job.index_feed_generators: listRecords failed repo=did:plc:eobfhmfog3e5gxkvhhcoxq3p err=HttpError('InvalidRequest: Could not find repo: did:plc:eobfhmfog3e5gxkvhhcoxq3p')
2026-03-16T13:09:32Z WARNING bsky_collector_v2.job.index_feed_generators: listRecords failed repo=did:plc:iww2ja6dvknhgtv7ohi6lqty err=HttpError('InvalidRequest: Could not find repo: did:plc:iww2ja6dvknhgtv7ohi6lqty')
2026-03-16T13:09:32Z WARNING bsky_collector_v2.job.index_feed_generators: listRecords failed repo=did:plc:o3ngdcdgd6atwkdviof7ac52 err=HttpError('InvalidRequest: Could not find repo: did:plc:o3ngdcdgd6atwkdviof7ac52')
2026-03-16T13:09:33Z INFO bsky_collector_v2.job.index_feed_generators: enqueued repos page=12 mode=listRepos inserted=500 repos_returned=500 next_cursor=set
2026-03-16T13:10:01Z WARNING bsky_collector_v2.job.index_feed_generators: listRecords failed repo=did:plc:eod57cl5ef6o6f3okclbnarz err=HttpError('InvalidRequest: Could not find repo: did:plc:eod57cl5ef6o6f3okclbnarz')
2026-03-16T13:10:13Z WARNING bsky_collector_v2.job.index_feed_generators: listRecords failed repo=did:plc:jyogohqpzxncrvo4p2rypset err=HttpError('InvalidRequest: Could not find repo: did:plc:jyogohqpzxncrvo4p2rypset')
2026-03-16T13:10:38Z WARNING bsky_collector_v2.job.index_feed_generators: listRecords failed repo=did:plc:tfben4ecnx5rzvp3h3piiuqi err=HttpError('InvalidRequest: Could not find repo: did:plc:tfben4ecnx5rzvp3h3piiuqi')
2026-03-16T13:10:53Z WARNING bsky_collector_v2.job.index_feed_generators: listRecords failed repo=did:plc:eod57cl5ef6o6f3okclbnarz err=HttpError('InvalidRequest: Could not find repo: did:plc:eod57cl5ef6o6f3okclbnarz')
2026-03-16T13:10:53Z WARNING bsky_collector_v2.job.index_feed_generators: listRecords failed repo=did:plc:jyogohqpzxncrvo4p2rypset err=HttpError('InvalidRequest: Could not find repo: did:plc:jyogohqpzxncrvo4p2rypset')
2026-03-16T13:10:53Z WARNING bsky_collector_v2.job.index_feed_generators: listRecords failed repo=did:plc:tfben4ecnx5rzvp3h3piiuqi err=HttpError('InvalidRequest: Could not find repo: did:plc:tfben4ecnx5rzvp3h3piiuqi')
2026-03-16T13:10:53Z WARNING bsky_collector_v2.job.index_feed_generators: listRecords failed repo=did:plc:eod57cl5ef6o6f3okclbnarz err=HttpError('InvalidRequest: Could not find repo: did:plc:eod57cl5ef6o6f3okclbnarz')
2026-03-16T13:10:53Z WARNING bsky_collector_v2.job.index_feed_generators: listRecords failed repo=did:plc:jyogohqpzxncrvo4p2rypset err=HttpError('InvalidRequest: Could not find repo: did:plc:jyogohqpzxncrvo4p2rypset')
2026-03-16T13:10:54Z WARNING bsky_collector_v2.job.index_feed_generators: listRecords failed repo=did:plc:tfben4ecnx5rzvp3h3piiuqi err=HttpError('InvalidRequest: Could not find repo: did:plc:tfben4ecnx5rzvp3h3piiuqi')
2026-03-16T13:10:54Z INFO bsky_collector_v2.job.index_feed_generators: enqueued repos page=13 mode=listRepos inserted=500 repos_returned=500 next_cursor=set
2026-03-16T13:11:36Z WARNING bsky_collector_v2.job.index_feed_generators: listRecords failed repo=did:plc:j6v2vuyc57qvtekpj3nnaptd err=HttpError('InvalidRequest: Could not find repo: did:plc:j6v2vuyc57qvtekpj3nnaptd')
2026-03-16T13:12:00Z WARNING bsky_collector_v2.job.index_feed_generators: listRecords failed repo=did:plc:qeyddj4pfecof2efmf56yhee err=HttpError('InvalidRequest: Could not find repo: did:plc:qeyddj4pfecof2efmf56yhee')
2026-03-16T13:12:25Z INFO bsky_collector_v2.job.index_feed_generators: indexed repo=did:plc:zq54mv6rpikdnqxuzg7j4p77 part=172 records=1 next_cursor=set
2026-03-16T13:12:27Z WARNING bsky_collector_v2.job.index_feed_generators: listRecords failed repo=did:plc:j6v2vuyc57qvtekpj3nnaptd err=HttpError('InvalidRequest: Could not find repo: did:plc:j6v2vuyc57qvtekpj3nnaptd')
2026-03-16T13:12:27Z WARNING bsky_collector_v2.job.index_feed_generators: listRecords failed repo=did:plc:qeyddj4pfecof2efmf56yhee err=HttpError('InvalidRequest: Could not find repo: did:plc:qeyddj4pfecof2efmf56yhee')
2026-03-16T13:12:27Z WARNING bsky_collector_v2.job.index_feed_generators: listRecords failed repo=did:plc:j6v2vuyc57qvtekpj3nnaptd err=HttpError('InvalidRequest: Could not find repo: did:plc:j6v2vuyc57qvtekpj3nnaptd')
2026-03-16T13:12:27Z WARNING bsky_collector_v2.job.index_feed_generators: listRecords failed repo=did:plc:qeyddj4pfecof2efmf56yhee err=HttpError('InvalidRequest: Could not find repo: did:plc:qeyddj4pfecof2efmf56yhee')
2026-03-16T13:12:28Z INFO bsky_collector_v2.job.index_feed_generators: enqueued repos page=14 mode=listRepos inserted=500 repos_returned=500 next_cursor=set
2026-03-16T13:14:01Z INFO bsky_collector_v2.job.index_feed_generators: enqueued repos page=15 mode=listRepos inserted=500 repos_returned=500 next_cursor=set
2026-03-16T13:14:41Z WARNING bsky_collector_v2.job.index_feed_generators: listRecords failed repo=did:plc:j64k2xldy6ybhtol2tjdeyhk err=HttpError('InvalidRequest: Could not find repo: did:plc:j64k2xldy6ybhtol2tjdeyhk')
2026-03-16T13:15:20Z WARNING bsky_collector_v2.job.index_feed_generators: listRecords failed repo=did:plc:j64k2xldy6ybhtol2tjdeyhk err=HttpError('InvalidRequest: Could not find repo: did:plc:j64k2xldy6ybhtol2tjdeyhk')
2026-03-16T13:15:20Z WARNING bsky_collector_v2.job.index_feed_generators: listRecords failed repo=did:plc:j64k2xldy6ybhtol2tjdeyhk err=HttpError('InvalidRequest: Could not find repo: did:plc:j64k2xldy6ybhtol2tjdeyhk')
2026-03-16T13:15:20Z INFO bsky_collector_v2.job.index_feed_generators: enqueued repos page=16 mode=listRepos inserted=500 repos_returned=500 next_cursor=set
2026-03-16T13:17:01Z INFO bsky_collector_v2.job.index_feed_generators: enqueued repos page=17 mode=listRepos inserted=500 repos_returned=500 next_cursor=set
2026-03-16T13:17:49Z WARNING bsky_collector_v2.job.index_feed_generators: listRecords failed repo=did:plc:igdpfg6mlsrvag45dqf3gr5c err=HttpError('InvalidRequest: Could not find repo: did:plc:igdpfg6mlsrvag45dqf3gr5c')
2026-03-16T13:18:23Z WARNING bsky_collector_v2.job.index_feed_generators: listRecords failed repo=did:plc:x2tfcvs27gv3ra65sgncs33b err=HttpError('InvalidRequest: Could not find repo: did:plc:x2tfcvs27gv3ra65sgncs33b')
2026-03-16T13:18:31Z WARNING bsky_collector_v2.job.index_feed_generators: listRecords failed repo=did:plc:igdpfg6mlsrvag45dqf3gr5c err=HttpError('InvalidRequest: Could not find repo: did:plc:igdpfg6mlsrvag45dqf3gr5c')
2026-03-16T13:18:31Z WARNING bsky_collector_v2.job.index_feed_generators: listRecords failed repo=did:plc:x2tfcvs27gv3ra65sgncs33b err=HttpError('InvalidRequest: Could not find repo: did:plc:x2tfcvs27gv3ra65sgncs33b')
2026-03-16T13:18:31Z WARNING bsky_collector_v2.job.index_feed_generators: listRecords failed repo=did:plc:igdpfg6mlsrvag45dqf3gr5c err=HttpError('InvalidRequest: Could not find repo: did:plc:igdpfg6mlsrvag45dqf3gr5c')
2026-03-16T13:18:31Z WARNING bsky_collector_v2.job.index_feed_generators: listRecords failed repo=did:plc:x2tfcvs27gv3ra65sgncs33b err=HttpError('InvalidRequest: Could not find repo: did:plc:x2tfcvs27gv3ra65sgncs33b')
2026-03-16T13:18:31Z INFO bsky_collector_v2.job.index_feed_generators: enqueued repos page=18 mode=listRepos inserted=500 repos_returned=500 next_cursor=set
2026-03-16T13:19:52Z INFO bsky_collector_v2.job.index_feed_generators: enqueued repos page=19 mode=listRepos inserted=500 repos_returned=500 next_cursor=set
2026-03-16T13:20:52Z WARNING bsky_collector_v2.job.index_feed_generators: listRecords failed repo=did:plc:siogvzj555zc5kzvjmaxhx5v err=HttpError('InvalidRequest: Could not find repo: did:plc:siogvzj555zc5kzvjmaxhx5v')
2026-03-16T13:20:56Z WARNING bsky_collector_v2.job.index_feed_generators: listRecords failed repo=did:plc:u2vfrrseurnifuxvcsnp7qlf err=HttpError('InvalidRequest: Could not find repo: did:plc:u2vfrrseurnifuxvcsnp7qlf')
2026-03-16T13:21:08Z WARNING bsky_collector_v2.job.index_feed_generators: listRecords failed repo=did:plc:siogvzj555zc5kzvjmaxhx5v err=HttpError('InvalidRequest: Could not find repo: did:plc:siogvzj555zc5kzvjmaxhx5v')
2026-03-16T13:21:08Z WARNING bsky_collector_v2.job.index_feed_generators: listRecords failed repo=did:plc:u2vfrrseurnifuxvcsnp7qlf err=HttpError('InvalidRequest: Could not find repo: did:plc:u2vfrrseurnifuxvcsnp7qlf')
2026-03-16T13:21:08Z WARNING bsky_collector_v2.job.index_feed_generators: listRecords failed repo=did:plc:siogvzj555zc5kzvjmaxhx5v err=HttpError('InvalidRequest: Could not find repo: did:plc:siogvzj555zc5kzvjmaxhx5v')
2026-03-16T13:21:08Z WARNING bsky_collector_v2.job.index_feed_generators: listRecords failed repo=did:plc:u2vfrrseurnifuxvcsnp7qlf err=HttpError('InvalidRequest: Could not find repo: did:plc:u2vfrrseurnifuxvcsnp7qlf')
2026-03-16T13:21:09Z INFO bsky_collector_v2.job.index_feed_generators: enqueued repos page=20 mode=listRepos inserted=500 repos_returned=500 next_cursor=set
2026-03-16T13:22:02Z WARNING bsky_collector_v2.job.index_feed_generators: listRecords failed repo=did:plc:ktxdnxw2bmzikwjlll6eds3m err=HttpError('InvalidRequest: Could not find repo: did:plc:ktxdnxw2bmzikwjlll6eds3m')
2026-03-16T13:22:40Z WARNING bsky_collector_v2.job.index_feed_generators: listRecords failed repo=did:plc:ktxdnxw2bmzikwjlll6eds3m err=HttpError('InvalidRequest: Could not find repo: did:plc:ktxdnxw2bmzikwjlll6eds3m')
2026-03-16T13:22:40Z WARNING bsky_collector_v2.job.index_feed_generators: listRecords failed repo=did:plc:ktxdnxw2bmzikwjlll6eds3m err=HttpError('InvalidRequest: Could not find repo: did:plc:ktxdnxw2bmzikwjlll6eds3m')
2026-03-16T13:22:40Z INFO bsky_collector_v2.job.index_feed_generators: enqueued repos page=21 mode=listRepos inserted=500 repos_returned=500 next_cursor=set
2026-03-16T13:22:42Z WARNING bsky_collector_v2.job.index_feed_generators: listRecords failed repo=did:plc:32ji6smdcobmd3i7rrlfl4tn err=HttpError('InvalidRequest: Could not find repo: did:plc:32ji6smdcobmd3i7rrlfl4tn')
2026-03-16T13:24:19Z WARNING bsky_collector_v2.job.index_feed_generators: listRecords failed repo=did:plc:32ji6smdcobmd3i7rrlfl4tn err=HttpError('InvalidRequest: Could not find repo: did:plc:32ji6smdcobmd3i7rrlfl4tn')
2026-03-16T13:24:19Z WARNING bsky_collector_v2.job.index_feed_generators: listRecords failed repo=did:plc:32ji6smdcobmd3i7rrlfl4tn err=HttpError('InvalidRequest: Could not find repo: did:plc:32ji6smdcobmd3i7rrlfl4tn')
2026-03-16T13:24:20Z INFO bsky_collector_v2.job.index_feed_generators: enqueued repos page=22 mode=listRepos inserted=500 repos_returned=500 next_cursor=set
2026-03-16T13:26:01Z WARNING bsky_collector_v2.job.index_feed_generators: listRecords failed repo=did:plc:yvyfmmstkef6ooo6g6mutnq2 err=HttpError('InvalidRequest: Could not find repo: did:plc:yvyfmmstkef6ooo6g6mutnq2')
2026-03-16T13:26:04Z WARNING bsky_collector_v2.job.index_feed_generators: listRecords failed repo=did:plc:yvyfmmstkef6ooo6g6mutnq2 err=HttpError('InvalidRequest: Could not find repo: did:plc:yvyfmmstkef6ooo6g6mutnq2')
2026-03-16T13:26:04Z WARNING bsky_collector_v2.job.index_feed_generators: listRecords failed repo=did:plc:yvyfmmstkef6ooo6g6mutnq2 err=HttpError('InvalidRequest: Could not find repo: did:plc:yvyfmmstkef6ooo6g6mutnq2')
2026-03-16T13:26:04Z INFO bsky_collector_v2.job.index_feed_generators: enqueued repos page=23 mode=listRepos inserted=500 repos_returned=500 next_cursor=set
2026-03-16T13:26:08Z INFO bsky_collector_v2.job.index_feed_generators: indexed repo=did:plc:3ftf76zvhu7l5iq5hppqh4gn part=173 records=1 next_cursor=set
2026-03-16T13:26:11Z INFO bsky_collector_v2.job.index_feed_generators: indexed repo=did:plc:4gt5m3nfsqtzadstkhf65jlb part=174 records=2 next_cursor=set
2026-03-16T13:27:16Z INFO bsky_collector_v2.job.index_feed_generators: indexed repo=did:plc:s5qppfygpz7pu2ez2r5ijdxq part=175 records=1 next_cursor=set
2026-03-16T13:27:43Z WARNING bsky_collector_v2.job.index_feed_generators: listRecords failed repo=did:plc:xl5peewhg5tlhyv2kodbbfqb err=HttpError('InvalidRequest: Could not find repo: did:plc:xl5peewhg5tlhyv2kodbbfqb')
2026-03-16T13:27:49Z WARNING bsky_collector_v2.job.index_feed_generators: listRecords failed repo=did:plc:xl5peewhg5tlhyv2kodbbfqb err=HttpError('InvalidRequest: Could not find repo: did:plc:xl5peewhg5tlhyv2kodbbfqb')
2026-03-16T13:27:49Z WARNING bsky_collector_v2.job.index_feed_generators: listRecords failed repo=did:plc:xl5peewhg5tlhyv2kodbbfqb err=HttpError('InvalidRequest: Could not find repo: did:plc:xl5peewhg5tlhyv2kodbbfqb')
2026-03-16T13:27:49Z INFO bsky_collector_v2.job.index_feed_generators: enqueued repos page=24 mode=listRepos inserted=500 repos_returned=500 next_cursor=set
2026-03-16T13:27:52Z INFO bsky_collector_v2.job.index_feed_generators: indexed repo=did:plc:2rkdlmu4ncd3w7ncdjjktf3s part=176 records=1 next_cursor=set
2026-03-16T13:27:57Z INFO bsky_collector_v2.job.index_feed_generators: indexed repo=did:plc:4h6y57gft4midqygu2ahawqd part=177 records=1 next_cursor=set
2026-03-16T13:28:09Z WARNING bsky_collector_v2.job.index_feed_generators: listRecords failed repo=did:plc:b4oujimxbaeeuhsfj3cph3du err=HttpError('InvalidRequest: Could not find repo: did:plc:b4oujimxbaeeuhsfj3cph3du')
2026-03-16T13:28:31Z WARNING bsky_collector_v2.job.index_feed_generators: listRecords failed repo=did:plc:ij7eem37eacheb3cylbwimmv err=HttpError('InvalidRequest: Could not find repo: did:plc:ij7eem37eacheb3cylbwimmv')
2026-03-16T13:29:10Z WARNING bsky_collector_v2.job.index_feed_generators: listRecords failed repo=did:plc:b4oujimxbaeeuhsfj3cph3du err=HttpError('InvalidRequest: Could not find repo: did:plc:b4oujimxbaeeuhsfj3cph3du')
2026-03-16T13:29:10Z WARNING bsky_collector_v2.job.index_feed_generators: listRecords failed repo=did:plc:ij7eem37eacheb3cylbwimmv err=HttpError('InvalidRequest: Could not find repo: did:plc:ij7eem37eacheb3cylbwimmv')
2026-03-16T13:29:10Z WARNING bsky_collector_v2.job.index_feed_generators: listRecords failed repo=did:plc:b4oujimxbaeeuhsfj3cph3du err=HttpError('InvalidRequest: Could not find repo: did:plc:b4oujimxbaeeuhsfj3cph3du')
2026-03-16T13:29:10Z WARNING bsky_collector_v2.job.index_feed_generators: listRecords failed repo=did:plc:ij7eem37eacheb3cylbwimmv err=HttpError('InvalidRequest: Could not find repo: did:plc:ij7eem37eacheb3cylbwimmv')
2026-03-16T13:29:11Z INFO bsky_collector_v2.job.index_feed_generators: enqueued repos page=25 mode=listRepos inserted=500 repos_returned=500 next_cursor=set
2026-03-16T13:29:14Z WARNING bsky_collector_v2.job.index_feed_generators: listRecords failed repo=did:plc:3qy6k5kcjsozmftzinjyebsm err=HttpError('InvalidRequest: Could not find repo: did:plc:3qy6k5kcjsozmftzinjyebsm')
2026-03-16T13:29:48Z WARNING bsky_collector_v2.job.index_feed_generators: listRecords failed repo=did:plc:j6rv3lkynu7dp3ojx5qg5l6p err=HttpError('InvalidRequest: Could not find repo: did:plc:j6rv3lkynu7dp3ojx5qg5l6p')
2026-03-16T13:30:01Z WARNING bsky_collector_v2.job.index_feed_generators: listRecords failed repo=did:plc:orpl5yjegbue3vph27szerwt err=HttpError('InvalidRequest: Could not find repo: did:plc:orpl5yjegbue3vph27szerwt')
2026-03-16T13:30:41Z WARNING bsky_collector_v2.job.index_feed_generators: listRecords failed repo=did:plc:3qy6k5kcjsozmftzinjyebsm err=HttpError('InvalidRequest: Could not find repo: did:plc:3qy6k5kcjsozmftzinjyebsm')
2026-03-16T13:30:41Z WARNING bsky_collector_v2.job.index_feed_generators: listRecords failed repo=did:plc:j6rv3lkynu7dp3ojx5qg5l6p err=HttpError('InvalidRequest: Could not find repo: did:plc:j6rv3lkynu7dp3ojx5qg5l6p')
2026-03-16T13:30:41Z WARNING bsky_collector_v2.job.index_feed_generators: listRecords failed repo=did:plc:orpl5yjegbue3vph27szerwt err=HttpError('InvalidRequest: Could not find repo: did:plc:orpl5yjegbue3vph27szerwt')
2026-03-16T13:30:41Z WARNING bsky_collector_v2.job.index_feed_generators: listRecords failed repo=did:plc:3qy6k5kcjsozmftzinjyebsm err=HttpError('InvalidRequest: Could not find repo: did:plc:3qy6k5kcjsozmftzinjyebsm')
2026-03-16T13:30:41Z WARNING bsky_collector_v2.job.index_feed_generators: listRecords failed repo=did:plc:j6rv3lkynu7dp3ojx5qg5l6p err=HttpError('InvalidRequest: Could not find repo: did:plc:j6rv3lkynu7dp3ojx5qg5l6p')
2026-03-16T13:30:41Z WARNING bsky_collector_v2.job.index_feed_generators: listRecords failed repo=did:plc:orpl5yjegbue3vph27szerwt err=HttpError('InvalidRequest: Could not find repo: did:plc:orpl5yjegbue3vph27szerwt')
2026-03-16T13:30:42Z INFO bsky_collector_v2.job.index_feed_generators: enqueued repos page=26 mode=listRepos inserted=500 repos_returned=500 next_cursor=set
2026-03-16T13:31:56Z INFO bsky_collector_v2.job.index_feed_generators: enqueued repos page=27 mode=listRepos inserted=500 repos_returned=500 next_cursor=set
2026-03-16T13:32:05Z WARNING bsky_collector_v2.job.index_feed_generators: listRecords failed repo=did:plc:5s6rt4aou6p3gvnx7syqi7g2 err=HttpError('InvalidRequest: Could not find repo: did:plc:5s6rt4aou6p3gvnx7syqi7g2')
2026-03-16T13:32:08Z WARNING bsky_collector_v2.job.index_feed_generators: listRecords failed repo=did:plc:7dqrmxjqbupqgpzkirc4bvfw err=HttpError('InvalidRequest: Could not find repo: did:plc:7dqrmxjqbupqgpzkirc4bvfw')
2026-03-16T13:32:13Z WARNING bsky_collector_v2.job.index_feed_generators: listRecords failed repo=did:plc:b6rjiii3om6oylbtbyks4gzq err=HttpError('InvalidRequest: Could not find repo: did:plc:b6rjiii3om6oylbtbyks4gzq')
2026-03-16T13:32:37Z WARNING bsky_collector_v2.job.index_feed_generators: listRecords failed repo=did:plc:kefvsqmdco4tq2gqsuwsh56s err=HttpError('InvalidRequest: Could not find repo: did:plc:kefvsqmdco4tq2gqsuwsh56s')
2026-03-16T13:32:41Z WARNING bsky_collector_v2.job.index_feed_generators: listRecords failed repo=did:plc:lq3cyrlj4ehie77atnzdrv3p err=HttpError('InvalidRequest: Could not find repo: did:plc:lq3cyrlj4ehie77atnzdrv3p')
2026-03-16T13:32:48Z WARNING bsky_collector_v2.job.index_feed_generators: listRecords failed repo=did:plc:obn57wnkzwlbfm73vcrspbei err=HttpError('InvalidRequest: Could not find repo: did:plc:obn57wnkzwlbfm73vcrspbei')
2026-03-16T13:33:09Z INFO bsky_collector_v2.job.index_feed_generators: indexed repo=did:plc:qrtlhlrti4m7w5penn2ptnax part=178 records=1 next_cursor=set
2026-03-16T13:33:19Z WARNING bsky_collector_v2.job.index_feed_generators: listRecords failed repo=did:plc:t6kyb5cyblsxuxv6txjvjwix err=HttpError('InvalidRequest: Could not find repo: did:plc:t6kyb5cyblsxuxv6txjvjwix')
2026-03-16T13:33:35Z WARNING bsky_collector_v2.job.index_feed_generators: listRecords failed repo=did:plc:5s6rt4aou6p3gvnx7syqi7g2 err=HttpError('InvalidRequest: Could not find repo: did:plc:5s6rt4aou6p3gvnx7syqi7g2')
2026-03-16T13:33:35Z WARNING bsky_collector_v2.job.index_feed_generators: listRecords failed repo=did:plc:7dqrmxjqbupqgpzkirc4bvfw err=HttpError('InvalidRequest: Could not find repo: did:plc:7dqrmxjqbupqgpzkirc4bvfw')
2026-03-16T13:33:35Z WARNING bsky_collector_v2.job.index_feed_generators: listRecords failed repo=did:plc:b6rjiii3om6oylbtbyks4gzq err=HttpError('InvalidRequest: Could not find repo: did:plc:b6rjiii3om6oylbtbyks4gzq')
2026-03-16T13:33:35Z WARNING bsky_collector_v2.job.index_feed_generators: listRecords failed repo=did:plc:kefvsqmdco4tq2gqsuwsh56s err=HttpError('InvalidRequest: Could not find repo: did:plc:kefvsqmdco4tq2gqsuwsh56s')
2026-03-16T13:33:35Z WARNING bsky_collector_v2.job.index_feed_generators: listRecords failed repo=did:plc:lq3cyrlj4ehie77atnzdrv3p err=HttpError('InvalidRequest: Could not find repo: did:plc:lq3cyrlj4ehie77atnzdrv3p')
2026-03-16T13:33:35Z WARNING bsky_collector_v2.job.index_feed_generators: listRecords failed repo=did:plc:obn57wnkzwlbfm73vcrspbei err=HttpError('InvalidRequest: Could not find repo: did:plc:obn57wnkzwlbfm73vcrspbei')
2026-03-16T13:33:35Z WARNING bsky_collector_v2.job.index_feed_generators: listRecords failed repo=did:plc:t6kyb5cyblsxuxv6txjvjwix err=HttpError('InvalidRequest: Could not find repo: did:plc:t6kyb5cyblsxuxv6txjvjwix')
2026-03-16T13:33:35Z WARNING bsky_collector_v2.job.index_feed_generators: listRecords failed repo=did:plc:5s6rt4aou6p3gvnx7syqi7g2 err=HttpError('InvalidRequest: Could not find repo: did:plc:5s6rt4aou6p3gvnx7syqi7g2')
2026-03-16T13:33:35Z WARNING bsky_collector_v2.job.index_feed_generators: listRecords failed repo=did:plc:7dqrmxjqbupqgpzkirc4bvfw err=HttpError('InvalidRequest: Could not find repo: did:plc:7dqrmxjqbupqgpzkirc4bvfw')
2026-03-16T13:33:36Z WARNING bsky_collector_v2.job.index_feed_generators: listRecords failed repo=did:plc:b6rjiii3om6oylbtbyks4gzq err=HttpError('InvalidRequest: Could not find repo: did:plc:b6rjiii3om6oylbtbyks4gzq')
2026-03-16T13:33:36Z WARNING bsky_collector_v2.job.index_feed_generators: listRecords failed repo=did:plc:kefvsqmdco4tq2gqsuwsh56s err=HttpError('InvalidRequest: Could not find repo: did:plc:kefvsqmdco4tq2gqsuwsh56s')
2026-03-16T13:33:36Z WARNING bsky_collector_v2.job.index_feed_generators: listRecords failed repo=did:plc:lq3cyrlj4ehie77atnzdrv3p err=HttpError('InvalidRequest: Could not find repo: did:plc:lq3cyrlj4ehie77atnzdrv3p')
2026-03-16T13:33:36Z WARNING bsky_collector_v2.job.index_feed_generators: listRecords failed repo=did:plc:obn57wnkzwlbfm73vcrspbei err=HttpError('InvalidRequest: Could not find repo: did:plc:obn57wnkzwlbfm73vcrspbei')
2026-03-16T13:33:36Z WARNING bsky_collector_v2.job.index_feed_generators: listRecords failed repo=did:plc:t6kyb5cyblsxuxv6txjvjwix err=HttpError('InvalidRequest: Could not find repo: did:plc:t6kyb5cyblsxuxv6txjvjwix')
2026-03-16T13:33:36Z INFO bsky_collector_v2.job.index_feed_generators: enqueued repos page=28 mode=listRepos inserted=500 repos_returned=500 next_cursor=set
2026-03-16T13:33:38Z WARNING bsky_collector_v2.job.index_feed_generators: listRecords failed repo=did:plc:2furlnompv26usfot6v453zi err=HttpError('InvalidRequest: Could not find repo: did:plc:2furlnompv26usfot6v453zi')
2026-03-16T13:33:39Z WARNING bsky_collector_v2.job.index_feed_generators: listRecords failed repo=did:plc:2qr2dma7jlunlceeaiug2rss err=HttpError('InvalidRequest: Could not find repo: did:plc:2qr2dma7jlunlceeaiug2rss')
2026-03-16T13:33:58Z WARNING bsky_collector_v2.job.index_feed_generators: listRecords failed repo=did:plc:d57zofkdtamh43teipybgtwa err=HttpError('InvalidRequest: Could not find repo: did:plc:d57zofkdtamh43teipybgtwa')
2026-03-16T13:33:59Z WARNING bsky_collector_v2.job.index_feed_generators: listRecords failed repo=did:plc:dcpeiinb2dh5ae4vbumpahqr err=HttpError('InvalidRequest: Could not find repo: did:plc:dcpeiinb2dh5ae4vbumpahqr')
2026-03-16T13:33:59Z WARNING bsky_collector_v2.job.index_feed_generators: listRecords failed repo=did:plc:dgnbaaesll36l35qgk4ogqcb err=HttpError('InvalidRequest: Could not find repo: did:plc:dgnbaaesll36l35qgk4ogqcb')
2026-03-16T13:34:00Z WARNING bsky_collector_v2.job.index_feed_generators: listRecords failed repo=did:plc:dv2ruux2b6fmduan3gnql6dx err=HttpError('InvalidRequest: Could not find repo: did:plc:dv2ruux2b6fmduan3gnql6dx')
2026-03-16T13:34:26Z WARNING bsky_collector_v2.job.index_feed_generators: listRecords failed repo=did:plc:ombfuwyzcdtyqop2caxu6vvt err=HttpError('InvalidRequest: Could not find repo: did:plc:ombfuwyzcdtyqop2caxu6vvt')
2026-03-16T13:34:36Z WARNING bsky_collector_v2.job.index_feed_generators: listRecords failed repo=did:plc:s5vkxna3ydjvooa7xn7e7fgr err=HttpError('InvalidRequest: Could not find repo: did:plc:s5vkxna3ydjvooa7xn7e7fgr')
2026-03-16T13:34:41Z WARNING bsky_collector_v2.job.index_feed_generators: listRecords failed repo=did:plc:ul4vnpjq4f7jrhjv7mk2kswb err=HttpError('InvalidRequest: Could not find repo: did:plc:ul4vnpjq4f7jrhjv7mk2kswb')
2026-03-16T13:34:48Z WARNING bsky_collector_v2.job.index_feed_generators: listRecords failed repo=did:plc:xoi552ixexnjgjvz3upudyxi err=HttpError('InvalidRequest: Could not find repo: did:plc:xoi552ixexnjgjvz3upudyxi')
2026-03-16T13:34:52Z WARNING bsky_collector_v2.job.index_feed_generators: listRecords failed repo=did:plc:2furlnompv26usfot6v453zi err=HttpError('InvalidRequest: Could not find repo: did:plc:2furlnompv26usfot6v453zi')
2026-03-16T13:34:52Z WARNING bsky_collector_v2.job.index_feed_generators: listRecords failed repo=did:plc:2qr2dma7jlunlceeaiug2rss err=HttpError('InvalidRequest: Could not find repo: did:plc:2qr2dma7jlunlceeaiug2rss')
2026-03-16T13:34:52Z WARNING bsky_collector_v2.job.index_feed_generators: listRecords failed repo=did:plc:d57zofkdtamh43teipybgtwa err=HttpError('InvalidRequest: Could not find repo: did:plc:d57zofkdtamh43teipybgtwa')
2026-03-16T13:34:52Z WARNING bsky_collector_v2.job.index_feed_generators: listRecords failed repo=did:plc:dcpeiinb2dh5ae4vbumpahqr err=HttpError('InvalidRequest: Could not find repo: did:plc:dcpeiinb2dh5ae4vbumpahqr')
2026-03-16T13:34:52Z WARNING bsky_collector_v2.job.index_feed_generators: listRecords failed repo=did:plc:dgnbaaesll36l35qgk4ogqcb err=HttpError('InvalidRequest: Could not find repo: did:plc:dgnbaaesll36l35qgk4ogqcb')
2026-03-16T13:34:53Z WARNING bsky_collector_v2.job.index_feed_generators: listRecords failed repo=did:plc:dv2ruux2b6fmduan3gnql6dx err=HttpError('InvalidRequest: Could not find repo: did:plc:dv2ruux2b6fmduan3gnql6dx')
2026-03-16T13:34:53Z WARNING bsky_collector_v2.job.index_feed_generators: listRecords failed repo=did:plc:ombfuwyzcdtyqop2caxu6vvt err=HttpError('InvalidRequest: Could not find repo: did:plc:ombfuwyzcdtyqop2caxu6vvt')
2026-03-16T13:34:53Z WARNING bsky_collector_v2.job.index_feed_generators: listRecords failed repo=did:plc:s5vkxna3ydjvooa7xn7e7fgr err=HttpError('InvalidRequest: Could not find repo: did:plc:s5vkxna3ydjvooa7xn7e7fgr')
2026-03-16T13:34:53Z WARNING bsky_collector_v2.job.index_feed_generators: listRecords failed repo=did:plc:ul4vnpjq4f7jrhjv7mk2kswb err=HttpError('InvalidRequest: Could not find repo: did:plc:ul4vnpjq4f7jrhjv7mk2kswb')
2026-03-16T13:34:53Z WARNING bsky_collector_v2.job.index_feed_generators: listRecords failed repo=did:plc:xoi552ixexnjgjvz3upudyxi err=HttpError('InvalidRequest: Could not find repo: did:plc:xoi552ixexnjgjvz3upudyxi')
2026-03-16T13:34:53Z WARNING bsky_collector_v2.job.index_feed_generators: listRecords failed repo=did:plc:2furlnompv26usfot6v453zi err=HttpError('InvalidRequest: Could not find repo: did:plc:2furlnompv26usfot6v453zi')
2026-03-16T13:34:53Z WARNING bsky_collector_v2.job.index_feed_generators: listRecords failed repo=did:plc:2qr2dma7jlunlceeaiug2rss err=HttpError('InvalidRequest: Could not find repo: did:plc:2qr2dma7jlunlceeaiug2rss')
2026-03-16T13:34:53Z WARNING bsky_collector_v2.job.index_feed_generators: listRecords failed repo=did:plc:d57zofkdtamh43teipybgtwa err=HttpError('InvalidRequest: Could not find repo: did:plc:d57zofkdtamh43teipybgtwa')
2026-03-16T13:34:53Z WARNING bsky_collector_v2.job.index_feed_generators: listRecords failed repo=did:plc:dcpeiinb2dh5ae4vbumpahqr err=HttpError('InvalidRequest: Could not find repo: did:plc:dcpeiinb2dh5ae4vbumpahqr')
2026-03-16T13:34:53Z WARNING bsky_collector_v2.job.index_feed_generators: listRecords failed repo=did:plc:dgnbaaesll36l35qgk4ogqcb err=HttpError('InvalidRequest: Could not find repo: did:plc:dgnbaaesll36l35qgk4ogqcb')
2026-03-16T13:34:53Z WARNING bsky_collector_v2.job.index_feed_generators: listRecords failed repo=did:plc:dv2ruux2b6fmduan3gnql6dx err=HttpError('InvalidRequest: Could not find repo: did:plc:dv2ruux2b6fmduan3gnql6dx')
2026-03-16T13:34:53Z WARNING bsky_collector_v2.job.index_feed_generators: listRecords failed repo=did:plc:ombfuwyzcdtyqop2caxu6vvt err=HttpError('InvalidRequest: Could not find repo: did:plc:ombfuwyzcdtyqop2caxu6vvt')
2026-03-16T13:34:53Z WARNING bsky_collector_v2.job.index_feed_generators: listRecords failed repo=did:plc:s5vkxna3ydjvooa7xn7e7fgr err=HttpError('InvalidRequest: Could not find repo: did:plc:s5vkxna3ydjvooa7xn7e7fgr')
2026-03-16T13:34:53Z WARNING bsky_collector_v2.job.index_feed_generators: listRecords failed repo=did:plc:ul4vnpjq4f7jrhjv7mk2kswb err=HttpError('InvalidRequest: Could not find repo: did:plc:ul4vnpjq4f7jrhjv7mk2kswb')
2026-03-16T13:34:53Z WARNING bsky_collector_v2.job.index_feed_generators: listRecords failed repo=did:plc:xoi552ixexnjgjvz3upudyxi err=HttpError('InvalidRequest: Could not find repo: did:plc:xoi552ixexnjgjvz3upudyxi')
2026-03-16T13:34:54Z INFO bsky_collector_v2.job.index_feed_generators: enqueued repos page=29 mode=listRepos inserted=500 repos_returned=500 next_cursor=set
2026-03-16T13:35:02Z WARNING bsky_collector_v2.job.index_feed_generators: listRecords failed repo=did:plc:4sic5dgvwupfytrhsm3c4oui err=HttpError('InvalidRequest: Could not find repo: did:plc:4sic5dgvwupfytrhsm3c4oui')
2026-03-16T13:35:18Z WARNING bsky_collector_v2.job.index_feed_generators: listRecords failed repo=did:plc:d4b76slw37r57ok4jiniwz6w err=HttpError('InvalidRequest: Could not find repo: did:plc:d4b76slw37r57ok4jiniwz6w')
2026-03-16T13:35:23Z WARNING bsky_collector_v2.job.index_feed_generators: listRecords failed repo=did:plc:ff6dunaq4sre3jhwxiftijzr err=HttpError('InvalidRequest: Could not find repo: did:plc:ff6dunaq4sre3jhwxiftijzr')
2026-03-16T13:35:24Z WARNING bsky_collector_v2.job.index_feed_generators: listRecords failed repo=did:plc:frc7lkpqpjdinlcvmf4mgjvu err=HttpError('InvalidRequest: Could not find repo: did:plc:frc7lkpqpjdinlcvmf4mgjvu')
2026-03-16T13:35:31Z WARNING bsky_collector_v2.job.index_feed_generators: listRecords failed repo=did:plc:i4ixogckmi2glnx7up2r7aw7 err=HttpError('InvalidRequest: Could not find repo: did:plc:i4ixogckmi2glnx7up2r7aw7')
2026-03-16T13:35:33Z WARNING bsky_collector_v2.job.index_feed_generators: listRecords failed repo=did:plc:immfppdgfvzujxa7kuozfgoy err=HttpError('InvalidRequest: Could not find repo: did:plc:immfppdgfvzujxa7kuozfgoy')
2026-03-16T13:35:36Z WARNING bsky_collector_v2.job.index_feed_generators: listRecords failed repo=did:plc:k6p634xjthar6tq5uo2tpj4p err=HttpError('InvalidRequest: Could not find repo: did:plc:k6p634xjthar6tq5uo2tpj4p')
2026-03-16T13:35:40Z WARNING bsky_collector_v2.job.index_feed_generators: listRecords failed repo=did:plc:lyvsxq46yjd6tbz5i2xv44ms err=HttpError('InvalidRequest: Could not find repo: did:plc:lyvsxq46yjd6tbz5i2xv44ms')
2026-03-16T13:35:41Z INFO bsky_collector_v2.job.index_feed_generators: indexed repo=did:plc:m6jngig7d27yhvj2zqpvprt7 part=179 records=2 next_cursor=set
2026-03-16T13:35:42Z WARNING bsky_collector_v2.job.index_feed_generators: listRecords failed repo=did:plc:muk4b4elpfa7soqn2a4nbud6 err=HttpError('InvalidRequest: Could not find repo: did:plc:muk4b4elpfa7soqn2a4nbud6')
2026-03-16T13:35:55Z WARNING bsky_collector_v2.job.index_feed_generators: listRecords failed repo=did:plc:teufojbmter7k4st6caldie4 err=HttpError('InvalidRequest: Could not find repo: did:plc:teufojbmter7k4st6caldie4')
2026-03-16T13:36:11Z WARNING bsky_collector_v2.job.index_feed_generators: listRecords failed repo=did:plc:4sic5dgvwupfytrhsm3c4oui err=HttpError('InvalidRequest: Could not find repo: did:plc:4sic5dgvwupfytrhsm3c4oui')
2026-03-16T13:36:11Z WARNING bsky_collector_v2.job.index_feed_generators: listRecords failed repo=did:plc:d4b76slw37r57ok4jiniwz6w err=HttpError('InvalidRequest: Could not find repo: did:plc:d4b76slw37r57ok4jiniwz6w')
2026-03-16T13:36:11Z WARNING bsky_collector_v2.job.index_feed_generators: listRecords failed repo=did:plc:ff6dunaq4sre3jhwxiftijzr err=HttpError('InvalidRequest: Could not find repo: did:plc:ff6dunaq4sre3jhwxiftijzr')
2026-03-16T13:36:11Z WARNING bsky_collector_v2.job.index_feed_generators: listRecords failed repo=did:plc:frc7lkpqpjdinlcvmf4mgjvu err=HttpError('InvalidRequest: Could not find repo: did:plc:frc7lkpqpjdinlcvmf4mgjvu')
2026-03-16T13:36:11Z WARNING bsky_collector_v2.job.index_feed_generators: listRecords failed repo=did:plc:i4ixogckmi2glnx7up2r7aw7 err=HttpError('InvalidRequest: Could not find repo: did:plc:i4ixogckmi2glnx7up2r7aw7')
2026-03-16T13:36:11Z WARNING bsky_collector_v2.job.index_feed_generators: listRecords failed repo=did:plc:immfppdgfvzujxa7kuozfgoy err=HttpError('InvalidRequest: Could not find repo: did:plc:immfppdgfvzujxa7kuozfgoy')
2026-03-16T13:36:11Z WARNING bsky_collector_v2.job.index_feed_generators: listRecords failed repo=did:plc:k6p634xjthar6tq5uo2tpj4p err=HttpError('InvalidRequest: Could not find repo: did:plc:k6p634xjthar6tq5uo2tpj4p')
2026-03-16T13:36:11Z WARNING bsky_collector_v2.job.index_feed_generators: listRecords failed repo=did:plc:lyvsxq46yjd6tbz5i2xv44ms err=HttpError('InvalidRequest: Could not find repo: did:plc:lyvsxq46yjd6tbz5i2xv44ms')
2026-03-16T13:36:11Z WARNING bsky_collector_v2.job.index_feed_generators: listRecords failed repo=did:plc:muk4b4elpfa7soqn2a4nbud6 err=HttpError('InvalidRequest: Could not find repo: did:plc:muk4b4elpfa7soqn2a4nbud6')
2026-03-16T13:36:11Z WARNING bsky_collector_v2.job.index_feed_generators: listRecords failed repo=did:plc:teufojbmter7k4st6caldie4 err=HttpError('InvalidRequest: Could not find repo: did:plc:teufojbmter7k4st6caldie4')
2026-03-16T13:36:12Z WARNING bsky_collector_v2.job.index_feed_generators: listRecords failed repo=did:plc:4sic5dgvwupfytrhsm3c4oui err=HttpError('InvalidRequest: Could not find repo: did:plc:4sic5dgvwupfytrhsm3c4oui')
2026-03-16T13:36:12Z WARNING bsky_collector_v2.job.index_feed_generators: listRecords failed repo=did:plc:d4b76slw37r57ok4jiniwz6w err=HttpError('InvalidRequest: Could not find repo: did:plc:d4b76slw37r57ok4jiniwz6w')
2026-03-16T13:36:12Z WARNING bsky_collector_v2.job.index_feed_generators: listRecords failed repo=did:plc:ff6dunaq4sre3jhwxiftijzr err=HttpError('InvalidRequest: Could not find repo: did:plc:ff6dunaq4sre3jhwxiftijzr')
2026-03-16T13:36:12Z WARNING bsky_collector_v2.job.index_feed_generators: listRecords failed repo=did:plc:frc7lkpqpjdinlcvmf4mgjvu err=HttpError('InvalidRequest: Could not find repo: did:plc:frc7lkpqpjdinlcvmf4mgjvu')
2026-03-16T13:36:12Z WARNING bsky_collector_v2.job.index_feed_generators: listRecords failed repo=did:plc:i4ixogckmi2glnx7up2r7aw7 err=HttpError('InvalidRequest: Could not find repo: did:plc:i4ixogckmi2glnx7up2r7aw7')
2026-03-16T13:36:12Z WARNING bsky_collector_v2.job.index_feed_generators: listRecords failed repo=did:plc:immfppdgfvzujxa7kuozfgoy err=HttpError('InvalidRequest: Could not find repo: did:plc:immfppdgfvzujxa7kuozfgoy')
2026-03-16T13:36:12Z WARNING bsky_collector_v2.job.index_feed_generators: listRecords failed repo=did:plc:k6p634xjthar6tq5uo2tpj4p err=HttpError('InvalidRequest: Could not find repo: did:plc:k6p634xjthar6tq5uo2tpj4p')
2026-03-16T13:36:12Z WARNING bsky_collector_v2.job.index_feed_generators: listRecords failed repo=did:plc:lyvsxq46yjd6tbz5i2xv44ms err=HttpError('InvalidRequest: Could not find repo: did:plc:lyvsxq46yjd6tbz5i2xv44ms')
2026-03-16T13:36:12Z WARNING bsky_collector_v2.job.index_feed_generators: listRecords failed repo=did:plc:muk4b4elpfa7soqn2a4nbud6 err=HttpError('InvalidRequest: Could not find repo: did:plc:muk4b4elpfa7soqn2a4nbud6')
2026-03-16T13:36:12Z WARNING bsky_collector_v2.job.index_feed_generators: listRecords failed repo=did:plc:teufojbmter7k4st6caldie4 err=HttpError('InvalidRequest: Could not find repo: did:plc:teufojbmter7k4st6caldie4')
2026-03-16T13:36:13Z INFO bsky_collector_v2.job.index_feed_generators: enqueued repos page=30 mode=listRepos inserted=500 repos_returned=500 next_cursor=set
2026-03-16T13:36:14Z WARNING bsky_collector_v2.job.index_feed_generators: listRecords failed repo=did:plc:3f7l73kxacdphnfg6bon2kjq err=HttpError('InvalidRequest: Could not find repo: did:plc:3f7l73kxacdphnfg6bon2kjq')
2026-03-16T13:36:16Z WARNING bsky_collector_v2.job.index_feed_generators: listRecords failed repo=did:plc:4gzktzebq6vprewhir2cvm4p err=HttpError('InvalidRequest: Could not find repo: did:plc:4gzktzebq6vprewhir2cvm4p')
2026-03-16T13:36:18Z WARNING bsky_collector_v2.job.index_feed_generators: listRecords failed repo=did:plc:4y3otshps7epsbohlylmh7m4 err=HttpError('InvalidRequest: Could not find repo: did:plc:4y3otshps7epsbohlylmh7m4')
2026-03-16T13:36:36Z WARNING bsky_collector_v2.job.index_feed_generators: listRecords failed repo=did:plc:dei3einhqmpqx6daajvty3c4 err=HttpError('InvalidRequest: Could not find repo: did:plc:dei3einhqmpqx6daajvty3c4')
2026-03-16T13:36:40Z WARNING bsky_collector_v2.job.index_feed_generators: listRecords failed repo=did:plc:eyih6wxusl6fxtvsdhcstyxd err=HttpError('InvalidRequest: Could not find repo: did:plc:eyih6wxusl6fxtvsdhcstyxd')
2026-03-16T13:36:50Z WARNING bsky_collector_v2.job.index_feed_generators: listRecords failed repo=did:plc:i4dcfr5ex67l3zwthz4m5m4o err=HttpError('InvalidRequest: Could not find repo: did:plc:i4dcfr5ex67l3zwthz4m5m4o')
2026-03-16T13:36:51Z WARNING bsky_collector_v2.job.index_feed_generators: listRecords failed repo=did:plc:iadnvlnwiyqhegj6lmahxbus err=HttpError('InvalidRequest: Could not find repo: did:plc:iadnvlnwiyqhegj6lmahxbus')
2026-03-16T13:37:07Z WARNING bsky_collector_v2.job.index_feed_generators: listRecords failed repo=did:plc:pf3ocr57elddm3cxjnzm53gp err=HttpError('InvalidRequest: Could not find repo: did:plc:pf3ocr57elddm3cxjnzm53gp')
2026-03-16T13:37:34Z WARNING bsky_collector_v2.job.index_feed_generators: listRecords failed repo=did:plc:xbxrl7ysws3ey3gfjeqmcwvb err=HttpError('InvalidRequest: Could not find repo: did:plc:xbxrl7ysws3ey3gfjeqmcwvb')
2026-03-16T13:37:35Z WARNING bsky_collector_v2.job.index_feed_generators: listRecords failed repo=did:plc:xi3ryraxx6gn6ov3whrd3n7r err=HttpError('InvalidRequest: Could not find repo: did:plc:xi3ryraxx6gn6ov3whrd3n7r')
2026-03-16T13:37:52Z WARNING bsky_collector_v2.job.index_feed_generators: listRecords failed repo=did:plc:3f7l73kxacdphnfg6bon2kjq err=HttpError('InvalidRequest: Could not find repo: did:plc:3f7l73kxacdphnfg6bon2kjq')
2026-03-16T13:37:52Z WARNING bsky_collector_v2.job.index_feed_generators: listRecords failed repo=did:plc:4gzktzebq6vprewhir2cvm4p err=HttpError('InvalidRequest: Could not find repo: did:plc:4gzktzebq6vprewhir2cvm4p')
2026-03-16T13:37:52Z WARNING bsky_collector_v2.job.index_feed_generators: listRecords failed repo=did:plc:4y3otshps7epsbohlylmh7m4 err=HttpError('InvalidRequest: Could not find repo: did:plc:4y3otshps7epsbohlylmh7m4')
2026-03-16T13:37:52Z WARNING bsky_collector_v2.job.index_feed_generators: listRecords failed repo=did:plc:dei3einhqmpqx6daajvty3c4 err=HttpError('InvalidRequest: Could not find repo: did:plc:dei3einhqmpqx6daajvty3c4')
2026-03-16T13:37:52Z WARNING bsky_collector_v2.job.index_feed_generators: listRecords failed repo=did:plc:eyih6wxusl6fxtvsdhcstyxd err=HttpError('InvalidRequest: Could not find repo: did:plc:eyih6wxusl6fxtvsdhcstyxd')
2026-03-16T13:37:52Z WARNING bsky_collector_v2.job.index_feed_generators: listRecords failed repo=did:plc:i4dcfr5ex67l3zwthz4m5m4o err=HttpError('InvalidRequest: Could not find repo: did:plc:i4dcfr5ex67l3zwthz4m5m4o')
2026-03-16T13:37:52Z WARNING bsky_collector_v2.job.index_feed_generators: listRecords failed repo=did:plc:iadnvlnwiyqhegj6lmahxbus err=HttpError('InvalidRequest: Could not find repo: did:plc:iadnvlnwiyqhegj6lmahxbus')
2026-03-16T13:37:52Z WARNING bsky_collector_v2.job.index_feed_generators: listRecords failed repo=did:plc:pf3ocr57elddm3cxjnzm53gp err=HttpError('InvalidRequest: Could not find repo: did:plc:pf3ocr57elddm3cxjnzm53gp')
2026-03-16T13:37:52Z WARNING bsky_collector_v2.job.index_feed_generators: listRecords failed repo=did:plc:xbxrl7ysws3ey3gfjeqmcwvb err=HttpError('InvalidRequest: Could not find repo: did:plc:xbxrl7ysws3ey3gfjeqmcwvb')
2026-03-16T13:37:52Z WARNING bsky_collector_v2.job.index_feed_generators: listRecords failed repo=did:plc:xi3ryraxx6gn6ov3whrd3n7r err=HttpError('InvalidRequest: Could not find repo: did:plc:xi3ryraxx6gn6ov3whrd3n7r')
2026-03-16T13:37:52Z WARNING bsky_collector_v2.job.index_feed_generators: listRecords failed repo=did:plc:3f7l73kxacdphnfg6bon2kjq err=HttpError('InvalidRequest: Could not find repo: did:plc:3f7l73kxacdphnfg6bon2kjq')
2026-03-16T13:37:52Z WARNING bsky_collector_v2.job.index_feed_generators: listRecords failed repo=did:plc:4gzktzebq6vprewhir2cvm4p err=HttpError('InvalidRequest: Could not find repo: did:plc:4gzktzebq6vprewhir2cvm4p')
2026-03-16T13:37:52Z WARNING bsky_collector_v2.job.index_feed_generators: listRecords failed repo=did:plc:4y3otshps7epsbohlylmh7m4 err=HttpError('InvalidRequest: Could not find repo: did:plc:4y3otshps7epsbohlylmh7m4')
2026-03-16T13:37:53Z WARNING bsky_collector_v2.job.index_feed_generators: listRecords failed repo=did:plc:dei3einhqmpqx6daajvty3c4 err=HttpError('InvalidRequest: Could not find repo: did:plc:dei3einhqmpqx6daajvty3c4')
2026-03-16T13:37:53Z WARNING bsky_collector_v2.job.index_feed_generators: listRecords failed repo=did:plc:eyih6wxusl6fxtvsdhcstyxd err=HttpError('InvalidRequest: Could not find repo: did:plc:eyih6wxusl6fxtvsdhcstyxd')
2026-03-16T13:37:53Z WARNING bsky_collector_v2.job.index_feed_generators: listRecords failed repo=did:plc:i4dcfr5ex67l3zwthz4m5m4o err=HttpError('InvalidRequest: Could not find repo: did:plc:i4dcfr5ex67l3zwthz4m5m4o')
2026-03-16T13:37:53Z WARNING bsky_collector_v2.job.index_feed_generators: listRecords failed repo=did:plc:iadnvlnwiyqhegj6lmahxbus err=HttpError('InvalidRequest: Could not find repo: did:plc:iadnvlnwiyqhegj6lmahxbus')
2026-03-16T13:37:53Z WARNING bsky_collector_v2.job.index_feed_generators: listRecords failed repo=did:plc:pf3ocr57elddm3cxjnzm53gp err=HttpError('InvalidRequest: Could not find repo: did:plc:pf3ocr57elddm3cxjnzm53gp')
2026-03-16T13:37:53Z WARNING bsky_collector_v2.job.index_feed_generators: listRecords failed repo=did:plc:xbxrl7ysws3ey3gfjeqmcwvb err=HttpError('InvalidRequest: Could not find repo: did:plc:xbxrl7ysws3ey3gfjeqmcwvb')
2026-03-16T13:37:53Z WARNING bsky_collector_v2.job.index_feed_generators: listRecords failed repo=did:plc:xi3ryraxx6gn6ov3whrd3n7r err=HttpError('InvalidRequest: Could not find repo: did:plc:xi3ryraxx6gn6ov3whrd3n7r')
2026-03-16T13:37:54Z INFO bsky_collector_v2.job.index_feed_generators: enqueued repos page=31 mode=listRepos inserted=500 repos_returned=500 next_cursor=set
2026-03-16T13:38:07Z WARNING bsky_collector_v2.job.index_feed_generators: listRecords failed repo=did:plc:72xkcnznn2pnpqjuy3cdkwvz err=HttpError('InvalidRequest: Could not find repo: did:plc:72xkcnznn2pnpqjuy3cdkwvz')
2026-03-16T13:38:10Z INFO bsky_collector_v2.job.index_feed_generators: indexed repo=did:plc:af4e6q2iip3svxp2fwzalcc3 part=180 records=1 next_cursor=set
2026-03-16T13:38:42Z WARNING bsky_collector_v2.job.index_feed_generators: listRecords failed repo=did:plc:nuodkfprdvqapd7cibggujcr err=HttpError('InvalidRequest: Could not find repo: did:plc:nuodkfprdvqapd7cibggujcr')
2026-03-16T13:38:55Z WARNING bsky_collector_v2.job.index_feed_generators: listRecords failed repo=did:plc:t5vfptntqi7dbbj5epiiarzr err=HttpError('InvalidRequest: Could not find repo: did:plc:t5vfptntqi7dbbj5epiiarzr')
2026-03-16T13:39:10Z WARNING bsky_collector_v2.job.index_feed_generators: listRecords failed repo=did:web:stream.place err=HttpError('InvalidRequest: Could not find repo: did:web:stream.place')
2026-03-16T13:39:10Z WARNING bsky_collector_v2.job.index_feed_generators: listRecords failed repo=did:plc:72xkcnznn2pnpqjuy3cdkwvz err=HttpError('InvalidRequest: Could not find repo: did:plc:72xkcnznn2pnpqjuy3cdkwvz')
2026-03-16T13:39:10Z WARNING bsky_collector_v2.job.index_feed_generators: listRecords failed repo=did:plc:nuodkfprdvqapd7cibggujcr err=HttpError('InvalidRequest: Could not find repo: did:plc:nuodkfprdvqapd7cibggujcr')
2026-03-16T13:39:10Z WARNING bsky_collector_v2.job.index_feed_generators: listRecords failed repo=did:plc:t5vfptntqi7dbbj5epiiarzr err=HttpError('InvalidRequest: Could not find repo: did:plc:t5vfptntqi7dbbj5epiiarzr')
2026-03-16T13:39:10Z WARNING bsky_collector_v2.job.index_feed_generators: listRecords failed repo=did:web:stream.place err=HttpError('InvalidRequest: Could not find repo: did:web:stream.place')
2026-03-16T13:39:10Z WARNING bsky_collector_v2.job.index_feed_generators: listRecords failed repo=did:plc:72xkcnznn2pnpqjuy3cdkwvz err=HttpError('InvalidRequest: Could not find repo: did:plc:72xkcnznn2pnpqjuy3cdkwvz')
2026-03-16T13:39:10Z WARNING bsky_collector_v2.job.index_feed_generators: listRecords failed repo=did:plc:nuodkfprdvqapd7cibggujcr err=HttpError('InvalidRequest: Could not find repo: did:plc:nuodkfprdvqapd7cibggujcr')
2026-03-16T13:39:10Z WARNING bsky_collector_v2.job.index_feed_generators: listRecords failed repo=did:plc:t5vfptntqi7dbbj5epiiarzr err=HttpError('InvalidRequest: Could not find repo: did:plc:t5vfptntqi7dbbj5epiiarzr')
2026-03-16T13:39:10Z WARNING bsky_collector_v2.job.index_feed_generators: listRecords failed repo=did:web:stream.place err=HttpError('InvalidRequest: Could not find repo: did:web:stream.place')
2026-03-16T13:39:11Z INFO bsky_collector_v2.job.index_feed_generators: enqueued repos page=32 mode=listRepos inserted=500 repos_returned=500 next_cursor=set
2026-03-16T13:39:24Z WARNING bsky_collector_v2.job.index_feed_generators: listRecords failed repo=did:plc:7ayt6okobyz6aqqzwi7l5ld6 err=HttpError('InvalidRequest: Could not find repo: did:plc:7ayt6okobyz6aqqzwi7l5ld6')
2026-03-16T13:39:27Z WARNING bsky_collector_v2.job.index_feed_generators: listRecords failed repo=did:plc:ahrse5uo5xcjam26kzbptmgw err=HttpError('InvalidRequest: Could not find repo: did:plc:ahrse5uo5xcjam26kzbptmgw')
2026-03-16T13:39:27Z WARNING bsky_collector_v2.job.index_feed_generators: listRecords failed repo=did:plc:akwwrdar2xon5xirwllk3sbt err=HttpError('InvalidRequest: Could not find repo: did:plc:akwwrdar2xon5xirwllk3sbt')
2026-03-16T13:40:14Z INFO bsky_collector_v2.job.index_feed_generators: indexed repo=did:plc:oxorvek4jilw6yidiplfk543 part=181 records=1 next_cursor=set
2026-03-16T13:40:20Z WARNING bsky_collector_v2.job.index_feed_generators: listRecords failed repo=did:plc:qq7doyqcjm5wsw5tnehqfxvo err=HttpError('InvalidRequest: Could not find repo: did:plc:qq7doyqcjm5wsw5tnehqfxvo')
2026-03-16T13:40:53Z WARNING bsky_collector_v2.job.index_feed_generators: listRecords failed repo=did:plc:7ayt6okobyz6aqqzwi7l5ld6 err=HttpError('InvalidRequest: Could not find repo: did:plc:7ayt6okobyz6aqqzwi7l5ld6')
2026-03-16T13:40:53Z WARNING bsky_collector_v2.job.index_feed_generators: listRecords failed repo=did:plc:ahrse5uo5xcjam26kzbptmgw err=HttpError('InvalidRequest: Could not find repo: did:plc:ahrse5uo5xcjam26kzbptmgw')
2026-03-16T13:40:53Z WARNING bsky_collector_v2.job.index_feed_generators: listRecords failed repo=did:plc:akwwrdar2xon5xirwllk3sbt err=HttpError('InvalidRequest: Could not find repo: did:plc:akwwrdar2xon5xirwllk3sbt')
2026-03-16T13:40:54Z WARNING bsky_collector_v2.job.index_feed_generators: listRecords failed repo=did:plc:qq7doyqcjm5wsw5tnehqfxvo err=HttpError('InvalidRequest: Could not find repo: did:plc:qq7doyqcjm5wsw5tnehqfxvo')
2026-03-16T13:40:54Z WARNING bsky_collector_v2.job.index_feed_generators: listRecords failed repo=did:plc:7ayt6okobyz6aqqzwi7l5ld6 err=HttpError('InvalidRequest: Could not find repo: did:plc:7ayt6okobyz6aqqzwi7l5ld6')
2026-03-16T13:40:54Z WARNING bsky_collector_v2.job.index_feed_generators: listRecords failed repo=did:plc:ahrse5uo5xcjam26kzbptmgw err=HttpError('InvalidRequest: Could not find repo: did:plc:ahrse5uo5xcjam26kzbptmgw')
2026-03-16T13:40:54Z WARNING bsky_collector_v2.job.index_feed_generators: listRecords failed repo=did:plc:akwwrdar2xon5xirwllk3sbt err=HttpError('InvalidRequest: Could not find repo: did:plc:akwwrdar2xon5xirwllk3sbt')
2026-03-16T13:40:54Z WARNING bsky_collector_v2.job.index_feed_generators: listRecords failed repo=did:plc:qq7doyqcjm5wsw5tnehqfxvo err=HttpError('InvalidRequest: Could not find repo: did:plc:qq7doyqcjm5wsw5tnehqfxvo')
2026-03-16T13:40:54Z INFO bsky_collector_v2.job.index_feed_generators: enqueued repos page=33 mode=listRepos inserted=500 repos_returned=500 next_cursor=set
2026-03-16T13:41:37Z WARNING bsky_collector_v2.job.index_feed_generators: listRecords failed repo=did:plc:jwb5rhyrevvj4xcnjg7hum7h err=HttpError('InvalidRequest: Could not find repo: did:plc:jwb5rhyrevvj4xcnjg7hum7h')
2026-03-16T13:41:51Z WARNING bsky_collector_v2.job.index_feed_generators: listRecords failed repo=did:plc:mdh2g33qjh2yf2yv3j3segaq err=HttpError('InvalidRequest: Could not find repo: did:plc:mdh2g33qjh2yf2yv3j3segaq')
2026-03-16T13:42:12Z WARNING bsky_collector_v2.job.index_feed_generators: listRecords failed repo=did:plc:un33wakm4wvcpftlikwz6goh err=HttpError('InvalidRequest: Could not find repo: did:plc:un33wakm4wvcpftlikwz6goh')
2026-03-16T13:42:24Z WARNING bsky_collector_v2.job.index_feed_generators: listRecords failed repo=did:plc:wwslyk6fzwwr42stynfkqavw err=HttpError('InvalidRequest: Could not find repo: did:plc:wwslyk6fzwwr42stynfkqavw')
2026-03-16T13:42:35Z WARNING bsky_collector_v2.job.index_feed_generators: listRecords failed repo=did:plc:jwb5rhyrevvj4xcnjg7hum7h err=HttpError('InvalidRequest: Could not find repo: did:plc:jwb5rhyrevvj4xcnjg7hum7h')
2026-03-16T13:42:35Z WARNING bsky_collector_v2.job.index_feed_generators: listRecords failed repo=did:plc:mdh2g33qjh2yf2yv3j3segaq err=HttpError('InvalidRequest: Could not find repo: did:plc:mdh2g33qjh2yf2yv3j3segaq')
2026-03-16T13:42:35Z WARNING bsky_collector_v2.job.index_feed_generators: listRecords failed repo=did:plc:un33wakm4wvcpftlikwz6goh err=HttpError('InvalidRequest: Could not find repo: did:plc:un33wakm4wvcpftlikwz6goh')
2026-03-16T13:42:35Z WARNING bsky_collector_v2.job.index_feed_generators: listRecords failed repo=did:plc:wwslyk6fzwwr42stynfkqavw err=HttpError('InvalidRequest: Could not find repo: did:plc:wwslyk6fzwwr42stynfkqavw')
2026-03-16T13:42:35Z WARNING bsky_collector_v2.job.index_feed_generators: listRecords failed repo=did:plc:jwb5rhyrevvj4xcnjg7hum7h err=HttpError('InvalidRequest: Could not find repo: did:plc:jwb5rhyrevvj4xcnjg7hum7h')
2026-03-16T13:42:35Z WARNING bsky_collector_v2.job.index_feed_generators: listRecords failed repo=did:plc:mdh2g33qjh2yf2yv3j3segaq err=HttpError('InvalidRequest: Could not find repo: did:plc:mdh2g33qjh2yf2yv3j3segaq')
2026-03-16T13:42:35Z WARNING bsky_collector_v2.job.index_feed_generators: listRecords failed repo=did:plc:un33wakm4wvcpftlikwz6goh err=HttpError('InvalidRequest: Could not find repo: did:plc:un33wakm4wvcpftlikwz6goh')
2026-03-16T13:42:35Z WARNING bsky_collector_v2.job.index_feed_generators: listRecords failed repo=did:plc:wwslyk6fzwwr42stynfkqavw err=HttpError('InvalidRequest: Could not find repo: did:plc:wwslyk6fzwwr42stynfkqavw')
2026-03-16T13:42:36Z INFO bsky_collector_v2.job.index_feed_generators: enqueued repos page=34 mode=listRepos inserted=500 repos_returned=500 next_cursor=set
2026-03-16T13:42:43Z WARNING bsky_collector_v2.job.index_feed_generators: listRecords failed repo=did:plc:4pqtvczflkmncchz6pfjn5or err=HttpError('InvalidRequest: Could not find repo: did:plc:4pqtvczflkmncchz6pfjn5or')
2026-03-16T13:42:54Z WARNING bsky_collector_v2.job.index_feed_generators: listRecords failed repo=did:plc:b7jgwdf5l3uqjcl4jgwnza74 err=HttpError('InvalidRequest: Could not find repo: did:plc:b7jgwdf5l3uqjcl4jgwnza74')
2026-03-16T13:43:07Z WARNING bsky_collector_v2.job.index_feed_generators: listRecords failed repo=did:plc:gifnildqip4y7xj3k4bjbsks err=HttpError('InvalidRequest: Could not find repo: did:plc:gifnildqip4y7xj3k4bjbsks')
2026-03-16T13:43:41Z WARNING bsky_collector_v2.job.index_feed_generators: listRecords failed repo=did:plc:rm6lgr3xv6pbnij346lvz4fu err=HttpError('InvalidRequest: Could not find repo: did:plc:rm6lgr3xv6pbnij346lvz4fu')
2026-03-16T13:44:06Z WARNING bsky_collector_v2.job.index_feed_generators: listRecords failed repo=did:plc:4pqtvczflkmncchz6pfjn5or err=HttpError('InvalidRequest: Could not find repo: did:plc:4pqtvczflkmncchz6pfjn5or')
2026-03-16T13:44:06Z WARNING bsky_collector_v2.job.index_feed_generators: listRecords failed repo=did:plc:b7jgwdf5l3uqjcl4jgwnza74 err=HttpError('InvalidRequest: Could not find repo: did:plc:b7jgwdf5l3uqjcl4jgwnza74')
2026-03-16T13:44:06Z WARNING bsky_collector_v2.job.index_feed_generators: listRecords failed repo=did:plc:gifnildqip4y7xj3k4bjbsks err=HttpError('InvalidRequest: Could not find repo: did:plc:gifnildqip4y7xj3k4bjbsks')
2026-03-16T13:44:06Z WARNING bsky_collector_v2.job.index_feed_generators: listRecords failed repo=did:plc:rm6lgr3xv6pbnij346lvz4fu err=HttpError('InvalidRequest: Could not find repo: did:plc:rm6lgr3xv6pbnij346lvz4fu')
2026-03-16T13:44:06Z WARNING bsky_collector_v2.job.index_feed_generators: listRecords failed repo=did:plc:4pqtvczflkmncchz6pfjn5or err=HttpError('InvalidRequest: Could not find repo: did:plc:4pqtvczflkmncchz6pfjn5or')
2026-03-16T13:44:06Z WARNING bsky_collector_v2.job.index_feed_generators: listRecords failed repo=did:plc:b7jgwdf5l3uqjcl4jgwnza74 err=HttpError('InvalidRequest: Could not find repo: did:plc:b7jgwdf5l3uqjcl4jgwnza74')
2026-03-16T13:44:06Z WARNING bsky_collector_v2.job.index_feed_generators: listRecords failed repo=did:plc:gifnildqip4y7xj3k4bjbsks err=HttpError('InvalidRequest: Could not find repo: did:plc:gifnildqip4y7xj3k4bjbsks')
2026-03-16T13:44:06Z WARNING bsky_collector_v2.job.index_feed_generators: listRecords failed repo=did:plc:rm6lgr3xv6pbnij346lvz4fu err=HttpError('InvalidRequest: Could not find repo: did:plc:rm6lgr3xv6pbnij346lvz4fu')
2026-03-16T13:44:07Z INFO bsky_collector_v2.job.index_feed_generators: enqueued repos page=35 mode=listRepos inserted=500 repos_returned=500 next_cursor=set
2026-03-16T13:44:30Z WARNING bsky_collector_v2.job.index_feed_generators: listRecords failed repo=did:plc:dztr3n3jxciek4g2z6y6qaml err=HttpError('InvalidRequest: Could not find repo: did:plc:dztr3n3jxciek4g2z6y6qaml')
2026-03-16T13:44:42Z WARNING bsky_collector_v2.job.index_feed_generators: listRecords failed repo=did:plc:iiehhzrftuhyqb3b237gej7j err=HttpError('InvalidRequest: Could not find repo: did:plc:iiehhzrftuhyqb3b237gej7j')
2026-03-16T13:44:43Z WARNING bsky_collector_v2.job.index_feed_generators: listRecords failed repo=did:plc:ijl5xc6ecjt2yrmczaeb7uqe err=HttpError('InvalidRequest: Could not find repo: did:plc:ijl5xc6ecjt2yrmczaeb7uqe')
2026-03-16T13:44:49Z WARNING bsky_collector_v2.job.index_feed_generators: listRecords failed repo=did:plc:l6o3jnrahnuml4d45yzyu62n err=HttpError('InvalidRequest: Could not find repo: did:plc:l6o3jnrahnuml4d45yzyu62n')
2026-03-16T13:44:59Z WARNING bsky_collector_v2.job.index_feed_generators: listRecords failed repo=did:plc:psx6cmjr6d3577am56botgv6 err=HttpError('InvalidRequest: Could not find repo: did:plc:psx6cmjr6d3577am56botgv6')
2026-03-16T13:45:25Z WARNING bsky_collector_v2.job.index_feed_generators: listRecords failed repo=did:plc:dztr3n3jxciek4g2z6y6qaml err=HttpError('InvalidRequest: Could not find repo: did:plc:dztr3n3jxciek4g2z6y6qaml')
2026-03-16T13:45:25Z WARNING bsky_collector_v2.job.index_feed_generators: listRecords failed repo=did:plc:iiehhzrftuhyqb3b237gej7j err=HttpError('InvalidRequest: Could not find repo: did:plc:iiehhzrftuhyqb3b237gej7j')
2026-03-16T13:45:25Z WARNING bsky_collector_v2.job.index_feed_generators: listRecords failed repo=did:plc:ijl5xc6ecjt2yrmczaeb7uqe err=HttpError('InvalidRequest: Could not find repo: did:plc:ijl5xc6ecjt2yrmczaeb7uqe')
2026-03-16T13:45:25Z WARNING bsky_collector_v2.job.index_feed_generators: listRecords failed repo=did:plc:l6o3jnrahnuml4d45yzyu62n err=HttpError('InvalidRequest: Could not find repo: did:plc:l6o3jnrahnuml4d45yzyu62n')
2026-03-16T13:45:25Z WARNING bsky_collector_v2.job.index_feed_generators: listRecords failed repo=did:plc:psx6cmjr6d3577am56botgv6 err=HttpError('InvalidRequest: Could not find repo: did:plc:psx6cmjr6d3577am56botgv6')
2026-03-16T13:45:25Z WARNING bsky_collector_v2.job.index_feed_generators: listRecords failed repo=did:plc:dztr3n3jxciek4g2z6y6qaml err=HttpError('InvalidRequest: Could not find repo: did:plc:dztr3n3jxciek4g2z6y6qaml')
2026-03-16T13:45:25Z WARNING bsky_collector_v2.job.index_feed_generators: listRecords failed repo=did:plc:iiehhzrftuhyqb3b237gej7j err=HttpError('InvalidRequest: Could not find repo: did:plc:iiehhzrftuhyqb3b237gej7j')
2026-03-16T13:45:25Z WARNING bsky_collector_v2.job.index_feed_generators: listRecords failed repo=did:plc:ijl5xc6ecjt2yrmczaeb7uqe err=HttpError('InvalidRequest: Could not find repo: did:plc:ijl5xc6ecjt2yrmczaeb7uqe')
2026-03-16T13:45:25Z WARNING bsky_collector_v2.job.index_feed_generators: listRecords failed repo=did:plc:l6o3jnrahnuml4d45yzyu62n err=HttpError('InvalidRequest: Could not find repo: did:plc:l6o3jnrahnuml4d45yzyu62n')
2026-03-16T13:45:25Z WARNING bsky_collector_v2.job.index_feed_generators: listRecords failed repo=did:plc:psx6cmjr6d3577am56botgv6 err=HttpError('InvalidRequest: Could not find repo: did:plc:psx6cmjr6d3577am56botgv6')
2026-03-16T13:45:26Z INFO bsky_collector_v2.job.index_feed_generators: enqueued repos page=36 mode=listRepos inserted=500 repos_returned=500 next_cursor=set
2026-03-16T13:45:44Z WARNING bsky_collector_v2.job.index_feed_generators: listRecords failed repo=did:plc:cc2reuzqhrotks4wh5j2uiuq err=HttpError('InvalidRequest: Could not find repo: did:plc:cc2reuzqhrotks4wh5j2uiuq')
2026-03-16T13:46:43Z WARNING bsky_collector_v2.job.index_feed_generators: listRecords failed repo=did:plc:cc2reuzqhrotks4wh5j2uiuq err=HttpError('InvalidRequest: Could not find repo: did:plc:cc2reuzqhrotks4wh5j2uiuq')
2026-03-16T13:46:43Z WARNING bsky_collector_v2.job.index_feed_generators: listRecords failed repo=did:plc:cc2reuzqhrotks4wh5j2uiuq err=HttpError('InvalidRequest: Could not find repo: did:plc:cc2reuzqhrotks4wh5j2uiuq')
2026-03-16T13:46:43Z INFO bsky_collector_v2.job.index_feed_generators: enqueued repos page=37 mode=listRepos inserted=500 repos_returned=500 next_cursor=set
2026-03-16T13:46:52Z WARNING bsky_collector_v2.job.index_feed_generators: listRecords failed repo=did:plc:6cyknriw7lm6iridigmglag5 err=HttpError('InvalidRequest: Could not find repo: did:plc:6cyknriw7lm6iridigmglag5')
