2026-03-05T09:24:54Z INFO bsky_collector_v2: out_base ok path=D:\BlueSky\data_v2_full mount=D:\
2026-03-05T09:24:54Z INFO bsky_collector_v2: job start subcommand=index-feed-generators dry_run=False resume=True
2026-03-05T09:24:55Z INFO bsky_collector_v2.job.index_feed_generators: feed generator index hosts relay_host=https://bsky.network records_host=https://bsky.social auth=yes
2026-03-05T09:26:02Z WARNING bsky_collector_v2.job.index_feed_generators: listRecords failed repo=did:plc:uryddviubqq5ve2hanurglrt err=HttpError('InvalidRequest: Could not find repo: did:plc:uryddviubqq5ve2hanurglrt')
2026-03-05T09:26:25Z WARNING bsky_collector_v2.job.index_feed_generators: listRecords failed repo=did:plc:uryddviubqq5ve2hanurglrt err=HttpError('InvalidRequest: Could not find repo: did:plc:uryddviubqq5ve2hanurglrt')
2026-03-05T09:26:25Z WARNING bsky_collector_v2.job.index_feed_generators: listRecords failed repo=did:plc:uryddviubqq5ve2hanurglrt err=HttpError('InvalidRequest: Could not find repo: did:plc:uryddviubqq5ve2hanurglrt')
2026-03-05T09:26:26Z INFO bsky_collector_v2.job.index_feed_generators: enqueued repos page=1 mode=listRepos inserted=500 repos_returned=500 next_cursor=set
2026-03-05T09:27:26Z WARNING bsky_collector_v2.job.index_feed_generators: listRecords failed repo=did:plc:m4ejxyzn7y225bdycjjmss2w err=HttpError('InvalidRequest: Could not find repo: did:plc:m4ejxyzn7y225bdycjjmss2w')
2026-03-05T09:28:12Z WARNING bsky_collector_v2.job.index_feed_generators: listRecords failed repo=did:plc:m4ejxyzn7y225bdycjjmss2w err=HttpError('InvalidRequest: Could not find repo: did:plc:m4ejxyzn7y225bdycjjmss2w')
2026-03-05T09:28:12Z WARNING bsky_collector_v2.job.index_feed_generators: listRecords failed repo=did:plc:m4ejxyzn7y225bdycjjmss2w err=HttpError('InvalidRequest: Could not find repo: did:plc:m4ejxyzn7y225bdycjjmss2w')
2026-03-05T09:28:12Z INFO bsky_collector_v2.job.index_feed_generators: enqueued repos page=2 mode=listRepos inserted=500 repos_returned=500 next_cursor=set
2026-03-05T09:28:41Z WARNING bsky_collector_v2.job.index_feed_generators: listRecords failed repo=did:plc:cposd2qe5gzl2nvkbxqiupy5 err=HttpError('InvalidRequest: Could not find repo: did:plc:cposd2qe5gzl2nvkbxqiupy5')
2026-03-05T09:29:52Z WARNING bsky_collector_v2.job.index_feed_generators: listRecords failed repo=did:plc:wfefxyrba6avvj4tb4majtu4 err=HttpError('InvalidRequest: Could not find repo: did:plc:wfefxyrba6avvj4tb4majtu4')
2026-03-05T09:30:05Z WARNING bsky_collector_v2.job.index_feed_generators: listRecords failed repo=did:plc:cposd2qe5gzl2nvkbxqiupy5 err=HttpError('InvalidRequest: Could not find repo: did:plc:cposd2qe5gzl2nvkbxqiupy5')
2026-03-05T09:30:05Z WARNING bsky_collector_v2.job.index_feed_generators: listRecords failed repo=did:plc:wfefxyrba6avvj4tb4majtu4 err=HttpError('InvalidRequest: Could not find repo: did:plc:wfefxyrba6avvj4tb4majtu4')
2026-03-05T09:30:05Z WARNING bsky_collector_v2.job.index_feed_generators: listRecords failed repo=did:plc:cposd2qe5gzl2nvkbxqiupy5 err=HttpError('InvalidRequest: Could not find repo: did:plc:cposd2qe5gzl2nvkbxqiupy5')
2026-03-05T09:30:06Z WARNING bsky_collector_v2.job.index_feed_generators: listRecords failed repo=did:plc:wfefxyrba6avvj4tb4majtu4 err=HttpError('InvalidRequest: Could not find repo: did:plc:wfefxyrba6avvj4tb4majtu4')
2026-03-05T09:30:06Z INFO bsky_collector_v2.job.index_feed_generators: enqueued repos page=3 mode=listRepos inserted=500 repos_returned=500 next_cursor=set
2026-03-05T09:30:34Z INFO bsky_collector_v2.job.index_feed_generators: indexed repo=did:plc:bupfzm7sxoc2y3rubf6f7etr part=205 records=1 next_cursor=set
2026-03-05T09:31:13Z INFO bsky_collector_v2.job.index_feed_generators: indexed repo=did:plc:ovxhzhpvtmljeqjyhlovi6rp part=206 records=1 next_cursor=set
2026-03-05T09:31:34Z INFO bsky_collector_v2.job.index_feed_generators: indexed repo=did:plc:vw3rvn4hsg2vbntij7ifopvm part=207 records=2 next_cursor=set
2026-03-05T09:31:35Z WARNING bsky_collector_v2.job.index_feed_generators: listRecords failed repo=did:plc:w75yiuo3jdf5reheu536d3f2 err=HttpError('InvalidRequest: Could not find repo: did:plc:w75yiuo3jdf5reheu536d3f2')
2026-03-05T09:31:45Z WARNING bsky_collector_v2.job.index_feed_generators: listRecords failed repo=did:plc:w75yiuo3jdf5reheu536d3f2 err=HttpError('InvalidRequest: Could not find repo: did:plc:w75yiuo3jdf5reheu536d3f2')
2026-03-05T09:31:45Z WARNING bsky_collector_v2.job.index_feed_generators: listRecords failed repo=did:plc:w75yiuo3jdf5reheu536d3f2 err=HttpError('InvalidRequest: Could not find repo: did:plc:w75yiuo3jdf5reheu536d3f2')
2026-03-05T09:31:46Z INFO bsky_collector_v2.job.index_feed_generators: enqueued repos page=4 mode=listRepos inserted=500 repos_returned=500 next_cursor=set
2026-03-05T09:32:01Z INFO bsky_collector_v2.job.index_feed_generators: indexed repo=did:plc:6fjvucdxbodixgieygirtxyg part=208 records=3 next_cursor=set
2026-03-05T09:33:26Z INFO bsky_collector_v2.job.index_feed_generators: enqueued repos page=5 mode=listRepos inserted=500 repos_returned=500 next_cursor=set
2026-03-05T09:34:12Z INFO bsky_collector_v2.job.index_feed_generators: indexed repo=did:plc:ip5772bhsq2gv6k5ysl6fq6q part=209 records=1 next_cursor=set
2026-03-05T09:34:13Z WARNING bsky_collector_v2.job.index_feed_generators: listRecords failed repo=did:plc:iyatyec7otn4xakbelex775q err=HttpError('InvalidRequest: Could not find repo: did:plc:iyatyec7otn4xakbelex775q')
2026-03-05T09:35:01Z WARNING bsky_collector_v2.job.index_feed_generators: listRecords failed repo=did:plc:xva3ywz2k6crysnpn6kxxeaa err=HttpError('InvalidRequest: Could not find repo: did:plc:xva3ywz2k6crysnpn6kxxeaa')
2026-03-05T09:35:09Z WARNING bsky_collector_v2.job.index_feed_generators: listRecords failed repo=did:plc:iyatyec7otn4xakbelex775q err=HttpError('InvalidRequest: Could not find repo: did:plc:iyatyec7otn4xakbelex775q')
2026-03-05T09:35:09Z WARNING bsky_collector_v2.job.index_feed_generators: listRecords failed repo=did:plc:xva3ywz2k6crysnpn6kxxeaa err=HttpError('InvalidRequest: Could not find repo: did:plc:xva3ywz2k6crysnpn6kxxeaa')
2026-03-05T09:35:09Z WARNING bsky_collector_v2.job.index_feed_generators: listRecords failed repo=did:plc:iyatyec7otn4xakbelex775q err=HttpError('InvalidRequest: Could not find repo: did:plc:iyatyec7otn4xakbelex775q')
2026-03-05T09:35:09Z WARNING bsky_collector_v2.job.index_feed_generators: listRecords failed repo=did:plc:xva3ywz2k6crysnpn6kxxeaa err=HttpError('InvalidRequest: Could not find repo: did:plc:xva3ywz2k6crysnpn6kxxeaa')
2026-03-05T09:35:10Z INFO bsky_collector_v2.job.index_feed_generators: enqueued repos page=6 mode=listRepos inserted=500 repos_returned=500 next_cursor=set
2026-03-05T09:35:30Z INFO bsky_collector_v2.job.index_feed_generators: indexed repo=did:plc:7iad6kkip3ixvcerdyzwsf4j part=210 records=1 next_cursor=set
2026-03-05T09:35:50Z WARNING bsky_collector_v2.job.index_feed_generators: listRecords failed repo=did:plc:g5x2hrsoej52xtcwb2xrxlzz err=HttpError('InvalidRequest: Could not find repo: did:plc:g5x2hrsoej52xtcwb2xrxlzz')
2026-03-05T09:35:58Z WARNING bsky_collector_v2.job.index_feed_generators: listRecords failed repo=did:plc:kbfuw3lvootojpns4am2chc4 err=HttpError('InvalidRequest: Could not find repo: did:plc:kbfuw3lvootojpns4am2chc4')
2026-03-05T09:36:25Z INFO bsky_collector_v2.job.index_feed_generators: indexed repo=did:plc:uxj6evbxn37acyl7rfj6nq7g part=211 records=1 next_cursor=set
2026-03-05T09:36:43Z WARNING bsky_collector_v2.job.index_feed_generators: listRecords failed repo=did:plc:g5x2hrsoej52xtcwb2xrxlzz err=HttpError('InvalidRequest: Could not find repo: did:plc:g5x2hrsoej52xtcwb2xrxlzz')
2026-03-05T09:36:44Z WARNING bsky_collector_v2.job.index_feed_generators: listRecords failed repo=did:plc:kbfuw3lvootojpns4am2chc4 err=HttpError('InvalidRequest: Could not find repo: did:plc:kbfuw3lvootojpns4am2chc4')
2026-03-05T09:36:44Z WARNING bsky_collector_v2.job.index_feed_generators: listRecords failed repo=did:plc:g5x2hrsoej52xtcwb2xrxlzz err=HttpError('InvalidRequest: Could not find repo: did:plc:g5x2hrsoej52xtcwb2xrxlzz')
2026-03-05T09:36:45Z WARNING bsky_collector_v2.job.index_feed_generators: listRecords failed repo=did:plc:kbfuw3lvootojpns4am2chc4 err=HttpError('InvalidRequest: Could not find repo: did:plc:kbfuw3lvootojpns4am2chc4')
2026-03-05T09:36:45Z INFO bsky_collector_v2.job.index_feed_generators: enqueued repos page=7 mode=listRepos inserted=500 repos_returned=500 next_cursor=set
2026-03-05T09:37:05Z WARNING bsky_collector_v2.job.index_feed_generators: listRecords failed repo=did:plc:6ey46w7ej5o535kcsgiuhhwv err=HttpError('InvalidRequest: Could not find repo: did:plc:6ey46w7ej5o535kcsgiuhhwv')
2026-03-05T09:37:15Z WARNING bsky_collector_v2.job.index_feed_generators: listRecords failed repo=did:plc:befdsh3fhqyxicssfifedjut err=HttpError('InvalidRequest: Could not find repo: did:plc:befdsh3fhqyxicssfifedjut')
2026-03-05T09:37:23Z WARNING bsky_collector_v2.job.index_feed_generators: listRecords failed repo=did:plc:dsqxiruhlgry56obnggisztt err=HttpError('InvalidRequest: Could not find repo: did:plc:dsqxiruhlgry56obnggisztt')
2026-03-05T09:37:52Z WARNING bsky_collector_v2.job.index_feed_generators: listRecords failed repo=did:plc:nzznkjuk3dtmbvxkyrly5t5z err=HttpError('InvalidRequest: Could not find repo: did:plc:nzznkjuk3dtmbvxkyrly5t5z')
2026-03-05T09:38:29Z WARNING bsky_collector_v2.job.index_feed_generators: listRecords failed repo=did:plc:6ey46w7ej5o535kcsgiuhhwv err=HttpError('InvalidRequest: Could not find repo: did:plc:6ey46w7ej5o535kcsgiuhhwv')
2026-03-05T09:38:29Z WARNING bsky_collector_v2.job.index_feed_generators: listRecords failed repo=did:plc:befdsh3fhqyxicssfifedjut err=HttpError('InvalidRequest: Could not find repo: did:plc:befdsh3fhqyxicssfifedjut')
2026-03-05T09:38:29Z WARNING bsky_collector_v2.job.index_feed_generators: listRecords failed repo=did:plc:dsqxiruhlgry56obnggisztt err=HttpError('InvalidRequest: Could not find repo: did:plc:dsqxiruhlgry56obnggisztt')
2026-03-05T09:38:29Z WARNING bsky_collector_v2.job.index_feed_generators: listRecords failed repo=did:plc:nzznkjuk3dtmbvxkyrly5t5z err=HttpError('InvalidRequest: Could not find repo: did:plc:nzznkjuk3dtmbvxkyrly5t5z')
2026-03-05T09:38:29Z WARNING bsky_collector_v2.job.index_feed_generators: listRecords failed repo=did:plc:6ey46w7ej5o535kcsgiuhhwv err=HttpError('InvalidRequest: Could not find repo: did:plc:6ey46w7ej5o535kcsgiuhhwv')
2026-03-05T09:38:29Z WARNING bsky_collector_v2.job.index_feed_generators: listRecords failed repo=did:plc:befdsh3fhqyxicssfifedjut err=HttpError('InvalidRequest: Could not find repo: did:plc:befdsh3fhqyxicssfifedjut')
2026-03-05T09:38:29Z WARNING bsky_collector_v2.job.index_feed_generators: listRecords failed repo=did:plc:dsqxiruhlgry56obnggisztt err=HttpError('InvalidRequest: Could not find repo: did:plc:dsqxiruhlgry56obnggisztt')
2026-03-05T09:38:29Z WARNING bsky_collector_v2.job.index_feed_generators: listRecords failed repo=did:plc:nzznkjuk3dtmbvxkyrly5t5z err=HttpError('InvalidRequest: Could not find repo: did:plc:nzznkjuk3dtmbvxkyrly5t5z')
2026-03-05T09:38:30Z INFO bsky_collector_v2.job.index_feed_generators: enqueued repos page=8 mode=listRepos inserted=500 repos_returned=500 next_cursor=set
2026-03-05T09:38:32Z INFO bsky_collector_v2.job.index_feed_generators: indexed repo=did:plc:2rn7o3k4vgyretxytwyj53zc part=212 records=1 next_cursor=set
2026-03-05T09:38:40Z INFO bsky_collector_v2.job.index_feed_generators: indexed repo=did:plc:5esoxq4ji6px7w3fm3ciqj3j part=213 records=1 next_cursor=set
2026-03-05T09:39:09Z INFO bsky_collector_v2.job.index_feed_generators: indexed repo=did:plc:hhadavxcptxwkx6eh35i5dlm part=214 records=1 next_cursor=set
2026-03-05T09:39:28Z WARNING bsky_collector_v2.job.index_feed_generators: listRecords failed repo=did:plc:mrtq7gcbegwrhgelbqitncqv err=HttpError('InvalidRequest: Could not find repo: did:plc:mrtq7gcbegwrhgelbqitncqv')
2026-03-05T09:39:48Z WARNING bsky_collector_v2.job.index_feed_generators: listRecords failed repo=did:plc:slsbnfetlcxqg3tgpittsabk err=HttpError('InvalidRequest: Could not find repo: did:plc:slsbnfetlcxqg3tgpittsabk')
2026-03-05T09:39:59Z WARNING bsky_collector_v2.job.index_feed_generators: listRecords failed repo=did:plc:wawya6gmchjflbwp4khk6mhw err=HttpError('InvalidRequest: Could not find repo: did:plc:wawya6gmchjflbwp4khk6mhw')
2026-03-05T09:40:02Z WARNING bsky_collector_v2.job.index_feed_generators: listRecords failed repo=did:plc:xvxhzr2tfzk6xjudgndr6vgi err=HttpError('InvalidRequest: Could not find repo: did:plc:xvxhzr2tfzk6xjudgndr6vgi')
2026-03-05T09:40:09Z WARNING bsky_collector_v2.job.index_feed_generators: listRecords failed repo=did:plc:mrtq7gcbegwrhgelbqitncqv err=HttpError('InvalidRequest: Could not find repo: did:plc:mrtq7gcbegwrhgelbqitncqv')
2026-03-05T09:40:09Z WARNING bsky_collector_v2.job.index_feed_generators: listRecords failed repo=did:plc:slsbnfetlcxqg3tgpittsabk err=HttpError('InvalidRequest: Could not find repo: did:plc:slsbnfetlcxqg3tgpittsabk')
2026-03-05T09:40:09Z WARNING bsky_collector_v2.job.index_feed_generators: listRecords failed repo=did:plc:wawya6gmchjflbwp4khk6mhw err=HttpError('InvalidRequest: Could not find repo: did:plc:wawya6gmchjflbwp4khk6mhw')
2026-03-05T09:40:09Z WARNING bsky_collector_v2.job.index_feed_generators: listRecords failed repo=did:plc:xvxhzr2tfzk6xjudgndr6vgi err=HttpError('InvalidRequest: Could not find repo: did:plc:xvxhzr2tfzk6xjudgndr6vgi')
2026-03-05T09:40:09Z WARNING bsky_collector_v2.job.index_feed_generators: listRecords failed repo=did:plc:mrtq7gcbegwrhgelbqitncqv err=HttpError('InvalidRequest: Could not find repo: did:plc:mrtq7gcbegwrhgelbqitncqv')
2026-03-05T09:40:09Z WARNING bsky_collector_v2.job.index_feed_generators: listRecords failed repo=did:plc:slsbnfetlcxqg3tgpittsabk err=HttpError('InvalidRequest: Could not find repo: did:plc:slsbnfetlcxqg3tgpittsabk')
2026-03-05T09:40:09Z WARNING bsky_collector_v2.job.index_feed_generators: listRecords failed repo=did:plc:wawya6gmchjflbwp4khk6mhw err=HttpError('InvalidRequest: Could not find repo: did:plc:wawya6gmchjflbwp4khk6mhw')
2026-03-05T09:40:09Z WARNING bsky_collector_v2.job.index_feed_generators: listRecords failed repo=did:plc:xvxhzr2tfzk6xjudgndr6vgi err=HttpError('InvalidRequest: Could not find repo: did:plc:xvxhzr2tfzk6xjudgndr6vgi')
2026-03-05T09:40:10Z INFO bsky_collector_v2.job.index_feed_generators: enqueued repos page=9 mode=listRepos inserted=500 repos_returned=500 next_cursor=set
2026-03-05T09:41:51Z INFO bsky_collector_v2.job.index_feed_generators: enqueued repos page=10 mode=listRepos inserted=500 repos_returned=500 next_cursor=set
2026-03-05T09:42:13Z INFO bsky_collector_v2.job.index_feed_generators: indexed repo=did:plc:c3n2k6qulh5qzo5etb4ybbul part=215 records=1 next_cursor=set
2026-03-05T09:43:03Z INFO bsky_collector_v2.job.index_feed_generators: indexed repo=did:plc:qqzjmfwrp2ytgvzqximytadw part=216 records=2 next_cursor=set
2026-03-05T09:43:40Z INFO bsky_collector_v2.job.index_feed_generators: enqueued repos page=11 mode=listRepos inserted=500 repos_returned=500 next_cursor=set
2026-03-05T09:44:07Z INFO bsky_collector_v2.job.index_feed_generators: indexed repo=did:plc:be4scdvwv6m2u2tsjqxi2yqp part=217 records=1 next_cursor=set
2026-03-05T09:44:38Z WARNING bsky_collector_v2.job.index_feed_generators: listRecords failed repo=did:plc:jfxnx26ungav2xmxcqc3c5eh err=HttpError('InvalidRequest: Could not find repo: did:plc:jfxnx26ungav2xmxcqc3c5eh')
2026-03-05T09:45:05Z WARNING bsky_collector_v2.job.index_feed_generators: listRecords failed repo=did:plc:ru6qjwjul3pr4siqmfbbiuch err=HttpError('InvalidRequest: Could not find repo: did:plc:ru6qjwjul3pr4siqmfbbiuch')
2026-03-05T09:45:20Z INFO bsky_collector_v2.job.index_feed_generators: indexed repo=did:plc:xlzdkrllt4af4ctoowqabe6m part=218 records=1 next_cursor=set
2026-03-05T09:45:28Z WARNING bsky_collector_v2.job.index_feed_generators: listRecords failed repo=did:plc:ygzc7np3k73sewdeezp7n2jv err=HttpError('InvalidRequest: Could not find repo: did:plc:ygzc7np3k73sewdeezp7n2jv')
2026-03-05T09:45:38Z WARNING bsky_collector_v2.job.index_feed_generators: listRecords failed repo=did:plc:jfxnx26ungav2xmxcqc3c5eh err=HttpError('InvalidRequest: Could not find repo: did:plc:jfxnx26ungav2xmxcqc3c5eh')
2026-03-05T09:45:38Z WARNING bsky_collector_v2.job.index_feed_generators: listRecords failed repo=did:plc:ru6qjwjul3pr4siqmfbbiuch err=HttpError('InvalidRequest: Could not find repo: did:plc:ru6qjwjul3pr4siqmfbbiuch')
2026-03-05T09:45:38Z WARNING bsky_collector_v2.job.index_feed_generators: listRecords failed repo=did:plc:ygzc7np3k73sewdeezp7n2jv err=HttpError('InvalidRequest: Could not find repo: did:plc:ygzc7np3k73sewdeezp7n2jv')
2026-03-05T09:45:38Z WARNING bsky_collector_v2.job.index_feed_generators: listRecords failed repo=did:plc:jfxnx26ungav2xmxcqc3c5eh err=HttpError('InvalidRequest: Could not find repo: did:plc:jfxnx26ungav2xmxcqc3c5eh')
2026-03-05T09:45:39Z WARNING bsky_collector_v2.job.index_feed_generators: listRecords failed repo=did:plc:ru6qjwjul3pr4siqmfbbiuch err=HttpError('InvalidRequest: Could not find repo: did:plc:ru6qjwjul3pr4siqmfbbiuch')
2026-03-05T09:45:39Z WARNING bsky_collector_v2.job.index_feed_generators: listRecords failed repo=did:plc:ygzc7np3k73sewdeezp7n2jv err=HttpError('InvalidRequest: Could not find repo: did:plc:ygzc7np3k73sewdeezp7n2jv')
2026-03-05T09:45:39Z INFO bsky_collector_v2.job.index_feed_generators: enqueued repos page=12 mode=listRepos inserted=500 repos_returned=500 next_cursor=set
2026-03-05T09:45:59Z WARNING bsky_collector_v2.job.index_feed_generators: listRecords failed repo=did:plc:553hm33isva7ja7n37guxxld err=HttpError('InvalidRequest: Could not find repo: did:plc:553hm33isva7ja7n37guxxld')
2026-03-05T09:47:24Z WARNING bsky_collector_v2.job.index_feed_generators: listRecords failed repo=did:plc:553hm33isva7ja7n37guxxld err=HttpError('InvalidRequest: Could not find repo: did:plc:553hm33isva7ja7n37guxxld')
2026-03-05T09:47:24Z WARNING bsky_collector_v2.job.index_feed_generators: listRecords failed repo=did:plc:553hm33isva7ja7n37guxxld err=HttpError('InvalidRequest: Could not find repo: did:plc:553hm33isva7ja7n37guxxld')
2026-03-05T09:47:24Z INFO bsky_collector_v2.job.index_feed_generators: enqueued repos page=13 mode=listRepos inserted=500 repos_returned=500 next_cursor=set
2026-03-05T09:47:25Z WARNING bsky_collector_v2.job.index_feed_generators: listRecords failed repo=did:plc:23cnpffmuf4vkpsnwhgyvljw err=HttpError('InvalidRequest: Could not find repo: did:plc:23cnpffmuf4vkpsnwhgyvljw')
2026-03-05T09:47:45Z WARNING bsky_collector_v2.job.index_feed_generators: listRecords failed repo=did:plc:bf7wlk6tadsy36v5wbumgsyw err=HttpError('InvalidRequest: Could not find repo: did:plc:bf7wlk6tadsy36v5wbumgsyw')
2026-03-05T09:48:58Z WARNING bsky_collector_v2.job.index_feed_generators: listRecords failed repo=did:plc:sgzmltxswks6du3uk3ksh47b err=HttpError('InvalidRequest: Could not find repo: did:plc:sgzmltxswks6du3uk3ksh47b')
2026-03-05T09:49:19Z WARNING bsky_collector_v2.job.index_feed_generators: listRecords failed repo=did:plc:23cnpffmuf4vkpsnwhgyvljw err=HttpError('InvalidRequest: Could not find repo: did:plc:23cnpffmuf4vkpsnwhgyvljw')
2026-03-05T09:49:19Z WARNING bsky_collector_v2.job.index_feed_generators: listRecords failed repo=did:plc:bf7wlk6tadsy36v5wbumgsyw err=HttpError('InvalidRequest: Could not find repo: did:plc:bf7wlk6tadsy36v5wbumgsyw')
2026-03-05T09:49:19Z WARNING bsky_collector_v2.job.index_feed_generators: listRecords failed repo=did:plc:sgzmltxswks6du3uk3ksh47b err=HttpError('InvalidRequest: Could not find repo: did:plc:sgzmltxswks6du3uk3ksh47b')
2026-03-05T09:49:19Z WARNING bsky_collector_v2.job.index_feed_generators: listRecords failed repo=did:plc:23cnpffmuf4vkpsnwhgyvljw err=HttpError('InvalidRequest: Could not find repo: did:plc:23cnpffmuf4vkpsnwhgyvljw')
2026-03-05T09:49:19Z WARNING bsky_collector_v2.job.index_feed_generators: listRecords failed repo=did:plc:bf7wlk6tadsy36v5wbumgsyw err=HttpError('InvalidRequest: Could not find repo: did:plc:bf7wlk6tadsy36v5wbumgsyw')
2026-03-05T09:49:19Z WARNING bsky_collector_v2.job.index_feed_generators: listRecords failed repo=did:plc:sgzmltxswks6du3uk3ksh47b err=HttpError('InvalidRequest: Could not find repo: did:plc:sgzmltxswks6du3uk3ksh47b')
2026-03-05T09:49:20Z INFO bsky_collector_v2.job.index_feed_generators: enqueued repos page=14 mode=listRepos inserted=500 repos_returned=500 next_cursor=set
2026-03-05T09:49:41Z INFO bsky_collector_v2.job.index_feed_generators: indexed repo=did:plc:bhkd7x7bzewfxfeumjcm5pfq part=219 records=1 next_cursor=set
2026-03-05T09:50:00Z INFO bsky_collector_v2.job.index_feed_generators: indexed repo=did:plc:htsaneelciwfmjnldutxre2d part=220 records=1 next_cursor=set
2026-03-05T09:50:55Z INFO bsky_collector_v2.job.index_feed_generators: enqueued repos page=15 mode=listRepos inserted=500 repos_returned=500 next_cursor=set
2026-03-05T09:51:33Z INFO bsky_collector_v2.job.index_feed_generators: indexed repo=did:plc:dknvaly4dj2tgn7k375hyecr part=221 records=1 next_cursor=set
2026-03-05T09:51:44Z INFO bsky_collector_v2.job.index_feed_generators: indexed repo=did:plc:fywevuvtqx5ujddydxykeu7i part=222 records=2 next_cursor=set
2026-03-05T09:52:26Z INFO bsky_collector_v2.job.index_feed_generators: indexed repo=did:plc:utj4pcwgzueivmu5rqp3gir5 part=223 records=1 next_cursor=set
2026-03-05T09:52:43Z INFO bsky_collector_v2.job.index_feed_generators: enqueued repos page=16 mode=listRepos inserted=500 repos_returned=500 next_cursor=set
2026-03-05T09:54:18Z INFO bsky_collector_v2.job.index_feed_generators: enqueued repos page=17 mode=listRepos inserted=500 repos_returned=500 next_cursor=set
2026-03-05T09:55:54Z INFO bsky_collector_v2.job.index_feed_generators: enqueued repos page=18 mode=listRepos inserted=500 repos_returned=500 next_cursor=set
2026-03-05T09:57:50Z INFO bsky_collector_v2.job.index_feed_generators: enqueued repos page=19 mode=listRepos inserted=500 repos_returned=500 next_cursor=set
2026-03-05T09:58:23Z INFO bsky_collector_v2.job.index_feed_generators: indexed repo=did:plc:dsjmpip4chygzqiuj3aoyrvc part=224 records=2 next_cursor=set
2026-03-05T09:59:37Z INFO bsky_collector_v2.job.index_feed_generators: enqueued repos page=20 mode=listRepos inserted=500 repos_returned=500 next_cursor=set
2026-03-05T09:59:41Z INFO bsky_collector_v2.job.index_feed_generators: indexed repo=did:plc:3eazhmcvgzom46mk7eeaxmio part=225 records=1 next_cursor=set
2026-03-05T10:00:05Z WARNING bsky_collector_v2.job.index_feed_generators: listRecords failed repo=did:plc:dusnaekdqmqqolk3waa2d27u err=HttpError('InvalidRequest: Could not find repo: did:plc:dusnaekdqmqqolk3waa2d27u')
2026-03-05T10:00:41Z WARNING bsky_collector_v2.job.index_feed_generators: listRecords failed repo=did:plc:qizzfpfkcopvpqnhyakaewvb err=HttpError('InvalidRequest: Could not find repo: did:plc:qizzfpfkcopvpqnhyakaewvb')
2026-03-05T10:00:59Z INFO bsky_collector_v2.job.index_feed_generators: indexed repo=did:plc:vjju65uh6bhbvbzqs2kqfrxc part=226 records=3 next_cursor=set
2026-03-05T10:01:11Z WARNING bsky_collector_v2.job.index_feed_generators: listRecords failed repo=did:plc:dusnaekdqmqqolk3waa2d27u err=HttpError('InvalidRequest: Could not find repo: did:plc:dusnaekdqmqqolk3waa2d27u')
2026-03-05T10:01:11Z WARNING bsky_collector_v2.job.index_feed_generators: listRecords failed repo=did:plc:qizzfpfkcopvpqnhyakaewvb err=HttpError('InvalidRequest: Could not find repo: did:plc:qizzfpfkcopvpqnhyakaewvb')
2026-03-05T10:01:11Z WARNING bsky_collector_v2.job.index_feed_generators: listRecords failed repo=did:plc:dusnaekdqmqqolk3waa2d27u err=HttpError('InvalidRequest: Could not find repo: did:plc:dusnaekdqmqqolk3waa2d27u')
2026-03-05T10:01:11Z WARNING bsky_collector_v2.job.index_feed_generators: listRecords failed repo=did:plc:qizzfpfkcopvpqnhyakaewvb err=HttpError('InvalidRequest: Could not find repo: did:plc:qizzfpfkcopvpqnhyakaewvb')
2026-03-05T10:01:12Z INFO bsky_collector_v2.job.index_feed_generators: enqueued repos page=21 mode=listRepos inserted=500 repos_returned=500 next_cursor=set
2026-03-05T10:02:52Z WARNING bsky_collector_v2.job.index_feed_generators: listRecords failed repo=did:plc:xxwdvh5l6y5xvxarbeklj7h5 err=HttpError('InvalidRequest: Could not find repo: did:plc:xxwdvh5l6y5xvxarbeklj7h5')
2026-03-05T10:02:57Z WARNING bsky_collector_v2.job.index_feed_generators: listRecords failed repo=did:plc:xxwdvh5l6y5xvxarbeklj7h5 err=HttpError('InvalidRequest: Could not find repo: did:plc:xxwdvh5l6y5xvxarbeklj7h5')
2026-03-05T10:02:57Z WARNING bsky_collector_v2.job.index_feed_generators: listRecords failed repo=did:plc:xxwdvh5l6y5xvxarbeklj7h5 err=HttpError('InvalidRequest: Could not find repo: did:plc:xxwdvh5l6y5xvxarbeklj7h5')
2026-03-05T10:02:59Z INFO bsky_collector_v2.job.index_feed_generators: enqueued repos page=22 mode=listRepos inserted=500 repos_returned=500 next_cursor=set
2026-03-05T10:05:18Z INFO bsky_collector_v2.job.index_feed_generators: enqueued repos page=23 mode=listRepos inserted=500 repos_returned=500 next_cursor=set
2026-03-05T10:06:45Z WARNING bsky_collector_v2.job.index_feed_generators: listRecords failed repo=did:plc:xm4xky6isbdj5nnazzp2l4rs err=HttpError('InvalidRequest: Could not find repo: did:plc:xm4xky6isbdj5nnazzp2l4rs')
2026-03-05T10:06:52Z WARNING bsky_collector_v2.job.index_feed_generators: listRecords failed repo=did:plc:xm4xky6isbdj5nnazzp2l4rs err=HttpError('InvalidRequest: Could not find repo: did:plc:xm4xky6isbdj5nnazzp2l4rs')
2026-03-05T10:06:52Z WARNING bsky_collector_v2.job.index_feed_generators: listRecords failed repo=did:plc:xm4xky6isbdj5nnazzp2l4rs err=HttpError('InvalidRequest: Could not find repo: did:plc:xm4xky6isbdj5nnazzp2l4rs')
2026-03-05T10:06:52Z INFO bsky_collector_v2.job.index_feed_generators: enqueued repos page=24 mode=listRepos inserted=500 repos_returned=500 next_cursor=set
2026-03-05T10:07:01Z INFO bsky_collector_v2.job.index_feed_generators: indexed repo=did:plc:4ye4tdluhqpbpc5463qlt5em part=227 records=2 next_cursor=set
2026-03-05T10:08:27Z INFO bsky_collector_v2.job.index_feed_generators: enqueued repos page=25 mode=listRepos inserted=500 repos_returned=500 next_cursor=set
2026-03-05T10:08:53Z WARNING bsky_collector_v2.job.index_feed_generators: listRecords failed repo=did:plc:ctoqd4x2d2orwlw3mv4jwppg err=HttpError('InvalidRequest: Could not find repo: did:plc:ctoqd4x2d2orwlw3mv4jwppg')
2026-03-05T10:10:00Z WARNING bsky_collector_v2.job.index_feed_generators: listRecords failed repo=did:plc:ctoqd4x2d2orwlw3mv4jwppg err=HttpError('InvalidRequest: Could not find repo: did:plc:ctoqd4x2d2orwlw3mv4jwppg')
2026-03-05T10:10:00Z WARNING bsky_collector_v2.job.index_feed_generators: listRecords failed repo=did:plc:ctoqd4x2d2orwlw3mv4jwppg err=HttpError('InvalidRequest: Could not find repo: did:plc:ctoqd4x2d2orwlw3mv4jwppg')
2026-03-05T10:10:01Z INFO bsky_collector_v2.job.index_feed_generators: enqueued repos page=26 mode=listRepos inserted=500 repos_returned=500 next_cursor=set
2026-03-05T10:11:29Z INFO bsky_collector_v2.job.index_feed_generators: indexed repo=did:plc:w5zwfy4qgxkyj5pbmzks4viw part=228 records=1 next_cursor=set
2026-03-05T10:11:47Z INFO bsky_collector_v2.job.index_feed_generators: enqueued repos page=27 mode=listRepos inserted=500 repos_returned=500 next_cursor=set
2026-03-05T10:12:44Z INFO bsky_collector_v2.job.index_feed_generators: indexed repo=did:plc:kic7vj5f5joie7hgmwjchjip part=229 records=10 next_cursor=set
2026-03-05T10:13:22Z INFO bsky_collector_v2.job.index_feed_generators: enqueued repos page=28 mode=listRepos inserted=500 repos_returned=500 next_cursor=set
2026-03-05T10:14:01Z WARNING bsky_collector_v2.job.index_feed_generators: listRecords failed repo=did:plc:iibyd5i6iwrsgdfzdk4oozgv err=HttpError('InvalidRequest: Could not find repo: did:plc:iibyd5i6iwrsgdfzdk4oozgv')
2026-03-05T10:14:52Z WARNING bsky_collector_v2.job.index_feed_generators: listRecords failed repo=did:plc:iibyd5i6iwrsgdfzdk4oozgv err=HttpError('InvalidRequest: Could not find repo: did:plc:iibyd5i6iwrsgdfzdk4oozgv')
2026-03-05T10:14:52Z WARNING bsky_collector_v2.job.index_feed_generators: listRecords failed repo=did:plc:iibyd5i6iwrsgdfzdk4oozgv err=HttpError('InvalidRequest: Could not find repo: did:plc:iibyd5i6iwrsgdfzdk4oozgv')
2026-03-05T10:14:52Z INFO bsky_collector_v2.job.index_feed_generators: enqueued repos page=29 mode=listRepos inserted=500 repos_returned=500 next_cursor=set
2026-03-05T10:16:38Z INFO bsky_collector_v2.job.index_feed_generators: enqueued repos page=30 mode=listRepos inserted=500 repos_returned=500 next_cursor=set
2026-03-05T10:16:59Z INFO bsky_collector_v2.job.index_feed_generators: indexed repo=did:plc:6rgqchvjouunhqxpftelqm4u part=230 records=1 next_cursor=set
2026-03-05T10:17:16Z WARNING bsky_collector_v2.job.index_feed_generators: listRecords failed repo=did:plc:cxnethni5v3i63nh3w5x3krt err=HttpError('InvalidRequest: Could not find repo: did:plc:cxnethni5v3i63nh3w5x3krt')
2026-03-05T10:18:33Z WARNING bsky_collector_v2.job.index_feed_generators: listRecords failed repo=did:plc:cxnethni5v3i63nh3w5x3krt err=HttpError('InvalidRequest: Could not find repo: did:plc:cxnethni5v3i63nh3w5x3krt')
2026-03-05T10:18:34Z WARNING bsky_collector_v2.job.index_feed_generators: listRecords failed repo=did:plc:cxnethni5v3i63nh3w5x3krt err=HttpError('InvalidRequest: Could not find repo: did:plc:cxnethni5v3i63nh3w5x3krt')
2026-03-05T10:18:34Z INFO bsky_collector_v2.job.index_feed_generators: enqueued repos page=31 mode=listRepos inserted=500 repos_returned=500 next_cursor=set
