2026-02-17T11:35:13Z INFO bsky_collector_v2: out_base ok path=/Volumes/T9/BlueSky/data_v2_full mount=/Volumes/T9
2026-02-17T11:35:13Z INFO bsky_collector_v2: job start subcommand=index-feed-generators dry_run=False resume=True
2026-02-17T11:35:13Z INFO bsky_collector_v2.job.index_feed_generators: feed generator index hosts relay_host=https://bsky.network records_host=https://bsky.social auth=yes
2026-02-17T11:35:18Z INFO bsky_collector_v2.job.index_feed_generators: indexed repo=did:plc:kpe5tfmpskpirfgmfmrxvwar part=2849 records=2 next_cursor=set
2026-02-17T11:35:23Z INFO bsky_collector_v2.job.index_feed_generators: indexed repo=did:plc:mxgnhfqxzmi7i6kmz27p6vhw part=2850 records=3 next_cursor=set
2026-02-17T11:35:34Z WARNING bsky_collector_v2.job.index_feed_generators: listRecords failed repo=did:plc:sna3qx44beg2mb5fao44gsxh err=HttpError('InvalidRequest: Could not find repo: did:plc:sna3qx44beg2mb5fao44gsxh')
2026-02-17T11:35:34Z INFO bsky_collector_v2.job.index_feed_generators: indexed repo=did:plc:spwwzwj3m66i6lhz4a5uy73n part=2851 records=1 next_cursor=set
2026-02-17T11:35:49Z WARNING bsky_collector_v2.job.index_feed_generators: listRecords failed repo=did:plc:sna3qx44beg2mb5fao44gsxh err=HttpError('InvalidRequest: Could not find repo: did:plc:sna3qx44beg2mb5fao44gsxh')
2026-02-17T11:35:50Z WARNING bsky_collector_v2.job.index_feed_generators: listRecords failed repo=did:plc:sna3qx44beg2mb5fao44gsxh err=HttpError('InvalidRequest: Could not find repo: did:plc:sna3qx44beg2mb5fao44gsxh')
2026-02-17T11:35:51Z INFO bsky_collector_v2.job.index_feed_generators: enqueued repos page=1 mode=listRepos inserted=500 repos_returned=500 next_cursor=set
2026-02-17T11:36:05Z WARNING bsky_collector_v2.job.index_feed_generators: listRecords failed repo=did:plc:6hz2kawk3y2yxndfcoxgxmbf err=HttpError('InvalidRequest: Could not find repo: did:plc:6hz2kawk3y2yxndfcoxgxmbf')
2026-02-17T11:36:11Z INFO bsky_collector_v2.job.index_feed_generators: indexed repo=did:plc:aqka2oqdmwhwnp34okfku4i3 part=2852 records=4 next_cursor=set
2026-02-17T11:36:21Z INFO bsky_collector_v2.job.index_feed_generators: indexed repo=did:plc:emx7vgkpizevzulmzke4fbxb part=2853 records=1 next_cursor=set
2026-02-17T11:36:36Z INFO bsky_collector_v2.job.index_feed_generators: indexed repo=did:plc:l3vcxlsvom3z7jejyponld5i part=2854 records=1 next_cursor=set
2026-02-17T11:36:43Z INFO bsky_collector_v2.job.index_feed_generators: indexed repo=did:plc:nic32zbiixwshdsigypkuzf3 part=2855 records=1 next_cursor=set
2026-02-17T11:37:05Z INFO bsky_collector_v2.job.index_feed_generators: indexed repo=did:plc:xpf6qlhjyn73xcu5kuf4yuv3 part=2856 records=2 next_cursor=set
2026-02-17T11:37:10Z INFO bsky_collector_v2.job.index_feed_generators: indexed repo=did:plc:zvzenefytgpphtsrosmxuy3c part=2857 records=2 next_cursor=set
2026-02-17T11:37:10Z WARNING bsky_collector_v2.job.index_feed_generators: listRecords failed repo=did:plc:6hz2kawk3y2yxndfcoxgxmbf err=HttpError('InvalidRequest: Could not find repo: did:plc:6hz2kawk3y2yxndfcoxgxmbf')
2026-02-17T11:37:11Z WARNING bsky_collector_v2.job.index_feed_generators: listRecords failed repo=did:plc:6hz2kawk3y2yxndfcoxgxmbf err=HttpError('InvalidRequest: Could not find repo: did:plc:6hz2kawk3y2yxndfcoxgxmbf')
2026-02-17T11:37:12Z INFO bsky_collector_v2.job.index_feed_generators: enqueued repos page=2 mode=listRepos inserted=500 repos_returned=500 next_cursor=set
2026-02-17T11:37:14Z WARNING bsky_collector_v2.job.index_feed_generators: listRecords failed repo=did:plc:2wq4s7yxg6fkfalljnxysszd err=HttpError('InvalidRequest: Could not find repo: did:plc:2wq4s7yxg6fkfalljnxysszd')
2026-02-17T11:37:15Z INFO bsky_collector_v2.job.index_feed_generators: indexed repo=did:plc:3o3xlahjenddxtpwwk6c6z5w part=2858 records=1 next_cursor=set
2026-02-17T11:37:15Z INFO bsky_collector_v2.job.index_feed_generators: indexed repo=did:plc:3vqoyhrwco5ikwbsfjgcbmd6 part=2859 records=2 next_cursor=set
2026-02-17T11:37:16Z INFO bsky_collector_v2.job.index_feed_generators: indexed repo=did:plc:4b66oxm3n65f7kpuoyxly5uu part=2860 records=1 next_cursor=set
2026-02-17T11:37:17Z INFO bsky_collector_v2.job.index_feed_generators: indexed repo=did:plc:4p3td2ytoojamkbpymqmh5ff part=2861 records=1 next_cursor=set
2026-02-17T11:37:22Z INFO bsky_collector_v2.job.index_feed_generators: indexed repo=did:plc:73gc3rkd7an2pl2vvvp6tcdb part=2862 records=4 next_cursor=set
2026-02-17T11:37:26Z WARNING bsky_collector_v2.job.index_feed_generators: listRecords failed repo=did:plc:aoerjf5gkt3xuhotsrhexekt err=HttpError('InvalidRequest: Could not find repo: did:plc:aoerjf5gkt3xuhotsrhexekt')
2026-02-17T11:37:32Z WARNING bsky_collector_v2.job.index_feed_generators: listRecords failed repo=did:plc:d4yx4gbt6e4quynu5xjt4hab err=HttpError('InvalidRequest: Could not find repo: did:plc:d4yx4gbt6e4quynu5xjt4hab')
2026-02-17T11:37:48Z INFO bsky_collector_v2.job.index_feed_generators: indexed repo=did:plc:jpc3do44nuzqesr6csw5izqw part=2863 records=1 next_cursor=set
2026-02-17T11:38:02Z INFO bsky_collector_v2.job.index_feed_generators: indexed repo=did:plc:q65vdwwjc7bgfpmwloe43k3a part=2864 records=1 next_cursor=set
2026-02-17T11:38:17Z WARNING bsky_collector_v2.job.index_feed_generators: listRecords failed repo=did:plc:xoogzjzcr6ezt3ifeic3ifft err=HttpError('InvalidRequest: Could not find repo: did:plc:xoogzjzcr6ezt3ifeic3ifft')
2026-02-17T11:38:18Z WARNING bsky_collector_v2.job.index_feed_generators: listRecords failed repo=did:plc:xrpasfhlrfplo55rhhakeptf err=HttpError('InvalidRequest: Could not find repo: did:plc:xrpasfhlrfplo55rhhakeptf')
2026-02-17T11:38:23Z WARNING bsky_collector_v2.job.index_feed_generators: listRecords failed repo=did:plc:2wq4s7yxg6fkfalljnxysszd err=HttpError('InvalidRequest: Could not find repo: did:plc:2wq4s7yxg6fkfalljnxysszd')
2026-02-17T11:38:24Z WARNING bsky_collector_v2.job.index_feed_generators: listRecords failed repo=did:plc:aoerjf5gkt3xuhotsrhexekt err=HttpError('InvalidRequest: Could not find repo: did:plc:aoerjf5gkt3xuhotsrhexekt')
2026-02-17T11:38:24Z WARNING bsky_collector_v2.job.index_feed_generators: listRecords failed repo=did:plc:d4yx4gbt6e4quynu5xjt4hab err=HttpError('InvalidRequest: Could not find repo: did:plc:d4yx4gbt6e4quynu5xjt4hab')
2026-02-17T11:38:24Z WARNING bsky_collector_v2.job.index_feed_generators: listRecords failed repo=did:plc:xoogzjzcr6ezt3ifeic3ifft err=HttpError('InvalidRequest: Could not find repo: did:plc:xoogzjzcr6ezt3ifeic3ifft')
2026-02-17T11:38:24Z WARNING bsky_collector_v2.job.index_feed_generators: listRecords failed repo=did:plc:xrpasfhlrfplo55rhhakeptf err=HttpError('InvalidRequest: Could not find repo: did:plc:xrpasfhlrfplo55rhhakeptf')
2026-02-17T11:38:25Z WARNING bsky_collector_v2.job.index_feed_generators: listRecords failed repo=did:plc:2wq4s7yxg6fkfalljnxysszd err=HttpError('InvalidRequest: Could not find repo: did:plc:2wq4s7yxg6fkfalljnxysszd')
2026-02-17T11:38:25Z WARNING bsky_collector_v2.job.index_feed_generators: listRecords failed repo=did:plc:aoerjf5gkt3xuhotsrhexekt err=HttpError('InvalidRequest: Could not find repo: did:plc:aoerjf5gkt3xuhotsrhexekt')
2026-02-17T11:38:25Z WARNING bsky_collector_v2.job.index_feed_generators: listRecords failed repo=did:plc:d4yx4gbt6e4quynu5xjt4hab err=HttpError('InvalidRequest: Could not find repo: did:plc:d4yx4gbt6e4quynu5xjt4hab')
2026-02-17T11:38:25Z WARNING bsky_collector_v2.job.index_feed_generators: listRecords failed repo=did:plc:xoogzjzcr6ezt3ifeic3ifft err=HttpError('InvalidRequest: Could not find repo: did:plc:xoogzjzcr6ezt3ifeic3ifft')
2026-02-17T11:38:25Z WARNING bsky_collector_v2.job.index_feed_generators: listRecords failed repo=did:plc:xrpasfhlrfplo55rhhakeptf err=HttpError('InvalidRequest: Could not find repo: did:plc:xrpasfhlrfplo55rhhakeptf')
2026-02-17T11:38:26Z INFO bsky_collector_v2.job.index_feed_generators: enqueued repos page=3 mode=listRepos inserted=500 repos_returned=500 next_cursor=set
2026-02-17T11:38:43Z INFO bsky_collector_v2.job.index_feed_generators: indexed repo=did:plc:ch2bp7azlkm54rge353grup4 part=2865 records=2 next_cursor=set
2026-02-17T11:38:45Z INFO bsky_collector_v2.job.index_feed_generators: indexed repo=did:plc:dwxqon6cukxzdlss3tjc3n6g part=2866 records=1 next_cursor=set
2026-02-17T11:39:11Z INFO bsky_collector_v2.job.index_feed_generators: indexed repo=did:plc:po7kk7lqurfsw7plsyllo7bv part=2867 records=2 next_cursor=set
2026-02-17T11:39:15Z INFO bsky_collector_v2.job.index_feed_generators: indexed repo=did:plc:qdhgkvnrnrngsw6swqdgy6ds part=2868 records=1 next_cursor=set
2026-02-17T11:39:22Z INFO bsky_collector_v2.job.index_feed_generators: indexed repo=did:plc:t6skdpiykdyjukc6jin2z4rb part=2869 records=1 next_cursor=set
2026-02-17T11:39:35Z INFO bsky_collector_v2.job.index_feed_generators: indexed repo=did:plc:vyk57ryqtxsbzquxjhnfeh65 part=2870 records=1 next_cursor=set
2026-02-17T11:39:38Z INFO bsky_collector_v2.job.index_feed_generators: indexed repo=did:plc:x5qb72uobcz3bovh7r6l4mme part=2871 records=1 next_cursor=set
2026-02-17T11:39:50Z INFO bsky_collector_v2.job.index_feed_generators: enqueued repos page=4 mode=listRepos inserted=500 repos_returned=500 next_cursor=set
2026-02-17T11:39:58Z INFO bsky_collector_v2.job.index_feed_generators: indexed repo=did:plc:5adibzrxrpdxvsxtiu2e2grb part=2872 records=3 next_cursor=set
2026-02-17T11:40:01Z WARNING bsky_collector_v2.job.index_feed_generators: listRecords failed repo=did:plc:6kgrb2ruv5qhzeo25wginsbe err=HttpError('InvalidRequest: Could not find repo: did:plc:6kgrb2ruv5qhzeo25wginsbe')
2026-02-17T11:40:42Z INFO bsky_collector_v2.job.index_feed_generators: indexed repo=did:plc:reo7ah66nruqpfb3expeqsfk part=2873 records=1 next_cursor=set
2026-02-17T11:40:43Z INFO bsky_collector_v2.job.index_feed_generators: indexed repo=did:plc:rfkbaph36it2i66g6a7uzcht part=2874 records=2 next_cursor=set
2026-02-17T11:40:49Z INFO bsky_collector_v2.job.index_feed_generators: indexed repo=did:plc:u6rvgkuexxitqav4s4mmcmdy part=2875 records=1 next_cursor=set
2026-02-17T11:41:01Z WARNING bsky_collector_v2.job.index_feed_generators: listRecords failed repo=did:plc:6kgrb2ruv5qhzeo25wginsbe err=HttpError('InvalidRequest: Could not find repo: did:plc:6kgrb2ruv5qhzeo25wginsbe')
2026-02-17T11:41:01Z WARNING bsky_collector_v2.job.index_feed_generators: listRecords failed repo=did:plc:6kgrb2ruv5qhzeo25wginsbe err=HttpError('InvalidRequest: Could not find repo: did:plc:6kgrb2ruv5qhzeo25wginsbe')
2026-02-17T11:41:02Z INFO bsky_collector_v2.job.index_feed_generators: enqueued repos page=5 mode=listRepos inserted=500 repos_returned=500 next_cursor=set
2026-02-17T11:41:23Z INFO bsky_collector_v2.job.index_feed_generators: indexed repo=did:plc:dzziugpm2unasi2rhnxj7akm part=2876 records=1 next_cursor=set
2026-02-17T11:41:46Z INFO bsky_collector_v2.job.index_feed_generators: indexed repo=did:plc:o3m2kr2pdukv4fv4kkddnznk part=2877 records=2 next_cursor=set
2026-02-17T11:41:52Z INFO bsky_collector_v2.job.index_feed_generators: indexed repo=did:plc:skvhplh2wuxagcicbhdthwcw part=2878 records=1 next_cursor=set
2026-02-17T11:42:07Z INFO bsky_collector_v2.job.index_feed_generators: indexed repo=did:plc:yo6j3rmjwm6gjnagljrwwepb part=2879 records=2 next_cursor=set
2026-02-17T11:42:11Z INFO bsky_collector_v2.job.index_feed_generators: enqueued repos page=6 mode=listRepos inserted=500 repos_returned=500 next_cursor=set
2026-02-17T11:42:28Z INFO bsky_collector_v2.job.index_feed_generators: indexed repo=did:plc:czgrhwal4mci6izqtek3chxi part=2880 records=1 next_cursor=set
2026-02-17T11:42:34Z INFO bsky_collector_v2.job.index_feed_generators: indexed repo=did:plc:er4vq45s76qo47jdfllscfwn part=2881 records=1 next_cursor=set
2026-02-17T11:42:36Z INFO bsky_collector_v2.job.index_feed_generators: indexed repo=did:plc:g345khd4t4rmvzd2ecvzbjrf part=2882 records=5 next_cursor=set
2026-02-17T11:42:39Z INFO bsky_collector_v2.job.index_feed_generators: indexed repo=did:plc:hoizbydunrxvfbikbpby6ob3 part=2883 records=1 next_cursor=set
2026-02-17T11:43:07Z INFO bsky_collector_v2.job.index_feed_generators: indexed repo=did:plc:tszke3jcgjp52wezqtabow5c part=2884 records=16 next_cursor=set
2026-02-17T11:43:10Z INFO bsky_collector_v2.job.index_feed_generators: indexed repo=did:plc:uqegfnwmrr47srkxpml4nyuz part=2885 records=1 next_cursor=set
2026-02-17T11:43:10Z INFO bsky_collector_v2.job.index_feed_generators: indexed repo=did:plc:us6ij2ib2uqszoktomt37k6m part=2886 records=2 next_cursor=set
2026-02-17T11:43:18Z INFO bsky_collector_v2.job.index_feed_generators: indexed repo=did:plc:ygpjxmphiytldicpgk2fwxk3 part=2887 records=1 next_cursor=set
2026-02-17T11:43:23Z INFO bsky_collector_v2.job.index_feed_generators: enqueued repos page=7 mode=listRepos inserted=500 repos_returned=500 next_cursor=set
2026-02-17T11:43:34Z INFO bsky_collector_v2.job.index_feed_generators: indexed repo=did:plc:5spbn3ccj65noqw65xmmz45x part=2888 records=1 next_cursor=set
2026-02-17T11:43:47Z INFO bsky_collector_v2.job.index_feed_generators: indexed repo=did:plc:dzs2hjj4vz5q6crgahsfzxiu part=2889 records=1 next_cursor=set
2026-02-17T11:43:50Z INFO bsky_collector_v2.job.index_feed_generators: indexed repo=did:plc:f54yn4u66pxp64f7d7d7h65w part=2890 records=1 next_cursor=set
2026-02-17T11:43:57Z INFO bsky_collector_v2.job.index_feed_generators: indexed repo=did:plc:jkajai5ok2kikbzp4megt5ke part=2891 records=3 next_cursor=set
2026-02-17T11:44:33Z INFO bsky_collector_v2.job.index_feed_generators: indexed repo=did:plc:zdxzpya4k5b4dguidkh3zajh part=2892 records=1 next_cursor=set
2026-02-17T11:44:34Z INFO bsky_collector_v2.job.index_feed_generators: indexed repo=did:plc:zmqxbjygsvtrgrbb4vapzge2 part=2893 records=1 next_cursor=set
2026-02-17T11:44:37Z INFO bsky_collector_v2.job.index_feed_generators: enqueued repos page=8 mode=listRepos inserted=500 repos_returned=500 next_cursor=set
2026-02-17T11:44:40Z INFO bsky_collector_v2.job.index_feed_generators: indexed repo=did:plc:3o6di7nnne32fxfwevzwg7km part=2894 records=2 next_cursor=set
2026-02-17T11:44:56Z INFO bsky_collector_v2.job.index_feed_generators: indexed repo=did:plc:dale7bxbemcndtblpl7mx5ri part=2895 records=4 next_cursor=set
2026-02-17T11:44:59Z INFO bsky_collector_v2.job.index_feed_generators: indexed repo=did:plc:e72zoavvktow32asq2lw6hdl part=2896 records=1 next_cursor=set
2026-02-17T11:45:03Z INFO bsky_collector_v2.job.index_feed_generators: indexed repo=did:plc:fchra352da5q57ej4swiebii part=2897 records=1 next_cursor=set
2026-02-17T11:45:16Z INFO bsky_collector_v2.job.index_feed_generators: indexed repo=did:plc:lmhjnbey3mwuxjlcjmi62pek part=2898 records=3 next_cursor=set
2026-02-17T11:45:19Z INFO bsky_collector_v2.job.index_feed_generators: indexed repo=did:plc:mhndct6biv2qevmz43rrqmwy part=2899 records=1 next_cursor=set
2026-02-17T11:45:37Z INFO bsky_collector_v2.job.index_feed_generators: indexed repo=did:plc:psmb6fcgbacigj3zb4v7bbsj part=2900 records=4 next_cursor=set
2026-02-17T11:46:01Z INFO bsky_collector_v2.job.index_feed_generators: enqueued repos page=9 mode=listRepos inserted=500 repos_returned=500 next_cursor=set
2026-02-17T11:46:04Z INFO bsky_collector_v2.job.index_feed_generators: indexed repo=did:plc:3kp2ycgl77fpry5hwc6mcdu6 part=2901 records=3 next_cursor=set
2026-02-17T11:46:11Z INFO bsky_collector_v2.job.index_feed_generators: indexed repo=did:plc:74p7gz6iawrj2dbw2eny3dot part=2902 records=1 next_cursor=set
2026-02-17T11:46:22Z INFO bsky_collector_v2.job.index_feed_generators: indexed repo=did:plc:ed7yld5zwss3fzdp3rskpryk part=2903 records=1 next_cursor=set
2026-02-17T11:46:30Z INFO bsky_collector_v2.job.index_feed_generators: indexed repo=did:plc:i2tglqujvtiopdji4n2twqzv part=2904 records=3 next_cursor=set
2026-02-17T11:47:13Z INFO bsky_collector_v2.job.index_feed_generators: enqueued repos page=10 mode=listRepos inserted=500 repos_returned=500 next_cursor=set
2026-02-17T11:47:22Z WARNING bsky_collector_v2.job.index_feed_generators: listRecords failed repo=did:plc:6n4ucijqe66jz5f7figmpinl err=HttpError('InvalidRequest: Could not find repo: did:plc:6n4ucijqe66jz5f7figmpinl')
2026-02-17T11:47:29Z INFO bsky_collector_v2.job.index_feed_generators: indexed repo=did:plc:c2lnlgt7bhtxechenwsdxe6i part=2905 records=3 next_cursor=set
2026-02-17T11:47:38Z INFO bsky_collector_v2.job.index_feed_generators: indexed repo=did:plc:gu6g45adk4qjg2ep4qi36apz part=2906 records=1 next_cursor=set
2026-02-17T11:47:51Z INFO bsky_collector_v2.job.index_feed_generators: indexed repo=did:plc:l6xknboqpv55oaq3ktpudyx2 part=2907 records=3 next_cursor=set
2026-02-17T11:48:01Z INFO bsky_collector_v2.job.index_feed_generators: indexed repo=did:plc:q4em3u7rq2zoyktqlanzzrm6 part=2908 records=1 next_cursor=set
2026-02-17T11:48:23Z WARNING bsky_collector_v2.job.index_feed_generators: listRecords failed repo=did:plc:6n4ucijqe66jz5f7figmpinl err=HttpError('InvalidRequest: Could not find repo: did:plc:6n4ucijqe66jz5f7figmpinl')
2026-02-17T11:48:23Z WARNING bsky_collector_v2.job.index_feed_generators: listRecords failed repo=did:plc:6n4ucijqe66jz5f7figmpinl err=HttpError('InvalidRequest: Could not find repo: did:plc:6n4ucijqe66jz5f7figmpinl')
2026-02-17T11:48:24Z INFO bsky_collector_v2.job.index_feed_generators: enqueued repos page=11 mode=listRepos inserted=500 repos_returned=500 next_cursor=set
2026-02-17T11:49:14Z INFO bsky_collector_v2.job.index_feed_generators: indexed repo=did:plc:qzgy45vpvfpvbjsqhqjapghf part=2909 records=1 next_cursor=set
2026-02-17T11:49:26Z INFO bsky_collector_v2.job.index_feed_generators: indexed repo=did:plc:x2xzh2qjwjnb5a7ku6wrtosk part=2910 records=1 next_cursor=set
2026-02-17T11:49:32Z INFO bsky_collector_v2.job.index_feed_generators: indexed repo=did:plc:zop5c23rj5kkvja4x7eie6n2 part=2911 records=1 next_cursor=set
2026-02-17T11:49:33Z INFO bsky_collector_v2.job.index_feed_generators: enqueued repos page=12 mode=listRepos inserted=500 repos_returned=500 next_cursor=set
2026-02-17T11:49:42Z INFO bsky_collector_v2.job.index_feed_generators: indexed repo=did:plc:5frkxdzeyhyxs7fei4zzbcli part=2912 records=1 next_cursor=set
2026-02-17T11:49:56Z INFO bsky_collector_v2.job.index_feed_generators: indexed repo=did:plc:cqgic3t3twh2lkf7ia52z4rd part=2913 records=4 next_cursor=set
2026-02-17T11:50:02Z INFO bsky_collector_v2.job.index_feed_generators: indexed repo=did:plc:fowdjip2tk5fdhv443ezvaqr part=2914 records=1 next_cursor=set
2026-02-17T11:50:03Z INFO bsky_collector_v2.job.index_feed_generators: indexed repo=did:plc:fvhckryg24j42diabw7gdfgm part=2915 records=1 next_cursor=set
2026-02-17T11:50:22Z INFO bsky_collector_v2.job.index_feed_generators: indexed repo=did:plc:ovndwhqsvqgni6uobio3omw3 part=2916 records=4 next_cursor=set
2026-02-17T11:50:30Z INFO bsky_collector_v2.job.index_feed_generators: indexed repo=did:plc:t775cnvnigwc5lcgha77gn6j part=2917 records=14 next_cursor=set
2026-02-17T11:50:35Z INFO bsky_collector_v2.job.index_feed_generators: indexed repo=did:plc:v5l3uyoumsf7dpnytsjfxuxj part=2918 records=4 next_cursor=set
2026-02-17T11:50:56Z INFO bsky_collector_v2.job.index_feed_generators: enqueued repos page=13 mode=listRepos inserted=500 repos_returned=500 next_cursor=set
2026-02-17T11:51:15Z INFO bsky_collector_v2.job.index_feed_generators: indexed repo=did:plc:ai5rppclonutqlwjnp4udjqv part=2919 records=1 next_cursor=set
2026-02-17T11:51:46Z INFO bsky_collector_v2.job.index_feed_generators: indexed repo=did:plc:jzmq2nlwlsjlv6cpsuefkvp6 part=2920 records=3 next_cursor=set
2026-02-17T11:52:04Z INFO bsky_collector_v2.job.index_feed_generators: indexed repo=did:plc:rgxvtqbr5b5bpeacv6tjqhwm part=2921 records=1 next_cursor=set
2026-02-17T11:52:07Z WARNING bsky_collector_v2.job.index_feed_generators: listRecords failed repo=did:plc:sw4bij6t3wagtrh3qwqfv55p err=HttpError('InvalidRequest: Could not find repo: did:plc:sw4bij6t3wagtrh3qwqfv55p')
2026-02-17T11:52:17Z INFO bsky_collector_v2.job.index_feed_generators: indexed repo=did:plc:yjr724i27jra2makoxggewdx part=2922 records=4 next_cursor=set
2026-02-17T11:52:20Z WARNING bsky_collector_v2.job.index_feed_generators: listRecords failed repo=did:plc:sw4bij6t3wagtrh3qwqfv55p err=HttpError('InvalidRequest: Could not find repo: did:plc:sw4bij6t3wagtrh3qwqfv55p')
2026-02-17T11:52:20Z WARNING bsky_collector_v2.job.index_feed_generators: listRecords failed repo=did:plc:sw4bij6t3wagtrh3qwqfv55p err=HttpError('InvalidRequest: Could not find repo: did:plc:sw4bij6t3wagtrh3qwqfv55p')
2026-02-17T11:52:21Z INFO bsky_collector_v2.job.index_feed_generators: enqueued repos page=14 mode=listRepos inserted=500 repos_returned=500 next_cursor=set
2026-02-17T11:53:06Z INFO bsky_collector_v2.job.index_feed_generators: indexed repo=did:plc:obzcsgiguwjyv2fx4ur3az35 part=2923 records=1 next_cursor=set
2026-02-17T11:53:36Z INFO bsky_collector_v2.job.index_feed_generators: enqueued repos page=15 mode=listRepos inserted=500 repos_returned=500 next_cursor=set
2026-02-17T11:54:09Z INFO bsky_collector_v2.job.index_feed_generators: indexed repo=did:plc:iypnkxqrs2o3hzp6xwzae4es part=2924 records=1 next_cursor=set
2026-02-17T11:54:34Z INFO bsky_collector_v2.job.index_feed_generators: indexed repo=did:plc:suhdwtoqinxndxizjc27ulko part=2925 records=1 next_cursor=set
2026-02-17T11:54:51Z INFO bsky_collector_v2.job.index_feed_generators: enqueued repos page=16 mode=listRepos inserted=500 repos_returned=500 next_cursor=set
2026-02-17T11:55:01Z INFO bsky_collector_v2.job.index_feed_generators: indexed repo=did:plc:5pr4xsrexwji6tfynplfk6l4 part=2926 records=1 next_cursor=set
2026-02-17T11:55:09Z INFO bsky_collector_v2.job.index_feed_generators: indexed repo=did:plc:aty4scsin7mj7ufwnxtstrgk part=2927 records=1 next_cursor=set
2026-02-17T11:55:36Z INFO bsky_collector_v2.job.index_feed_generators: indexed repo=did:plc:m5daehehxyld53oymabwx2jy part=2928 records=1 next_cursor=set
2026-02-17T11:55:52Z INFO bsky_collector_v2.job.index_feed_generators: indexed repo=did:plc:thuylqmisypnmekwzfgymm3z part=2929 records=1 next_cursor=set
2026-02-17T11:55:57Z INFO bsky_collector_v2.job.index_feed_generators: indexed repo=did:plc:vwmdt6wc3ipgqrpd3nwk6vtb part=2930 records=4 next_cursor=set
2026-02-17T11:56:05Z INFO bsky_collector_v2.job.index_feed_generators: indexed repo=did:plc:zwcvyuffllm3vhufaeq7evv6 part=2931 records=2 next_cursor=set
2026-02-17T11:56:06Z INFO bsky_collector_v2.job.index_feed_generators: enqueued repos page=17 mode=listRepos inserted=500 repos_returned=500 next_cursor=set
2026-02-17T11:56:31Z INFO bsky_collector_v2.job.index_feed_generators: indexed repo=did:plc:f4ueteegxkjbg6j7n2paww4r part=2932 records=1 next_cursor=set
2026-02-17T11:56:31Z INFO bsky_collector_v2.job.index_feed_generators: indexed repo=did:plc:f73wmiz7wj6knpyiqqaubd4d part=2933 records=1 next_cursor=set
2026-02-17T11:56:31Z INFO bsky_collector_v2.job.index_feed_generators: indexed repo=did:plc:f7wjrptongtdocdbes2itpj5 part=2934 records=6 next_cursor=set
2026-02-17T11:56:37Z INFO bsky_collector_v2.job.index_feed_generators: indexed repo=did:plc:gpy76vozieqyyrpfkhwfsfds part=2935 records=3 next_cursor=set
2026-02-17T11:56:43Z WARNING bsky_collector_v2.job.index_feed_generators: listRecords failed repo=did:plc:jln34uohf623uyi2ydntlpda err=HttpError('InvalidRequest: Could not find repo: did:plc:jln34uohf623uyi2ydntlpda')
2026-02-17T11:56:46Z INFO bsky_collector_v2.job.index_feed_generators: indexed repo=did:plc:kxx7iatef4he7slxzgrtfnrr part=2936 records=3 next_cursor=set
2026-02-17T11:57:01Z INFO bsky_collector_v2.job.index_feed_generators: indexed repo=did:plc:shyiwxqxjp6hyb5sqqm47g5l part=2937 records=2 next_cursor=set
2026-02-17T11:57:19Z WARNING bsky_collector_v2.job.index_feed_generators: listRecords failed repo=did:plc:jln34uohf623uyi2ydntlpda err=HttpError('InvalidRequest: Could not find repo: did:plc:jln34uohf623uyi2ydntlpda')
2026-02-17T11:57:20Z WARNING bsky_collector_v2.job.index_feed_generators: listRecords failed repo=did:plc:jln34uohf623uyi2ydntlpda err=HttpError('InvalidRequest: Could not find repo: did:plc:jln34uohf623uyi2ydntlpda')
2026-02-17T11:57:20Z INFO bsky_collector_v2.job.index_feed_generators: enqueued repos page=18 mode=listRepos inserted=500 repos_returned=500 next_cursor=set
2026-02-17T11:57:25Z INFO bsky_collector_v2.job.index_feed_generators: indexed repo=did:plc:3y5hhynbeaxa7ldwo6772s4d part=2938 records=1 next_cursor=set
2026-02-17T11:57:38Z INFO bsky_collector_v2.job.index_feed_generators: indexed repo=did:plc:cj3iiamp2c4qbff64sczkgib part=2939 records=1 next_cursor=set
2026-02-17T11:57:55Z INFO bsky_collector_v2.job.index_feed_generators: indexed repo=did:plc:ki6ydtbso2if5zhia26zd2qn part=2940 records=4 next_cursor=set
2026-02-17T11:58:02Z INFO bsky_collector_v2.job.index_feed_generators: indexed repo=did:plc:npopw6zvdbze4neuv4digle2 part=2941 records=1 next_cursor=set
2026-02-17T11:58:16Z INFO bsky_collector_v2.job.index_feed_generators: indexed repo=did:plc:uayceuefhpizpeh2kplltd6z part=2942 records=3 next_cursor=set
2026-02-17T11:58:20Z INFO bsky_collector_v2.job.index_feed_generators: indexed repo=did:plc:wdcqqff35g2yw4mifymbqjq2 part=2943 records=1 next_cursor=set
2026-02-17T11:58:22Z INFO bsky_collector_v2.job.index_feed_generators: indexed repo=did:plc:xosklbydjssioevu6d7qkrsb part=2944 records=1 next_cursor=set
2026-02-17T11:58:28Z INFO bsky_collector_v2.job.index_feed_generators: enqueued repos page=19 mode=listRepos inserted=500 repos_returned=500 next_cursor=set
2026-02-17T11:58:42Z WARNING bsky_collector_v2.job.index_feed_generators: listRecords failed repo=did:plc:acnxolycwrahppnrehghq6lp err=HttpError('InvalidRequest: Could not find repo: did:plc:acnxolycwrahppnrehghq6lp')
2026-02-17T11:58:44Z INFO bsky_collector_v2.job.index_feed_generators: indexed repo=did:plc:bkxbpo2f5nedvvi2efte52pr part=2945 records=1 next_cursor=set
2026-02-17T11:58:52Z INFO bsky_collector_v2.job.index_feed_generators: indexed repo=did:plc:fctau3eedws5cdrvnv4k6n2q part=2946 records=1 next_cursor=set
2026-02-17T11:58:54Z INFO bsky_collector_v2.job.index_feed_generators: indexed repo=did:plc:gb6jx6rpxqksgtsvavk6v4e5 part=2947 records=2 next_cursor=set
2026-02-17T11:59:00Z INFO bsky_collector_v2.job.index_feed_generators: indexed repo=did:plc:i4yfpn5d4cpyewai65puopvg part=2948 records=8 next_cursor=set
2026-02-17T11:59:07Z INFO bsky_collector_v2.job.index_feed_generators: indexed repo=did:plc:ma654isqvru5ngi743lpklxp part=2949 records=1 next_cursor=set
2026-02-17T11:59:37Z INFO bsky_collector_v2.job.index_feed_generators: indexed repo=did:plc:zw26cvxphqe6czbg42qn2cbw part=2950 records=1 next_cursor=set
2026-02-17T11:59:37Z INFO bsky_collector_v2.job.index_feed_generators: indexed repo=did:plc:zwsud3l6oujh2d2fvxokpzv6 part=2951 records=4 next_cursor=set
2026-02-17T11:59:37Z WARNING bsky_collector_v2.job.index_feed_generators: listRecords failed repo=did:plc:acnxolycwrahppnrehghq6lp err=HttpError('InvalidRequest: Could not find repo: did:plc:acnxolycwrahppnrehghq6lp')
2026-02-17T11:59:38Z WARNING bsky_collector_v2.job.index_feed_generators: listRecords failed repo=did:plc:acnxolycwrahppnrehghq6lp err=HttpError('InvalidRequest: Could not find repo: did:plc:acnxolycwrahppnrehghq6lp')
2026-02-17T11:59:39Z INFO bsky_collector_v2.job.index_feed_generators: enqueued repos page=20 mode=listRepos inserted=500 repos_returned=500 next_cursor=set
2026-02-17T11:59:40Z INFO bsky_collector_v2.job.index_feed_generators: indexed repo=did:plc:2hf2oy7klxldmtznuz2zdpvm part=2952 records=1 next_cursor=set
2026-02-17T11:59:49Z WARNING bsky_collector_v2.job.index_feed_generators: listRecords failed repo=did:plc:5t3z7zuo2rbw4xhzyre2wclw err=HttpError('InvalidRequest: Could not find repo: did:plc:5t3z7zuo2rbw4xhzyre2wclw')
2026-02-17T11:59:59Z INFO bsky_collector_v2.job.index_feed_generators: indexed repo=did:plc:ce5tt32kpycf6bcsb4oy6v5n part=2953 records=4 next_cursor=set
2026-02-17T12:00:10Z INFO bsky_collector_v2.job.index_feed_generators: indexed repo=did:plc:hm5miwcsi4deuq434ykq4ana part=2954 records=7 next_cursor=set
2026-02-17T12:00:15Z WARNING bsky_collector_v2.job.index_feed_generators: listRecords failed repo=did:plc:kf6nzvai3gl3u72r4ugmaw43 err=HttpError('InvalidRequest: Could not find repo: did:plc:kf6nzvai3gl3u72r4ugmaw43')
2026-02-17T12:00:44Z WARNING bsky_collector_v2.job.index_feed_generators: listRecords failed repo=did:plc:5t3z7zuo2rbw4xhzyre2wclw err=HttpError('InvalidRequest: Could not find repo: did:plc:5t3z7zuo2rbw4xhzyre2wclw')
2026-02-17T12:00:44Z WARNING bsky_collector_v2.job.index_feed_generators: listRecords failed repo=did:plc:kf6nzvai3gl3u72r4ugmaw43 err=HttpError('InvalidRequest: Could not find repo: did:plc:kf6nzvai3gl3u72r4ugmaw43')
2026-02-17T12:00:44Z WARNING bsky_collector_v2.job.index_feed_generators: listRecords failed repo=did:plc:5t3z7zuo2rbw4xhzyre2wclw err=HttpError('InvalidRequest: Could not find repo: did:plc:5t3z7zuo2rbw4xhzyre2wclw')
2026-02-17T12:00:45Z WARNING bsky_collector_v2.job.index_feed_generators: listRecords failed repo=did:plc:kf6nzvai3gl3u72r4ugmaw43 err=HttpError('InvalidRequest: Could not find repo: did:plc:kf6nzvai3gl3u72r4ugmaw43')
2026-02-17T12:00:45Z INFO bsky_collector_v2.job.index_feed_generators: enqueued repos page=21 mode=listRepos inserted=500 repos_returned=500 next_cursor=set
2026-02-17T12:00:51Z INFO bsky_collector_v2.job.index_feed_generators: indexed repo=did:plc:54xeezqjc5yarbtg7xmjq47a part=2955 records=2 next_cursor=set
2026-02-17T12:00:58Z INFO bsky_collector_v2.job.index_feed_generators: indexed repo=did:plc:ay4dpyj746mbuiwxlrkk5frk part=2956 records=1 next_cursor=set
2026-02-17T12:01:35Z INFO bsky_collector_v2.job.index_feed_generators: indexed repo=did:plc:llgamq2yau7bk2gihrqnvj3a part=2957 records=1 next_cursor=set
2026-02-17T12:01:49Z INFO bsky_collector_v2.job.index_feed_generators: indexed repo=did:plc:romh263gzfxh73lwt5d6s6ww part=2958 records=1 next_cursor=set
2026-02-17T12:01:53Z INFO bsky_collector_v2.job.index_feed_generators: indexed repo=did:plc:tbuugr3nmdjuj6rofto7kl4b part=2959 records=2 next_cursor=set
2026-02-17T12:01:53Z INFO bsky_collector_v2.job.index_feed_generators: indexed repo=did:plc:tix5rko2rvih622q6pyb7fve part=2960 records=3 next_cursor=set
2026-02-17T12:01:59Z INFO bsky_collector_v2.job.index_feed_generators: indexed repo=did:plc:vvpshykatul2lppbagzfnnst part=2961 records=1 next_cursor=set
2026-02-17T12:02:05Z WARNING bsky_collector_v2.job.index_feed_generators: listRecords failed repo=did:plc:yihciqglfiqssuwtbujewkwr err=HttpError('InvalidRequest: Could not find repo: did:plc:yihciqglfiqssuwtbujewkwr')
2026-02-17T12:02:10Z WARNING bsky_collector_v2.job.index_feed_generators: listRecords failed repo=did:plc:yihciqglfiqssuwtbujewkwr err=HttpError('InvalidRequest: Could not find repo: did:plc:yihciqglfiqssuwtbujewkwr')
2026-02-17T12:02:10Z WARNING bsky_collector_v2.job.index_feed_generators: listRecords failed repo=did:plc:yihciqglfiqssuwtbujewkwr err=HttpError('InvalidRequest: Could not find repo: did:plc:yihciqglfiqssuwtbujewkwr')
2026-02-17T12:02:10Z INFO bsky_collector_v2.job.index_feed_generators: enqueued repos page=22 mode=listRepos inserted=500 repos_returned=500 next_cursor=set
2026-02-17T12:02:19Z INFO bsky_collector_v2.job.index_feed_generators: indexed repo=did:plc:5tlffsot2yxqyymlyop4dm3w part=2962 records=1 next_cursor=set
2026-02-17T12:02:23Z INFO bsky_collector_v2.job.index_feed_generators: indexed repo=did:plc:7dk5eo6znnaq2uobwpxvkpoi part=2963 records=2 next_cursor=set
2026-02-17T12:03:11Z INFO bsky_collector_v2.job.index_feed_generators: indexed repo=did:plc:tvxdnawj2x7g6pxaqhmd3n2p part=2964 records=5 next_cursor=set
2026-02-17T12:03:15Z INFO bsky_collector_v2.job.index_feed_generators: indexed repo=did:plc:vkf7nretjvj6awcukb67f7wi part=2965 records=2 next_cursor=set
2026-02-17T12:03:22Z INFO bsky_collector_v2.job.index_feed_generators: enqueued repos page=23 mode=listRepos inserted=500 repos_returned=500 next_cursor=set
2026-02-17T12:03:24Z INFO bsky_collector_v2.job.index_feed_generators: indexed repo=did:plc:3e3iphpt5zcyp2te6j4ly43i part=2966 records=2 next_cursor=set
2026-02-17T12:03:30Z INFO bsky_collector_v2.job.index_feed_generators: indexed repo=did:plc:64xi7bx2yuhmq3qrx67m5nmt part=2967 records=1 next_cursor=set
2026-02-17T12:03:47Z INFO bsky_collector_v2.job.index_feed_generators: indexed repo=did:plc:gwk23pspkzx7ifoxvqvuab5q part=2968 records=1 next_cursor=set
2026-02-17T12:04:13Z INFO bsky_collector_v2.job.index_feed_generators: indexed repo=did:plc:ojmzaumglqpzthqn76vscutc part=2969 records=5 next_cursor=set
2026-02-17T12:04:21Z INFO bsky_collector_v2.job.index_feed_generators: indexed repo=did:plc:rt2edroumrngjjd4g3z2ojeg part=2970 records=1 next_cursor=set
2026-02-17T12:04:37Z INFO bsky_collector_v2.job.index_feed_generators: indexed repo=did:plc:xi5l2zmj3vlbl2z44oh54g5p part=2971 records=1 next_cursor=set
2026-02-17T12:04:42Z INFO bsky_collector_v2.job.index_feed_generators: indexed repo=did:plc:ysrotr44s73rs3dcmb6zesbk part=2972 records=1 next_cursor=set
2026-02-17T12:04:42Z INFO bsky_collector_v2.job.index_feed_generators: indexed repo=did:plc:yzhm5rhtw7rg2ieqmym36qgn part=2973 records=1 next_cursor=set
2026-02-17T12:04:46Z INFO bsky_collector_v2.job.index_feed_generators: enqueued repos page=24 mode=listRepos inserted=500 repos_returned=500 next_cursor=set
2026-02-17T12:04:53Z INFO bsky_collector_v2.job.index_feed_generators: indexed repo=did:plc:5ft5m5r424suw46woua3bwot part=2974 records=4 next_cursor=set
2026-02-17T12:04:57Z INFO bsky_collector_v2.job.index_feed_generators: indexed repo=did:plc:7bh5txgbsgv5g4uetsfaujow part=2975 records=1 next_cursor=set
2026-02-17T12:04:58Z INFO bsky_collector_v2.job.index_feed_generators: indexed repo=did:plc:7rnag5etk23ydbn7i3cpbr6a part=2976 records=1 next_cursor=set
2026-02-17T12:05:01Z INFO bsky_collector_v2.job.index_feed_generators: indexed repo=did:plc:aqyl467gk3aqr76zka5yi2y5 part=2977 records=1 next_cursor=set
2026-02-17T12:05:34Z INFO bsky_collector_v2.job.index_feed_generators: indexed repo=did:plc:pap4cxhaj6wckknam3rfglr2 part=2978 records=3 next_cursor=set
2026-02-17T12:06:09Z INFO bsky_collector_v2.job.index_feed_generators: enqueued repos page=25 mode=listRepos inserted=500 repos_returned=500 next_cursor=set
2026-02-17T12:06:10Z INFO bsky_collector_v2.job.index_feed_generators: indexed repo=did:plc:2bnehlnqnfaprsirkxetcygw part=2979 records=4 next_cursor=set
2026-02-17T12:06:13Z INFO bsky_collector_v2.job.index_feed_generators: indexed repo=did:plc:42zp2yynbkajomxfdlqanovz part=2980 records=3 next_cursor=set
2026-02-17T12:06:15Z INFO bsky_collector_v2.job.index_feed_generators: indexed repo=did:plc:4joyb37cehwukjc7aqtwcink part=2981 records=1 next_cursor=set
2026-02-17T12:06:19Z INFO bsky_collector_v2.job.index_feed_generators: indexed repo=did:plc:6ynyae4se7aspbms3vjy2lmr part=2982 records=1 next_cursor=set
2026-02-17T12:06:21Z INFO bsky_collector_v2.job.index_feed_generators: indexed repo=did:plc:7kd3ckrbsd3gatfxkrbju5hb part=2983 records=7 next_cursor=set
2026-02-17T12:06:31Z INFO bsky_collector_v2.job.index_feed_generators: indexed repo=did:plc:e4pu6hvm75bwvnahnxy5kufs part=2984 records=1 next_cursor=set
2026-02-17T12:06:48Z INFO bsky_collector_v2.job.index_feed_generators: indexed repo=did:plc:lv7qai7vxlju7lnkmaix6mhj part=2985 records=1 next_cursor=set
2026-02-17T12:06:53Z INFO bsky_collector_v2.job.index_feed_generators: indexed repo=did:plc:nyfm7dfkqyvt3axnxf77hb3w part=2986 records=1 next_cursor=set
2026-02-17T12:06:54Z INFO bsky_collector_v2.job.index_feed_generators: indexed repo=did:plc:o7cxcwuatqfjbihxq6anqdrn part=2987 records=2 next_cursor=set
2026-02-17T12:07:17Z INFO bsky_collector_v2.job.index_feed_generators: indexed repo=did:plc:yyxe7qo47y7ks6rjbve3m4om part=2988 records=2 next_cursor=set
2026-02-17T12:07:18Z INFO bsky_collector_v2.job.index_feed_generators: indexed repo=did:plc:zo4aqbdxwiwrtzhhqf5ho7k4 part=2989 records=1 next_cursor=set
2026-02-17T12:07:21Z INFO bsky_collector_v2.job.index_feed_generators: enqueued repos page=26 mode=listRepos inserted=500 repos_returned=500 next_cursor=set
2026-02-17T12:07:22Z WARNING bsky_collector_v2.job.index_feed_generators: listRecords failed repo=did:plc:2qicmix2w6zkxjowz2sv6zrq err=HttpError('InvalidRequest: Could not find repo: did:plc:2qicmix2w6zkxjowz2sv6zrq')
2026-02-17T12:07:28Z INFO bsky_collector_v2.job.index_feed_generators: indexed repo=did:plc:6layjhfm3eucxkfxrl3t3utl part=2990 records=3 next_cursor=set
2026-02-17T12:07:35Z INFO bsky_collector_v2.job.index_feed_generators: indexed repo=did:plc:bor5fwmglamz7ayoxmq2fnpw part=2991 records=1 next_cursor=set
2026-02-17T12:07:39Z INFO bsky_collector_v2.job.index_feed_generators: indexed repo=did:plc:d3cxjuatd2kixm2hmtxpgvee part=2992 records=1 next_cursor=set
2026-02-17T12:07:40Z WARNING bsky_collector_v2.job.index_feed_generators: listRecords failed repo=did:plc:e3d2yt4yf4olcaydpp3df2pq err=HttpError('InvalidRequest: Could not find repo: did:plc:e3d2yt4yf4olcaydpp3df2pq')
2026-02-17T12:08:04Z INFO bsky_collector_v2.job.index_feed_generators: indexed repo=did:plc:n6jmppuiwlsebl2ixktgfjgi part=2993 records=2 next_cursor=set
2026-02-17T12:08:06Z INFO bsky_collector_v2.job.index_feed_generators: indexed repo=did:plc:nmk5x2qrozniwcxkmzu4subv part=2994 records=2 next_cursor=set
2026-02-17T12:08:35Z INFO bsky_collector_v2.job.index_feed_generators: indexed repo=did:plc:ws7n7kxaiesgriyir63cbwde part=2995 records=2 next_cursor=set
2026-02-17T12:08:49Z INFO bsky_collector_v2.job.index_feed_generators: indexed repo=did:plc:zs3bnd5sjfzqtsapentn426r part=2996 records=1 next_cursor=set
2026-02-17T12:08:51Z WARNING bsky_collector_v2.job.index_feed_generators: listRecords failed repo=did:plc:2qicmix2w6zkxjowz2sv6zrq err=HttpError('InvalidRequest: Could not find repo: did:plc:2qicmix2w6zkxjowz2sv6zrq')
2026-02-17T12:08:52Z WARNING bsky_collector_v2.job.index_feed_generators: listRecords failed repo=did:plc:e3d2yt4yf4olcaydpp3df2pq err=HttpError('InvalidRequest: Could not find repo: did:plc:e3d2yt4yf4olcaydpp3df2pq')
2026-02-17T12:08:53Z WARNING bsky_collector_v2.job.index_feed_generators: listRecords failed repo=did:plc:2qicmix2w6zkxjowz2sv6zrq err=HttpError('InvalidRequest: Could not find repo: did:plc:2qicmix2w6zkxjowz2sv6zrq')
2026-02-17T12:08:53Z WARNING bsky_collector_v2.job.index_feed_generators: listRecords failed repo=did:plc:e3d2yt4yf4olcaydpp3df2pq err=HttpError('InvalidRequest: Could not find repo: did:plc:e3d2yt4yf4olcaydpp3df2pq')
2026-02-17T12:08:53Z INFO bsky_collector_v2.job.index_feed_generators: enqueued repos page=27 mode=listRepos inserted=500 repos_returned=500 next_cursor=set
2026-02-17T12:09:18Z INFO bsky_collector_v2.job.index_feed_generators: indexed repo=did:plc:cubbfi3rcp5hniitgiv7pere part=2997 records=1 next_cursor=set
2026-02-17T12:09:21Z INFO bsky_collector_v2.job.index_feed_generators: indexed repo=did:plc:dzyvnal5ssbe4ulu2ou3sdrw part=2998 records=2 next_cursor=set
2026-02-17T12:09:32Z INFO bsky_collector_v2.job.index_feed_generators: indexed repo=did:plc:k5jtajzmypb7brprw2xviszz part=2999 records=1 next_cursor=set
2026-02-17T12:09:56Z WARNING bsky_collector_v2.job.index_feed_generators: listRecords failed repo=did:plc:viggs44yvatttc4a3kw5jgx5 err=HttpError('InvalidRequest: Could not find repo: did:plc:viggs44yvatttc4a3kw5jgx5')
2026-02-17T12:09:57Z INFO bsky_collector_v2.job.index_feed_generators: indexed repo=did:plc:vq73rbb4jubcho2tlkqr2ni4 part=3000 records=3 next_cursor=set
2026-02-17T12:10:07Z WARNING bsky_collector_v2.job.index_feed_generators: listRecords failed repo=did:web:npub1zafcms4xya5ap9zr7xxr0jlrtrattwlesytn2s42030lzu0dwlzqpd26k5.eclipse.pub err=HttpError('InvalidRequest: Could not find repo: did:web:npub1zafcms4xya5ap9zr7xxr0jlrtrattwlesytn2s42030lzu0dwlzqpd26k5.eclipse.pub')
2026-02-17T12:10:07Z WARNING bsky_collector_v2.job.index_feed_generators: listRecords failed repo=did:plc:viggs44yvatttc4a3kw5jgx5 err=HttpError('InvalidRequest: Could not find repo: did:plc:viggs44yvatttc4a3kw5jgx5')
2026-02-17T12:10:08Z WARNING bsky_collector_v2.job.index_feed_generators: listRecords failed repo=did:web:npub1zafcms4xya5ap9zr7xxr0jlrtrattwlesytn2s42030lzu0dwlzqpd26k5.eclipse.pub err=HttpError('InvalidRequest: Could not find repo: did:web:npub1zafcms4xya5ap9zr7xxr0jlrtrattwlesytn2s42030lzu0dwlzqpd26k5.eclipse.pub')
2026-02-17T12:10:08Z WARNING bsky_collector_v2.job.index_feed_generators: listRecords failed repo=did:plc:viggs44yvatttc4a3kw5jgx5 err=HttpError('InvalidRequest: Could not find repo: did:plc:viggs44yvatttc4a3kw5jgx5')
2026-02-17T12:10:08Z WARNING bsky_collector_v2.job.index_feed_generators: listRecords failed repo=did:web:npub1zafcms4xya5ap9zr7xxr0jlrtrattwlesytn2s42030lzu0dwlzqpd26k5.eclipse.pub err=HttpError('InvalidRequest: Could not find repo: did:web:npub1zafcms4xya5ap9zr7xxr0jlrtrattwlesytn2s42030lzu0dwlzqpd26k5.eclipse.pub')
2026-02-17T12:10:08Z INFO bsky_collector_v2.job.index_feed_generators: enqueued repos page=28 mode=listRepos inserted=500 repos_returned=500 next_cursor=set
2026-02-17T12:10:50Z INFO bsky_collector_v2.job.index_feed_generators: indexed repo=did:plc:ncry7f6o7xgmb3kl5vm7jgm3 part=3001 records=1 next_cursor=set
2026-02-17T12:11:08Z INFO bsky_collector_v2.job.index_feed_generators: indexed repo=did:plc:wdmjjx4lm26muymzsiqt2y6n part=3002 records=1 next_cursor=set
2026-02-17T12:11:18Z INFO bsky_collector_v2.job.index_feed_generators: enqueued repos page=29 mode=listRepos inserted=500 repos_returned=500 next_cursor=set
2026-02-17T12:11:28Z INFO bsky_collector_v2.job.index_feed_generators: indexed repo=did:plc:6jtai3tr4qykfvmvdqjtljsl part=3003 records=1 next_cursor=set
2026-02-17T12:11:39Z INFO bsky_collector_v2.job.index_feed_generators: indexed repo=did:plc:egbvroxac2vkupex45uh5amh part=3004 records=1 next_cursor=set
2026-02-17T12:11:43Z INFO bsky_collector_v2.job.index_feed_generators: indexed repo=did:plc:fsvhoqz7bp6mjkpc6pphsaf3 part=3005 records=4 next_cursor=set
2026-02-17T12:12:03Z INFO bsky_collector_v2.job.index_feed_generators: indexed repo=did:plc:nffm3pskqn4hupbyogjyly2g part=3006 records=2 next_cursor=set
2026-02-17T12:12:04Z WARNING bsky_collector_v2.job.index_feed_generators: listRecords failed repo=did:plc:nxpzfasdlgfcih3gp4tlffd6 err=HttpError('InvalidRequest: Could not find repo: did:plc:nxpzfasdlgfcih3gp4tlffd6')
2026-02-17T12:12:12Z INFO bsky_collector_v2.job.index_feed_generators: indexed repo=did:plc:qxrwenhabdt2bywkgdh46w5t part=3007 records=4 next_cursor=set
2026-02-17T12:12:28Z INFO bsky_collector_v2.job.index_feed_generators: indexed repo=did:plc:yh6tkhx3ulwo6lbbequxl4yg part=3008 records=1 next_cursor=set
2026-02-17T12:12:33Z INFO bsky_collector_v2.job.index_feed_generators: indexed repo=did:plc:zm6wpyvjx3b6nmyevoshexua part=3009 records=2 next_cursor=set
2026-02-17T12:12:34Z WARNING bsky_collector_v2.job.index_feed_generators: listRecords failed repo=did:plc:nxpzfasdlgfcih3gp4tlffd6 err=HttpError('InvalidRequest: Could not find repo: did:plc:nxpzfasdlgfcih3gp4tlffd6')
2026-02-17T12:12:35Z WARNING bsky_collector_v2.job.index_feed_generators: listRecords failed repo=did:plc:nxpzfasdlgfcih3gp4tlffd6 err=HttpError('InvalidRequest: Could not find repo: did:plc:nxpzfasdlgfcih3gp4tlffd6')
2026-02-17T12:12:35Z INFO bsky_collector_v2.job.index_feed_generators: enqueued repos page=30 mode=listRepos inserted=500 repos_returned=500 next_cursor=set
2026-02-17T12:12:36Z INFO bsky_collector_v2.job.index_feed_generators: indexed repo=did:plc:2764xv3oa7ltntl4noxu3wq3 part=3010 records=3 next_cursor=set
2026-02-17T12:12:53Z INFO bsky_collector_v2.job.index_feed_generators: indexed repo=did:plc:d2gd2uvl6j6k2xga63zhn4ch part=3011 records=2 next_cursor=set
2026-02-17T12:13:09Z INFO bsky_collector_v2.job.index_feed_generators: indexed repo=did:plc:jvrflqgua7wi2juipz6ngmvn part=3012 records=3 next_cursor=set
2026-02-17T12:13:11Z INFO bsky_collector_v2.job.index_feed_generators: indexed repo=did:plc:kye3gvetqxfxjtlybssddgzj part=3013 records=1 next_cursor=set
2026-02-17T12:13:11Z INFO bsky_collector_v2.job.index_feed_generators: indexed repo=did:plc:kz7drqcf2zt7pa6ohpohzsgr part=3014 records=1 next_cursor=set
2026-02-17T12:13:14Z INFO bsky_collector_v2.job.index_feed_generators: indexed repo=did:plc:mmddcl2eabxq5lyzlwwwjvqy part=3015 records=1 next_cursor=set
2026-02-17T12:13:14Z INFO bsky_collector_v2.job.index_feed_generators: indexed repo=did:plc:moxja25w3igreroggohzljvv part=3016 records=4 next_cursor=set
2026-02-17T12:13:18Z INFO bsky_collector_v2.job.index_feed_generators: indexed repo=did:plc:on3xba422hd3udgqpdegyoy3 part=3017 records=1 next_cursor=set
2026-02-17T12:13:19Z INFO bsky_collector_v2.job.index_feed_generators: indexed repo=did:plc:pbkykgsdahixewbd3m7qki7q part=3018 records=1 next_cursor=set
2026-02-17T12:13:24Z INFO bsky_collector_v2.job.index_feed_generators: indexed repo=did:plc:rcxzrvl6o4eup725fvogffb4 part=3019 records=2 next_cursor=set
2026-02-17T12:13:29Z INFO bsky_collector_v2.job.index_feed_generators: indexed repo=did:plc:t56yfoo3ozdqof2kbbj5qxt3 part=3020 records=1 next_cursor=set
2026-02-17T12:13:34Z INFO bsky_collector_v2.job.index_feed_generators: indexed repo=did:plc:uq7noehztz2qnbiptvplqwwc part=3021 records=3 next_cursor=set
2026-02-17T12:13:43Z INFO bsky_collector_v2.job.index_feed_generators: indexed repo=did:plc:yrh6c32zsb2kgwnhob6fbieh part=3022 records=2 next_cursor=set
2026-02-17T12:13:43Z INFO bsky_collector_v2.job.index_feed_generators: indexed repo=did:plc:yvgrupeggsszs4auflnr6oa7 part=3023 records=7 next_cursor=set
2026-02-17T12:13:47Z INFO bsky_collector_v2.job.index_feed_generators: enqueued repos page=31 mode=listRepos inserted=500 repos_returned=500 next_cursor=set
2026-02-17T12:13:50Z INFO bsky_collector_v2.job.index_feed_generators: indexed repo=did:plc:3yglalj77gi5tja5eyl3gcui part=3024 records=1 next_cursor=set
2026-02-17T12:13:58Z WARNING bsky_collector_v2.job.index_feed_generators: listRecords failed repo=did:plc:afe632bvvg54nyjlqmx77qpd err=HttpError('InvalidRequest: Could not find repo: did:plc:afe632bvvg54nyjlqmx77qpd')
2026-02-17T12:14:00Z INFO bsky_collector_v2.job.index_feed_generators: indexed repo=did:plc:az7bmm2yixloxtqvewfd4ggl part=3025 records=1 next_cursor=set
2026-02-17T12:14:02Z WARNING bsky_collector_v2.job.index_feed_generators: listRecords failed repo=did:plc:bzcqosvjxeavat6x643ugt62 err=HttpError('InvalidRequest: Could not find repo: did:plc:bzcqosvjxeavat6x643ugt62')
2026-02-17T12:14:05Z INFO bsky_collector_v2.job.index_feed_generators: indexed repo=did:plc:d54obbaneaon6u3ooeo4fhyp part=3026 records=4 next_cursor=set
2026-02-17T12:14:07Z INFO bsky_collector_v2.job.index_feed_generators: indexed repo=did:plc:dvrewxzrlx54742hc4ufeflu part=3027 records=5 next_cursor=set
2026-02-17T12:14:38Z INFO bsky_collector_v2.job.index_feed_generators: indexed repo=did:plc:pie4fju5qci2isuigg2qbnid part=3028 records=1 next_cursor=set
2026-02-17T12:15:03Z INFO bsky_collector_v2.job.index_feed_generators: indexed repo=did:plc:znk2yyr5csq3vbevk4wjgzul part=3029 records=4 next_cursor=set
2026-02-17T12:15:04Z WARNING bsky_collector_v2.job.index_feed_generators: listRecords failed repo=did:plc:afe632bvvg54nyjlqmx77qpd err=HttpError('InvalidRequest: Could not find repo: did:plc:afe632bvvg54nyjlqmx77qpd')
2026-02-17T12:15:04Z WARNING bsky_collector_v2.job.index_feed_generators: listRecords failed repo=did:plc:bzcqosvjxeavat6x643ugt62 err=HttpError('InvalidRequest: Could not find repo: did:plc:bzcqosvjxeavat6x643ugt62')
2026-02-17T12:15:04Z WARNING bsky_collector_v2.job.index_feed_generators: listRecords failed repo=did:plc:afe632bvvg54nyjlqmx77qpd err=HttpError('InvalidRequest: Could not find repo: did:plc:afe632bvvg54nyjlqmx77qpd')
2026-02-17T12:15:04Z WARNING bsky_collector_v2.job.index_feed_generators: listRecords failed repo=did:plc:bzcqosvjxeavat6x643ugt62 err=HttpError('InvalidRequest: Could not find repo: did:plc:bzcqosvjxeavat6x643ugt62')
2026-02-17T12:15:05Z INFO bsky_collector_v2.job.index_feed_generators: enqueued repos page=32 mode=listRepos inserted=500 repos_returned=500 next_cursor=set
2026-02-17T12:15:06Z INFO bsky_collector_v2.job.index_feed_generators: indexed repo=did:plc:2fvh5dpwqayr53c7ahbhfbd6 part=3030 records=2 next_cursor=set
2026-02-17T12:15:28Z WARNING bsky_collector_v2.job.index_feed_generators: listRecords failed repo=did:plc:c7uznowzdwtktcahjhgq5mhl err=HttpError('InvalidRequest: Could not find repo: did:plc:c7uznowzdwtktcahjhgq5mhl')
2026-02-17T12:15:34Z INFO bsky_collector_v2.job.index_feed_generators: indexed repo=did:plc:g5r4rlas4g7iatyocbpibg6o part=3031 records=7 next_cursor=set
2026-02-17T12:15:35Z WARNING bsky_collector_v2.job.index_feed_generators: listRecords failed repo=did:plc:gboopsaugoyjabl25ztrxm74 err=HttpError('InvalidRequest: Could not find repo: did:plc:gboopsaugoyjabl25ztrxm74')
2026-02-17T12:15:40Z INFO bsky_collector_v2.job.index_feed_generators: indexed repo=did:plc:jg5iuvxe2zjk6bstkad2ucqz part=3032 records=1 next_cursor=set
2026-02-17T12:16:07Z INFO bsky_collector_v2.job.index_feed_generators: indexed repo=did:plc:wjmnaeundnh5445wtotkmk5q part=3033 records=4 next_cursor=set
2026-02-17T12:16:09Z INFO bsky_collector_v2.job.index_feed_generators: indexed repo=did:plc:xaezxl66xsa7ygdfsecj5svw part=3034 records=3 next_cursor=set
2026-02-17T12:16:11Z INFO bsky_collector_v2.job.index_feed_generators: indexed repo=did:plc:yjdcej27rbi2th37m7sj6iu2 part=3035 records=2 next_cursor=set
2026-02-17T12:16:16Z WARNING bsky_collector_v2.job.index_feed_generators: listRecords failed repo=did:plc:c7uznowzdwtktcahjhgq5mhl err=HttpError('InvalidRequest: Could not find repo: did:plc:c7uznowzdwtktcahjhgq5mhl')
2026-02-17T12:16:16Z WARNING bsky_collector_v2.job.index_feed_generators: listRecords failed repo=did:plc:gboopsaugoyjabl25ztrxm74 err=HttpError('InvalidRequest: Could not find repo: did:plc:gboopsaugoyjabl25ztrxm74')
2026-02-17T12:16:17Z WARNING bsky_collector_v2.job.index_feed_generators: listRecords failed repo=did:plc:c7uznowzdwtktcahjhgq5mhl err=HttpError('InvalidRequest: Could not find repo: did:plc:c7uznowzdwtktcahjhgq5mhl')
2026-02-17T12:16:17Z WARNING bsky_collector_v2.job.index_feed_generators: listRecords failed repo=did:plc:gboopsaugoyjabl25ztrxm74 err=HttpError('InvalidRequest: Could not find repo: did:plc:gboopsaugoyjabl25ztrxm74')
2026-02-17T12:16:17Z INFO bsky_collector_v2.job.index_feed_generators: enqueued repos page=33 mode=listRepos inserted=500 repos_returned=500 next_cursor=set
2026-02-17T12:16:43Z INFO bsky_collector_v2.job.index_feed_generators: indexed repo=did:plc:fgj3xul3chprz7ddcuppwe4i part=3036 records=3 next_cursor=set
2026-02-17T12:16:44Z INFO bsky_collector_v2.job.index_feed_generators: indexed repo=did:plc:gfh4dxlhx3irjh2xtgqunpr3 part=3037 records=1 next_cursor=set
2026-02-17T12:16:52Z INFO bsky_collector_v2.job.index_feed_generators: indexed repo=did:plc:kapzsqg3m5cc2pbne6j32ghm part=3038 records=1 next_cursor=set
2026-02-17T12:16:59Z INFO bsky_collector_v2.job.index_feed_generators: indexed repo=did:plc:mrh5yezdn4uimjwpsmm4ulzs part=3039 records=1 next_cursor=set
2026-02-17T12:17:16Z WARNING bsky_collector_v2.job.index_feed_generators: listRecords failed repo=did:plc:sl2yy2hutyiuzh2p2cnh6ghv err=HttpError('InvalidRequest: Could not find repo: did:plc:sl2yy2hutyiuzh2p2cnh6ghv')
2026-02-17T12:17:34Z WARNING bsky_collector_v2.job.index_feed_generators: listRecords failed repo=did:plc:sl2yy2hutyiuzh2p2cnh6ghv err=HttpError('InvalidRequest: Could not find repo: did:plc:sl2yy2hutyiuzh2p2cnh6ghv')
2026-02-17T12:17:34Z WARNING bsky_collector_v2.job.index_feed_generators: listRecords failed repo=did:plc:sl2yy2hutyiuzh2p2cnh6ghv err=HttpError('InvalidRequest: Could not find repo: did:plc:sl2yy2hutyiuzh2p2cnh6ghv')
2026-02-17T12:17:35Z INFO bsky_collector_v2.job.index_feed_generators: enqueued repos page=34 mode=listRepos inserted=500 repos_returned=500 next_cursor=set
2026-02-17T12:17:45Z INFO bsky_collector_v2.job.index_feed_generators: indexed repo=did:plc:5pp2vminbjmsy5yc2tea773e part=3040 records=1 next_cursor=set
2026-02-17T12:17:52Z INFO bsky_collector_v2.job.index_feed_generators: indexed repo=did:plc:7bd5ud72acwhic5lp3rgwa4k part=3041 records=1 next_cursor=set
2026-02-17T12:17:56Z INFO bsky_collector_v2.job.index_feed_generators: indexed repo=did:plc:bfrotkictulpgudtt67bzjte part=3042 records=6 next_cursor=set
2026-02-17T12:18:23Z WARNING bsky_collector_v2.job.index_feed_generators: listRecords failed repo=did:plc:mgghlwycfe3oqzm4pi4ti77e err=HttpError('InvalidRequest: Could not find repo: did:plc:mgghlwycfe3oqzm4pi4ti77e')
2026-02-17T12:18:36Z INFO bsky_collector_v2.job.index_feed_generators: indexed repo=did:plc:sxyw44n6ryifudquukrbprsz part=3043 records=1 next_cursor=set
2026-02-17T12:18:39Z INFO bsky_collector_v2.job.index_feed_generators: indexed repo=did:plc:uacctp3vxyrgkdhqn37hlyvp part=3044 records=2 next_cursor=set
2026-02-17T12:18:50Z WARNING bsky_collector_v2.job.index_feed_generators: listRecords failed repo=did:plc:mgghlwycfe3oqzm4pi4ti77e err=HttpError('InvalidRequest: Could not find repo: did:plc:mgghlwycfe3oqzm4pi4ti77e')
2026-02-17T12:18:50Z WARNING bsky_collector_v2.job.index_feed_generators: listRecords failed repo=did:plc:mgghlwycfe3oqzm4pi4ti77e err=HttpError('InvalidRequest: Could not find repo: did:plc:mgghlwycfe3oqzm4pi4ti77e')
2026-02-17T12:18:51Z INFO bsky_collector_v2.job.index_feed_generators: enqueued repos page=35 mode=listRepos inserted=500 repos_returned=500 next_cursor=set
2026-02-17T12:19:00Z INFO bsky_collector_v2.job.index_feed_generators: indexed repo=did:plc:65vkjcgdliufme3i2ayqy7yu part=3045 records=3 next_cursor=set
2026-02-17T12:19:07Z INFO bsky_collector_v2.job.index_feed_generators: indexed repo=did:plc:7x76vfxaz5nt3q3jjaestv2w part=3046 records=1 next_cursor=set
2026-02-17T12:19:07Z INFO bsky_collector_v2.job.index_feed_generators: indexed repo=did:plc:7zbhk7wftasb4oy2wx6vaued part=3047 records=1 next_cursor=set
2026-02-17T12:19:17Z WARNING bsky_collector_v2.job.index_feed_generators: listRecords failed repo=did:plc:ewazix2ceyczujskctijvswn err=HttpError('InvalidRequest: Could not find repo: did:plc:ewazix2ceyczujskctijvswn')
2026-02-17T12:19:26Z INFO bsky_collector_v2.job.index_feed_generators: indexed repo=did:plc:i6y3jdklpvkjvynvsrnqfdoq part=3048 records=14 next_cursor=set
2026-02-17T12:19:40Z INFO bsky_collector_v2.job.index_feed_generators: indexed repo=did:plc:o6wavtluiklif7v4p6rxyc4f part=3049 records=1 next_cursor=set
2026-02-17T12:19:45Z INFO bsky_collector_v2.job.index_feed_generators: indexed repo=did:plc:pteprfpyn6sxyrrff6pvx7u3 part=3050 records=1 next_cursor=set
2026-02-17T12:19:49Z INFO bsky_collector_v2.job.index_feed_generators: indexed repo=did:plc:qbmn235vqnwq6qt5b3rig3k2 part=3051 records=1 next_cursor=set
2026-02-17T12:19:54Z INFO bsky_collector_v2.job.index_feed_generators: indexed repo=did:plc:r2ftyzdcp62wtotzsh7iopuc part=3052 records=1 next_cursor=set
2026-02-17T12:20:05Z INFO bsky_collector_v2.job.index_feed_generators: indexed repo=did:plc:u4wt556bntd5wlvy3d3ydtur part=3053 records=1 next_cursor=set
2026-02-17T12:20:18Z INFO bsky_collector_v2.job.index_feed_generators: indexed repo=did:plc:yzd7qhlqgleuf43d32ivxxip part=3054 records=1 next_cursor=set
2026-02-17T12:20:19Z WARNING bsky_collector_v2.job.index_feed_generators: listRecords failed repo=did:plc:znbtxdzbmk3uictuiml433ev err=HttpError('InvalidRequest: Could not find repo: did:plc:znbtxdzbmk3uictuiml433ev')
2026-02-17T12:20:20Z WARNING bsky_collector_v2.job.index_feed_generators: listRecords failed repo=did:plc:ewazix2ceyczujskctijvswn err=HttpError('InvalidRequest: Could not find repo: did:plc:ewazix2ceyczujskctijvswn')
2026-02-17T12:20:21Z WARNING bsky_collector_v2.job.index_feed_generators: listRecords failed repo=did:plc:znbtxdzbmk3uictuiml433ev err=HttpError('InvalidRequest: Could not find repo: did:plc:znbtxdzbmk3uictuiml433ev')
2026-02-17T12:20:21Z WARNING bsky_collector_v2.job.index_feed_generators: listRecords failed repo=did:plc:ewazix2ceyczujskctijvswn err=HttpError('InvalidRequest: Could not find repo: did:plc:ewazix2ceyczujskctijvswn')
2026-02-17T12:20:21Z WARNING bsky_collector_v2.job.index_feed_generators: listRecords failed repo=did:plc:znbtxdzbmk3uictuiml433ev err=HttpError('InvalidRequest: Could not find repo: did:plc:znbtxdzbmk3uictuiml433ev')
2026-02-17T12:20:22Z INFO bsky_collector_v2.job.index_feed_generators: enqueued repos page=36 mode=listRepos inserted=500 repos_returned=500 next_cursor=set
2026-02-17T12:20:26Z INFO bsky_collector_v2.job.index_feed_generators: indexed repo=did:plc:462qir2srant46ja4ckckjha part=3055 records=1 next_cursor=set
2026-02-17T12:20:27Z INFO bsky_collector_v2.job.index_feed_generators: indexed repo=did:plc:4mpzzdhbcxbnin4cpx6n5osd part=3056 records=1 next_cursor=set
2026-02-17T12:20:34Z WARNING bsky_collector_v2.job.index_feed_generators: listRecords failed repo=did:plc:a3jkp3ihiuejkzeyc67y4olf err=HttpError('InvalidRequest: Could not find repo: did:plc:a3jkp3ihiuejkzeyc67y4olf')
2026-02-17T12:20:35Z INFO bsky_collector_v2.job.index_feed_generators: indexed repo=did:plc:ai7wri4f6w2pbm24ceadpdnv part=3057 records=1 next_cursor=set
2026-02-17T12:20:51Z INFO bsky_collector_v2.job.index_feed_generators: indexed repo=did:plc:ir6pqslmttu5m523bnrswtgy part=3058 records=1 next_cursor=set
2026-02-17T12:21:14Z WARNING bsky_collector_v2.job.index_feed_generators: listRecords failed repo=did:plc:sbjvml7c277s23hkumtol6f6 err=HttpError('InvalidRequest: Could not find repo: did:plc:sbjvml7c277s23hkumtol6f6')
2026-02-17T12:21:20Z INFO bsky_collector_v2.job.index_feed_generators: indexed repo=did:plc:udxyrf3abhlbf2jnyycuwd6b part=3059 records=1 next_cursor=set
2026-02-17T12:21:30Z WARNING bsky_collector_v2.job.index_feed_generators: listRecords failed repo=did:plc:a3jkp3ihiuejkzeyc67y4olf err=HttpError('InvalidRequest: Could not find repo: did:plc:a3jkp3ihiuejkzeyc67y4olf')
2026-02-17T12:21:30Z WARNING bsky_collector_v2.job.index_feed_generators: listRecords failed repo=did:plc:sbjvml7c277s23hkumtol6f6 err=HttpError('InvalidRequest: Could not find repo: did:plc:sbjvml7c277s23hkumtol6f6')
2026-02-17T12:21:31Z WARNING bsky_collector_v2.job.index_feed_generators: listRecords failed repo=did:plc:a3jkp3ihiuejkzeyc67y4olf err=HttpError('InvalidRequest: Could not find repo: did:plc:a3jkp3ihiuejkzeyc67y4olf')
2026-02-17T12:21:31Z WARNING bsky_collector_v2.job.index_feed_generators: listRecords failed repo=did:plc:sbjvml7c277s23hkumtol6f6 err=HttpError('InvalidRequest: Could not find repo: did:plc:sbjvml7c277s23hkumtol6f6')
2026-02-17T12:21:31Z INFO bsky_collector_v2.job.index_feed_generators: enqueued repos page=37 mode=listRepos inserted=500 repos_returned=500 next_cursor=set
2026-02-17T12:21:37Z INFO bsky_collector_v2.job.index_feed_generators: indexed repo=did:plc:4hodhjl2kposuchzvpiviwps part=3060 records=1 next_cursor=set
2026-02-17T12:21:43Z INFO bsky_collector_v2.job.index_feed_generators: indexed repo=did:plc:6s7ddlyiwm2a3cce4gby4gly part=3061 records=1 next_cursor=set
2026-02-17T12:22:06Z INFO bsky_collector_v2.job.index_feed_generators: indexed repo=did:plc:jhvqw6yxiqmwqi34lr7r4ku7 part=3062 records=4 next_cursor=set
2026-02-17T12:22:16Z INFO bsky_collector_v2.job.index_feed_generators: indexed repo=did:plc:nvx2c2vrohpaaplmh2ar7j3j part=3063 records=1 next_cursor=set
2026-02-17T12:22:26Z INFO bsky_collector_v2.job.index_feed_generators: indexed repo=did:plc:stco7swgwkg5cx45hbz3yx4w part=3064 records=3 next_cursor=set
2026-02-17T12:22:34Z INFO bsky_collector_v2.job.index_feed_generators: indexed repo=did:plc:ulpqe2l2fwaq7wtsgzuonldv part=3065 records=3 next_cursor=set
2026-02-17T12:22:54Z INFO bsky_collector_v2.job.index_feed_generators: indexed repo=did:plc:zmvahessybmvwdsit2ktcmk3 part=3066 records=1 next_cursor=set
2026-02-17T12:22:55Z INFO bsky_collector_v2.job.index_feed_generators: enqueued repos page=38 mode=listRepos inserted=500 repos_returned=500 next_cursor=set
2026-02-17T12:23:02Z INFO bsky_collector_v2.job.index_feed_generators: indexed repo=did:plc:3w6bxdpbwapqemr2mpgotyot part=3067 records=2 next_cursor=set
2026-02-17T12:24:06Z INFO bsky_collector_v2.job.index_feed_generators: enqueued repos page=39 mode=listRepos inserted=500 repos_returned=500 next_cursor=set
2026-02-17T12:24:12Z INFO bsky_collector_v2.job.index_feed_generators: indexed repo=did:plc:4wdu6zob2dv75vfypqrrt2bo part=3068 records=2 next_cursor=set
2026-02-17T12:24:14Z INFO bsky_collector_v2.job.index_feed_generators: indexed repo=did:plc:5nlu4rlutsltpkqruxevlqzv part=3069 records=1 next_cursor=set
2026-02-17T12:24:16Z INFO bsky_collector_v2.job.index_feed_generators: indexed repo=did:plc:6picgcpkkktdzoltmxkbbxff part=3070 records=2 next_cursor=set
2026-02-17T12:24:21Z INFO bsky_collector_v2.job.index_feed_generators: indexed repo=did:plc:aymuvjwew4pdhr3c7lg2odqn part=3071 records=2 next_cursor=set
2026-02-17T12:24:37Z INFO bsky_collector_v2.job.index_feed_generators: indexed repo=did:plc:jtygnybw642eimfwsr553wfe part=3072 records=1 next_cursor=set
2026-02-17T12:24:43Z INFO bsky_collector_v2.job.index_feed_generators: indexed repo=did:plc:lzeye4rh6qzhyuulhk6qm5nv part=3073 records=1 next_cursor=set
2026-02-17T12:24:50Z INFO bsky_collector_v2.job.index_feed_generators: indexed repo=did:plc:pq426lenjormqmfxlss2v6z2 part=3074 records=2 next_cursor=set
2026-02-17T12:25:15Z INFO bsky_collector_v2.job.index_feed_generators: enqueued repos page=40 mode=listRepos inserted=500 repos_returned=500 next_cursor=set
2026-02-17T12:25:26Z INFO bsky_collector_v2.job.index_feed_generators: indexed repo=did:plc:6ixcgvgkk344jqvvqrzkcpid part=3075 records=1 next_cursor=set
2026-02-17T12:25:26Z WARNING bsky_collector_v2.job.index_feed_generators: listRecords failed repo=did:plc:6mf6ksprvr44wnmvxeufppcr err=HttpError('InvalidRequest: Could not find repo: did:plc:6mf6ksprvr44wnmvxeufppcr')
2026-02-17T12:25:27Z INFO bsky_collector_v2.job.index_feed_generators: indexed repo=did:plc:7lmgbopgi6lkuttbw33fteq2 part=3076 records=1 next_cursor=set
2026-02-17T12:25:38Z INFO bsky_collector_v2.job.index_feed_generators: indexed repo=did:plc:bigpmkbmtcimwelmff55krfg part=3077 records=2 next_cursor=set
2026-02-17T12:26:04Z INFO bsky_collector_v2.job.index_feed_generators: indexed repo=did:plc:kay4uskkmqnhhajmk3u7zbbu part=3078 records=1 next_cursor=set
2026-02-17T12:26:04Z INFO bsky_collector_v2.job.index_feed_generators: indexed repo=did:plc:kbpvrgrengte4oqlfl53v32t part=3079 records=8 next_cursor=set
2026-02-17T12:26:07Z INFO bsky_collector_v2.job.index_feed_generators: indexed repo=did:plc:lid3vzdprdpwvvfrnborhocg part=3080 records=1 next_cursor=set
2026-02-17T12:26:12Z INFO bsky_collector_v2.job.index_feed_generators: indexed repo=did:plc:n6c5ha74jczsaik2gthphkr3 part=3081 records=1 next_cursor=set
2026-02-17T12:26:42Z WARNING bsky_collector_v2.job.index_feed_generators: listRecords failed repo=did:plc:6mf6ksprvr44wnmvxeufppcr err=HttpError('InvalidRequest: Could not find repo: did:plc:6mf6ksprvr44wnmvxeufppcr')
2026-02-17T12:26:43Z WARNING bsky_collector_v2.job.index_feed_generators: listRecords failed repo=did:plc:6mf6ksprvr44wnmvxeufppcr err=HttpError('InvalidRequest: Could not find repo: did:plc:6mf6ksprvr44wnmvxeufppcr')
2026-02-17T12:26:44Z INFO bsky_collector_v2.job.index_feed_generators: enqueued repos page=41 mode=listRepos inserted=500 repos_returned=500 next_cursor=set
2026-02-17T12:26:53Z INFO bsky_collector_v2.job.index_feed_generators: indexed repo=did:plc:7lahu62iykvd5bits4ho6csy part=3082 records=2 next_cursor=set
2026-02-17T12:27:02Z INFO bsky_collector_v2.job.index_feed_generators: indexed repo=did:plc:d3uq5vx3xaumkfzcb7te26ki part=3083 records=1 next_cursor=set
2026-02-17T12:27:08Z INFO bsky_collector_v2.job.index_feed_generators: indexed repo=did:plc:gczs4jaiqx3gu6xae3umay7o part=3084 records=1 next_cursor=set
2026-02-17T12:27:20Z INFO bsky_collector_v2.job.index_feed_generators: indexed repo=did:plc:lu37xigdvmbwizr7grr3xlmv part=3085 records=1 next_cursor=set
2026-02-17T12:27:23Z INFO bsky_collector_v2.job.index_feed_generators: indexed repo=did:plc:mtj4vjbpvwy4r5qmawczftzk part=3086 records=1 next_cursor=set
2026-02-17T12:27:33Z INFO bsky_collector_v2.job.index_feed_generators: indexed repo=did:plc:r2whjvupgfw55mllpksnombn part=3087 records=1 next_cursor=set
2026-02-17T12:27:46Z INFO bsky_collector_v2.job.index_feed_generators: indexed repo=did:plc:wqxuorxuqxqeimkverzgcxvb part=3088 records=4 next_cursor=set
2026-02-17T12:27:47Z INFO bsky_collector_v2.job.index_feed_generators: indexed repo=did:plc:wrorcygu4t5liujyq4gm3ves part=3089 records=2 next_cursor=set
2026-02-17T12:27:50Z WARNING bsky_collector_v2.job.index_feed_generators: listRecords failed repo=did:plc:yithboluwxhsao3qgnnhpe6j err=HttpError('InvalidRequest: Could not find repo: did:plc:yithboluwxhsao3qgnnhpe6j')
2026-02-17T12:27:54Z WARNING bsky_collector_v2.job.index_feed_generators: listRecords failed repo=did:plc:yithboluwxhsao3qgnnhpe6j err=HttpError('InvalidRequest: Could not find repo: did:plc:yithboluwxhsao3qgnnhpe6j')
2026-02-17T12:27:54Z WARNING bsky_collector_v2.job.index_feed_generators: listRecords failed repo=did:plc:yithboluwxhsao3qgnnhpe6j err=HttpError('InvalidRequest: Could not find repo: did:plc:yithboluwxhsao3qgnnhpe6j')
2026-02-17T12:27:55Z INFO bsky_collector_v2.job.index_feed_generators: enqueued repos page=42 mode=listRepos inserted=500 repos_returned=500 next_cursor=set
2026-02-17T12:28:10Z INFO bsky_collector_v2.job.index_feed_generators: indexed repo=did:plc:b6eke66r3vbmnegg73qgprl6 part=3090 records=4 next_cursor=set
2026-02-17T12:28:12Z INFO bsky_collector_v2.job.index_feed_generators: indexed repo=did:plc:c26k3eaurrxxah3mgawtesrt part=3091 records=1 next_cursor=set
2026-02-17T12:28:15Z INFO bsky_collector_v2.job.index_feed_generators: indexed repo=did:plc:d3z4gcd2zjj7uo43lv7icqsk part=3092 records=2 next_cursor=set
2026-02-17T12:28:17Z INFO bsky_collector_v2.job.index_feed_generators: indexed repo=did:plc:donqwpgysdts3ug3saew7gkj part=3093 records=50 next_cursor=set
2026-02-17T12:28:36Z WARNING bsky_collector_v2.job.index_feed_generators: listRecords failed repo=did:plc:lnxpk3o7lkivgz7mf34yq2t2 err=HttpError('InvalidRequest: Could not find repo: did:plc:lnxpk3o7lkivgz7mf34yq2t2')
2026-02-17T12:28:37Z INFO bsky_collector_v2.job.index_feed_generators: indexed repo=did:plc:m4wftum27o7gwzxlzovf7sgf part=3094 records=1 next_cursor=set
2026-02-17T12:28:38Z INFO bsky_collector_v2.job.index_feed_generators: indexed repo=did:plc:moi56ejtq3xpyvdasxkgfwbs part=3095 records=1 next_cursor=set
2026-02-17T12:28:43Z INFO bsky_collector_v2.job.index_feed_generators: indexed repo=did:plc:pluqxlryhpc2fo6ke66wfmcs part=3096 records=2 next_cursor=set
2026-02-17T12:28:43Z INFO bsky_collector_v2.job.index_feed_generators: indexed repo=did:plc:plycls54ywofcf6db42xvkk2 part=3097 records=2 next_cursor=set
2026-02-17T12:28:53Z INFO bsky_collector_v2.job.index_feed_generators: indexed repo=did:plc:umfm4ar3u5wp6bdtz4gfe4in part=3098 records=1 next_cursor=set
2026-02-17T12:29:05Z WARNING bsky_collector_v2.job.index_feed_generators: listRecords failed repo=did:plc:lnxpk3o7lkivgz7mf34yq2t2 err=HttpError('InvalidRequest: Could not find repo: did:plc:lnxpk3o7lkivgz7mf34yq2t2')
2026-02-17T12:29:06Z WARNING bsky_collector_v2.job.index_feed_generators: listRecords failed repo=did:plc:lnxpk3o7lkivgz7mf34yq2t2 err=HttpError('InvalidRequest: Could not find repo: did:plc:lnxpk3o7lkivgz7mf34yq2t2')
2026-02-17T12:29:06Z INFO bsky_collector_v2.job.index_feed_generators: enqueued repos page=43 mode=listRepos inserted=500 repos_returned=500 next_cursor=set
2026-02-17T12:29:18Z INFO bsky_collector_v2.job.index_feed_generators: indexed repo=did:plc:7ho4rtdapttsts5b2b72wiot part=3099 records=2 next_cursor=set
2026-02-17T12:29:31Z INFO bsky_collector_v2.job.index_feed_generators: indexed repo=did:plc:fpm7mbu3gmxtohbxgnm52izt part=3100 records=1 next_cursor=set
2026-02-17T12:29:46Z INFO bsky_collector_v2.job.index_feed_generators: indexed repo=did:plc:nt7kfcxslr4zuh57fbrzceia part=3101 records=1 next_cursor=set
2026-02-17T12:30:09Z INFO bsky_collector_v2.job.index_feed_generators: indexed repo=did:plc:yo7zg5qdii2qk4wzwabrxlyx part=3102 records=4 next_cursor=set
