2026-03-24T11:13:11Z INFO bsky_collector_v2: out_base ok path=/Volumes/T9/BlueSky/data_v2_full mount=/Volumes/T9
2026-03-24T11:13:11Z INFO bsky_collector_v2: job start subcommand=index-feed-generators dry_run=False resume=True
2026-03-24T11:13:11Z INFO bsky_collector_v2.job.index_feed_generators: feed generator index hosts relay_host=https://bsky.network records_host=https://bsky.social auth=yes
2026-03-24T11:14:03Z INFO bsky_collector_v2.job.index_feed_generators: enqueued repos page=1 mode=listRepos inserted=500 repos_returned=500 next_cursor=set
2026-03-24T11:14:42Z INFO bsky_collector_v2.job.index_feed_generators: indexed repo=did:plc:lligosqvwmdsbffesnan32e2 part=48 records=1 next_cursor=set
2026-03-24T11:15:32Z INFO bsky_collector_v2.job.index_feed_generators: enqueued repos page=2 mode=listRepos inserted=500 repos_returned=500 next_cursor=set
2026-03-24T11:15:56Z WARNING bsky_collector_v2.job.index_feed_generators: listRecords failed repo=did:plc:enmi2vad3tx427exgx3ildyz err=HttpError('InvalidRequest: Could not find repo: did:plc:enmi2vad3tx427exgx3ildyz')
2026-03-24T11:16:06Z WARNING bsky_collector_v2.job.index_feed_generators: listRecords failed repo=did:plc:ihlxeorf2cvpppzdsmo6txv2 err=HttpError('InvalidRequest: Could not find repo: did:plc:ihlxeorf2cvpppzdsmo6txv2')
2026-03-24T11:17:03Z WARNING bsky_collector_v2.job.index_feed_generators: listRecords failed repo=did:plc:enmi2vad3tx427exgx3ildyz err=HttpError('InvalidRequest: Could not find repo: did:plc:enmi2vad3tx427exgx3ildyz')
2026-03-24T11:17:03Z WARNING bsky_collector_v2.job.index_feed_generators: listRecords failed repo=did:plc:ihlxeorf2cvpppzdsmo6txv2 err=HttpError('InvalidRequest: Could not find repo: did:plc:ihlxeorf2cvpppzdsmo6txv2')
2026-03-24T11:17:03Z WARNING bsky_collector_v2.job.index_feed_generators: listRecords failed repo=did:plc:enmi2vad3tx427exgx3ildyz err=HttpError('InvalidRequest: Could not find repo: did:plc:enmi2vad3tx427exgx3ildyz')
2026-03-24T11:17:03Z WARNING bsky_collector_v2.job.index_feed_generators: listRecords failed repo=did:plc:ihlxeorf2cvpppzdsmo6txv2 err=HttpError('InvalidRequest: Could not find repo: did:plc:ihlxeorf2cvpppzdsmo6txv2')
2026-03-24T11:17:04Z INFO bsky_collector_v2.job.index_feed_generators: enqueued repos page=3 mode=listRepos inserted=500 repos_returned=500 next_cursor=set
2026-03-24T11:18:36Z WARNING bsky_collector_v2.job.index_feed_generators: listRecords failed repo=did:plc:vqdct6hbkb6hhmjmr7j73sen err=HttpError('InvalidRequest: Could not find repo: did:plc:vqdct6hbkb6hhmjmr7j73sen')
2026-03-24T11:18:39Z WARNING bsky_collector_v2.job.index_feed_generators: listRecords failed repo=did:plc:wns4uw4x7ztakpl4dilfkw2y err=HttpError('InvalidRequest: Could not find repo: did:plc:wns4uw4x7ztakpl4dilfkw2y')
2026-03-24T11:18:47Z WARNING bsky_collector_v2.job.index_feed_generators: listRecords failed repo=did:plc:vqdct6hbkb6hhmjmr7j73sen err=HttpError('InvalidRequest: Could not find repo: did:plc:vqdct6hbkb6hhmjmr7j73sen')
2026-03-24T11:18:47Z WARNING bsky_collector_v2.job.index_feed_generators: listRecords failed repo=did:plc:wns4uw4x7ztakpl4dilfkw2y err=HttpError('InvalidRequest: Could not find repo: did:plc:wns4uw4x7ztakpl4dilfkw2y')
2026-03-24T11:18:47Z WARNING bsky_collector_v2.job.index_feed_generators: listRecords failed repo=did:plc:vqdct6hbkb6hhmjmr7j73sen err=HttpError('InvalidRequest: Could not find repo: did:plc:vqdct6hbkb6hhmjmr7j73sen')
2026-03-24T11:18:47Z WARNING bsky_collector_v2.job.index_feed_generators: listRecords failed repo=did:plc:wns4uw4x7ztakpl4dilfkw2y err=HttpError('InvalidRequest: Could not find repo: did:plc:wns4uw4x7ztakpl4dilfkw2y')
2026-03-24T11:18:48Z INFO bsky_collector_v2.job.index_feed_generators: enqueued repos page=4 mode=listRepos inserted=500 repos_returned=500 next_cursor=set
2026-03-24T11:19:31Z WARNING bsky_collector_v2.job.index_feed_generators: listRecords failed repo=did:plc:jeicwhu7v7pjddox3hpz25dj err=HttpError('InvalidRequest: Could not find repo: did:plc:jeicwhu7v7pjddox3hpz25dj')
2026-03-24T11:20:09Z WARNING bsky_collector_v2.job.index_feed_generators: listRecords failed repo=did:plc:jeicwhu7v7pjddox3hpz25dj err=HttpError('InvalidRequest: Could not find repo: did:plc:jeicwhu7v7pjddox3hpz25dj')
2026-03-24T11:20:09Z WARNING bsky_collector_v2.job.index_feed_generators: listRecords failed repo=did:plc:jeicwhu7v7pjddox3hpz25dj err=HttpError('InvalidRequest: Could not find repo: did:plc:jeicwhu7v7pjddox3hpz25dj')
2026-03-24T11:20:10Z INFO bsky_collector_v2.job.index_feed_generators: enqueued repos page=5 mode=listRepos inserted=500 repos_returned=500 next_cursor=set
2026-03-24T11:20:39Z INFO bsky_collector_v2.job.index_feed_generators: indexed repo=did:plc:dmuhnfohmz3of7njmzsx2qt3 part=49 records=1 next_cursor=set
2026-03-24T11:21:44Z WARNING bsky_collector_v2.job.index_feed_generators: listRecords failed repo=did:plc:wzekhfn6beormbci6qv5vtlc err=HttpError('InvalidRequest: Could not find repo: did:plc:wzekhfn6beormbci6qv5vtlc')
2026-03-24T11:22:00Z WARNING bsky_collector_v2.job.index_feed_generators: listRecords failed repo=did:plc:wzekhfn6beormbci6qv5vtlc err=HttpError('InvalidRequest: Could not find repo: did:plc:wzekhfn6beormbci6qv5vtlc')
2026-03-24T11:22:00Z WARNING bsky_collector_v2.job.index_feed_generators: listRecords failed repo=did:plc:wzekhfn6beormbci6qv5vtlc err=HttpError('InvalidRequest: Could not find repo: did:plc:wzekhfn6beormbci6qv5vtlc')
2026-03-24T11:22:01Z INFO bsky_collector_v2.job.index_feed_generators: enqueued repos page=6 mode=listRepos inserted=500 repos_returned=500 next_cursor=set
2026-03-24T11:22:19Z WARNING bsky_collector_v2.job.index_feed_generators: listRecords failed repo=did:plc:7zb4inrzcrqc4g42hagbjv5m err=HttpError('InvalidRequest: Could not find repo: did:plc:7zb4inrzcrqc4g42hagbjv5m')
2026-03-24T11:23:42Z WARNING bsky_collector_v2.job.index_feed_generators: listRecords failed repo=did:plc:7zb4inrzcrqc4g42hagbjv5m err=HttpError('InvalidRequest: Could not find repo: did:plc:7zb4inrzcrqc4g42hagbjv5m')
2026-03-24T11:23:42Z WARNING bsky_collector_v2.job.index_feed_generators: listRecords failed repo=did:plc:7zb4inrzcrqc4g42hagbjv5m err=HttpError('InvalidRequest: Could not find repo: did:plc:7zb4inrzcrqc4g42hagbjv5m')
2026-03-24T11:23:43Z INFO bsky_collector_v2.job.index_feed_generators: enqueued repos page=7 mode=listRepos inserted=500 repos_returned=500 next_cursor=set
2026-03-24T11:23:43Z WARNING bsky_collector_v2.job.index_feed_generators: listRecords failed repo=did:plc:2d2qeuvl6xynshsk47upxv6b err=HttpError('InvalidRequest: Could not find repo: did:plc:2d2qeuvl6xynshsk47upxv6b')
2026-03-24T11:23:47Z INFO bsky_collector_v2.job.index_feed_generators: indexed repo=did:plc:426cr7ntq46pxnbpcjfhwmte part=50 records=1 next_cursor=set
2026-03-24T11:24:30Z WARNING bsky_collector_v2.job.index_feed_generators: listRecords failed repo=did:plc:ozvzr5g5gbpilj4ewfxeoojh err=HttpError('InvalidRequest: Could not find repo: did:plc:ozvzr5g5gbpilj4ewfxeoojh')
2026-03-24T11:24:58Z WARNING bsky_collector_v2.job.index_feed_generators: listRecords failed repo=did:plc:2d2qeuvl6xynshsk47upxv6b err=HttpError('InvalidRequest: Could not find repo: did:plc:2d2qeuvl6xynshsk47upxv6b')
2026-03-24T11:24:58Z WARNING bsky_collector_v2.job.index_feed_generators: listRecords failed repo=did:plc:ozvzr5g5gbpilj4ewfxeoojh err=HttpError('InvalidRequest: Could not find repo: did:plc:ozvzr5g5gbpilj4ewfxeoojh')
2026-03-24T11:24:58Z WARNING bsky_collector_v2.job.index_feed_generators: listRecords failed repo=did:plc:2d2qeuvl6xynshsk47upxv6b err=HttpError('InvalidRequest: Could not find repo: did:plc:2d2qeuvl6xynshsk47upxv6b')
2026-03-24T11:24:58Z WARNING bsky_collector_v2.job.index_feed_generators: listRecords failed repo=did:plc:ozvzr5g5gbpilj4ewfxeoojh err=HttpError('InvalidRequest: Could not find repo: did:plc:ozvzr5g5gbpilj4ewfxeoojh')
2026-03-24T11:24:59Z INFO bsky_collector_v2.job.index_feed_generators: enqueued repos page=8 mode=listRepos inserted=500 repos_returned=500 next_cursor=set
2026-03-24T11:26:18Z INFO bsky_collector_v2.job.index_feed_generators: enqueued repos page=9 mode=listRepos inserted=500 repos_returned=500 next_cursor=set
2026-03-24T11:27:11Z WARNING bsky_collector_v2.job.index_feed_generators: listRecords failed repo=did:plc:pqn6sgojswzedt2moewd7z52 err=HttpError('InvalidRequest: Could not find repo: did:plc:pqn6sgojswzedt2moewd7z52')
2026-03-24T11:27:37Z WARNING bsky_collector_v2.job.index_feed_generators: listRecords failed repo=did:plc:pqn6sgojswzedt2moewd7z52 err=HttpError('InvalidRequest: Could not find repo: did:plc:pqn6sgojswzedt2moewd7z52')
2026-03-24T11:27:37Z WARNING bsky_collector_v2.job.index_feed_generators: listRecords failed repo=did:plc:pqn6sgojswzedt2moewd7z52 err=HttpError('InvalidRequest: Could not find repo: did:plc:pqn6sgojswzedt2moewd7z52')
2026-03-24T11:27:37Z INFO bsky_collector_v2.job.index_feed_generators: enqueued repos page=10 mode=listRepos inserted=500 repos_returned=500 next_cursor=set
2026-03-24T11:29:19Z INFO bsky_collector_v2.job.index_feed_generators: enqueued repos page=11 mode=listRepos inserted=500 repos_returned=500 next_cursor=set
2026-03-24T11:29:44Z WARNING bsky_collector_v2.job.index_feed_generators: listRecords failed repo=did:plc:cma66jqiyfzzhedh77kuqas2 err=HttpError('InvalidRequest: Could not find repo: did:plc:cma66jqiyfzzhedh77kuqas2')
2026-03-24T11:29:49Z WARNING bsky_collector_v2.job.index_feed_generators: listRecords failed repo=did:plc:fljeepocmvlw473kivenpqyg err=HttpError('InvalidRequest: Could not find repo: did:plc:fljeepocmvlw473kivenpqyg')
2026-03-24T11:30:48Z WARNING bsky_collector_v2.job.index_feed_generators: listRecords failed repo=did:plc:yuvgqcobyeohb5qnnrg3l57o err=HttpError('InvalidRequest: Could not find repo: did:plc:yuvgqcobyeohb5qnnrg3l57o')
2026-03-24T11:30:51Z WARNING bsky_collector_v2.job.index_feed_generators: listRecords failed repo=did:plc:cma66jqiyfzzhedh77kuqas2 err=HttpError('InvalidRequest: Could not find repo: did:plc:cma66jqiyfzzhedh77kuqas2')
2026-03-24T11:30:51Z WARNING bsky_collector_v2.job.index_feed_generators: listRecords failed repo=did:plc:fljeepocmvlw473kivenpqyg err=HttpError('InvalidRequest: Could not find repo: did:plc:fljeepocmvlw473kivenpqyg')
2026-03-24T11:30:51Z WARNING bsky_collector_v2.job.index_feed_generators: listRecords failed repo=did:plc:yuvgqcobyeohb5qnnrg3l57o err=HttpError('InvalidRequest: Could not find repo: did:plc:yuvgqcobyeohb5qnnrg3l57o')
2026-03-24T11:30:52Z WARNING bsky_collector_v2.job.index_feed_generators: listRecords failed repo=did:plc:cma66jqiyfzzhedh77kuqas2 err=HttpError('InvalidRequest: Could not find repo: did:plc:cma66jqiyfzzhedh77kuqas2')
2026-03-24T11:30:52Z WARNING bsky_collector_v2.job.index_feed_generators: listRecords failed repo=did:plc:fljeepocmvlw473kivenpqyg err=HttpError('InvalidRequest: Could not find repo: did:plc:fljeepocmvlw473kivenpqyg')
2026-03-24T11:30:52Z WARNING bsky_collector_v2.job.index_feed_generators: listRecords failed repo=did:plc:yuvgqcobyeohb5qnnrg3l57o err=HttpError('InvalidRequest: Could not find repo: did:plc:yuvgqcobyeohb5qnnrg3l57o')
2026-03-24T11:30:52Z INFO bsky_collector_v2.job.index_feed_generators: enqueued repos page=12 mode=listRepos inserted=500 repos_returned=500 next_cursor=set
2026-03-24T11:32:12Z INFO bsky_collector_v2.job.index_feed_generators: enqueued repos page=13 mode=listRepos inserted=500 repos_returned=500 next_cursor=set
2026-03-24T11:33:06Z WARNING bsky_collector_v2.job.index_feed_generators: listRecords failed repo=did:plc:pxiivfaxahsk5e7jufmyoryb err=HttpError('InvalidRequest: Could not find repo: did:plc:pxiivfaxahsk5e7jufmyoryb')
2026-03-24T11:33:32Z WARNING bsky_collector_v2.job.index_feed_generators: listRecords failed repo=did:plc:wpceqwavhumej4u5xmygrkza err=HttpError('InvalidRequest: Could not find repo: did:plc:wpceqwavhumej4u5xmygrkza')
2026-03-24T11:33:42Z WARNING bsky_collector_v2.job.index_feed_generators: listRecords failed repo=did:plc:pxiivfaxahsk5e7jufmyoryb err=HttpError('InvalidRequest: Could not find repo: did:plc:pxiivfaxahsk5e7jufmyoryb')
2026-03-24T11:33:42Z WARNING bsky_collector_v2.job.index_feed_generators: listRecords failed repo=did:plc:wpceqwavhumej4u5xmygrkza err=HttpError('InvalidRequest: Could not find repo: did:plc:wpceqwavhumej4u5xmygrkza')
2026-03-24T11:33:42Z WARNING bsky_collector_v2.job.index_feed_generators: listRecords failed repo=did:plc:pxiivfaxahsk5e7jufmyoryb err=HttpError('InvalidRequest: Could not find repo: did:plc:pxiivfaxahsk5e7jufmyoryb')
2026-03-24T11:33:42Z WARNING bsky_collector_v2.job.index_feed_generators: listRecords failed repo=did:plc:wpceqwavhumej4u5xmygrkza err=HttpError('InvalidRequest: Could not find repo: did:plc:wpceqwavhumej4u5xmygrkza')
2026-03-24T11:33:43Z INFO bsky_collector_v2.job.index_feed_generators: enqueued repos page=14 mode=listRepos inserted=500 repos_returned=500 next_cursor=set
2026-03-24T11:34:50Z INFO bsky_collector_v2.job.index_feed_generators: indexed repo=did:plc:pyzagjd5hztppsctw7yjaywr part=51 records=1 next_cursor=set
2026-03-24T11:35:14Z INFO bsky_collector_v2.job.index_feed_generators: enqueued repos page=15 mode=listRepos inserted=500 repos_returned=500 next_cursor=set
2026-03-24T11:36:37Z INFO bsky_collector_v2.job.index_feed_generators: enqueued repos page=16 mode=listRepos inserted=500 repos_returned=500 next_cursor=set
2026-03-24T11:37:59Z INFO bsky_collector_v2.job.index_feed_generators: enqueued repos page=17 mode=listRepos inserted=500 repos_returned=500 next_cursor=set
2026-03-24T11:38:19Z WARNING bsky_collector_v2.job.index_feed_generators: listRecords failed repo=did:plc:6ovfccrzr5cs2vau33qkgv4b err=HttpError('InvalidRequest: Could not find repo: did:plc:6ovfccrzr5cs2vau33qkgv4b')
2026-03-24T11:38:49Z WARNING bsky_collector_v2.job.index_feed_generators: listRecords failed repo=did:plc:llg63xx3btkylcvlmsob4zqo err=HttpError('InvalidRequest: Could not find repo: did:plc:llg63xx3btkylcvlmsob4zqo')
2026-03-24T11:39:22Z WARNING bsky_collector_v2.job.index_feed_generators: listRecords failed repo=did:plc:u4luylkvg5ycbqjgsmhhm3lv err=HttpError('InvalidRequest: Could not find repo: did:plc:u4luylkvg5ycbqjgsmhhm3lv')
2026-03-24T11:39:45Z WARNING bsky_collector_v2.job.index_feed_generators: listRecords failed repo=did:plc:6ovfccrzr5cs2vau33qkgv4b err=HttpError('InvalidRequest: Could not find repo: did:plc:6ovfccrzr5cs2vau33qkgv4b')
2026-03-24T11:39:45Z WARNING bsky_collector_v2.job.index_feed_generators: listRecords failed repo=did:plc:llg63xx3btkylcvlmsob4zqo err=HttpError('InvalidRequest: Could not find repo: did:plc:llg63xx3btkylcvlmsob4zqo')
2026-03-24T11:39:45Z WARNING bsky_collector_v2.job.index_feed_generators: listRecords failed repo=did:plc:u4luylkvg5ycbqjgsmhhm3lv err=HttpError('InvalidRequest: Could not find repo: did:plc:u4luylkvg5ycbqjgsmhhm3lv')
2026-03-24T11:39:45Z WARNING bsky_collector_v2.job.index_feed_generators: listRecords failed repo=did:plc:6ovfccrzr5cs2vau33qkgv4b err=HttpError('InvalidRequest: Could not find repo: did:plc:6ovfccrzr5cs2vau33qkgv4b')
2026-03-24T11:39:45Z WARNING bsky_collector_v2.job.index_feed_generators: listRecords failed repo=did:plc:llg63xx3btkylcvlmsob4zqo err=HttpError('InvalidRequest: Could not find repo: did:plc:llg63xx3btkylcvlmsob4zqo')
2026-03-24T11:39:45Z WARNING bsky_collector_v2.job.index_feed_generators: listRecords failed repo=did:plc:u4luylkvg5ycbqjgsmhhm3lv err=HttpError('InvalidRequest: Could not find repo: did:plc:u4luylkvg5ycbqjgsmhhm3lv')
2026-03-24T11:39:46Z INFO bsky_collector_v2.job.index_feed_generators: enqueued repos page=18 mode=listRepos inserted=500 repos_returned=500 next_cursor=set
2026-03-24T11:40:52Z WARNING bsky_collector_v2.job.index_feed_generators: listRecords failed repo=did:plc:tsdronuh363wq7we2krvagbz err=HttpError('InvalidRequest: Could not find repo: did:plc:tsdronuh363wq7we2krvagbz')
2026-03-24T11:40:52Z WARNING bsky_collector_v2.job.index_feed_generators: listRecords failed repo=did:plc:u2aggnb4oowdlkkigvro4xbm err=HttpError('InvalidRequest: Could not find repo: did:plc:u2aggnb4oowdlkkigvro4xbm')
2026-03-24T11:41:06Z WARNING bsky_collector_v2.job.index_feed_generators: listRecords failed repo=did:plc:tsdronuh363wq7we2krvagbz err=HttpError('InvalidRequest: Could not find repo: did:plc:tsdronuh363wq7we2krvagbz')
2026-03-24T11:41:06Z WARNING bsky_collector_v2.job.index_feed_generators: listRecords failed repo=did:plc:u2aggnb4oowdlkkigvro4xbm err=HttpError('InvalidRequest: Could not find repo: did:plc:u2aggnb4oowdlkkigvro4xbm')
2026-03-24T11:41:06Z WARNING bsky_collector_v2.job.index_feed_generators: listRecords failed repo=did:plc:tsdronuh363wq7we2krvagbz err=HttpError('InvalidRequest: Could not find repo: did:plc:tsdronuh363wq7we2krvagbz')
2026-03-24T11:41:06Z WARNING bsky_collector_v2.job.index_feed_generators: listRecords failed repo=did:plc:u2aggnb4oowdlkkigvro4xbm err=HttpError('InvalidRequest: Could not find repo: did:plc:u2aggnb4oowdlkkigvro4xbm')
2026-03-24T11:41:07Z INFO bsky_collector_v2.job.index_feed_generators: enqueued repos page=19 mode=listRepos inserted=500 repos_returned=500 next_cursor=set
2026-03-24T11:42:27Z INFO bsky_collector_v2.job.index_feed_generators: enqueued repos page=20 mode=listRepos inserted=500 repos_returned=500 next_cursor=set
2026-03-24T11:42:29Z WARNING bsky_collector_v2.job.index_feed_generators: listRecords failed repo=did:plc:2qyf444qnwslkoljwgbsd5aj err=HttpError('InvalidRequest: Could not find repo: did:plc:2qyf444qnwslkoljwgbsd5aj')
2026-03-24T11:42:52Z WARNING bsky_collector_v2.job.index_feed_generators: listRecords failed repo=did:plc:cxu5uvmm6djouvz2yt6x5p2o err=HttpError('InvalidRequest: Could not find repo: did:plc:cxu5uvmm6djouvz2yt6x5p2o')
2026-03-24T11:43:40Z WARNING bsky_collector_v2.job.index_feed_generators: listRecords failed repo=did:plc:uroagznxiaebmhovgbyaqlsf err=HttpError('InvalidRequest: Could not find repo: did:plc:uroagznxiaebmhovgbyaqlsf')
2026-03-24T11:43:49Z WARNING bsky_collector_v2.job.index_feed_generators: listRecords failed repo=did:plc:2qyf444qnwslkoljwgbsd5aj err=HttpError('InvalidRequest: Could not find repo: did:plc:2qyf444qnwslkoljwgbsd5aj')
2026-03-24T11:43:49Z WARNING bsky_collector_v2.job.index_feed_generators: listRecords failed repo=did:plc:cxu5uvmm6djouvz2yt6x5p2o err=HttpError('InvalidRequest: Could not find repo: did:plc:cxu5uvmm6djouvz2yt6x5p2o')
2026-03-24T11:43:49Z WARNING bsky_collector_v2.job.index_feed_generators: listRecords failed repo=did:plc:uroagznxiaebmhovgbyaqlsf err=HttpError('InvalidRequest: Could not find repo: did:plc:uroagznxiaebmhovgbyaqlsf')
2026-03-24T11:43:50Z WARNING bsky_collector_v2.job.index_feed_generators: listRecords failed repo=did:plc:2qyf444qnwslkoljwgbsd5aj err=HttpError('InvalidRequest: Could not find repo: did:plc:2qyf444qnwslkoljwgbsd5aj')
2026-03-24T11:43:50Z WARNING bsky_collector_v2.job.index_feed_generators: listRecords failed repo=did:plc:cxu5uvmm6djouvz2yt6x5p2o err=HttpError('InvalidRequest: Could not find repo: did:plc:cxu5uvmm6djouvz2yt6x5p2o')
2026-03-24T11:43:50Z WARNING bsky_collector_v2.job.index_feed_generators: listRecords failed repo=did:plc:uroagznxiaebmhovgbyaqlsf err=HttpError('InvalidRequest: Could not find repo: did:plc:uroagznxiaebmhovgbyaqlsf')
2026-03-24T11:43:50Z INFO bsky_collector_v2.job.index_feed_generators: enqueued repos page=21 mode=listRepos inserted=500 repos_returned=500 next_cursor=set
2026-03-24T11:44:35Z WARNING bsky_collector_v2.job.index_feed_generators: listRecords failed repo=did:plc:kbxlths2zr7zyhhljfweinld err=HttpError('InvalidRequest: Could not find repo: did:plc:kbxlths2zr7zyhhljfweinld')
2026-03-24T11:45:08Z WARNING bsky_collector_v2.job.index_feed_generators: listRecords failed repo=did:plc:z6rimhklrml7vet6msrpm6m5 err=HttpError('InvalidRequest: Could not find repo: did:plc:z6rimhklrml7vet6msrpm6m5')
2026-03-24T11:45:11Z WARNING bsky_collector_v2.job.index_feed_generators: listRecords failed repo=did:plc:kbxlths2zr7zyhhljfweinld err=HttpError('InvalidRequest: Could not find repo: did:plc:kbxlths2zr7zyhhljfweinld')
2026-03-24T11:45:11Z WARNING bsky_collector_v2.job.index_feed_generators: listRecords failed repo=did:plc:z6rimhklrml7vet6msrpm6m5 err=HttpError('InvalidRequest: Could not find repo: did:plc:z6rimhklrml7vet6msrpm6m5')
2026-03-24T11:45:11Z WARNING bsky_collector_v2.job.index_feed_generators: listRecords failed repo=did:plc:kbxlths2zr7zyhhljfweinld err=HttpError('InvalidRequest: Could not find repo: did:plc:kbxlths2zr7zyhhljfweinld')
2026-03-24T11:45:11Z WARNING bsky_collector_v2.job.index_feed_generators: listRecords failed repo=did:plc:z6rimhklrml7vet6msrpm6m5 err=HttpError('InvalidRequest: Could not find repo: did:plc:z6rimhklrml7vet6msrpm6m5')
2026-03-24T11:45:12Z INFO bsky_collector_v2.job.index_feed_generators: enqueued repos page=22 mode=listRepos inserted=500 repos_returned=500 next_cursor=set
2026-03-24T11:46:10Z WARNING bsky_collector_v2.job.index_feed_generators: listRecords failed repo=did:plc:tblen4s3rfdvwragg456vbg5 err=HttpError('InvalidRequest: Could not find repo: did:plc:tblen4s3rfdvwragg456vbg5')
2026-03-24T11:46:25Z WARNING bsky_collector_v2.job.index_feed_generators: listRecords failed repo=did:plc:tblen4s3rfdvwragg456vbg5 err=HttpError('InvalidRequest: Could not find repo: did:plc:tblen4s3rfdvwragg456vbg5')
2026-03-24T11:46:25Z WARNING bsky_collector_v2.job.index_feed_generators: listRecords failed repo=did:plc:tblen4s3rfdvwragg456vbg5 err=HttpError('InvalidRequest: Could not find repo: did:plc:tblen4s3rfdvwragg456vbg5')
2026-03-24T11:46:26Z INFO bsky_collector_v2.job.index_feed_generators: enqueued repos page=23 mode=listRepos inserted=500 repos_returned=500 next_cursor=set
2026-03-24T11:46:53Z WARNING bsky_collector_v2.job.index_feed_generators: listRecords failed repo=did:plc:bonfg6vjau6r2oheoirjfije err=HttpError('InvalidRequest: Could not find repo: did:plc:bonfg6vjau6r2oheoirjfije')
2026-03-24T11:47:03Z WARNING bsky_collector_v2.job.index_feed_generators: listRecords failed repo=did:plc:ewfhj2v5xaxrlqr2svisauix err=HttpError('InvalidRequest: Could not find repo: did:plc:ewfhj2v5xaxrlqr2svisauix')
2026-03-24T11:47:25Z WARNING bsky_collector_v2.job.index_feed_generators: listRecords failed repo=did:plc:ngjrblxtgjwknnunmknwsqq3 err=HttpError('InvalidRequest: Could not find repo: did:plc:ngjrblxtgjwknnunmknwsqq3')
2026-03-24T11:47:55Z WARNING bsky_collector_v2.job.index_feed_generators: listRecords failed repo=did:plc:bonfg6vjau6r2oheoirjfije err=HttpError('InvalidRequest: Could not find repo: did:plc:bonfg6vjau6r2oheoirjfije')
2026-03-24T11:47:55Z WARNING bsky_collector_v2.job.index_feed_generators: listRecords failed repo=did:plc:ewfhj2v5xaxrlqr2svisauix err=HttpError('InvalidRequest: Could not find repo: did:plc:ewfhj2v5xaxrlqr2svisauix')
2026-03-24T11:47:55Z WARNING bsky_collector_v2.job.index_feed_generators: listRecords failed repo=did:plc:ngjrblxtgjwknnunmknwsqq3 err=HttpError('InvalidRequest: Could not find repo: did:plc:ngjrblxtgjwknnunmknwsqq3')
2026-03-24T11:47:55Z WARNING bsky_collector_v2.job.index_feed_generators: listRecords failed repo=did:plc:bonfg6vjau6r2oheoirjfije err=HttpError('InvalidRequest: Could not find repo: did:plc:bonfg6vjau6r2oheoirjfije')
2026-03-24T11:47:55Z WARNING bsky_collector_v2.job.index_feed_generators: listRecords failed repo=did:plc:ewfhj2v5xaxrlqr2svisauix err=HttpError('InvalidRequest: Could not find repo: did:plc:ewfhj2v5xaxrlqr2svisauix')
2026-03-24T11:47:55Z WARNING bsky_collector_v2.job.index_feed_generators: listRecords failed repo=did:plc:ngjrblxtgjwknnunmknwsqq3 err=HttpError('InvalidRequest: Could not find repo: did:plc:ngjrblxtgjwknnunmknwsqq3')
2026-03-24T11:47:56Z INFO bsky_collector_v2.job.index_feed_generators: enqueued repos page=24 mode=listRepos inserted=500 repos_returned=500 next_cursor=set
2026-03-24T11:48:15Z WARNING bsky_collector_v2.job.index_feed_generators: listRecords failed repo=did:plc:alxtvznr3fgxgsczniymmyxg err=HttpError('InvalidRequest: Could not find repo: did:plc:alxtvznr3fgxgsczniymmyxg')
2026-03-24T11:48:59Z WARNING bsky_collector_v2.job.index_feed_generators: listRecords failed repo=did:plc:uadmgeutohbxduap57htalrg err=HttpError('InvalidRequest: Could not find repo: did:plc:uadmgeutohbxduap57htalrg')
2026-03-24T11:49:15Z WARNING bsky_collector_v2.job.index_feed_generators: listRecords failed repo=did:plc:alxtvznr3fgxgsczniymmyxg err=HttpError('InvalidRequest: Could not find repo: did:plc:alxtvznr3fgxgsczniymmyxg')
2026-03-24T11:49:15Z WARNING bsky_collector_v2.job.index_feed_generators: listRecords failed repo=did:plc:uadmgeutohbxduap57htalrg err=HttpError('InvalidRequest: Could not find repo: did:plc:uadmgeutohbxduap57htalrg')
2026-03-24T11:49:15Z WARNING bsky_collector_v2.job.index_feed_generators: listRecords failed repo=did:plc:alxtvznr3fgxgsczniymmyxg err=HttpError('InvalidRequest: Could not find repo: did:plc:alxtvznr3fgxgsczniymmyxg')
2026-03-24T11:49:15Z WARNING bsky_collector_v2.job.index_feed_generators: listRecords failed repo=did:plc:uadmgeutohbxduap57htalrg err=HttpError('InvalidRequest: Could not find repo: did:plc:uadmgeutohbxduap57htalrg')
2026-03-24T11:49:16Z INFO bsky_collector_v2.job.index_feed_generators: enqueued repos page=25 mode=listRepos inserted=500 repos_returned=500 next_cursor=set
2026-03-24T11:49:34Z INFO bsky_collector_v2.job.index_feed_generators: indexed repo=did:plc:6iqmxgn5ykrdmbaiam5bir3a part=52 records=1 next_cursor=set
2026-03-24T11:50:29Z WARNING bsky_collector_v2.job.index_feed_generators: listRecords failed repo=did:plc:sonpa7taizbrfdivwqwebir6 err=HttpError('InvalidRequest: Could not find repo: did:plc:sonpa7taizbrfdivwqwebir6')
2026-03-24T11:50:45Z WARNING bsky_collector_v2.job.index_feed_generators: listRecords failed repo=did:plc:sonpa7taizbrfdivwqwebir6 err=HttpError('InvalidRequest: Could not find repo: did:plc:sonpa7taizbrfdivwqwebir6')
2026-03-24T11:50:46Z WARNING bsky_collector_v2.job.index_feed_generators: listRecords failed repo=did:plc:sonpa7taizbrfdivwqwebir6 err=HttpError('InvalidRequest: Could not find repo: did:plc:sonpa7taizbrfdivwqwebir6')
2026-03-24T11:50:46Z INFO bsky_collector_v2.job.index_feed_generators: enqueued repos page=26 mode=listRepos inserted=500 repos_returned=500 next_cursor=set
2026-03-24T11:50:49Z WARNING bsky_collector_v2.job.index_feed_generators: listRecords failed repo=did:plc:33mdulbfr4vktincajwg5djt err=HttpError('InvalidRequest: Could not find repo: did:plc:33mdulbfr4vktincajwg5djt')
2026-03-24T11:50:50Z WARNING bsky_collector_v2.job.index_feed_generators: listRecords failed repo=did:plc:3ttydu6dv6v66psaul7awmz4 err=HttpError('InvalidRequest: Could not find repo: did:plc:3ttydu6dv6v66psaul7awmz4')
2026-03-24T11:51:13Z WARNING bsky_collector_v2.job.index_feed_generators: listRecords failed repo=did:plc:elvgfhimwaftg7bjs46lqr2a err=HttpError('InvalidRequest: Could not find repo: did:plc:elvgfhimwaftg7bjs46lqr2a')
2026-03-24T11:51:14Z WARNING bsky_collector_v2.job.index_feed_generators: listRecords failed repo=did:plc:f3t7ybmuoyyvi4s5ghhni6qs err=HttpError('InvalidRequest: Could not find repo: did:plc:f3t7ybmuoyyvi4s5ghhni6qs')
2026-03-24T11:51:19Z WARNING bsky_collector_v2.job.index_feed_generators: listRecords failed repo=did:plc:h24hpjsnaioibsogae4gaqe6 err=HttpError('InvalidRequest: Could not find repo: did:plc:h24hpjsnaioibsogae4gaqe6')
2026-03-24T11:51:23Z WARNING bsky_collector_v2.job.index_feed_generators: listRecords failed repo=did:plc:it5aaa6lbujzxsjvngasytjm err=HttpError('InvalidRequest: Could not find repo: did:plc:it5aaa6lbujzxsjvngasytjm')
2026-03-24T11:51:36Z WARNING bsky_collector_v2.job.index_feed_generators: listRecords failed repo=did:plc:mtgana4pwzon4z5kg2kgs2v2 err=HttpError('InvalidRequest: Could not find repo: did:plc:mtgana4pwzon4z5kg2kgs2v2')
2026-03-24T11:52:06Z WARNING bsky_collector_v2.job.index_feed_generators: listRecords failed repo=did:plc:vnzo2fxi3z7citjdsmfp6utm err=HttpError('InvalidRequest: Could not find repo: did:plc:vnzo2fxi3z7citjdsmfp6utm')
2026-03-24T11:52:16Z WARNING bsky_collector_v2.job.index_feed_generators: listRecords failed repo=did:plc:33mdulbfr4vktincajwg5djt err=HttpError('InvalidRequest: Could not find repo: did:plc:33mdulbfr4vktincajwg5djt')
2026-03-24T11:52:16Z WARNING bsky_collector_v2.job.index_feed_generators: listRecords failed repo=did:plc:3ttydu6dv6v66psaul7awmz4 err=HttpError('InvalidRequest: Could not find repo: did:plc:3ttydu6dv6v66psaul7awmz4')
2026-03-24T11:52:16Z WARNING bsky_collector_v2.job.index_feed_generators: listRecords failed repo=did:plc:elvgfhimwaftg7bjs46lqr2a err=HttpError('InvalidRequest: Could not find repo: did:plc:elvgfhimwaftg7bjs46lqr2a')
2026-03-24T11:52:16Z WARNING bsky_collector_v2.job.index_feed_generators: listRecords failed repo=did:plc:f3t7ybmuoyyvi4s5ghhni6qs err=HttpError('InvalidRequest: Could not find repo: did:plc:f3t7ybmuoyyvi4s5ghhni6qs')
2026-03-24T11:52:16Z WARNING bsky_collector_v2.job.index_feed_generators: listRecords failed repo=did:plc:h24hpjsnaioibsogae4gaqe6 err=HttpError('InvalidRequest: Could not find repo: did:plc:h24hpjsnaioibsogae4gaqe6')
2026-03-24T11:52:16Z WARNING bsky_collector_v2.job.index_feed_generators: listRecords failed repo=did:plc:it5aaa6lbujzxsjvngasytjm err=HttpError('InvalidRequest: Could not find repo: did:plc:it5aaa6lbujzxsjvngasytjm')
2026-03-24T11:52:16Z WARNING bsky_collector_v2.job.index_feed_generators: listRecords failed repo=did:plc:mtgana4pwzon4z5kg2kgs2v2 err=HttpError('InvalidRequest: Could not find repo: did:plc:mtgana4pwzon4z5kg2kgs2v2')
2026-03-24T11:52:16Z WARNING bsky_collector_v2.job.index_feed_generators: listRecords failed repo=did:plc:vnzo2fxi3z7citjdsmfp6utm err=HttpError('InvalidRequest: Could not find repo: did:plc:vnzo2fxi3z7citjdsmfp6utm')
2026-03-24T11:52:16Z WARNING bsky_collector_v2.job.index_feed_generators: listRecords failed repo=did:plc:33mdulbfr4vktincajwg5djt err=HttpError('InvalidRequest: Could not find repo: did:plc:33mdulbfr4vktincajwg5djt')
2026-03-24T11:52:16Z WARNING bsky_collector_v2.job.index_feed_generators: listRecords failed repo=did:plc:3ttydu6dv6v66psaul7awmz4 err=HttpError('InvalidRequest: Could not find repo: did:plc:3ttydu6dv6v66psaul7awmz4')
2026-03-24T11:52:16Z WARNING bsky_collector_v2.job.index_feed_generators: listRecords failed repo=did:plc:elvgfhimwaftg7bjs46lqr2a err=HttpError('InvalidRequest: Could not find repo: did:plc:elvgfhimwaftg7bjs46lqr2a')
2026-03-24T11:52:16Z WARNING bsky_collector_v2.job.index_feed_generators: listRecords failed repo=did:plc:f3t7ybmuoyyvi4s5ghhni6qs err=HttpError('InvalidRequest: Could not find repo: did:plc:f3t7ybmuoyyvi4s5ghhni6qs')
2026-03-24T11:52:16Z WARNING bsky_collector_v2.job.index_feed_generators: listRecords failed repo=did:plc:h24hpjsnaioibsogae4gaqe6 err=HttpError('InvalidRequest: Could not find repo: did:plc:h24hpjsnaioibsogae4gaqe6')
2026-03-24T11:52:16Z WARNING bsky_collector_v2.job.index_feed_generators: listRecords failed repo=did:plc:it5aaa6lbujzxsjvngasytjm err=HttpError('InvalidRequest: Could not find repo: did:plc:it5aaa6lbujzxsjvngasytjm')
2026-03-24T11:52:16Z WARNING bsky_collector_v2.job.index_feed_generators: listRecords failed repo=did:plc:mtgana4pwzon4z5kg2kgs2v2 err=HttpError('InvalidRequest: Could not find repo: did:plc:mtgana4pwzon4z5kg2kgs2v2')
2026-03-24T11:52:17Z WARNING bsky_collector_v2.job.index_feed_generators: listRecords failed repo=did:plc:vnzo2fxi3z7citjdsmfp6utm err=HttpError('InvalidRequest: Could not find repo: did:plc:vnzo2fxi3z7citjdsmfp6utm')
2026-03-24T11:52:17Z INFO bsky_collector_v2.job.index_feed_generators: enqueued repos page=27 mode=listRepos inserted=500 repos_returned=500 next_cursor=set
2026-03-24T11:52:23Z WARNING bsky_collector_v2.job.index_feed_generators: listRecords failed repo=did:plc:4xr6usbvpt2n35pnygiuibf3 err=HttpError('InvalidRequest: Could not find repo: did:plc:4xr6usbvpt2n35pnygiuibf3')
2026-03-24T11:52:26Z WARNING bsky_collector_v2.job.index_feed_generators: listRecords failed repo=did:plc:677orky33xepg3u2yh3x5xmp err=HttpError('InvalidRequest: Could not find repo: did:plc:677orky33xepg3u2yh3x5xmp')
2026-03-24T11:52:29Z WARNING bsky_collector_v2.job.index_feed_generators: listRecords failed repo=did:plc:77chg7irjton3p54koi7pgyn err=HttpError('InvalidRequest: Could not find repo: did:plc:77chg7irjton3p54koi7pgyn')
2026-03-24T11:52:34Z WARNING bsky_collector_v2.job.index_feed_generators: listRecords failed repo=did:plc:ajxzccjieqmqsy5qw34qz7ig err=HttpError('InvalidRequest: Could not find repo: did:plc:ajxzccjieqmqsy5qw34qz7ig')
2026-03-24T11:52:37Z WARNING bsky_collector_v2.job.index_feed_generators: listRecords failed repo=did:plc:bwziucasufkqrxefmipx2cqv err=HttpError('InvalidRequest: Could not find repo: did:plc:bwziucasufkqrxefmipx2cqv')
2026-03-24T11:53:06Z WARNING bsky_collector_v2.job.index_feed_generators: listRecords failed repo=did:plc:mpf6jrc3oj6ewxov2rvxcdql err=HttpError('InvalidRequest: Could not find repo: did:plc:mpf6jrc3oj6ewxov2rvxcdql')
2026-03-24T11:53:09Z WARNING bsky_collector_v2.job.index_feed_generators: listRecords failed repo=did:plc:ouo25mf2a3ajj5nmlw53mmb6 err=HttpError('InvalidRequest: Could not find repo: did:plc:ouo25mf2a3ajj5nmlw53mmb6')
2026-03-24T11:53:10Z WARNING bsky_collector_v2.job.index_feed_generators: listRecords failed repo=did:plc:pekpfifjmq7a3l5nedpeq2ad err=HttpError('InvalidRequest: Could not find repo: did:plc:pekpfifjmq7a3l5nedpeq2ad')
2026-03-24T11:53:13Z WARNING bsky_collector_v2.job.index_feed_generators: listRecords failed repo=did:plc:qmdltx4ifggtq74mkuiu4a2d err=HttpError('InvalidRequest: Could not find repo: did:plc:qmdltx4ifggtq74mkuiu4a2d')
2026-03-24T11:53:14Z WARNING bsky_collector_v2.job.index_feed_generators: listRecords failed repo=did:plc:ravpqoqmdqerdzctb6fye6p6 err=HttpError('InvalidRequest: Could not find repo: did:plc:ravpqoqmdqerdzctb6fye6p6')
2026-03-24T11:53:18Z WARNING bsky_collector_v2.job.index_feed_generators: listRecords failed repo=did:plc:sgumyj3ygnvyvhiekuwyf4fc err=HttpError('InvalidRequest: Could not find repo: did:plc:sgumyj3ygnvyvhiekuwyf4fc')
2026-03-24T11:53:22Z WARNING bsky_collector_v2.job.index_feed_generators: listRecords failed repo=did:plc:u2mhrvugs27r7eabdtoten5z err=HttpError('InvalidRequest: Could not find repo: did:plc:u2mhrvugs27r7eabdtoten5z')
2026-03-24T11:53:28Z WARNING bsky_collector_v2.job.index_feed_generators: listRecords failed repo=did:plc:vvvbymwlllgzriqbwcbxwcy2 err=HttpError('InvalidRequest: Could not find repo: did:plc:vvvbymwlllgzriqbwcbxwcy2')
2026-03-24T11:53:31Z WARNING bsky_collector_v2.job.index_feed_generators: listRecords failed repo=did:plc:wjl4awdoxxzaep7zpi2zypyo err=HttpError('InvalidRequest: Could not find repo: did:plc:wjl4awdoxxzaep7zpi2zypyo')
2026-03-24T11:53:34Z INFO bsky_collector_v2.job.index_feed_generators: indexed repo=did:plc:y4rd5hesgwwbkblvkkidfs73 part=53 records=2 next_cursor=set
2026-03-24T11:53:36Z WARNING bsky_collector_v2.job.index_feed_generators: listRecords failed repo=did:plc:zc6tetkf3ynbm6ha6fulk2n4 err=HttpError('InvalidRequest: Could not find repo: did:plc:zc6tetkf3ynbm6ha6fulk2n4')
2026-03-24T11:53:37Z WARNING bsky_collector_v2.job.index_feed_generators: listRecords failed repo=did:plc:zeq7z2flmo76odmap4iyemgc err=HttpError('InvalidRequest: Could not find repo: did:plc:zeq7z2flmo76odmap4iyemgc')
2026-03-24T11:53:38Z WARNING bsky_collector_v2.job.index_feed_generators: listRecords failed repo=did:plc:4xr6usbvpt2n35pnygiuibf3 err=HttpError('InvalidRequest: Could not find repo: did:plc:4xr6usbvpt2n35pnygiuibf3')
2026-03-24T11:53:38Z WARNING bsky_collector_v2.job.index_feed_generators: listRecords failed repo=did:plc:677orky33xepg3u2yh3x5xmp err=HttpError('InvalidRequest: Could not find repo: did:plc:677orky33xepg3u2yh3x5xmp')
2026-03-24T11:53:38Z WARNING bsky_collector_v2.job.index_feed_generators: listRecords failed repo=did:plc:77chg7irjton3p54koi7pgyn err=HttpError('InvalidRequest: Could not find repo: did:plc:77chg7irjton3p54koi7pgyn')
2026-03-24T11:53:38Z WARNING bsky_collector_v2.job.index_feed_generators: listRecords failed repo=did:plc:ajxzccjieqmqsy5qw34qz7ig err=HttpError('InvalidRequest: Could not find repo: did:plc:ajxzccjieqmqsy5qw34qz7ig')
2026-03-24T11:53:38Z WARNING bsky_collector_v2.job.index_feed_generators: listRecords failed repo=did:plc:bwziucasufkqrxefmipx2cqv err=HttpError('InvalidRequest: Could not find repo: did:plc:bwziucasufkqrxefmipx2cqv')
2026-03-24T11:53:38Z WARNING bsky_collector_v2.job.index_feed_generators: listRecords failed repo=did:plc:mpf6jrc3oj6ewxov2rvxcdql err=HttpError('InvalidRequest: Could not find repo: did:plc:mpf6jrc3oj6ewxov2rvxcdql')
2026-03-24T11:53:38Z WARNING bsky_collector_v2.job.index_feed_generators: listRecords failed repo=did:plc:ouo25mf2a3ajj5nmlw53mmb6 err=HttpError('InvalidRequest: Could not find repo: did:plc:ouo25mf2a3ajj5nmlw53mmb6')
2026-03-24T11:53:38Z WARNING bsky_collector_v2.job.index_feed_generators: listRecords failed repo=did:plc:pekpfifjmq7a3l5nedpeq2ad err=HttpError('InvalidRequest: Could not find repo: did:plc:pekpfifjmq7a3l5nedpeq2ad')
2026-03-24T11:53:38Z WARNING bsky_collector_v2.job.index_feed_generators: listRecords failed repo=did:plc:qmdltx4ifggtq74mkuiu4a2d err=HttpError('InvalidRequest: Could not find repo: did:plc:qmdltx4ifggtq74mkuiu4a2d')
2026-03-24T11:53:38Z WARNING bsky_collector_v2.job.index_feed_generators: listRecords failed repo=did:plc:ravpqoqmdqerdzctb6fye6p6 err=HttpError('InvalidRequest: Could not find repo: did:plc:ravpqoqmdqerdzctb6fye6p6')
2026-03-24T11:53:38Z WARNING bsky_collector_v2.job.index_feed_generators: listRecords failed repo=did:plc:sgumyj3ygnvyvhiekuwyf4fc err=HttpError('InvalidRequest: Could not find repo: did:plc:sgumyj3ygnvyvhiekuwyf4fc')
2026-03-24T11:53:38Z WARNING bsky_collector_v2.job.index_feed_generators: listRecords failed repo=did:plc:u2mhrvugs27r7eabdtoten5z err=HttpError('InvalidRequest: Could not find repo: did:plc:u2mhrvugs27r7eabdtoten5z')
2026-03-24T11:53:38Z WARNING bsky_collector_v2.job.index_feed_generators: listRecords failed repo=did:plc:vvvbymwlllgzriqbwcbxwcy2 err=HttpError('InvalidRequest: Could not find repo: did:plc:vvvbymwlllgzriqbwcbxwcy2')
2026-03-24T11:53:38Z WARNING bsky_collector_v2.job.index_feed_generators: listRecords failed repo=did:plc:wjl4awdoxxzaep7zpi2zypyo err=HttpError('InvalidRequest: Could not find repo: did:plc:wjl4awdoxxzaep7zpi2zypyo')
2026-03-24T11:53:38Z WARNING bsky_collector_v2.job.index_feed_generators: listRecords failed repo=did:plc:zc6tetkf3ynbm6ha6fulk2n4 err=HttpError('InvalidRequest: Could not find repo: did:plc:zc6tetkf3ynbm6ha6fulk2n4')
2026-03-24T11:53:38Z WARNING bsky_collector_v2.job.index_feed_generators: listRecords failed repo=did:plc:zeq7z2flmo76odmap4iyemgc err=HttpError('InvalidRequest: Could not find repo: did:plc:zeq7z2flmo76odmap4iyemgc')
2026-03-24T11:53:38Z WARNING bsky_collector_v2.job.index_feed_generators: listRecords failed repo=did:plc:4xr6usbvpt2n35pnygiuibf3 err=HttpError('InvalidRequest: Could not find repo: did:plc:4xr6usbvpt2n35pnygiuibf3')
2026-03-24T11:53:39Z WARNING bsky_collector_v2.job.index_feed_generators: listRecords failed repo=did:plc:677orky33xepg3u2yh3x5xmp err=HttpError('InvalidRequest: Could not find repo: did:plc:677orky33xepg3u2yh3x5xmp')
2026-03-24T11:53:39Z WARNING bsky_collector_v2.job.index_feed_generators: listRecords failed repo=did:plc:77chg7irjton3p54koi7pgyn err=HttpError('InvalidRequest: Could not find repo: did:plc:77chg7irjton3p54koi7pgyn')
2026-03-24T11:53:39Z WARNING bsky_collector_v2.job.index_feed_generators: listRecords failed repo=did:plc:ajxzccjieqmqsy5qw34qz7ig err=HttpError('InvalidRequest: Could not find repo: did:plc:ajxzccjieqmqsy5qw34qz7ig')
2026-03-24T11:53:39Z WARNING bsky_collector_v2.job.index_feed_generators: listRecords failed repo=did:plc:bwziucasufkqrxefmipx2cqv err=HttpError('InvalidRequest: Could not find repo: did:plc:bwziucasufkqrxefmipx2cqv')
2026-03-24T11:53:39Z WARNING bsky_collector_v2.job.index_feed_generators: listRecords failed repo=did:plc:mpf6jrc3oj6ewxov2rvxcdql err=HttpError('InvalidRequest: Could not find repo: did:plc:mpf6jrc3oj6ewxov2rvxcdql')
2026-03-24T11:53:39Z WARNING bsky_collector_v2.job.index_feed_generators: listRecords failed repo=did:plc:ouo25mf2a3ajj5nmlw53mmb6 err=HttpError('InvalidRequest: Could not find repo: did:plc:ouo25mf2a3ajj5nmlw53mmb6')
2026-03-24T11:53:39Z WARNING bsky_collector_v2.job.index_feed_generators: listRecords failed repo=did:plc:pekpfifjmq7a3l5nedpeq2ad err=HttpError('InvalidRequest: Could not find repo: did:plc:pekpfifjmq7a3l5nedpeq2ad')
2026-03-24T11:53:39Z WARNING bsky_collector_v2.job.index_feed_generators: listRecords failed repo=did:plc:qmdltx4ifggtq74mkuiu4a2d err=HttpError('InvalidRequest: Could not find repo: did:plc:qmdltx4ifggtq74mkuiu4a2d')
2026-03-24T11:53:39Z WARNING bsky_collector_v2.job.index_feed_generators: listRecords failed repo=did:plc:ravpqoqmdqerdzctb6fye6p6 err=HttpError('InvalidRequest: Could not find repo: did:plc:ravpqoqmdqerdzctb6fye6p6')
2026-03-24T11:53:39Z WARNING bsky_collector_v2.job.index_feed_generators: listRecords failed repo=did:plc:sgumyj3ygnvyvhiekuwyf4fc err=HttpError('InvalidRequest: Could not find repo: did:plc:sgumyj3ygnvyvhiekuwyf4fc')
2026-03-24T11:53:39Z WARNING bsky_collector_v2.job.index_feed_generators: listRecords failed repo=did:plc:u2mhrvugs27r7eabdtoten5z err=HttpError('InvalidRequest: Could not find repo: did:plc:u2mhrvugs27r7eabdtoten5z')
2026-03-24T11:53:39Z WARNING bsky_collector_v2.job.index_feed_generators: listRecords failed repo=did:plc:vvvbymwlllgzriqbwcbxwcy2 err=HttpError('InvalidRequest: Could not find repo: did:plc:vvvbymwlllgzriqbwcbxwcy2')
2026-03-24T11:53:39Z WARNING bsky_collector_v2.job.index_feed_generators: listRecords failed repo=did:plc:wjl4awdoxxzaep7zpi2zypyo err=HttpError('InvalidRequest: Could not find repo: did:plc:wjl4awdoxxzaep7zpi2zypyo')
2026-03-24T11:53:39Z WARNING bsky_collector_v2.job.index_feed_generators: listRecords failed repo=did:plc:zc6tetkf3ynbm6ha6fulk2n4 err=HttpError('InvalidRequest: Could not find repo: did:plc:zc6tetkf3ynbm6ha6fulk2n4')
2026-03-24T11:53:39Z WARNING bsky_collector_v2.job.index_feed_generators: listRecords failed repo=did:plc:zeq7z2flmo76odmap4iyemgc err=HttpError('InvalidRequest: Could not find repo: did:plc:zeq7z2flmo76odmap4iyemgc')
2026-03-24T11:53:40Z INFO bsky_collector_v2.job.index_feed_generators: enqueued repos page=28 mode=listRepos inserted=500 repos_returned=500 next_cursor=set
2026-03-24T11:54:00Z WARNING bsky_collector_v2.job.index_feed_generators: listRecords failed repo=did:plc:6r5765xflx3fibw7pu3hkbke err=HttpError('InvalidRequest: Could not find repo: did:plc:6r5765xflx3fibw7pu3hkbke')
2026-03-24T11:54:01Z WARNING bsky_collector_v2.job.index_feed_generators: listRecords failed repo=did:plc:72loahhkb4emzjsphjhd2ohf err=HttpError('InvalidRequest: Could not find repo: did:plc:72loahhkb4emzjsphjhd2ohf')
2026-03-24T11:54:02Z WARNING bsky_collector_v2.job.index_feed_generators: listRecords failed repo=did:plc:7syjaaiy3t7eiheaiha2eyu7 err=HttpError('InvalidRequest: Could not find repo: did:plc:7syjaaiy3t7eiheaiha2eyu7')
2026-03-24T11:54:17Z WARNING bsky_collector_v2.job.index_feed_generators: listRecords failed repo=did:plc:dnkjyulljguqxw7ouprz3v47 err=HttpError('InvalidRequest: Could not find repo: did:plc:dnkjyulljguqxw7ouprz3v47')
2026-03-24T11:54:27Z WARNING bsky_collector_v2.job.index_feed_generators: listRecords failed repo=did:plc:gkbwjd6hrcwqc4vbmliikl5x err=HttpError('InvalidRequest: Could not find repo: did:plc:gkbwjd6hrcwqc4vbmliikl5x')
2026-03-24T11:54:29Z WARNING bsky_collector_v2.job.index_feed_generators: listRecords failed repo=did:plc:h3ondwkjot3piac3ob6wafqo err=HttpError('InvalidRequest: Could not find repo: did:plc:h3ondwkjot3piac3ob6wafqo')
2026-03-24T11:54:38Z WARNING bsky_collector_v2.job.index_feed_generators: listRecords failed repo=did:plc:jpqvkjm4p2vg322qxutiegf4 err=HttpError('InvalidRequest: Could not find repo: did:plc:jpqvkjm4p2vg322qxutiegf4')
2026-03-24T11:54:50Z WARNING bsky_collector_v2.job.index_feed_generators: listRecords failed repo=did:plc:opoauexwik7vnj46b3jrpoa3 err=HttpError('InvalidRequest: Could not find repo: did:plc:opoauexwik7vnj46b3jrpoa3')
2026-03-24T11:54:52Z WARNING bsky_collector_v2.job.index_feed_generators: listRecords failed repo=did:plc:pog3cxyyyljqxqqhqttyt3v3 err=HttpError('InvalidRequest: Could not find repo: did:plc:pog3cxyyyljqxqqhqttyt3v3')
2026-03-24T11:55:07Z WARNING bsky_collector_v2.job.index_feed_generators: listRecords failed repo=did:plc:ufbprifr4nddlhflexb3a6ak err=HttpError('InvalidRequest: Could not find repo: did:plc:ufbprifr4nddlhflexb3a6ak')
2026-03-24T11:55:20Z WARNING bsky_collector_v2.job.index_feed_generators: listRecords failed repo=did:plc:zdym5wk7u6yhe6tupmjkbwvl err=HttpError('InvalidRequest: Could not find repo: did:plc:zdym5wk7u6yhe6tupmjkbwvl')
2026-03-24T11:55:23Z WARNING bsky_collector_v2.job.index_feed_generators: listRecords failed repo=did:plc:6r5765xflx3fibw7pu3hkbke err=HttpError('InvalidRequest: Could not find repo: did:plc:6r5765xflx3fibw7pu3hkbke')
2026-03-24T11:55:23Z WARNING bsky_collector_v2.job.index_feed_generators: listRecords failed repo=did:plc:72loahhkb4emzjsphjhd2ohf err=HttpError('InvalidRequest: Could not find repo: did:plc:72loahhkb4emzjsphjhd2ohf')
2026-03-24T11:55:23Z WARNING bsky_collector_v2.job.index_feed_generators: listRecords failed repo=did:plc:7syjaaiy3t7eiheaiha2eyu7 err=HttpError('InvalidRequest: Could not find repo: did:plc:7syjaaiy3t7eiheaiha2eyu7')
2026-03-24T11:55:23Z WARNING bsky_collector_v2.job.index_feed_generators: listRecords failed repo=did:plc:dnkjyulljguqxw7ouprz3v47 err=HttpError('InvalidRequest: Could not find repo: did:plc:dnkjyulljguqxw7ouprz3v47')
2026-03-24T11:55:23Z WARNING bsky_collector_v2.job.index_feed_generators: listRecords failed repo=did:plc:gkbwjd6hrcwqc4vbmliikl5x err=HttpError('InvalidRequest: Could not find repo: did:plc:gkbwjd6hrcwqc4vbmliikl5x')
2026-03-24T11:55:23Z WARNING bsky_collector_v2.job.index_feed_generators: listRecords failed repo=did:plc:h3ondwkjot3piac3ob6wafqo err=HttpError('InvalidRequest: Could not find repo: did:plc:h3ondwkjot3piac3ob6wafqo')
2026-03-24T11:55:23Z WARNING bsky_collector_v2.job.index_feed_generators: listRecords failed repo=did:plc:jpqvkjm4p2vg322qxutiegf4 err=HttpError('InvalidRequest: Could not find repo: did:plc:jpqvkjm4p2vg322qxutiegf4')
2026-03-24T11:55:23Z WARNING bsky_collector_v2.job.index_feed_generators: listRecords failed repo=did:plc:opoauexwik7vnj46b3jrpoa3 err=HttpError('InvalidRequest: Could not find repo: did:plc:opoauexwik7vnj46b3jrpoa3')
2026-03-24T11:55:23Z WARNING bsky_collector_v2.job.index_feed_generators: listRecords failed repo=did:plc:pog3cxyyyljqxqqhqttyt3v3 err=HttpError('InvalidRequest: Could not find repo: did:plc:pog3cxyyyljqxqqhqttyt3v3')
2026-03-24T11:55:23Z WARNING bsky_collector_v2.job.index_feed_generators: listRecords failed repo=did:plc:ufbprifr4nddlhflexb3a6ak err=HttpError('InvalidRequest: Could not find repo: did:plc:ufbprifr4nddlhflexb3a6ak')
2026-03-24T11:55:23Z WARNING bsky_collector_v2.job.index_feed_generators: listRecords failed repo=did:plc:zdym5wk7u6yhe6tupmjkbwvl err=HttpError('InvalidRequest: Could not find repo: did:plc:zdym5wk7u6yhe6tupmjkbwvl')
2026-03-24T11:55:23Z WARNING bsky_collector_v2.job.index_feed_generators: listRecords failed repo=did:plc:6r5765xflx3fibw7pu3hkbke err=HttpError('InvalidRequest: Could not find repo: did:plc:6r5765xflx3fibw7pu3hkbke')
2026-03-24T11:55:23Z WARNING bsky_collector_v2.job.index_feed_generators: listRecords failed repo=did:plc:72loahhkb4emzjsphjhd2ohf err=HttpError('InvalidRequest: Could not find repo: did:plc:72loahhkb4emzjsphjhd2ohf')
2026-03-24T11:55:23Z WARNING bsky_collector_v2.job.index_feed_generators: listRecords failed repo=did:plc:7syjaaiy3t7eiheaiha2eyu7 err=HttpError('InvalidRequest: Could not find repo: did:plc:7syjaaiy3t7eiheaiha2eyu7')
2026-03-24T11:55:23Z WARNING bsky_collector_v2.job.index_feed_generators: listRecords failed repo=did:plc:dnkjyulljguqxw7ouprz3v47 err=HttpError('InvalidRequest: Could not find repo: did:plc:dnkjyulljguqxw7ouprz3v47')
2026-03-24T11:55:23Z WARNING bsky_collector_v2.job.index_feed_generators: listRecords failed repo=did:plc:gkbwjd6hrcwqc4vbmliikl5x err=HttpError('InvalidRequest: Could not find repo: did:plc:gkbwjd6hrcwqc4vbmliikl5x')
2026-03-24T11:55:24Z WARNING bsky_collector_v2.job.index_feed_generators: listRecords failed repo=did:plc:h3ondwkjot3piac3ob6wafqo err=HttpError('InvalidRequest: Could not find repo: did:plc:h3ondwkjot3piac3ob6wafqo')
2026-03-24T11:55:24Z WARNING bsky_collector_v2.job.index_feed_generators: listRecords failed repo=did:plc:jpqvkjm4p2vg322qxutiegf4 err=HttpError('InvalidRequest: Could not find repo: did:plc:jpqvkjm4p2vg322qxutiegf4')
2026-03-24T11:55:24Z WARNING bsky_collector_v2.job.index_feed_generators: listRecords failed repo=did:plc:opoauexwik7vnj46b3jrpoa3 err=HttpError('InvalidRequest: Could not find repo: did:plc:opoauexwik7vnj46b3jrpoa3')
2026-03-24T11:55:24Z WARNING bsky_collector_v2.job.index_feed_generators: listRecords failed repo=did:plc:pog3cxyyyljqxqqhqttyt3v3 err=HttpError('InvalidRequest: Could not find repo: did:plc:pog3cxyyyljqxqqhqttyt3v3')
2026-03-24T11:55:24Z WARNING bsky_collector_v2.job.index_feed_generators: listRecords failed repo=did:plc:ufbprifr4nddlhflexb3a6ak err=HttpError('InvalidRequest: Could not find repo: did:plc:ufbprifr4nddlhflexb3a6ak')
2026-03-24T11:55:24Z WARNING bsky_collector_v2.job.index_feed_generators: listRecords failed repo=did:plc:zdym5wk7u6yhe6tupmjkbwvl err=HttpError('InvalidRequest: Could not find repo: did:plc:zdym5wk7u6yhe6tupmjkbwvl')
2026-03-24T11:55:24Z INFO bsky_collector_v2.job.index_feed_generators: enqueued repos page=29 mode=listRepos inserted=500 repos_returned=500 next_cursor=set
2026-03-24T11:55:40Z WARNING bsky_collector_v2.job.index_feed_generators: listRecords failed repo=did:plc:axuukodskkaedako2bwf4jum err=HttpError('InvalidRequest: Could not find repo: did:plc:axuukodskkaedako2bwf4jum')
2026-03-24T11:56:00Z WARNING bsky_collector_v2.job.index_feed_generators: listRecords failed repo=did:plc:i4fqkh6ypvmacznu7y5y6q3k err=HttpError('InvalidRequest: Could not find repo: did:plc:i4fqkh6ypvmacznu7y5y6q3k')
2026-03-24T11:56:29Z WARNING bsky_collector_v2.job.index_feed_generators: listRecords failed repo=did:plc:szdgrtanjfmut63tk7qta47m err=HttpError('InvalidRequest: Could not find repo: did:plc:szdgrtanjfmut63tk7qta47m')
2026-03-24T11:56:31Z WARNING bsky_collector_v2.job.index_feed_generators: listRecords failed repo=did:plc:u7h6ucxclzbg4gexrts2wwpx err=HttpError('InvalidRequest: Could not find repo: did:plc:u7h6ucxclzbg4gexrts2wwpx')
2026-03-24T11:56:46Z WARNING bsky_collector_v2.job.index_feed_generators: listRecords failed repo=did:plc:axuukodskkaedako2bwf4jum err=HttpError('InvalidRequest: Could not find repo: did:plc:axuukodskkaedako2bwf4jum')
2026-03-24T11:56:46Z WARNING bsky_collector_v2.job.index_feed_generators: listRecords failed repo=did:plc:i4fqkh6ypvmacznu7y5y6q3k err=HttpError('InvalidRequest: Could not find repo: did:plc:i4fqkh6ypvmacznu7y5y6q3k')
2026-03-24T11:56:46Z WARNING bsky_collector_v2.job.index_feed_generators: listRecords failed repo=did:plc:szdgrtanjfmut63tk7qta47m err=HttpError('InvalidRequest: Could not find repo: did:plc:szdgrtanjfmut63tk7qta47m')
2026-03-24T11:56:46Z WARNING bsky_collector_v2.job.index_feed_generators: listRecords failed repo=did:plc:u7h6ucxclzbg4gexrts2wwpx err=HttpError('InvalidRequest: Could not find repo: did:plc:u7h6ucxclzbg4gexrts2wwpx')
2026-03-24T11:56:46Z WARNING bsky_collector_v2.job.index_feed_generators: listRecords failed repo=did:plc:axuukodskkaedako2bwf4jum err=HttpError('InvalidRequest: Could not find repo: did:plc:axuukodskkaedako2bwf4jum')
2026-03-24T11:56:46Z WARNING bsky_collector_v2.job.index_feed_generators: listRecords failed repo=did:plc:i4fqkh6ypvmacznu7y5y6q3k err=HttpError('InvalidRequest: Could not find repo: did:plc:i4fqkh6ypvmacznu7y5y6q3k')
2026-03-24T11:56:46Z WARNING bsky_collector_v2.job.index_feed_generators: listRecords failed repo=did:plc:szdgrtanjfmut63tk7qta47m err=HttpError('InvalidRequest: Could not find repo: did:plc:szdgrtanjfmut63tk7qta47m')
2026-03-24T11:56:46Z WARNING bsky_collector_v2.job.index_feed_generators: listRecords failed repo=did:plc:u7h6ucxclzbg4gexrts2wwpx err=HttpError('InvalidRequest: Could not find repo: did:plc:u7h6ucxclzbg4gexrts2wwpx')
2026-03-24T11:56:47Z INFO bsky_collector_v2.job.index_feed_generators: enqueued repos page=30 mode=listRepos inserted=500 repos_returned=500 next_cursor=set
2026-03-24T11:57:20Z WARNING bsky_collector_v2.job.index_feed_generators: listRecords failed repo=did:plc:fnzuuwdqnsodfbgkpyp4kwby err=HttpError('InvalidRequest: Could not find repo: did:plc:fnzuuwdqnsodfbgkpyp4kwby')
2026-03-24T11:57:35Z WARNING bsky_collector_v2.job.index_feed_generators: listRecords failed repo=did:plc:inae42y346rodu6y3wobfguu err=HttpError('InvalidRequest: Could not find repo: did:plc:inae42y346rodu6y3wobfguu')
2026-03-24T11:57:58Z WARNING bsky_collector_v2.job.index_feed_generators: listRecords failed repo=did:plc:rekdmutkkl6q4jfmydg72so7 err=HttpError('InvalidRequest: Could not find repo: did:plc:rekdmutkkl6q4jfmydg72so7')
2026-03-24T11:58:19Z WARNING bsky_collector_v2.job.index_feed_generators: listRecords failed repo=did:plc:fnzuuwdqnsodfbgkpyp4kwby err=HttpError('InvalidRequest: Could not find repo: did:plc:fnzuuwdqnsodfbgkpyp4kwby')
2026-03-24T11:58:19Z WARNING bsky_collector_v2.job.index_feed_generators: listRecords failed repo=did:plc:inae42y346rodu6y3wobfguu err=HttpError('InvalidRequest: Could not find repo: did:plc:inae42y346rodu6y3wobfguu')
2026-03-24T11:58:19Z WARNING bsky_collector_v2.job.index_feed_generators: listRecords failed repo=did:plc:rekdmutkkl6q4jfmydg72so7 err=HttpError('InvalidRequest: Could not find repo: did:plc:rekdmutkkl6q4jfmydg72so7')
2026-03-24T11:58:19Z WARNING bsky_collector_v2.job.index_feed_generators: listRecords failed repo=did:plc:fnzuuwdqnsodfbgkpyp4kwby err=HttpError('InvalidRequest: Could not find repo: did:plc:fnzuuwdqnsodfbgkpyp4kwby')
2026-03-24T11:58:19Z WARNING bsky_collector_v2.job.index_feed_generators: listRecords failed repo=did:plc:inae42y346rodu6y3wobfguu err=HttpError('InvalidRequest: Could not find repo: did:plc:inae42y346rodu6y3wobfguu')
2026-03-24T11:58:19Z WARNING bsky_collector_v2.job.index_feed_generators: listRecords failed repo=did:plc:rekdmutkkl6q4jfmydg72so7 err=HttpError('InvalidRequest: Could not find repo: did:plc:rekdmutkkl6q4jfmydg72so7')
2026-03-24T11:58:20Z INFO bsky_collector_v2.job.index_feed_generators: enqueued repos page=31 mode=listRepos inserted=500 repos_returned=500 next_cursor=set
2026-03-24T11:58:52Z INFO bsky_collector_v2.job.index_feed_generators: indexed repo=did:plc:hpqpbnsztjwuiiw5rkrrfkwo part=54 records=2 next_cursor=set
2026-03-24T11:59:40Z INFO bsky_collector_v2.job.index_feed_generators: enqueued repos page=32 mode=listRepos inserted=500 repos_returned=500 next_cursor=set
2026-03-24T12:00:11Z WARNING bsky_collector_v2.job.index_feed_generators: listRecords failed repo=did:plc:gil7afguxq4g3wegv3z7pvcy err=HttpError('InvalidRequest: Could not find repo: did:plc:gil7afguxq4g3wegv3z7pvcy')
2026-03-24T12:00:17Z WARNING bsky_collector_v2.job.index_feed_generators: listRecords failed repo=did:plc:k2h7lf6p6c7a3qf44lalk6y6 err=HttpError('InvalidRequest: Could not find repo: did:plc:k2h7lf6p6c7a3qf44lalk6y6')
2026-03-24T12:00:23Z WARNING bsky_collector_v2.job.index_feed_generators: listRecords failed repo=did:plc:mulgsbizcuajul3tl4vticjr err=HttpError('InvalidRequest: Could not find repo: did:plc:mulgsbizcuajul3tl4vticjr')
2026-03-24T12:00:24Z WARNING bsky_collector_v2.job.index_feed_generators: listRecords failed repo=did:plc:nldl62c2elh5ixrvdwhglajs err=HttpError('InvalidRequest: Could not find repo: did:plc:nldl62c2elh5ixrvdwhglajs')
2026-03-24T12:00:45Z WARNING bsky_collector_v2.job.index_feed_generators: listRecords failed repo=did:plc:ro62s6wcoefrh73b4z5xvbfq err=HttpError('InvalidRequest: Could not find repo: did:plc:ro62s6wcoefrh73b4z5xvbfq')
2026-03-24T12:00:48Z WARNING bsky_collector_v2.job.index_feed_generators: listRecords failed repo=did:plc:svlwqit4rq5kmdrztubtn5bh err=HttpError('InvalidRequest: Could not find repo: did:plc:svlwqit4rq5kmdrztubtn5bh')
2026-03-24T12:00:59Z WARNING bsky_collector_v2.job.index_feed_generators: listRecords failed repo=did:plc:xl43gpzvlluijtl7j7ap55ke err=HttpError('InvalidRequest: Could not find repo: did:plc:xl43gpzvlluijtl7j7ap55ke')
2026-03-24T12:01:02Z WARNING bsky_collector_v2.job.index_feed_generators: listRecords failed repo=did:plc:yyz3janw5arpdsavfdmtdlpy err=HttpError('InvalidRequest: Could not find repo: did:plc:yyz3janw5arpdsavfdmtdlpy')
2026-03-24T12:01:03Z WARNING bsky_collector_v2.job.index_feed_generators: listRecords failed repo=did:plc:gil7afguxq4g3wegv3z7pvcy err=HttpError('InvalidRequest: Could not find repo: did:plc:gil7afguxq4g3wegv3z7pvcy')
2026-03-24T12:01:03Z WARNING bsky_collector_v2.job.index_feed_generators: listRecords failed repo=did:plc:k2h7lf6p6c7a3qf44lalk6y6 err=HttpError('InvalidRequest: Could not find repo: did:plc:k2h7lf6p6c7a3qf44lalk6y6')
2026-03-24T12:01:03Z WARNING bsky_collector_v2.job.index_feed_generators: listRecords failed repo=did:plc:mulgsbizcuajul3tl4vticjr err=HttpError('InvalidRequest: Could not find repo: did:plc:mulgsbizcuajul3tl4vticjr')
2026-03-24T12:01:03Z WARNING bsky_collector_v2.job.index_feed_generators: listRecords failed repo=did:plc:nldl62c2elh5ixrvdwhglajs err=HttpError('InvalidRequest: Could not find repo: did:plc:nldl62c2elh5ixrvdwhglajs')
2026-03-24T12:01:03Z WARNING bsky_collector_v2.job.index_feed_generators: listRecords failed repo=did:plc:ro62s6wcoefrh73b4z5xvbfq err=HttpError('InvalidRequest: Could not find repo: did:plc:ro62s6wcoefrh73b4z5xvbfq')
2026-03-24T12:01:03Z WARNING bsky_collector_v2.job.index_feed_generators: listRecords failed repo=did:plc:svlwqit4rq5kmdrztubtn5bh err=HttpError('InvalidRequest: Could not find repo: did:plc:svlwqit4rq5kmdrztubtn5bh')
2026-03-24T12:01:03Z WARNING bsky_collector_v2.job.index_feed_generators: listRecords failed repo=did:plc:xl43gpzvlluijtl7j7ap55ke err=HttpError('InvalidRequest: Could not find repo: did:plc:xl43gpzvlluijtl7j7ap55ke')
2026-03-24T12:01:03Z WARNING bsky_collector_v2.job.index_feed_generators: listRecords failed repo=did:plc:yyz3janw5arpdsavfdmtdlpy err=HttpError('InvalidRequest: Could not find repo: did:plc:yyz3janw5arpdsavfdmtdlpy')
2026-03-24T12:01:03Z WARNING bsky_collector_v2.job.index_feed_generators: listRecords failed repo=did:plc:gil7afguxq4g3wegv3z7pvcy err=HttpError('InvalidRequest: Could not find repo: did:plc:gil7afguxq4g3wegv3z7pvcy')
2026-03-24T12:01:04Z WARNING bsky_collector_v2.job.index_feed_generators: listRecords failed repo=did:plc:k2h7lf6p6c7a3qf44lalk6y6 err=HttpError('InvalidRequest: Could not find repo: did:plc:k2h7lf6p6c7a3qf44lalk6y6')
2026-03-24T12:01:04Z WARNING bsky_collector_v2.job.index_feed_generators: listRecords failed repo=did:plc:mulgsbizcuajul3tl4vticjr err=HttpError('InvalidRequest: Could not find repo: did:plc:mulgsbizcuajul3tl4vticjr')
2026-03-24T12:01:04Z WARNING bsky_collector_v2.job.index_feed_generators: listRecords failed repo=did:plc:nldl62c2elh5ixrvdwhglajs err=HttpError('InvalidRequest: Could not find repo: did:plc:nldl62c2elh5ixrvdwhglajs')
2026-03-24T12:01:04Z WARNING bsky_collector_v2.job.index_feed_generators: listRecords failed repo=did:plc:ro62s6wcoefrh73b4z5xvbfq err=HttpError('InvalidRequest: Could not find repo: did:plc:ro62s6wcoefrh73b4z5xvbfq')
2026-03-24T12:01:04Z WARNING bsky_collector_v2.job.index_feed_generators: listRecords failed repo=did:plc:svlwqit4rq5kmdrztubtn5bh err=HttpError('InvalidRequest: Could not find repo: did:plc:svlwqit4rq5kmdrztubtn5bh')
2026-03-24T12:01:04Z WARNING bsky_collector_v2.job.index_feed_generators: listRecords failed repo=did:plc:xl43gpzvlluijtl7j7ap55ke err=HttpError('InvalidRequest: Could not find repo: did:plc:xl43gpzvlluijtl7j7ap55ke')
2026-03-24T12:01:04Z WARNING bsky_collector_v2.job.index_feed_generators: listRecords failed repo=did:plc:yyz3janw5arpdsavfdmtdlpy err=HttpError('InvalidRequest: Could not find repo: did:plc:yyz3janw5arpdsavfdmtdlpy')
2026-03-24T12:01:04Z INFO bsky_collector_v2.job.index_feed_generators: enqueued repos page=33 mode=listRepos inserted=500 repos_returned=500 next_cursor=set
2026-03-24T12:01:04Z WARNING bsky_collector_v2.job.index_feed_generators: listRecords failed repo=did:plc:24ox7vcarwvlbdzgy4nkq5y6 err=HttpError('InvalidRequest: Could not find repo: did:plc:24ox7vcarwvlbdzgy4nkq5y6')
2026-03-24T12:01:43Z WARNING bsky_collector_v2.job.index_feed_generators: listRecords failed repo=did:plc:km7p66er7lfytwpk5zu6hagz err=HttpError('InvalidRequest: Could not find repo: did:plc:km7p66er7lfytwpk5zu6hagz')
2026-03-24T12:01:52Z WARNING bsky_collector_v2.job.index_feed_generators: listRecords failed repo=did:plc:okgjbbj42mdtc62zqvmukpyr err=HttpError('InvalidRequest: Could not find repo: did:plc:okgjbbj42mdtc62zqvmukpyr')
2026-03-24T12:02:31Z WARNING bsky_collector_v2.job.index_feed_generators: listRecords failed repo=did:plc:24ox7vcarwvlbdzgy4nkq5y6 err=HttpError('InvalidRequest: Could not find repo: did:plc:24ox7vcarwvlbdzgy4nkq5y6')
2026-03-24T12:02:31Z WARNING bsky_collector_v2.job.index_feed_generators: listRecords failed repo=did:plc:km7p66er7lfytwpk5zu6hagz err=HttpError('InvalidRequest: Could not find repo: did:plc:km7p66er7lfytwpk5zu6hagz')
2026-03-24T12:02:31Z WARNING bsky_collector_v2.job.index_feed_generators: listRecords failed repo=did:plc:okgjbbj42mdtc62zqvmukpyr err=HttpError('InvalidRequest: Could not find repo: did:plc:okgjbbj42mdtc62zqvmukpyr')
2026-03-24T12:02:31Z WARNING bsky_collector_v2.job.index_feed_generators: listRecords failed repo=did:plc:24ox7vcarwvlbdzgy4nkq5y6 err=HttpError('InvalidRequest: Could not find repo: did:plc:24ox7vcarwvlbdzgy4nkq5y6')
2026-03-24T12:02:31Z WARNING bsky_collector_v2.job.index_feed_generators: listRecords failed repo=did:plc:km7p66er7lfytwpk5zu6hagz err=HttpError('InvalidRequest: Could not find repo: did:plc:km7p66er7lfytwpk5zu6hagz')
2026-03-24T12:02:31Z WARNING bsky_collector_v2.job.index_feed_generators: listRecords failed repo=did:plc:okgjbbj42mdtc62zqvmukpyr err=HttpError('InvalidRequest: Could not find repo: did:plc:okgjbbj42mdtc62zqvmukpyr')
2026-03-24T12:02:32Z INFO bsky_collector_v2.job.index_feed_generators: enqueued repos page=34 mode=listRepos inserted=500 repos_returned=500 next_cursor=set
2026-03-24T12:03:24Z WARNING bsky_collector_v2.job.index_feed_generators: listRecords failed repo=did:plc:qbxiz66ctqtv42rfx2zf7ii3 err=HttpError('InvalidRequest: Could not find repo: did:plc:qbxiz66ctqtv42rfx2zf7ii3')
2026-03-24T12:03:43Z WARNING bsky_collector_v2.job.index_feed_generators: listRecords failed repo=did:plc:xjaontnvewgzosgqa6e5uvgu err=HttpError('InvalidRequest: Could not find repo: did:plc:xjaontnvewgzosgqa6e5uvgu')
2026-03-24T12:03:54Z WARNING bsky_collector_v2.job.index_feed_generators: listRecords failed repo=did:plc:qbxiz66ctqtv42rfx2zf7ii3 err=HttpError('InvalidRequest: Could not find repo: did:plc:qbxiz66ctqtv42rfx2zf7ii3')
2026-03-24T12:03:54Z WARNING bsky_collector_v2.job.index_feed_generators: listRecords failed repo=did:plc:xjaontnvewgzosgqa6e5uvgu err=HttpError('InvalidRequest: Could not find repo: did:plc:xjaontnvewgzosgqa6e5uvgu')
2026-03-24T12:03:55Z WARNING bsky_collector_v2.job.index_feed_generators: listRecords failed repo=did:plc:qbxiz66ctqtv42rfx2zf7ii3 err=HttpError('InvalidRequest: Could not find repo: did:plc:qbxiz66ctqtv42rfx2zf7ii3')
2026-03-24T12:03:55Z WARNING bsky_collector_v2.job.index_feed_generators: listRecords failed repo=did:plc:xjaontnvewgzosgqa6e5uvgu err=HttpError('InvalidRequest: Could not find repo: did:plc:xjaontnvewgzosgqa6e5uvgu')
2026-03-24T12:03:56Z INFO bsky_collector_v2.job.index_feed_generators: enqueued repos page=35 mode=listRepos inserted=500 repos_returned=500 next_cursor=set
2026-03-24T12:03:57Z WARNING bsky_collector_v2.job.index_feed_generators: listRecords failed repo=did:plc:2bsws6v4rjzq3pz3biv5fvz3 err=HttpError('InvalidRequest: Could not find repo: did:plc:2bsws6v4rjzq3pz3biv5fvz3')
2026-03-24T12:03:57Z WARNING bsky_collector_v2.job.index_feed_generators: listRecords failed repo=did:plc:2bzs5yuqddadttumtudvzk6o err=HttpError('InvalidRequest: Could not find repo: did:plc:2bzs5yuqddadttumtudvzk6o')
2026-03-24T12:04:07Z WARNING bsky_collector_v2.job.index_feed_generators: listRecords failed repo=did:plc:3sre7r6odncvpaevgwpmgq3e err=HttpError('InvalidRequest: Could not find repo: did:plc:3sre7r6odncvpaevgwpmgq3e')
2026-03-24T12:04:09Z WARNING bsky_collector_v2.job.index_feed_generators: listRecords failed repo=did:plc:4asgogtckqji67xedq4vzjx5 err=HttpError('InvalidRequest: Could not find repo: did:plc:4asgogtckqji67xedq4vzjx5')
2026-03-24T12:04:28Z WARNING bsky_collector_v2.job.index_feed_generators: listRecords failed repo=did:plc:b2fwecap43hml3pu5lzxw43s err=HttpError('InvalidRequest: Could not find repo: did:plc:b2fwecap43hml3pu5lzxw43s')
2026-03-24T12:04:35Z WARNING bsky_collector_v2.job.index_feed_generators: listRecords failed repo=did:plc:d7czabmmmukoownh5ahiun6d err=HttpError('InvalidRequest: Could not find repo: did:plc:d7czabmmmukoownh5ahiun6d')
2026-03-24T12:04:36Z WARNING bsky_collector_v2.job.index_feed_generators: listRecords failed repo=did:plc:dkgdt2qsppqwocq7bgbkbzod err=HttpError('InvalidRequest: Could not find repo: did:plc:dkgdt2qsppqwocq7bgbkbzod')
2026-03-24T12:04:52Z WARNING bsky_collector_v2.job.index_feed_generators: listRecords failed repo=did:plc:izaiul757ljziuzu62ugtcev err=HttpError('InvalidRequest: Could not find repo: did:plc:izaiul757ljziuzu62ugtcev')
2026-03-24T12:04:53Z WARNING bsky_collector_v2.job.index_feed_generators: listRecords failed repo=did:plc:jaglngy2tpj5vhyxbxqajcpd err=HttpError('InvalidRequest: Could not find repo: did:plc:jaglngy2tpj5vhyxbxqajcpd')
2026-03-24T12:04:57Z WARNING bsky_collector_v2.job.index_feed_generators: listRecords failed repo=did:plc:keyipjej2hsyjb2rurthywcr err=HttpError('InvalidRequest: Could not find repo: did:plc:keyipjej2hsyjb2rurthywcr')
2026-03-24T12:05:01Z WARNING bsky_collector_v2.job.index_feed_generators: listRecords failed repo=did:plc:m7sy5ikki5puohrcyhbi3vtd err=HttpError('InvalidRequest: Could not find repo: did:plc:m7sy5ikki5puohrcyhbi3vtd')
2026-03-24T12:05:01Z WARNING bsky_collector_v2.job.index_feed_generators: listRecords failed repo=did:plc:mnwwvm5sbjezh6zb477ssdtz err=HttpError('InvalidRequest: Could not find repo: did:plc:mnwwvm5sbjezh6zb477ssdtz')
2026-03-24T12:05:12Z WARNING bsky_collector_v2.job.index_feed_generators: listRecords failed repo=did:plc:qis3q746mckkxo7r5hjjl633 err=HttpError('InvalidRequest: Could not find repo: did:plc:qis3q746mckkxo7r5hjjl633')
2026-03-24T12:05:19Z WARNING bsky_collector_v2.job.index_feed_generators: listRecords failed repo=did:plc:rvh4hqidmabwypa5fgyi3ozd err=HttpError('InvalidRequest: Could not find repo: did:plc:rvh4hqidmabwypa5fgyi3ozd')
2026-03-24T12:05:20Z WARNING bsky_collector_v2.job.index_feed_generators: listRecords failed repo=did:plc:s2ecvpukuyfzcex4vifepg6i err=HttpError('InvalidRequest: Could not find repo: did:plc:s2ecvpukuyfzcex4vifepg6i')
2026-03-24T12:05:29Z WARNING bsky_collector_v2.job.index_feed_generators: listRecords failed repo=did:plc:uaa5p6ebktltim4piu5jh3zn err=HttpError('InvalidRequest: Could not find repo: did:plc:uaa5p6ebktltim4piu5jh3zn')
2026-03-24T12:05:32Z WARNING bsky_collector_v2.job.index_feed_generators: listRecords failed repo=did:plc:upzaj45bub7wsi34o72uiz4d err=HttpError('InvalidRequest: Could not find repo: did:plc:upzaj45bub7wsi34o72uiz4d')
2026-03-24T12:05:38Z WARNING bsky_collector_v2.job.index_feed_generators: listRecords failed repo=did:plc:xghliasv3473ceb47nekeoy4 err=HttpError('InvalidRequest: Could not find repo: did:plc:xghliasv3473ceb47nekeoy4')
2026-03-24T12:05:45Z WARNING bsky_collector_v2.job.index_feed_generators: listRecords failed repo=did:plc:zgpszfzrpnmy3epi4nrurdy2 err=HttpError('InvalidRequest: Could not find repo: did:plc:zgpszfzrpnmy3epi4nrurdy2')
2026-03-24T12:05:46Z WARNING bsky_collector_v2.job.index_feed_generators: listRecords failed repo=did:plc:2bsws6v4rjzq3pz3biv5fvz3 err=HttpError('InvalidRequest: Could not find repo: did:plc:2bsws6v4rjzq3pz3biv5fvz3')
2026-03-24T12:05:46Z WARNING bsky_collector_v2.job.index_feed_generators: listRecords failed repo=did:plc:2bzs5yuqddadttumtudvzk6o err=HttpError('InvalidRequest: Could not find repo: did:plc:2bzs5yuqddadttumtudvzk6o')
2026-03-24T12:05:46Z WARNING bsky_collector_v2.job.index_feed_generators: listRecords failed repo=did:plc:3sre7r6odncvpaevgwpmgq3e err=HttpError('InvalidRequest: Could not find repo: did:plc:3sre7r6odncvpaevgwpmgq3e')
2026-03-24T12:05:46Z WARNING bsky_collector_v2.job.index_feed_generators: listRecords failed repo=did:plc:4asgogtckqji67xedq4vzjx5 err=HttpError('InvalidRequest: Could not find repo: did:plc:4asgogtckqji67xedq4vzjx5')
2026-03-24T12:05:46Z WARNING bsky_collector_v2.job.index_feed_generators: listRecords failed repo=did:plc:b2fwecap43hml3pu5lzxw43s err=HttpError('InvalidRequest: Could not find repo: did:plc:b2fwecap43hml3pu5lzxw43s')
2026-03-24T12:05:46Z WARNING bsky_collector_v2.job.index_feed_generators: listRecords failed repo=did:plc:d7czabmmmukoownh5ahiun6d err=HttpError('InvalidRequest: Could not find repo: did:plc:d7czabmmmukoownh5ahiun6d')
2026-03-24T12:05:46Z WARNING bsky_collector_v2.job.index_feed_generators: listRecords failed repo=did:plc:dkgdt2qsppqwocq7bgbkbzod err=HttpError('InvalidRequest: Could not find repo: did:plc:dkgdt2qsppqwocq7bgbkbzod')
2026-03-24T12:05:46Z WARNING bsky_collector_v2.job.index_feed_generators: listRecords failed repo=did:plc:izaiul757ljziuzu62ugtcev err=HttpError('InvalidRequest: Could not find repo: did:plc:izaiul757ljziuzu62ugtcev')
2026-03-24T12:05:46Z WARNING bsky_collector_v2.job.index_feed_generators: listRecords failed repo=did:plc:jaglngy2tpj5vhyxbxqajcpd err=HttpError('InvalidRequest: Could not find repo: did:plc:jaglngy2tpj5vhyxbxqajcpd')
2026-03-24T12:05:46Z WARNING bsky_collector_v2.job.index_feed_generators: listRecords failed repo=did:plc:keyipjej2hsyjb2rurthywcr err=HttpError('InvalidRequest: Could not find repo: did:plc:keyipjej2hsyjb2rurthywcr')
2026-03-24T12:05:46Z WARNING bsky_collector_v2.job.index_feed_generators: listRecords failed repo=did:plc:m7sy5ikki5puohrcyhbi3vtd err=HttpError('InvalidRequest: Could not find repo: did:plc:m7sy5ikki5puohrcyhbi3vtd')
2026-03-24T12:05:46Z WARNING bsky_collector_v2.job.index_feed_generators: listRecords failed repo=did:plc:mnwwvm5sbjezh6zb477ssdtz err=HttpError('InvalidRequest: Could not find repo: did:plc:mnwwvm5sbjezh6zb477ssdtz')
2026-03-24T12:05:46Z WARNING bsky_collector_v2.job.index_feed_generators: listRecords failed repo=did:plc:qis3q746mckkxo7r5hjjl633 err=HttpError('InvalidRequest: Could not find repo: did:plc:qis3q746mckkxo7r5hjjl633')
2026-03-24T12:05:46Z WARNING bsky_collector_v2.job.index_feed_generators: listRecords failed repo=did:plc:rvh4hqidmabwypa5fgyi3ozd err=HttpError('InvalidRequest: Could not find repo: did:plc:rvh4hqidmabwypa5fgyi3ozd')
2026-03-24T12:05:47Z WARNING bsky_collector_v2.job.index_feed_generators: listRecords failed repo=did:plc:s2ecvpukuyfzcex4vifepg6i err=HttpError('InvalidRequest: Could not find repo: did:plc:s2ecvpukuyfzcex4vifepg6i')
2026-03-24T12:05:47Z WARNING bsky_collector_v2.job.index_feed_generators: listRecords failed repo=did:plc:uaa5p6ebktltim4piu5jh3zn err=HttpError('InvalidRequest: Could not find repo: did:plc:uaa5p6ebktltim4piu5jh3zn')
2026-03-24T12:05:47Z WARNING bsky_collector_v2.job.index_feed_generators: listRecords failed repo=did:plc:upzaj45bub7wsi34o72uiz4d err=HttpError('InvalidRequest: Could not find repo: did:plc:upzaj45bub7wsi34o72uiz4d')
2026-03-24T12:05:47Z WARNING bsky_collector_v2.job.index_feed_generators: listRecords failed repo=did:plc:xghliasv3473ceb47nekeoy4 err=HttpError('InvalidRequest: Could not find repo: did:plc:xghliasv3473ceb47nekeoy4')
2026-03-24T12:05:47Z WARNING bsky_collector_v2.job.index_feed_generators: listRecords failed repo=did:plc:zgpszfzrpnmy3epi4nrurdy2 err=HttpError('InvalidRequest: Could not find repo: did:plc:zgpszfzrpnmy3epi4nrurdy2')
2026-03-24T12:05:47Z WARNING bsky_collector_v2.job.index_feed_generators: listRecords failed repo=did:plc:2bsws6v4rjzq3pz3biv5fvz3 err=HttpError('InvalidRequest: Could not find repo: did:plc:2bsws6v4rjzq3pz3biv5fvz3')
2026-03-24T12:05:47Z WARNING bsky_collector_v2.job.index_feed_generators: listRecords failed repo=did:plc:2bzs5yuqddadttumtudvzk6o err=HttpError('InvalidRequest: Could not find repo: did:plc:2bzs5yuqddadttumtudvzk6o')
2026-03-24T12:05:47Z WARNING bsky_collector_v2.job.index_feed_generators: listRecords failed repo=did:plc:3sre7r6odncvpaevgwpmgq3e err=HttpError('InvalidRequest: Could not find repo: did:plc:3sre7r6odncvpaevgwpmgq3e')
2026-03-24T12:05:47Z WARNING bsky_collector_v2.job.index_feed_generators: listRecords failed repo=did:plc:4asgogtckqji67xedq4vzjx5 err=HttpError('InvalidRequest: Could not find repo: did:plc:4asgogtckqji67xedq4vzjx5')
2026-03-24T12:05:47Z WARNING bsky_collector_v2.job.index_feed_generators: listRecords failed repo=did:plc:b2fwecap43hml3pu5lzxw43s err=HttpError('InvalidRequest: Could not find repo: did:plc:b2fwecap43hml3pu5lzxw43s')
2026-03-24T12:05:47Z WARNING bsky_collector_v2.job.index_feed_generators: listRecords failed repo=did:plc:d7czabmmmukoownh5ahiun6d err=HttpError('InvalidRequest: Could not find repo: did:plc:d7czabmmmukoownh5ahiun6d')
2026-03-24T12:05:47Z WARNING bsky_collector_v2.job.index_feed_generators: listRecords failed repo=did:plc:dkgdt2qsppqwocq7bgbkbzod err=HttpError('InvalidRequest: Could not find repo: did:plc:dkgdt2qsppqwocq7bgbkbzod')
2026-03-24T12:05:47Z WARNING bsky_collector_v2.job.index_feed_generators: listRecords failed repo=did:plc:izaiul757ljziuzu62ugtcev err=HttpError('InvalidRequest: Could not find repo: did:plc:izaiul757ljziuzu62ugtcev')
2026-03-24T12:05:47Z WARNING bsky_collector_v2.job.index_feed_generators: listRecords failed repo=did:plc:jaglngy2tpj5vhyxbxqajcpd err=HttpError('InvalidRequest: Could not find repo: did:plc:jaglngy2tpj5vhyxbxqajcpd')
2026-03-24T12:05:47Z WARNING bsky_collector_v2.job.index_feed_generators: listRecords failed repo=did:plc:keyipjej2hsyjb2rurthywcr err=HttpError('InvalidRequest: Could not find repo: did:plc:keyipjej2hsyjb2rurthywcr')
2026-03-24T12:05:47Z WARNING bsky_collector_v2.job.index_feed_generators: listRecords failed repo=did:plc:m7sy5ikki5puohrcyhbi3vtd err=HttpError('InvalidRequest: Could not find repo: did:plc:m7sy5ikki5puohrcyhbi3vtd')
2026-03-24T12:05:47Z WARNING bsky_collector_v2.job.index_feed_generators: listRecords failed repo=did:plc:mnwwvm5sbjezh6zb477ssdtz err=HttpError('InvalidRequest: Could not find repo: did:plc:mnwwvm5sbjezh6zb477ssdtz')
2026-03-24T12:05:47Z WARNING bsky_collector_v2.job.index_feed_generators: listRecords failed repo=did:plc:qis3q746mckkxo7r5hjjl633 err=HttpError('InvalidRequest: Could not find repo: did:plc:qis3q746mckkxo7r5hjjl633')
2026-03-24T12:05:47Z WARNING bsky_collector_v2.job.index_feed_generators: listRecords failed repo=did:plc:rvh4hqidmabwypa5fgyi3ozd err=HttpError('InvalidRequest: Could not find repo: did:plc:rvh4hqidmabwypa5fgyi3ozd')
2026-03-24T12:05:47Z WARNING bsky_collector_v2.job.index_feed_generators: listRecords failed repo=did:plc:s2ecvpukuyfzcex4vifepg6i err=HttpError('InvalidRequest: Could not find repo: did:plc:s2ecvpukuyfzcex4vifepg6i')
2026-03-24T12:05:48Z WARNING bsky_collector_v2.job.index_feed_generators: listRecords failed repo=did:plc:uaa5p6ebktltim4piu5jh3zn err=HttpError('InvalidRequest: Could not find repo: did:plc:uaa5p6ebktltim4piu5jh3zn')
2026-03-24T12:05:48Z WARNING bsky_collector_v2.job.index_feed_generators: listRecords failed repo=did:plc:upzaj45bub7wsi34o72uiz4d err=HttpError('InvalidRequest: Could not find repo: did:plc:upzaj45bub7wsi34o72uiz4d')
2026-03-24T12:05:48Z WARNING bsky_collector_v2.job.index_feed_generators: listRecords failed repo=did:plc:xghliasv3473ceb47nekeoy4 err=HttpError('InvalidRequest: Could not find repo: did:plc:xghliasv3473ceb47nekeoy4')
2026-03-24T12:05:48Z WARNING bsky_collector_v2.job.index_feed_generators: listRecords failed repo=did:plc:zgpszfzrpnmy3epi4nrurdy2 err=HttpError('InvalidRequest: Could not find repo: did:plc:zgpszfzrpnmy3epi4nrurdy2')
2026-03-24T12:05:48Z INFO bsky_collector_v2.job.index_feed_generators: enqueued repos page=36 mode=listRepos inserted=500 repos_returned=500 next_cursor=set
2026-03-24T12:07:19Z INFO bsky_collector_v2.job.index_feed_generators: enqueued repos page=37 mode=listRepos inserted=500 repos_returned=500 next_cursor=set
