2026-03-02T05:07:09Z INFO bsky_collector_v2: out_base ok path=D:\BlueSky\data_v2_full mount=D:\
2026-03-02T05:07:09Z INFO bsky_collector_v2: job start subcommand=index-feed-generators dry_run=False resume=True
2026-03-02T05:07:10Z INFO bsky_collector_v2.job.index_feed_generators: feed generator index hosts relay_host=https://bsky.network records_host=https://bsky.social auth=yes
2026-03-02T05:07:22Z WARNING bsky_collector_v2.job.index_feed_generators: listRecords failed repo=did:plc:7p2puwylimur5itx7kclh3fi err=HttpError('InvalidRequest: Could not find repo: did:plc:7p2puwylimur5itx7kclh3fi')
2026-03-02T05:07:23Z WARNING bsky_collector_v2.job.index_feed_generators: listRecords failed repo=did:plc:a2xrchxu36xkv5umsbgtdgwy err=HttpError('InvalidRequest: Could not find repo: did:plc:a2xrchxu36xkv5umsbgtdgwy')
2026-03-02T05:07:47Z WARNING bsky_collector_v2.job.index_feed_generators: listRecords failed repo=did:plc:i2w74m6bk7j4r7i2yfl6vgja err=HttpError('InvalidRequest: Could not find repo: did:plc:i2w74m6bk7j4r7i2yfl6vgja')
2026-03-02T05:07:53Z WARNING bsky_collector_v2.job.index_feed_generators: listRecords failed repo=did:plc:k5f3otsufrcist2vszuhood7 err=HttpError('InvalidRequest: Could not find repo: did:plc:k5f3otsufrcist2vszuhood7')
2026-03-02T05:08:20Z WARNING bsky_collector_v2.job.index_feed_generators: listRecords failed repo=did:plc:uxqhmzjijwg53f7n56qglwb7 err=HttpError('InvalidRequest: Could not find repo: did:plc:uxqhmzjijwg53f7n56qglwb7')
2026-03-02T05:08:22Z WARNING bsky_collector_v2.job.index_feed_generators: listRecords failed repo=did:plc:vqrayje4m5x43xxeaga74tet err=HttpError('InvalidRequest: Could not find repo: did:plc:vqrayje4m5x43xxeaga74tet')
2026-03-02T05:08:24Z WARNING bsky_collector_v2.job.index_feed_generators: listRecords failed repo=did:plc:wexqzvzkvkrfejitkbikahxi err=HttpError('InvalidRequest: Could not find repo: did:plc:wexqzvzkvkrfejitkbikahxi')
2026-03-02T05:08:37Z WARNING bsky_collector_v2.job.index_feed_generators: listRecords failed repo=did:plc:7p2puwylimur5itx7kclh3fi err=HttpError('InvalidRequest: Could not find repo: did:plc:7p2puwylimur5itx7kclh3fi')
2026-03-02T05:08:37Z WARNING bsky_collector_v2.job.index_feed_generators: listRecords failed repo=did:plc:a2xrchxu36xkv5umsbgtdgwy err=HttpError('InvalidRequest: Could not find repo: did:plc:a2xrchxu36xkv5umsbgtdgwy')
2026-03-02T05:08:37Z WARNING bsky_collector_v2.job.index_feed_generators: listRecords failed repo=did:plc:i2w74m6bk7j4r7i2yfl6vgja err=HttpError('InvalidRequest: Could not find repo: did:plc:i2w74m6bk7j4r7i2yfl6vgja')
2026-03-02T05:08:38Z WARNING bsky_collector_v2.job.index_feed_generators: listRecords failed repo=did:plc:k5f3otsufrcist2vszuhood7 err=HttpError('InvalidRequest: Could not find repo: did:plc:k5f3otsufrcist2vszuhood7')
2026-03-02T05:08:38Z WARNING bsky_collector_v2.job.index_feed_generators: listRecords failed repo=did:plc:uxqhmzjijwg53f7n56qglwb7 err=HttpError('InvalidRequest: Could not find repo: did:plc:uxqhmzjijwg53f7n56qglwb7')
2026-03-02T05:08:38Z WARNING bsky_collector_v2.job.index_feed_generators: listRecords failed repo=did:plc:vqrayje4m5x43xxeaga74tet err=HttpError('InvalidRequest: Could not find repo: did:plc:vqrayje4m5x43xxeaga74tet')
2026-03-02T05:08:38Z WARNING bsky_collector_v2.job.index_feed_generators: listRecords failed repo=did:plc:wexqzvzkvkrfejitkbikahxi err=HttpError('InvalidRequest: Could not find repo: did:plc:wexqzvzkvkrfejitkbikahxi')
2026-03-02T05:08:38Z WARNING bsky_collector_v2.job.index_feed_generators: listRecords failed repo=did:plc:7p2puwylimur5itx7kclh3fi err=HttpError('InvalidRequest: Could not find repo: did:plc:7p2puwylimur5itx7kclh3fi')
2026-03-02T05:08:38Z WARNING bsky_collector_v2.job.index_feed_generators: listRecords failed repo=did:plc:a2xrchxu36xkv5umsbgtdgwy err=HttpError('InvalidRequest: Could not find repo: did:plc:a2xrchxu36xkv5umsbgtdgwy')
2026-03-02T05:08:38Z WARNING bsky_collector_v2.job.index_feed_generators: listRecords failed repo=did:plc:i2w74m6bk7j4r7i2yfl6vgja err=HttpError('InvalidRequest: Could not find repo: did:plc:i2w74m6bk7j4r7i2yfl6vgja')
2026-03-02T05:08:38Z WARNING bsky_collector_v2.job.index_feed_generators: listRecords failed repo=did:plc:k5f3otsufrcist2vszuhood7 err=HttpError('InvalidRequest: Could not find repo: did:plc:k5f3otsufrcist2vszuhood7')
2026-03-02T05:08:38Z WARNING bsky_collector_v2.job.index_feed_generators: listRecords failed repo=did:plc:uxqhmzjijwg53f7n56qglwb7 err=HttpError('InvalidRequest: Could not find repo: did:plc:uxqhmzjijwg53f7n56qglwb7')
2026-03-02T05:08:38Z WARNING bsky_collector_v2.job.index_feed_generators: listRecords failed repo=did:plc:vqrayje4m5x43xxeaga74tet err=HttpError('InvalidRequest: Could not find repo: did:plc:vqrayje4m5x43xxeaga74tet')
2026-03-02T05:08:38Z WARNING bsky_collector_v2.job.index_feed_generators: listRecords failed repo=did:plc:wexqzvzkvkrfejitkbikahxi err=HttpError('InvalidRequest: Could not find repo: did:plc:wexqzvzkvkrfejitkbikahxi')
2026-03-02T05:08:39Z INFO bsky_collector_v2.job.index_feed_generators: enqueued repos page=1 mode=listRepos inserted=500 repos_returned=500 next_cursor=set
2026-03-02T05:09:44Z WARNING bsky_collector_v2.job.index_feed_generators: listRecords failed repo=did:plc:or3mugpl5xq2rnaohqg5u2uo err=HttpError('InvalidRequest: Could not find repo: did:plc:or3mugpl5xq2rnaohqg5u2uo')
2026-03-02T05:09:59Z INFO bsky_collector_v2.job.index_feed_generators: indexed repo=did:plc:surli7xsygmybadwyhwenmkk part=153 records=1 next_cursor=set
2026-03-02T05:10:19Z WARNING bsky_collector_v2.job.index_feed_generators: listRecords failed repo=did:plc:or3mugpl5xq2rnaohqg5u2uo err=HttpError('InvalidRequest: Could not find repo: did:plc:or3mugpl5xq2rnaohqg5u2uo')
2026-03-02T05:10:19Z WARNING bsky_collector_v2.job.index_feed_generators: listRecords failed repo=did:plc:or3mugpl5xq2rnaohqg5u2uo err=HttpError('InvalidRequest: Could not find repo: did:plc:or3mugpl5xq2rnaohqg5u2uo')
2026-03-02T05:10:19Z INFO bsky_collector_v2.job.index_feed_generators: enqueued repos page=2 mode=listRepos inserted=500 repos_returned=500 next_cursor=set
2026-03-02T05:10:26Z WARNING bsky_collector_v2.job.index_feed_generators: listRecords failed repo=did:plc:4m7hdgvu3k4tpmocsw3rbe4p err=HttpError('InvalidRequest: Could not find repo: did:plc:4m7hdgvu3k4tpmocsw3rbe4p')
2026-03-02T05:10:57Z WARNING bsky_collector_v2.job.index_feed_generators: listRecords failed repo=did:plc:gkmcnlnq2dxwnk2gs7k4lmfw err=HttpError('InvalidRequest: Could not find repo: did:plc:gkmcnlnq2dxwnk2gs7k4lmfw')
2026-03-02T05:11:04Z INFO bsky_collector_v2.job.index_feed_generators: indexed repo=did:plc:iinnl7cg5rubkya564ulnqes part=154 records=1 next_cursor=set
2026-03-02T05:11:40Z WARNING bsky_collector_v2.job.index_feed_generators: listRecords failed repo=did:plc:tviy6piuasaqq5zbq6yrw7qm err=HttpError('InvalidRequest: Could not find repo: did:plc:tviy6piuasaqq5zbq6yrw7qm')
2026-03-02T05:11:58Z WARNING bsky_collector_v2.job.index_feed_generators: listRecords failed repo=did:plc:4m7hdgvu3k4tpmocsw3rbe4p err=HttpError('InvalidRequest: Could not find repo: did:plc:4m7hdgvu3k4tpmocsw3rbe4p')
2026-03-02T05:11:58Z WARNING bsky_collector_v2.job.index_feed_generators: listRecords failed repo=did:plc:gkmcnlnq2dxwnk2gs7k4lmfw err=HttpError('InvalidRequest: Could not find repo: did:plc:gkmcnlnq2dxwnk2gs7k4lmfw')
2026-03-02T05:11:58Z WARNING bsky_collector_v2.job.index_feed_generators: listRecords failed repo=did:plc:tviy6piuasaqq5zbq6yrw7qm err=HttpError('InvalidRequest: Could not find repo: did:plc:tviy6piuasaqq5zbq6yrw7qm')
2026-03-02T05:11:58Z WARNING bsky_collector_v2.job.index_feed_generators: listRecords failed repo=did:plc:4m7hdgvu3k4tpmocsw3rbe4p err=HttpError('InvalidRequest: Could not find repo: did:plc:4m7hdgvu3k4tpmocsw3rbe4p')
2026-03-02T05:11:58Z WARNING bsky_collector_v2.job.index_feed_generators: listRecords failed repo=did:plc:gkmcnlnq2dxwnk2gs7k4lmfw err=HttpError('InvalidRequest: Could not find repo: did:plc:gkmcnlnq2dxwnk2gs7k4lmfw')
2026-03-02T05:11:58Z WARNING bsky_collector_v2.job.index_feed_generators: listRecords failed repo=did:plc:tviy6piuasaqq5zbq6yrw7qm err=HttpError('InvalidRequest: Could not find repo: did:plc:tviy6piuasaqq5zbq6yrw7qm')
2026-03-02T05:11:59Z INFO bsky_collector_v2.job.index_feed_generators: enqueued repos page=3 mode=listRepos inserted=500 repos_returned=500 next_cursor=set
2026-03-02T05:13:31Z INFO bsky_collector_v2.job.index_feed_generators: indexed repo=did:plc:uouba3z67qeqx3fjcess22ie part=155 records=1 next_cursor=set
2026-03-02T05:13:49Z INFO bsky_collector_v2.job.index_feed_generators: enqueued repos page=4 mode=listRepos inserted=500 repos_returned=500 next_cursor=set
2026-03-02T05:14:06Z INFO bsky_collector_v2.job.index_feed_generators: indexed repo=did:plc:6ysjgbzxctm2wvjx2uqa2cww part=156 records=1 next_cursor=set
2026-03-02T05:14:27Z WARNING bsky_collector_v2.job.index_feed_generators: listRecords failed repo=did:plc:du2zruusl2xf74pwjdg75um2 err=HttpError('InvalidRequest: Could not find repo: did:plc:du2zruusl2xf74pwjdg75um2')
2026-03-02T05:14:54Z WARNING bsky_collector_v2.job.index_feed_generators: listRecords failed repo=did:plc:me6dhmqpdm2sh7jbfgfwirj3 err=HttpError('InvalidRequest: Could not find repo: did:plc:me6dhmqpdm2sh7jbfgfwirj3')
2026-03-02T05:14:54Z INFO bsky_collector_v2.job.index_feed_generators: indexed repo=did:plc:mnxfyl5dylsvl5ldfvtphtqa part=157 records=2 next_cursor=set
2026-03-02T05:15:14Z WARNING bsky_collector_v2.job.index_feed_generators: listRecords failed repo=did:plc:t6vt7ur4or7fbfmhrrfnxrq5 err=HttpError('InvalidRequest: Could not find repo: did:plc:t6vt7ur4or7fbfmhrrfnxrq5')
2026-03-02T05:15:35Z WARNING bsky_collector_v2.job.index_feed_generators: listRecords failed repo=did:plc:zwg4xxuvcc42kyytus2fwyql err=HttpError('InvalidRequest: Could not find repo: did:plc:zwg4xxuvcc42kyytus2fwyql')
2026-03-02T05:15:36Z WARNING bsky_collector_v2.job.index_feed_generators: listRecords failed repo=did:plc:du2zruusl2xf74pwjdg75um2 err=HttpError('InvalidRequest: Could not find repo: did:plc:du2zruusl2xf74pwjdg75um2')
2026-03-02T05:15:36Z WARNING bsky_collector_v2.job.index_feed_generators: listRecords failed repo=did:plc:me6dhmqpdm2sh7jbfgfwirj3 err=HttpError('InvalidRequest: Could not find repo: did:plc:me6dhmqpdm2sh7jbfgfwirj3')
2026-03-02T05:15:36Z WARNING bsky_collector_v2.job.index_feed_generators: listRecords failed repo=did:plc:t6vt7ur4or7fbfmhrrfnxrq5 err=HttpError('InvalidRequest: Could not find repo: did:plc:t6vt7ur4or7fbfmhrrfnxrq5')
2026-03-02T05:15:36Z WARNING bsky_collector_v2.job.index_feed_generators: listRecords failed repo=did:plc:zwg4xxuvcc42kyytus2fwyql err=HttpError('InvalidRequest: Could not find repo: did:plc:zwg4xxuvcc42kyytus2fwyql')
2026-03-02T05:15:36Z WARNING bsky_collector_v2.job.index_feed_generators: listRecords failed repo=did:plc:du2zruusl2xf74pwjdg75um2 err=HttpError('InvalidRequest: Could not find repo: did:plc:du2zruusl2xf74pwjdg75um2')
2026-03-02T05:15:36Z WARNING bsky_collector_v2.job.index_feed_generators: listRecords failed repo=did:plc:me6dhmqpdm2sh7jbfgfwirj3 err=HttpError('InvalidRequest: Could not find repo: did:plc:me6dhmqpdm2sh7jbfgfwirj3')
2026-03-02T05:15:36Z WARNING bsky_collector_v2.job.index_feed_generators: listRecords failed repo=did:plc:t6vt7ur4or7fbfmhrrfnxrq5 err=HttpError('InvalidRequest: Could not find repo: did:plc:t6vt7ur4or7fbfmhrrfnxrq5')
2026-03-02T05:15:37Z WARNING bsky_collector_v2.job.index_feed_generators: listRecords failed repo=did:plc:zwg4xxuvcc42kyytus2fwyql err=HttpError('InvalidRequest: Could not find repo: did:plc:zwg4xxuvcc42kyytus2fwyql')
2026-03-02T05:15:37Z INFO bsky_collector_v2.job.index_feed_generators: enqueued repos page=5 mode=listRepos inserted=500 repos_returned=500 next_cursor=set
2026-03-02T05:16:24Z INFO bsky_collector_v2.job.index_feed_generators: indexed repo=did:plc:gvatcuy6hxmg43ntr37c7nwb part=158 records=3 next_cursor=set
2026-03-02T05:17:25Z WARNING bsky_collector_v2.job.index_feed_generators: listRecords failed repo=did:plc:xv3exf43y6fxmoh77psqopqg err=HttpError('InvalidRequest: Could not find repo: did:plc:xv3exf43y6fxmoh77psqopqg')
2026-03-02T05:17:30Z WARNING bsky_collector_v2.job.index_feed_generators: listRecords failed repo=did:plc:xv3exf43y6fxmoh77psqopqg err=HttpError('InvalidRequest: Could not find repo: did:plc:xv3exf43y6fxmoh77psqopqg')
2026-03-02T05:17:30Z WARNING bsky_collector_v2.job.index_feed_generators: listRecords failed repo=did:plc:xv3exf43y6fxmoh77psqopqg err=HttpError('InvalidRequest: Could not find repo: did:plc:xv3exf43y6fxmoh77psqopqg')
2026-03-02T05:17:31Z INFO bsky_collector_v2.job.index_feed_generators: enqueued repos page=6 mode=listRepos inserted=500 repos_returned=500 next_cursor=set
2026-03-02T05:17:33Z INFO bsky_collector_v2.job.index_feed_generators: indexed repo=did:plc:3cogaxmuxjypcsumfo3xtkrv part=159 records=1 next_cursor=set
2026-03-02T05:18:11Z WARNING bsky_collector_v2.job.index_feed_generators: listRecords failed repo=did:plc:ezflitl7tlwcamelc2uyclzx err=HttpError('InvalidRequest: Could not find repo: did:plc:ezflitl7tlwcamelc2uyclzx')
2026-03-02T05:18:14Z INFO bsky_collector_v2.job.index_feed_generators: indexed repo=did:plc:gkd5skvsnophtif3a7hem75n part=160 records=2 next_cursor=set
2026-03-02T05:18:28Z INFO bsky_collector_v2.job.index_feed_generators: indexed repo=did:plc:l7bpgmrfesqxocnvk276rgwy part=161 records=3 next_cursor=set
2026-03-02T05:19:21Z WARNING bsky_collector_v2.job.index_feed_generators: listRecords failed repo=did:plc:ezflitl7tlwcamelc2uyclzx err=HttpError('InvalidRequest: Could not find repo: did:plc:ezflitl7tlwcamelc2uyclzx')
2026-03-02T05:19:21Z WARNING bsky_collector_v2.job.index_feed_generators: listRecords failed repo=did:plc:ezflitl7tlwcamelc2uyclzx err=HttpError('InvalidRequest: Could not find repo: did:plc:ezflitl7tlwcamelc2uyclzx')
2026-03-02T05:19:22Z INFO bsky_collector_v2.job.index_feed_generators: enqueued repos page=7 mode=listRepos inserted=500 repos_returned=500 next_cursor=set
2026-03-02T05:19:51Z WARNING bsky_collector_v2.job.index_feed_generators: listRecords failed repo=did:plc:epncxfx2cnmrwdhxvtcgj3vl err=HttpError('InvalidRequest: Could not find repo: did:plc:epncxfx2cnmrwdhxvtcgj3vl')
2026-03-02T05:19:53Z WARNING bsky_collector_v2.job.index_feed_generators: listRecords failed repo=did:plc:ezv2eht2srxtdmns46xqqchq err=HttpError('InvalidRequest: Could not find repo: did:plc:ezv2eht2srxtdmns46xqqchq')
2026-03-02T05:19:59Z WARNING bsky_collector_v2.job.index_feed_generators: listRecords failed repo=did:plc:h6n7zstpxood2e4rzt2gni7v err=HttpError('InvalidRequest: Could not find repo: did:plc:h6n7zstpxood2e4rzt2gni7v')
2026-03-02T05:20:46Z WARNING bsky_collector_v2.job.index_feed_generators: listRecords failed repo=did:plc:wvwqnuaxeyrgugaaqisqigjs err=HttpError('InvalidRequest: Could not find repo: did:plc:wvwqnuaxeyrgugaaqisqigjs')
2026-03-02T05:20:49Z WARNING bsky_collector_v2.job.index_feed_generators: listRecords failed repo=did:plc:xsxdhazugkda456ozqqlv3y5 err=HttpError('InvalidRequest: Could not find repo: did:plc:xsxdhazugkda456ozqqlv3y5')
2026-03-02T05:20:56Z WARNING bsky_collector_v2.job.index_feed_generators: listRecords failed repo=did:plc:epncxfx2cnmrwdhxvtcgj3vl err=HttpError('InvalidRequest: Could not find repo: did:plc:epncxfx2cnmrwdhxvtcgj3vl')
2026-03-02T05:20:56Z WARNING bsky_collector_v2.job.index_feed_generators: listRecords failed repo=did:plc:ezv2eht2srxtdmns46xqqchq err=HttpError('InvalidRequest: Could not find repo: did:plc:ezv2eht2srxtdmns46xqqchq')
2026-03-02T05:20:56Z WARNING bsky_collector_v2.job.index_feed_generators: listRecords failed repo=did:plc:h6n7zstpxood2e4rzt2gni7v err=HttpError('InvalidRequest: Could not find repo: did:plc:h6n7zstpxood2e4rzt2gni7v')
2026-03-02T05:20:56Z WARNING bsky_collector_v2.job.index_feed_generators: listRecords failed repo=did:plc:wvwqnuaxeyrgugaaqisqigjs err=HttpError('InvalidRequest: Could not find repo: did:plc:wvwqnuaxeyrgugaaqisqigjs')
2026-03-02T05:20:56Z WARNING bsky_collector_v2.job.index_feed_generators: listRecords failed repo=did:plc:xsxdhazugkda456ozqqlv3y5 err=HttpError('InvalidRequest: Could not find repo: did:plc:xsxdhazugkda456ozqqlv3y5')
2026-03-02T05:20:56Z WARNING bsky_collector_v2.job.index_feed_generators: listRecords failed repo=did:plc:epncxfx2cnmrwdhxvtcgj3vl err=HttpError('InvalidRequest: Could not find repo: did:plc:epncxfx2cnmrwdhxvtcgj3vl')
2026-03-02T05:20:56Z WARNING bsky_collector_v2.job.index_feed_generators: listRecords failed repo=did:plc:ezv2eht2srxtdmns46xqqchq err=HttpError('InvalidRequest: Could not find repo: did:plc:ezv2eht2srxtdmns46xqqchq')
2026-03-02T05:20:56Z WARNING bsky_collector_v2.job.index_feed_generators: listRecords failed repo=did:plc:h6n7zstpxood2e4rzt2gni7v err=HttpError('InvalidRequest: Could not find repo: did:plc:h6n7zstpxood2e4rzt2gni7v')
2026-03-02T05:20:56Z WARNING bsky_collector_v2.job.index_feed_generators: listRecords failed repo=did:plc:wvwqnuaxeyrgugaaqisqigjs err=HttpError('InvalidRequest: Could not find repo: did:plc:wvwqnuaxeyrgugaaqisqigjs')
2026-03-02T05:20:56Z WARNING bsky_collector_v2.job.index_feed_generators: listRecords failed repo=did:plc:xsxdhazugkda456ozqqlv3y5 err=HttpError('InvalidRequest: Could not find repo: did:plc:xsxdhazugkda456ozqqlv3y5')
2026-03-02T05:20:57Z INFO bsky_collector_v2.job.index_feed_generators: enqueued repos page=8 mode=listRepos inserted=500 repos_returned=500 next_cursor=set
2026-03-02T05:21:12Z WARNING bsky_collector_v2.job.index_feed_generators: listRecords failed repo=did:plc:77cvyiugjzntz7mrv6duviye err=HttpError('InvalidRequest: Could not find repo: did:plc:77cvyiugjzntz7mrv6duviye')
2026-03-02T05:21:26Z INFO bsky_collector_v2.job.index_feed_generators: indexed repo=did:plc:db2pcghwjdjr4arsmjxbnq6k part=162 records=1 next_cursor=set
2026-03-02T05:21:30Z WARNING bsky_collector_v2.job.index_feed_generators: listRecords failed repo=did:plc:edbvqk3fbuhup3m7pw4kgmky err=HttpError('InvalidRequest: Could not find repo: did:plc:edbvqk3fbuhup3m7pw4kgmky')
2026-03-02T05:22:28Z INFO bsky_collector_v2.job.index_feed_generators: indexed repo=did:plc:ubawyekoxawaepcuvajyzdlb part=163 records=1 next_cursor=set
2026-03-02T05:22:32Z WARNING bsky_collector_v2.job.index_feed_generators: listRecords failed repo=did:plc:vfjcgplc56mkrhnnb3yzwfwv err=HttpError('InvalidRequest: Could not find repo: did:plc:vfjcgplc56mkrhnnb3yzwfwv')
2026-03-02T05:22:45Z INFO bsky_collector_v2.job.index_feed_generators: indexed repo=did:plc:zt5coqqbb7ic5sftkxlgabci part=164 records=2 next_cursor=set
2026-03-02T05:22:45Z WARNING bsky_collector_v2.job.index_feed_generators: listRecords failed repo=did:plc:77cvyiugjzntz7mrv6duviye err=HttpError('InvalidRequest: Could not find repo: did:plc:77cvyiugjzntz7mrv6duviye')
2026-03-02T05:22:45Z WARNING bsky_collector_v2.job.index_feed_generators: listRecords failed repo=did:plc:edbvqk3fbuhup3m7pw4kgmky err=HttpError('InvalidRequest: Could not find repo: did:plc:edbvqk3fbuhup3m7pw4kgmky')
2026-03-02T05:22:46Z WARNING bsky_collector_v2.job.index_feed_generators: listRecords failed repo=did:plc:vfjcgplc56mkrhnnb3yzwfwv err=HttpError('InvalidRequest: Could not find repo: did:plc:vfjcgplc56mkrhnnb3yzwfwv')
2026-03-02T05:22:46Z WARNING bsky_collector_v2.job.index_feed_generators: listRecords failed repo=did:plc:77cvyiugjzntz7mrv6duviye err=HttpError('InvalidRequest: Could not find repo: did:plc:77cvyiugjzntz7mrv6duviye')
2026-03-02T05:22:46Z WARNING bsky_collector_v2.job.index_feed_generators: listRecords failed repo=did:plc:edbvqk3fbuhup3m7pw4kgmky err=HttpError('InvalidRequest: Could not find repo: did:plc:edbvqk3fbuhup3m7pw4kgmky')
2026-03-02T05:22:46Z WARNING bsky_collector_v2.job.index_feed_generators: listRecords failed repo=did:plc:vfjcgplc56mkrhnnb3yzwfwv err=HttpError('InvalidRequest: Could not find repo: did:plc:vfjcgplc56mkrhnnb3yzwfwv')
2026-03-02T05:22:47Z INFO bsky_collector_v2.job.index_feed_generators: enqueued repos page=9 mode=listRepos inserted=500 repos_returned=500 next_cursor=set
2026-03-02T05:23:29Z INFO bsky_collector_v2.job.index_feed_generators: indexed repo=did:plc:j4yvatkr42z6ob4mqtughbqv part=165 records=1 next_cursor=set
2026-03-02T05:24:15Z WARNING bsky_collector_v2.job.index_feed_generators: listRecords failed repo=did:plc:zpg3jahfacerzzyfk5k666cc err=HttpError('InvalidRequest: Could not find repo: did:plc:zpg3jahfacerzzyfk5k666cc')
2026-03-02T05:24:16Z WARNING bsky_collector_v2.job.index_feed_generators: listRecords failed repo=did:plc:zpg3jahfacerzzyfk5k666cc err=HttpError('InvalidRequest: Could not find repo: did:plc:zpg3jahfacerzzyfk5k666cc')
2026-03-02T05:24:16Z WARNING bsky_collector_v2.job.index_feed_generators: listRecords failed repo=did:plc:zpg3jahfacerzzyfk5k666cc err=HttpError('InvalidRequest: Could not find repo: did:plc:zpg3jahfacerzzyfk5k666cc')
2026-03-02T05:24:16Z INFO bsky_collector_v2.job.index_feed_generators: enqueued repos page=10 mode=listRepos inserted=500 repos_returned=500 next_cursor=set
2026-03-02T05:25:48Z INFO bsky_collector_v2.job.index_feed_generators: enqueued repos page=11 mode=listRepos inserted=500 repos_returned=500 next_cursor=set
2026-03-02T05:27:22Z INFO bsky_collector_v2.job.index_feed_generators: enqueued repos page=12 mode=listRepos inserted=500 repos_returned=500 next_cursor=set
2026-03-02T05:27:30Z INFO bsky_collector_v2.job.index_feed_generators: indexed repo=did:plc:4nw5lxtgkwklfb4sudmhibn5 part=166 records=1 next_cursor=set
2026-03-02T05:28:12Z WARNING bsky_collector_v2.job.index_feed_generators: listRecords failed repo=did:plc:grnvmrxxqg3oa6ldbxangvlb err=HttpError('InvalidRequest: Could not find repo: did:plc:grnvmrxxqg3oa6ldbxangvlb')
2026-03-02T05:29:12Z WARNING bsky_collector_v2.job.index_feed_generators: listRecords failed repo=did:plc:grnvmrxxqg3oa6ldbxangvlb err=HttpError('InvalidRequest: Could not find repo: did:plc:grnvmrxxqg3oa6ldbxangvlb')
2026-03-02T05:29:12Z WARNING bsky_collector_v2.job.index_feed_generators: listRecords failed repo=did:plc:grnvmrxxqg3oa6ldbxangvlb err=HttpError('InvalidRequest: Could not find repo: did:plc:grnvmrxxqg3oa6ldbxangvlb')
2026-03-02T05:29:13Z INFO bsky_collector_v2.job.index_feed_generators: enqueued repos page=13 mode=listRepos inserted=500 repos_returned=500 next_cursor=set
2026-03-02T05:29:31Z INFO bsky_collector_v2.job.index_feed_generators: indexed repo=did:plc:7vaewvfjeurr3u5og3kr5wcq part=167 records=1 next_cursor=set
2026-03-02T05:30:52Z INFO bsky_collector_v2.job.index_feed_generators: enqueued repos page=14 mode=listRepos inserted=500 repos_returned=500 next_cursor=set
2026-03-02T05:32:06Z INFO bsky_collector_v2.job.index_feed_generators: indexed repo=did:plc:rd6ooojk5tffc72hkirtjats part=168 records=1 next_cursor=set
2026-03-02T05:32:08Z WARNING bsky_collector_v2.job.index_feed_generators: listRecords failed repo=did:plc:ryd6rlf2yfzrh2hxqynroqvv err=HttpError('InvalidRequest: Could not find repo: did:plc:ryd6rlf2yfzrh2hxqynroqvv')
2026-03-02T05:32:15Z INFO bsky_collector_v2.job.index_feed_generators: indexed repo=did:plc:uqugvss2cnciht3foiu36asa part=169 records=1 next_cursor=set
2026-03-02T05:32:30Z WARNING bsky_collector_v2.job.index_feed_generators: listRecords failed repo=did:plc:ryd6rlf2yfzrh2hxqynroqvv err=HttpError('InvalidRequest: Could not find repo: did:plc:ryd6rlf2yfzrh2hxqynroqvv')
2026-03-02T05:32:30Z WARNING bsky_collector_v2.job.index_feed_generators: listRecords failed repo=did:plc:ryd6rlf2yfzrh2hxqynroqvv err=HttpError('InvalidRequest: Could not find repo: did:plc:ryd6rlf2yfzrh2hxqynroqvv')
2026-03-02T05:32:31Z INFO bsky_collector_v2.job.index_feed_generators: enqueued repos page=15 mode=listRepos inserted=500 repos_returned=500 next_cursor=set
2026-03-02T05:32:40Z WARNING bsky_collector_v2.job.index_feed_generators: listRecords failed repo=did:plc:4ekx5wxr3h35wx4squip5f4k err=HttpError('InvalidRequest: Could not find repo: did:plc:4ekx5wxr3h35wx4squip5f4k')
2026-03-02T05:32:40Z WARNING bsky_collector_v2.job.index_feed_generators: listRecords failed repo=did:plc:4fm2rabvnofsgtv3bbvambn2 err=HttpError('InvalidRequest: Could not find repo: did:plc:4fm2rabvnofsgtv3bbvambn2')
2026-03-02T05:32:44Z INFO bsky_collector_v2.job.index_feed_generators: indexed repo=did:plc:5rqrygdiqa6ur4buotjgsm77 part=170 records=1 next_cursor=set
2026-03-02T05:32:49Z WARNING bsky_collector_v2.job.index_feed_generators: listRecords failed repo=did:plc:aa4flvkvhqhthzhpftwizigj err=HttpError('InvalidRequest: Could not find repo: did:plc:aa4flvkvhqhthzhpftwizigj')
2026-03-02T05:32:53Z WARNING bsky_collector_v2.job.index_feed_generators: listRecords failed repo=did:plc:bodvr7eo2pjj3zz4ec7ahtwk err=HttpError('InvalidRequest: Could not find repo: did:plc:bodvr7eo2pjj3zz4ec7ahtwk')
2026-03-02T05:32:55Z WARNING bsky_collector_v2.job.index_feed_generators: listRecords failed repo=did:plc:cd7ftfjqfzgjndxfled2z6el err=HttpError('InvalidRequest: Could not find repo: did:plc:cd7ftfjqfzgjndxfled2z6el')
2026-03-02T05:32:57Z WARNING bsky_collector_v2.job.index_feed_generators: listRecords failed repo=did:plc:cyqy7qen327pk4dddeaaqmgc err=HttpError('InvalidRequest: Could not find repo: did:plc:cyqy7qen327pk4dddeaaqmgc')
2026-03-02T05:32:58Z WARNING bsky_collector_v2.job.index_feed_generators: listRecords failed repo=did:plc:dhutewkiib5ylcn74fq4pcxr err=HttpError('InvalidRequest: Could not find repo: did:plc:dhutewkiib5ylcn74fq4pcxr')
2026-03-02T05:32:58Z WARNING bsky_collector_v2.job.index_feed_generators: listRecords failed repo=did:plc:dkzcmmvit2bp7eltozmpqgp2 err=HttpError('InvalidRequest: Could not find repo: did:plc:dkzcmmvit2bp7eltozmpqgp2')
2026-03-02T05:33:05Z WARNING bsky_collector_v2.job.index_feed_generators: listRecords failed repo=did:plc:fs2decp4m3chpl6e3zkdgysh err=HttpError('InvalidRequest: Could not find repo: did:plc:fs2decp4m3chpl6e3zkdgysh')
2026-03-02T05:33:20Z WARNING bsky_collector_v2.job.index_feed_generators: listRecords failed repo=did:plc:k6xsejpkkchfi7yeqe5ld64e err=HttpError('InvalidRequest: Could not find repo: did:plc:k6xsejpkkchfi7yeqe5ld64e')
2026-03-02T05:33:36Z WARNING bsky_collector_v2.job.index_feed_generators: listRecords failed repo=did:plc:p4iiss4n7hhwrihbq2klolku err=HttpError('InvalidRequest: Could not find repo: did:plc:p4iiss4n7hhwrihbq2klolku')
2026-03-02T05:33:50Z INFO bsky_collector_v2.job.index_feed_generators: indexed repo=did:plc:smm7kbksc4crtc26jc2nn5xt part=171 records=1 next_cursor=set
2026-03-02T05:33:50Z WARNING bsky_collector_v2.job.index_feed_generators: listRecords failed repo=did:plc:stqwkoglc66b2uc7yhmfp47b err=HttpError('InvalidRequest: Could not find repo: did:plc:stqwkoglc66b2uc7yhmfp47b')
2026-03-02T05:33:52Z WARNING bsky_collector_v2.job.index_feed_generators: listRecords failed repo=did:plc:tnmevpegl6hm64paeracidiu err=HttpError('InvalidRequest: Could not find repo: did:plc:tnmevpegl6hm64paeracidiu')
2026-03-02T05:34:11Z WARNING bsky_collector_v2.job.index_feed_generators: listRecords failed repo=did:plc:zcklsb63w75wiilf4uhb22qt err=HttpError('InvalidRequest: Could not find repo: did:plc:zcklsb63w75wiilf4uhb22qt')
2026-03-02T05:34:15Z WARNING bsky_collector_v2.job.index_feed_generators: listRecords failed repo=did:plc:4ekx5wxr3h35wx4squip5f4k err=HttpError('InvalidRequest: Could not find repo: did:plc:4ekx5wxr3h35wx4squip5f4k')
2026-03-02T05:34:15Z WARNING bsky_collector_v2.job.index_feed_generators: listRecords failed repo=did:plc:4fm2rabvnofsgtv3bbvambn2 err=HttpError('InvalidRequest: Could not find repo: did:plc:4fm2rabvnofsgtv3bbvambn2')
2026-03-02T05:34:15Z WARNING bsky_collector_v2.job.index_feed_generators: listRecords failed repo=did:plc:aa4flvkvhqhthzhpftwizigj err=HttpError('InvalidRequest: Could not find repo: did:plc:aa4flvkvhqhthzhpftwizigj')
2026-03-02T05:34:15Z WARNING bsky_collector_v2.job.index_feed_generators: listRecords failed repo=did:plc:bodvr7eo2pjj3zz4ec7ahtwk err=HttpError('InvalidRequest: Could not find repo: did:plc:bodvr7eo2pjj3zz4ec7ahtwk')
2026-03-02T05:34:15Z WARNING bsky_collector_v2.job.index_feed_generators: listRecords failed repo=did:plc:cd7ftfjqfzgjndxfled2z6el err=HttpError('InvalidRequest: Could not find repo: did:plc:cd7ftfjqfzgjndxfled2z6el')
2026-03-02T05:34:15Z WARNING bsky_collector_v2.job.index_feed_generators: listRecords failed repo=did:plc:cyqy7qen327pk4dddeaaqmgc err=HttpError('InvalidRequest: Could not find repo: did:plc:cyqy7qen327pk4dddeaaqmgc')
2026-03-02T05:34:15Z WARNING bsky_collector_v2.job.index_feed_generators: listRecords failed repo=did:plc:dhutewkiib5ylcn74fq4pcxr err=HttpError('InvalidRequest: Could not find repo: did:plc:dhutewkiib5ylcn74fq4pcxr')
2026-03-02T05:34:15Z WARNING bsky_collector_v2.job.index_feed_generators: listRecords failed repo=did:plc:dkzcmmvit2bp7eltozmpqgp2 err=HttpError('InvalidRequest: Could not find repo: did:plc:dkzcmmvit2bp7eltozmpqgp2')
2026-03-02T05:34:15Z WARNING bsky_collector_v2.job.index_feed_generators: listRecords failed repo=did:plc:fs2decp4m3chpl6e3zkdgysh err=HttpError('InvalidRequest: Could not find repo: did:plc:fs2decp4m3chpl6e3zkdgysh')
2026-03-02T05:34:16Z WARNING bsky_collector_v2.job.index_feed_generators: listRecords failed repo=did:plc:k6xsejpkkchfi7yeqe5ld64e err=HttpError('InvalidRequest: Could not find repo: did:plc:k6xsejpkkchfi7yeqe5ld64e')
2026-03-02T05:34:16Z WARNING bsky_collector_v2.job.index_feed_generators: listRecords failed repo=did:plc:p4iiss4n7hhwrihbq2klolku err=HttpError('InvalidRequest: Could not find repo: did:plc:p4iiss4n7hhwrihbq2klolku')
2026-03-02T05:34:16Z WARNING bsky_collector_v2.job.index_feed_generators: listRecords failed repo=did:plc:stqwkoglc66b2uc7yhmfp47b err=HttpError('InvalidRequest: Could not find repo: did:plc:stqwkoglc66b2uc7yhmfp47b')
2026-03-02T05:34:16Z WARNING bsky_collector_v2.job.index_feed_generators: listRecords failed repo=did:plc:tnmevpegl6hm64paeracidiu err=HttpError('InvalidRequest: Could not find repo: did:plc:tnmevpegl6hm64paeracidiu')
2026-03-02T05:34:16Z WARNING bsky_collector_v2.job.index_feed_generators: listRecords failed repo=did:plc:zcklsb63w75wiilf4uhb22qt err=HttpError('InvalidRequest: Could not find repo: did:plc:zcklsb63w75wiilf4uhb22qt')
2026-03-02T05:34:16Z WARNING bsky_collector_v2.job.index_feed_generators: listRecords failed repo=did:plc:4ekx5wxr3h35wx4squip5f4k err=HttpError('InvalidRequest: Could not find repo: did:plc:4ekx5wxr3h35wx4squip5f4k')
2026-03-02T05:34:16Z WARNING bsky_collector_v2.job.index_feed_generators: listRecords failed repo=did:plc:4fm2rabvnofsgtv3bbvambn2 err=HttpError('InvalidRequest: Could not find repo: did:plc:4fm2rabvnofsgtv3bbvambn2')
2026-03-02T05:34:16Z WARNING bsky_collector_v2.job.index_feed_generators: listRecords failed repo=did:plc:aa4flvkvhqhthzhpftwizigj err=HttpError('InvalidRequest: Could not find repo: did:plc:aa4flvkvhqhthzhpftwizigj')
2026-03-02T05:34:16Z WARNING bsky_collector_v2.job.index_feed_generators: listRecords failed repo=did:plc:bodvr7eo2pjj3zz4ec7ahtwk err=HttpError('InvalidRequest: Could not find repo: did:plc:bodvr7eo2pjj3zz4ec7ahtwk')
2026-03-02T05:34:17Z WARNING bsky_collector_v2.job.index_feed_generators: listRecords failed repo=did:plc:cd7ftfjqfzgjndxfled2z6el err=HttpError('InvalidRequest: Could not find repo: did:plc:cd7ftfjqfzgjndxfled2z6el')
2026-03-02T05:34:17Z WARNING bsky_collector_v2.job.index_feed_generators: listRecords failed repo=did:plc:cyqy7qen327pk4dddeaaqmgc err=HttpError('InvalidRequest: Could not find repo: did:plc:cyqy7qen327pk4dddeaaqmgc')
2026-03-02T05:34:17Z WARNING bsky_collector_v2.job.index_feed_generators: listRecords failed repo=did:plc:dhutewkiib5ylcn74fq4pcxr err=HttpError('InvalidRequest: Could not find repo: did:plc:dhutewkiib5ylcn74fq4pcxr')
2026-03-02T05:34:17Z WARNING bsky_collector_v2.job.index_feed_generators: listRecords failed repo=did:plc:dkzcmmvit2bp7eltozmpqgp2 err=HttpError('InvalidRequest: Could not find repo: did:plc:dkzcmmvit2bp7eltozmpqgp2')
2026-03-02T05:34:17Z WARNING bsky_collector_v2.job.index_feed_generators: listRecords failed repo=did:plc:fs2decp4m3chpl6e3zkdgysh err=HttpError('InvalidRequest: Could not find repo: did:plc:fs2decp4m3chpl6e3zkdgysh')
2026-03-02T05:34:17Z WARNING bsky_collector_v2.job.index_feed_generators: listRecords failed repo=did:plc:k6xsejpkkchfi7yeqe5ld64e err=HttpError('InvalidRequest: Could not find repo: did:plc:k6xsejpkkchfi7yeqe5ld64e')
2026-03-02T05:34:17Z WARNING bsky_collector_v2.job.index_feed_generators: listRecords failed repo=did:plc:p4iiss4n7hhwrihbq2klolku err=HttpError('InvalidRequest: Could not find repo: did:plc:p4iiss4n7hhwrihbq2klolku')
2026-03-02T05:34:17Z WARNING bsky_collector_v2.job.index_feed_generators: listRecords failed repo=did:plc:stqwkoglc66b2uc7yhmfp47b err=HttpError('InvalidRequest: Could not find repo: did:plc:stqwkoglc66b2uc7yhmfp47b')
2026-03-02T05:34:17Z WARNING bsky_collector_v2.job.index_feed_generators: listRecords failed repo=did:plc:tnmevpegl6hm64paeracidiu err=HttpError('InvalidRequest: Could not find repo: did:plc:tnmevpegl6hm64paeracidiu')
2026-03-02T05:34:17Z WARNING bsky_collector_v2.job.index_feed_generators: listRecords failed repo=did:plc:zcklsb63w75wiilf4uhb22qt err=HttpError('InvalidRequest: Could not find repo: did:plc:zcklsb63w75wiilf4uhb22qt')
2026-03-02T05:34:18Z INFO bsky_collector_v2.job.index_feed_generators: enqueued repos page=16 mode=listRepos inserted=500 repos_returned=500 next_cursor=set
2026-03-02T05:34:27Z WARNING bsky_collector_v2.job.index_feed_generators: listRecords failed repo=did:plc:4yynzxufmzbvvl6rig36wxch err=HttpError('InvalidRequest: Could not find repo: did:plc:4yynzxufmzbvvl6rig36wxch')
2026-03-02T05:34:59Z WARNING bsky_collector_v2.job.index_feed_generators: listRecords failed repo=did:plc:fgqhaqlhnb546eu4xo3e4p4t err=HttpError('InvalidRequest: Could not find repo: did:plc:fgqhaqlhnb546eu4xo3e4p4t')
2026-03-02T05:36:02Z WARNING bsky_collector_v2.job.index_feed_generators: listRecords failed repo=did:plc:xy3i3lehgrtn3clqxxsqjw7x err=HttpError('InvalidRequest: Could not find repo: did:plc:xy3i3lehgrtn3clqxxsqjw7x')
2026-03-02T05:36:09Z WARNING bsky_collector_v2.job.index_feed_generators: listRecords failed repo=did:plc:4yynzxufmzbvvl6rig36wxch err=HttpError('InvalidRequest: Could not find repo: did:plc:4yynzxufmzbvvl6rig36wxch')
2026-03-02T05:36:09Z WARNING bsky_collector_v2.job.index_feed_generators: listRecords failed repo=did:plc:fgqhaqlhnb546eu4xo3e4p4t err=HttpError('InvalidRequest: Could not find repo: did:plc:fgqhaqlhnb546eu4xo3e4p4t')
2026-03-02T05:36:09Z WARNING bsky_collector_v2.job.index_feed_generators: listRecords failed repo=did:plc:xy3i3lehgrtn3clqxxsqjw7x err=HttpError('InvalidRequest: Could not find repo: did:plc:xy3i3lehgrtn3clqxxsqjw7x')
2026-03-02T05:36:09Z WARNING bsky_collector_v2.job.index_feed_generators: listRecords failed repo=did:plc:4yynzxufmzbvvl6rig36wxch err=HttpError('InvalidRequest: Could not find repo: did:plc:4yynzxufmzbvvl6rig36wxch')
2026-03-02T05:36:09Z WARNING bsky_collector_v2.job.index_feed_generators: listRecords failed repo=did:plc:fgqhaqlhnb546eu4xo3e4p4t err=HttpError('InvalidRequest: Could not find repo: did:plc:fgqhaqlhnb546eu4xo3e4p4t')
2026-03-02T05:36:09Z WARNING bsky_collector_v2.job.index_feed_generators: listRecords failed repo=did:plc:xy3i3lehgrtn3clqxxsqjw7x err=HttpError('InvalidRequest: Could not find repo: did:plc:xy3i3lehgrtn3clqxxsqjw7x')
2026-03-02T05:36:10Z INFO bsky_collector_v2.job.index_feed_generators: enqueued repos page=17 mode=listRepos inserted=500 repos_returned=500 next_cursor=set
2026-03-02T05:36:21Z WARNING bsky_collector_v2.job.index_feed_generators: listRecords failed repo=did:plc:5reylpfqw4wuuqhkawqrri7p err=HttpError('InvalidRequest: Could not find repo: did:plc:5reylpfqw4wuuqhkawqrri7p')
2026-03-02T05:36:51Z WARNING bsky_collector_v2.job.index_feed_generators: listRecords failed repo=did:plc:gcktt4t6eocohmc2f4rozxly err=HttpError('InvalidRequest: Could not find repo: did:plc:gcktt4t6eocohmc2f4rozxly')
2026-03-02T05:36:56Z WARNING bsky_collector_v2.job.index_feed_generators: listRecords failed repo=did:plc:hlxsdxgpioeu3nedibl5767c err=HttpError('InvalidRequest: Could not find repo: did:plc:hlxsdxgpioeu3nedibl5767c')
2026-03-02T05:37:17Z WARNING bsky_collector_v2.job.index_feed_generators: listRecords failed repo=did:plc:nqz6z2f7jysez5pl5lym6wil err=HttpError('InvalidRequest: Could not find repo: did:plc:nqz6z2f7jysez5pl5lym6wil')
2026-03-02T05:37:51Z WARNING bsky_collector_v2.job.index_feed_generators: listRecords failed repo=did:plc:5reylpfqw4wuuqhkawqrri7p err=HttpError('InvalidRequest: Could not find repo: did:plc:5reylpfqw4wuuqhkawqrri7p')
2026-03-02T05:37:51Z WARNING bsky_collector_v2.job.index_feed_generators: listRecords failed repo=did:plc:gcktt4t6eocohmc2f4rozxly err=HttpError('InvalidRequest: Could not find repo: did:plc:gcktt4t6eocohmc2f4rozxly')
2026-03-02T05:37:51Z WARNING bsky_collector_v2.job.index_feed_generators: listRecords failed repo=did:plc:hlxsdxgpioeu3nedibl5767c err=HttpError('InvalidRequest: Could not find repo: did:plc:hlxsdxgpioeu3nedibl5767c')
2026-03-02T05:37:51Z WARNING bsky_collector_v2.job.index_feed_generators: listRecords failed repo=did:plc:nqz6z2f7jysez5pl5lym6wil err=HttpError('InvalidRequest: Could not find repo: did:plc:nqz6z2f7jysez5pl5lym6wil')
2026-03-02T05:37:51Z WARNING bsky_collector_v2.job.index_feed_generators: listRecords failed repo=did:plc:5reylpfqw4wuuqhkawqrri7p err=HttpError('InvalidRequest: Could not find repo: did:plc:5reylpfqw4wuuqhkawqrri7p')
2026-03-02T05:37:51Z WARNING bsky_collector_v2.job.index_feed_generators: listRecords failed repo=did:plc:gcktt4t6eocohmc2f4rozxly err=HttpError('InvalidRequest: Could not find repo: did:plc:gcktt4t6eocohmc2f4rozxly')
2026-03-02T05:37:51Z WARNING bsky_collector_v2.job.index_feed_generators: listRecords failed repo=did:plc:hlxsdxgpioeu3nedibl5767c err=HttpError('InvalidRequest: Could not find repo: did:plc:hlxsdxgpioeu3nedibl5767c')
2026-03-02T05:37:51Z WARNING bsky_collector_v2.job.index_feed_generators: listRecords failed repo=did:plc:nqz6z2f7jysez5pl5lym6wil err=HttpError('InvalidRequest: Could not find repo: did:plc:nqz6z2f7jysez5pl5lym6wil')
2026-03-02T05:37:52Z INFO bsky_collector_v2.job.index_feed_generators: enqueued repos page=18 mode=listRepos inserted=500 repos_returned=500 next_cursor=set
2026-03-02T05:37:54Z WARNING bsky_collector_v2.job.index_feed_generators: listRecords failed repo=did:plc:2kxreyialz6rv2nn5xfpvs3a err=HttpError('InvalidRequest: Could not find repo: did:plc:2kxreyialz6rv2nn5xfpvs3a')
2026-03-02T05:39:00Z WARNING bsky_collector_v2.job.index_feed_generators: listRecords failed repo=did:plc:qdq4wihdavnsdp6yzvpj4ttc err=HttpError('InvalidRequest: Could not find repo: did:plc:qdq4wihdavnsdp6yzvpj4ttc')
2026-03-02T05:39:24Z INFO bsky_collector_v2.job.index_feed_generators: indexed repo=did:plc:yukta724sa7xoumdg765qrw5 part=172 records=2 next_cursor=set
2026-03-02T05:39:27Z WARNING bsky_collector_v2.job.index_feed_generators: listRecords failed repo=did:plc:2kxreyialz6rv2nn5xfpvs3a err=HttpError('InvalidRequest: Could not find repo: did:plc:2kxreyialz6rv2nn5xfpvs3a')
2026-03-02T05:39:27Z WARNING bsky_collector_v2.job.index_feed_generators: listRecords failed repo=did:plc:qdq4wihdavnsdp6yzvpj4ttc err=HttpError('InvalidRequest: Could not find repo: did:plc:qdq4wihdavnsdp6yzvpj4ttc')
2026-03-02T05:39:27Z WARNING bsky_collector_v2.job.index_feed_generators: listRecords failed repo=did:plc:2kxreyialz6rv2nn5xfpvs3a err=HttpError('InvalidRequest: Could not find repo: did:plc:2kxreyialz6rv2nn5xfpvs3a')
2026-03-02T05:39:27Z WARNING bsky_collector_v2.job.index_feed_generators: listRecords failed repo=did:plc:qdq4wihdavnsdp6yzvpj4ttc err=HttpError('InvalidRequest: Could not find repo: did:plc:qdq4wihdavnsdp6yzvpj4ttc')
2026-03-02T05:39:28Z INFO bsky_collector_v2.job.index_feed_generators: enqueued repos page=19 mode=listRepos inserted=500 repos_returned=500 next_cursor=set
2026-03-02T05:39:28Z INFO bsky_collector_v2.job.index_feed_generators: indexed repo=did:plc:27klwcfigsu2liohiqfntydd part=173 records=2 next_cursor=set
2026-03-02T05:39:30Z WARNING bsky_collector_v2.job.index_feed_generators: listRecords failed repo=did:plc:2kj4hju6ldgfmitfcfxpi7zc err=HttpError('InvalidRequest: Could not find repo: did:plc:2kj4hju6ldgfmitfcfxpi7zc')
2026-03-02T05:39:33Z WARNING bsky_collector_v2.job.index_feed_generators: listRecords failed repo=did:plc:3lsaljvpvi43um6xrxqk7kqm err=HttpError('InvalidRequest: Could not find repo: did:plc:3lsaljvpvi43um6xrxqk7kqm')
2026-03-02T05:39:37Z WARNING bsky_collector_v2.job.index_feed_generators: listRecords failed repo=did:plc:53sperxzqswls25akvbreobw err=HttpError('InvalidRequest: Could not find repo: did:plc:53sperxzqswls25akvbreobw')
2026-03-02T05:41:18Z WARNING bsky_collector_v2.job.index_feed_generators: listRecords failed repo=did:plc:2kj4hju6ldgfmitfcfxpi7zc err=HttpError('InvalidRequest: Could not find repo: did:plc:2kj4hju6ldgfmitfcfxpi7zc')
2026-03-02T05:41:18Z WARNING bsky_collector_v2.job.index_feed_generators: listRecords failed repo=did:plc:3lsaljvpvi43um6xrxqk7kqm err=HttpError('InvalidRequest: Could not find repo: did:plc:3lsaljvpvi43um6xrxqk7kqm')
2026-03-02T05:41:18Z WARNING bsky_collector_v2.job.index_feed_generators: listRecords failed repo=did:plc:53sperxzqswls25akvbreobw err=HttpError('InvalidRequest: Could not find repo: did:plc:53sperxzqswls25akvbreobw')
2026-03-02T05:41:18Z WARNING bsky_collector_v2.job.index_feed_generators: listRecords failed repo=did:plc:2kj4hju6ldgfmitfcfxpi7zc err=HttpError('InvalidRequest: Could not find repo: did:plc:2kj4hju6ldgfmitfcfxpi7zc')
2026-03-02T05:41:18Z WARNING bsky_collector_v2.job.index_feed_generators: listRecords failed repo=did:plc:3lsaljvpvi43um6xrxqk7kqm err=HttpError('InvalidRequest: Could not find repo: did:plc:3lsaljvpvi43um6xrxqk7kqm')
2026-03-02T05:41:18Z WARNING bsky_collector_v2.job.index_feed_generators: listRecords failed repo=did:plc:53sperxzqswls25akvbreobw err=HttpError('InvalidRequest: Could not find repo: did:plc:53sperxzqswls25akvbreobw')
2026-03-02T05:41:19Z INFO bsky_collector_v2.job.index_feed_generators: enqueued repos page=20 mode=listRepos inserted=500 repos_returned=500 next_cursor=set
2026-03-02T05:41:24Z WARNING bsky_collector_v2.job.index_feed_generators: listRecords failed repo=did:plc:3tzxlk2necsiyk3pggw4fwfk err=HttpError('InvalidRequest: Could not find repo: did:plc:3tzxlk2necsiyk3pggw4fwfk')
2026-03-02T05:41:24Z WARNING bsky_collector_v2.job.index_feed_generators: listRecords failed repo=did:plc:3x6jqomd4x3uer5rfzlunjjx err=HttpError('InvalidRequest: Could not find repo: did:plc:3x6jqomd4x3uer5rfzlunjjx')
2026-03-02T05:41:27Z INFO bsky_collector_v2.job.index_feed_generators: indexed repo=did:plc:4muyb65eb57pwdnwwd7psr5s part=174 records=1 next_cursor=set
2026-03-02T05:42:03Z INFO bsky_collector_v2.job.index_feed_generators: indexed repo=did:plc:ivhlp4gd6r4mebkmdrokmlyr part=175 records=2 next_cursor=set
2026-03-02T05:42:21Z WARNING bsky_collector_v2.job.index_feed_generators: listRecords failed repo=did:plc:pf4jrgfpk2hi6z5zt3cksrnj err=HttpError('InvalidRequest: Could not find repo: did:plc:pf4jrgfpk2hi6z5zt3cksrnj')
2026-03-02T05:42:47Z INFO bsky_collector_v2.job.index_feed_generators: indexed repo=did:plc:utlq7a5n746n5jw7hsn46bja part=176 records=1 next_cursor=set
2026-03-02T05:42:51Z WARNING bsky_collector_v2.job.index_feed_generators: listRecords failed repo=did:plc:wbigv3gnowi7rsg4ujtpdgro err=HttpError('InvalidRequest: Could not find repo: did:plc:wbigv3gnowi7rsg4ujtpdgro')
2026-03-02T05:43:06Z WARNING bsky_collector_v2.job.index_feed_generators: listRecords failed repo=did:plc:3tzxlk2necsiyk3pggw4fwfk err=HttpError('InvalidRequest: Could not find repo: did:plc:3tzxlk2necsiyk3pggw4fwfk')
2026-03-02T05:43:06Z WARNING bsky_collector_v2.job.index_feed_generators: listRecords failed repo=did:plc:3x6jqomd4x3uer5rfzlunjjx err=HttpError('InvalidRequest: Could not find repo: did:plc:3x6jqomd4x3uer5rfzlunjjx')
2026-03-02T05:43:06Z WARNING bsky_collector_v2.job.index_feed_generators: listRecords failed repo=did:plc:pf4jrgfpk2hi6z5zt3cksrnj err=HttpError('InvalidRequest: Could not find repo: did:plc:pf4jrgfpk2hi6z5zt3cksrnj')
2026-03-02T05:43:06Z WARNING bsky_collector_v2.job.index_feed_generators: listRecords failed repo=did:plc:wbigv3gnowi7rsg4ujtpdgro err=HttpError('InvalidRequest: Could not find repo: did:plc:wbigv3gnowi7rsg4ujtpdgro')
2026-03-02T05:43:06Z WARNING bsky_collector_v2.job.index_feed_generators: listRecords failed repo=did:plc:3tzxlk2necsiyk3pggw4fwfk err=HttpError('InvalidRequest: Could not find repo: did:plc:3tzxlk2necsiyk3pggw4fwfk')
2026-03-02T05:43:06Z WARNING bsky_collector_v2.job.index_feed_generators: listRecords failed repo=did:plc:3x6jqomd4x3uer5rfzlunjjx err=HttpError('InvalidRequest: Could not find repo: did:plc:3x6jqomd4x3uer5rfzlunjjx')
2026-03-02T05:43:06Z WARNING bsky_collector_v2.job.index_feed_generators: listRecords failed repo=did:plc:pf4jrgfpk2hi6z5zt3cksrnj err=HttpError('InvalidRequest: Could not find repo: did:plc:pf4jrgfpk2hi6z5zt3cksrnj')
2026-03-02T05:43:06Z WARNING bsky_collector_v2.job.index_feed_generators: listRecords failed repo=did:plc:wbigv3gnowi7rsg4ujtpdgro err=HttpError('InvalidRequest: Could not find repo: did:plc:wbigv3gnowi7rsg4ujtpdgro')
2026-03-02T05:43:07Z INFO bsky_collector_v2.job.index_feed_generators: enqueued repos page=21 mode=listRepos inserted=500 repos_returned=500 next_cursor=set
2026-03-02T05:43:09Z WARNING bsky_collector_v2.job.index_feed_generators: listRecords failed repo=did:plc:2wq2pvrucck6nblj5tauxoyh err=HttpError('InvalidRequest: Could not find repo: did:plc:2wq2pvrucck6nblj5tauxoyh')
2026-03-02T05:43:14Z INFO bsky_collector_v2.job.index_feed_generators: indexed repo=did:plc:4gs6yjte5j6yrzwqx45k765l part=177 records=1 next_cursor=set
2026-03-02T05:43:23Z WARNING bsky_collector_v2.job.index_feed_generators: listRecords failed repo=did:plc:7iayi4wmgs3ly2343r6jjnup err=HttpError('InvalidRequest: Could not find repo: did:plc:7iayi4wmgs3ly2343r6jjnup')
2026-03-02T05:43:26Z INFO bsky_collector_v2.job.index_feed_generators: indexed repo=did:plc:ac6wn4p3dh6g4dayscbvadnk part=178 records=1 next_cursor=set
2026-03-02T05:43:28Z WARNING bsky_collector_v2.job.index_feed_generators: listRecords failed repo=did:plc:aobq3xstggvvecegswss5klg err=HttpError('InvalidRequest: Could not find repo: did:plc:aobq3xstggvvecegswss5klg')
2026-03-02T05:43:33Z INFO bsky_collector_v2.job.index_feed_generators: indexed repo=did:plc:bzcbxguf7uuc4chxtki6zszu part=179 records=2 next_cursor=set
2026-03-02T05:43:37Z WARNING bsky_collector_v2.job.index_feed_generators: listRecords failed repo=did:plc:cyqkmrgw6wc43wluncv2l4vh err=HttpError('InvalidRequest: Could not find repo: did:plc:cyqkmrgw6wc43wluncv2l4vh')
2026-03-02T05:43:40Z WARNING bsky_collector_v2.job.index_feed_generators: listRecords failed repo=did:plc:djugkrd6nyq5yik6bon6crb7 err=HttpError('InvalidRequest: Could not find repo: did:plc:djugkrd6nyq5yik6bon6crb7')
2026-03-02T05:44:46Z WARNING bsky_collector_v2.job.index_feed_generators: listRecords failed repo=did:plc:2wq2pvrucck6nblj5tauxoyh err=HttpError('InvalidRequest: Could not find repo: did:plc:2wq2pvrucck6nblj5tauxoyh')
2026-03-02T05:44:47Z WARNING bsky_collector_v2.job.index_feed_generators: listRecords failed repo=did:plc:7iayi4wmgs3ly2343r6jjnup err=HttpError('InvalidRequest: Could not find repo: did:plc:7iayi4wmgs3ly2343r6jjnup')
2026-03-02T05:44:47Z WARNING bsky_collector_v2.job.index_feed_generators: listRecords failed repo=did:plc:aobq3xstggvvecegswss5klg err=HttpError('InvalidRequest: Could not find repo: did:plc:aobq3xstggvvecegswss5klg')
2026-03-02T05:44:47Z WARNING bsky_collector_v2.job.index_feed_generators: listRecords failed repo=did:plc:cyqkmrgw6wc43wluncv2l4vh err=HttpError('InvalidRequest: Could not find repo: did:plc:cyqkmrgw6wc43wluncv2l4vh')
2026-03-02T05:44:47Z WARNING bsky_collector_v2.job.index_feed_generators: listRecords failed repo=did:plc:djugkrd6nyq5yik6bon6crb7 err=HttpError('InvalidRequest: Could not find repo: did:plc:djugkrd6nyq5yik6bon6crb7')
2026-03-02T05:44:47Z WARNING bsky_collector_v2.job.index_feed_generators: listRecords failed repo=did:plc:2wq2pvrucck6nblj5tauxoyh err=HttpError('InvalidRequest: Could not find repo: did:plc:2wq2pvrucck6nblj5tauxoyh')
2026-03-02T05:44:47Z WARNING bsky_collector_v2.job.index_feed_generators: listRecords failed repo=did:plc:7iayi4wmgs3ly2343r6jjnup err=HttpError('InvalidRequest: Could not find repo: did:plc:7iayi4wmgs3ly2343r6jjnup')
2026-03-02T05:44:47Z WARNING bsky_collector_v2.job.index_feed_generators: listRecords failed repo=did:plc:aobq3xstggvvecegswss5klg err=HttpError('InvalidRequest: Could not find repo: did:plc:aobq3xstggvvecegswss5klg')
2026-03-02T05:44:48Z WARNING bsky_collector_v2.job.index_feed_generators: listRecords failed repo=did:plc:cyqkmrgw6wc43wluncv2l4vh err=HttpError('InvalidRequest: Could not find repo: did:plc:cyqkmrgw6wc43wluncv2l4vh')
2026-03-02T05:44:48Z WARNING bsky_collector_v2.job.index_feed_generators: listRecords failed repo=did:plc:djugkrd6nyq5yik6bon6crb7 err=HttpError('InvalidRequest: Could not find repo: did:plc:djugkrd6nyq5yik6bon6crb7')
2026-03-02T05:44:48Z INFO bsky_collector_v2.job.index_feed_generators: enqueued repos page=22 mode=listRepos inserted=500 repos_returned=500 next_cursor=set
2026-03-02T05:46:19Z WARNING bsky_collector_v2.job.index_feed_generators: listRecords failed repo=did:plc:sq432jesxhuhwjwepapzos6z err=HttpError('InvalidRequest: Could not find repo: did:plc:sq432jesxhuhwjwepapzos6z')
2026-03-02T05:46:34Z INFO bsky_collector_v2.job.index_feed_generators: indexed repo=did:plc:xsue6mfyolxtt5rctf7jibif part=180 records=1 next_cursor=set
2026-03-02T05:46:34Z WARNING bsky_collector_v2.job.index_feed_generators: listRecords failed repo=did:plc:y4phsoupuxnwom4p6gjm2i54 err=HttpError('InvalidRequest: Could not find repo: did:plc:y4phsoupuxnwom4p6gjm2i54')
2026-03-02T05:46:40Z WARNING bsky_collector_v2.job.index_feed_generators: listRecords failed repo=did:plc:sq432jesxhuhwjwepapzos6z err=HttpError('InvalidRequest: Could not find repo: did:plc:sq432jesxhuhwjwepapzos6z')
2026-03-02T05:46:40Z WARNING bsky_collector_v2.job.index_feed_generators: listRecords failed repo=did:plc:y4phsoupuxnwom4p6gjm2i54 err=HttpError('InvalidRequest: Could not find repo: did:plc:y4phsoupuxnwom4p6gjm2i54')
2026-03-02T05:46:40Z WARNING bsky_collector_v2.job.index_feed_generators: listRecords failed repo=did:plc:sq432jesxhuhwjwepapzos6z err=HttpError('InvalidRequest: Could not find repo: did:plc:sq432jesxhuhwjwepapzos6z')
2026-03-02T05:46:40Z WARNING bsky_collector_v2.job.index_feed_generators: listRecords failed repo=did:plc:y4phsoupuxnwom4p6gjm2i54 err=HttpError('InvalidRequest: Could not find repo: did:plc:y4phsoupuxnwom4p6gjm2i54')
2026-03-02T05:46:41Z INFO bsky_collector_v2.job.index_feed_generators: enqueued repos page=23 mode=listRepos inserted=500 repos_returned=500 next_cursor=set
2026-03-02T05:46:56Z WARNING bsky_collector_v2.job.index_feed_generators: listRecords failed repo=did:plc:742qqoykvhb6gv5v562uyv5f err=HttpError('InvalidRequest: Could not find repo: did:plc:742qqoykvhb6gv5v562uyv5f')
2026-03-02T05:48:25Z WARNING bsky_collector_v2.job.index_feed_generators: listRecords failed repo=did:plc:742qqoykvhb6gv5v562uyv5f err=HttpError('InvalidRequest: Could not find repo: did:plc:742qqoykvhb6gv5v562uyv5f')
2026-03-02T05:48:25Z WARNING bsky_collector_v2.job.index_feed_generators: listRecords failed repo=did:plc:742qqoykvhb6gv5v562uyv5f err=HttpError('InvalidRequest: Could not find repo: did:plc:742qqoykvhb6gv5v562uyv5f')
2026-03-02T05:48:26Z INFO bsky_collector_v2.job.index_feed_generators: enqueued repos page=24 mode=listRepos inserted=500 repos_returned=500 next_cursor=set
2026-03-02T05:49:25Z WARNING bsky_collector_v2.job.index_feed_generators: listRecords failed repo=did:plc:jurhcpcxeqqxkcasxcxst6w6 err=HttpError('InvalidRequest: Could not find repo: did:plc:jurhcpcxeqqxkcasxcxst6w6')
2026-03-02T05:50:17Z WARNING bsky_collector_v2.job.index_feed_generators: listRecords failed repo=did:plc:jurhcpcxeqqxkcasxcxst6w6 err=HttpError('InvalidRequest: Could not find repo: did:plc:jurhcpcxeqqxkcasxcxst6w6')
2026-03-02T05:50:17Z WARNING bsky_collector_v2.job.index_feed_generators: listRecords failed repo=did:plc:jurhcpcxeqqxkcasxcxst6w6 err=HttpError('InvalidRequest: Could not find repo: did:plc:jurhcpcxeqqxkcasxcxst6w6')
2026-03-02T05:50:17Z INFO bsky_collector_v2.job.index_feed_generators: enqueued repos page=25 mode=listRepos inserted=500 repos_returned=500 next_cursor=set
2026-03-02T05:52:05Z INFO bsky_collector_v2.job.index_feed_generators: enqueued repos page=26 mode=listRepos inserted=500 repos_returned=500 next_cursor=set
2026-03-02T05:53:48Z INFO bsky_collector_v2.job.index_feed_generators: enqueued repos page=27 mode=listRepos inserted=500 repos_returned=500 next_cursor=set
2026-03-02T05:53:54Z INFO bsky_collector_v2.job.index_feed_generators: indexed repo=did:plc:4ivruicghylyh5isccdb5x26 part=181 records=1 next_cursor=set
2026-03-02T05:54:09Z WARNING bsky_collector_v2.job.index_feed_generators: listRecords failed repo=did:plc:ban64sqnywhfq6geglab762m err=HttpError('InvalidRequest: Could not find repo: did:plc:ban64sqnywhfq6geglab762m')
2026-03-02T05:55:08Z WARNING bsky_collector_v2.job.index_feed_generators: listRecords failed repo=did:plc:qznl2pmv5tk2s64axaz2rl7z err=HttpError('InvalidRequest: Could not find repo: did:plc:qznl2pmv5tk2s64axaz2rl7z')
2026-03-02T05:55:34Z WARNING bsky_collector_v2.job.index_feed_generators: listRecords failed repo=did:plc:ban64sqnywhfq6geglab762m err=HttpError('InvalidRequest: Could not find repo: did:plc:ban64sqnywhfq6geglab762m')
2026-03-02T05:55:34Z WARNING bsky_collector_v2.job.index_feed_generators: listRecords failed repo=did:plc:qznl2pmv5tk2s64axaz2rl7z err=HttpError('InvalidRequest: Could not find repo: did:plc:qznl2pmv5tk2s64axaz2rl7z')
2026-03-02T05:55:34Z WARNING bsky_collector_v2.job.index_feed_generators: listRecords failed repo=did:plc:ban64sqnywhfq6geglab762m err=HttpError('InvalidRequest: Could not find repo: did:plc:ban64sqnywhfq6geglab762m')
2026-03-02T05:55:34Z WARNING bsky_collector_v2.job.index_feed_generators: listRecords failed repo=did:plc:qznl2pmv5tk2s64axaz2rl7z err=HttpError('InvalidRequest: Could not find repo: did:plc:qznl2pmv5tk2s64axaz2rl7z')
2026-03-02T05:55:35Z INFO bsky_collector_v2.job.index_feed_generators: enqueued repos page=28 mode=listRepos inserted=500 repos_returned=500 next_cursor=set
2026-03-02T05:55:51Z INFO bsky_collector_v2.job.index_feed_generators: indexed repo=did:plc:6pknnucyrs6llen624moraym part=182 records=2 next_cursor=set
2026-03-02T05:56:30Z INFO bsky_collector_v2.job.index_feed_generators: indexed repo=did:plc:jcerk6lpyag3f6z5qu2aazbk part=183 records=20 next_cursor=set
2026-03-02T05:57:02Z WARNING bsky_collector_v2.job.index_feed_generators: listRecords failed repo=did:plc:tcbooifoteh5vy4evbdbprv7 err=HttpError('InvalidRequest: Could not find repo: did:plc:tcbooifoteh5vy4evbdbprv7')
2026-03-02T05:57:21Z WARNING bsky_collector_v2.job.index_feed_generators: listRecords failed repo=did:plc:tcbooifoteh5vy4evbdbprv7 err=HttpError('InvalidRequest: Could not find repo: did:plc:tcbooifoteh5vy4evbdbprv7')
2026-03-02T05:57:21Z WARNING bsky_collector_v2.job.index_feed_generators: listRecords failed repo=did:plc:tcbooifoteh5vy4evbdbprv7 err=HttpError('InvalidRequest: Could not find repo: did:plc:tcbooifoteh5vy4evbdbprv7')
2026-03-02T05:57:21Z INFO bsky_collector_v2.job.index_feed_generators: enqueued repos page=29 mode=listRepos inserted=500 repos_returned=500 next_cursor=set
2026-03-02T05:58:27Z INFO bsky_collector_v2.job.index_feed_generators: indexed repo=did:plc:nj74s7a7ye26b4evegiwxdf2 part=184 records=2 next_cursor=set
2026-03-02T05:58:49Z WARNING bsky_collector_v2.job.index_feed_generators: listRecords failed repo=did:plc:uxifplhpr345iis26dogfyyz err=HttpError('InvalidRequest: Could not find repo: did:plc:uxifplhpr345iis26dogfyyz')
2026-03-02T05:59:10Z WARNING bsky_collector_v2.job.index_feed_generators: listRecords failed repo=did:plc:uxifplhpr345iis26dogfyyz err=HttpError('InvalidRequest: Could not find repo: did:plc:uxifplhpr345iis26dogfyyz')
2026-03-02T05:59:10Z WARNING bsky_collector_v2.job.index_feed_generators: listRecords failed repo=did:plc:uxifplhpr345iis26dogfyyz err=HttpError('InvalidRequest: Could not find repo: did:plc:uxifplhpr345iis26dogfyyz')
2026-03-02T05:59:10Z INFO bsky_collector_v2.job.index_feed_generators: enqueued repos page=30 mode=listRepos inserted=500 repos_returned=500 next_cursor=set
2026-03-02T05:59:20Z WARNING bsky_collector_v2.job.index_feed_generators: listRecords failed repo=did:plc:54fiizktghsi2245koqfhgzi err=HttpError('InvalidRequest: Could not find repo: did:plc:54fiizktghsi2245koqfhgzi')
2026-03-02T05:59:20Z WARNING bsky_collector_v2.job.index_feed_generators: listRecords failed repo=did:plc:5dwyflvl6h654agne442so2z err=HttpError('InvalidRequest: Could not find repo: did:plc:5dwyflvl6h654agne442so2z')
2026-03-02T05:59:28Z WARNING bsky_collector_v2.job.index_feed_generators: listRecords failed repo=did:plc:77tzw73b5qr7yk3swk6thjqs err=HttpError('InvalidRequest: Could not find repo: did:plc:77tzw73b5qr7yk3swk6thjqs')
2026-03-02T05:59:31Z WARNING bsky_collector_v2.job.index_feed_generators: listRecords failed repo=did:plc:aqj5dchgfmsmoz7y7njgnmde err=HttpError('InvalidRequest: Could not find repo: did:plc:aqj5dchgfmsmoz7y7njgnmde')
2026-03-02T05:59:44Z WARNING bsky_collector_v2.job.index_feed_generators: listRecords failed repo=did:plc:f76ubs3fuyi2zgezc5ht5jwn err=HttpError('InvalidRequest: Could not find repo: did:plc:f76ubs3fuyi2zgezc5ht5jwn')
2026-03-02T05:59:44Z WARNING bsky_collector_v2.job.index_feed_generators: listRecords failed repo=did:plc:fbetn4vqgxtrfbq52rqc47fx err=HttpError('InvalidRequest: Could not find repo: did:plc:fbetn4vqgxtrfbq52rqc47fx')
2026-03-02T05:59:52Z WARNING bsky_collector_v2.job.index_feed_generators: listRecords failed repo=did:plc:h5zqikrbxcr65z3g3vaidlb5 err=HttpError('InvalidRequest: Could not find repo: did:plc:h5zqikrbxcr65z3g3vaidlb5')
2026-03-02T05:59:55Z WARNING bsky_collector_v2.job.index_feed_generators: listRecords failed repo=did:plc:hqzautreid7wkpjuorx427ms err=HttpError('InvalidRequest: Could not find repo: did:plc:hqzautreid7wkpjuorx427ms')
2026-03-02T05:59:59Z WARNING bsky_collector_v2.job.index_feed_generators: listRecords failed repo=did:plc:iwxowogeyd6fgvhec5sfdmhd err=HttpError('InvalidRequest: Could not find repo: did:plc:iwxowogeyd6fgvhec5sfdmhd')
2026-03-02T06:00:05Z WARNING bsky_collector_v2.job.index_feed_generators: listRecords failed repo=did:plc:kwsiyhwthjipuhp3uiyc5rl4 err=HttpError('InvalidRequest: Could not find repo: did:plc:kwsiyhwthjipuhp3uiyc5rl4')
2026-03-02T06:00:05Z WARNING bsky_collector_v2.job.index_feed_generators: listRecords failed repo=did:plc:kybx4qix4cpiagha7vreekpp err=HttpError('InvalidRequest: Could not find repo: did:plc:kybx4qix4cpiagha7vreekpp')
2026-03-02T06:00:18Z WARNING bsky_collector_v2.job.index_feed_generators: listRecords failed repo=did:plc:owepvruxy52a5ga7ocduhtdz err=HttpError('InvalidRequest: Could not find repo: did:plc:owepvruxy52a5ga7ocduhtdz')
2026-03-02T06:00:20Z WARNING bsky_collector_v2.job.index_feed_generators: listRecords failed repo=did:plc:pvitcxep66hfv5fildp3m37y err=HttpError('InvalidRequest: Could not find repo: did:plc:pvitcxep66hfv5fildp3m37y')
2026-03-02T06:00:25Z WARNING bsky_collector_v2.job.index_feed_generators: listRecords failed repo=did:plc:r3ef37tkuj477cxzz3str6pq err=HttpError('InvalidRequest: Could not find repo: did:plc:r3ef37tkuj477cxzz3str6pq')
2026-03-02T06:00:25Z WARNING bsky_collector_v2.job.index_feed_generators: listRecords failed repo=did:plc:racz2lo3yobwiiglufgcnjek err=HttpError('InvalidRequest: Could not find repo: did:plc:racz2lo3yobwiiglufgcnjek')
2026-03-02T06:00:28Z WARNING bsky_collector_v2.job.index_feed_generators: listRecords failed repo=did:plc:s4tral6gaimqbpqlvwpkrprb err=HttpError('InvalidRequest: Could not find repo: did:plc:s4tral6gaimqbpqlvwpkrprb')
2026-03-02T06:00:31Z WARNING bsky_collector_v2.job.index_feed_generators: listRecords failed repo=did:plc:svmytbhh3lildajalfhuhs2k err=HttpError('InvalidRequest: Could not find repo: did:plc:svmytbhh3lildajalfhuhs2k')
2026-03-02T06:00:48Z WARNING bsky_collector_v2.job.index_feed_generators: listRecords failed repo=did:plc:54fiizktghsi2245koqfhgzi err=HttpError('InvalidRequest: Could not find repo: did:plc:54fiizktghsi2245koqfhgzi')
2026-03-02T06:00:48Z WARNING bsky_collector_v2.job.index_feed_generators: listRecords failed repo=did:plc:5dwyflvl6h654agne442so2z err=HttpError('InvalidRequest: Could not find repo: did:plc:5dwyflvl6h654agne442so2z')
2026-03-02T06:00:48Z WARNING bsky_collector_v2.job.index_feed_generators: listRecords failed repo=did:plc:77tzw73b5qr7yk3swk6thjqs err=HttpError('InvalidRequest: Could not find repo: did:plc:77tzw73b5qr7yk3swk6thjqs')
2026-03-02T06:00:48Z WARNING bsky_collector_v2.job.index_feed_generators: listRecords failed repo=did:plc:aqj5dchgfmsmoz7y7njgnmde err=HttpError('InvalidRequest: Could not find repo: did:plc:aqj5dchgfmsmoz7y7njgnmde')
2026-03-02T06:00:49Z WARNING bsky_collector_v2.job.index_feed_generators: listRecords failed repo=did:plc:f76ubs3fuyi2zgezc5ht5jwn err=HttpError('InvalidRequest: Could not find repo: did:plc:f76ubs3fuyi2zgezc5ht5jwn')
2026-03-02T06:00:49Z WARNING bsky_collector_v2.job.index_feed_generators: listRecords failed repo=did:plc:fbetn4vqgxtrfbq52rqc47fx err=HttpError('InvalidRequest: Could not find repo: did:plc:fbetn4vqgxtrfbq52rqc47fx')
2026-03-02T06:00:49Z WARNING bsky_collector_v2.job.index_feed_generators: listRecords failed repo=did:plc:h5zqikrbxcr65z3g3vaidlb5 err=HttpError('InvalidRequest: Could not find repo: did:plc:h5zqikrbxcr65z3g3vaidlb5')
2026-03-02T06:00:49Z WARNING bsky_collector_v2.job.index_feed_generators: listRecords failed repo=did:plc:hqzautreid7wkpjuorx427ms err=HttpError('InvalidRequest: Could not find repo: did:plc:hqzautreid7wkpjuorx427ms')
2026-03-02T06:00:49Z WARNING bsky_collector_v2.job.index_feed_generators: listRecords failed repo=did:plc:iwxowogeyd6fgvhec5sfdmhd err=HttpError('InvalidRequest: Could not find repo: did:plc:iwxowogeyd6fgvhec5sfdmhd')
2026-03-02T06:00:49Z WARNING bsky_collector_v2.job.index_feed_generators: listRecords failed repo=did:plc:kwsiyhwthjipuhp3uiyc5rl4 err=HttpError('InvalidRequest: Could not find repo: did:plc:kwsiyhwthjipuhp3uiyc5rl4')
2026-03-02T06:00:49Z WARNING bsky_collector_v2.job.index_feed_generators: listRecords failed repo=did:plc:kybx4qix4cpiagha7vreekpp err=HttpError('InvalidRequest: Could not find repo: did:plc:kybx4qix4cpiagha7vreekpp')
2026-03-02T06:00:49Z WARNING bsky_collector_v2.job.index_feed_generators: listRecords failed repo=did:plc:owepvruxy52a5ga7ocduhtdz err=HttpError('InvalidRequest: Could not find repo: did:plc:owepvruxy52a5ga7ocduhtdz')
2026-03-02T06:00:49Z WARNING bsky_collector_v2.job.index_feed_generators: listRecords failed repo=did:plc:pvitcxep66hfv5fildp3m37y err=HttpError('InvalidRequest: Could not find repo: did:plc:pvitcxep66hfv5fildp3m37y')
2026-03-02T06:00:49Z WARNING bsky_collector_v2.job.index_feed_generators: listRecords failed repo=did:plc:r3ef37tkuj477cxzz3str6pq err=HttpError('InvalidRequest: Could not find repo: did:plc:r3ef37tkuj477cxzz3str6pq')
2026-03-02T06:00:49Z WARNING bsky_collector_v2.job.index_feed_generators: listRecords failed repo=did:plc:racz2lo3yobwiiglufgcnjek err=HttpError('InvalidRequest: Could not find repo: did:plc:racz2lo3yobwiiglufgcnjek')
2026-03-02T06:00:50Z WARNING bsky_collector_v2.job.index_feed_generators: listRecords failed repo=did:plc:s4tral6gaimqbpqlvwpkrprb err=HttpError('InvalidRequest: Could not find repo: did:plc:s4tral6gaimqbpqlvwpkrprb')
2026-03-02T06:00:50Z WARNING bsky_collector_v2.job.index_feed_generators: listRecords failed repo=did:plc:svmytbhh3lildajalfhuhs2k err=HttpError('InvalidRequest: Could not find repo: did:plc:svmytbhh3lildajalfhuhs2k')
2026-03-02T06:00:50Z WARNING bsky_collector_v2.job.index_feed_generators: listRecords failed repo=did:plc:54fiizktghsi2245koqfhgzi err=HttpError('InvalidRequest: Could not find repo: did:plc:54fiizktghsi2245koqfhgzi')
2026-03-02T06:00:50Z WARNING bsky_collector_v2.job.index_feed_generators: listRecords failed repo=did:plc:5dwyflvl6h654agne442so2z err=HttpError('InvalidRequest: Could not find repo: did:plc:5dwyflvl6h654agne442so2z')
2026-03-02T06:00:50Z WARNING bsky_collector_v2.job.index_feed_generators: listRecords failed repo=did:plc:77tzw73b5qr7yk3swk6thjqs err=HttpError('InvalidRequest: Could not find repo: did:plc:77tzw73b5qr7yk3swk6thjqs')
2026-03-02T06:00:50Z WARNING bsky_collector_v2.job.index_feed_generators: listRecords failed repo=did:plc:aqj5dchgfmsmoz7y7njgnmde err=HttpError('InvalidRequest: Could not find repo: did:plc:aqj5dchgfmsmoz7y7njgnmde')
2026-03-02T06:00:50Z WARNING bsky_collector_v2.job.index_feed_generators: listRecords failed repo=did:plc:f76ubs3fuyi2zgezc5ht5jwn err=HttpError('InvalidRequest: Could not find repo: did:plc:f76ubs3fuyi2zgezc5ht5jwn')
2026-03-02T06:00:50Z WARNING bsky_collector_v2.job.index_feed_generators: listRecords failed repo=did:plc:fbetn4vqgxtrfbq52rqc47fx err=HttpError('InvalidRequest: Could not find repo: did:plc:fbetn4vqgxtrfbq52rqc47fx')
2026-03-02T06:00:50Z WARNING bsky_collector_v2.job.index_feed_generators: listRecords failed repo=did:plc:h5zqikrbxcr65z3g3vaidlb5 err=HttpError('InvalidRequest: Could not find repo: did:plc:h5zqikrbxcr65z3g3vaidlb5')
2026-03-02T06:00:50Z WARNING bsky_collector_v2.job.index_feed_generators: listRecords failed repo=did:plc:hqzautreid7wkpjuorx427ms err=HttpError('InvalidRequest: Could not find repo: did:plc:hqzautreid7wkpjuorx427ms')
2026-03-02T06:00:50Z WARNING bsky_collector_v2.job.index_feed_generators: listRecords failed repo=did:plc:iwxowogeyd6fgvhec5sfdmhd err=HttpError('InvalidRequest: Could not find repo: did:plc:iwxowogeyd6fgvhec5sfdmhd')
2026-03-02T06:00:50Z WARNING bsky_collector_v2.job.index_feed_generators: listRecords failed repo=did:plc:kwsiyhwthjipuhp3uiyc5rl4 err=HttpError('InvalidRequest: Could not find repo: did:plc:kwsiyhwthjipuhp3uiyc5rl4')
2026-03-02T06:00:51Z WARNING bsky_collector_v2.job.index_feed_generators: listRecords failed repo=did:plc:kybx4qix4cpiagha7vreekpp err=HttpError('InvalidRequest: Could not find repo: did:plc:kybx4qix4cpiagha7vreekpp')
2026-03-02T06:00:51Z WARNING bsky_collector_v2.job.index_feed_generators: listRecords failed repo=did:plc:owepvruxy52a5ga7ocduhtdz err=HttpError('InvalidRequest: Could not find repo: did:plc:owepvruxy52a5ga7ocduhtdz')
2026-03-02T06:00:51Z WARNING bsky_collector_v2.job.index_feed_generators: listRecords failed repo=did:plc:pvitcxep66hfv5fildp3m37y err=HttpError('InvalidRequest: Could not find repo: did:plc:pvitcxep66hfv5fildp3m37y')
2026-03-02T06:00:51Z WARNING bsky_collector_v2.job.index_feed_generators: listRecords failed repo=did:plc:r3ef37tkuj477cxzz3str6pq err=HttpError('InvalidRequest: Could not find repo: did:plc:r3ef37tkuj477cxzz3str6pq')
2026-03-02T06:00:51Z WARNING bsky_collector_v2.job.index_feed_generators: listRecords failed repo=did:plc:racz2lo3yobwiiglufgcnjek err=HttpError('InvalidRequest: Could not find repo: did:plc:racz2lo3yobwiiglufgcnjek')
2026-03-02T06:00:51Z WARNING bsky_collector_v2.job.index_feed_generators: listRecords failed repo=did:plc:s4tral6gaimqbpqlvwpkrprb err=HttpError('InvalidRequest: Could not find repo: did:plc:s4tral6gaimqbpqlvwpkrprb')
2026-03-02T06:00:51Z WARNING bsky_collector_v2.job.index_feed_generators: listRecords failed repo=did:plc:svmytbhh3lildajalfhuhs2k err=HttpError('InvalidRequest: Could not find repo: did:plc:svmytbhh3lildajalfhuhs2k')
2026-03-02T06:00:52Z INFO bsky_collector_v2.job.index_feed_generators: enqueued repos page=31 mode=listRepos inserted=500 repos_returned=500 next_cursor=set
2026-03-02T06:00:52Z WARNING bsky_collector_v2.job.index_feed_generators: listRecords failed repo=did:plc:2gkniva2qzg4z2pc5ihtwldq err=HttpError('InvalidRequest: Could not find repo: did:plc:2gkniva2qzg4z2pc5ihtwldq')
2026-03-02T06:00:55Z WARNING bsky_collector_v2.job.index_feed_generators: listRecords failed repo=did:plc:3bsxfaruujryzcie4tqj7t2q err=HttpError('InvalidRequest: Could not find repo: did:plc:3bsxfaruujryzcie4tqj7t2q')
2026-03-02T06:01:11Z WARNING bsky_collector_v2.job.index_feed_generators: listRecords failed repo=did:plc:aeolsb5zhioqlyvar3an6u3q err=HttpError('InvalidRequest: Could not find repo: did:plc:aeolsb5zhioqlyvar3an6u3q')
2026-03-02T06:01:15Z WARNING bsky_collector_v2.job.index_feed_generators: listRecords failed repo=did:plc:bjtwgjrjzxpb2gjhxvuaazgi err=HttpError('InvalidRequest: Could not find repo: did:plc:bjtwgjrjzxpb2gjhxvuaazgi')
2026-03-02T06:01:20Z WARNING bsky_collector_v2.job.index_feed_generators: listRecords failed repo=did:plc:dodti44xa7d66nutqyhu77dp err=HttpError('InvalidRequest: Could not find repo: did:plc:dodti44xa7d66nutqyhu77dp')
2026-03-02T06:01:20Z WARNING bsky_collector_v2.job.index_feed_generators: listRecords failed repo=did:plc:dvfir4r6rwvw5vsvkgnquwg2 err=HttpError('InvalidRequest: Could not find repo: did:plc:dvfir4r6rwvw5vsvkgnquwg2')
2026-03-02T06:01:24Z WARNING bsky_collector_v2.job.index_feed_generators: listRecords failed repo=did:plc:ehtwbygkzqu2yxt56hmol5wo err=HttpError('InvalidRequest: Could not find repo: did:plc:ehtwbygkzqu2yxt56hmol5wo')
2026-03-02T06:01:30Z WARNING bsky_collector_v2.job.index_feed_generators: listRecords failed repo=did:plc:gbxokhh2opdmohc64bwx252h err=HttpError('InvalidRequest: Could not find repo: did:plc:gbxokhh2opdmohc64bwx252h')
2026-03-02T06:01:31Z WARNING bsky_collector_v2.job.index_feed_generators: listRecords failed repo=did:plc:gdvdqg2ktbddlzs6gvub4e3p err=HttpError('InvalidRequest: Could not find repo: did:plc:gdvdqg2ktbddlzs6gvub4e3p')
2026-03-02T06:01:35Z WARNING bsky_collector_v2.job.index_feed_generators: listRecords failed repo=did:plc:i5bbqz7dm7dydblbefmxy2ju err=HttpError('InvalidRequest: Could not find repo: did:plc:i5bbqz7dm7dydblbefmxy2ju')
2026-03-02T06:01:35Z WARNING bsky_collector_v2.job.index_feed_generators: listRecords failed repo=did:plc:i5uw6nygdwfgjbpiwno3lj4n err=HttpError('InvalidRequest: Could not find repo: did:plc:i5uw6nygdwfgjbpiwno3lj4n')
2026-03-02T06:01:36Z WARNING bsky_collector_v2.job.index_feed_generators: listRecords failed repo=did:plc:irdb77anihhohbkvzmr3oa2d err=HttpError('InvalidRequest: Could not find repo: did:plc:irdb77anihhohbkvzmr3oa2d')
2026-03-02T06:01:41Z WARNING bsky_collector_v2.job.index_feed_generators: listRecords failed repo=did:plc:kr5vi3e7cudvekhkiyb6uw3x err=HttpError('InvalidRequest: Could not find repo: did:plc:kr5vi3e7cudvekhkiyb6uw3x')
2026-03-02T06:01:43Z WARNING bsky_collector_v2.job.index_feed_generators: listRecords failed repo=did:plc:lhe3ukcgwtjjhmivfksr5wee err=HttpError('InvalidRequest: Could not find repo: did:plc:lhe3ukcgwtjjhmivfksr5wee')
2026-03-02T06:01:46Z WARNING bsky_collector_v2.job.index_feed_generators: listRecords failed repo=did:plc:mlxiz5uanugjgztpemegdl75 err=HttpError('InvalidRequest: Could not find repo: did:plc:mlxiz5uanugjgztpemegdl75')
2026-03-02T06:01:49Z WARNING bsky_collector_v2.job.index_feed_generators: listRecords failed repo=did:plc:nadiq37pehkqbnt35juec6dt err=HttpError('InvalidRequest: Could not find repo: did:plc:nadiq37pehkqbnt35juec6dt')
2026-03-02T06:01:53Z WARNING bsky_collector_v2.job.index_feed_generators: listRecords failed repo=did:plc:odkkkbzpykefojuz4ibgnitd err=HttpError('InvalidRequest: Could not find repo: did:plc:odkkkbzpykefojuz4ibgnitd')
2026-03-02T06:01:54Z WARNING bsky_collector_v2.job.index_feed_generators: listRecords failed repo=did:plc:opb7vdlkpr6meccisa4a4ycd err=HttpError('InvalidRequest: Could not find repo: did:plc:opb7vdlkpr6meccisa4a4ycd')
2026-03-02T06:01:57Z WARNING bsky_collector_v2.job.index_feed_generators: listRecords failed repo=did:plc:po5mklymiou57jnmtj2juhrm err=HttpError('InvalidRequest: Could not find repo: did:plc:po5mklymiou57jnmtj2juhrm')
2026-03-02T06:01:57Z WARNING bsky_collector_v2.job.index_feed_generators: listRecords failed repo=did:plc:pqz52ydgseagktsa3e3zr2ae err=HttpError('InvalidRequest: Could not find repo: did:plc:pqz52ydgseagktsa3e3zr2ae')
2026-03-02T06:01:57Z WARNING bsky_collector_v2.job.index_feed_generators: listRecords failed repo=did:plc:ptsygbombh32knrpawr5qajt err=HttpError('InvalidRequest: Could not find repo: did:plc:ptsygbombh32knrpawr5qajt')
2026-03-02T06:01:57Z WARNING bsky_collector_v2.job.index_feed_generators: listRecords failed repo=did:plc:qc5hk4pmo5xly7wvqi3dby6n err=HttpError('InvalidRequest: Could not find repo: did:plc:qc5hk4pmo5xly7wvqi3dby6n')
2026-03-02T06:01:59Z WARNING bsky_collector_v2.job.index_feed_generators: listRecords failed repo=did:plc:rcxdiy2qki7sc5npnmaegwly err=HttpError('InvalidRequest: Could not find repo: did:plc:rcxdiy2qki7sc5npnmaegwly')
2026-03-02T06:02:00Z WARNING bsky_collector_v2.job.index_feed_generators: listRecords failed repo=did:plc:rtrgobmwgpzgemsvo3fzjgb4 err=HttpError('InvalidRequest: Could not find repo: did:plc:rtrgobmwgpzgemsvo3fzjgb4')
2026-03-02T06:02:05Z WARNING bsky_collector_v2.job.index_feed_generators: listRecords failed repo=did:plc:t5qzbes6ivloc7nsao5eq3se err=HttpError('InvalidRequest: Could not find repo: did:plc:t5qzbes6ivloc7nsao5eq3se')
2026-03-02T06:02:05Z WARNING bsky_collector_v2.job.index_feed_generators: listRecords failed repo=did:plc:t6brfmsjg7krlyvehijjlixm err=HttpError('InvalidRequest: Could not find repo: did:plc:t6brfmsjg7krlyvehijjlixm')
2026-03-02T06:02:07Z WARNING bsky_collector_v2.job.index_feed_generators: listRecords failed repo=did:plc:tsttsknqtueespo33ry2pi5w err=HttpError('InvalidRequest: Could not find repo: did:plc:tsttsknqtueespo33ry2pi5w')
2026-03-02T06:02:07Z WARNING bsky_collector_v2.job.index_feed_generators: listRecords failed repo=did:plc:twwqfrl4lmurcifrp5xqrrmm err=HttpError('InvalidRequest: Could not find repo: did:plc:twwqfrl4lmurcifrp5xqrrmm')
