2026-02-19T09:35:05Z INFO bsky_collector_v2: out_base ok path=D:\BlueSky\data_v2_full mount=D:\
2026-02-19T09:35:05Z INFO bsky_collector_v2: job start subcommand=index-feed-generators dry_run=False resume=True
2026-02-19T09:35:05Z INFO bsky_collector_v2.job.index_feed_generators: feed generator index hosts relay_host=https://bsky.network records_host=https://bsky.social auth=yes
2026-02-19T09:35:28Z INFO bsky_collector_v2.job.index_feed_generators: indexed repo=did:plc:wiyv6m6l4add7cejlcuvh6y5 part=1299 records=1 next_cursor=set
2026-02-19T09:35:40Z INFO bsky_collector_v2.job.index_feed_generators: enqueued repos page=1 mode=listRepos inserted=500 repos_returned=500 next_cursor=set
2026-02-19T09:35:54Z INFO bsky_collector_v2.job.index_feed_generators: indexed repo=did:plc:7vgo6nb27mzsnyj62kb6siud part=1300 records=8 next_cursor=set
2026-02-19T09:36:16Z INFO bsky_collector_v2.job.index_feed_generators: indexed repo=did:plc:i3feoxbyralxifz6bmie5wh3 part=1301 records=1 next_cursor=set
2026-02-19T09:36:58Z INFO bsky_collector_v2.job.index_feed_generators: indexed repo=did:plc:vyigj4eru4wnkj4cvikx7u34 part=1302 records=4 next_cursor=set
2026-02-19T09:36:59Z INFO bsky_collector_v2.job.index_feed_generators: indexed repo=did:plc:whc7xt55brop3ih3xzdhvljl part=1303 records=2 next_cursor=set
2026-02-19T09:37:10Z INFO bsky_collector_v2.job.index_feed_generators: enqueued repos page=2 mode=listRepos inserted=500 repos_returned=500 next_cursor=set
2026-02-19T09:38:27Z INFO bsky_collector_v2.job.index_feed_generators: indexed repo=did:plc:pqyholnv6kns2oycy23a6vur part=1304 records=1 next_cursor=set
2026-02-19T09:38:27Z WARNING bsky_collector_v2.job.index_feed_generators: listRecords failed repo=did:plc:qc3i6t7dkfqcymmoedbobfdq err=HttpError('InvalidRequest: Could not find repo: did:plc:qc3i6t7dkfqcymmoedbobfdq')
2026-02-19T09:38:43Z INFO bsky_collector_v2.job.index_feed_generators: indexed repo=did:plc:vx64mvc2xoubawk6r5drrrsr part=1305 records=1 next_cursor=set
2026-02-19T09:38:47Z INFO bsky_collector_v2.job.index_feed_generators: indexed repo=did:plc:xrnqnd2p74amhqozq2fagcs4 part=1306 records=1 next_cursor=set
2026-02-19T09:38:53Z WARNING bsky_collector_v2.job.index_feed_generators: listRecords failed repo=did:plc:qc3i6t7dkfqcymmoedbobfdq err=HttpError('InvalidRequest: Could not find repo: did:plc:qc3i6t7dkfqcymmoedbobfdq')
2026-02-19T09:38:53Z WARNING bsky_collector_v2.job.index_feed_generators: listRecords failed repo=did:plc:qc3i6t7dkfqcymmoedbobfdq err=HttpError('InvalidRequest: Could not find repo: did:plc:qc3i6t7dkfqcymmoedbobfdq')
2026-02-19T09:38:54Z INFO bsky_collector_v2.job.index_feed_generators: enqueued repos page=3 mode=listRepos inserted=500 repos_returned=500 next_cursor=set
2026-02-19T09:39:12Z INFO bsky_collector_v2.job.index_feed_generators: indexed repo=did:plc:bhpzmg64dsbmjmlvvakrvi6v part=1307 records=1 next_cursor=set
2026-02-19T09:39:53Z WARNING bsky_collector_v2.job.index_feed_generators: listRecords failed repo=did:plc:qfduzctkzeg6mgl6zbgvdnpy err=HttpError('InvalidRequest: Could not find repo: did:plc:qfduzctkzeg6mgl6zbgvdnpy')
2026-02-19T09:39:59Z INFO bsky_collector_v2.job.index_feed_generators: indexed repo=did:plc:shrjnk5evcx7sr664g2mjgl2 part=1308 records=1 next_cursor=set
2026-02-19T09:40:09Z INFO bsky_collector_v2.job.index_feed_generators: indexed repo=did:plc:vzgik5mejlrlibfurzygokf5 part=1309 records=1 next_cursor=set
2026-02-19T09:40:16Z WARNING bsky_collector_v2.job.index_feed_generators: listRecords failed repo=did:plc:y6ae3cuvj3ckw4z6hebc5oxs err=HttpError('InvalidRequest: Could not find repo: did:plc:y6ae3cuvj3ckw4z6hebc5oxs')
2026-02-19T09:40:21Z WARNING bsky_collector_v2.job.index_feed_generators: listRecords failed repo=did:plc:qfduzctkzeg6mgl6zbgvdnpy err=HttpError('InvalidRequest: Could not find repo: did:plc:qfduzctkzeg6mgl6zbgvdnpy')
2026-02-19T09:40:22Z WARNING bsky_collector_v2.job.index_feed_generators: listRecords failed repo=did:plc:y6ae3cuvj3ckw4z6hebc5oxs err=HttpError('InvalidRequest: Could not find repo: did:plc:y6ae3cuvj3ckw4z6hebc5oxs')
2026-02-19T09:40:22Z WARNING bsky_collector_v2.job.index_feed_generators: listRecords failed repo=did:plc:qfduzctkzeg6mgl6zbgvdnpy err=HttpError('InvalidRequest: Could not find repo: did:plc:qfduzctkzeg6mgl6zbgvdnpy')
2026-02-19T09:40:22Z WARNING bsky_collector_v2.job.index_feed_generators: listRecords failed repo=did:plc:y6ae3cuvj3ckw4z6hebc5oxs err=HttpError('InvalidRequest: Could not find repo: did:plc:y6ae3cuvj3ckw4z6hebc5oxs')
2026-02-19T09:40:23Z INFO bsky_collector_v2.job.index_feed_generators: enqueued repos page=4 mode=listRepos inserted=500 repos_returned=500 next_cursor=set
2026-02-19T09:40:42Z INFO bsky_collector_v2.job.index_feed_generators: indexed repo=did:plc:ca7xhgyebwe3hqhqapnlrxvp part=1310 records=1 next_cursor=set
2026-02-19T09:41:04Z INFO bsky_collector_v2.job.index_feed_generators: indexed repo=did:plc:i6g47mzpyv2l3oewl5rmomxn part=1311 records=1 next_cursor=set
2026-02-19T09:41:05Z INFO bsky_collector_v2.job.index_feed_generators: indexed repo=did:plc:igtsni2tw5zwdfikdc45ia6w part=1312 records=4 next_cursor=set
2026-02-19T09:41:15Z INFO bsky_collector_v2.job.index_feed_generators: indexed repo=did:plc:ll22tso2z2cngwbyd4nxbuw7 part=1313 records=2 next_cursor=set
2026-02-19T09:41:22Z INFO bsky_collector_v2.job.index_feed_generators: indexed repo=did:plc:numlnye3zoonhbttkquaapbc part=1314 records=8 next_cursor=set
2026-02-19T09:42:00Z INFO bsky_collector_v2.job.index_feed_generators: enqueued repos page=5 mode=listRepos inserted=500 repos_returned=500 next_cursor=set
2026-02-19T09:42:38Z INFO bsky_collector_v2.job.index_feed_generators: indexed repo=did:plc:gnfvccjjjpcbz6mr5e5q3jbc part=1315 records=1 next_cursor=set
2026-02-19T09:42:58Z INFO bsky_collector_v2.job.index_feed_generators: indexed repo=did:plc:o2owxktldtrmtiq56j37arkj part=1316 records=4 next_cursor=set
2026-02-19T09:43:18Z INFO bsky_collector_v2.job.index_feed_generators: indexed repo=did:plc:uqigskfjez66elypcff35fuj part=1317 records=1 next_cursor=set
2026-02-19T09:43:33Z INFO bsky_collector_v2.job.index_feed_generators: enqueued repos page=6 mode=listRepos inserted=500 repos_returned=500 next_cursor=set
2026-02-19T09:43:45Z INFO bsky_collector_v2.job.index_feed_generators: indexed repo=did:plc:6hxbtm47mzaffgsjmn5vue5n part=1318 records=1 next_cursor=set
2026-02-19T09:43:49Z INFO bsky_collector_v2.job.index_feed_generators: indexed repo=did:plc:a47kymwfjxbsc3s73vg7r2xr part=1319 records=1 next_cursor=set
2026-02-19T09:45:04Z INFO bsky_collector_v2.job.index_feed_generators: enqueued repos page=7 mode=listRepos inserted=500 repos_returned=500 next_cursor=set
2026-02-19T09:45:42Z INFO bsky_collector_v2.job.index_feed_generators: indexed repo=did:plc:h6xaf4tattsnrhagyc4dd57t part=1320 records=1 next_cursor=set
2026-02-19T09:45:45Z INFO bsky_collector_v2.job.index_feed_generators: indexed repo=did:plc:i4vwplv7tmt63nwpicyfnvtb part=1321 records=1 next_cursor=set
2026-02-19T09:46:35Z INFO bsky_collector_v2.job.index_feed_generators: enqueued repos page=8 mode=listRepos inserted=500 repos_returned=500 next_cursor=set
2026-02-19T09:46:36Z WARNING bsky_collector_v2.job.index_feed_generators: listRecords failed repo=did:plc:2osm6ol3lmsq3lbrhiyjfpu7 err=HttpError('InvalidRequest: Could not find repo: did:plc:2osm6ol3lmsq3lbrhiyjfpu7')
2026-02-19T09:47:24Z INFO bsky_collector_v2.job.index_feed_generators: indexed repo=did:plc:lwqr5xxbqtcwsbmke66yvotb part=1322 records=1 next_cursor=set
2026-02-19T09:47:27Z INFO bsky_collector_v2.job.index_feed_generators: indexed repo=did:plc:mtximgt6sdbyjnahvel2bkmg part=1323 records=4 next_cursor=set
2026-02-19T09:47:53Z INFO bsky_collector_v2.job.index_feed_generators: indexed repo=did:plc:wsspocrkcyvnoqjs2i4apjyz part=1324 records=1 next_cursor=set
2026-02-19T09:47:59Z INFO bsky_collector_v2.job.index_feed_generators: indexed repo=did:plc:yjbvojjx73uwd75lho3c4p3z part=1325 records=1 next_cursor=set
2026-02-19T09:48:04Z WARNING bsky_collector_v2.job.index_feed_generators: listRecords failed repo=did:plc:2osm6ol3lmsq3lbrhiyjfpu7 err=HttpError('InvalidRequest: Could not find repo: did:plc:2osm6ol3lmsq3lbrhiyjfpu7')
2026-02-19T09:48:04Z WARNING bsky_collector_v2.job.index_feed_generators: listRecords failed repo=did:plc:2osm6ol3lmsq3lbrhiyjfpu7 err=HttpError('InvalidRequest: Could not find repo: did:plc:2osm6ol3lmsq3lbrhiyjfpu7')
2026-02-19T09:48:05Z INFO bsky_collector_v2.job.index_feed_generators: enqueued repos page=9 mode=listRepos inserted=500 repos_returned=500 next_cursor=set
2026-02-19T09:48:27Z INFO bsky_collector_v2.job.index_feed_generators: indexed repo=did:plc:bxdvewr3t65kcplpvnwmftkb part=1326 records=1 next_cursor=set
2026-02-19T09:48:39Z INFO bsky_collector_v2.job.index_feed_generators: indexed repo=did:plc:gmq766wpq65fkh6h4kjsgtya part=1327 records=1 next_cursor=set
2026-02-19T09:48:53Z INFO bsky_collector_v2.job.index_feed_generators: indexed repo=did:plc:krq3l4247x2bway4q7rgfk22 part=1328 records=1 next_cursor=set
2026-02-19T09:48:56Z INFO bsky_collector_v2.job.index_feed_generators: indexed repo=did:plc:ldou5h62aahl7iknvy454wqx part=1329 records=1 next_cursor=set
2026-02-19T09:49:04Z INFO bsky_collector_v2.job.index_feed_generators: indexed repo=did:plc:nw3basawqd2wy7iy7kotv6fv part=1330 records=1 next_cursor=set
2026-02-19T09:49:41Z INFO bsky_collector_v2.job.index_feed_generators: enqueued repos page=10 mode=listRepos inserted=500 repos_returned=500 next_cursor=set
2026-02-19T09:49:55Z INFO bsky_collector_v2.job.index_feed_generators: indexed repo=did:plc:74vtqqjmfffuar5zu5tzhzf3 part=1331 records=2 next_cursor=set
2026-02-19T09:50:29Z INFO bsky_collector_v2.job.index_feed_generators: indexed repo=did:plc:lbqzm7pu6h3prvsm4dzakiem part=1332 records=1 next_cursor=set
2026-02-19T09:50:39Z INFO bsky_collector_v2.job.index_feed_generators: indexed repo=did:plc:ps74o3ew77ybyoct5qyklwxn part=1333 records=1 next_cursor=set
2026-02-19T09:50:48Z INFO bsky_collector_v2.job.index_feed_generators: indexed repo=did:plc:ti4cqdsd3ygaf2v3uszvwx3z part=1334 records=1 next_cursor=set
2026-02-19T09:51:12Z INFO bsky_collector_v2.job.index_feed_generators: enqueued repos page=11 mode=listRepos inserted=500 repos_returned=500 next_cursor=set
2026-02-19T09:51:20Z INFO bsky_collector_v2.job.index_feed_generators: indexed repo=did:plc:4k5zur35bg3ktitms757mx6p part=1335 records=1 next_cursor=set
2026-02-19T09:51:50Z WARNING bsky_collector_v2.job.index_feed_generators: listRecords failed repo=did:plc:ehduiv54pv7edvoiz4wb35rb err=HttpError('InvalidRequest: Could not find repo: did:plc:ehduiv54pv7edvoiz4wb35rb')
2026-02-19T09:51:52Z WARNING bsky_collector_v2.job.index_feed_generators: listRecords failed repo=did:plc:f2cunug3jmuk6ppox4mirp2b err=HttpError('InvalidRequest: Could not find repo: did:plc:f2cunug3jmuk6ppox4mirp2b')
2026-02-19T09:51:57Z INFO bsky_collector_v2.job.index_feed_generators: indexed repo=did:plc:gpuoi7tjqlo4wht3gut3jei6 part=1336 records=5 next_cursor=set
2026-02-19T09:52:51Z WARNING bsky_collector_v2.job.index_feed_generators: listRecords failed repo=did:plc:ehduiv54pv7edvoiz4wb35rb err=HttpError('InvalidRequest: Could not find repo: did:plc:ehduiv54pv7edvoiz4wb35rb')
2026-02-19T09:52:51Z WARNING bsky_collector_v2.job.index_feed_generators: listRecords failed repo=did:plc:f2cunug3jmuk6ppox4mirp2b err=HttpError('InvalidRequest: Could not find repo: did:plc:f2cunug3jmuk6ppox4mirp2b')
2026-02-19T09:52:51Z WARNING bsky_collector_v2.job.index_feed_generators: listRecords failed repo=did:plc:ehduiv54pv7edvoiz4wb35rb err=HttpError('InvalidRequest: Could not find repo: did:plc:ehduiv54pv7edvoiz4wb35rb')
2026-02-19T09:52:52Z WARNING bsky_collector_v2.job.index_feed_generators: listRecords failed repo=did:plc:f2cunug3jmuk6ppox4mirp2b err=HttpError('InvalidRequest: Could not find repo: did:plc:f2cunug3jmuk6ppox4mirp2b')
2026-02-19T09:52:52Z INFO bsky_collector_v2.job.index_feed_generators: enqueued repos page=12 mode=listRepos inserted=500 repos_returned=500 next_cursor=set
2026-02-19T09:52:53Z INFO bsky_collector_v2.job.index_feed_generators: indexed repo=did:plc:24atmhsxslaeuvf2gcmv7fh3 part=1337 records=5 next_cursor=set
2026-02-19T09:53:30Z INFO bsky_collector_v2.job.index_feed_generators: indexed repo=did:plc:i2geuyynct2ndgchyqpymhpk part=1338 records=1 next_cursor=set
2026-02-19T09:53:45Z INFO bsky_collector_v2.job.index_feed_generators: indexed repo=did:plc:lteco2w5w7zipxd7ftfp2c2m part=1339 records=2 next_cursor=set
2026-02-19T09:53:51Z INFO bsky_collector_v2.job.index_feed_generators: indexed repo=did:plc:mqhea2xnoodld4xqmrzngih6 part=1340 records=1 next_cursor=set
2026-02-19T09:54:28Z INFO bsky_collector_v2.job.index_feed_generators: indexed repo=did:plc:z5awqdicm7uyyp4vm3c22oly part=1341 records=1 next_cursor=set
2026-02-19T09:54:32Z INFO bsky_collector_v2.job.index_feed_generators: enqueued repos page=13 mode=listRepos inserted=500 repos_returned=500 next_cursor=set
2026-02-19T09:55:09Z INFO bsky_collector_v2.job.index_feed_generators: indexed repo=did:plc:ewnokaekbdinfgmm3ladewxe part=1342 records=7 next_cursor=set
2026-02-19T09:55:11Z WARNING bsky_collector_v2.job.index_feed_generators: listRecords failed repo=did:plc:farjw2adhus6uaqdptvvgyv6 err=HttpError('InvalidRequest: Could not find repo: did:plc:farjw2adhus6uaqdptvvgyv6')
2026-02-19T09:55:35Z INFO bsky_collector_v2.job.index_feed_generators: indexed repo=did:plc:n5ge6wik7mt4tsi2izcnp7rs part=1343 records=1 next_cursor=set
2026-02-19T09:55:42Z INFO bsky_collector_v2.job.index_feed_generators: indexed repo=did:plc:qf2cbb4pstmbrutl2zqsn4k4 part=1344 records=2 next_cursor=set
2026-02-19T09:56:09Z INFO bsky_collector_v2.job.index_feed_generators: indexed repo=did:plc:ymtnvdv6xicjipdc4dqprusn part=1345 records=1 next_cursor=set
2026-02-19T09:56:15Z WARNING bsky_collector_v2.job.index_feed_generators: listRecords failed repo=did:plc:farjw2adhus6uaqdptvvgyv6 err=HttpError('InvalidRequest: Could not find repo: did:plc:farjw2adhus6uaqdptvvgyv6')
2026-02-19T09:56:16Z WARNING bsky_collector_v2.job.index_feed_generators: listRecords failed repo=did:plc:farjw2adhus6uaqdptvvgyv6 err=HttpError('InvalidRequest: Could not find repo: did:plc:farjw2adhus6uaqdptvvgyv6')
2026-02-19T09:56:16Z INFO bsky_collector_v2.job.index_feed_generators: enqueued repos page=14 mode=listRepos inserted=500 repos_returned=500 next_cursor=set
2026-02-19T09:56:55Z WARNING bsky_collector_v2.job.index_feed_generators: listRecords failed repo=did:plc:ceqk47fmryxtcxhl3pbzvr63 err=HttpError('InvalidRequest: Could not find repo: did:plc:ceqk47fmryxtcxhl3pbzvr63')
2026-02-19T09:57:06Z WARNING bsky_collector_v2.job.index_feed_generators: listRecords failed repo=did:plc:gzyhlyw2zd3snxw4fx6hpm2f err=HttpError('InvalidRequest: Could not find repo: did:plc:gzyhlyw2zd3snxw4fx6hpm2f')
2026-02-19T09:57:57Z WARNING bsky_collector_v2.job.index_feed_generators: listRecords failed repo=did:plc:ceqk47fmryxtcxhl3pbzvr63 err=HttpError('InvalidRequest: Could not find repo: did:plc:ceqk47fmryxtcxhl3pbzvr63')
2026-02-19T09:57:57Z WARNING bsky_collector_v2.job.index_feed_generators: listRecords failed repo=did:plc:gzyhlyw2zd3snxw4fx6hpm2f err=HttpError('InvalidRequest: Could not find repo: did:plc:gzyhlyw2zd3snxw4fx6hpm2f')
2026-02-19T09:57:57Z WARNING bsky_collector_v2.job.index_feed_generators: listRecords failed repo=did:plc:ceqk47fmryxtcxhl3pbzvr63 err=HttpError('InvalidRequest: Could not find repo: did:plc:ceqk47fmryxtcxhl3pbzvr63')
2026-02-19T09:57:57Z WARNING bsky_collector_v2.job.index_feed_generators: listRecords failed repo=did:plc:gzyhlyw2zd3snxw4fx6hpm2f err=HttpError('InvalidRequest: Could not find repo: did:plc:gzyhlyw2zd3snxw4fx6hpm2f')
2026-02-19T09:57:57Z INFO bsky_collector_v2.job.index_feed_generators: enqueued repos page=15 mode=listRepos inserted=500 repos_returned=500 next_cursor=set
2026-02-19T09:57:58Z INFO bsky_collector_v2.job.index_feed_generators: indexed repo=did:plc:275zr4b7jsxqpexrrzva63dy part=1346 records=1 next_cursor=set
2026-02-19T09:58:15Z INFO bsky_collector_v2.job.index_feed_generators: indexed repo=did:plc:ae6dxnisajc5c7jivwivmewr part=1347 records=15 next_cursor=set
2026-02-19T09:58:38Z INFO bsky_collector_v2.job.index_feed_generators: indexed repo=did:plc:eonr3emudksegsrps5xxfubs part=1348 records=1 next_cursor=set
2026-02-19T09:59:00Z INFO bsky_collector_v2.job.index_feed_generators: indexed repo=did:plc:lyyedrni7j5j7gg7rzdxuuk5 part=1349 records=2 next_cursor=set
2026-02-19T09:59:18Z INFO bsky_collector_v2.job.index_feed_generators: indexed repo=did:plc:sx7xz6zf6y2ivhztpkhrq6wo part=1350 records=1 next_cursor=set
2026-02-19T09:59:41Z INFO bsky_collector_v2.job.index_feed_generators: enqueued repos page=16 mode=listRepos inserted=500 repos_returned=500 next_cursor=set
2026-02-19T10:00:09Z WARNING bsky_collector_v2.job.index_feed_generators: listRecords failed repo=did:plc:a757r7ggmmzuohpcxut4gqp3 err=HttpError('InvalidRequest: Could not find repo: did:plc:a757r7ggmmzuohpcxut4gqp3')
2026-02-19T10:00:12Z INFO bsky_collector_v2.job.index_feed_generators: indexed repo=did:plc:bgoylnd4x23s42spo3jyowah part=1351 records=1 next_cursor=set
2026-02-19T10:00:20Z INFO bsky_collector_v2.job.index_feed_generators: indexed repo=did:plc:dfzuaav2clpv2g2fr6jlmtm2 part=1352 records=1 next_cursor=set
2026-02-19T10:00:31Z INFO bsky_collector_v2.job.index_feed_generators: indexed repo=did:plc:gm3hjda4kbl4wnaas6saxdv3 part=1353 records=4 next_cursor=set
2026-02-19T10:01:19Z WARNING bsky_collector_v2.job.index_feed_generators: listRecords failed repo=did:plc:a757r7ggmmzuohpcxut4gqp3 err=HttpError('InvalidRequest: Could not find repo: did:plc:a757r7ggmmzuohpcxut4gqp3')
2026-02-19T10:01:20Z WARNING bsky_collector_v2.job.index_feed_generators: listRecords failed repo=did:plc:a757r7ggmmzuohpcxut4gqp3 err=HttpError('InvalidRequest: Could not find repo: did:plc:a757r7ggmmzuohpcxut4gqp3')
2026-02-19T10:01:20Z INFO bsky_collector_v2.job.index_feed_generators: enqueued repos page=17 mode=listRepos inserted=500 repos_returned=500 next_cursor=set
2026-02-19T10:01:49Z INFO bsky_collector_v2.job.index_feed_generators: indexed repo=did:plc:ekhni4dgehe3ug4suenkrhsr part=1354 records=1 next_cursor=set
2026-02-19T10:01:51Z INFO bsky_collector_v2.job.index_feed_generators: indexed repo=did:plc:ezeoqh67rljmyjre6ha7v6qh part=1355 records=1 next_cursor=set
2026-02-19T10:02:11Z INFO bsky_collector_v2.job.index_feed_generators: indexed repo=did:plc:mv4kzikjqhnkxsyf4zznbgij part=1356 records=1 next_cursor=set
2026-02-19T10:02:33Z INFO bsky_collector_v2.job.index_feed_generators: indexed repo=did:plc:raagj6izo23aiyox2n47ii23 part=1357 records=3 next_cursor=set
2026-02-19T10:02:50Z WARNING bsky_collector_v2.job.index_feed_generators: listRecords failed repo=did:plc:x7yzqlku44oxny5rr4dlkx3p err=HttpError('InvalidRequest: Could not find repo: did:plc:x7yzqlku44oxny5rr4dlkx3p')
2026-02-19T10:03:00Z WARNING bsky_collector_v2.job.index_feed_generators: listRecords failed repo=did:plc:x7yzqlku44oxny5rr4dlkx3p err=HttpError('InvalidRequest: Could not find repo: did:plc:x7yzqlku44oxny5rr4dlkx3p')
2026-02-19T10:03:00Z WARNING bsky_collector_v2.job.index_feed_generators: listRecords failed repo=did:plc:x7yzqlku44oxny5rr4dlkx3p err=HttpError('InvalidRequest: Could not find repo: did:plc:x7yzqlku44oxny5rr4dlkx3p')
2026-02-19T10:03:01Z INFO bsky_collector_v2.job.index_feed_generators: enqueued repos page=18 mode=listRepos inserted=500 repos_returned=500 next_cursor=set
2026-02-19T10:03:18Z INFO bsky_collector_v2.job.index_feed_generators: indexed repo=did:plc:6yhbd4cszb7tjtq563qwv7qg part=1358 records=1 next_cursor=set
2026-02-19T10:04:00Z INFO bsky_collector_v2.job.index_feed_generators: indexed repo=did:plc:jumz4hzdbwtny4zrvcfe6qk7 part=1359 records=1 next_cursor=set
2026-02-19T10:04:05Z INFO bsky_collector_v2.job.index_feed_generators: indexed repo=did:plc:knpxfgzm4aacuncpvfp3papy part=1360 records=6 next_cursor=set
2026-02-19T10:04:33Z INFO bsky_collector_v2.job.index_feed_generators: indexed repo=did:plc:w26dnoym52ygretnrqqpfd2m part=1361 records=2 next_cursor=set
2026-02-19T10:04:34Z INFO bsky_collector_v2.job.index_feed_generators: indexed repo=did:plc:wpbq5klts4c252ua72iaeuyd part=1362 records=3 next_cursor=set
2026-02-19T10:04:44Z INFO bsky_collector_v2.job.index_feed_generators: enqueued repos page=19 mode=listRepos inserted=500 repos_returned=500 next_cursor=set
2026-02-19T10:04:49Z INFO bsky_collector_v2.job.index_feed_generators: indexed repo=did:plc:4bow56tlrvrfd4h47jq24y3h part=1363 records=2 next_cursor=set
2026-02-19T10:04:55Z INFO bsky_collector_v2.job.index_feed_generators: indexed repo=did:plc:7jmdpojywevzrypujue67mmi part=1364 records=1 next_cursor=set
2026-02-19T10:05:17Z INFO bsky_collector_v2.job.index_feed_generators: indexed repo=did:plc:hr4us34alc4p6ivela3qrxvc part=1365 records=1 next_cursor=set
2026-02-19T10:05:49Z INFO bsky_collector_v2.job.index_feed_generators: indexed repo=did:plc:sxxnhzipsapdm5inx44fr322 part=1366 records=1 next_cursor=set
2026-02-19T10:06:06Z INFO bsky_collector_v2.job.index_feed_generators: enqueued repos page=20 mode=listRepos inserted=500 repos_returned=500 next_cursor=set
2026-02-19T10:06:11Z INFO bsky_collector_v2.job.index_feed_generators: indexed repo=did:plc:3qxxsz7zmwfngcfdmhki2o2e part=1367 records=3 next_cursor=set
2026-02-19T10:06:24Z INFO bsky_collector_v2.job.index_feed_generators: indexed repo=did:plc:ag4xlya45uqotioqahftyeqp part=1368 records=1 next_cursor=set
2026-02-19T10:06:41Z INFO bsky_collector_v2.job.index_feed_generators: indexed repo=did:plc:fo6u7coibvqqomozbbutmrkr part=1369 records=1 next_cursor=set
2026-02-19T10:06:46Z INFO bsky_collector_v2.job.index_feed_generators: indexed repo=did:plc:h2v6k5edy5wwv3lor6ou6rjq part=1370 records=1 next_cursor=set
2026-02-19T10:06:53Z INFO bsky_collector_v2.job.index_feed_generators: indexed repo=did:plc:kxe3px4b6nn5cfqv42sbie3g part=1371 records=1 next_cursor=set
2026-02-19T10:07:11Z INFO bsky_collector_v2.job.index_feed_generators: indexed repo=did:plc:roafnl7x6cc7isxqwwjncjkt part=1372 records=1 next_cursor=set
2026-02-19T10:07:14Z INFO bsky_collector_v2.job.index_feed_generators: indexed repo=did:plc:spfqlfopl6zo43gmcerbubhh part=1373 records=6 next_cursor=set
2026-02-19T10:07:30Z INFO bsky_collector_v2.job.index_feed_generators: indexed repo=did:plc:xxnpg5oqo2oszfw2v5u2kta2 part=1374 records=2 next_cursor=set
2026-02-19T10:07:42Z INFO bsky_collector_v2.job.index_feed_generators: enqueued repos page=21 mode=listRepos inserted=500 repos_returned=500 next_cursor=set
2026-02-19T10:08:10Z INFO bsky_collector_v2.job.index_feed_generators: indexed repo=did:plc:eng7yp4zxxzpf6dbfnjmxn2q part=1375 records=1 next_cursor=set
2026-02-19T10:08:28Z INFO bsky_collector_v2.job.index_feed_generators: indexed repo=did:plc:jmcvc3wrtryo3nyk7l6qta57 part=1376 records=2 next_cursor=set
2026-02-19T10:08:42Z INFO bsky_collector_v2.job.index_feed_generators: indexed repo=did:plc:ppjupjvevvyfucx7mxhzx27c part=1377 records=1 next_cursor=set
2026-02-19T10:09:07Z INFO bsky_collector_v2.job.index_feed_generators: enqueued repos page=22 mode=listRepos inserted=500 repos_returned=500 next_cursor=set
2026-02-19T10:09:10Z INFO bsky_collector_v2.job.index_feed_generators: indexed repo=did:plc:3gqsrj3fjhixuciasttocre2 part=1378 records=2 next_cursor=set
2026-02-19T10:09:25Z INFO bsky_collector_v2.job.index_feed_generators: indexed repo=did:plc:ap5xr7flegyuopl2phhikaib part=1379 records=3 next_cursor=set
2026-02-19T10:09:31Z INFO bsky_collector_v2.job.index_feed_generators: indexed repo=did:plc:deg3d5wm3fn5txjwglnwplth part=1380 records=1 next_cursor=set
2026-02-19T10:09:52Z INFO bsky_collector_v2.job.index_feed_generators: indexed repo=did:plc:kwzkw37igne5me2a3x5oszkw part=1381 records=1 next_cursor=set
2026-02-19T10:10:00Z INFO bsky_collector_v2.job.index_feed_generators: indexed repo=did:plc:nxulcmpzherem2jvxvbmecmk part=1382 records=2 next_cursor=set
2026-02-19T10:10:33Z INFO bsky_collector_v2.job.index_feed_generators: enqueued repos page=23 mode=listRepos inserted=500 repos_returned=500 next_cursor=set
2026-02-19T10:10:51Z INFO bsky_collector_v2.job.index_feed_generators: indexed repo=did:plc:a75h6f3jkx4at33leyoqnpmz part=1383 records=1 next_cursor=set
2026-02-19T10:11:10Z INFO bsky_collector_v2.job.index_feed_generators: indexed repo=did:plc:g5qadbr42ljt3f2drk7lbua5 part=1384 records=1 next_cursor=set
2026-02-19T10:11:14Z INFO bsky_collector_v2.job.index_feed_generators: indexed repo=did:plc:ialteohkhb25bg36b4exxxl5 part=1385 records=4 next_cursor=set
2026-02-19T10:11:40Z INFO bsky_collector_v2.job.index_feed_generators: indexed repo=did:plc:r5hwxyrtzsiwfrum3jztgoea part=1386 records=1 next_cursor=set
2026-02-19T10:12:07Z INFO bsky_collector_v2.job.index_feed_generators: enqueued repos page=24 mode=listRepos inserted=500 repos_returned=500 next_cursor=set
2026-02-19T10:12:08Z INFO bsky_collector_v2.job.index_feed_generators: indexed repo=did:plc:2s4wmoiaf3lo6h6375rau5ft part=1387 records=2 next_cursor=set
2026-02-19T10:12:24Z INFO bsky_collector_v2.job.index_feed_generators: indexed repo=did:plc:axweqkdu5anbebdsdeh4tbxc part=1388 records=1 next_cursor=set
2026-02-19T10:13:29Z INFO bsky_collector_v2.job.index_feed_generators: indexed repo=did:plc:xvmsm6msb4f22fkfvn7q2it2 part=1389 records=1 next_cursor=set
2026-02-19T10:13:30Z INFO bsky_collector_v2.job.index_feed_generators: indexed repo=did:plc:xxrj27vn662p7s7kfq5zsxsp part=1390 records=3 next_cursor=set
2026-02-19T10:13:37Z INFO bsky_collector_v2.job.index_feed_generators: enqueued repos page=25 mode=listRepos inserted=500 repos_returned=500 next_cursor=set
2026-02-19T10:14:24Z INFO bsky_collector_v2.job.index_feed_generators: indexed repo=did:plc:jrn6avuqot4k3isqyixwb5l2 part=1391 records=2 next_cursor=set
2026-02-19T10:15:15Z INFO bsky_collector_v2.job.index_feed_generators: indexed repo=did:plc:yy3ln7m5fnpfupbgpny5k4ga part=1392 records=10 next_cursor=set
2026-02-19T10:15:20Z INFO bsky_collector_v2.job.index_feed_generators: enqueued repos page=26 mode=listRepos inserted=500 repos_returned=500 next_cursor=set
2026-02-19T10:15:22Z INFO bsky_collector_v2.job.index_feed_generators: indexed repo=did:plc:2lgpw6jjg6da5hcrfptrpoy2 part=1393 records=3 next_cursor=set
2026-02-19T10:15:33Z WARNING bsky_collector_v2.job.index_feed_generators: listRecords failed repo=did:plc:6wph7be73vc73ovr7uaa33cv err=HttpError('InvalidRequest: Could not find repo: did:plc:6wph7be73vc73ovr7uaa33cv')
2026-02-19T10:15:48Z INFO bsky_collector_v2.job.index_feed_generators: indexed repo=did:plc:fjm6ixi4xke6adgddxwyodmm part=1394 records=1 next_cursor=set
2026-02-19T10:15:51Z INFO bsky_collector_v2.job.index_feed_generators: indexed repo=did:plc:goj2csm6raymryl4txo4ny5z part=1395 records=4 next_cursor=set
2026-02-19T10:16:31Z INFO bsky_collector_v2.job.index_feed_generators: indexed repo=did:plc:urhl67mp6omfpxuhgqddros6 part=1396 records=7 next_cursor=set
2026-02-19T10:16:41Z WARNING bsky_collector_v2.job.index_feed_generators: listRecords failed repo=did:plc:xxdcu7zzbkxlbdpzliwclyjg err=HttpError('InvalidRequest: Could not find repo: did:plc:xxdcu7zzbkxlbdpzliwclyjg')
2026-02-19T10:16:46Z INFO bsky_collector_v2.job.index_feed_generators: indexed repo=did:plc:zfkh3r435jzoab5pcupvbjzp part=1397 records=1 next_cursor=set
2026-02-19T10:16:48Z WARNING bsky_collector_v2.job.index_feed_generators: listRecords failed repo=did:plc:6wph7be73vc73ovr7uaa33cv err=HttpError('InvalidRequest: Could not find repo: did:plc:6wph7be73vc73ovr7uaa33cv')
2026-02-19T10:16:48Z WARNING bsky_collector_v2.job.index_feed_generators: listRecords failed repo=did:plc:xxdcu7zzbkxlbdpzliwclyjg err=HttpError('InvalidRequest: Could not find repo: did:plc:xxdcu7zzbkxlbdpzliwclyjg')
2026-02-19T10:16:49Z WARNING bsky_collector_v2.job.index_feed_generators: listRecords failed repo=did:plc:6wph7be73vc73ovr7uaa33cv err=HttpError('InvalidRequest: Could not find repo: did:plc:6wph7be73vc73ovr7uaa33cv')
2026-02-19T10:16:49Z WARNING bsky_collector_v2.job.index_feed_generators: listRecords failed repo=did:plc:xxdcu7zzbkxlbdpzliwclyjg err=HttpError('InvalidRequest: Could not find repo: did:plc:xxdcu7zzbkxlbdpzliwclyjg')
2026-02-19T10:16:50Z INFO bsky_collector_v2.job.index_feed_generators: enqueued repos page=27 mode=listRepos inserted=500 repos_returned=500 next_cursor=set
2026-02-19T10:16:53Z INFO bsky_collector_v2.job.index_feed_generators: indexed repo=did:plc:2uza6rcheg3vpvszuukut6xb part=1398 records=2 next_cursor=set
2026-02-19T10:17:54Z INFO bsky_collector_v2.job.index_feed_generators: indexed repo=did:plc:qusjq6vcaxmv3zas3yck42h2 part=1399 records=1 next_cursor=set
2026-02-19T10:18:21Z INFO bsky_collector_v2.job.index_feed_generators: enqueued repos page=28 mode=listRepos inserted=500 repos_returned=500 next_cursor=set
2026-02-19T10:18:33Z INFO bsky_collector_v2.job.index_feed_generators: indexed repo=did:plc:7l6x6hksom6pzpupk7pa7mo5 part=1400 records=2 next_cursor=set
2026-02-19T10:18:35Z INFO bsky_collector_v2.job.index_feed_generators: indexed repo=did:plc:aec3yaxvr5seqcvrrrxmegmi part=1401 records=4 next_cursor=set
2026-02-19T10:18:49Z INFO bsky_collector_v2.job.index_feed_generators: indexed repo=did:plc:eqyrksxsclbk64rb6oyazo3n part=1402 records=1 next_cursor=set
2026-02-19T10:19:07Z WARNING bsky_collector_v2.job.index_feed_generators: listRecords failed repo=did:plc:kmgwnmfdbfojpv3qgzut4k6x err=HttpError('InvalidRequest: Could not find repo: did:plc:kmgwnmfdbfojpv3qgzut4k6x')
2026-02-19T10:19:13Z WARNING bsky_collector_v2.job.index_feed_generators: listRecords failed repo=did:plc:msahvbm6msndokkmx3vboxgk err=HttpError('InvalidRequest: Could not find repo: did:plc:msahvbm6msndokkmx3vboxgk')
2026-02-19T10:19:14Z INFO bsky_collector_v2.job.index_feed_generators: indexed repo=did:plc:nmsp3n6d5odujg2cyqqhhzbd part=1403 records=8 next_cursor=set
2026-02-19T10:19:33Z INFO bsky_collector_v2.job.index_feed_generators: indexed repo=did:plc:udgad3r4t6z2hbzou5eprtuf part=1404 records=1 next_cursor=set
2026-02-19T10:19:36Z INFO bsky_collector_v2.job.index_feed_generators: indexed repo=did:plc:vj54op7mobr3edx24yn6uax4 part=1405 records=1 next_cursor=set
2026-02-19T10:19:38Z INFO bsky_collector_v2.job.index_feed_generators: indexed repo=did:plc:wc3ekslr652itstvrahqg4oe part=1406 records=1 next_cursor=set
2026-02-19T10:19:39Z INFO bsky_collector_v2.job.index_feed_generators: indexed repo=did:plc:wkczegymgigqlal6usprdihm part=1407 records=3 next_cursor=set
2026-02-19T10:19:43Z INFO bsky_collector_v2.job.index_feed_generators: indexed repo=did:plc:xyctt7gfnop3vyaw345ddfda part=1408 records=1 next_cursor=set
2026-02-19T10:19:48Z INFO bsky_collector_v2.job.index_feed_generators: indexed repo=did:plc:zyxhrmip5osunsx7ecfnifws part=1409 records=1 next_cursor=set
2026-02-19T10:19:49Z WARNING bsky_collector_v2.job.index_feed_generators: listRecords failed repo=did:plc:kmgwnmfdbfojpv3qgzut4k6x err=HttpError('InvalidRequest: Could not find repo: did:plc:kmgwnmfdbfojpv3qgzut4k6x')
2026-02-19T10:19:49Z WARNING bsky_collector_v2.job.index_feed_generators: listRecords failed repo=did:plc:msahvbm6msndokkmx3vboxgk err=HttpError('InvalidRequest: Could not find repo: did:plc:msahvbm6msndokkmx3vboxgk')
2026-02-19T10:19:50Z WARNING bsky_collector_v2.job.index_feed_generators: listRecords failed repo=did:plc:kmgwnmfdbfojpv3qgzut4k6x err=HttpError('InvalidRequest: Could not find repo: did:plc:kmgwnmfdbfojpv3qgzut4k6x')
2026-02-19T10:19:50Z WARNING bsky_collector_v2.job.index_feed_generators: listRecords failed repo=did:plc:msahvbm6msndokkmx3vboxgk err=HttpError('InvalidRequest: Could not find repo: did:plc:msahvbm6msndokkmx3vboxgk')
2026-02-19T10:19:51Z INFO bsky_collector_v2.job.index_feed_generators: enqueued repos page=29 mode=listRepos inserted=500 repos_returned=500 next_cursor=set
2026-02-19T10:19:54Z INFO bsky_collector_v2.job.index_feed_generators: indexed repo=did:plc:2vukqbd4b5shi7rp4r6beqrd part=1410 records=2 next_cursor=set
2026-02-19T10:20:08Z INFO bsky_collector_v2.job.index_feed_generators: indexed repo=did:plc:7lwm5p3nob2fov4hr3kfmcpd part=1411 records=1 next_cursor=set
2026-02-19T10:20:11Z INFO bsky_collector_v2.job.index_feed_generators: indexed repo=did:plc:agh75mey4jerjdphenw5kbr3 part=1412 records=2 next_cursor=set
2026-02-19T10:20:46Z INFO bsky_collector_v2.job.index_feed_generators: indexed repo=did:plc:iu6kjvi5arhtvmovnoawyidl part=1413 records=1 next_cursor=set
2026-02-19T10:21:09Z INFO bsky_collector_v2.job.index_feed_generators: indexed repo=did:plc:pgdvokqnepykvkvtbuym4bt4 part=1414 records=2 next_cursor=set
2026-02-19T10:21:28Z INFO bsky_collector_v2.job.index_feed_generators: indexed repo=did:plc:wtq64gyztg5bbikk26mjuw2o part=1415 records=1 next_cursor=set
2026-02-19T10:21:38Z INFO bsky_collector_v2.job.index_feed_generators: enqueued repos page=30 mode=listRepos inserted=500 repos_returned=500 next_cursor=set
2026-02-19T10:22:02Z WARNING bsky_collector_v2.job.index_feed_generators: listRecords failed repo=did:plc:bgwmiizvsqjt6hbsqxdxumsn err=HttpError('InvalidRequest: Could not find repo: did:plc:bgwmiizvsqjt6hbsqxdxumsn')
2026-02-19T10:22:15Z INFO bsky_collector_v2.job.index_feed_generators: indexed repo=did:plc:fczmjcmyi2dpxp3pg4esepnm part=1416 records=1 next_cursor=set
2026-02-19T10:22:34Z INFO bsky_collector_v2.job.index_feed_generators: indexed repo=did:plc:m7l4b3wsq26usy3flxhjmmjn part=1417 records=1 next_cursor=set
2026-02-19T10:22:35Z INFO bsky_collector_v2.job.index_feed_generators: indexed repo=did:plc:mnyfmfrds6sahy5xh2jpl4h7 part=1418 records=1 next_cursor=set
2026-02-19T10:23:15Z WARNING bsky_collector_v2.job.index_feed_generators: listRecords failed repo=did:plc:bgwmiizvsqjt6hbsqxdxumsn err=HttpError('InvalidRequest: Could not find repo: did:plc:bgwmiizvsqjt6hbsqxdxumsn')
2026-02-19T10:23:16Z WARNING bsky_collector_v2.job.index_feed_generators: listRecords failed repo=did:plc:bgwmiizvsqjt6hbsqxdxumsn err=HttpError('InvalidRequest: Could not find repo: did:plc:bgwmiizvsqjt6hbsqxdxumsn')
2026-02-19T10:23:16Z INFO bsky_collector_v2.job.index_feed_generators: enqueued repos page=31 mode=listRepos inserted=500 repos_returned=500 next_cursor=set
2026-02-19T10:23:36Z WARNING bsky_collector_v2.job.index_feed_generators: listRecords failed repo=did:plc:bvkkbzqa3ls4m2ou2rpfzhfg err=HttpError('InvalidRequest: Could not find repo: did:plc:bvkkbzqa3ls4m2ou2rpfzhfg')
2026-02-19T10:24:18Z INFO bsky_collector_v2.job.index_feed_generators: indexed repo=did:plc:mzvqajfdw6s534wwqdnkh2h7 part=1419 records=2 next_cursor=set
2026-02-19T10:24:19Z INFO bsky_collector_v2.job.index_feed_generators: indexed repo=did:plc:nb45ciey4zcmiennmrlnn6bc part=1420 records=1 next_cursor=set
2026-02-19T10:24:41Z INFO bsky_collector_v2.job.index_feed_generators: indexed repo=did:plc:wcbjbiesa77kscchdids6m46 part=1421 records=1 next_cursor=set
2026-02-19T10:24:52Z WARNING bsky_collector_v2.job.index_feed_generators: listRecords failed repo=did:plc:bvkkbzqa3ls4m2ou2rpfzhfg err=HttpError('InvalidRequest: Could not find repo: did:plc:bvkkbzqa3ls4m2ou2rpfzhfg')
2026-02-19T10:24:53Z WARNING bsky_collector_v2.job.index_feed_generators: listRecords failed repo=did:plc:bvkkbzqa3ls4m2ou2rpfzhfg err=HttpError('InvalidRequest: Could not find repo: did:plc:bvkkbzqa3ls4m2ou2rpfzhfg')
2026-02-19T10:24:53Z INFO bsky_collector_v2.job.index_feed_generators: enqueued repos page=32 mode=listRepos inserted=500 repos_returned=500 next_cursor=set
2026-02-19T10:25:57Z WARNING bsky_collector_v2.job.index_feed_generators: listRecords failed repo=did:plc:mcig2fi5tcbc2bbch5pqtk4u err=HttpError('InvalidRequest: Could not find repo: did:plc:mcig2fi5tcbc2bbch5pqtk4u')
2026-02-19T10:25:59Z INFO bsky_collector_v2.job.index_feed_generators: indexed repo=did:plc:ml6h2ifaeelqtt2rehskn7j7 part=1422 records=1 next_cursor=set
2026-02-19T10:26:07Z INFO bsky_collector_v2.job.index_feed_generators: indexed repo=did:plc:pbqt2ymekvsmva72stmv3qcj part=1423 records=1 next_cursor=set
2026-02-19T10:26:18Z INFO bsky_collector_v2.job.index_feed_generators: indexed repo=did:plc:tpydtstrklriihckud3rw3et part=1424 records=1 next_cursor=set
2026-02-19T10:26:32Z WARNING bsky_collector_v2.job.index_feed_generators: listRecords failed repo=did:plc:mcig2fi5tcbc2bbch5pqtk4u err=HttpError('InvalidRequest: Could not find repo: did:plc:mcig2fi5tcbc2bbch5pqtk4u')
2026-02-19T10:26:33Z WARNING bsky_collector_v2.job.index_feed_generators: listRecords failed repo=did:plc:mcig2fi5tcbc2bbch5pqtk4u err=HttpError('InvalidRequest: Could not find repo: did:plc:mcig2fi5tcbc2bbch5pqtk4u')
2026-02-19T10:26:33Z INFO bsky_collector_v2.job.index_feed_generators: enqueued repos page=33 mode=listRepos inserted=500 repos_returned=500 next_cursor=set
2026-02-19T10:27:10Z INFO bsky_collector_v2.job.index_feed_generators: indexed repo=did:plc:gdtbxcz3mon4o24jfxx5vcmy part=1425 records=1 next_cursor=set
2026-02-19T10:27:20Z INFO bsky_collector_v2.job.index_feed_generators: indexed repo=did:plc:jy2gkear37au3j4rhdy5uybr part=1426 records=1 next_cursor=set
2026-02-19T10:27:51Z INFO bsky_collector_v2.job.index_feed_generators: indexed repo=did:plc:ui5pxu35p7v7uirsggtmknhr part=1427 records=2 next_cursor=set
2026-02-19T10:28:09Z INFO bsky_collector_v2.job.index_feed_generators: enqueued repos page=34 mode=listRepos inserted=500 repos_returned=500 next_cursor=set
2026-02-19T10:28:29Z WARNING bsky_collector_v2.job.index_feed_generators: listRecords failed repo=did:plc:acf5egvlg3zuf7oug6z4zu43 err=HttpError('InvalidRequest: Could not find repo: did:plc:acf5egvlg3zuf7oug6z4zu43')
2026-02-19T10:29:09Z INFO bsky_collector_v2.job.index_feed_generators: indexed repo=did:plc:oblpzuhhsvbun5i7njv2irbq part=1428 records=2 next_cursor=set
2026-02-19T10:29:23Z INFO bsky_collector_v2.job.index_feed_generators: indexed repo=did:plc:tquex5jebhrhngiufeei7qmf part=1429 records=3 next_cursor=set
2026-02-19T10:29:39Z WARNING bsky_collector_v2.job.index_feed_generators: listRecords failed repo=did:plc:acf5egvlg3zuf7oug6z4zu43 err=HttpError('InvalidRequest: Could not find repo: did:plc:acf5egvlg3zuf7oug6z4zu43')
2026-02-19T10:29:39Z WARNING bsky_collector_v2.job.index_feed_generators: listRecords failed repo=did:plc:acf5egvlg3zuf7oug6z4zu43 err=HttpError('InvalidRequest: Could not find repo: did:plc:acf5egvlg3zuf7oug6z4zu43')
2026-02-19T10:29:40Z INFO bsky_collector_v2.job.index_feed_generators: enqueued repos page=35 mode=listRepos inserted=500 repos_returned=500 next_cursor=set
