2026-02-25T02:14:05Z INFO bsky_collector_v2: out_base ok path=D:\BlueSky\data_v2_full mount=D:\
2026-02-25T02:14:05Z INFO bsky_collector_v2: job start subcommand=index-feed-generators dry_run=False resume=True
2026-02-25T02:14:06Z INFO bsky_collector_v2.job.index_feed_generators: feed generator index hosts relay_host=https://bsky.network records_host=https://bsky.social auth=yes
2026-02-25T02:14:12Z INFO bsky_collector_v2.job.index_feed_generators: indexed repo=did:plc:cckmtj5zmp4ynnhd3c22zqb6 part=120 records=2 next_cursor=set
2026-02-25T02:14:28Z INFO bsky_collector_v2.job.index_feed_generators: indexed repo=did:plc:hjob5iyoeikfx67wkptngags part=121 records=1 next_cursor=set
2026-02-25T02:14:49Z WARNING bsky_collector_v2.job.index_feed_generators: listRecords failed repo=did:plc:mqdcutszbd3jusnx6y33ak3z err=HttpError('InvalidRequest: Could not find repo: did:plc:mqdcutszbd3jusnx6y33ak3z')
2026-02-25T02:15:21Z WARNING bsky_collector_v2.job.index_feed_generators: listRecords failed repo=did:plc:x7mgmobsa3udx2wfte6nitdo err=HttpError('InvalidRequest: Could not find repo: did:plc:x7mgmobsa3udx2wfte6nitdo')
2026-02-25T02:15:31Z WARNING bsky_collector_v2.job.index_feed_generators: listRecords failed repo=did:plc:3tgymfgk45vesgzndgd7qlkm err=HttpError('InvalidRequest: Could not find repo: did:plc:3tgymfgk45vesgzndgd7qlkm')
2026-02-25T02:15:31Z WARNING bsky_collector_v2.job.index_feed_generators: listRecords failed repo=did:plc:mqdcutszbd3jusnx6y33ak3z err=HttpError('InvalidRequest: Could not find repo: did:plc:mqdcutszbd3jusnx6y33ak3z')
2026-02-25T02:15:31Z WARNING bsky_collector_v2.job.index_feed_generators: listRecords failed repo=did:plc:x7mgmobsa3udx2wfte6nitdo err=HttpError('InvalidRequest: Could not find repo: did:plc:x7mgmobsa3udx2wfte6nitdo')
2026-02-25T02:15:32Z WARNING bsky_collector_v2.job.index_feed_generators: listRecords failed repo=did:plc:3tgymfgk45vesgzndgd7qlkm err=HttpError('InvalidRequest: Could not find repo: did:plc:3tgymfgk45vesgzndgd7qlkm')
2026-02-25T02:15:32Z WARNING bsky_collector_v2.job.index_feed_generators: listRecords failed repo=did:plc:mqdcutszbd3jusnx6y33ak3z err=HttpError('InvalidRequest: Could not find repo: did:plc:mqdcutszbd3jusnx6y33ak3z')
2026-02-25T02:15:32Z WARNING bsky_collector_v2.job.index_feed_generators: listRecords failed repo=did:plc:x7mgmobsa3udx2wfte6nitdo err=HttpError('InvalidRequest: Could not find repo: did:plc:x7mgmobsa3udx2wfte6nitdo')
2026-02-25T02:15:32Z INFO bsky_collector_v2.job.index_feed_generators: enqueued repos page=1 mode=listRepos inserted=500 repos_returned=500 next_cursor=set
2026-02-25T02:15:44Z INFO bsky_collector_v2.job.index_feed_generators: indexed repo=did:plc:5dnraswmmod3kwnihgcmq7ne part=122 records=2 next_cursor=set
2026-02-25T02:16:27Z INFO bsky_collector_v2.job.index_feed_generators: indexed repo=did:plc:lbxm6b3clb2wrh4d47h7nht2 part=123 records=1 next_cursor=set
2026-02-25T02:16:33Z INFO bsky_collector_v2.job.index_feed_generators: indexed repo=did:plc:o6afok2arpkjrumclunotdvb part=124 records=1 next_cursor=set
2026-02-25T02:17:15Z INFO bsky_collector_v2.job.index_feed_generators: enqueued repos page=2 mode=listRepos inserted=500 repos_returned=500 next_cursor=set
2026-02-25T02:18:42Z INFO bsky_collector_v2.job.index_feed_generators: indexed repo=did:plc:wbo5w3ro237kxr7w2zuggpxf part=125 records=1 next_cursor=set
2026-02-25T02:18:50Z INFO bsky_collector_v2.job.index_feed_generators: indexed repo=did:plc:yry74lghshdxkogu5aizgxrm part=126 records=1 next_cursor=set
2026-02-25T02:18:50Z WARNING bsky_collector_v2.job.index_feed_generators: listRecords failed repo=did:plc:ysreympfdc7j5g2425f7quyh err=HttpError('InvalidRequest: Could not find repo: did:plc:ysreympfdc7j5g2425f7quyh')
2026-02-25T02:18:56Z WARNING bsky_collector_v2.job.index_feed_generators: listRecords failed repo=did:plc:ysreympfdc7j5g2425f7quyh err=HttpError('InvalidRequest: Could not find repo: did:plc:ysreympfdc7j5g2425f7quyh')
2026-02-25T02:18:56Z WARNING bsky_collector_v2.job.index_feed_generators: listRecords failed repo=did:plc:ysreympfdc7j5g2425f7quyh err=HttpError('InvalidRequest: Could not find repo: did:plc:ysreympfdc7j5g2425f7quyh')
2026-02-25T02:18:56Z INFO bsky_collector_v2.job.index_feed_generators: enqueued repos page=3 mode=listRepos inserted=500 repos_returned=500 next_cursor=set
2026-02-25T02:20:03Z INFO bsky_collector_v2.job.index_feed_generators: indexed repo=did:plc:l55kqnpn5jmvqo5do4hypkka part=127 records=1 next_cursor=set
2026-02-25T02:20:11Z WARNING bsky_collector_v2.job.index_feed_generators: listRecords failed repo=did:plc:nnveucsvyc5mp544b4fqrv7c err=HttpError('InvalidRequest: Could not find repo: did:plc:nnveucsvyc5mp544b4fqrv7c')
2026-02-25T02:20:48Z WARNING bsky_collector_v2.job.index_feed_generators: listRecords failed repo=did:plc:nnveucsvyc5mp544b4fqrv7c err=HttpError('InvalidRequest: Could not find repo: did:plc:nnveucsvyc5mp544b4fqrv7c')
2026-02-25T02:20:48Z WARNING bsky_collector_v2.job.index_feed_generators: listRecords failed repo=did:plc:nnveucsvyc5mp544b4fqrv7c err=HttpError('InvalidRequest: Could not find repo: did:plc:nnveucsvyc5mp544b4fqrv7c')
2026-02-25T02:20:49Z INFO bsky_collector_v2.job.index_feed_generators: enqueued repos page=4 mode=listRepos inserted=500 repos_returned=500 next_cursor=set
2026-02-25T02:21:26Z INFO bsky_collector_v2.job.index_feed_generators: indexed repo=did:plc:gz2prlpdfi3fp4kpqq5yysbi part=128 records=1 next_cursor=set
2026-02-25T02:21:28Z INFO bsky_collector_v2.job.index_feed_generators: indexed repo=did:plc:htlxwwbrrk2pg7gynqnbanmr part=129 records=1 next_cursor=set
2026-02-25T02:21:52Z INFO bsky_collector_v2.job.index_feed_generators: indexed repo=did:plc:o7nazj7y75gsjdms2x6xx5yn part=130 records=1 next_cursor=set
2026-02-25T02:22:29Z INFO bsky_collector_v2.job.index_feed_generators: enqueued repos page=5 mode=listRepos inserted=500 repos_returned=500 next_cursor=set
2026-02-25T02:22:42Z WARNING bsky_collector_v2.job.index_feed_generators: listRecords failed repo=did:plc:5kuzb4zkgv5wezebrtqvh43x err=HttpError('InvalidRequest: Could not find repo: did:plc:5kuzb4zkgv5wezebrtqvh43x')
2026-02-25T02:23:10Z INFO bsky_collector_v2.job.index_feed_generators: indexed repo=did:plc:epcxripjejyxzjbxvhu3isub part=131 records=1 next_cursor=set
2026-02-25T02:23:18Z INFO bsky_collector_v2.job.index_feed_generators: indexed repo=did:plc:h7gueruawstfgefaykvail5e part=132 records=1 next_cursor=set
2026-02-25T02:23:18Z WARNING bsky_collector_v2.job.index_feed_generators: listRecords failed repo=did:plc:ha4u2efh3ecdwxqv2jlr7avb err=HttpError('InvalidRequest: Could not find repo: did:plc:ha4u2efh3ecdwxqv2jlr7avb')
2026-02-25T02:23:38Z INFO bsky_collector_v2.job.index_feed_generators: indexed repo=did:plc:o46qec2ld3fcdnzllv4ecb6d part=133 records=1 next_cursor=set
2026-02-25T02:23:52Z INFO bsky_collector_v2.job.index_feed_generators: indexed repo=did:plc:sw4kbc4cmkfxlor4iwdkecrb part=134 records=1 next_cursor=set
2026-02-25T02:24:14Z WARNING bsky_collector_v2.job.index_feed_generators: listRecords failed repo=did:plc:5kuzb4zkgv5wezebrtqvh43x err=HttpError('InvalidRequest: Could not find repo: did:plc:5kuzb4zkgv5wezebrtqvh43x')
2026-02-25T02:24:15Z WARNING bsky_collector_v2.job.index_feed_generators: listRecords failed repo=did:plc:ha4u2efh3ecdwxqv2jlr7avb err=HttpError('InvalidRequest: Could not find repo: did:plc:ha4u2efh3ecdwxqv2jlr7avb')
2026-02-25T02:24:15Z WARNING bsky_collector_v2.job.index_feed_generators: listRecords failed repo=did:plc:5kuzb4zkgv5wezebrtqvh43x err=HttpError('InvalidRequest: Could not find repo: did:plc:5kuzb4zkgv5wezebrtqvh43x')
2026-02-25T02:24:15Z WARNING bsky_collector_v2.job.index_feed_generators: listRecords failed repo=did:plc:ha4u2efh3ecdwxqv2jlr7avb err=HttpError('InvalidRequest: Could not find repo: did:plc:ha4u2efh3ecdwxqv2jlr7avb')
2026-02-25T02:24:16Z INFO bsky_collector_v2.job.index_feed_generators: enqueued repos page=6 mode=listRepos inserted=500 repos_returned=500 next_cursor=set
2026-02-25T02:24:46Z WARNING bsky_collector_v2.job.index_feed_generators: listRecords failed repo=did:plc:e2l4r4wuoajpfqb23qp6rxwj err=HttpError('InvalidRequest: Could not find repo: did:plc:e2l4r4wuoajpfqb23qp6rxwj')
2026-02-25T02:25:51Z INFO bsky_collector_v2.job.index_feed_generators: indexed repo=did:plc:vflbqky3rhsl2bnznbh67daf part=135 records=1 next_cursor=set
2026-02-25T02:26:03Z WARNING bsky_collector_v2.job.index_feed_generators: listRecords failed repo=did:plc:e2l4r4wuoajpfqb23qp6rxwj err=HttpError('InvalidRequest: Could not find repo: did:plc:e2l4r4wuoajpfqb23qp6rxwj')
2026-02-25T02:26:05Z WARNING bsky_collector_v2.job.index_feed_generators: listRecords failed repo=did:plc:e2l4r4wuoajpfqb23qp6rxwj err=HttpError('InvalidRequest: Could not find repo: did:plc:e2l4r4wuoajpfqb23qp6rxwj')
2026-02-25T02:26:06Z INFO bsky_collector_v2.job.index_feed_generators: enqueued repos page=7 mode=listRepos inserted=500 repos_returned=500 next_cursor=set
2026-02-25T02:27:37Z WARNING bsky_collector_v2.job.index_feed_generators: listRecords failed repo=did:plc:utbffevilkizdswesda3tr4w err=HttpError('InvalidRequest: Could not find repo: did:plc:utbffevilkizdswesda3tr4w')
2026-02-25T02:27:53Z WARNING bsky_collector_v2.job.index_feed_generators: listRecords failed repo=did:plc:utbffevilkizdswesda3tr4w err=HttpError('InvalidRequest: Could not find repo: did:plc:utbffevilkizdswesda3tr4w')
2026-02-25T02:27:54Z WARNING bsky_collector_v2.job.index_feed_generators: listRecords failed repo=did:plc:utbffevilkizdswesda3tr4w err=HttpError('InvalidRequest: Could not find repo: did:plc:utbffevilkizdswesda3tr4w')
2026-02-25T02:27:54Z INFO bsky_collector_v2.job.index_feed_generators: enqueued repos page=8 mode=listRepos inserted=500 repos_returned=500 next_cursor=set
2026-02-25T02:28:45Z INFO bsky_collector_v2.job.index_feed_generators: indexed repo=did:plc:kn4gckhawjwaoolnyucg3wug part=136 records=3 next_cursor=set
2026-02-25T02:28:49Z INFO bsky_collector_v2.job.index_feed_generators: indexed repo=did:plc:l6ktm24agmduskdtd3jhkmoe part=137 records=1 next_cursor=set
2026-02-25T02:29:34Z INFO bsky_collector_v2.job.index_feed_generators: indexed repo=did:plc:ykkpj36wibldkbqjw3e67uab part=138 records=1 next_cursor=set
2026-02-25T02:29:38Z INFO bsky_collector_v2.job.index_feed_generators: enqueued repos page=9 mode=listRepos inserted=500 repos_returned=500 next_cursor=set
2026-02-25T02:30:21Z WARNING bsky_collector_v2.job.index_feed_generators: listRecords failed repo=did:plc:hijli33vwskljhzj6dcepb7y err=HttpError('InvalidRequest: Could not find repo: did:plc:hijli33vwskljhzj6dcepb7y')
2026-02-25T02:30:36Z INFO bsky_collector_v2.job.index_feed_generators: indexed repo=did:plc:lrb7klbadlf6y4c54xl5qx4p part=139 records=4 next_cursor=set
2026-02-25T02:31:08Z WARNING bsky_collector_v2.job.index_feed_generators: listRecords failed repo=did:plc:x4sli66zcd6sdwwwgalfj57j err=HttpError('InvalidRequest: Could not find repo: did:plc:x4sli66zcd6sdwwwgalfj57j')
2026-02-25T02:31:15Z WARNING bsky_collector_v2.job.index_feed_generators: listRecords failed repo=did:plc:hijli33vwskljhzj6dcepb7y err=HttpError('InvalidRequest: Could not find repo: did:plc:hijli33vwskljhzj6dcepb7y')
2026-02-25T02:31:16Z WARNING bsky_collector_v2.job.index_feed_generators: listRecords failed repo=did:plc:x4sli66zcd6sdwwwgalfj57j err=HttpError('InvalidRequest: Could not find repo: did:plc:x4sli66zcd6sdwwwgalfj57j')
2026-02-25T02:31:16Z WARNING bsky_collector_v2.job.index_feed_generators: listRecords failed repo=did:plc:hijli33vwskljhzj6dcepb7y err=HttpError('InvalidRequest: Could not find repo: did:plc:hijli33vwskljhzj6dcepb7y')
2026-02-25T02:31:16Z WARNING bsky_collector_v2.job.index_feed_generators: listRecords failed repo=did:plc:x4sli66zcd6sdwwwgalfj57j err=HttpError('InvalidRequest: Could not find repo: did:plc:x4sli66zcd6sdwwwgalfj57j')
2026-02-25T02:31:17Z INFO bsky_collector_v2.job.index_feed_generators: enqueued repos page=10 mode=listRepos inserted=500 repos_returned=500 next_cursor=set
2026-02-25T02:33:07Z INFO bsky_collector_v2.job.index_feed_generators: enqueued repos page=11 mode=listRepos inserted=500 repos_returned=500 next_cursor=set
2026-02-25T02:33:08Z INFO bsky_collector_v2.job.index_feed_generators: indexed repo=did:plc:2eylefn3up2sdoiq3qkoqbnu part=140 records=1 next_cursor=set
2026-02-25T02:33:42Z WARNING bsky_collector_v2.job.index_feed_generators: listRecords failed repo=did:plc:epmu7eprog7hmru6u2rljyzo err=HttpError('InvalidRequest: Could not find repo: did:plc:epmu7eprog7hmru6u2rljyzo')
2026-02-25T02:34:34Z INFO bsky_collector_v2.job.index_feed_generators: indexed repo=did:plc:u24kejfjxzkpfhwg4f4p5l3g part=141 records=3 next_cursor=set
2026-02-25T02:34:59Z WARNING bsky_collector_v2.job.index_feed_generators: listRecords failed repo=did:plc:epmu7eprog7hmru6u2rljyzo err=HttpError('InvalidRequest: Could not find repo: did:plc:epmu7eprog7hmru6u2rljyzo')
2026-02-25T02:34:59Z WARNING bsky_collector_v2.job.index_feed_generators: listRecords failed repo=did:plc:epmu7eprog7hmru6u2rljyzo err=HttpError('InvalidRequest: Could not find repo: did:plc:epmu7eprog7hmru6u2rljyzo')
2026-02-25T02:35:00Z INFO bsky_collector_v2.job.index_feed_generators: enqueued repos page=12 mode=listRepos inserted=500 repos_returned=500 next_cursor=set
2026-02-25T02:36:00Z WARNING bsky_collector_v2.job.index_feed_generators: listRecords failed repo=did:plc:kizfjb5zzo4yvpkok6widzzq err=HttpError('InvalidRequest: Could not find repo: did:plc:kizfjb5zzo4yvpkok6widzzq')
2026-02-25T02:36:03Z INFO bsky_collector_v2.job.index_feed_generators: indexed repo=did:plc:lk6wskto4w67mktlata5zsa2 part=142 records=2 next_cursor=set
2026-02-25T02:36:05Z INFO bsky_collector_v2.job.index_feed_generators: indexed repo=did:plc:mohexmqdhtwjuvvnghjyqqao part=143 records=5 next_cursor=set
2026-02-25T02:36:45Z INFO bsky_collector_v2.job.index_feed_generators: indexed repo=did:plc:yhyx5zblsjyaatkmw7glbuot part=144 records=1 next_cursor=set
2026-02-25T02:36:49Z WARNING bsky_collector_v2.job.index_feed_generators: listRecords failed repo=did:plc:kizfjb5zzo4yvpkok6widzzq err=HttpError('InvalidRequest: Could not find repo: did:plc:kizfjb5zzo4yvpkok6widzzq')
2026-02-25T02:36:49Z WARNING bsky_collector_v2.job.index_feed_generators: listRecords failed repo=did:plc:kizfjb5zzo4yvpkok6widzzq err=HttpError('InvalidRequest: Could not find repo: did:plc:kizfjb5zzo4yvpkok6widzzq')
2026-02-25T02:36:50Z INFO bsky_collector_v2.job.index_feed_generators: enqueued repos page=13 mode=listRepos inserted=500 repos_returned=500 next_cursor=set
2026-02-25T02:37:40Z INFO bsky_collector_v2.job.index_feed_generators: indexed repo=did:plc:jc2gmwxtiuyz5re3vt3sqejx part=145 records=2 next_cursor=set
2026-02-25T02:37:41Z WARNING bsky_collector_v2.job.index_feed_generators: listRecords failed repo=did:plc:jqap5nbbwbdst7czn5j5poym err=HttpError('InvalidRequest: Could not find repo: did:plc:jqap5nbbwbdst7czn5j5poym')
2026-02-25T02:37:51Z INFO bsky_collector_v2.job.index_feed_generators: indexed repo=did:plc:n2zl5iw5i25iabzplvdtiwj2 part=146 records=1 next_cursor=set
2026-02-25T02:37:58Z INFO bsky_collector_v2.job.index_feed_generators: indexed repo=did:plc:pyf7r4dgemfchqdlmtzqodl7 part=147 records=1 next_cursor=set
2026-02-25T02:38:27Z WARNING bsky_collector_v2.job.index_feed_generators: listRecords failed repo=did:plc:jqap5nbbwbdst7czn5j5poym err=HttpError('InvalidRequest: Could not find repo: did:plc:jqap5nbbwbdst7czn5j5poym')
2026-02-25T02:38:28Z WARNING bsky_collector_v2.job.index_feed_generators: listRecords failed repo=did:plc:jqap5nbbwbdst7czn5j5poym err=HttpError('InvalidRequest: Could not find repo: did:plc:jqap5nbbwbdst7czn5j5poym')
2026-02-25T02:38:28Z INFO bsky_collector_v2.job.index_feed_generators: enqueued repos page=14 mode=listRepos inserted=500 repos_returned=500 next_cursor=set
2026-02-25T02:39:45Z WARNING bsky_collector_v2.job.index_feed_generators: listRecords failed repo=did:plc:shqh3kmf2oc73grnix2g4u5j err=HttpError('InvalidRequest: Could not find repo: did:plc:shqh3kmf2oc73grnix2g4u5j')
2026-02-25T02:39:47Z INFO bsky_collector_v2.job.index_feed_generators: indexed repo=did:plc:tnb5poo3hj6qqcl3o5wjtk7q part=148 records=1 next_cursor=set
2026-02-25T02:40:06Z WARNING bsky_collector_v2.job.index_feed_generators: listRecords failed repo=did:plc:shqh3kmf2oc73grnix2g4u5j err=HttpError('InvalidRequest: Could not find repo: did:plc:shqh3kmf2oc73grnix2g4u5j')
2026-02-25T02:40:06Z WARNING bsky_collector_v2.job.index_feed_generators: listRecords failed repo=did:plc:shqh3kmf2oc73grnix2g4u5j err=HttpError('InvalidRequest: Could not find repo: did:plc:shqh3kmf2oc73grnix2g4u5j')
2026-02-25T02:40:06Z INFO bsky_collector_v2.job.index_feed_generators: enqueued repos page=15 mode=listRepos inserted=500 repos_returned=500 next_cursor=set
2026-02-25T02:40:15Z INFO bsky_collector_v2.job.index_feed_generators: indexed repo=did:plc:3fiyqn7xrza3cosg5t5bd5hw part=149 records=2 next_cursor=set
2026-02-25T02:41:24Z INFO bsky_collector_v2.job.index_feed_generators: indexed repo=did:plc:tdj6zrbehmlwuswzmjnemt7f part=150 records=1 next_cursor=set
2026-02-25T02:41:41Z INFO bsky_collector_v2.job.index_feed_generators: indexed repo=did:plc:w3cmmc44jvg6x2rn4co55g4b part=151 records=3 next_cursor=set
2026-02-25T02:41:55Z INFO bsky_collector_v2.job.index_feed_generators: enqueued repos page=16 mode=listRepos inserted=500 repos_returned=500 next_cursor=set
2026-02-25T02:42:21Z INFO bsky_collector_v2.job.index_feed_generators: indexed repo=did:plc:bjfp4kgn5mxk263kg2vvttm2 part=152 records=1 next_cursor=set
2026-02-25T02:42:23Z INFO bsky_collector_v2.job.index_feed_generators: indexed repo=did:plc:cfulmnwqtsh46infuywznobp part=153 records=1 next_cursor=set
2026-02-25T02:42:43Z WARNING bsky_collector_v2.job.index_feed_generators: listRecords failed repo=did:plc:ilb26wa3pdadlw5ewkevpffh err=HttpError('InvalidRequest: Could not find repo: did:plc:ilb26wa3pdadlw5ewkevpffh')
2026-02-25T02:42:48Z INFO bsky_collector_v2.job.index_feed_generators: indexed repo=did:plc:k64dovwl7yuv6cx5i7g2fof5 part=154 records=12 next_cursor=set
2026-02-25T02:42:52Z WARNING bsky_collector_v2.job.index_feed_generators: listRecords failed repo=did:plc:maq2dfjm22z6etnmobkpiefq err=HttpError('InvalidRequest: Could not find repo: did:plc:maq2dfjm22z6etnmobkpiefq')
2026-02-25T02:43:32Z WARNING bsky_collector_v2.job.index_feed_generators: listRecords failed repo=did:plc:ilb26wa3pdadlw5ewkevpffh err=HttpError('InvalidRequest: Could not find repo: did:plc:ilb26wa3pdadlw5ewkevpffh')
2026-02-25T02:43:32Z WARNING bsky_collector_v2.job.index_feed_generators: listRecords failed repo=did:plc:maq2dfjm22z6etnmobkpiefq err=HttpError('InvalidRequest: Could not find repo: did:plc:maq2dfjm22z6etnmobkpiefq')
2026-02-25T02:43:32Z WARNING bsky_collector_v2.job.index_feed_generators: listRecords failed repo=did:plc:ilb26wa3pdadlw5ewkevpffh err=HttpError('InvalidRequest: Could not find repo: did:plc:ilb26wa3pdadlw5ewkevpffh')
2026-02-25T02:43:32Z WARNING bsky_collector_v2.job.index_feed_generators: listRecords failed repo=did:plc:maq2dfjm22z6etnmobkpiefq err=HttpError('InvalidRequest: Could not find repo: did:plc:maq2dfjm22z6etnmobkpiefq')
2026-02-25T02:43:33Z INFO bsky_collector_v2.job.index_feed_generators: enqueued repos page=17 mode=listRepos inserted=500 repos_returned=500 next_cursor=set
2026-02-25T02:43:38Z INFO bsky_collector_v2.job.index_feed_generators: indexed repo=did:plc:3tzorgcbid4sidamxv4iaxdr part=155 records=2 next_cursor=set
2026-02-25T02:44:16Z WARNING bsky_collector_v2.job.index_feed_generators: listRecords failed repo=did:plc:j6l33bm3f5hmpempuwq52oje err=HttpError('InvalidRequest: Could not find repo: did:plc:j6l33bm3f5hmpempuwq52oje')
2026-02-25T02:45:00Z INFO bsky_collector_v2.job.index_feed_generators: indexed repo=did:plc:xfq2h4jv25kw3fzzgwjxli46 part=156 records=1 next_cursor=set
2026-02-25T02:45:12Z WARNING bsky_collector_v2.job.index_feed_generators: listRecords failed repo=did:plc:j6l33bm3f5hmpempuwq52oje err=HttpError('InvalidRequest: Could not find repo: did:plc:j6l33bm3f5hmpempuwq52oje')
2026-02-25T02:45:12Z WARNING bsky_collector_v2.job.index_feed_generators: listRecords failed repo=did:plc:j6l33bm3f5hmpempuwq52oje err=HttpError('InvalidRequest: Could not find repo: did:plc:j6l33bm3f5hmpempuwq52oje')
2026-02-25T02:45:12Z INFO bsky_collector_v2.job.index_feed_generators: enqueued repos page=18 mode=listRepos inserted=500 repos_returned=500 next_cursor=set
2026-02-25T02:45:24Z WARNING bsky_collector_v2.job.index_feed_generators: listRecords failed repo=did:plc:5g75fx33s2t45oelxr6zddde err=HttpError('InvalidRequest: Could not find repo: did:plc:5g75fx33s2t45oelxr6zddde')
2026-02-25T02:46:44Z WARNING bsky_collector_v2.job.index_feed_generators: listRecords failed repo=did:plc:yb3l3jgct3svtoelxmny4yca err=HttpError('InvalidRequest: Could not find repo: did:plc:yb3l3jgct3svtoelxmny4yca')
2026-02-25T02:46:49Z WARNING bsky_collector_v2.job.index_feed_generators: listRecords failed repo=did:plc:5g75fx33s2t45oelxr6zddde err=HttpError('InvalidRequest: Could not find repo: did:plc:5g75fx33s2t45oelxr6zddde')
2026-02-25T02:46:50Z WARNING bsky_collector_v2.job.index_feed_generators: listRecords failed repo=did:plc:yb3l3jgct3svtoelxmny4yca err=HttpError('InvalidRequest: Could not find repo: did:plc:yb3l3jgct3svtoelxmny4yca')
2026-02-25T02:46:50Z WARNING bsky_collector_v2.job.index_feed_generators: listRecords failed repo=did:plc:5g75fx33s2t45oelxr6zddde err=HttpError('InvalidRequest: Could not find repo: did:plc:5g75fx33s2t45oelxr6zddde')
2026-02-25T02:46:50Z WARNING bsky_collector_v2.job.index_feed_generators: listRecords failed repo=did:plc:yb3l3jgct3svtoelxmny4yca err=HttpError('InvalidRequest: Could not find repo: did:plc:yb3l3jgct3svtoelxmny4yca')
2026-02-25T02:46:50Z INFO bsky_collector_v2.job.index_feed_generators: enqueued repos page=19 mode=listRepos inserted=500 repos_returned=500 next_cursor=set
2026-02-25T02:47:30Z INFO bsky_collector_v2.job.index_feed_generators: indexed repo=did:plc:gxeotf4hiaux3ei5pj2gx26t part=157 records=2 next_cursor=set
2026-02-25T02:48:28Z INFO bsky_collector_v2.job.index_feed_generators: enqueued repos page=20 mode=listRepos inserted=500 repos_returned=500 next_cursor=set
2026-02-25T02:48:34Z INFO bsky_collector_v2.job.index_feed_generators: indexed repo=did:plc:4dms3epr4j33tmc3hgerqsu2 part=158 records=1 next_cursor=set
2026-02-25T02:49:23Z INFO bsky_collector_v2.job.index_feed_generators: indexed repo=did:plc:n6bd7p4gsys6raec4eeff5do part=159 records=1 next_cursor=set
2026-02-25T02:50:10Z INFO bsky_collector_v2.job.index_feed_generators: indexed repo=did:plc:yyfjmu4m63mkoykvkt7dhvwr part=160 records=1 next_cursor=set
2026-02-25T02:50:13Z INFO bsky_collector_v2.job.index_feed_generators: enqueued repos page=21 mode=listRepos inserted=500 repos_returned=500 next_cursor=set
2026-02-25T02:51:06Z INFO bsky_collector_v2.job.index_feed_generators: indexed repo=did:plc:kco2tg4su6zhttpzad3so7eg part=161 records=2 next_cursor=set
2026-02-25T02:51:50Z INFO bsky_collector_v2.job.index_feed_generators: enqueued repos page=22 mode=listRepos inserted=500 repos_returned=500 next_cursor=set
2026-02-25T02:52:12Z WARNING bsky_collector_v2.job.index_feed_generators: listRecords failed repo=did:plc:cj26ajbpokl6cq3ak25xfylx err=HttpError('InvalidRequest: Could not find repo: did:plc:cj26ajbpokl6cq3ak25xfylx')
2026-02-25T02:52:51Z WARNING bsky_collector_v2.job.index_feed_generators: listRecords failed repo=did:plc:plo3g7ildozrbr2n5rrxdpqr err=HttpError('InvalidRequest: Could not find repo: did:plc:plo3g7ildozrbr2n5rrxdpqr')
2026-02-25T02:53:01Z INFO bsky_collector_v2.job.index_feed_generators: indexed repo=did:plc:rkmdborxkr3f2x7d6g4726gx part=162 records=3 next_cursor=set
2026-02-25T02:53:21Z INFO bsky_collector_v2.job.index_feed_generators: indexed repo=did:plc:xyeqeupgj27lcnyqybcunrwe part=163 records=5 next_cursor=set
2026-02-25T02:53:28Z WARNING bsky_collector_v2.job.index_feed_generators: listRecords failed repo=did:plc:cj26ajbpokl6cq3ak25xfylx err=HttpError('InvalidRequest: Could not find repo: did:plc:cj26ajbpokl6cq3ak25xfylx')
2026-02-25T02:53:28Z WARNING bsky_collector_v2.job.index_feed_generators: listRecords failed repo=did:plc:plo3g7ildozrbr2n5rrxdpqr err=HttpError('InvalidRequest: Could not find repo: did:plc:plo3g7ildozrbr2n5rrxdpqr')
2026-02-25T02:53:28Z WARNING bsky_collector_v2.job.index_feed_generators: listRecords failed repo=did:plc:cj26ajbpokl6cq3ak25xfylx err=HttpError('InvalidRequest: Could not find repo: did:plc:cj26ajbpokl6cq3ak25xfylx')
2026-02-25T02:53:28Z WARNING bsky_collector_v2.job.index_feed_generators: listRecords failed repo=did:plc:plo3g7ildozrbr2n5rrxdpqr err=HttpError('InvalidRequest: Could not find repo: did:plc:plo3g7ildozrbr2n5rrxdpqr')
2026-02-25T02:53:29Z INFO bsky_collector_v2.job.index_feed_generators: enqueued repos page=23 mode=listRepos inserted=500 repos_returned=500 next_cursor=set
2026-02-25T02:53:50Z INFO bsky_collector_v2.job.index_feed_generators: indexed repo=did:plc:atonojojcwnc3j6ymmatoz4r part=164 records=1 next_cursor=set
2026-02-25T02:53:59Z INFO bsky_collector_v2.job.index_feed_generators: indexed repo=did:plc:cuahd7jlu6jinvzmotuju5rt part=165 records=1 next_cursor=set
2026-02-25T02:54:08Z WARNING bsky_collector_v2.job.index_feed_generators: listRecords failed repo=did:plc:fxvjznfp7gmyhtie2dngwxeo err=HttpError('InvalidRequest: Could not find repo: did:plc:fxvjznfp7gmyhtie2dngwxeo')
2026-02-25T02:55:09Z WARNING bsky_collector_v2.job.index_feed_generators: listRecords failed repo=did:plc:fxvjznfp7gmyhtie2dngwxeo err=HttpError('InvalidRequest: Could not find repo: did:plc:fxvjznfp7gmyhtie2dngwxeo')
2026-02-25T02:55:09Z WARNING bsky_collector_v2.job.index_feed_generators: listRecords failed repo=did:plc:fxvjznfp7gmyhtie2dngwxeo err=HttpError('InvalidRequest: Could not find repo: did:plc:fxvjznfp7gmyhtie2dngwxeo')
2026-02-25T02:55:10Z INFO bsky_collector_v2.job.index_feed_generators: enqueued repos page=24 mode=listRepos inserted=500 repos_returned=500 next_cursor=set
2026-02-25T02:56:54Z INFO bsky_collector_v2.job.index_feed_generators: enqueued repos page=25 mode=listRepos inserted=500 repos_returned=500 next_cursor=set
2026-02-25T02:56:59Z INFO bsky_collector_v2.job.index_feed_generators: indexed repo=did:plc:3hfsyemswmxaamkaslimeasf part=166 records=1 next_cursor=set
2026-02-25T02:58:15Z INFO bsky_collector_v2.job.index_feed_generators: indexed repo=did:plc:v6vj2btmtt6eel2s73zcjmdl part=167 records=1 next_cursor=set
2026-02-25T02:58:31Z INFO bsky_collector_v2.job.index_feed_generators: enqueued repos page=26 mode=listRepos inserted=500 repos_returned=500 next_cursor=set
2026-02-25T02:58:59Z WARNING bsky_collector_v2.job.index_feed_generators: listRecords failed repo=did:plc:7jv4ybdmjpiqxnbqgcoadn3j err=HttpError('InvalidRequest: Could not find repo: did:plc:7jv4ybdmjpiqxnbqgcoadn3j')
2026-02-25T02:59:43Z WARNING bsky_collector_v2.job.index_feed_generators: listRecords failed repo=did:plc:k72sx5p4ldkjhe22gjtvmkt4 err=HttpError('InvalidRequest: Could not find repo: did:plc:k72sx5p4ldkjhe22gjtvmkt4')
2026-02-25T02:59:46Z WARNING bsky_collector_v2.job.index_feed_generators: listRecords failed repo=did:plc:kvbcxen6xwgzetgciq3d3vke err=HttpError('InvalidRequest: Could not find repo: did:plc:kvbcxen6xwgzetgciq3d3vke')
2026-02-25T03:00:23Z INFO bsky_collector_v2.job.index_feed_generators: indexed repo=did:plc:xoaf6cirgktfbl3cvjwybwuy part=168 records=3 next_cursor=set
2026-02-25T03:00:24Z INFO bsky_collector_v2.job.index_feed_generators: indexed repo=did:plc:yai5alzmdulu4tuvistozcwk part=169 records=2 next_cursor=set
2026-02-25T03:00:29Z WARNING bsky_collector_v2.job.index_feed_generators: listRecords failed repo=did:plc:7jv4ybdmjpiqxnbqgcoadn3j err=HttpError('InvalidRequest: Could not find repo: did:plc:7jv4ybdmjpiqxnbqgcoadn3j')
2026-02-25T03:00:29Z WARNING bsky_collector_v2.job.index_feed_generators: listRecords failed repo=did:plc:k72sx5p4ldkjhe22gjtvmkt4 err=HttpError('InvalidRequest: Could not find repo: did:plc:k72sx5p4ldkjhe22gjtvmkt4')
2026-02-25T03:00:29Z WARNING bsky_collector_v2.job.index_feed_generators: listRecords failed repo=did:plc:kvbcxen6xwgzetgciq3d3vke err=HttpError('InvalidRequest: Could not find repo: did:plc:kvbcxen6xwgzetgciq3d3vke')
2026-02-25T03:00:29Z WARNING bsky_collector_v2.job.index_feed_generators: listRecords failed repo=did:plc:7jv4ybdmjpiqxnbqgcoadn3j err=HttpError('InvalidRequest: Could not find repo: did:plc:7jv4ybdmjpiqxnbqgcoadn3j')
2026-02-25T03:00:29Z WARNING bsky_collector_v2.job.index_feed_generators: listRecords failed repo=did:plc:k72sx5p4ldkjhe22gjtvmkt4 err=HttpError('InvalidRequest: Could not find repo: did:plc:k72sx5p4ldkjhe22gjtvmkt4')
2026-02-25T03:00:30Z WARNING bsky_collector_v2.job.index_feed_generators: listRecords failed repo=did:plc:kvbcxen6xwgzetgciq3d3vke err=HttpError('InvalidRequest: Could not find repo: did:plc:kvbcxen6xwgzetgciq3d3vke')
2026-02-25T03:00:30Z INFO bsky_collector_v2.job.index_feed_generators: enqueued repos page=27 mode=listRepos inserted=500 repos_returned=500 next_cursor=set
2026-02-25T03:00:55Z INFO bsky_collector_v2.job.index_feed_generators: indexed repo=did:plc:7fvks4pqnt6kcgzp5wulitmp part=170 records=1 next_cursor=set
2026-02-25T03:01:20Z INFO bsky_collector_v2.job.index_feed_generators: indexed repo=did:plc:iowdmey42qu5zlpocxyr3h7n part=171 records=1 next_cursor=set
2026-02-25T03:01:46Z WARNING bsky_collector_v2.job.index_feed_generators: listRecords failed repo=did:plc:omuf5ifxhhrdwyvu7tpuv3gm err=HttpError('InvalidRequest: Could not find repo: did:plc:omuf5ifxhhrdwyvu7tpuv3gm')
2026-02-25T03:02:26Z WARNING bsky_collector_v2.job.index_feed_generators: listRecords failed repo=did:plc:omuf5ifxhhrdwyvu7tpuv3gm err=HttpError('InvalidRequest: Could not find repo: did:plc:omuf5ifxhhrdwyvu7tpuv3gm')
2026-02-25T03:02:26Z WARNING bsky_collector_v2.job.index_feed_generators: listRecords failed repo=did:plc:omuf5ifxhhrdwyvu7tpuv3gm err=HttpError('InvalidRequest: Could not find repo: did:plc:omuf5ifxhhrdwyvu7tpuv3gm')
2026-02-25T03:02:27Z INFO bsky_collector_v2.job.index_feed_generators: enqueued repos page=28 mode=listRepos inserted=500 repos_returned=500 next_cursor=set
2026-02-25T03:03:22Z INFO bsky_collector_v2.job.index_feed_generators: indexed repo=did:plc:lcgdd25jv62gftvc2uteyygl part=172 records=1 next_cursor=set
2026-02-25T03:03:45Z INFO bsky_collector_v2.job.index_feed_generators: indexed repo=did:plc:up7bhbt4qptmxhums6hcfd2a part=173 records=1 next_cursor=set
2026-02-25T03:03:51Z INFO bsky_collector_v2.job.index_feed_generators: indexed repo=did:plc:wb2kbfvot5wew3icmzfybmm4 part=174 records=3 next_cursor=set
2026-02-25T03:04:03Z INFO bsky_collector_v2.job.index_feed_generators: enqueued repos page=29 mode=listRepos inserted=500 repos_returned=500 next_cursor=set
2026-02-25T03:04:14Z INFO bsky_collector_v2.job.index_feed_generators: indexed repo=did:plc:5xo4m3fii7iwvhtumgeyfu2v part=175 records=1 next_cursor=set
2026-02-25T03:05:00Z INFO bsky_collector_v2.job.index_feed_generators: indexed repo=did:plc:n77aqnpdrh5i2u6g4m3pfkey part=176 records=1 next_cursor=set
2026-02-25T03:05:10Z WARNING bsky_collector_v2.job.index_feed_generators: listRecords failed repo=did:plc:rh56uj6fr3qvaejrpljsf6m3 err=HttpError('InvalidRequest: Could not find repo: did:plc:rh56uj6fr3qvaejrpljsf6m3')
2026-02-25T03:05:30Z INFO bsky_collector_v2.job.index_feed_generators: indexed repo=did:plc:wrymvcm4ai4bnygltfaeophq part=177 records=2 next_cursor=set
2026-02-25T03:05:40Z WARNING bsky_collector_v2.job.index_feed_generators: listRecords failed repo=did:plc:rh56uj6fr3qvaejrpljsf6m3 err=HttpError('InvalidRequest: Could not find repo: did:plc:rh56uj6fr3qvaejrpljsf6m3')
2026-02-25T03:05:40Z WARNING bsky_collector_v2.job.index_feed_generators: listRecords failed repo=did:plc:rh56uj6fr3qvaejrpljsf6m3 err=HttpError('InvalidRequest: Could not find repo: did:plc:rh56uj6fr3qvaejrpljsf6m3')
2026-02-25T03:05:41Z INFO bsky_collector_v2.job.index_feed_generators: enqueued repos page=30 mode=listRepos inserted=500 repos_returned=500 next_cursor=set
2026-02-25T03:06:24Z WARNING bsky_collector_v2.job.index_feed_generators: listRecords failed repo=did:plc:htww7eez7kl5jlrows7uhg4y err=HttpError('InvalidRequest: Could not find repo: did:plc:htww7eez7kl5jlrows7uhg4y')
2026-02-25T03:06:54Z WARNING bsky_collector_v2.job.index_feed_generators: listRecords failed repo=did:plc:sizsxymo3l4rzoaogakaxfva err=HttpError('InvalidRequest: Could not find repo: did:plc:sizsxymo3l4rzoaogakaxfva')
2026-02-25T03:07:17Z WARNING bsky_collector_v2.job.index_feed_generators: listRecords failed repo=did:plc:htww7eez7kl5jlrows7uhg4y err=HttpError('InvalidRequest: Could not find repo: did:plc:htww7eez7kl5jlrows7uhg4y')
2026-02-25T03:07:17Z WARNING bsky_collector_v2.job.index_feed_generators: listRecords failed repo=did:plc:sizsxymo3l4rzoaogakaxfva err=HttpError('InvalidRequest: Could not find repo: did:plc:sizsxymo3l4rzoaogakaxfva')
2026-02-25T03:07:17Z WARNING bsky_collector_v2.job.index_feed_generators: listRecords failed repo=did:plc:htww7eez7kl5jlrows7uhg4y err=HttpError('InvalidRequest: Could not find repo: did:plc:htww7eez7kl5jlrows7uhg4y')
2026-02-25T03:07:17Z WARNING bsky_collector_v2.job.index_feed_generators: listRecords failed repo=did:plc:sizsxymo3l4rzoaogakaxfva err=HttpError('InvalidRequest: Could not find repo: did:plc:sizsxymo3l4rzoaogakaxfva')
2026-02-25T03:07:18Z INFO bsky_collector_v2.job.index_feed_generators: enqueued repos page=31 mode=listRepos inserted=500 repos_returned=500 next_cursor=set
2026-02-25T03:08:16Z INFO bsky_collector_v2.job.index_feed_generators: indexed repo=did:plc:p2axnivzhbjs7wdcpxliztds part=178 records=2 next_cursor=set
2026-02-25T03:08:17Z WARNING bsky_collector_v2.job.index_feed_generators: listRecords failed repo=did:plc:p6eygg5e3qdexiuvzjeugnei err=HttpError('InvalidRequest: Could not find repo: did:plc:p6eygg5e3qdexiuvzjeugnei')
2026-02-25T03:09:00Z INFO bsky_collector_v2.job.index_feed_generators: indexed repo=did:plc:zsgbcx2qewjmivohgwvqrgvq part=179 records=2 next_cursor=set
2026-02-25T03:09:01Z WARNING bsky_collector_v2.job.index_feed_generators: listRecords failed repo=did:plc:zulce733qn6dwcf6gg2i4wsl err=HttpError('InvalidRequest: Could not find repo: did:plc:zulce733qn6dwcf6gg2i4wsl')
2026-02-25T03:09:03Z WARNING bsky_collector_v2.job.index_feed_generators: listRecords failed repo=did:plc:p6eygg5e3qdexiuvzjeugnei err=HttpError('InvalidRequest: Could not find repo: did:plc:p6eygg5e3qdexiuvzjeugnei')
2026-02-25T03:09:03Z WARNING bsky_collector_v2.job.index_feed_generators: listRecords failed repo=did:plc:zulce733qn6dwcf6gg2i4wsl err=HttpError('InvalidRequest: Could not find repo: did:plc:zulce733qn6dwcf6gg2i4wsl')
2026-02-25T03:09:03Z WARNING bsky_collector_v2.job.index_feed_generators: listRecords failed repo=did:plc:p6eygg5e3qdexiuvzjeugnei err=HttpError('InvalidRequest: Could not find repo: did:plc:p6eygg5e3qdexiuvzjeugnei')
2026-02-25T03:09:04Z WARNING bsky_collector_v2.job.index_feed_generators: listRecords failed repo=did:plc:zulce733qn6dwcf6gg2i4wsl err=HttpError('InvalidRequest: Could not find repo: did:plc:zulce733qn6dwcf6gg2i4wsl')
