2026-03-04T09:21:46Z INFO bsky_collector_v2: out_base ok path=D:\BlueSky\data_v2_full mount=D:\
2026-03-04T09:21:46Z INFO bsky_collector_v2: job start subcommand=index-feed-generators dry_run=False resume=True
2026-03-04T09:21:46Z INFO bsky_collector_v2.job.index_feed_generators: feed generator index hosts relay_host=https://bsky.network records_host=https://bsky.social auth=yes
2026-03-04T09:22:03Z WARNING bsky_collector_v2.job.index_feed_generators: listRecords failed repo=did:plc:sqptmzovywrufuspow25fwye err=HttpError('InvalidRequest: Could not find repo: did:plc:sqptmzovywrufuspow25fwye')
2026-03-04T09:22:28Z WARNING bsky_collector_v2.job.index_feed_generators: listRecords failed repo=did:plc:fznk5kz6m4y5pkmamy47igt3 err=HttpError('InvalidRequest: Could not find repo: did:plc:fznk5kz6m4y5pkmamy47igt3')
2026-03-04T09:22:28Z WARNING bsky_collector_v2.job.index_feed_generators: listRecords failed repo=did:plc:sqptmzovywrufuspow25fwye err=HttpError('InvalidRequest: Could not find repo: did:plc:sqptmzovywrufuspow25fwye')
2026-03-04T09:22:28Z WARNING bsky_collector_v2.job.index_feed_generators: listRecords failed repo=did:plc:fznk5kz6m4y5pkmamy47igt3 err=HttpError('InvalidRequest: Could not find repo: did:plc:fznk5kz6m4y5pkmamy47igt3')
2026-03-04T09:22:28Z WARNING bsky_collector_v2.job.index_feed_generators: listRecords failed repo=did:plc:sqptmzovywrufuspow25fwye err=HttpError('InvalidRequest: Could not find repo: did:plc:sqptmzovywrufuspow25fwye')
2026-03-04T09:22:29Z INFO bsky_collector_v2.job.index_feed_generators: enqueued repos page=1 mode=listRepos inserted=500 repos_returned=500 next_cursor=set
2026-03-04T09:22:41Z WARNING bsky_collector_v2.job.index_feed_generators: listRecords failed repo=did:plc:5xbveksyvo7mjozbzkknzukl err=HttpError('InvalidRequest: Could not find repo: did:plc:5xbveksyvo7mjozbzkknzukl')
2026-03-04T09:23:06Z INFO bsky_collector_v2.job.index_feed_generators: indexed repo=did:plc:fpreprzm6kpqcvfcpbgk6xfz part=258 records=1 next_cursor=set
2026-03-04T09:23:25Z WARNING bsky_collector_v2.job.index_feed_generators: listRecords failed repo=did:plc:ktgkqb6rkqyp7lkzqu2jv7jn err=HttpError('InvalidRequest: Could not find repo: did:plc:ktgkqb6rkqyp7lkzqu2jv7jn')
2026-03-04T09:23:40Z INFO bsky_collector_v2.job.index_feed_generators: indexed repo=did:plc:q6kpkphdmu4mp3rfx476jsrb part=259 records=1 next_cursor=set
2026-03-04T09:24:08Z WARNING bsky_collector_v2.job.index_feed_generators: listRecords failed repo=did:plc:5xbveksyvo7mjozbzkknzukl err=HttpError('InvalidRequest: Could not find repo: did:plc:5xbveksyvo7mjozbzkknzukl')
2026-03-04T09:24:09Z WARNING bsky_collector_v2.job.index_feed_generators: listRecords failed repo=did:plc:ktgkqb6rkqyp7lkzqu2jv7jn err=HttpError('InvalidRequest: Could not find repo: did:plc:ktgkqb6rkqyp7lkzqu2jv7jn')
2026-03-04T09:24:09Z WARNING bsky_collector_v2.job.index_feed_generators: listRecords failed repo=did:plc:5xbveksyvo7mjozbzkknzukl err=HttpError('InvalidRequest: Could not find repo: did:plc:5xbveksyvo7mjozbzkknzukl')
2026-03-04T09:24:09Z WARNING bsky_collector_v2.job.index_feed_generators: listRecords failed repo=did:plc:ktgkqb6rkqyp7lkzqu2jv7jn err=HttpError('InvalidRequest: Could not find repo: did:plc:ktgkqb6rkqyp7lkzqu2jv7jn')
2026-03-04T09:24:10Z INFO bsky_collector_v2.job.index_feed_generators: enqueued repos page=2 mode=listRepos inserted=500 repos_returned=500 next_cursor=set
2026-03-04T09:25:41Z WARNING bsky_collector_v2.job.index_feed_generators: listRecords failed repo=did:plc:v6ldtdcbi5jsg37gm2ygkgwc err=HttpError('InvalidRequest: Could not find repo: did:plc:v6ldtdcbi5jsg37gm2ygkgwc')
2026-03-04T09:25:52Z INFO bsky_collector_v2.job.index_feed_generators: indexed repo=did:plc:y4qzl2ldeuguj4uwpyenomld part=260 records=17 next_cursor=set
2026-03-04T09:25:58Z WARNING bsky_collector_v2.job.index_feed_generators: listRecords failed repo=did:plc:v6ldtdcbi5jsg37gm2ygkgwc err=HttpError('InvalidRequest: Could not find repo: did:plc:v6ldtdcbi5jsg37gm2ygkgwc')
2026-03-04T09:25:58Z WARNING bsky_collector_v2.job.index_feed_generators: listRecords failed repo=did:plc:v6ldtdcbi5jsg37gm2ygkgwc err=HttpError('InvalidRequest: Could not find repo: did:plc:v6ldtdcbi5jsg37gm2ygkgwc')
2026-03-04T09:25:59Z INFO bsky_collector_v2.job.index_feed_generators: enqueued repos page=3 mode=listRepos inserted=500 repos_returned=500 next_cursor=set
2026-03-04T09:26:23Z WARNING bsky_collector_v2.job.index_feed_generators: listRecords failed repo=did:plc:anve4fpyv3voazu62pir5fn2 err=HttpError('InvalidRequest: Could not find repo: did:plc:anve4fpyv3voazu62pir5fn2')
2026-03-04T09:26:43Z WARNING bsky_collector_v2.job.index_feed_generators: listRecords failed repo=did:plc:i6dvqbcecxha6e66ami37tyh err=HttpError('InvalidRequest: Could not find repo: did:plc:i6dvqbcecxha6e66ami37tyh')
2026-03-04T09:27:04Z INFO bsky_collector_v2.job.index_feed_generators: indexed repo=did:plc:ozumkfhllsbmarvirjqu2mkh part=261 records=2 next_cursor=set
2026-03-04T09:27:36Z WARNING bsky_collector_v2.job.index_feed_generators: listRecords failed repo=did:plc:anve4fpyv3voazu62pir5fn2 err=HttpError('InvalidRequest: Could not find repo: did:plc:anve4fpyv3voazu62pir5fn2')
2026-03-04T09:27:36Z WARNING bsky_collector_v2.job.index_feed_generators: listRecords failed repo=did:plc:i6dvqbcecxha6e66ami37tyh err=HttpError('InvalidRequest: Could not find repo: did:plc:i6dvqbcecxha6e66ami37tyh')
2026-03-04T09:27:36Z WARNING bsky_collector_v2.job.index_feed_generators: listRecords failed repo=did:plc:anve4fpyv3voazu62pir5fn2 err=HttpError('InvalidRequest: Could not find repo: did:plc:anve4fpyv3voazu62pir5fn2')
2026-03-04T09:27:37Z WARNING bsky_collector_v2.job.index_feed_generators: listRecords failed repo=did:plc:i6dvqbcecxha6e66ami37tyh err=HttpError('InvalidRequest: Could not find repo: did:plc:i6dvqbcecxha6e66ami37tyh')
2026-03-04T09:27:37Z INFO bsky_collector_v2.job.index_feed_generators: enqueued repos page=4 mode=listRepos inserted=500 repos_returned=500 next_cursor=set
2026-03-04T09:28:23Z INFO bsky_collector_v2.job.index_feed_generators: indexed repo=did:plc:h3dg56k2tww7lkf42tlswawd part=262 records=4 next_cursor=set
2026-03-04T09:29:19Z INFO bsky_collector_v2.job.index_feed_generators: enqueued repos page=5 mode=listRepos inserted=500 repos_returned=500 next_cursor=set
2026-03-04T09:29:58Z WARNING bsky_collector_v2.job.index_feed_generators: listRecords failed repo=did:plc:haf6wowheowfr7kjv6yeu33t err=HttpError('InvalidRequest: Could not find repo: did:plc:haf6wowheowfr7kjv6yeu33t')
2026-03-04T09:31:01Z WARNING bsky_collector_v2.job.index_feed_generators: listRecords failed repo=did:plc:haf6wowheowfr7kjv6yeu33t err=HttpError('InvalidRequest: Could not find repo: did:plc:haf6wowheowfr7kjv6yeu33t')
2026-03-04T09:31:01Z WARNING bsky_collector_v2.job.index_feed_generators: listRecords failed repo=did:plc:haf6wowheowfr7kjv6yeu33t err=HttpError('InvalidRequest: Could not find repo: did:plc:haf6wowheowfr7kjv6yeu33t')
2026-03-04T09:31:02Z INFO bsky_collector_v2.job.index_feed_generators: enqueued repos page=6 mode=listRepos inserted=500 repos_returned=500 next_cursor=set
2026-03-04T09:31:17Z INFO bsky_collector_v2.job.index_feed_generators: indexed repo=did:plc:7iza6pz46yryisg7e7rw6fbk part=263 records=1 next_cursor=set
2026-03-04T09:31:23Z WARNING bsky_collector_v2.job.index_feed_generators: listRecords failed repo=did:plc:bpus2l24mrdm4olapvybdbpj err=HttpError('InvalidRequest: Could not find repo: did:plc:bpus2l24mrdm4olapvybdbpj')
2026-03-04T09:32:19Z WARNING bsky_collector_v2.job.index_feed_generators: listRecords failed repo=did:plc:rxdili3vwzssujyipcu3wdt7 err=HttpError('InvalidRequest: Could not find repo: did:plc:rxdili3vwzssujyipcu3wdt7')
2026-03-04T09:32:47Z WARNING bsky_collector_v2.job.index_feed_generators: listRecords failed repo=did:plc:bpus2l24mrdm4olapvybdbpj err=HttpError('InvalidRequest: Could not find repo: did:plc:bpus2l24mrdm4olapvybdbpj')
2026-03-04T09:32:47Z WARNING bsky_collector_v2.job.index_feed_generators: listRecords failed repo=did:plc:rxdili3vwzssujyipcu3wdt7 err=HttpError('InvalidRequest: Could not find repo: did:plc:rxdili3vwzssujyipcu3wdt7')
2026-03-04T09:32:47Z WARNING bsky_collector_v2.job.index_feed_generators: listRecords failed repo=did:plc:bpus2l24mrdm4olapvybdbpj err=HttpError('InvalidRequest: Could not find repo: did:plc:bpus2l24mrdm4olapvybdbpj')
2026-03-04T09:32:47Z WARNING bsky_collector_v2.job.index_feed_generators: listRecords failed repo=did:plc:rxdili3vwzssujyipcu3wdt7 err=HttpError('InvalidRequest: Could not find repo: did:plc:rxdili3vwzssujyipcu3wdt7')
2026-03-04T09:32:48Z INFO bsky_collector_v2.job.index_feed_generators: enqueued repos page=7 mode=listRepos inserted=500 repos_returned=500 next_cursor=set
2026-03-04T09:33:41Z INFO bsky_collector_v2.job.index_feed_generators: indexed repo=did:plc:kubuqurl2o3xjohlbvzwh5io part=264 records=1 next_cursor=set
2026-03-04T09:33:46Z INFO bsky_collector_v2.job.index_feed_generators: indexed repo=did:plc:nhx7l27ltmuhet6ykhupbku7 part=265 records=2 next_cursor=set
2026-03-04T09:33:49Z INFO bsky_collector_v2.job.index_feed_generators: indexed repo=did:plc:oisioo35hvcc2ij3df7x4e5q part=266 records=1 next_cursor=set
2026-03-04T09:34:20Z INFO bsky_collector_v2.job.index_feed_generators: enqueued repos page=8 mode=listRepos inserted=500 repos_returned=500 next_cursor=set
2026-03-04T09:34:53Z WARNING bsky_collector_v2.job.index_feed_generators: listRecords failed repo=did:plc:hepjrqtr4p3xo6zuvpps3dja err=HttpError('InvalidRequest: Could not find repo: did:plc:hepjrqtr4p3xo6zuvpps3dja')
2026-03-04T09:35:06Z WARNING bsky_collector_v2.job.index_feed_generators: listRecords failed repo=did:plc:kxyfbwkflfuyzsemhua6kjg7 err=HttpError('InvalidRequest: Could not find repo: did:plc:kxyfbwkflfuyzsemhua6kjg7')
2026-03-04T09:35:10Z INFO bsky_collector_v2.job.index_feed_generators: indexed repo=did:plc:m6l42cdl7zkw5axxhahazlrm part=267 records=2 next_cursor=set
2026-03-04T09:35:56Z WARNING bsky_collector_v2.job.index_feed_generators: listRecords failed repo=did:plc:hepjrqtr4p3xo6zuvpps3dja err=HttpError('InvalidRequest: Could not find repo: did:plc:hepjrqtr4p3xo6zuvpps3dja')
2026-03-04T09:35:56Z WARNING bsky_collector_v2.job.index_feed_generators: listRecords failed repo=did:plc:kxyfbwkflfuyzsemhua6kjg7 err=HttpError('InvalidRequest: Could not find repo: did:plc:kxyfbwkflfuyzsemhua6kjg7')
2026-03-04T09:35:56Z WARNING bsky_collector_v2.job.index_feed_generators: listRecords failed repo=did:plc:hepjrqtr4p3xo6zuvpps3dja err=HttpError('InvalidRequest: Could not find repo: did:plc:hepjrqtr4p3xo6zuvpps3dja')
2026-03-04T09:35:56Z WARNING bsky_collector_v2.job.index_feed_generators: listRecords failed repo=did:plc:kxyfbwkflfuyzsemhua6kjg7 err=HttpError('InvalidRequest: Could not find repo: did:plc:kxyfbwkflfuyzsemhua6kjg7')
2026-03-04T09:35:57Z INFO bsky_collector_v2.job.index_feed_generators: enqueued repos page=9 mode=listRepos inserted=500 repos_returned=500 next_cursor=set
2026-03-04T09:36:19Z WARNING bsky_collector_v2.job.index_feed_generators: listRecords failed repo=did:plc:bmuhpyf3ysu2aadzv65eph7y err=HttpError('InvalidRequest: Could not find repo: did:plc:bmuhpyf3ysu2aadzv65eph7y')
2026-03-04T09:36:32Z WARNING bsky_collector_v2.job.index_feed_generators: listRecords failed repo=did:plc:fwlsu3gvspdfocsttanrxxap err=HttpError('InvalidRequest: Could not find repo: did:plc:fwlsu3gvspdfocsttanrxxap')
2026-03-04T09:37:02Z INFO bsky_collector_v2.job.index_feed_generators: indexed repo=did:plc:qd2zd7hmysiodsbx5sktpqr3 part=268 records=1 next_cursor=set
2026-03-04T09:37:32Z WARNING bsky_collector_v2.job.index_feed_generators: listRecords failed repo=did:plc:bmuhpyf3ysu2aadzv65eph7y err=HttpError('InvalidRequest: Could not find repo: did:plc:bmuhpyf3ysu2aadzv65eph7y')
2026-03-04T09:37:32Z WARNING bsky_collector_v2.job.index_feed_generators: listRecords failed repo=did:plc:fwlsu3gvspdfocsttanrxxap err=HttpError('InvalidRequest: Could not find repo: did:plc:fwlsu3gvspdfocsttanrxxap')
2026-03-04T09:37:32Z WARNING bsky_collector_v2.job.index_feed_generators: listRecords failed repo=did:plc:bmuhpyf3ysu2aadzv65eph7y err=HttpError('InvalidRequest: Could not find repo: did:plc:bmuhpyf3ysu2aadzv65eph7y')
2026-03-04T09:37:32Z WARNING bsky_collector_v2.job.index_feed_generators: listRecords failed repo=did:plc:fwlsu3gvspdfocsttanrxxap err=HttpError('InvalidRequest: Could not find repo: did:plc:fwlsu3gvspdfocsttanrxxap')
2026-03-04T09:37:33Z INFO bsky_collector_v2.job.index_feed_generators: enqueued repos page=10 mode=listRepos inserted=500 repos_returned=500 next_cursor=set
2026-03-04T09:39:27Z INFO bsky_collector_v2.job.index_feed_generators: enqueued repos page=11 mode=listRepos inserted=500 repos_returned=500 next_cursor=set
2026-03-04T09:39:28Z WARNING bsky_collector_v2.job.index_feed_generators: listRecords failed repo=did:plc:2e624jyq5hgkh5w62wm7alz2 err=HttpError('InvalidRequest: Could not find repo: did:plc:2e624jyq5hgkh5w62wm7alz2')
2026-03-04T09:39:41Z WARNING bsky_collector_v2.job.index_feed_generators: listRecords failed repo=did:plc:55xauq2oi5gftjgqycm2irhf err=HttpError('InvalidRequest: Could not find repo: did:plc:55xauq2oi5gftjgqycm2irhf')
2026-03-04T09:39:54Z INFO bsky_collector_v2.job.index_feed_generators: indexed repo=did:plc:au3h4u6fkyo4ygmtqzirtsjs part=269 records=3 next_cursor=set
2026-03-04T09:40:26Z WARNING bsky_collector_v2.job.index_feed_generators: listRecords failed repo=did:plc:ktfzzznziwgrlibs2ituxu7s err=HttpError('InvalidRequest: Could not find repo: did:plc:ktfzzznziwgrlibs2ituxu7s')
2026-03-04T09:40:51Z INFO bsky_collector_v2.job.index_feed_generators: indexed repo=did:plc:s7hebxiedonv6r3u3wsag3rj part=270 records=5 next_cursor=set
2026-03-04T09:41:18Z WARNING bsky_collector_v2.job.index_feed_generators: listRecords failed repo=did:plc:2e624jyq5hgkh5w62wm7alz2 err=HttpError('InvalidRequest: Could not find repo: did:plc:2e624jyq5hgkh5w62wm7alz2')
2026-03-04T09:41:18Z WARNING bsky_collector_v2.job.index_feed_generators: listRecords failed repo=did:plc:55xauq2oi5gftjgqycm2irhf err=HttpError('InvalidRequest: Could not find repo: did:plc:55xauq2oi5gftjgqycm2irhf')
2026-03-04T09:41:18Z WARNING bsky_collector_v2.job.index_feed_generators: listRecords failed repo=did:plc:ktfzzznziwgrlibs2ituxu7s err=HttpError('InvalidRequest: Could not find repo: did:plc:ktfzzznziwgrlibs2ituxu7s')
2026-03-04T09:41:18Z WARNING bsky_collector_v2.job.index_feed_generators: listRecords failed repo=did:plc:2e624jyq5hgkh5w62wm7alz2 err=HttpError('InvalidRequest: Could not find repo: did:plc:2e624jyq5hgkh5w62wm7alz2')
2026-03-04T09:41:18Z WARNING bsky_collector_v2.job.index_feed_generators: listRecords failed repo=did:plc:55xauq2oi5gftjgqycm2irhf err=HttpError('InvalidRequest: Could not find repo: did:plc:55xauq2oi5gftjgqycm2irhf')
2026-03-04T09:41:18Z WARNING bsky_collector_v2.job.index_feed_generators: listRecords failed repo=did:plc:ktfzzznziwgrlibs2ituxu7s err=HttpError('InvalidRequest: Could not find repo: did:plc:ktfzzznziwgrlibs2ituxu7s')
2026-03-04T09:41:19Z INFO bsky_collector_v2.job.index_feed_generators: enqueued repos page=12 mode=listRepos inserted=500 repos_returned=500 next_cursor=set
2026-03-04T09:41:36Z WARNING bsky_collector_v2.job.index_feed_generators: listRecords failed repo=did:plc:a2kceff756zcp5fkwp7hrxpg err=HttpError('InvalidRequest: Could not find repo: did:plc:a2kceff756zcp5fkwp7hrxpg')
2026-03-04T09:41:51Z INFO bsky_collector_v2.job.index_feed_generators: indexed repo=did:plc:f75xxgjvkewcxyf7wyvybis4 part=271 records=1 next_cursor=set
2026-03-04T09:42:39Z INFO bsky_collector_v2.job.index_feed_generators: indexed repo=did:plc:u3mzycclw4ovuxeuj73sm53w part=272 records=1 next_cursor=set
2026-03-04T09:42:55Z WARNING bsky_collector_v2.job.index_feed_generators: listRecords failed repo=did:plc:a2kceff756zcp5fkwp7hrxpg err=HttpError('InvalidRequest: Could not find repo: did:plc:a2kceff756zcp5fkwp7hrxpg')
2026-03-04T09:42:56Z WARNING bsky_collector_v2.job.index_feed_generators: listRecords failed repo=did:plc:a2kceff756zcp5fkwp7hrxpg err=HttpError('InvalidRequest: Could not find repo: did:plc:a2kceff756zcp5fkwp7hrxpg')
2026-03-04T09:42:56Z INFO bsky_collector_v2.job.index_feed_generators: enqueued repos page=13 mode=listRepos inserted=500 repos_returned=500 next_cursor=set
2026-03-04T09:43:07Z WARNING bsky_collector_v2.job.index_feed_generators: listRecords failed repo=did:plc:5v3c6vk7dqnnjbrxsuhiu3hq err=HttpError('InvalidRequest: Could not find repo: did:plc:5v3c6vk7dqnnjbrxsuhiu3hq')
2026-03-04T09:44:44Z WARNING bsky_collector_v2.job.index_feed_generators: listRecords failed repo=did:plc:5v3c6vk7dqnnjbrxsuhiu3hq err=HttpError('InvalidRequest: Could not find repo: did:plc:5v3c6vk7dqnnjbrxsuhiu3hq')
2026-03-04T09:44:44Z WARNING bsky_collector_v2.job.index_feed_generators: listRecords failed repo=did:plc:5v3c6vk7dqnnjbrxsuhiu3hq err=HttpError('InvalidRequest: Could not find repo: did:plc:5v3c6vk7dqnnjbrxsuhiu3hq')
2026-03-04T09:44:45Z INFO bsky_collector_v2.job.index_feed_generators: enqueued repos page=14 mode=listRepos inserted=500 repos_returned=500 next_cursor=set
2026-03-04T09:45:06Z WARNING bsky_collector_v2.job.index_feed_generators: listRecords failed repo=did:plc:awfqiuhee5livd5k6rw4fws7 err=HttpError('InvalidRequest: Could not find repo: did:plc:awfqiuhee5livd5k6rw4fws7')
2026-03-04T09:45:26Z INFO bsky_collector_v2.job.index_feed_generators: indexed repo=did:plc:ga46vxzd2ndhczwuphrpwvqo part=273 records=1 next_cursor=set
2026-03-04T09:45:27Z INFO bsky_collector_v2.job.index_feed_generators: indexed repo=did:plc:gg6rtcaivvlrm3q6vtuioyis part=274 records=2 next_cursor=set
2026-03-04T09:46:34Z WARNING bsky_collector_v2.job.index_feed_generators: listRecords failed repo=did:plc:awfqiuhee5livd5k6rw4fws7 err=HttpError('InvalidRequest: Could not find repo: did:plc:awfqiuhee5livd5k6rw4fws7')
2026-03-04T09:46:34Z WARNING bsky_collector_v2.job.index_feed_generators: listRecords failed repo=did:plc:awfqiuhee5livd5k6rw4fws7 err=HttpError('InvalidRequest: Could not find repo: did:plc:awfqiuhee5livd5k6rw4fws7')
2026-03-04T09:46:35Z INFO bsky_collector_v2.job.index_feed_generators: enqueued repos page=15 mode=listRepos inserted=500 repos_returned=500 next_cursor=set
2026-03-04T09:48:21Z INFO bsky_collector_v2.job.index_feed_generators: enqueued repos page=16 mode=listRepos inserted=500 repos_returned=500 next_cursor=set
2026-03-04T09:49:12Z INFO bsky_collector_v2.job.index_feed_generators: indexed repo=did:plc:iqtfc3b4b7hstdgtqb44e4qq part=275 records=4 next_cursor=set
2026-03-04T09:49:18Z INFO bsky_collector_v2.job.index_feed_generators: indexed repo=did:plc:klrwdam4i4j2slnmrbskpvar part=276 records=3 next_cursor=set
2026-03-04T09:50:01Z INFO bsky_collector_v2.job.index_feed_generators: enqueued repos page=17 mode=listRepos inserted=500 repos_returned=500 next_cursor=set
2026-03-04T09:50:12Z WARNING bsky_collector_v2.job.index_feed_generators: listRecords failed repo=did:plc:6itt3jamtj5nrphe2a3stvhe err=HttpError('InvalidRequest: Could not find repo: did:plc:6itt3jamtj5nrphe2a3stvhe')
2026-03-04T09:51:10Z WARNING bsky_collector_v2.job.index_feed_generators: listRecords failed repo=did:plc:smktxepb2wtnyzccj3b6lxag err=HttpError('InvalidRequest: Could not find repo: did:plc:smktxepb2wtnyzccj3b6lxag')
2026-03-04T09:51:32Z INFO bsky_collector_v2.job.index_feed_generators: indexed repo=did:plc:zchnaahdcy54ooe4viflstqx part=277 records=1 next_cursor=set
2026-03-04T09:51:34Z WARNING bsky_collector_v2.job.index_feed_generators: listRecords failed repo=did:plc:6itt3jamtj5nrphe2a3stvhe err=HttpError('InvalidRequest: Could not find repo: did:plc:6itt3jamtj5nrphe2a3stvhe')
2026-03-04T09:51:34Z WARNING bsky_collector_v2.job.index_feed_generators: listRecords failed repo=did:plc:smktxepb2wtnyzccj3b6lxag err=HttpError('InvalidRequest: Could not find repo: did:plc:smktxepb2wtnyzccj3b6lxag')
2026-03-04T09:51:35Z WARNING bsky_collector_v2.job.index_feed_generators: listRecords failed repo=did:plc:6itt3jamtj5nrphe2a3stvhe err=HttpError('InvalidRequest: Could not find repo: did:plc:6itt3jamtj5nrphe2a3stvhe')
2026-03-04T09:51:35Z WARNING bsky_collector_v2.job.index_feed_generators: listRecords failed repo=did:plc:smktxepb2wtnyzccj3b6lxag err=HttpError('InvalidRequest: Could not find repo: did:plc:smktxepb2wtnyzccj3b6lxag')
2026-03-04T09:51:35Z INFO bsky_collector_v2.job.index_feed_generators: enqueued repos page=18 mode=listRepos inserted=500 repos_returned=500 next_cursor=set
2026-03-04T09:51:57Z WARNING bsky_collector_v2.job.index_feed_generators: listRecords failed repo=did:plc:c63mhuyyctigt3o2nv7dpchn err=HttpError('InvalidRequest: Could not find repo: did:plc:c63mhuyyctigt3o2nv7dpchn')
2026-03-04T09:53:37Z WARNING bsky_collector_v2.job.index_feed_generators: listRecords failed repo=did:plc:c63mhuyyctigt3o2nv7dpchn err=HttpError('InvalidRequest: Could not find repo: did:plc:c63mhuyyctigt3o2nv7dpchn')
2026-03-04T09:53:37Z WARNING bsky_collector_v2.job.index_feed_generators: listRecords failed repo=did:plc:c63mhuyyctigt3o2nv7dpchn err=HttpError('InvalidRequest: Could not find repo: did:plc:c63mhuyyctigt3o2nv7dpchn')
2026-03-04T09:53:38Z INFO bsky_collector_v2.job.index_feed_generators: enqueued repos page=19 mode=listRepos inserted=500 repos_returned=500 next_cursor=set
2026-03-04T09:53:41Z WARNING bsky_collector_v2.job.index_feed_generators: listRecords failed repo=did:plc:2qsafuzrmtzgax6pg57gt3pu err=HttpError('InvalidRequest: Could not find repo: did:plc:2qsafuzrmtzgax6pg57gt3pu')
2026-03-04T09:54:22Z WARNING bsky_collector_v2.job.index_feed_generators: listRecords failed repo=did:plc:ixgsm6yigjrz4iglrih7omlc err=HttpError('InvalidRequest: Could not find repo: did:plc:ixgsm6yigjrz4iglrih7omlc')
2026-03-04T09:54:55Z WARNING bsky_collector_v2.job.index_feed_generators: listRecords failed repo=did:plc:u5fni4xrglyn7hrktzlmc2xe err=HttpError('InvalidRequest: Could not find repo: did:plc:u5fni4xrglyn7hrktzlmc2xe')
2026-03-04T09:55:12Z WARNING bsky_collector_v2.job.index_feed_generators: listRecords failed repo=did:plc:2qsafuzrmtzgax6pg57gt3pu err=HttpError('InvalidRequest: Could not find repo: did:plc:2qsafuzrmtzgax6pg57gt3pu')
2026-03-04T09:55:12Z WARNING bsky_collector_v2.job.index_feed_generators: listRecords failed repo=did:plc:ixgsm6yigjrz4iglrih7omlc err=HttpError('InvalidRequest: Could not find repo: did:plc:ixgsm6yigjrz4iglrih7omlc')
2026-03-04T09:55:12Z WARNING bsky_collector_v2.job.index_feed_generators: listRecords failed repo=did:plc:u5fni4xrglyn7hrktzlmc2xe err=HttpError('InvalidRequest: Could not find repo: did:plc:u5fni4xrglyn7hrktzlmc2xe')
2026-03-04T09:55:12Z WARNING bsky_collector_v2.job.index_feed_generators: listRecords failed repo=did:plc:2qsafuzrmtzgax6pg57gt3pu err=HttpError('InvalidRequest: Could not find repo: did:plc:2qsafuzrmtzgax6pg57gt3pu')
2026-03-04T09:55:12Z WARNING bsky_collector_v2.job.index_feed_generators: listRecords failed repo=did:plc:ixgsm6yigjrz4iglrih7omlc err=HttpError('InvalidRequest: Could not find repo: did:plc:ixgsm6yigjrz4iglrih7omlc')
2026-03-04T09:55:12Z WARNING bsky_collector_v2.job.index_feed_generators: listRecords failed repo=did:plc:u5fni4xrglyn7hrktzlmc2xe err=HttpError('InvalidRequest: Could not find repo: did:plc:u5fni4xrglyn7hrktzlmc2xe')
2026-03-04T09:55:13Z INFO bsky_collector_v2.job.index_feed_generators: enqueued repos page=20 mode=listRepos inserted=500 repos_returned=500 next_cursor=set
2026-03-04T09:55:21Z WARNING bsky_collector_v2.job.index_feed_generators: listRecords failed repo=did:plc:553s6nfqv6r5wuuelsclava2 err=HttpError('InvalidRequest: Could not find repo: did:plc:553s6nfqv6r5wuuelsclava2')
2026-03-04T09:55:27Z WARNING bsky_collector_v2.job.index_feed_generators: listRecords failed repo=did:plc:7ftumgm2lqk5cgbvtbwytvn6 err=HttpError('InvalidRequest: Could not find repo: did:plc:7ftumgm2lqk5cgbvtbwytvn6')
2026-03-04T09:55:42Z INFO bsky_collector_v2.job.index_feed_generators: indexed repo=did:plc:e3pnlkgvcnwxbiprpdpp7xqe part=278 records=1 next_cursor=set
2026-03-04T09:56:01Z WARNING bsky_collector_v2.job.index_feed_generators: listRecords failed repo=did:plc:l6ir7qwjmbv6l6q23j7pqwt2 err=HttpError('InvalidRequest: Could not find repo: did:plc:l6ir7qwjmbv6l6q23j7pqwt2')
2026-03-04T09:56:02Z WARNING bsky_collector_v2.job.index_feed_generators: listRecords failed repo=did:plc:lbgnvgzwjeufnne4lq67bwr7 err=HttpError('InvalidRequest: Could not find repo: did:plc:lbgnvgzwjeufnne4lq67bwr7')
2026-03-04T09:56:35Z INFO bsky_collector_v2.job.index_feed_generators: indexed repo=did:plc:xcqgpftemd4p35pjbvpz7w3c part=279 records=1 next_cursor=set
2026-03-04T09:56:44Z WARNING bsky_collector_v2.job.index_feed_generators: listRecords failed repo=did:plc:553s6nfqv6r5wuuelsclava2 err=HttpError('InvalidRequest: Could not find repo: did:plc:553s6nfqv6r5wuuelsclava2')
2026-03-04T09:56:44Z WARNING bsky_collector_v2.job.index_feed_generators: listRecords failed repo=did:plc:7ftumgm2lqk5cgbvtbwytvn6 err=HttpError('InvalidRequest: Could not find repo: did:plc:7ftumgm2lqk5cgbvtbwytvn6')
2026-03-04T09:56:45Z WARNING bsky_collector_v2.job.index_feed_generators: listRecords failed repo=did:plc:l6ir7qwjmbv6l6q23j7pqwt2 err=HttpError('InvalidRequest: Could not find repo: did:plc:l6ir7qwjmbv6l6q23j7pqwt2')
2026-03-04T09:56:45Z WARNING bsky_collector_v2.job.index_feed_generators: listRecords failed repo=did:plc:lbgnvgzwjeufnne4lq67bwr7 err=HttpError('InvalidRequest: Could not find repo: did:plc:lbgnvgzwjeufnne4lq67bwr7')
2026-03-04T09:56:45Z WARNING bsky_collector_v2.job.index_feed_generators: listRecords failed repo=did:plc:553s6nfqv6r5wuuelsclava2 err=HttpError('InvalidRequest: Could not find repo: did:plc:553s6nfqv6r5wuuelsclava2')
2026-03-04T09:56:45Z WARNING bsky_collector_v2.job.index_feed_generators: listRecords failed repo=did:plc:7ftumgm2lqk5cgbvtbwytvn6 err=HttpError('InvalidRequest: Could not find repo: did:plc:7ftumgm2lqk5cgbvtbwytvn6')
2026-03-04T09:56:45Z WARNING bsky_collector_v2.job.index_feed_generators: listRecords failed repo=did:plc:l6ir7qwjmbv6l6q23j7pqwt2 err=HttpError('InvalidRequest: Could not find repo: did:plc:l6ir7qwjmbv6l6q23j7pqwt2')
2026-03-04T09:56:45Z WARNING bsky_collector_v2.job.index_feed_generators: listRecords failed repo=did:plc:lbgnvgzwjeufnne4lq67bwr7 err=HttpError('InvalidRequest: Could not find repo: did:plc:lbgnvgzwjeufnne4lq67bwr7')
2026-03-04T09:56:46Z INFO bsky_collector_v2.job.index_feed_generators: enqueued repos page=21 mode=listRepos inserted=500 repos_returned=500 next_cursor=set
2026-03-04T09:56:46Z INFO bsky_collector_v2.job.index_feed_generators: indexed repo=did:plc:2cpx47bfplswmlto6zoslx2f part=280 records=1 next_cursor=set
2026-03-04T09:57:31Z INFO bsky_collector_v2.job.index_feed_generators: indexed repo=did:plc:fx4gei5mi3y3qgaojj43b5eg part=281 records=6 next_cursor=set
2026-03-04T09:58:00Z WARNING bsky_collector_v2.job.index_feed_generators: listRecords failed repo=did:plc:nep5zldqcwdnaqgu2s3mrrff err=HttpError('InvalidRequest: Could not find repo: did:plc:nep5zldqcwdnaqgu2s3mrrff')
2026-03-04T09:58:20Z INFO bsky_collector_v2.job.index_feed_generators: indexed repo=did:plc:teydmwy5ebuzysppmrnp2p3v part=282 records=1 next_cursor=set
2026-03-04T09:58:41Z WARNING bsky_collector_v2.job.index_feed_generators: listRecords failed repo=did:plc:nep5zldqcwdnaqgu2s3mrrff err=HttpError('InvalidRequest: Could not find repo: did:plc:nep5zldqcwdnaqgu2s3mrrff')
2026-03-04T09:58:42Z WARNING bsky_collector_v2.job.index_feed_generators: listRecords failed repo=did:plc:nep5zldqcwdnaqgu2s3mrrff err=HttpError('InvalidRequest: Could not find repo: did:plc:nep5zldqcwdnaqgu2s3mrrff')
2026-03-04T09:58:42Z INFO bsky_collector_v2.job.index_feed_generators: enqueued repos page=22 mode=listRepos inserted=500 repos_returned=500 next_cursor=set
2026-03-04T10:00:24Z INFO bsky_collector_v2.job.index_feed_generators: enqueued repos page=23 mode=listRepos inserted=500 repos_returned=500 next_cursor=set
2026-03-04T10:02:06Z INFO bsky_collector_v2.job.index_feed_generators: enqueued repos page=24 mode=listRepos inserted=500 repos_returned=500 next_cursor=set
2026-03-04T10:02:52Z INFO bsky_collector_v2.job.index_feed_generators: indexed repo=did:plc:f4o5ugn7zgdhafgmqzshe2ou part=283 records=1 next_cursor=set
2026-03-04T10:02:57Z INFO bsky_collector_v2.job.index_feed_generators: indexed repo=did:plc:h4dtkc2oedcno6lpsqypi7f5 part=284 records=1 next_cursor=set
2026-03-04T10:03:52Z INFO bsky_collector_v2.job.index_feed_generators: enqueued repos page=25 mode=listRepos inserted=500 repos_returned=500 next_cursor=set
2026-03-04T10:05:09Z INFO bsky_collector_v2.job.index_feed_generators: indexed repo=did:plc:urm74y6wkw4ljvwl2r5ss2cl part=285 records=1 next_cursor=set
2026-03-04T10:05:24Z WARNING bsky_collector_v2.job.index_feed_generators: listRecords failed repo=did:plc:xn5atubd24mc4iwrbkligcxw err=HttpError('InvalidRequest: Could not find repo: did:plc:xn5atubd24mc4iwrbkligcxw')
2026-03-04T10:05:36Z WARNING bsky_collector_v2.job.index_feed_generators: listRecords failed repo=did:plc:xn5atubd24mc4iwrbkligcxw err=HttpError('InvalidRequest: Could not find repo: did:plc:xn5atubd24mc4iwrbkligcxw')
2026-03-04T10:05:36Z WARNING bsky_collector_v2.job.index_feed_generators: listRecords failed repo=did:plc:xn5atubd24mc4iwrbkligcxw err=HttpError('InvalidRequest: Could not find repo: did:plc:xn5atubd24mc4iwrbkligcxw')
2026-03-04T10:05:36Z INFO bsky_collector_v2.job.index_feed_generators: enqueued repos page=26 mode=listRepos inserted=500 repos_returned=500 next_cursor=set
2026-03-04T10:06:11Z WARNING bsky_collector_v2.job.index_feed_generators: listRecords failed repo=did:plc:et57eli3bn5jeoyznecwxszk err=HttpError('InvalidRequest: Could not find repo: did:plc:et57eli3bn5jeoyznecwxszk')
2026-03-04T10:07:10Z WARNING bsky_collector_v2.job.index_feed_generators: listRecords failed repo=did:plc:et57eli3bn5jeoyznecwxszk err=HttpError('InvalidRequest: Could not find repo: did:plc:et57eli3bn5jeoyznecwxszk')
2026-03-04T10:07:10Z WARNING bsky_collector_v2.job.index_feed_generators: listRecords failed repo=did:plc:et57eli3bn5jeoyznecwxszk err=HttpError('InvalidRequest: Could not find repo: did:plc:et57eli3bn5jeoyznecwxszk')
2026-03-04T10:07:11Z INFO bsky_collector_v2.job.index_feed_generators: enqueued repos page=27 mode=listRepos inserted=500 repos_returned=500 next_cursor=set
2026-03-04T10:07:23Z INFO bsky_collector_v2.job.index_feed_generators: indexed repo=did:plc:6skhgojoyf5exgpfxorybnoc part=286 records=1 next_cursor=set
2026-03-04T10:08:23Z WARNING bsky_collector_v2.job.index_feed_generators: listRecords failed repo=did:plc:uxjqbuzf2y5mpstl3s3nqmk3 err=HttpError('InvalidRequest: Could not find repo: did:plc:uxjqbuzf2y5mpstl3s3nqmk3')
2026-03-04T10:08:42Z WARNING bsky_collector_v2.job.index_feed_generators: listRecords failed repo=did:plc:uxjqbuzf2y5mpstl3s3nqmk3 err=HttpError('InvalidRequest: Could not find repo: did:plc:uxjqbuzf2y5mpstl3s3nqmk3')
2026-03-04T10:08:42Z WARNING bsky_collector_v2.job.index_feed_generators: listRecords failed repo=did:plc:uxjqbuzf2y5mpstl3s3nqmk3 err=HttpError('InvalidRequest: Could not find repo: did:plc:uxjqbuzf2y5mpstl3s3nqmk3')
2026-03-04T10:08:42Z INFO bsky_collector_v2.job.index_feed_generators: enqueued repos page=28 mode=listRepos inserted=500 repos_returned=500 next_cursor=set
2026-03-04T10:09:09Z WARNING bsky_collector_v2.job.index_feed_generators: listRecords failed repo=did:plc:cp3vj6nkxf4ax7ewpmsrh67g err=HttpError('InvalidRequest: Could not find repo: did:plc:cp3vj6nkxf4ax7ewpmsrh67g')
2026-03-04T10:10:16Z WARNING bsky_collector_v2.job.index_feed_generators: listRecords failed repo=did:plc:cp3vj6nkxf4ax7ewpmsrh67g err=HttpError('InvalidRequest: Could not find repo: did:plc:cp3vj6nkxf4ax7ewpmsrh67g')
2026-03-04T10:10:16Z WARNING bsky_collector_v2.job.index_feed_generators: listRecords failed repo=did:plc:cp3vj6nkxf4ax7ewpmsrh67g err=HttpError('InvalidRequest: Could not find repo: did:plc:cp3vj6nkxf4ax7ewpmsrh67g')
2026-03-04T10:10:17Z INFO bsky_collector_v2.job.index_feed_generators: enqueued repos page=29 mode=listRepos inserted=500 repos_returned=500 next_cursor=set
2026-03-04T10:10:31Z WARNING bsky_collector_v2.job.index_feed_generators: listRecords failed repo=did:plc:7gqnqllzvadfz4uochgsqkm6 err=HttpError('InvalidRequest: Could not find repo: did:plc:7gqnqllzvadfz4uochgsqkm6')
2026-03-04T10:11:17Z WARNING bsky_collector_v2.job.index_feed_generators: listRecords failed repo=did:plc:lg2hvmunqrlik5qepn7uijyi err=HttpError('InvalidRequest: Could not find repo: did:plc:lg2hvmunqrlik5qepn7uijyi')
2026-03-04T10:11:58Z WARNING bsky_collector_v2.job.index_feed_generators: listRecords failed repo=did:plc:7gqnqllzvadfz4uochgsqkm6 err=HttpError('InvalidRequest: Could not find repo: did:plc:7gqnqllzvadfz4uochgsqkm6')
2026-03-04T10:11:58Z WARNING bsky_collector_v2.job.index_feed_generators: listRecords failed repo=did:plc:lg2hvmunqrlik5qepn7uijyi err=HttpError('InvalidRequest: Could not find repo: did:plc:lg2hvmunqrlik5qepn7uijyi')
2026-03-04T10:11:58Z WARNING bsky_collector_v2.job.index_feed_generators: listRecords failed repo=did:plc:7gqnqllzvadfz4uochgsqkm6 err=HttpError('InvalidRequest: Could not find repo: did:plc:7gqnqllzvadfz4uochgsqkm6')
2026-03-04T10:11:58Z WARNING bsky_collector_v2.job.index_feed_generators: listRecords failed repo=did:plc:lg2hvmunqrlik5qepn7uijyi err=HttpError('InvalidRequest: Could not find repo: did:plc:lg2hvmunqrlik5qepn7uijyi')
2026-03-04T10:11:59Z INFO bsky_collector_v2.job.index_feed_generators: enqueued repos page=30 mode=listRepos inserted=500 repos_returned=500 next_cursor=set
2026-03-04T10:12:10Z INFO bsky_collector_v2.job.index_feed_generators: indexed repo=did:plc:62uwfztukomyjyqsw6eqlzfr part=287 records=1 next_cursor=set
2026-03-04T10:13:41Z INFO bsky_collector_v2.job.index_feed_generators: enqueued repos page=31 mode=listRepos inserted=500 repos_returned=500 next_cursor=set
2026-03-04T10:14:37Z WARNING bsky_collector_v2.job.index_feed_generators: listRecords failed repo=did:plc:jettysisyo6fpb3z25trbun7 err=HttpError('InvalidRequest: Could not find repo: did:plc:jettysisyo6fpb3z25trbun7')
2026-03-04T10:14:40Z WARNING bsky_collector_v2.job.index_feed_generators: listRecords failed repo=did:plc:kgy2qezhu444bhc6vutznjne err=HttpError('InvalidRequest: Could not find repo: did:plc:kgy2qezhu444bhc6vutznjne')
2026-03-04T10:15:34Z WARNING bsky_collector_v2.job.index_feed_generators: listRecords failed repo=did:plc:jettysisyo6fpb3z25trbun7 err=HttpError('InvalidRequest: Could not find repo: did:plc:jettysisyo6fpb3z25trbun7')
2026-03-04T10:15:34Z WARNING bsky_collector_v2.job.index_feed_generators: listRecords failed repo=did:plc:kgy2qezhu444bhc6vutznjne err=HttpError('InvalidRequest: Could not find repo: did:plc:kgy2qezhu444bhc6vutznjne')
2026-03-04T10:15:34Z WARNING bsky_collector_v2.job.index_feed_generators: listRecords failed repo=did:plc:jettysisyo6fpb3z25trbun7 err=HttpError('InvalidRequest: Could not find repo: did:plc:jettysisyo6fpb3z25trbun7')
2026-03-04T10:15:34Z WARNING bsky_collector_v2.job.index_feed_generators: listRecords failed repo=did:plc:kgy2qezhu444bhc6vutznjne err=HttpError('InvalidRequest: Could not find repo: did:plc:kgy2qezhu444bhc6vutznjne')
2026-03-04T10:15:35Z INFO bsky_collector_v2.job.index_feed_generators: enqueued repos page=32 mode=listRepos inserted=500 repos_returned=500 next_cursor=set
2026-03-04T10:15:52Z INFO bsky_collector_v2.job.index_feed_generators: indexed repo=did:plc:4qpablkx6ylhaufubhg3lnds part=288 records=2 next_cursor=set
