2026-03-09T16:41:22Z INFO bsky_collector_v2: out_base ok path=D:\BlueSky\data_v2_full mount=D:\
2026-03-09T16:41:22Z INFO bsky_collector_v2: job start subcommand=index-feed-generators dry_run=False resume=True
2026-03-09T16:41:22Z INFO bsky_collector_v2.job.index_feed_generators: feed generator index hosts relay_host=https://bsky.network records_host=https://bsky.social auth=yes
2026-03-09T16:41:49Z WARNING bsky_collector_v2.job.index_feed_generators: listRecords failed repo=did:plc:y4u2prf7tp6plnv5mtzinc2o err=HttpError('InvalidRequest: Could not find repo: did:plc:y4u2prf7tp6plnv5mtzinc2o')
2026-03-09T16:41:54Z WARNING bsky_collector_v2.job.index_feed_generators: listRecords failed repo=did:plc:2ktdfl3vfxva6zrgsvmya6ml err=HttpError('InvalidRequest: Could not find repo: did:plc:2ktdfl3vfxva6zrgsvmya6ml')
2026-03-09T16:41:54Z WARNING bsky_collector_v2.job.index_feed_generators: listRecords failed repo=did:plc:fvyw3anera7y45hmkojgkyv7 err=HttpError('InvalidRequest: Could not find repo: did:plc:fvyw3anera7y45hmkojgkyv7')
2026-03-09T16:41:54Z WARNING bsky_collector_v2.job.index_feed_generators: listRecords failed repo=did:plc:y4u2prf7tp6plnv5mtzinc2o err=HttpError('InvalidRequest: Could not find repo: did:plc:y4u2prf7tp6plnv5mtzinc2o')
2026-03-09T16:41:54Z WARNING bsky_collector_v2.job.index_feed_generators: listRecords failed repo=did:plc:2ktdfl3vfxva6zrgsvmya6ml err=HttpError('InvalidRequest: Could not find repo: did:plc:2ktdfl3vfxva6zrgsvmya6ml')
2026-03-09T16:41:55Z WARNING bsky_collector_v2.job.index_feed_generators: listRecords failed repo=did:plc:fvyw3anera7y45hmkojgkyv7 err=HttpError('InvalidRequest: Could not find repo: did:plc:fvyw3anera7y45hmkojgkyv7')
2026-03-09T16:41:55Z WARNING bsky_collector_v2.job.index_feed_generators: listRecords failed repo=did:plc:y4u2prf7tp6plnv5mtzinc2o err=HttpError('InvalidRequest: Could not find repo: did:plc:y4u2prf7tp6plnv5mtzinc2o')
2026-03-09T16:41:55Z INFO bsky_collector_v2.job.index_feed_generators: enqueued repos page=1 mode=listRepos inserted=500 repos_returned=500 next_cursor=set
2026-03-09T16:42:00Z INFO bsky_collector_v2.job.index_feed_generators: indexed repo=did:plc:43j73xnr2gdgs3wk5vyeqglt part=338 records=1 next_cursor=set
2026-03-09T16:42:05Z WARNING bsky_collector_v2.job.index_feed_generators: listRecords failed repo=did:plc:5r5yxwbmvdmjy5ful35jx3wv err=HttpError('InvalidRequest: Could not find repo: did:plc:5r5yxwbmvdmjy5ful35jx3wv')
2026-03-09T16:42:29Z WARNING bsky_collector_v2.job.index_feed_generators: listRecords failed repo=did:plc:fxkjo3o36bolnxyvkniu5kjz err=HttpError('InvalidRequest: Could not find repo: did:plc:fxkjo3o36bolnxyvkniu5kjz')
2026-03-09T16:42:32Z WARNING bsky_collector_v2.job.index_feed_generators: listRecords failed repo=did:plc:gxdujwwhl2dt5wvuvbld56hi err=HttpError('InvalidRequest: Could not find repo: did:plc:gxdujwwhl2dt5wvuvbld56hi')
2026-03-09T16:43:09Z WARNING bsky_collector_v2.job.index_feed_generators: listRecords failed repo=did:plc:tgjuus2vtb4ltjjfm2hartr7 err=HttpError('InvalidRequest: Could not find repo: did:plc:tgjuus2vtb4ltjjfm2hartr7')
2026-03-09T16:43:28Z WARNING bsky_collector_v2.job.index_feed_generators: listRecords failed repo=did:plc:5r5yxwbmvdmjy5ful35jx3wv err=HttpError('InvalidRequest: Could not find repo: did:plc:5r5yxwbmvdmjy5ful35jx3wv')
2026-03-09T16:43:28Z WARNING bsky_collector_v2.job.index_feed_generators: listRecords failed repo=did:plc:fxkjo3o36bolnxyvkniu5kjz err=HttpError('InvalidRequest: Could not find repo: did:plc:fxkjo3o36bolnxyvkniu5kjz')
2026-03-09T16:43:28Z WARNING bsky_collector_v2.job.index_feed_generators: listRecords failed repo=did:plc:gxdujwwhl2dt5wvuvbld56hi err=HttpError('InvalidRequest: Could not find repo: did:plc:gxdujwwhl2dt5wvuvbld56hi')
2026-03-09T16:43:29Z WARNING bsky_collector_v2.job.index_feed_generators: listRecords failed repo=did:plc:tgjuus2vtb4ltjjfm2hartr7 err=HttpError('InvalidRequest: Could not find repo: did:plc:tgjuus2vtb4ltjjfm2hartr7')
2026-03-09T16:43:29Z WARNING bsky_collector_v2.job.index_feed_generators: listRecords failed repo=did:plc:5r5yxwbmvdmjy5ful35jx3wv err=HttpError('InvalidRequest: Could not find repo: did:plc:5r5yxwbmvdmjy5ful35jx3wv')
2026-03-09T16:43:29Z WARNING bsky_collector_v2.job.index_feed_generators: listRecords failed repo=did:plc:fxkjo3o36bolnxyvkniu5kjz err=HttpError('InvalidRequest: Could not find repo: did:plc:fxkjo3o36bolnxyvkniu5kjz')
2026-03-09T16:43:29Z WARNING bsky_collector_v2.job.index_feed_generators: listRecords failed repo=did:plc:gxdujwwhl2dt5wvuvbld56hi err=HttpError('InvalidRequest: Could not find repo: did:plc:gxdujwwhl2dt5wvuvbld56hi')
2026-03-09T16:43:29Z WARNING bsky_collector_v2.job.index_feed_generators: listRecords failed repo=did:plc:tgjuus2vtb4ltjjfm2hartr7 err=HttpError('InvalidRequest: Could not find repo: did:plc:tgjuus2vtb4ltjjfm2hartr7')
2026-03-09T16:43:29Z INFO bsky_collector_v2.job.index_feed_generators: enqueued repos page=2 mode=listRepos inserted=500 repos_returned=500 next_cursor=set
2026-03-09T16:43:33Z WARNING bsky_collector_v2.job.index_feed_generators: listRecords failed repo=did:plc:36x7ijj2lo5nrajeezhukiji err=HttpError('InvalidRequest: Could not find repo: did:plc:36x7ijj2lo5nrajeezhukiji')
2026-03-09T16:43:42Z WARNING bsky_collector_v2.job.index_feed_generators: listRecords failed repo=did:plc:6sb3wit5j5776ylhwpiffy6w err=HttpError('InvalidRequest: Could not find repo: did:plc:6sb3wit5j5776ylhwpiffy6w')
2026-03-09T16:44:56Z INFO bsky_collector_v2.job.index_feed_generators: indexed repo=did:plc:yhbkbobm4ltpt7dg2bk3zdav part=339 records=2 next_cursor=set
2026-03-09T16:44:59Z WARNING bsky_collector_v2.job.index_feed_generators: listRecords failed repo=did:plc:z2op3cydbuqdfjh7ptrsi25r err=HttpError('InvalidRequest: Could not find repo: did:plc:z2op3cydbuqdfjh7ptrsi25r')
2026-03-09T16:45:01Z WARNING bsky_collector_v2.job.index_feed_generators: listRecords failed repo=did:plc:36x7ijj2lo5nrajeezhukiji err=HttpError('InvalidRequest: Could not find repo: did:plc:36x7ijj2lo5nrajeezhukiji')
2026-03-09T16:45:01Z WARNING bsky_collector_v2.job.index_feed_generators: listRecords failed repo=did:plc:6sb3wit5j5776ylhwpiffy6w err=HttpError('InvalidRequest: Could not find repo: did:plc:6sb3wit5j5776ylhwpiffy6w')
2026-03-09T16:45:01Z WARNING bsky_collector_v2.job.index_feed_generators: listRecords failed repo=did:plc:z2op3cydbuqdfjh7ptrsi25r err=HttpError('InvalidRequest: Could not find repo: did:plc:z2op3cydbuqdfjh7ptrsi25r')
2026-03-09T16:45:02Z WARNING bsky_collector_v2.job.index_feed_generators: listRecords failed repo=did:plc:36x7ijj2lo5nrajeezhukiji err=HttpError('InvalidRequest: Could not find repo: did:plc:36x7ijj2lo5nrajeezhukiji')
2026-03-09T16:45:02Z WARNING bsky_collector_v2.job.index_feed_generators: listRecords failed repo=did:plc:6sb3wit5j5776ylhwpiffy6w err=HttpError('InvalidRequest: Could not find repo: did:plc:6sb3wit5j5776ylhwpiffy6w')
2026-03-09T16:45:02Z WARNING bsky_collector_v2.job.index_feed_generators: listRecords failed repo=did:plc:z2op3cydbuqdfjh7ptrsi25r err=HttpError('InvalidRequest: Could not find repo: did:plc:z2op3cydbuqdfjh7ptrsi25r')
2026-03-09T16:45:02Z INFO bsky_collector_v2.job.index_feed_generators: enqueued repos page=3 mode=listRepos inserted=500 repos_returned=500 next_cursor=set
2026-03-09T16:45:11Z WARNING bsky_collector_v2.job.index_feed_generators: listRecords failed repo=did:plc:4rsfejxkc3eftilpdfux7e2p err=HttpError('InvalidRequest: Could not find repo: did:plc:4rsfejxkc3eftilpdfux7e2p')
2026-03-09T16:45:47Z WARNING bsky_collector_v2.job.index_feed_generators: listRecords failed repo=did:plc:dzbnksth5e5sbqw2nmkceu6u err=HttpError('InvalidRequest: Could not find repo: did:plc:dzbnksth5e5sbqw2nmkceu6u')
2026-03-09T16:45:56Z WARNING bsky_collector_v2.job.index_feed_generators: listRecords failed repo=did:plc:heyi46bskmg2b7n4eujigx3s err=HttpError('InvalidRequest: Could not find repo: did:plc:heyi46bskmg2b7n4eujigx3s')
2026-03-09T16:46:44Z WARNING bsky_collector_v2.job.index_feed_generators: listRecords failed repo=did:plc:to43lkz5kxz3uotawozykfo2 err=HttpError('InvalidRequest: Could not find repo: did:plc:to43lkz5kxz3uotawozykfo2')
2026-03-09T16:47:03Z WARNING bsky_collector_v2.job.index_feed_generators: listRecords failed repo=did:plc:z3mie45cvmncof43glgj5y75 err=HttpError('InvalidRequest: Could not find repo: did:plc:z3mie45cvmncof43glgj5y75')
2026-03-09T16:47:06Z WARNING bsky_collector_v2.job.index_feed_generators: listRecords failed repo=did:plc:4rsfejxkc3eftilpdfux7e2p err=HttpError('InvalidRequest: Could not find repo: did:plc:4rsfejxkc3eftilpdfux7e2p')
2026-03-09T16:47:06Z WARNING bsky_collector_v2.job.index_feed_generators: listRecords failed repo=did:plc:dzbnksth5e5sbqw2nmkceu6u err=HttpError('InvalidRequest: Could not find repo: did:plc:dzbnksth5e5sbqw2nmkceu6u')
2026-03-09T16:47:06Z WARNING bsky_collector_v2.job.index_feed_generators: listRecords failed repo=did:plc:heyi46bskmg2b7n4eujigx3s err=HttpError('InvalidRequest: Could not find repo: did:plc:heyi46bskmg2b7n4eujigx3s')
2026-03-09T16:47:06Z WARNING bsky_collector_v2.job.index_feed_generators: listRecords failed repo=did:plc:to43lkz5kxz3uotawozykfo2 err=HttpError('InvalidRequest: Could not find repo: did:plc:to43lkz5kxz3uotawozykfo2')
2026-03-09T16:47:06Z WARNING bsky_collector_v2.job.index_feed_generators: listRecords failed repo=did:plc:z3mie45cvmncof43glgj5y75 err=HttpError('InvalidRequest: Could not find repo: did:plc:z3mie45cvmncof43glgj5y75')
2026-03-09T16:47:06Z WARNING bsky_collector_v2.job.index_feed_generators: listRecords failed repo=did:plc:4rsfejxkc3eftilpdfux7e2p err=HttpError('InvalidRequest: Could not find repo: did:plc:4rsfejxkc3eftilpdfux7e2p')
2026-03-09T16:47:06Z WARNING bsky_collector_v2.job.index_feed_generators: listRecords failed repo=did:plc:dzbnksth5e5sbqw2nmkceu6u err=HttpError('InvalidRequest: Could not find repo: did:plc:dzbnksth5e5sbqw2nmkceu6u')
2026-03-09T16:47:06Z WARNING bsky_collector_v2.job.index_feed_generators: listRecords failed repo=did:plc:heyi46bskmg2b7n4eujigx3s err=HttpError('InvalidRequest: Could not find repo: did:plc:heyi46bskmg2b7n4eujigx3s')
2026-03-09T16:47:06Z WARNING bsky_collector_v2.job.index_feed_generators: listRecords failed repo=did:plc:to43lkz5kxz3uotawozykfo2 err=HttpError('InvalidRequest: Could not find repo: did:plc:to43lkz5kxz3uotawozykfo2')
2026-03-09T16:47:06Z WARNING bsky_collector_v2.job.index_feed_generators: listRecords failed repo=did:plc:z3mie45cvmncof43glgj5y75 err=HttpError('InvalidRequest: Could not find repo: did:plc:z3mie45cvmncof43glgj5y75')
2026-03-09T16:47:07Z INFO bsky_collector_v2.job.index_feed_generators: enqueued repos page=4 mode=listRepos inserted=500 repos_returned=500 next_cursor=set
2026-03-09T16:47:19Z INFO bsky_collector_v2.job.index_feed_generators: indexed repo=did:plc:6h2krzhxu4krnm2mfwbflvsd part=340 records=2 next_cursor=set
2026-03-09T16:47:37Z WARNING bsky_collector_v2.job.index_feed_generators: listRecords failed repo=did:plc:fiojnl7rwym6twwpimjysgkx err=HttpError('InvalidRequest: Could not find repo: did:plc:fiojnl7rwym6twwpimjysgkx')
2026-03-09T16:48:00Z WARNING bsky_collector_v2.job.index_feed_generators: listRecords failed repo=did:plc:mukirht55y3ndalubm4mhy6l err=HttpError('InvalidRequest: Could not find repo: did:plc:mukirht55y3ndalubm4mhy6l')
2026-03-09T16:48:39Z WARNING bsky_collector_v2.job.index_feed_generators: listRecords failed repo=did:plc:fiojnl7rwym6twwpimjysgkx err=HttpError('InvalidRequest: Could not find repo: did:plc:fiojnl7rwym6twwpimjysgkx')
2026-03-09T16:48:39Z WARNING bsky_collector_v2.job.index_feed_generators: listRecords failed repo=did:plc:mukirht55y3ndalubm4mhy6l err=HttpError('InvalidRequest: Could not find repo: did:plc:mukirht55y3ndalubm4mhy6l')
2026-03-09T16:48:40Z WARNING bsky_collector_v2.job.index_feed_generators: listRecords failed repo=did:plc:fiojnl7rwym6twwpimjysgkx err=HttpError('InvalidRequest: Could not find repo: did:plc:fiojnl7rwym6twwpimjysgkx')
2026-03-09T16:48:40Z WARNING bsky_collector_v2.job.index_feed_generators: listRecords failed repo=did:plc:mukirht55y3ndalubm4mhy6l err=HttpError('InvalidRequest: Could not find repo: did:plc:mukirht55y3ndalubm4mhy6l')
2026-03-09T16:48:40Z INFO bsky_collector_v2.job.index_feed_generators: enqueued repos page=5 mode=listRepos inserted=500 repos_returned=500 next_cursor=set
2026-03-09T16:49:06Z WARNING bsky_collector_v2.job.index_feed_generators: listRecords failed repo=did:plc:db55kx63f5lcyyog5v2i5bjx err=HttpError('InvalidRequest: Could not find repo: did:plc:db55kx63f5lcyyog5v2i5bjx')
2026-03-09T16:50:08Z WARNING bsky_collector_v2.job.index_feed_generators: listRecords failed repo=did:plc:db55kx63f5lcyyog5v2i5bjx err=HttpError('InvalidRequest: Could not find repo: did:plc:db55kx63f5lcyyog5v2i5bjx')
2026-03-09T16:50:08Z WARNING bsky_collector_v2.job.index_feed_generators: listRecords failed repo=did:plc:db55kx63f5lcyyog5v2i5bjx err=HttpError('InvalidRequest: Could not find repo: did:plc:db55kx63f5lcyyog5v2i5bjx')
2026-03-09T16:50:09Z INFO bsky_collector_v2.job.index_feed_generators: enqueued repos page=6 mode=listRepos inserted=500 repos_returned=500 next_cursor=set
2026-03-09T16:50:41Z WARNING bsky_collector_v2.job.index_feed_generators: listRecords failed repo=did:plc:gg6zflxda4boem7svpyt3xxn err=HttpError('InvalidRequest: Could not find repo: did:plc:gg6zflxda4boem7svpyt3xxn')
2026-03-09T16:51:04Z INFO bsky_collector_v2.job.index_feed_generators: indexed repo=did:plc:o6m5cj5wusnnsfdcjoj6ovzc part=341 records=1 next_cursor=set
2026-03-09T16:51:31Z INFO bsky_collector_v2.job.index_feed_generators: indexed repo=did:plc:xirg6lzqhy2yb6k54pthjd2g part=342 records=1 next_cursor=set
2026-03-09T16:51:39Z WARNING bsky_collector_v2.job.index_feed_generators: listRecords failed repo=did:plc:gg6zflxda4boem7svpyt3xxn err=HttpError('InvalidRequest: Could not find repo: did:plc:gg6zflxda4boem7svpyt3xxn')
2026-03-09T16:51:39Z WARNING bsky_collector_v2.job.index_feed_generators: listRecords failed repo=did:plc:gg6zflxda4boem7svpyt3xxn err=HttpError('InvalidRequest: Could not find repo: did:plc:gg6zflxda4boem7svpyt3xxn')
2026-03-09T16:51:40Z INFO bsky_collector_v2.job.index_feed_generators: enqueued repos page=7 mode=listRepos inserted=500 repos_returned=500 next_cursor=set
2026-03-09T16:51:44Z WARNING bsky_collector_v2.job.index_feed_generators: listRecords failed repo=did:plc:3wyodgh34vwtkuhdnylbxse4 err=HttpError('InvalidRequest: Could not find repo: did:plc:3wyodgh34vwtkuhdnylbxse4')
2026-03-09T16:52:46Z WARNING bsky_collector_v2.job.index_feed_generators: listRecords failed repo=did:plc:pljtx2imgq3yaxqmffysestk err=HttpError('InvalidRequest: Could not find repo: did:plc:pljtx2imgq3yaxqmffysestk')
2026-03-09T16:53:01Z WARNING bsky_collector_v2.job.index_feed_generators: listRecords failed repo=did:plc:vtha472463wmvnxq5csrpggr err=HttpError('InvalidRequest: Could not find repo: did:plc:vtha472463wmvnxq5csrpggr')
2026-03-09T16:53:11Z WARNING bsky_collector_v2.job.index_feed_generators: listRecords failed repo=did:plc:3wyodgh34vwtkuhdnylbxse4 err=HttpError('InvalidRequest: Could not find repo: did:plc:3wyodgh34vwtkuhdnylbxse4')
2026-03-09T16:53:11Z WARNING bsky_collector_v2.job.index_feed_generators: listRecords failed repo=did:plc:pljtx2imgq3yaxqmffysestk err=HttpError('InvalidRequest: Could not find repo: did:plc:pljtx2imgq3yaxqmffysestk')
2026-03-09T16:53:11Z WARNING bsky_collector_v2.job.index_feed_generators: listRecords failed repo=did:plc:vtha472463wmvnxq5csrpggr err=HttpError('InvalidRequest: Could not find repo: did:plc:vtha472463wmvnxq5csrpggr')
2026-03-09T16:53:11Z WARNING bsky_collector_v2.job.index_feed_generators: listRecords failed repo=did:plc:3wyodgh34vwtkuhdnylbxse4 err=HttpError('InvalidRequest: Could not find repo: did:plc:3wyodgh34vwtkuhdnylbxse4')
2026-03-09T16:53:11Z WARNING bsky_collector_v2.job.index_feed_generators: listRecords failed repo=did:plc:pljtx2imgq3yaxqmffysestk err=HttpError('InvalidRequest: Could not find repo: did:plc:pljtx2imgq3yaxqmffysestk')
2026-03-09T16:53:11Z WARNING bsky_collector_v2.job.index_feed_generators: listRecords failed repo=did:plc:vtha472463wmvnxq5csrpggr err=HttpError('InvalidRequest: Could not find repo: did:plc:vtha472463wmvnxq5csrpggr')
2026-03-09T16:53:12Z INFO bsky_collector_v2.job.index_feed_generators: enqueued repos page=8 mode=listRepos inserted=500 repos_returned=500 next_cursor=set
2026-03-09T16:54:02Z WARNING bsky_collector_v2.job.index_feed_generators: listRecords failed repo=did:plc:lokxwhbjgmfcixeywudkkkmv err=HttpError('InvalidRequest: Could not find repo: did:plc:lokxwhbjgmfcixeywudkkkmv')
2026-03-09T16:54:06Z INFO bsky_collector_v2.job.index_feed_generators: indexed repo=did:plc:nagc224qgjgrcr5jakwrwqnf part=343 records=1 next_cursor=set
2026-03-09T16:54:42Z WARNING bsky_collector_v2.job.index_feed_generators: listRecords failed repo=did:plc:lokxwhbjgmfcixeywudkkkmv err=HttpError('InvalidRequest: Could not find repo: did:plc:lokxwhbjgmfcixeywudkkkmv')
2026-03-09T16:54:42Z WARNING bsky_collector_v2.job.index_feed_generators: listRecords failed repo=did:plc:lokxwhbjgmfcixeywudkkkmv err=HttpError('InvalidRequest: Could not find repo: did:plc:lokxwhbjgmfcixeywudkkkmv')
2026-03-09T16:54:43Z INFO bsky_collector_v2.job.index_feed_generators: enqueued repos page=9 mode=listRepos inserted=500 repos_returned=500 next_cursor=set
2026-03-09T16:54:50Z WARNING bsky_collector_v2.job.index_feed_generators: listRecords failed repo=did:plc:4rb6z74wuhxum4zal7z2k5dk err=HttpError('InvalidRequest: Could not find repo: did:plc:4rb6z74wuhxum4zal7z2k5dk')
2026-03-09T16:55:38Z WARNING bsky_collector_v2.job.index_feed_generators: listRecords failed repo=did:plc:mqmqz6rd7idrzimxiw6zjoz7 err=HttpError('InvalidRequest: Could not find repo: did:plc:mqmqz6rd7idrzimxiw6zjoz7')
2026-03-09T16:55:47Z WARNING bsky_collector_v2.job.index_feed_generators: listRecords failed repo=did:plc:pqmavaopj23ywpzkaas72yby err=HttpError('InvalidRequest: Could not find repo: did:plc:pqmavaopj23ywpzkaas72yby')
2026-03-09T16:55:49Z WARNING bsky_collector_v2.job.index_feed_generators: listRecords failed repo=did:plc:qvojslpp4nsbwmrdr4idsdmh err=HttpError('InvalidRequest: Could not find repo: did:plc:qvojslpp4nsbwmrdr4idsdmh')
2026-03-09T16:56:10Z INFO bsky_collector_v2.job.index_feed_generators: indexed repo=did:plc:yomn7emkaivr73nn7bmsintk part=344 records=4 next_cursor=set
2026-03-09T16:56:13Z INFO bsky_collector_v2.job.index_feed_generators: indexed repo=did:plc:zdannx57sqgutgy36eq5np76 part=345 records=2 next_cursor=set
2026-03-09T16:56:14Z WARNING bsky_collector_v2.job.index_feed_generators: listRecords failed repo=did:plc:4rb6z74wuhxum4zal7z2k5dk err=HttpError('InvalidRequest: Could not find repo: did:plc:4rb6z74wuhxum4zal7z2k5dk')
2026-03-09T16:56:15Z WARNING bsky_collector_v2.job.index_feed_generators: listRecords failed repo=did:plc:mqmqz6rd7idrzimxiw6zjoz7 err=HttpError('InvalidRequest: Could not find repo: did:plc:mqmqz6rd7idrzimxiw6zjoz7')
2026-03-09T16:56:15Z WARNING bsky_collector_v2.job.index_feed_generators: listRecords failed repo=did:plc:pqmavaopj23ywpzkaas72yby err=HttpError('InvalidRequest: Could not find repo: did:plc:pqmavaopj23ywpzkaas72yby')
2026-03-09T16:56:15Z WARNING bsky_collector_v2.job.index_feed_generators: listRecords failed repo=did:plc:qvojslpp4nsbwmrdr4idsdmh err=HttpError('InvalidRequest: Could not find repo: did:plc:qvojslpp4nsbwmrdr4idsdmh')
2026-03-09T16:56:15Z WARNING bsky_collector_v2.job.index_feed_generators: listRecords failed repo=did:plc:4rb6z74wuhxum4zal7z2k5dk err=HttpError('InvalidRequest: Could not find repo: did:plc:4rb6z74wuhxum4zal7z2k5dk')
2026-03-09T16:56:15Z WARNING bsky_collector_v2.job.index_feed_generators: listRecords failed repo=did:plc:mqmqz6rd7idrzimxiw6zjoz7 err=HttpError('InvalidRequest: Could not find repo: did:plc:mqmqz6rd7idrzimxiw6zjoz7')
2026-03-09T16:56:15Z WARNING bsky_collector_v2.job.index_feed_generators: listRecords failed repo=did:plc:pqmavaopj23ywpzkaas72yby err=HttpError('InvalidRequest: Could not find repo: did:plc:pqmavaopj23ywpzkaas72yby')
2026-03-09T16:56:15Z WARNING bsky_collector_v2.job.index_feed_generators: listRecords failed repo=did:plc:qvojslpp4nsbwmrdr4idsdmh err=HttpError('InvalidRequest: Could not find repo: did:plc:qvojslpp4nsbwmrdr4idsdmh')
2026-03-09T16:56:16Z INFO bsky_collector_v2.job.index_feed_generators: enqueued repos page=10 mode=listRepos inserted=500 repos_returned=500 next_cursor=set
2026-03-09T16:56:32Z WARNING bsky_collector_v2.job.index_feed_generators: listRecords failed repo=did:plc:6ty37hsizgh6c53fe3oppnwg err=HttpError('InvalidRequest: Could not find repo: did:plc:6ty37hsizgh6c53fe3oppnwg')
2026-03-09T16:57:34Z WARNING bsky_collector_v2.job.index_feed_generators: listRecords failed repo=did:plc:q2l4k4uyo2ryko6uqoar2hjd err=HttpError('InvalidRequest: Could not find repo: did:plc:q2l4k4uyo2ryko6uqoar2hjd')
2026-03-09T16:58:12Z WARNING bsky_collector_v2.job.index_feed_generators: listRecords failed repo=did:plc:6ty37hsizgh6c53fe3oppnwg err=HttpError('InvalidRequest: Could not find repo: did:plc:6ty37hsizgh6c53fe3oppnwg')
2026-03-09T16:58:12Z WARNING bsky_collector_v2.job.index_feed_generators: listRecords failed repo=did:plc:q2l4k4uyo2ryko6uqoar2hjd err=HttpError('InvalidRequest: Could not find repo: did:plc:q2l4k4uyo2ryko6uqoar2hjd')
2026-03-09T16:58:12Z WARNING bsky_collector_v2.job.index_feed_generators: listRecords failed repo=did:plc:6ty37hsizgh6c53fe3oppnwg err=HttpError('InvalidRequest: Could not find repo: did:plc:6ty37hsizgh6c53fe3oppnwg')
2026-03-09T16:58:12Z WARNING bsky_collector_v2.job.index_feed_generators: listRecords failed repo=did:plc:q2l4k4uyo2ryko6uqoar2hjd err=HttpError('InvalidRequest: Could not find repo: did:plc:q2l4k4uyo2ryko6uqoar2hjd')
2026-03-09T16:58:13Z INFO bsky_collector_v2.job.index_feed_generators: enqueued repos page=11 mode=listRepos inserted=500 repos_returned=500 next_cursor=set
2026-03-09T16:59:49Z WARNING bsky_collector_v2.job.index_feed_generators: listRecords failed repo=did:plc:yscy2cyvj5koko4mlxs2mnje err=HttpError('InvalidRequest: Could not find repo: did:plc:yscy2cyvj5koko4mlxs2mnje')
2026-03-09T16:59:52Z WARNING bsky_collector_v2.job.index_feed_generators: listRecords failed repo=did:plc:yscy2cyvj5koko4mlxs2mnje err=HttpError('InvalidRequest: Could not find repo: did:plc:yscy2cyvj5koko4mlxs2mnje')
2026-03-09T16:59:52Z WARNING bsky_collector_v2.job.index_feed_generators: listRecords failed repo=did:plc:yscy2cyvj5koko4mlxs2mnje err=HttpError('InvalidRequest: Could not find repo: did:plc:yscy2cyvj5koko4mlxs2mnje')
2026-03-09T16:59:53Z INFO bsky_collector_v2.job.index_feed_generators: enqueued repos page=12 mode=listRepos inserted=500 repos_returned=500 next_cursor=set
2026-03-09T17:00:34Z WARNING bsky_collector_v2.job.index_feed_generators: listRecords failed repo=did:plc:hx4rhiamh2vwk2jbxvjvjtk3 err=HttpError('InvalidRequest: Could not find repo: did:plc:hx4rhiamh2vwk2jbxvjvjtk3')
2026-03-09T17:00:54Z INFO bsky_collector_v2.job.index_feed_generators: indexed repo=did:plc:pt62wvaka6vudtf4cp4tkyhz part=346 records=1 next_cursor=set
2026-03-09T17:00:59Z WARNING bsky_collector_v2.job.index_feed_generators: listRecords failed repo=did:plc:rz4qzjt6ttsos5g5pio667pb err=HttpError('InvalidRequest: Could not find repo: did:plc:rz4qzjt6ttsos5g5pio667pb')
2026-03-09T17:01:22Z WARNING bsky_collector_v2.job.index_feed_generators: listRecords failed repo=did:plc:hx4rhiamh2vwk2jbxvjvjtk3 err=HttpError('InvalidRequest: Could not find repo: did:plc:hx4rhiamh2vwk2jbxvjvjtk3')
2026-03-09T17:01:22Z WARNING bsky_collector_v2.job.index_feed_generators: listRecords failed repo=did:plc:rz4qzjt6ttsos5g5pio667pb err=HttpError('InvalidRequest: Could not find repo: did:plc:rz4qzjt6ttsos5g5pio667pb')
2026-03-09T17:01:22Z WARNING bsky_collector_v2.job.index_feed_generators: listRecords failed repo=did:plc:hx4rhiamh2vwk2jbxvjvjtk3 err=HttpError('InvalidRequest: Could not find repo: did:plc:hx4rhiamh2vwk2jbxvjvjtk3')
2026-03-09T17:01:22Z WARNING bsky_collector_v2.job.index_feed_generators: listRecords failed repo=did:plc:rz4qzjt6ttsos5g5pio667pb err=HttpError('InvalidRequest: Could not find repo: did:plc:rz4qzjt6ttsos5g5pio667pb')
2026-03-09T17:01:23Z INFO bsky_collector_v2.job.index_feed_generators: enqueued repos page=13 mode=listRepos inserted=500 repos_returned=500 next_cursor=set
2026-03-09T17:01:47Z WARNING bsky_collector_v2.job.index_feed_generators: listRecords failed repo=did:plc:6zg62w74nq6n2e3hnr2qzpfk err=HttpError('InvalidRequest: Could not find repo: did:plc:6zg62w74nq6n2e3hnr2qzpfk')
2026-03-09T17:02:12Z WARNING bsky_collector_v2.job.index_feed_generators: listRecords failed repo=did:plc:ehjgelwzvj3eoyb53gbb3yum err=HttpError('InvalidRequest: Could not find repo: did:plc:ehjgelwzvj3eoyb53gbb3yum')
2026-03-09T17:02:35Z INFO bsky_collector_v2.job.index_feed_generators: indexed repo=did:plc:ly4ntowwtl3drdccrvu3e3uy part=347 records=1 next_cursor=set
2026-03-09T17:03:06Z WARNING bsky_collector_v2.job.index_feed_generators: listRecords failed repo=did:plc:wx3ipzxc7cmglw5mksxc7irb err=HttpError('InvalidRequest: Could not find repo: did:plc:wx3ipzxc7cmglw5mksxc7irb')
2026-03-09T17:03:16Z WARNING bsky_collector_v2.job.index_feed_generators: listRecords failed repo=did:plc:6zg62w74nq6n2e3hnr2qzpfk err=HttpError('InvalidRequest: Could not find repo: did:plc:6zg62w74nq6n2e3hnr2qzpfk')
2026-03-09T17:03:16Z WARNING bsky_collector_v2.job.index_feed_generators: listRecords failed repo=did:plc:ehjgelwzvj3eoyb53gbb3yum err=HttpError('InvalidRequest: Could not find repo: did:plc:ehjgelwzvj3eoyb53gbb3yum')
2026-03-09T17:03:16Z WARNING bsky_collector_v2.job.index_feed_generators: listRecords failed repo=did:plc:wx3ipzxc7cmglw5mksxc7irb err=HttpError('InvalidRequest: Could not find repo: did:plc:wx3ipzxc7cmglw5mksxc7irb')
2026-03-09T17:03:16Z WARNING bsky_collector_v2.job.index_feed_generators: listRecords failed repo=did:plc:6zg62w74nq6n2e3hnr2qzpfk err=HttpError('InvalidRequest: Could not find repo: did:plc:6zg62w74nq6n2e3hnr2qzpfk')
2026-03-09T17:03:16Z WARNING bsky_collector_v2.job.index_feed_generators: listRecords failed repo=did:plc:ehjgelwzvj3eoyb53gbb3yum err=HttpError('InvalidRequest: Could not find repo: did:plc:ehjgelwzvj3eoyb53gbb3yum')
2026-03-09T17:03:16Z WARNING bsky_collector_v2.job.index_feed_generators: listRecords failed repo=did:plc:wx3ipzxc7cmglw5mksxc7irb err=HttpError('InvalidRequest: Could not find repo: did:plc:wx3ipzxc7cmglw5mksxc7irb')
2026-03-09T17:03:17Z INFO bsky_collector_v2.job.index_feed_generators: enqueued repos page=14 mode=listRepos inserted=500 repos_returned=500 next_cursor=set
2026-03-09T17:04:24Z INFO bsky_collector_v2.job.index_feed_generators: indexed repo=did:plc:ro2wosctrzt5hkmexwg75jos part=348 records=2 next_cursor=set
2026-03-09T17:04:51Z INFO bsky_collector_v2.job.index_feed_generators: enqueued repos page=15 mode=listRepos inserted=500 repos_returned=500 next_cursor=set
2026-03-09T17:06:40Z INFO bsky_collector_v2.job.index_feed_generators: enqueued repos page=16 mode=listRepos inserted=500 repos_returned=500 next_cursor=set
2026-03-09T17:06:54Z WARNING bsky_collector_v2.job.index_feed_generators: listRecords failed repo=did:plc:7ch76idg2dzn5x3k5inm4mrq err=HttpError('InvalidRequest: Could not find repo: did:plc:7ch76idg2dzn5x3k5inm4mrq')
2026-03-09T17:07:10Z WARNING bsky_collector_v2.job.index_feed_generators: listRecords failed repo=did:plc:fbd545eyjmfaxxmjv7ifrhoh err=HttpError('InvalidRequest: Could not find repo: did:plc:fbd545eyjmfaxxmjv7ifrhoh')
2026-03-09T17:07:27Z INFO bsky_collector_v2.job.index_feed_generators: indexed repo=did:plc:ktpw3ajzpjlavwi4henvgg3d part=349 records=1 next_cursor=set
2026-03-09T17:08:14Z WARNING bsky_collector_v2.job.index_feed_generators: listRecords failed repo=did:plc:7ch76idg2dzn5x3k5inm4mrq err=HttpError('InvalidRequest: Could not find repo: did:plc:7ch76idg2dzn5x3k5inm4mrq')
2026-03-09T17:08:14Z WARNING bsky_collector_v2.job.index_feed_generators: listRecords failed repo=did:plc:fbd545eyjmfaxxmjv7ifrhoh err=HttpError('InvalidRequest: Could not find repo: did:plc:fbd545eyjmfaxxmjv7ifrhoh')
2026-03-09T17:08:14Z WARNING bsky_collector_v2.job.index_feed_generators: listRecords failed repo=did:plc:7ch76idg2dzn5x3k5inm4mrq err=HttpError('InvalidRequest: Could not find repo: did:plc:7ch76idg2dzn5x3k5inm4mrq')
2026-03-09T17:08:14Z WARNING bsky_collector_v2.job.index_feed_generators: listRecords failed repo=did:plc:fbd545eyjmfaxxmjv7ifrhoh err=HttpError('InvalidRequest: Could not find repo: did:plc:fbd545eyjmfaxxmjv7ifrhoh')
2026-03-09T17:08:15Z INFO bsky_collector_v2.job.index_feed_generators: enqueued repos page=17 mode=listRepos inserted=500 repos_returned=500 next_cursor=set
2026-03-09T17:08:26Z WARNING bsky_collector_v2.job.index_feed_generators: listRecords failed repo=did:plc:5qjme65prr6nfp2qpfrhqc6j err=HttpError('InvalidRequest: Could not find repo: did:plc:5qjme65prr6nfp2qpfrhqc6j')
2026-03-09T17:08:40Z WARNING bsky_collector_v2.job.index_feed_generators: listRecords failed repo=did:plc:cgwo4bmpz6tie5gtlwji6swo err=HttpError('InvalidRequest: Could not find repo: did:plc:cgwo4bmpz6tie5gtlwji6swo')
2026-03-09T17:08:55Z WARNING bsky_collector_v2.job.index_feed_generators: listRecords failed repo=did:plc:hlhazju4rk54wqd4y2m3krt7 err=HttpError('InvalidRequest: Could not find repo: did:plc:hlhazju4rk54wqd4y2m3krt7')
2026-03-09T17:09:52Z WARNING bsky_collector_v2.job.index_feed_generators: listRecords failed repo=did:plc:5qjme65prr6nfp2qpfrhqc6j err=HttpError('InvalidRequest: Could not find repo: did:plc:5qjme65prr6nfp2qpfrhqc6j')
2026-03-09T17:09:52Z WARNING bsky_collector_v2.job.index_feed_generators: listRecords failed repo=did:plc:cgwo4bmpz6tie5gtlwji6swo err=HttpError('InvalidRequest: Could not find repo: did:plc:cgwo4bmpz6tie5gtlwji6swo')
2026-03-09T17:09:52Z WARNING bsky_collector_v2.job.index_feed_generators: listRecords failed repo=did:plc:hlhazju4rk54wqd4y2m3krt7 err=HttpError('InvalidRequest: Could not find repo: did:plc:hlhazju4rk54wqd4y2m3krt7')
2026-03-09T17:09:53Z WARNING bsky_collector_v2.job.index_feed_generators: listRecords failed repo=did:plc:5qjme65prr6nfp2qpfrhqc6j err=HttpError('InvalidRequest: Could not find repo: did:plc:5qjme65prr6nfp2qpfrhqc6j')
2026-03-09T17:09:53Z WARNING bsky_collector_v2.job.index_feed_generators: listRecords failed repo=did:plc:cgwo4bmpz6tie5gtlwji6swo err=HttpError('InvalidRequest: Could not find repo: did:plc:cgwo4bmpz6tie5gtlwji6swo')
2026-03-09T17:09:53Z WARNING bsky_collector_v2.job.index_feed_generators: listRecords failed repo=did:plc:hlhazju4rk54wqd4y2m3krt7 err=HttpError('InvalidRequest: Could not find repo: did:plc:hlhazju4rk54wqd4y2m3krt7')
2026-03-09T17:09:53Z INFO bsky_collector_v2.job.index_feed_generators: enqueued repos page=18 mode=listRepos inserted=500 repos_returned=500 next_cursor=set
2026-03-09T17:10:10Z WARNING bsky_collector_v2.job.index_feed_generators: listRecords failed repo=did:plc:a7b7ml3zt4ywun6dfq3j2pwu err=HttpError('InvalidRequest: Could not find repo: did:plc:a7b7ml3zt4ywun6dfq3j2pwu')
2026-03-09T17:10:24Z WARNING bsky_collector_v2.job.index_feed_generators: listRecords failed repo=did:plc:fmwuyfplayp2yvdiulhot5tp err=HttpError('InvalidRequest: Could not find repo: did:plc:fmwuyfplayp2yvdiulhot5tp')
2026-03-09T17:10:53Z INFO bsky_collector_v2.job.index_feed_generators: indexed repo=did:plc:pc5bvmuyssgogiisqr2kx46z part=350 records=1 next_cursor=set
2026-03-09T17:11:26Z WARNING bsky_collector_v2.job.index_feed_generators: listRecords failed repo=did:plc:a7b7ml3zt4ywun6dfq3j2pwu err=HttpError('InvalidRequest: Could not find repo: did:plc:a7b7ml3zt4ywun6dfq3j2pwu')
2026-03-09T17:11:26Z WARNING bsky_collector_v2.job.index_feed_generators: listRecords failed repo=did:plc:fmwuyfplayp2yvdiulhot5tp err=HttpError('InvalidRequest: Could not find repo: did:plc:fmwuyfplayp2yvdiulhot5tp')
2026-03-09T17:11:26Z WARNING bsky_collector_v2.job.index_feed_generators: listRecords failed repo=did:plc:a7b7ml3zt4ywun6dfq3j2pwu err=HttpError('InvalidRequest: Could not find repo: did:plc:a7b7ml3zt4ywun6dfq3j2pwu')
2026-03-09T17:11:26Z WARNING bsky_collector_v2.job.index_feed_generators: listRecords failed repo=did:plc:fmwuyfplayp2yvdiulhot5tp err=HttpError('InvalidRequest: Could not find repo: did:plc:fmwuyfplayp2yvdiulhot5tp')
2026-03-09T17:11:27Z INFO bsky_collector_v2.job.index_feed_generators: enqueued repos page=19 mode=listRepos inserted=500 repos_returned=500 next_cursor=set
2026-03-09T17:12:14Z WARNING bsky_collector_v2.job.index_feed_generators: listRecords failed repo=did:plc:hxa57an2tvmdqwmcv6m6a3jq err=HttpError('InvalidRequest: Could not find repo: did:plc:hxa57an2tvmdqwmcv6m6a3jq')
2026-03-09T17:12:51Z WARNING bsky_collector_v2.job.index_feed_generators: listRecords failed repo=did:plc:omv6u44q4rola53uvo5uuluo err=HttpError('InvalidRequest: Could not find repo: did:plc:omv6u44q4rola53uvo5uuluo')
2026-03-09T17:13:29Z WARNING bsky_collector_v2.job.index_feed_generators: listRecords failed repo=did:plc:hxa57an2tvmdqwmcv6m6a3jq err=HttpError('InvalidRequest: Could not find repo: did:plc:hxa57an2tvmdqwmcv6m6a3jq')
2026-03-09T17:13:29Z WARNING bsky_collector_v2.job.index_feed_generators: listRecords failed repo=did:plc:omv6u44q4rola53uvo5uuluo err=HttpError('InvalidRequest: Could not find repo: did:plc:omv6u44q4rola53uvo5uuluo')
2026-03-09T17:13:29Z WARNING bsky_collector_v2.job.index_feed_generators: listRecords failed repo=did:plc:hxa57an2tvmdqwmcv6m6a3jq err=HttpError('InvalidRequest: Could not find repo: did:plc:hxa57an2tvmdqwmcv6m6a3jq')
2026-03-09T17:13:29Z WARNING bsky_collector_v2.job.index_feed_generators: listRecords failed repo=did:plc:omv6u44q4rola53uvo5uuluo err=HttpError('InvalidRequest: Could not find repo: did:plc:omv6u44q4rola53uvo5uuluo')
2026-03-09T17:13:30Z INFO bsky_collector_v2.job.index_feed_generators: enqueued repos page=20 mode=listRepos inserted=500 repos_returned=500 next_cursor=set
2026-03-09T17:14:14Z WARNING bsky_collector_v2.job.index_feed_generators: listRecords failed repo=did:plc:i7xwxvforjwmt7olhvopqb6r err=HttpError('InvalidRequest: Could not find repo: did:plc:i7xwxvforjwmt7olhvopqb6r')
2026-03-09T17:14:51Z WARNING bsky_collector_v2.job.index_feed_generators: listRecords failed repo=did:plc:vfnmipjbqfga6sduzpzjx3v5 err=HttpError('InvalidRequest: Could not find repo: did:plc:vfnmipjbqfga6sduzpzjx3v5')
2026-03-09T17:15:05Z WARNING bsky_collector_v2.job.index_feed_generators: listRecords failed repo=did:plc:zzopemk65tquppcohkktn27d err=HttpError('InvalidRequest: Could not find repo: did:plc:zzopemk65tquppcohkktn27d')
2026-03-09T17:15:05Z WARNING bsky_collector_v2.job.index_feed_generators: listRecords failed repo=did:plc:i7xwxvforjwmt7olhvopqb6r err=HttpError('InvalidRequest: Could not find repo: did:plc:i7xwxvforjwmt7olhvopqb6r')
2026-03-09T17:15:05Z WARNING bsky_collector_v2.job.index_feed_generators: listRecords failed repo=did:plc:vfnmipjbqfga6sduzpzjx3v5 err=HttpError('InvalidRequest: Could not find repo: did:plc:vfnmipjbqfga6sduzpzjx3v5')
2026-03-09T17:15:05Z WARNING bsky_collector_v2.job.index_feed_generators: listRecords failed repo=did:plc:zzopemk65tquppcohkktn27d err=HttpError('InvalidRequest: Could not find repo: did:plc:zzopemk65tquppcohkktn27d')
2026-03-09T17:15:05Z WARNING bsky_collector_v2.job.index_feed_generators: listRecords failed repo=did:plc:i7xwxvforjwmt7olhvopqb6r err=HttpError('InvalidRequest: Could not find repo: did:plc:i7xwxvforjwmt7olhvopqb6r')
2026-03-09T17:15:05Z WARNING bsky_collector_v2.job.index_feed_generators: listRecords failed repo=did:plc:vfnmipjbqfga6sduzpzjx3v5 err=HttpError('InvalidRequest: Could not find repo: did:plc:vfnmipjbqfga6sduzpzjx3v5')
2026-03-09T17:15:05Z WARNING bsky_collector_v2.job.index_feed_generators: listRecords failed repo=did:plc:zzopemk65tquppcohkktn27d err=HttpError('InvalidRequest: Could not find repo: did:plc:zzopemk65tquppcohkktn27d')
2026-03-09T17:15:06Z INFO bsky_collector_v2.job.index_feed_generators: enqueued repos page=21 mode=listRepos inserted=500 repos_returned=500 next_cursor=set
2026-03-09T17:15:18Z WARNING bsky_collector_v2.job.index_feed_generators: listRecords failed repo=did:plc:6pdt2ol2qkz2yp2oiuxkgrtv err=HttpError('InvalidRequest: Could not find repo: did:plc:6pdt2ol2qkz2yp2oiuxkgrtv')
2026-03-09T17:15:19Z WARNING bsky_collector_v2.job.index_feed_generators: listRecords failed repo=did:plc:6rdon5ipuso4ofre2m3jpjmq err=HttpError('InvalidRequest: Could not find repo: did:plc:6rdon5ipuso4ofre2m3jpjmq')
2026-03-09T17:15:26Z WARNING bsky_collector_v2.job.index_feed_generators: listRecords failed repo=did:plc:b3uk6c3rack7x67kdef5vxv5 err=HttpError('InvalidRequest: Could not find repo: did:plc:b3uk6c3rack7x67kdef5vxv5')
2026-03-09T17:16:05Z WARNING bsky_collector_v2.job.index_feed_generators: listRecords failed repo=did:plc:nqhvkdgddmoygazofcmwprjl err=HttpError('InvalidRequest: Could not find repo: did:plc:nqhvkdgddmoygazofcmwprjl')
2026-03-09T17:16:41Z WARNING bsky_collector_v2.job.index_feed_generators: listRecords failed repo=did:plc:vv5jhdt67uw7ppl3lf7mxtge err=HttpError('InvalidRequest: Could not find repo: did:plc:vv5jhdt67uw7ppl3lf7mxtge')
2026-03-09T17:16:52Z WARNING bsky_collector_v2.job.index_feed_generators: listRecords failed repo=did:plc:6pdt2ol2qkz2yp2oiuxkgrtv err=HttpError('InvalidRequest: Could not find repo: did:plc:6pdt2ol2qkz2yp2oiuxkgrtv')
2026-03-09T17:16:52Z WARNING bsky_collector_v2.job.index_feed_generators: listRecords failed repo=did:plc:6rdon5ipuso4ofre2m3jpjmq err=HttpError('InvalidRequest: Could not find repo: did:plc:6rdon5ipuso4ofre2m3jpjmq')
2026-03-09T17:16:52Z WARNING bsky_collector_v2.job.index_feed_generators: listRecords failed repo=did:plc:b3uk6c3rack7x67kdef5vxv5 err=HttpError('InvalidRequest: Could not find repo: did:plc:b3uk6c3rack7x67kdef5vxv5')
2026-03-09T17:16:52Z WARNING bsky_collector_v2.job.index_feed_generators: listRecords failed repo=did:plc:nqhvkdgddmoygazofcmwprjl err=HttpError('InvalidRequest: Could not find repo: did:plc:nqhvkdgddmoygazofcmwprjl')
2026-03-09T17:16:52Z WARNING bsky_collector_v2.job.index_feed_generators: listRecords failed repo=did:plc:vv5jhdt67uw7ppl3lf7mxtge err=HttpError('InvalidRequest: Could not find repo: did:plc:vv5jhdt67uw7ppl3lf7mxtge')
2026-03-09T17:16:52Z WARNING bsky_collector_v2.job.index_feed_generators: listRecords failed repo=did:plc:6pdt2ol2qkz2yp2oiuxkgrtv err=HttpError('InvalidRequest: Could not find repo: did:plc:6pdt2ol2qkz2yp2oiuxkgrtv')
2026-03-09T17:16:52Z WARNING bsky_collector_v2.job.index_feed_generators: listRecords failed repo=did:plc:6rdon5ipuso4ofre2m3jpjmq err=HttpError('InvalidRequest: Could not find repo: did:plc:6rdon5ipuso4ofre2m3jpjmq')
2026-03-09T17:16:53Z WARNING bsky_collector_v2.job.index_feed_generators: listRecords failed repo=did:plc:b3uk6c3rack7x67kdef5vxv5 err=HttpError('InvalidRequest: Could not find repo: did:plc:b3uk6c3rack7x67kdef5vxv5')
2026-03-09T17:16:53Z WARNING bsky_collector_v2.job.index_feed_generators: listRecords failed repo=did:plc:nqhvkdgddmoygazofcmwprjl err=HttpError('InvalidRequest: Could not find repo: did:plc:nqhvkdgddmoygazofcmwprjl')
2026-03-09T17:16:53Z WARNING bsky_collector_v2.job.index_feed_generators: listRecords failed repo=did:plc:vv5jhdt67uw7ppl3lf7mxtge err=HttpError('InvalidRequest: Could not find repo: did:plc:vv5jhdt67uw7ppl3lf7mxtge')
2026-03-09T17:16:53Z INFO bsky_collector_v2.job.index_feed_generators: enqueued repos page=22 mode=listRepos inserted=500 repos_returned=500 next_cursor=set
2026-03-09T17:17:03Z WARNING bsky_collector_v2.job.index_feed_generators: listRecords failed repo=did:plc:5ghvxd35syqwirv2r754ulfb err=HttpError('InvalidRequest: Could not find repo: did:plc:5ghvxd35syqwirv2r754ulfb')
2026-03-09T17:17:33Z WARNING bsky_collector_v2.job.index_feed_generators: listRecords failed repo=did:plc:hwvx4d53tqd6xkv5ed6ozcz3 err=HttpError('InvalidRequest: Could not find repo: did:plc:hwvx4d53tqd6xkv5ed6ozcz3')
2026-03-09T17:18:11Z WARNING bsky_collector_v2.job.index_feed_generators: listRecords failed repo=did:plc:vn2xe5g24krh3qzeuasrjapx err=HttpError('InvalidRequest: Could not find repo: did:plc:vn2xe5g24krh3qzeuasrjapx')
2026-03-09T17:18:25Z WARNING bsky_collector_v2.job.index_feed_generators: listRecords failed repo=did:plc:zrh7yvt2ymnqltjredujt4tt err=HttpError('InvalidRequest: Could not find repo: did:plc:zrh7yvt2ymnqltjredujt4tt')
2026-03-09T17:18:26Z WARNING bsky_collector_v2.job.index_feed_generators: listRecords failed repo=did:plc:5ghvxd35syqwirv2r754ulfb err=HttpError('InvalidRequest: Could not find repo: did:plc:5ghvxd35syqwirv2r754ulfb')
2026-03-09T17:18:26Z WARNING bsky_collector_v2.job.index_feed_generators: listRecords failed repo=did:plc:hwvx4d53tqd6xkv5ed6ozcz3 err=HttpError('InvalidRequest: Could not find repo: did:plc:hwvx4d53tqd6xkv5ed6ozcz3')
2026-03-09T17:18:26Z WARNING bsky_collector_v2.job.index_feed_generators: listRecords failed repo=did:plc:vn2xe5g24krh3qzeuasrjapx err=HttpError('InvalidRequest: Could not find repo: did:plc:vn2xe5g24krh3qzeuasrjapx')
2026-03-09T17:18:26Z WARNING bsky_collector_v2.job.index_feed_generators: listRecords failed repo=did:plc:zrh7yvt2ymnqltjredujt4tt err=HttpError('InvalidRequest: Could not find repo: did:plc:zrh7yvt2ymnqltjredujt4tt')
2026-03-09T17:18:26Z WARNING bsky_collector_v2.job.index_feed_generators: listRecords failed repo=did:plc:5ghvxd35syqwirv2r754ulfb err=HttpError('InvalidRequest: Could not find repo: did:plc:5ghvxd35syqwirv2r754ulfb')
2026-03-09T17:18:26Z WARNING bsky_collector_v2.job.index_feed_generators: listRecords failed repo=did:plc:hwvx4d53tqd6xkv5ed6ozcz3 err=HttpError('InvalidRequest: Could not find repo: did:plc:hwvx4d53tqd6xkv5ed6ozcz3')
2026-03-09T17:18:26Z WARNING bsky_collector_v2.job.index_feed_generators: listRecords failed repo=did:plc:vn2xe5g24krh3qzeuasrjapx err=HttpError('InvalidRequest: Could not find repo: did:plc:vn2xe5g24krh3qzeuasrjapx')
2026-03-09T17:18:26Z WARNING bsky_collector_v2.job.index_feed_generators: listRecords failed repo=did:plc:zrh7yvt2ymnqltjredujt4tt err=HttpError('InvalidRequest: Could not find repo: did:plc:zrh7yvt2ymnqltjredujt4tt')
2026-03-09T17:18:27Z INFO bsky_collector_v2.job.index_feed_generators: enqueued repos page=23 mode=listRepos inserted=500 repos_returned=500 next_cursor=set
2026-03-09T17:19:08Z WARNING bsky_collector_v2.job.index_feed_generators: listRecords failed repo=did:plc:hukuhby7th5tqrsnclxsmlwl err=HttpError('InvalidRequest: Could not find repo: did:plc:hukuhby7th5tqrsnclxsmlwl')
2026-03-09T17:19:55Z WARNING bsky_collector_v2.job.index_feed_generators: listRecords failed repo=did:plc:wo57c2242klacbmhi4wo4zqq err=HttpError('InvalidRequest: Could not find repo: did:plc:wo57c2242klacbmhi4wo4zqq')
2026-03-09T17:20:04Z WARNING bsky_collector_v2.job.index_feed_generators: listRecords failed repo=did:plc:ytp2vaudgnklxe7ftrzh7eoi err=HttpError('InvalidRequest: Could not find repo: did:plc:ytp2vaudgnklxe7ftrzh7eoi')
2026-03-09T17:20:10Z WARNING bsky_collector_v2.job.index_feed_generators: listRecords failed repo=did:plc:hukuhby7th5tqrsnclxsmlwl err=HttpError('InvalidRequest: Could not find repo: did:plc:hukuhby7th5tqrsnclxsmlwl')
2026-03-09T17:20:11Z WARNING bsky_collector_v2.job.index_feed_generators: listRecords failed repo=did:plc:wo57c2242klacbmhi4wo4zqq err=HttpError('InvalidRequest: Could not find repo: did:plc:wo57c2242klacbmhi4wo4zqq')
2026-03-09T17:20:11Z WARNING bsky_collector_v2.job.index_feed_generators: listRecords failed repo=did:plc:ytp2vaudgnklxe7ftrzh7eoi err=HttpError('InvalidRequest: Could not find repo: did:plc:ytp2vaudgnklxe7ftrzh7eoi')
2026-03-09T17:20:11Z WARNING bsky_collector_v2.job.index_feed_generators: listRecords failed repo=did:plc:hukuhby7th5tqrsnclxsmlwl err=HttpError('InvalidRequest: Could not find repo: did:plc:hukuhby7th5tqrsnclxsmlwl')
2026-03-09T17:20:11Z WARNING bsky_collector_v2.job.index_feed_generators: listRecords failed repo=did:plc:wo57c2242klacbmhi4wo4zqq err=HttpError('InvalidRequest: Could not find repo: did:plc:wo57c2242klacbmhi4wo4zqq')
2026-03-09T17:20:11Z WARNING bsky_collector_v2.job.index_feed_generators: listRecords failed repo=did:plc:ytp2vaudgnklxe7ftrzh7eoi err=HttpError('InvalidRequest: Could not find repo: did:plc:ytp2vaudgnklxe7ftrzh7eoi')
2026-03-09T17:20:12Z INFO bsky_collector_v2.job.index_feed_generators: enqueued repos page=24 mode=listRepos inserted=500 repos_returned=500 next_cursor=set
2026-03-09T17:21:24Z INFO bsky_collector_v2.job.index_feed_generators: indexed repo=did:plc:mndgvvu6ksb4ai4mbqfynj5d part=351 records=1 next_cursor=set
2026-03-09T17:21:58Z WARNING bsky_collector_v2.job.index_feed_generators: listRecords failed repo=did:plc:yifww2zqc34txlyatela4bdx err=HttpError('InvalidRequest: Could not find repo: did:plc:yifww2zqc34txlyatela4bdx')
2026-03-09T17:22:03Z WARNING bsky_collector_v2.job.index_feed_generators: listRecords failed repo=did:plc:yifww2zqc34txlyatela4bdx err=HttpError('InvalidRequest: Could not find repo: did:plc:yifww2zqc34txlyatela4bdx')
2026-03-09T17:22:03Z WARNING bsky_collector_v2.job.index_feed_generators: listRecords failed repo=did:plc:yifww2zqc34txlyatela4bdx err=HttpError('InvalidRequest: Could not find repo: did:plc:yifww2zqc34txlyatela4bdx')
2026-03-09T17:22:04Z INFO bsky_collector_v2.job.index_feed_generators: enqueued repos page=25 mode=listRepos inserted=500 repos_returned=500 next_cursor=set
