2026-03-26T17:07:23Z INFO bsky_collector_v2: out_base ok path=/Volumes/T9/BlueSky/data_v2_full mount=/Volumes/T9
2026-03-26T17:07:23Z INFO bsky_collector_v2: job start subcommand=index-feed-generators dry_run=False resume=True
2026-03-26T17:07:23Z INFO bsky_collector_v2.job.index_feed_generators: feed generator index hosts relay_host=https://bsky.network records_host=https://bsky.social auth=yes
2026-03-26T17:08:06Z INFO bsky_collector_v2.job.index_feed_generators: enqueued repos page=1 mode=listRepos inserted=500 repos_returned=500 next_cursor=set
2026-03-26T17:08:18Z WARNING bsky_collector_v2.job.index_feed_generators: listRecords failed repo=did:plc:5foptyoil3ouygx52kwgjvpp err=HttpError('InvalidRequest: Could not find repo: did:plc:5foptyoil3ouygx52kwgjvpp')
2026-03-26T17:09:01Z WARNING bsky_collector_v2.job.index_feed_generators: listRecords failed repo=did:plc:mqfmm3np2thblw3tg2k5icua err=HttpError('InvalidRequest: Could not find repo: did:plc:mqfmm3np2thblw3tg2k5icua')
2026-03-26T17:09:06Z WARNING bsky_collector_v2.job.index_feed_generators: listRecords failed repo=did:plc:od3posinozcggik6e3a5cura err=HttpError('InvalidRequest: Could not find repo: did:plc:od3posinozcggik6e3a5cura')
2026-03-26T17:09:09Z WARNING bsky_collector_v2.job.index_feed_generators: listRecords failed repo=did:plc:ps2fb7e6gzoouolmp3vwjbt4 err=HttpError('InvalidRequest: Could not find repo: did:plc:ps2fb7e6gzoouolmp3vwjbt4')
2026-03-26T17:09:19Z WARNING bsky_collector_v2.job.index_feed_generators: listRecords failed repo=did:plc:uxezd2cze4wjk4orq5yj4zfq err=HttpError('InvalidRequest: Could not find repo: did:plc:uxezd2cze4wjk4orq5yj4zfq')
2026-03-26T17:09:19Z WARNING bsky_collector_v2.job.index_feed_generators: listRecords failed repo=did:plc:v52vdawaqunb6l2mhvjfnto5 err=HttpError('InvalidRequest: Could not find repo: did:plc:v52vdawaqunb6l2mhvjfnto5')
2026-03-26T17:09:22Z WARNING bsky_collector_v2.job.index_feed_generators: listRecords failed repo=did:plc:wfs4x3sq6fgo7fh5wudbfjyl err=HttpError('InvalidRequest: Could not find repo: did:plc:wfs4x3sq6fgo7fh5wudbfjyl')
2026-03-26T17:09:29Z WARNING bsky_collector_v2.job.index_feed_generators: listRecords failed repo=did:plc:5foptyoil3ouygx52kwgjvpp err=HttpError('InvalidRequest: Could not find repo: did:plc:5foptyoil3ouygx52kwgjvpp')
2026-03-26T17:09:29Z WARNING bsky_collector_v2.job.index_feed_generators: listRecords failed repo=did:plc:mqfmm3np2thblw3tg2k5icua err=HttpError('InvalidRequest: Could not find repo: did:plc:mqfmm3np2thblw3tg2k5icua')
2026-03-26T17:09:29Z WARNING bsky_collector_v2.job.index_feed_generators: listRecords failed repo=did:plc:od3posinozcggik6e3a5cura err=HttpError('InvalidRequest: Could not find repo: did:plc:od3posinozcggik6e3a5cura')
2026-03-26T17:09:29Z WARNING bsky_collector_v2.job.index_feed_generators: listRecords failed repo=did:plc:ps2fb7e6gzoouolmp3vwjbt4 err=HttpError('InvalidRequest: Could not find repo: did:plc:ps2fb7e6gzoouolmp3vwjbt4')
2026-03-26T17:09:29Z WARNING bsky_collector_v2.job.index_feed_generators: listRecords failed repo=did:plc:uxezd2cze4wjk4orq5yj4zfq err=HttpError('InvalidRequest: Could not find repo: did:plc:uxezd2cze4wjk4orq5yj4zfq')
2026-03-26T17:09:29Z WARNING bsky_collector_v2.job.index_feed_generators: listRecords failed repo=did:plc:v52vdawaqunb6l2mhvjfnto5 err=HttpError('InvalidRequest: Could not find repo: did:plc:v52vdawaqunb6l2mhvjfnto5')
2026-03-26T17:09:29Z WARNING bsky_collector_v2.job.index_feed_generators: listRecords failed repo=did:plc:wfs4x3sq6fgo7fh5wudbfjyl err=HttpError('InvalidRequest: Could not find repo: did:plc:wfs4x3sq6fgo7fh5wudbfjyl')
2026-03-26T17:09:29Z WARNING bsky_collector_v2.job.index_feed_generators: listRecords failed repo=did:plc:5foptyoil3ouygx52kwgjvpp err=HttpError('InvalidRequest: Could not find repo: did:plc:5foptyoil3ouygx52kwgjvpp')
2026-03-26T17:09:29Z WARNING bsky_collector_v2.job.index_feed_generators: listRecords failed repo=did:plc:mqfmm3np2thblw3tg2k5icua err=HttpError('InvalidRequest: Could not find repo: did:plc:mqfmm3np2thblw3tg2k5icua')
2026-03-26T17:09:29Z WARNING bsky_collector_v2.job.index_feed_generators: listRecords failed repo=did:plc:od3posinozcggik6e3a5cura err=HttpError('InvalidRequest: Could not find repo: did:plc:od3posinozcggik6e3a5cura')
2026-03-26T17:09:29Z WARNING bsky_collector_v2.job.index_feed_generators: listRecords failed repo=did:plc:ps2fb7e6gzoouolmp3vwjbt4 err=HttpError('InvalidRequest: Could not find repo: did:plc:ps2fb7e6gzoouolmp3vwjbt4')
2026-03-26T17:09:29Z WARNING bsky_collector_v2.job.index_feed_generators: listRecords failed repo=did:plc:uxezd2cze4wjk4orq5yj4zfq err=HttpError('InvalidRequest: Could not find repo: did:plc:uxezd2cze4wjk4orq5yj4zfq')
2026-03-26T17:09:29Z WARNING bsky_collector_v2.job.index_feed_generators: listRecords failed repo=did:plc:v52vdawaqunb6l2mhvjfnto5 err=HttpError('InvalidRequest: Could not find repo: did:plc:v52vdawaqunb6l2mhvjfnto5')
2026-03-26T17:09:29Z WARNING bsky_collector_v2.job.index_feed_generators: listRecords failed repo=did:plc:wfs4x3sq6fgo7fh5wudbfjyl err=HttpError('InvalidRequest: Could not find repo: did:plc:wfs4x3sq6fgo7fh5wudbfjyl')
2026-03-26T17:09:30Z INFO bsky_collector_v2.job.index_feed_generators: enqueued repos page=2 mode=listRepos inserted=500 repos_returned=500 next_cursor=set
2026-03-26T17:09:40Z WARNING bsky_collector_v2.job.index_feed_generators: listRecords failed repo=did:plc:77wgpkmoe44nx6xkucdvikre err=HttpError('InvalidRequest: Could not find repo: did:plc:77wgpkmoe44nx6xkucdvikre')
2026-03-26T17:09:59Z WARNING bsky_collector_v2.job.index_feed_generators: listRecords failed repo=did:plc:hrdsnkmxkiu64docu5dcu77z err=HttpError('InvalidRequest: Could not find repo: did:plc:hrdsnkmxkiu64docu5dcu77z')
2026-03-26T17:10:09Z WARNING bsky_collector_v2.job.index_feed_generators: listRecords failed repo=did:plc:nmlnrux5i22o7tzjvpfl5m2t err=HttpError('InvalidRequest: Could not find repo: did:plc:nmlnrux5i22o7tzjvpfl5m2t')
2026-03-26T17:10:14Z WARNING bsky_collector_v2.job.index_feed_generators: listRecords failed repo=did:plc:qjawphuykrzy4w6sinicw3bo err=HttpError('InvalidRequest: Could not find repo: did:plc:qjawphuykrzy4w6sinicw3bo')
2026-03-26T17:10:41Z WARNING bsky_collector_v2.job.index_feed_generators: listRecords failed repo=did:plc:yul3qmcgdehqkzg7cuuyoicr err=HttpError('InvalidRequest: Could not find repo: did:plc:yul3qmcgdehqkzg7cuuyoicr')
2026-03-26T17:10:46Z WARNING bsky_collector_v2.job.index_feed_generators: listRecords failed repo=did:plc:77wgpkmoe44nx6xkucdvikre err=HttpError('InvalidRequest: Could not find repo: did:plc:77wgpkmoe44nx6xkucdvikre')
2026-03-26T17:10:46Z WARNING bsky_collector_v2.job.index_feed_generators: listRecords failed repo=did:plc:hrdsnkmxkiu64docu5dcu77z err=HttpError('InvalidRequest: Could not find repo: did:plc:hrdsnkmxkiu64docu5dcu77z')
2026-03-26T17:10:46Z WARNING bsky_collector_v2.job.index_feed_generators: listRecords failed repo=did:plc:nmlnrux5i22o7tzjvpfl5m2t err=HttpError('InvalidRequest: Could not find repo: did:plc:nmlnrux5i22o7tzjvpfl5m2t')
2026-03-26T17:10:46Z WARNING bsky_collector_v2.job.index_feed_generators: listRecords failed repo=did:plc:qjawphuykrzy4w6sinicw3bo err=HttpError('InvalidRequest: Could not find repo: did:plc:qjawphuykrzy4w6sinicw3bo')
2026-03-26T17:10:46Z WARNING bsky_collector_v2.job.index_feed_generators: listRecords failed repo=did:plc:yul3qmcgdehqkzg7cuuyoicr err=HttpError('InvalidRequest: Could not find repo: did:plc:yul3qmcgdehqkzg7cuuyoicr')
2026-03-26T17:10:46Z WARNING bsky_collector_v2.job.index_feed_generators: listRecords failed repo=did:plc:77wgpkmoe44nx6xkucdvikre err=HttpError('InvalidRequest: Could not find repo: did:plc:77wgpkmoe44nx6xkucdvikre')
2026-03-26T17:10:46Z WARNING bsky_collector_v2.job.index_feed_generators: listRecords failed repo=did:plc:hrdsnkmxkiu64docu5dcu77z err=HttpError('InvalidRequest: Could not find repo: did:plc:hrdsnkmxkiu64docu5dcu77z')
2026-03-26T17:10:46Z WARNING bsky_collector_v2.job.index_feed_generators: listRecords failed repo=did:plc:nmlnrux5i22o7tzjvpfl5m2t err=HttpError('InvalidRequest: Could not find repo: did:plc:nmlnrux5i22o7tzjvpfl5m2t')
2026-03-26T17:10:46Z WARNING bsky_collector_v2.job.index_feed_generators: listRecords failed repo=did:plc:qjawphuykrzy4w6sinicw3bo err=HttpError('InvalidRequest: Could not find repo: did:plc:qjawphuykrzy4w6sinicw3bo')
2026-03-26T17:10:46Z WARNING bsky_collector_v2.job.index_feed_generators: listRecords failed repo=did:plc:yul3qmcgdehqkzg7cuuyoicr err=HttpError('InvalidRequest: Could not find repo: did:plc:yul3qmcgdehqkzg7cuuyoicr')
2026-03-26T17:10:46Z INFO bsky_collector_v2.job.index_feed_generators: enqueued repos page=3 mode=listRepos inserted=500 repos_returned=500 next_cursor=set
2026-03-26T17:11:13Z WARNING bsky_collector_v2.job.index_feed_generators: listRecords failed repo=did:plc:fmy3v7pkdkvyii3vxond3pqk err=HttpError('InvalidRequest: Could not find repo: did:plc:fmy3v7pkdkvyii3vxond3pqk')
2026-03-26T17:11:14Z WARNING bsky_collector_v2.job.index_feed_generators: listRecords failed repo=did:plc:fv47zg56zagenyjxs7f7gsdc err=HttpError('InvalidRequest: Could not find repo: did:plc:fv47zg56zagenyjxs7f7gsdc')
2026-03-26T17:11:17Z WARNING bsky_collector_v2.job.index_feed_generators: listRecords failed repo=did:plc:htqn5zj42fylwggs4lgwkprt err=HttpError('InvalidRequest: Could not find repo: did:plc:htqn5zj42fylwggs4lgwkprt')
2026-03-26T17:11:23Z WARNING bsky_collector_v2.job.index_feed_generators: listRecords failed repo=did:plc:imdosnctuadivzxslai3ldlo err=HttpError('InvalidRequest: Could not find repo: did:plc:imdosnctuadivzxslai3ldlo')
2026-03-26T17:11:35Z WARNING bsky_collector_v2.job.index_feed_generators: listRecords failed repo=did:plc:lczhnh34uwxlrxj2hw4ketnx err=HttpError('InvalidRequest: Could not find repo: did:plc:lczhnh34uwxlrxj2hw4ketnx')
2026-03-26T17:11:49Z WARNING bsky_collector_v2.job.index_feed_generators: listRecords failed repo=did:plc:pzhb2jsiovcqgheqtbduo5kv err=HttpError('InvalidRequest: Could not find repo: did:plc:pzhb2jsiovcqgheqtbduo5kv')
2026-03-26T17:12:13Z WARNING bsky_collector_v2.job.index_feed_generators: listRecords failed repo=did:plc:fmy3v7pkdkvyii3vxond3pqk err=HttpError('InvalidRequest: Could not find repo: did:plc:fmy3v7pkdkvyii3vxond3pqk')
2026-03-26T17:12:13Z WARNING bsky_collector_v2.job.index_feed_generators: listRecords failed repo=did:plc:fv47zg56zagenyjxs7f7gsdc err=HttpError('InvalidRequest: Could not find repo: did:plc:fv47zg56zagenyjxs7f7gsdc')
2026-03-26T17:12:13Z WARNING bsky_collector_v2.job.index_feed_generators: listRecords failed repo=did:plc:htqn5zj42fylwggs4lgwkprt err=HttpError('InvalidRequest: Could not find repo: did:plc:htqn5zj42fylwggs4lgwkprt')
2026-03-26T17:12:13Z WARNING bsky_collector_v2.job.index_feed_generators: listRecords failed repo=did:plc:imdosnctuadivzxslai3ldlo err=HttpError('InvalidRequest: Could not find repo: did:plc:imdosnctuadivzxslai3ldlo')
2026-03-26T17:12:13Z WARNING bsky_collector_v2.job.index_feed_generators: listRecords failed repo=did:plc:lczhnh34uwxlrxj2hw4ketnx err=HttpError('InvalidRequest: Could not find repo: did:plc:lczhnh34uwxlrxj2hw4ketnx')
2026-03-26T17:12:13Z WARNING bsky_collector_v2.job.index_feed_generators: listRecords failed repo=did:plc:pzhb2jsiovcqgheqtbduo5kv err=HttpError('InvalidRequest: Could not find repo: did:plc:pzhb2jsiovcqgheqtbduo5kv')
2026-03-26T17:12:13Z WARNING bsky_collector_v2.job.index_feed_generators: listRecords failed repo=did:plc:fmy3v7pkdkvyii3vxond3pqk err=HttpError('InvalidRequest: Could not find repo: did:plc:fmy3v7pkdkvyii3vxond3pqk')
2026-03-26T17:12:13Z WARNING bsky_collector_v2.job.index_feed_generators: listRecords failed repo=did:plc:fv47zg56zagenyjxs7f7gsdc err=HttpError('InvalidRequest: Could not find repo: did:plc:fv47zg56zagenyjxs7f7gsdc')
2026-03-26T17:12:13Z WARNING bsky_collector_v2.job.index_feed_generators: listRecords failed repo=did:plc:htqn5zj42fylwggs4lgwkprt err=HttpError('InvalidRequest: Could not find repo: did:plc:htqn5zj42fylwggs4lgwkprt')
2026-03-26T17:12:13Z WARNING bsky_collector_v2.job.index_feed_generators: listRecords failed repo=did:plc:imdosnctuadivzxslai3ldlo err=HttpError('InvalidRequest: Could not find repo: did:plc:imdosnctuadivzxslai3ldlo')
2026-03-26T17:12:13Z WARNING bsky_collector_v2.job.index_feed_generators: listRecords failed repo=did:plc:lczhnh34uwxlrxj2hw4ketnx err=HttpError('InvalidRequest: Could not find repo: did:plc:lczhnh34uwxlrxj2hw4ketnx')
2026-03-26T17:12:13Z WARNING bsky_collector_v2.job.index_feed_generators: listRecords failed repo=did:plc:pzhb2jsiovcqgheqtbduo5kv err=HttpError('InvalidRequest: Could not find repo: did:plc:pzhb2jsiovcqgheqtbduo5kv')
2026-03-26T17:12:14Z INFO bsky_collector_v2.job.index_feed_generators: enqueued repos page=4 mode=listRepos inserted=500 repos_returned=500 next_cursor=set
2026-03-26T17:13:27Z WARNING bsky_collector_v2.job.index_feed_generators: listRecords failed repo=did:plc:wvlbhx2c2srslifqzdiyaqpt err=HttpError('InvalidRequest: Could not find repo: did:plc:wvlbhx2c2srslifqzdiyaqpt')
2026-03-26T17:13:37Z WARNING bsky_collector_v2.job.index_feed_generators: listRecords failed repo=did:plc:wvlbhx2c2srslifqzdiyaqpt err=HttpError('InvalidRequest: Could not find repo: did:plc:wvlbhx2c2srslifqzdiyaqpt')
2026-03-26T17:13:37Z WARNING bsky_collector_v2.job.index_feed_generators: listRecords failed repo=did:plc:wvlbhx2c2srslifqzdiyaqpt err=HttpError('InvalidRequest: Could not find repo: did:plc:wvlbhx2c2srslifqzdiyaqpt')
2026-03-26T17:13:37Z INFO bsky_collector_v2.job.index_feed_generators: enqueued repos page=5 mode=listRepos inserted=500 repos_returned=500 next_cursor=set
2026-03-26T17:14:48Z WARNING bsky_collector_v2.job.index_feed_generators: listRecords failed repo=did:plc:mi5gxsxrebtwqa3xatt2njuk err=HttpError('InvalidRequest: Could not find repo: did:plc:mi5gxsxrebtwqa3xatt2njuk')
2026-03-26T17:15:02Z WARNING bsky_collector_v2.job.index_feed_generators: listRecords failed repo=did:plc:rgy5gz247svrmo4bzmr6cqcd err=HttpError('InvalidRequest: Could not find repo: did:plc:rgy5gz247svrmo4bzmr6cqcd')
2026-03-26T17:15:26Z WARNING bsky_collector_v2.job.index_feed_generators: listRecords failed repo=did:plc:xoibsjszfmpussrptrxtbnzl err=HttpError('InvalidRequest: Could not find repo: did:plc:xoibsjszfmpussrptrxtbnzl')
2026-03-26T17:15:33Z WARNING bsky_collector_v2.job.index_feed_generators: listRecords failed repo=did:plc:mi5gxsxrebtwqa3xatt2njuk err=HttpError('InvalidRequest: Could not find repo: did:plc:mi5gxsxrebtwqa3xatt2njuk')
2026-03-26T17:15:33Z WARNING bsky_collector_v2.job.index_feed_generators: listRecords failed repo=did:plc:rgy5gz247svrmo4bzmr6cqcd err=HttpError('InvalidRequest: Could not find repo: did:plc:rgy5gz247svrmo4bzmr6cqcd')
2026-03-26T17:15:33Z WARNING bsky_collector_v2.job.index_feed_generators: listRecords failed repo=did:plc:xoibsjszfmpussrptrxtbnzl err=HttpError('InvalidRequest: Could not find repo: did:plc:xoibsjszfmpussrptrxtbnzl')
2026-03-26T17:15:33Z WARNING bsky_collector_v2.job.index_feed_generators: listRecords failed repo=did:plc:mi5gxsxrebtwqa3xatt2njuk err=HttpError('InvalidRequest: Could not find repo: did:plc:mi5gxsxrebtwqa3xatt2njuk')
2026-03-26T17:15:33Z WARNING bsky_collector_v2.job.index_feed_generators: listRecords failed repo=did:plc:rgy5gz247svrmo4bzmr6cqcd err=HttpError('InvalidRequest: Could not find repo: did:plc:rgy5gz247svrmo4bzmr6cqcd')
2026-03-26T17:15:33Z WARNING bsky_collector_v2.job.index_feed_generators: listRecords failed repo=did:plc:xoibsjszfmpussrptrxtbnzl err=HttpError('InvalidRequest: Could not find repo: did:plc:xoibsjszfmpussrptrxtbnzl')
2026-03-26T17:15:33Z INFO bsky_collector_v2.job.index_feed_generators: enqueued repos page=6 mode=listRepos inserted=500 repos_returned=500 next_cursor=set
2026-03-26T17:15:37Z WARNING bsky_collector_v2.job.index_feed_generators: listRecords failed repo=did:plc:37evm3itec3wihkkeqrhn6u2 err=HttpError('InvalidRequest: Could not find repo: did:plc:37evm3itec3wihkkeqrhn6u2')
2026-03-26T17:16:07Z WARNING bsky_collector_v2.job.index_feed_generators: listRecords failed repo=did:plc:j57ut434wyenct227svqlpbb err=HttpError('InvalidRequest: Could not find repo: did:plc:j57ut434wyenct227svqlpbb')
2026-03-26T17:16:33Z WARNING bsky_collector_v2.job.index_feed_generators: listRecords failed repo=did:plc:wrhu5q6w7vmbpgcwpe2pajaj err=HttpError('InvalidRequest: Could not find repo: did:plc:wrhu5q6w7vmbpgcwpe2pajaj')
2026-03-26T17:16:39Z WARNING bsky_collector_v2.job.index_feed_generators: listRecords failed repo=did:plc:znzlvzx46du5f4oid7ysqexv err=HttpError('InvalidRequest: Could not find repo: did:plc:znzlvzx46du5f4oid7ysqexv')
2026-03-26T17:16:40Z WARNING bsky_collector_v2.job.index_feed_generators: listRecords failed repo=did:plc:37evm3itec3wihkkeqrhn6u2 err=HttpError('InvalidRequest: Could not find repo: did:plc:37evm3itec3wihkkeqrhn6u2')
2026-03-26T17:16:40Z WARNING bsky_collector_v2.job.index_feed_generators: listRecords failed repo=did:plc:j57ut434wyenct227svqlpbb err=HttpError('InvalidRequest: Could not find repo: did:plc:j57ut434wyenct227svqlpbb')
2026-03-26T17:16:40Z WARNING bsky_collector_v2.job.index_feed_generators: listRecords failed repo=did:plc:wrhu5q6w7vmbpgcwpe2pajaj err=HttpError('InvalidRequest: Could not find repo: did:plc:wrhu5q6w7vmbpgcwpe2pajaj')
2026-03-26T17:16:40Z WARNING bsky_collector_v2.job.index_feed_generators: listRecords failed repo=did:plc:znzlvzx46du5f4oid7ysqexv err=HttpError('InvalidRequest: Could not find repo: did:plc:znzlvzx46du5f4oid7ysqexv')
2026-03-26T17:16:40Z WARNING bsky_collector_v2.job.index_feed_generators: listRecords failed repo=did:plc:37evm3itec3wihkkeqrhn6u2 err=HttpError('InvalidRequest: Could not find repo: did:plc:37evm3itec3wihkkeqrhn6u2')
2026-03-26T17:16:40Z WARNING bsky_collector_v2.job.index_feed_generators: listRecords failed repo=did:plc:j57ut434wyenct227svqlpbb err=HttpError('InvalidRequest: Could not find repo: did:plc:j57ut434wyenct227svqlpbb')
2026-03-26T17:16:40Z WARNING bsky_collector_v2.job.index_feed_generators: listRecords failed repo=did:plc:wrhu5q6w7vmbpgcwpe2pajaj err=HttpError('InvalidRequest: Could not find repo: did:plc:wrhu5q6w7vmbpgcwpe2pajaj')
2026-03-26T17:16:40Z WARNING bsky_collector_v2.job.index_feed_generators: listRecords failed repo=did:plc:znzlvzx46du5f4oid7ysqexv err=HttpError('InvalidRequest: Could not find repo: did:plc:znzlvzx46du5f4oid7ysqexv')
2026-03-26T17:16:40Z INFO bsky_collector_v2.job.index_feed_generators: enqueued repos page=7 mode=listRepos inserted=500 repos_returned=500 next_cursor=set
2026-03-26T17:17:55Z WARNING bsky_collector_v2.job.index_feed_generators: listRecords failed repo=did:plc:t5bl353jqjifpg65kerjcylf err=HttpError('InvalidRequest: Could not find repo: did:plc:t5bl353jqjifpg65kerjcylf')
2026-03-26T17:18:03Z WARNING bsky_collector_v2.job.index_feed_generators: listRecords failed repo=did:plc:x3uxuetcnhs3lqavswykxz4i err=HttpError('InvalidRequest: Could not find repo: did:plc:x3uxuetcnhs3lqavswykxz4i')
2026-03-26T17:18:04Z INFO bsky_collector_v2.job.index_feed_generators: indexed repo=did:plc:xptfoe5t5beo5x567kkmg7ut part=135 records=1 next_cursor=set
2026-03-26T17:18:06Z WARNING bsky_collector_v2.job.index_feed_generators: listRecords failed repo=did:plc:zjn2z7rnu7xfezkvz43zyrvp err=HttpError('InvalidRequest: Could not find repo: did:plc:zjn2z7rnu7xfezkvz43zyrvp')
2026-03-26T17:18:07Z WARNING bsky_collector_v2.job.index_feed_generators: listRecords failed repo=did:plc:t5bl353jqjifpg65kerjcylf err=HttpError('InvalidRequest: Could not find repo: did:plc:t5bl353jqjifpg65kerjcylf')
2026-03-26T17:18:07Z WARNING bsky_collector_v2.job.index_feed_generators: listRecords failed repo=did:plc:x3uxuetcnhs3lqavswykxz4i err=HttpError('InvalidRequest: Could not find repo: did:plc:x3uxuetcnhs3lqavswykxz4i')
2026-03-26T17:18:08Z WARNING bsky_collector_v2.job.index_feed_generators: listRecords failed repo=did:plc:zjn2z7rnu7xfezkvz43zyrvp err=HttpError('InvalidRequest: Could not find repo: did:plc:zjn2z7rnu7xfezkvz43zyrvp')
2026-03-26T17:18:08Z WARNING bsky_collector_v2.job.index_feed_generators: listRecords failed repo=did:plc:t5bl353jqjifpg65kerjcylf err=HttpError('InvalidRequest: Could not find repo: did:plc:t5bl353jqjifpg65kerjcylf')
2026-03-26T17:18:08Z WARNING bsky_collector_v2.job.index_feed_generators: listRecords failed repo=did:plc:x3uxuetcnhs3lqavswykxz4i err=HttpError('InvalidRequest: Could not find repo: did:plc:x3uxuetcnhs3lqavswykxz4i')
2026-03-26T17:18:08Z WARNING bsky_collector_v2.job.index_feed_generators: listRecords failed repo=did:plc:zjn2z7rnu7xfezkvz43zyrvp err=HttpError('InvalidRequest: Could not find repo: did:plc:zjn2z7rnu7xfezkvz43zyrvp')
2026-03-26T17:18:08Z INFO bsky_collector_v2.job.index_feed_generators: enqueued repos page=8 mode=listRepos inserted=500 repos_returned=500 next_cursor=set
2026-03-26T17:18:31Z WARNING bsky_collector_v2.job.index_feed_generators: listRecords failed repo=did:plc:fheadnwer47ydxncl74hmgsc err=HttpError('InvalidRequest: Could not find repo: did:plc:fheadnwer47ydxncl74hmgsc')
2026-03-26T17:19:16Z INFO bsky_collector_v2.job.index_feed_generators: indexed repo=did:plc:uzsnasf7djd6r2bn3hdgr2ca part=136 records=1 next_cursor=set
2026-03-26T17:19:26Z WARNING bsky_collector_v2.job.index_feed_generators: listRecords failed repo=did:plc:fheadnwer47ydxncl74hmgsc err=HttpError('InvalidRequest: Could not find repo: did:plc:fheadnwer47ydxncl74hmgsc')
2026-03-26T17:19:26Z WARNING bsky_collector_v2.job.index_feed_generators: listRecords failed repo=did:plc:fheadnwer47ydxncl74hmgsc err=HttpError('InvalidRequest: Could not find repo: did:plc:fheadnwer47ydxncl74hmgsc')
2026-03-26T17:19:26Z INFO bsky_collector_v2.job.index_feed_generators: enqueued repos page=9 mode=listRepos inserted=500 repos_returned=500 next_cursor=set
2026-03-26T17:19:37Z WARNING bsky_collector_v2.job.index_feed_generators: listRecords failed repo=did:plc:7ps77eklayp236a3uvunfcmb err=HttpError('InvalidRequest: Could not find repo: did:plc:7ps77eklayp236a3uvunfcmb')
2026-03-26T17:20:19Z WARNING bsky_collector_v2.job.index_feed_generators: listRecords failed repo=did:plc:svgfv3dmvbkuxyva6hbbue64 err=HttpError('InvalidRequest: Could not find repo: did:plc:svgfv3dmvbkuxyva6hbbue64')
2026-03-26T17:20:31Z WARNING bsky_collector_v2.job.index_feed_generators: listRecords failed repo=did:plc:7ps77eklayp236a3uvunfcmb err=HttpError('InvalidRequest: Could not find repo: did:plc:7ps77eklayp236a3uvunfcmb')
2026-03-26T17:20:31Z WARNING bsky_collector_v2.job.index_feed_generators: listRecords failed repo=did:plc:svgfv3dmvbkuxyva6hbbue64 err=HttpError('InvalidRequest: Could not find repo: did:plc:svgfv3dmvbkuxyva6hbbue64')
2026-03-26T17:20:31Z WARNING bsky_collector_v2.job.index_feed_generators: listRecords failed repo=did:plc:7ps77eklayp236a3uvunfcmb err=HttpError('InvalidRequest: Could not find repo: did:plc:7ps77eklayp236a3uvunfcmb')
2026-03-26T17:20:31Z WARNING bsky_collector_v2.job.index_feed_generators: listRecords failed repo=did:plc:svgfv3dmvbkuxyva6hbbue64 err=HttpError('InvalidRequest: Could not find repo: did:plc:svgfv3dmvbkuxyva6hbbue64')
2026-03-26T17:20:31Z INFO bsky_collector_v2.job.index_feed_generators: enqueued repos page=10 mode=listRepos inserted=500 repos_returned=500 next_cursor=set
2026-03-26T17:20:42Z INFO bsky_collector_v2.job.index_feed_generators: indexed repo=did:plc:6goxcussv2nvgi5njmmhumuq part=137 records=1 next_cursor=set
2026-03-26T17:21:13Z WARNING bsky_collector_v2.job.index_feed_generators: listRecords failed repo=did:plc:h6xymyin6wciyrh2g5nkymwo err=HttpError('InvalidRequest: Could not find repo: did:plc:h6xymyin6wciyrh2g5nkymwo')
2026-03-26T17:21:15Z WARNING bsky_collector_v2.job.index_feed_generators: listRecords failed repo=did:plc:i52vxixekbzwdezhs6yapxav err=HttpError('InvalidRequest: Could not find repo: did:plc:i52vxixekbzwdezhs6yapxav')
2026-03-26T17:21:16Z WARNING bsky_collector_v2.job.index_feed_generators: listRecords failed repo=did:plc:ii5kb6haowrzfn5j45glsqu5 err=HttpError('InvalidRequest: Could not find repo: did:plc:ii5kb6haowrzfn5j45glsqu5')
2026-03-26T17:21:26Z WARNING bsky_collector_v2.job.index_feed_generators: listRecords failed repo=did:plc:nagjb4tvtczn4thox3szum7i err=HttpError('InvalidRequest: Could not find repo: did:plc:nagjb4tvtczn4thox3szum7i')
2026-03-26T17:21:41Z WARNING bsky_collector_v2.job.index_feed_generators: listRecords failed repo=did:plc:sws47rr2hftdvp6ish6kol7f err=HttpError('InvalidRequest: Could not find repo: did:plc:sws47rr2hftdvp6ish6kol7f')
2026-03-26T17:21:56Z WARNING bsky_collector_v2.job.index_feed_generators: listRecords failed repo=did:plc:h6xymyin6wciyrh2g5nkymwo err=HttpError('InvalidRequest: Could not find repo: did:plc:h6xymyin6wciyrh2g5nkymwo')
2026-03-26T17:21:56Z WARNING bsky_collector_v2.job.index_feed_generators: listRecords failed repo=did:plc:i52vxixekbzwdezhs6yapxav err=HttpError('InvalidRequest: Could not find repo: did:plc:i52vxixekbzwdezhs6yapxav')
2026-03-26T17:21:56Z WARNING bsky_collector_v2.job.index_feed_generators: listRecords failed repo=did:plc:ii5kb6haowrzfn5j45glsqu5 err=HttpError('InvalidRequest: Could not find repo: did:plc:ii5kb6haowrzfn5j45glsqu5')
2026-03-26T17:21:56Z WARNING bsky_collector_v2.job.index_feed_generators: listRecords failed repo=did:plc:nagjb4tvtczn4thox3szum7i err=HttpError('InvalidRequest: Could not find repo: did:plc:nagjb4tvtczn4thox3szum7i')
2026-03-26T17:21:56Z WARNING bsky_collector_v2.job.index_feed_generators: listRecords failed repo=did:plc:sws47rr2hftdvp6ish6kol7f err=HttpError('InvalidRequest: Could not find repo: did:plc:sws47rr2hftdvp6ish6kol7f')
2026-03-26T17:21:56Z WARNING bsky_collector_v2.job.index_feed_generators: listRecords failed repo=did:plc:h6xymyin6wciyrh2g5nkymwo err=HttpError('InvalidRequest: Could not find repo: did:plc:h6xymyin6wciyrh2g5nkymwo')
2026-03-26T17:21:56Z WARNING bsky_collector_v2.job.index_feed_generators: listRecords failed repo=did:plc:i52vxixekbzwdezhs6yapxav err=HttpError('InvalidRequest: Could not find repo: did:plc:i52vxixekbzwdezhs6yapxav')
2026-03-26T17:21:56Z WARNING bsky_collector_v2.job.index_feed_generators: listRecords failed repo=did:plc:ii5kb6haowrzfn5j45glsqu5 err=HttpError('InvalidRequest: Could not find repo: did:plc:ii5kb6haowrzfn5j45glsqu5')
2026-03-26T17:21:56Z WARNING bsky_collector_v2.job.index_feed_generators: listRecords failed repo=did:plc:nagjb4tvtczn4thox3szum7i err=HttpError('InvalidRequest: Could not find repo: did:plc:nagjb4tvtczn4thox3szum7i')
2026-03-26T17:21:56Z WARNING bsky_collector_v2.job.index_feed_generators: listRecords failed repo=did:plc:sws47rr2hftdvp6ish6kol7f err=HttpError('InvalidRequest: Could not find repo: did:plc:sws47rr2hftdvp6ish6kol7f')
2026-03-26T17:21:56Z INFO bsky_collector_v2.job.index_feed_generators: enqueued repos page=11 mode=listRepos inserted=500 repos_returned=500 next_cursor=set
2026-03-26T17:22:01Z WARNING bsky_collector_v2.job.index_feed_generators: listRecords failed repo=did:plc:3iuovtzsj57bfao66yahhrlr err=HttpError('InvalidRequest: Could not find repo: did:plc:3iuovtzsj57bfao66yahhrlr')
2026-03-26T17:22:08Z WARNING bsky_collector_v2.job.index_feed_generators: listRecords failed repo=did:plc:6duarzpmvbycpg6gtxhm65zu err=HttpError('InvalidRequest: Could not find repo: did:plc:6duarzpmvbycpg6gtxhm65zu')
2026-03-26T17:23:14Z WARNING bsky_collector_v2.job.index_feed_generators: listRecords failed repo=did:plc:xwykzs56jbeztuzleq36v262 err=HttpError('InvalidRequest: Could not find repo: did:plc:xwykzs56jbeztuzleq36v262')
2026-03-26T17:23:19Z WARNING bsky_collector_v2.job.index_feed_generators: listRecords failed repo=did:plc:3iuovtzsj57bfao66yahhrlr err=HttpError('InvalidRequest: Could not find repo: did:plc:3iuovtzsj57bfao66yahhrlr')
2026-03-26T17:23:19Z WARNING bsky_collector_v2.job.index_feed_generators: listRecords failed repo=did:plc:6duarzpmvbycpg6gtxhm65zu err=HttpError('InvalidRequest: Could not find repo: did:plc:6duarzpmvbycpg6gtxhm65zu')
2026-03-26T17:23:19Z WARNING bsky_collector_v2.job.index_feed_generators: listRecords failed repo=did:plc:xwykzs56jbeztuzleq36v262 err=HttpError('InvalidRequest: Could not find repo: did:plc:xwykzs56jbeztuzleq36v262')
2026-03-26T17:23:19Z WARNING bsky_collector_v2.job.index_feed_generators: listRecords failed repo=did:plc:3iuovtzsj57bfao66yahhrlr err=HttpError('InvalidRequest: Could not find repo: did:plc:3iuovtzsj57bfao66yahhrlr')
2026-03-26T17:23:19Z WARNING bsky_collector_v2.job.index_feed_generators: listRecords failed repo=did:plc:6duarzpmvbycpg6gtxhm65zu err=HttpError('InvalidRequest: Could not find repo: did:plc:6duarzpmvbycpg6gtxhm65zu')
2026-03-26T17:23:19Z WARNING bsky_collector_v2.job.index_feed_generators: listRecords failed repo=did:plc:xwykzs56jbeztuzleq36v262 err=HttpError('InvalidRequest: Could not find repo: did:plc:xwykzs56jbeztuzleq36v262')
2026-03-26T17:23:19Z INFO bsky_collector_v2.job.index_feed_generators: enqueued repos page=12 mode=listRepos inserted=500 repos_returned=500 next_cursor=set
2026-03-26T17:23:53Z WARNING bsky_collector_v2.job.index_feed_generators: listRecords failed repo=did:plc:kbrk5dk2kt4vhr353wqdfbkn err=HttpError('InvalidRequest: Could not find repo: did:plc:kbrk5dk2kt4vhr353wqdfbkn')
2026-03-26T17:23:53Z INFO bsky_collector_v2.job.index_feed_generators: indexed repo=did:plc:ksdffd644g7gdimowihztcdr part=138 records=2 next_cursor=set
2026-03-26T17:24:17Z WARNING bsky_collector_v2.job.index_feed_generators: listRecords failed repo=did:plc:unetqegmjybjzrs3k4a5nbt6 err=HttpError('InvalidRequest: Could not find repo: did:plc:unetqegmjybjzrs3k4a5nbt6')
2026-03-26T17:24:27Z WARNING bsky_collector_v2.job.index_feed_generators: listRecords failed repo=did:plc:kbrk5dk2kt4vhr353wqdfbkn err=HttpError('InvalidRequest: Could not find repo: did:plc:kbrk5dk2kt4vhr353wqdfbkn')
2026-03-26T17:24:27Z WARNING bsky_collector_v2.job.index_feed_generators: listRecords failed repo=did:plc:unetqegmjybjzrs3k4a5nbt6 err=HttpError('InvalidRequest: Could not find repo: did:plc:unetqegmjybjzrs3k4a5nbt6')
2026-03-26T17:24:27Z WARNING bsky_collector_v2.job.index_feed_generators: listRecords failed repo=did:plc:kbrk5dk2kt4vhr353wqdfbkn err=HttpError('InvalidRequest: Could not find repo: did:plc:kbrk5dk2kt4vhr353wqdfbkn')
2026-03-26T17:24:27Z WARNING bsky_collector_v2.job.index_feed_generators: listRecords failed repo=did:plc:unetqegmjybjzrs3k4a5nbt6 err=HttpError('InvalidRequest: Could not find repo: did:plc:unetqegmjybjzrs3k4a5nbt6')
2026-03-26T17:24:28Z INFO bsky_collector_v2.job.index_feed_generators: enqueued repos page=13 mode=listRepos inserted=500 repos_returned=500 next_cursor=set
2026-03-26T17:25:26Z WARNING bsky_collector_v2.job.index_feed_generators: listRecords failed repo=did:plc:oylxqrgrswtysgkd7ndfuksd err=HttpError('InvalidRequest: Could not find repo: did:plc:oylxqrgrswtysgkd7ndfuksd')
2026-03-26T17:25:43Z WARNING bsky_collector_v2.job.index_feed_generators: listRecords failed repo=did:plc:x4ttn752hzlqepphadpasgum err=HttpError('InvalidRequest: Could not find repo: did:plc:x4ttn752hzlqepphadpasgum')
2026-03-26T17:25:51Z WARNING bsky_collector_v2.job.index_feed_generators: listRecords failed repo=did:plc:oylxqrgrswtysgkd7ndfuksd err=HttpError('InvalidRequest: Could not find repo: did:plc:oylxqrgrswtysgkd7ndfuksd')
2026-03-26T17:25:51Z WARNING bsky_collector_v2.job.index_feed_generators: listRecords failed repo=did:plc:x4ttn752hzlqepphadpasgum err=HttpError('InvalidRequest: Could not find repo: did:plc:x4ttn752hzlqepphadpasgum')
2026-03-26T17:25:51Z WARNING bsky_collector_v2.job.index_feed_generators: listRecords failed repo=did:plc:oylxqrgrswtysgkd7ndfuksd err=HttpError('InvalidRequest: Could not find repo: did:plc:oylxqrgrswtysgkd7ndfuksd')
2026-03-26T17:25:51Z WARNING bsky_collector_v2.job.index_feed_generators: listRecords failed repo=did:plc:x4ttn752hzlqepphadpasgum err=HttpError('InvalidRequest: Could not find repo: did:plc:x4ttn752hzlqepphadpasgum')
2026-03-26T17:25:52Z INFO bsky_collector_v2.job.index_feed_generators: enqueued repos page=14 mode=listRepos inserted=500 repos_returned=500 next_cursor=set
2026-03-26T17:26:05Z INFO bsky_collector_v2.job.index_feed_generators: indexed repo=did:plc:aky2zotnmj4uonrumru5avnb part=139 records=8 next_cursor=set
2026-03-26T17:26:11Z WARNING bsky_collector_v2.job.index_feed_generators: listRecords failed repo=did:plc:diglnvuhp4okgogqi2g3mxut err=HttpError('InvalidRequest: Could not find repo: did:plc:diglnvuhp4okgogqi2g3mxut')
2026-03-26T17:27:00Z WARNING bsky_collector_v2.job.index_feed_generators: listRecords failed repo=did:plc:diglnvuhp4okgogqi2g3mxut err=HttpError('InvalidRequest: Could not find repo: did:plc:diglnvuhp4okgogqi2g3mxut')
2026-03-26T17:27:00Z WARNING bsky_collector_v2.job.index_feed_generators: listRecords failed repo=did:plc:diglnvuhp4okgogqi2g3mxut err=HttpError('InvalidRequest: Could not find repo: did:plc:diglnvuhp4okgogqi2g3mxut')
2026-03-26T17:27:01Z INFO bsky_collector_v2.job.index_feed_generators: enqueued repos page=15 mode=listRepos inserted=500 repos_returned=500 next_cursor=set
2026-03-26T17:27:43Z WARNING bsky_collector_v2.job.index_feed_generators: listRecords failed repo=did:plc:i5jqn2bewvfs763shl5pl3aw err=HttpError('InvalidRequest: Could not find repo: did:plc:i5jqn2bewvfs763shl5pl3aw')
2026-03-26T17:28:21Z WARNING bsky_collector_v2.job.index_feed_generators: listRecords failed repo=did:plc:sravwec6iixkrrnx2c22l6zd err=HttpError('InvalidRequest: Could not find repo: did:plc:sravwec6iixkrrnx2c22l6zd')
2026-03-26T17:28:26Z WARNING bsky_collector_v2.job.index_feed_generators: listRecords failed repo=did:plc:uz7h3j7nlwn2elm4vu4orhno err=HttpError('InvalidRequest: Could not find repo: did:plc:uz7h3j7nlwn2elm4vu4orhno')
2026-03-26T17:28:36Z WARNING bsky_collector_v2.job.index_feed_generators: listRecords failed repo=did:plc:i5jqn2bewvfs763shl5pl3aw err=HttpError('InvalidRequest: Could not find repo: did:plc:i5jqn2bewvfs763shl5pl3aw')
2026-03-26T17:28:36Z WARNING bsky_collector_v2.job.index_feed_generators: listRecords failed repo=did:plc:sravwec6iixkrrnx2c22l6zd err=HttpError('InvalidRequest: Could not find repo: did:plc:sravwec6iixkrrnx2c22l6zd')
2026-03-26T17:28:36Z WARNING bsky_collector_v2.job.index_feed_generators: listRecords failed repo=did:plc:uz7h3j7nlwn2elm4vu4orhno err=HttpError('InvalidRequest: Could not find repo: did:plc:uz7h3j7nlwn2elm4vu4orhno')
2026-03-26T17:28:36Z WARNING bsky_collector_v2.job.index_feed_generators: listRecords failed repo=did:plc:i5jqn2bewvfs763shl5pl3aw err=HttpError('InvalidRequest: Could not find repo: did:plc:i5jqn2bewvfs763shl5pl3aw')
2026-03-26T17:28:36Z WARNING bsky_collector_v2.job.index_feed_generators: listRecords failed repo=did:plc:sravwec6iixkrrnx2c22l6zd err=HttpError('InvalidRequest: Could not find repo: did:plc:sravwec6iixkrrnx2c22l6zd')
2026-03-26T17:28:36Z WARNING bsky_collector_v2.job.index_feed_generators: listRecords failed repo=did:plc:uz7h3j7nlwn2elm4vu4orhno err=HttpError('InvalidRequest: Could not find repo: did:plc:uz7h3j7nlwn2elm4vu4orhno')
2026-03-26T17:28:36Z INFO bsky_collector_v2.job.index_feed_generators: enqueued repos page=16 mode=listRepos inserted=500 repos_returned=500 next_cursor=set
2026-03-26T17:28:38Z WARNING bsky_collector_v2.job.index_feed_generators: listRecords failed repo=did:plc:34cz7auqhzl2rq62fg6mobut err=HttpError('InvalidRequest: Could not find repo: did:plc:34cz7auqhzl2rq62fg6mobut')
2026-03-26T17:28:48Z INFO bsky_collector_v2.job.index_feed_generators: indexed repo=did:plc:7ryr2julg3nkfje2dihvui5i part=140 records=1 next_cursor=set
2026-03-26T17:28:51Z WARNING bsky_collector_v2.job.index_feed_generators: listRecords failed repo=did:plc:axug6xsszlzhdjgpi6zge5hs err=HttpError('InvalidRequest: Could not find repo: did:plc:axug6xsszlzhdjgpi6zge5hs')
2026-03-26T17:29:40Z WARNING bsky_collector_v2.job.index_feed_generators: listRecords failed repo=did:plc:srht6ogpghqdab2zctwwa3wm err=HttpError('InvalidRequest: Could not find repo: did:plc:srht6ogpghqdab2zctwwa3wm')
2026-03-26T17:29:54Z WARNING bsky_collector_v2.job.index_feed_generators: listRecords failed repo=did:plc:34cz7auqhzl2rq62fg6mobut err=HttpError('InvalidRequest: Could not find repo: did:plc:34cz7auqhzl2rq62fg6mobut')
2026-03-26T17:29:55Z WARNING bsky_collector_v2.job.index_feed_generators: listRecords failed repo=did:plc:axug6xsszlzhdjgpi6zge5hs err=HttpError('InvalidRequest: Could not find repo: did:plc:axug6xsszlzhdjgpi6zge5hs')
2026-03-26T17:29:55Z WARNING bsky_collector_v2.job.index_feed_generators: listRecords failed repo=did:plc:srht6ogpghqdab2zctwwa3wm err=HttpError('InvalidRequest: Could not find repo: did:plc:srht6ogpghqdab2zctwwa3wm')
2026-03-26T17:29:55Z WARNING bsky_collector_v2.job.index_feed_generators: listRecords failed repo=did:plc:34cz7auqhzl2rq62fg6mobut err=HttpError('InvalidRequest: Could not find repo: did:plc:34cz7auqhzl2rq62fg6mobut')
2026-03-26T17:29:55Z WARNING bsky_collector_v2.job.index_feed_generators: listRecords failed repo=did:plc:axug6xsszlzhdjgpi6zge5hs err=HttpError('InvalidRequest: Could not find repo: did:plc:axug6xsszlzhdjgpi6zge5hs')
2026-03-26T17:29:55Z WARNING bsky_collector_v2.job.index_feed_generators: listRecords failed repo=did:plc:srht6ogpghqdab2zctwwa3wm err=HttpError('InvalidRequest: Could not find repo: did:plc:srht6ogpghqdab2zctwwa3wm')
2026-03-26T17:29:55Z INFO bsky_collector_v2.job.index_feed_generators: enqueued repos page=17 mode=listRepos inserted=500 repos_returned=500 next_cursor=set
2026-03-26T17:29:59Z WARNING bsky_collector_v2.job.index_feed_generators: listRecords failed repo=did:plc:3ulfifg3semnkf4r2dsie63f err=HttpError('InvalidRequest: Could not find repo: did:plc:3ulfifg3semnkf4r2dsie63f')
2026-03-26T17:30:11Z WARNING bsky_collector_v2.job.index_feed_generators: listRecords failed repo=did:plc:crkw5fmbyssiuwkyy52pxy6w err=HttpError('InvalidRequest: Could not find repo: did:plc:crkw5fmbyssiuwkyy52pxy6w')
2026-03-26T17:30:26Z WARNING bsky_collector_v2.job.index_feed_generators: listRecords failed repo=did:plc:kpx5wr2j23rpvxt7rzkwyorq err=HttpError('InvalidRequest: Could not find repo: did:plc:kpx5wr2j23rpvxt7rzkwyorq')
2026-03-26T17:30:30Z WARNING bsky_collector_v2.job.index_feed_generators: listRecords failed repo=did:plc:mmb4ke7w6km6mdxhfhqdbkkw err=HttpError('InvalidRequest: Could not find repo: did:plc:mmb4ke7w6km6mdxhfhqdbkkw')
2026-03-26T17:30:35Z WARNING bsky_collector_v2.job.index_feed_generators: listRecords failed repo=did:plc:obi4jrxu4sr7e435jzqeuzqm err=HttpError('InvalidRequest: Could not find repo: did:plc:obi4jrxu4sr7e435jzqeuzqm')
2026-03-26T17:31:00Z WARNING bsky_collector_v2.job.index_feed_generators: listRecords failed repo=did:plc:3ulfifg3semnkf4r2dsie63f err=HttpError('InvalidRequest: Could not find repo: did:plc:3ulfifg3semnkf4r2dsie63f')
2026-03-26T17:31:00Z WARNING bsky_collector_v2.job.index_feed_generators: listRecords failed repo=did:plc:crkw5fmbyssiuwkyy52pxy6w err=HttpError('InvalidRequest: Could not find repo: did:plc:crkw5fmbyssiuwkyy52pxy6w')
2026-03-26T17:31:01Z WARNING bsky_collector_v2.job.index_feed_generators: listRecords failed repo=did:plc:kpx5wr2j23rpvxt7rzkwyorq err=HttpError('InvalidRequest: Could not find repo: did:plc:kpx5wr2j23rpvxt7rzkwyorq')
2026-03-26T17:31:01Z WARNING bsky_collector_v2.job.index_feed_generators: listRecords failed repo=did:plc:mmb4ke7w6km6mdxhfhqdbkkw err=HttpError('InvalidRequest: Could not find repo: did:plc:mmb4ke7w6km6mdxhfhqdbkkw')
2026-03-26T17:31:01Z WARNING bsky_collector_v2.job.index_feed_generators: listRecords failed repo=did:plc:obi4jrxu4sr7e435jzqeuzqm err=HttpError('InvalidRequest: Could not find repo: did:plc:obi4jrxu4sr7e435jzqeuzqm')
2026-03-26T17:31:01Z WARNING bsky_collector_v2.job.index_feed_generators: listRecords failed repo=did:plc:3ulfifg3semnkf4r2dsie63f err=HttpError('InvalidRequest: Could not find repo: did:plc:3ulfifg3semnkf4r2dsie63f')
2026-03-26T17:31:02Z WARNING bsky_collector_v2.job.index_feed_generators: listRecords failed repo=did:plc:crkw5fmbyssiuwkyy52pxy6w err=HttpError('InvalidRequest: Could not find repo: did:plc:crkw5fmbyssiuwkyy52pxy6w')
2026-03-26T17:31:02Z WARNING bsky_collector_v2.job.index_feed_generators: listRecords failed repo=did:plc:kpx5wr2j23rpvxt7rzkwyorq err=HttpError('InvalidRequest: Could not find repo: did:plc:kpx5wr2j23rpvxt7rzkwyorq')
2026-03-26T17:31:02Z WARNING bsky_collector_v2.job.index_feed_generators: listRecords failed repo=did:plc:mmb4ke7w6km6mdxhfhqdbkkw err=HttpError('InvalidRequest: Could not find repo: did:plc:mmb4ke7w6km6mdxhfhqdbkkw')
2026-03-26T17:31:02Z WARNING bsky_collector_v2.job.index_feed_generators: listRecords failed repo=did:plc:obi4jrxu4sr7e435jzqeuzqm err=HttpError('InvalidRequest: Could not find repo: did:plc:obi4jrxu4sr7e435jzqeuzqm')
2026-03-26T17:31:03Z INFO bsky_collector_v2.job.index_feed_generators: enqueued repos page=18 mode=listRepos inserted=500 repos_returned=500 next_cursor=set
2026-03-26T17:31:12Z INFO bsky_collector_v2.job.index_feed_generators: indexed repo=did:plc:3yrmt2y2tghiksdaaqslaog3 part=141 records=2 next_cursor=set
2026-03-26T17:31:26Z WARNING bsky_collector_v2.job.index_feed_generators: listRecords failed repo=did:plc:bmnotv7lxd7z4cf6hi32t4lw err=HttpError('InvalidRequest: Could not find repo: did:plc:bmnotv7lxd7z4cf6hi32t4lw')
2026-03-26T17:31:52Z WARNING bsky_collector_v2.job.index_feed_generators: listRecords failed repo=did:plc:o4hocyyf4lvqzheopswodvqx err=HttpError('InvalidRequest: Could not find repo: did:plc:o4hocyyf4lvqzheopswodvqx')
2026-03-26T17:32:16Z WARNING bsky_collector_v2.job.index_feed_generators: listRecords failed repo=did:plc:bmnotv7lxd7z4cf6hi32t4lw err=HttpError('InvalidRequest: Could not find repo: did:plc:bmnotv7lxd7z4cf6hi32t4lw')
2026-03-26T17:32:16Z WARNING bsky_collector_v2.job.index_feed_generators: listRecords failed repo=did:plc:o4hocyyf4lvqzheopswodvqx err=HttpError('InvalidRequest: Could not find repo: did:plc:o4hocyyf4lvqzheopswodvqx')
2026-03-26T17:32:16Z WARNING bsky_collector_v2.job.index_feed_generators: listRecords failed repo=did:plc:bmnotv7lxd7z4cf6hi32t4lw err=HttpError('InvalidRequest: Could not find repo: did:plc:bmnotv7lxd7z4cf6hi32t4lw')
2026-03-26T17:32:16Z WARNING bsky_collector_v2.job.index_feed_generators: listRecords failed repo=did:plc:o4hocyyf4lvqzheopswodvqx err=HttpError('InvalidRequest: Could not find repo: did:plc:o4hocyyf4lvqzheopswodvqx')
2026-03-26T17:32:17Z INFO bsky_collector_v2.job.index_feed_generators: enqueued repos page=19 mode=listRepos inserted=500 repos_returned=500 next_cursor=set
2026-03-26T17:32:53Z WARNING bsky_collector_v2.job.index_feed_generators: listRecords failed repo=did:plc:fvmadefv2czth4pcf3pvnngb err=HttpError('InvalidRequest: Could not find repo: did:plc:fvmadefv2czth4pcf3pvnngb')
2026-03-26T17:33:15Z WARNING bsky_collector_v2.job.index_feed_generators: listRecords failed repo=did:plc:r2kpodxdn32guhazah4e5s5t err=HttpError('InvalidRequest: Could not find repo: did:plc:r2kpodxdn32guhazah4e5s5t')
2026-03-26T17:33:15Z WARNING bsky_collector_v2.job.index_feed_generators: listRecords failed repo=did:plc:rcw7dopb726evcp7w2xplljf err=HttpError('InvalidRequest: Could not find repo: did:plc:rcw7dopb726evcp7w2xplljf')
2026-03-26T17:33:33Z WARNING bsky_collector_v2.job.index_feed_generators: listRecords failed repo=did:plc:fvmadefv2czth4pcf3pvnngb err=HttpError('InvalidRequest: Could not find repo: did:plc:fvmadefv2czth4pcf3pvnngb')
2026-03-26T17:33:33Z WARNING bsky_collector_v2.job.index_feed_generators: listRecords failed repo=did:plc:r2kpodxdn32guhazah4e5s5t err=HttpError('InvalidRequest: Could not find repo: did:plc:r2kpodxdn32guhazah4e5s5t')
2026-03-26T17:33:33Z WARNING bsky_collector_v2.job.index_feed_generators: listRecords failed repo=did:plc:rcw7dopb726evcp7w2xplljf err=HttpError('InvalidRequest: Could not find repo: did:plc:rcw7dopb726evcp7w2xplljf')
2026-03-26T17:33:33Z WARNING bsky_collector_v2.job.index_feed_generators: listRecords failed repo=did:plc:fvmadefv2czth4pcf3pvnngb err=HttpError('InvalidRequest: Could not find repo: did:plc:fvmadefv2czth4pcf3pvnngb')
2026-03-26T17:33:33Z WARNING bsky_collector_v2.job.index_feed_generators: listRecords failed repo=did:plc:r2kpodxdn32guhazah4e5s5t err=HttpError('InvalidRequest: Could not find repo: did:plc:r2kpodxdn32guhazah4e5s5t')
2026-03-26T17:33:33Z WARNING bsky_collector_v2.job.index_feed_generators: listRecords failed repo=did:plc:rcw7dopb726evcp7w2xplljf err=HttpError('InvalidRequest: Could not find repo: did:plc:rcw7dopb726evcp7w2xplljf')
2026-03-26T17:33:33Z INFO bsky_collector_v2.job.index_feed_generators: enqueued repos page=20 mode=listRepos inserted=500 repos_returned=500 next_cursor=set
2026-03-26T17:33:39Z WARNING bsky_collector_v2.job.index_feed_generators: listRecords failed repo=did:plc:47rrfevxrrjrpkdquabsa3u7 err=HttpError('InvalidRequest: Could not find repo: did:plc:47rrfevxrrjrpkdquabsa3u7')
2026-03-26T17:33:39Z WARNING bsky_collector_v2.job.index_feed_generators: listRecords failed repo=did:plc:4i6u2ntusd7duu26h73yjgwa err=HttpError('InvalidRequest: Could not find repo: did:plc:4i6u2ntusd7duu26h73yjgwa')
2026-03-26T17:34:23Z WARNING bsky_collector_v2.job.index_feed_generators: listRecords failed repo=did:plc:rpgqljusmibxlwuudgwb3fxd err=HttpError('InvalidRequest: Could not find repo: did:plc:rpgqljusmibxlwuudgwb3fxd')
2026-03-26T17:34:36Z WARNING bsky_collector_v2.job.index_feed_generators: listRecords failed repo=did:plc:ynypaen64lv6s3k5zp5uvqzz err=HttpError('InvalidRequest: Could not find repo: did:plc:ynypaen64lv6s3k5zp5uvqzz')
2026-03-26T17:34:38Z WARNING bsky_collector_v2.job.index_feed_generators: listRecords failed repo=did:plc:47rrfevxrrjrpkdquabsa3u7 err=HttpError('InvalidRequest: Could not find repo: did:plc:47rrfevxrrjrpkdquabsa3u7')
2026-03-26T17:34:38Z WARNING bsky_collector_v2.job.index_feed_generators: listRecords failed repo=did:plc:4i6u2ntusd7duu26h73yjgwa err=HttpError('InvalidRequest: Could not find repo: did:plc:4i6u2ntusd7duu26h73yjgwa')
2026-03-26T17:34:38Z WARNING bsky_collector_v2.job.index_feed_generators: listRecords failed repo=did:plc:rpgqljusmibxlwuudgwb3fxd err=HttpError('InvalidRequest: Could not find repo: did:plc:rpgqljusmibxlwuudgwb3fxd')
2026-03-26T17:34:38Z WARNING bsky_collector_v2.job.index_feed_generators: listRecords failed repo=did:plc:ynypaen64lv6s3k5zp5uvqzz err=HttpError('InvalidRequest: Could not find repo: did:plc:ynypaen64lv6s3k5zp5uvqzz')
2026-03-26T17:34:38Z WARNING bsky_collector_v2.job.index_feed_generators: listRecords failed repo=did:plc:47rrfevxrrjrpkdquabsa3u7 err=HttpError('InvalidRequest: Could not find repo: did:plc:47rrfevxrrjrpkdquabsa3u7')
2026-03-26T17:34:38Z WARNING bsky_collector_v2.job.index_feed_generators: listRecords failed repo=did:plc:4i6u2ntusd7duu26h73yjgwa err=HttpError('InvalidRequest: Could not find repo: did:plc:4i6u2ntusd7duu26h73yjgwa')
2026-03-26T17:34:38Z WARNING bsky_collector_v2.job.index_feed_generators: listRecords failed repo=did:plc:rpgqljusmibxlwuudgwb3fxd err=HttpError('InvalidRequest: Could not find repo: did:plc:rpgqljusmibxlwuudgwb3fxd')
2026-03-26T17:34:38Z WARNING bsky_collector_v2.job.index_feed_generators: listRecords failed repo=did:plc:ynypaen64lv6s3k5zp5uvqzz err=HttpError('InvalidRequest: Could not find repo: did:plc:ynypaen64lv6s3k5zp5uvqzz')
2026-03-26T17:34:39Z INFO bsky_collector_v2.job.index_feed_generators: enqueued repos page=21 mode=listRepos inserted=500 repos_returned=500 next_cursor=set
2026-03-26T17:34:48Z WARNING bsky_collector_v2.job.index_feed_generators: listRecords failed repo=did:plc:5uzr2gqziyykhgxyo2p35ldk err=HttpError('InvalidRequest: Could not find repo: did:plc:5uzr2gqziyykhgxyo2p35ldk')
2026-03-26T17:35:57Z WARNING bsky_collector_v2.job.index_feed_generators: listRecords failed repo=did:plc:ziqwt535pzbolcnej3gz4ays err=HttpError('InvalidRequest: Could not find repo: did:plc:ziqwt535pzbolcnej3gz4ays')
2026-03-26T17:35:59Z WARNING bsky_collector_v2.job.index_feed_generators: listRecords failed repo=did:plc:5uzr2gqziyykhgxyo2p35ldk err=HttpError('InvalidRequest: Could not find repo: did:plc:5uzr2gqziyykhgxyo2p35ldk')
2026-03-26T17:35:59Z WARNING bsky_collector_v2.job.index_feed_generators: listRecords failed repo=did:plc:ziqwt535pzbolcnej3gz4ays err=HttpError('InvalidRequest: Could not find repo: did:plc:ziqwt535pzbolcnej3gz4ays')
2026-03-26T17:35:59Z WARNING bsky_collector_v2.job.index_feed_generators: listRecords failed repo=did:plc:5uzr2gqziyykhgxyo2p35ldk err=HttpError('InvalidRequest: Could not find repo: did:plc:5uzr2gqziyykhgxyo2p35ldk')
2026-03-26T17:35:59Z WARNING bsky_collector_v2.job.index_feed_generators: listRecords failed repo=did:plc:ziqwt535pzbolcnej3gz4ays err=HttpError('InvalidRequest: Could not find repo: did:plc:ziqwt535pzbolcnej3gz4ays')
2026-03-26T17:36:00Z INFO bsky_collector_v2.job.index_feed_generators: enqueued repos page=22 mode=listRepos inserted=500 repos_returned=500 next_cursor=set
2026-03-26T17:36:10Z WARNING bsky_collector_v2.job.index_feed_generators: listRecords failed repo=did:plc:7xmh4guy27ouodysdoaqrkyr err=HttpError('InvalidRequest: Could not find repo: did:plc:7xmh4guy27ouodysdoaqrkyr')
2026-03-26T17:36:27Z WARNING bsky_collector_v2.job.index_feed_generators: listRecords failed repo=did:plc:izotgtw5czjnuqtpcldjnkjh err=HttpError('InvalidRequest: Could not find repo: did:plc:izotgtw5czjnuqtpcldjnkjh')
2026-03-26T17:36:57Z WARNING bsky_collector_v2.job.index_feed_generators: listRecords failed repo=did:plc:rh56fsqkem4ip3bhcayryzw2 err=HttpError('InvalidRequest: Could not find repo: did:plc:rh56fsqkem4ip3bhcayryzw2')
2026-03-26T17:37:21Z WARNING bsky_collector_v2.job.index_feed_generators: listRecords failed repo=did:plc:7xmh4guy27ouodysdoaqrkyr err=HttpError('InvalidRequest: Could not find repo: did:plc:7xmh4guy27ouodysdoaqrkyr')
2026-03-26T17:37:21Z WARNING bsky_collector_v2.job.index_feed_generators: listRecords failed repo=did:plc:izotgtw5czjnuqtpcldjnkjh err=HttpError('InvalidRequest: Could not find repo: did:plc:izotgtw5czjnuqtpcldjnkjh')
2026-03-26T17:37:21Z WARNING bsky_collector_v2.job.index_feed_generators: listRecords failed repo=did:plc:rh56fsqkem4ip3bhcayryzw2 err=HttpError('InvalidRequest: Could not find repo: did:plc:rh56fsqkem4ip3bhcayryzw2')
2026-03-26T17:37:21Z WARNING bsky_collector_v2.job.index_feed_generators: listRecords failed repo=did:plc:7xmh4guy27ouodysdoaqrkyr err=HttpError('InvalidRequest: Could not find repo: did:plc:7xmh4guy27ouodysdoaqrkyr')
2026-03-26T17:37:21Z WARNING bsky_collector_v2.job.index_feed_generators: listRecords failed repo=did:plc:izotgtw5czjnuqtpcldjnkjh err=HttpError('InvalidRequest: Could not find repo: did:plc:izotgtw5czjnuqtpcldjnkjh')
2026-03-26T17:37:21Z WARNING bsky_collector_v2.job.index_feed_generators: listRecords failed repo=did:plc:rh56fsqkem4ip3bhcayryzw2 err=HttpError('InvalidRequest: Could not find repo: did:plc:rh56fsqkem4ip3bhcayryzw2')
2026-03-26T17:37:21Z INFO bsky_collector_v2.job.index_feed_generators: enqueued repos page=23 mode=listRepos inserted=500 repos_returned=500 next_cursor=set
2026-03-26T17:38:23Z WARNING bsky_collector_v2.job.index_feed_generators: listRecords failed repo=did:plc:ut5ve6xqumhdtwsfg5gxllnj err=HttpError('InvalidRequest: Could not find repo: did:plc:ut5ve6xqumhdtwsfg5gxllnj')
2026-03-26T17:38:35Z WARNING bsky_collector_v2.job.index_feed_generators: listRecords failed repo=did:plc:ut5ve6xqumhdtwsfg5gxllnj err=HttpError('InvalidRequest: Could not find repo: did:plc:ut5ve6xqumhdtwsfg5gxllnj')
2026-03-26T17:38:35Z WARNING bsky_collector_v2.job.index_feed_generators: listRecords failed repo=did:plc:ut5ve6xqumhdtwsfg5gxllnj err=HttpError('InvalidRequest: Could not find repo: did:plc:ut5ve6xqumhdtwsfg5gxllnj')
2026-03-26T17:38:35Z INFO bsky_collector_v2.job.index_feed_generators: enqueued repos page=24 mode=listRepos inserted=500 repos_returned=500 next_cursor=set
2026-03-26T17:38:39Z WARNING bsky_collector_v2.job.index_feed_generators: listRecords failed repo=did:plc:2z2xszris2mgvskzibi2bzqs err=HttpError('InvalidRequest: Could not find repo: did:plc:2z2xszris2mgvskzibi2bzqs')
2026-03-26T17:39:21Z WARNING bsky_collector_v2.job.index_feed_generators: listRecords failed repo=did:plc:ill5526ufguyrue3bgika2no err=HttpError('InvalidRequest: Could not find repo: did:plc:ill5526ufguyrue3bgika2no')
2026-03-26T17:39:52Z WARNING bsky_collector_v2.job.index_feed_generators: listRecords failed repo=did:plc:w2sidfm3i3nnljl7erin3jny err=HttpError('InvalidRequest: Could not find repo: did:plc:w2sidfm3i3nnljl7erin3jny')
2026-03-26T17:40:00Z WARNING bsky_collector_v2.job.index_feed_generators: listRecords failed repo=did:plc:2z2xszris2mgvskzibi2bzqs err=HttpError('InvalidRequest: Could not find repo: did:plc:2z2xszris2mgvskzibi2bzqs')
2026-03-26T17:40:00Z WARNING bsky_collector_v2.job.index_feed_generators: listRecords failed repo=did:plc:ill5526ufguyrue3bgika2no err=HttpError('InvalidRequest: Could not find repo: did:plc:ill5526ufguyrue3bgika2no')
2026-03-26T17:40:00Z WARNING bsky_collector_v2.job.index_feed_generators: listRecords failed repo=did:plc:w2sidfm3i3nnljl7erin3jny err=HttpError('InvalidRequest: Could not find repo: did:plc:w2sidfm3i3nnljl7erin3jny')
2026-03-26T17:40:00Z WARNING bsky_collector_v2.job.index_feed_generators: listRecords failed repo=did:plc:2z2xszris2mgvskzibi2bzqs err=HttpError('InvalidRequest: Could not find repo: did:plc:2z2xszris2mgvskzibi2bzqs')
2026-03-26T17:40:00Z WARNING bsky_collector_v2.job.index_feed_generators: listRecords failed repo=did:plc:ill5526ufguyrue3bgika2no err=HttpError('InvalidRequest: Could not find repo: did:plc:ill5526ufguyrue3bgika2no')
2026-03-26T17:40:00Z WARNING bsky_collector_v2.job.index_feed_generators: listRecords failed repo=did:plc:w2sidfm3i3nnljl7erin3jny err=HttpError('InvalidRequest: Could not find repo: did:plc:w2sidfm3i3nnljl7erin3jny')
2026-03-26T17:40:01Z INFO bsky_collector_v2.job.index_feed_generators: enqueued repos page=25 mode=listRepos inserted=500 repos_returned=500 next_cursor=set
2026-03-26T17:40:28Z WARNING bsky_collector_v2.job.index_feed_generators: listRecords failed repo=did:plc:g67gbyctforjftwf7zvxr2r3 err=HttpError('InvalidRequest: Could not find repo: did:plc:g67gbyctforjftwf7zvxr2r3')
2026-03-26T17:41:10Z WARNING bsky_collector_v2.job.index_feed_generators: listRecords failed repo=did:plc:yitw565exbyz7xncf75ymwbf err=HttpError('InvalidRequest: Could not find repo: did:plc:yitw565exbyz7xncf75ymwbf')
2026-03-26T17:41:12Z WARNING bsky_collector_v2.job.index_feed_generators: listRecords failed repo=did:plc:g67gbyctforjftwf7zvxr2r3 err=HttpError('InvalidRequest: Could not find repo: did:plc:g67gbyctforjftwf7zvxr2r3')
2026-03-26T17:41:12Z WARNING bsky_collector_v2.job.index_feed_generators: listRecords failed repo=did:plc:yitw565exbyz7xncf75ymwbf err=HttpError('InvalidRequest: Could not find repo: did:plc:yitw565exbyz7xncf75ymwbf')
2026-03-26T17:41:12Z WARNING bsky_collector_v2.job.index_feed_generators: listRecords failed repo=did:plc:g67gbyctforjftwf7zvxr2r3 err=HttpError('InvalidRequest: Could not find repo: did:plc:g67gbyctforjftwf7zvxr2r3')
2026-03-26T17:41:12Z WARNING bsky_collector_v2.job.index_feed_generators: listRecords failed repo=did:plc:yitw565exbyz7xncf75ymwbf err=HttpError('InvalidRequest: Could not find repo: did:plc:yitw565exbyz7xncf75ymwbf')
2026-03-26T17:41:13Z INFO bsky_collector_v2.job.index_feed_generators: enqueued repos page=26 mode=listRepos inserted=500 repos_returned=500 next_cursor=set
2026-03-26T17:41:41Z INFO bsky_collector_v2.job.index_feed_generators: indexed repo=did:plc:g2t7r2eh5hkap56mgxcadnir part=142 records=1 next_cursor=set
2026-03-26T17:42:25Z INFO bsky_collector_v2.job.index_feed_generators: enqueued repos page=27 mode=listRepos inserted=500 repos_returned=500 next_cursor=set
2026-03-26T17:42:37Z WARNING bsky_collector_v2.job.index_feed_generators: listRecords failed repo=did:plc:773lbjp4ofwb2qfa5ymth7ab err=HttpError('InvalidRequest: Could not find repo: did:plc:773lbjp4ofwb2qfa5ymth7ab')
2026-03-26T17:42:53Z WARNING bsky_collector_v2.job.index_feed_generators: listRecords failed repo=did:plc:ftuzxso7ibuztmbw3zdbxnh2 err=HttpError('InvalidRequest: Could not find repo: did:plc:ftuzxso7ibuztmbw3zdbxnh2')
2026-03-26T17:43:38Z WARNING bsky_collector_v2.job.index_feed_generators: listRecords failed repo=did:plc:773lbjp4ofwb2qfa5ymth7ab err=HttpError('InvalidRequest: Could not find repo: did:plc:773lbjp4ofwb2qfa5ymth7ab')
2026-03-26T17:43:38Z WARNING bsky_collector_v2.job.index_feed_generators: listRecords failed repo=did:plc:ftuzxso7ibuztmbw3zdbxnh2 err=HttpError('InvalidRequest: Could not find repo: did:plc:ftuzxso7ibuztmbw3zdbxnh2')
2026-03-26T17:43:38Z WARNING bsky_collector_v2.job.index_feed_generators: listRecords failed repo=did:plc:773lbjp4ofwb2qfa5ymth7ab err=HttpError('InvalidRequest: Could not find repo: did:plc:773lbjp4ofwb2qfa5ymth7ab')
2026-03-26T17:43:38Z WARNING bsky_collector_v2.job.index_feed_generators: listRecords failed repo=did:plc:ftuzxso7ibuztmbw3zdbxnh2 err=HttpError('InvalidRequest: Could not find repo: did:plc:ftuzxso7ibuztmbw3zdbxnh2')
2026-03-26T17:43:39Z INFO bsky_collector_v2.job.index_feed_generators: enqueued repos page=28 mode=listRepos inserted=500 repos_returned=500 next_cursor=set
2026-03-26T17:44:31Z WARNING bsky_collector_v2.job.index_feed_generators: listRecords failed repo=did:plc:nf32hlvdeuyoz7rk6svq6hzf err=HttpError('InvalidRequest: Could not find repo: did:plc:nf32hlvdeuyoz7rk6svq6hzf')
2026-03-26T17:45:03Z WARNING bsky_collector_v2.job.index_feed_generators: listRecords failed repo=did:plc:nf32hlvdeuyoz7rk6svq6hzf err=HttpError('InvalidRequest: Could not find repo: did:plc:nf32hlvdeuyoz7rk6svq6hzf')
2026-03-26T17:45:03Z WARNING bsky_collector_v2.job.index_feed_generators: listRecords failed repo=did:plc:nf32hlvdeuyoz7rk6svq6hzf err=HttpError('InvalidRequest: Could not find repo: did:plc:nf32hlvdeuyoz7rk6svq6hzf')
2026-03-26T17:45:03Z INFO bsky_collector_v2.job.index_feed_generators: enqueued repos page=29 mode=listRepos inserted=500 repos_returned=500 next_cursor=set
2026-03-26T17:45:35Z WARNING bsky_collector_v2.job.index_feed_generators: listRecords failed repo=did:plc:firyg7fiky7ut3olxb3yhl45 err=HttpError('InvalidRequest: Could not find repo: did:plc:firyg7fiky7ut3olxb3yhl45')
2026-03-26T17:46:05Z WARNING bsky_collector_v2.job.index_feed_generators: listRecords failed repo=did:plc:rzdkclodbqwk7253ganuh6xq err=HttpError('InvalidRequest: Could not find repo: did:plc:rzdkclodbqwk7253ganuh6xq')
2026-03-26T17:46:23Z WARNING bsky_collector_v2.job.index_feed_generators: listRecords failed repo=did:plc:firyg7fiky7ut3olxb3yhl45 err=HttpError('InvalidRequest: Could not find repo: did:plc:firyg7fiky7ut3olxb3yhl45')
2026-03-26T17:46:23Z WARNING bsky_collector_v2.job.index_feed_generators: listRecords failed repo=did:plc:rzdkclodbqwk7253ganuh6xq err=HttpError('InvalidRequest: Could not find repo: did:plc:rzdkclodbqwk7253ganuh6xq')
2026-03-26T17:46:23Z WARNING bsky_collector_v2.job.index_feed_generators: listRecords failed repo=did:plc:firyg7fiky7ut3olxb3yhl45 err=HttpError('InvalidRequest: Could not find repo: did:plc:firyg7fiky7ut3olxb3yhl45')
2026-03-26T17:46:23Z WARNING bsky_collector_v2.job.index_feed_generators: listRecords failed repo=did:plc:rzdkclodbqwk7253ganuh6xq err=HttpError('InvalidRequest: Could not find repo: did:plc:rzdkclodbqwk7253ganuh6xq')
2026-03-26T17:46:23Z INFO bsky_collector_v2.job.index_feed_generators: enqueued repos page=30 mode=listRepos inserted=500 repos_returned=500 next_cursor=set
2026-03-26T17:46:47Z WARNING bsky_collector_v2.job.index_feed_generators: listRecords failed repo=did:plc:eppwc73eoojtru4vzi6gxp65 err=HttpError('InvalidRequest: Could not find repo: did:plc:eppwc73eoojtru4vzi6gxp65')
2026-03-26T17:46:57Z WARNING bsky_collector_v2.job.index_feed_generators: listRecords failed repo=did:plc:kaxakh2pmohvrdhjyihop7ee err=HttpError('InvalidRequest: Could not find repo: did:plc:kaxakh2pmohvrdhjyihop7ee')
2026-03-26T17:47:02Z WARNING bsky_collector_v2.job.index_feed_generators: listRecords failed repo=did:plc:mfqmtekpbtgz7j2dnq2kpxkq err=HttpError('InvalidRequest: Could not find repo: did:plc:mfqmtekpbtgz7j2dnq2kpxkq')
2026-03-26T17:47:14Z WARNING bsky_collector_v2.job.index_feed_generators: listRecords failed repo=did:plc:tb34vae2hheps2elzkdcchtl err=HttpError('InvalidRequest: Could not find repo: did:plc:tb34vae2hheps2elzkdcchtl')
2026-03-26T17:47:30Z WARNING bsky_collector_v2.job.index_feed_generators: listRecords failed repo=did:plc:eppwc73eoojtru4vzi6gxp65 err=HttpError('InvalidRequest: Could not find repo: did:plc:eppwc73eoojtru4vzi6gxp65')
2026-03-26T17:47:30Z WARNING bsky_collector_v2.job.index_feed_generators: listRecords failed repo=did:plc:kaxakh2pmohvrdhjyihop7ee err=HttpError('InvalidRequest: Could not find repo: did:plc:kaxakh2pmohvrdhjyihop7ee')
2026-03-26T17:47:30Z WARNING bsky_collector_v2.job.index_feed_generators: listRecords failed repo=did:plc:mfqmtekpbtgz7j2dnq2kpxkq err=HttpError('InvalidRequest: Could not find repo: did:plc:mfqmtekpbtgz7j2dnq2kpxkq')
2026-03-26T17:47:30Z WARNING bsky_collector_v2.job.index_feed_generators: listRecords failed repo=did:plc:tb34vae2hheps2elzkdcchtl err=HttpError('InvalidRequest: Could not find repo: did:plc:tb34vae2hheps2elzkdcchtl')
2026-03-26T17:47:30Z WARNING bsky_collector_v2.job.index_feed_generators: listRecords failed repo=did:plc:eppwc73eoojtru4vzi6gxp65 err=HttpError('InvalidRequest: Could not find repo: did:plc:eppwc73eoojtru4vzi6gxp65')
2026-03-26T17:47:30Z WARNING bsky_collector_v2.job.index_feed_generators: listRecords failed repo=did:plc:kaxakh2pmohvrdhjyihop7ee err=HttpError('InvalidRequest: Could not find repo: did:plc:kaxakh2pmohvrdhjyihop7ee')
2026-03-26T17:47:30Z WARNING bsky_collector_v2.job.index_feed_generators: listRecords failed repo=did:plc:mfqmtekpbtgz7j2dnq2kpxkq err=HttpError('InvalidRequest: Could not find repo: did:plc:mfqmtekpbtgz7j2dnq2kpxkq')
2026-03-26T17:47:31Z WARNING bsky_collector_v2.job.index_feed_generators: listRecords failed repo=did:plc:tb34vae2hheps2elzkdcchtl err=HttpError('InvalidRequest: Could not find repo: did:plc:tb34vae2hheps2elzkdcchtl')
2026-03-26T17:47:31Z INFO bsky_collector_v2.job.index_feed_generators: enqueued repos page=31 mode=listRepos inserted=500 repos_returned=500 next_cursor=set
2026-03-26T17:47:53Z WARNING bsky_collector_v2.job.index_feed_generators: listRecords failed repo=did:plc:7npczn3jxmrq6btnx2u5fpmc err=HttpError('InvalidRequest: Could not find repo: did:plc:7npczn3jxmrq6btnx2u5fpmc')
2026-03-26T17:47:54Z WARNING bsky_collector_v2.job.index_feed_generators: listRecords failed repo=did:plc:a3k5qpogtreieoltsemybm6l err=HttpError('InvalidRequest: Could not find repo: did:plc:a3k5qpogtreieoltsemybm6l')
2026-03-26T17:49:02Z WARNING bsky_collector_v2.job.index_feed_generators: listRecords failed repo=did:plc:7npczn3jxmrq6btnx2u5fpmc err=HttpError('InvalidRequest: Could not find repo: did:plc:7npczn3jxmrq6btnx2u5fpmc')
2026-03-26T17:49:02Z WARNING bsky_collector_v2.job.index_feed_generators: listRecords failed repo=did:plc:a3k5qpogtreieoltsemybm6l err=HttpError('InvalidRequest: Could not find repo: did:plc:a3k5qpogtreieoltsemybm6l')
2026-03-26T17:49:02Z WARNING bsky_collector_v2.job.index_feed_generators: listRecords failed repo=did:plc:7npczn3jxmrq6btnx2u5fpmc err=HttpError('InvalidRequest: Could not find repo: did:plc:7npczn3jxmrq6btnx2u5fpmc')
2026-03-26T17:49:02Z WARNING bsky_collector_v2.job.index_feed_generators: listRecords failed repo=did:plc:a3k5qpogtreieoltsemybm6l err=HttpError('InvalidRequest: Could not find repo: did:plc:a3k5qpogtreieoltsemybm6l')
2026-03-26T17:49:02Z INFO bsky_collector_v2.job.index_feed_generators: enqueued repos page=32 mode=listRepos inserted=500 repos_returned=500 next_cursor=set
2026-03-26T17:49:10Z WARNING bsky_collector_v2.job.index_feed_generators: listRecords failed repo=did:plc:4ufjkuwjbtnoz5xddtx2i5qj err=HttpError('InvalidRequest: Could not find repo: did:plc:4ufjkuwjbtnoz5xddtx2i5qj')
2026-03-26T17:49:25Z WARNING bsky_collector_v2.job.index_feed_generators: listRecords failed repo=did:plc:e373mxnip3zzs5mdredy6dpu err=HttpError('InvalidRequest: Could not find repo: did:plc:e373mxnip3zzs5mdredy6dpu')
2026-03-26T17:49:37Z WARNING bsky_collector_v2.job.index_feed_generators: listRecords failed repo=did:plc:j7k6buz4eu4vp4xeyh2ximb2 err=HttpError('InvalidRequest: Could not find repo: did:plc:j7k6buz4eu4vp4xeyh2ximb2')
2026-03-26T17:49:41Z WARNING bsky_collector_v2.job.index_feed_generators: listRecords failed repo=did:plc:l7rzgqcx36uvstdisi4ksa6y err=HttpError('InvalidRequest: Could not find repo: did:plc:l7rzgqcx36uvstdisi4ksa6y')
2026-03-26T17:50:04Z WARNING bsky_collector_v2.job.index_feed_generators: listRecords failed repo=did:plc:vdzjxwpbdqrq3z3fh6zt7aud err=HttpError('InvalidRequest: Could not find repo: did:plc:vdzjxwpbdqrq3z3fh6zt7aud')
2026-03-26T17:50:14Z WARNING bsky_collector_v2.job.index_feed_generators: listRecords failed repo=did:plc:4ufjkuwjbtnoz5xddtx2i5qj err=HttpError('InvalidRequest: Could not find repo: did:plc:4ufjkuwjbtnoz5xddtx2i5qj')
2026-03-26T17:50:14Z WARNING bsky_collector_v2.job.index_feed_generators: listRecords failed repo=did:plc:e373mxnip3zzs5mdredy6dpu err=HttpError('InvalidRequest: Could not find repo: did:plc:e373mxnip3zzs5mdredy6dpu')
2026-03-26T17:50:14Z WARNING bsky_collector_v2.job.index_feed_generators: listRecords failed repo=did:plc:j7k6buz4eu4vp4xeyh2ximb2 err=HttpError('InvalidRequest: Could not find repo: did:plc:j7k6buz4eu4vp4xeyh2ximb2')
2026-03-26T17:50:14Z WARNING bsky_collector_v2.job.index_feed_generators: listRecords failed repo=did:plc:l7rzgqcx36uvstdisi4ksa6y err=HttpError('InvalidRequest: Could not find repo: did:plc:l7rzgqcx36uvstdisi4ksa6y')
2026-03-26T17:50:14Z WARNING bsky_collector_v2.job.index_feed_generators: listRecords failed repo=did:plc:vdzjxwpbdqrq3z3fh6zt7aud err=HttpError('InvalidRequest: Could not find repo: did:plc:vdzjxwpbdqrq3z3fh6zt7aud')
2026-03-26T17:50:14Z WARNING bsky_collector_v2.job.index_feed_generators: listRecords failed repo=did:plc:4ufjkuwjbtnoz5xddtx2i5qj err=HttpError('InvalidRequest: Could not find repo: did:plc:4ufjkuwjbtnoz5xddtx2i5qj')
2026-03-26T17:50:14Z WARNING bsky_collector_v2.job.index_feed_generators: listRecords failed repo=did:plc:e373mxnip3zzs5mdredy6dpu err=HttpError('InvalidRequest: Could not find repo: did:plc:e373mxnip3zzs5mdredy6dpu')
2026-03-26T17:50:14Z WARNING bsky_collector_v2.job.index_feed_generators: listRecords failed repo=did:plc:j7k6buz4eu4vp4xeyh2ximb2 err=HttpError('InvalidRequest: Could not find repo: did:plc:j7k6buz4eu4vp4xeyh2ximb2')
2026-03-26T17:50:14Z WARNING bsky_collector_v2.job.index_feed_generators: listRecords failed repo=did:plc:l7rzgqcx36uvstdisi4ksa6y err=HttpError('InvalidRequest: Could not find repo: did:plc:l7rzgqcx36uvstdisi4ksa6y')
2026-03-26T17:50:14Z WARNING bsky_collector_v2.job.index_feed_generators: listRecords failed repo=did:plc:vdzjxwpbdqrq3z3fh6zt7aud err=HttpError('InvalidRequest: Could not find repo: did:plc:vdzjxwpbdqrq3z3fh6zt7aud')
2026-03-26T17:50:15Z INFO bsky_collector_v2.job.index_feed_generators: enqueued repos page=33 mode=listRepos inserted=500 repos_returned=500 next_cursor=set
2026-03-26T17:50:37Z WARNING bsky_collector_v2.job.index_feed_generators: listRecords failed repo=did:plc:ddnadedcflpw3fbla4rntwt6 err=HttpError('InvalidRequest: Could not find repo: did:plc:ddnadedcflpw3fbla4rntwt6')
2026-03-26T17:50:51Z WARNING bsky_collector_v2.job.index_feed_generators: listRecords failed repo=did:plc:goowjkmr53lt5ml5liegduno err=HttpError('InvalidRequest: Could not find repo: did:plc:goowjkmr53lt5ml5liegduno')
2026-03-26T17:51:03Z WARNING bsky_collector_v2.job.index_feed_generators: listRecords failed repo=did:plc:kmka64hjlxt4i2jinu3nlqtp err=HttpError('InvalidRequest: Could not find repo: did:plc:kmka64hjlxt4i2jinu3nlqtp')
2026-03-26T17:51:08Z WARNING bsky_collector_v2.job.index_feed_generators: listRecords failed repo=did:plc:m4npwsafgt3k2qa7u7beur5k err=HttpError('InvalidRequest: Could not find repo: did:plc:m4npwsafgt3k2qa7u7beur5k')
2026-03-26T17:51:40Z WARNING bsky_collector_v2.job.index_feed_generators: listRecords failed repo=did:plc:ddnadedcflpw3fbla4rntwt6 err=HttpError('InvalidRequest: Could not find repo: did:plc:ddnadedcflpw3fbla4rntwt6')
2026-03-26T17:51:41Z WARNING bsky_collector_v2.job.index_feed_generators: listRecords failed repo=did:plc:goowjkmr53lt5ml5liegduno err=HttpError('InvalidRequest: Could not find repo: did:plc:goowjkmr53lt5ml5liegduno')
2026-03-26T17:51:41Z WARNING bsky_collector_v2.job.index_feed_generators: listRecords failed repo=did:plc:kmka64hjlxt4i2jinu3nlqtp err=HttpError('InvalidRequest: Could not find repo: did:plc:kmka64hjlxt4i2jinu3nlqtp')
2026-03-26T17:51:41Z WARNING bsky_collector_v2.job.index_feed_generators: listRecords failed repo=did:plc:m4npwsafgt3k2qa7u7beur5k err=HttpError('InvalidRequest: Could not find repo: did:plc:m4npwsafgt3k2qa7u7beur5k')
2026-03-26T17:51:42Z WARNING bsky_collector_v2.job.index_feed_generators: listRecords failed repo=did:plc:ddnadedcflpw3fbla4rntwt6 err=HttpError('InvalidRequest: Could not find repo: did:plc:ddnadedcflpw3fbla4rntwt6')
2026-03-26T17:51:42Z WARNING bsky_collector_v2.job.index_feed_generators: listRecords failed repo=did:plc:goowjkmr53lt5ml5liegduno err=HttpError('InvalidRequest: Could not find repo: did:plc:goowjkmr53lt5ml5liegduno')
2026-03-26T17:51:42Z WARNING bsky_collector_v2.job.index_feed_generators: listRecords failed repo=did:plc:kmka64hjlxt4i2jinu3nlqtp err=HttpError('InvalidRequest: Could not find repo: did:plc:kmka64hjlxt4i2jinu3nlqtp')
2026-03-26T17:51:43Z WARNING bsky_collector_v2.job.index_feed_generators: listRecords failed repo=did:plc:m4npwsafgt3k2qa7u7beur5k err=HttpError('InvalidRequest: Could not find repo: did:plc:m4npwsafgt3k2qa7u7beur5k')
2026-03-26T17:51:43Z INFO bsky_collector_v2.job.index_feed_generators: enqueued repos page=34 mode=listRepos inserted=500 repos_returned=500 next_cursor=set
2026-03-26T17:52:12Z WARNING bsky_collector_v2.job.index_feed_generators: listRecords failed repo=did:plc:cmyj2sljeetusl3q2kciqefx err=HttpError('InvalidRequest: Could not find repo: did:plc:cmyj2sljeetusl3q2kciqefx')
2026-03-26T17:52:20Z WARNING bsky_collector_v2.job.index_feed_generators: listRecords failed repo=did:plc:h4t3fxc4oqra4dlhzszywmf2 err=HttpError('InvalidRequest: Could not find repo: did:plc:h4t3fxc4oqra4dlhzszywmf2')
2026-03-26T17:52:25Z WARNING bsky_collector_v2.job.index_feed_generators: listRecords failed repo=did:plc:iyue3o4cg4jgh43l2zxg3htw err=HttpError('InvalidRequest: Could not find repo: did:plc:iyue3o4cg4jgh43l2zxg3htw')
2026-03-26T17:53:22Z WARNING bsky_collector_v2.job.index_feed_generators: listRecords failed repo=did:plc:cmyj2sljeetusl3q2kciqefx err=HttpError('InvalidRequest: Could not find repo: did:plc:cmyj2sljeetusl3q2kciqefx')
2026-03-26T17:53:22Z WARNING bsky_collector_v2.job.index_feed_generators: listRecords failed repo=did:plc:h4t3fxc4oqra4dlhzszywmf2 err=HttpError('InvalidRequest: Could not find repo: did:plc:h4t3fxc4oqra4dlhzszywmf2')
2026-03-26T17:53:22Z WARNING bsky_collector_v2.job.index_feed_generators: listRecords failed repo=did:plc:iyue3o4cg4jgh43l2zxg3htw err=HttpError('InvalidRequest: Could not find repo: did:plc:iyue3o4cg4jgh43l2zxg3htw')
2026-03-26T17:53:22Z WARNING bsky_collector_v2.job.index_feed_generators: listRecords failed repo=did:plc:cmyj2sljeetusl3q2kciqefx err=HttpError('InvalidRequest: Could not find repo: did:plc:cmyj2sljeetusl3q2kciqefx')
2026-03-26T17:53:22Z WARNING bsky_collector_v2.job.index_feed_generators: listRecords failed repo=did:plc:h4t3fxc4oqra4dlhzszywmf2 err=HttpError('InvalidRequest: Could not find repo: did:plc:h4t3fxc4oqra4dlhzszywmf2')
2026-03-26T17:53:23Z WARNING bsky_collector_v2.job.index_feed_generators: listRecords failed repo=did:plc:iyue3o4cg4jgh43l2zxg3htw err=HttpError('InvalidRequest: Could not find repo: did:plc:iyue3o4cg4jgh43l2zxg3htw')
2026-03-26T17:53:23Z INFO bsky_collector_v2.job.index_feed_generators: enqueued repos page=35 mode=listRepos inserted=500 repos_returned=500 next_cursor=set
2026-03-26T17:53:56Z WARNING bsky_collector_v2.job.index_feed_generators: listRecords failed repo=did:plc:bpwyf4sucq4ei77hhy76aebu err=HttpError('InvalidRequest: Could not find repo: did:plc:bpwyf4sucq4ei77hhy76aebu')
2026-03-26T17:54:48Z INFO bsky_collector_v2.job.index_feed_generators: indexed repo=did:plc:tzbvgtpe7tf7rjfyrk2rtp46 part=143 records=3 next_cursor=set
2026-03-26T17:55:04Z WARNING bsky_collector_v2.job.index_feed_generators: listRecords failed repo=did:plc:bpwyf4sucq4ei77hhy76aebu err=HttpError('InvalidRequest: Could not find repo: did:plc:bpwyf4sucq4ei77hhy76aebu')
2026-03-26T17:55:04Z WARNING bsky_collector_v2.job.index_feed_generators: listRecords failed repo=did:plc:bpwyf4sucq4ei77hhy76aebu err=HttpError('InvalidRequest: Could not find repo: did:plc:bpwyf4sucq4ei77hhy76aebu')
2026-03-26T17:55:05Z INFO bsky_collector_v2.job.index_feed_generators: enqueued repos page=36 mode=listRepos inserted=500 repos_returned=500 next_cursor=set
2026-03-26T17:55:06Z WARNING bsky_collector_v2.job.index_feed_generators: listRecords failed repo=did:plc:2giydgzvqbvh26l6u7r3t267 err=HttpError('InvalidRequest: Could not find repo: did:plc:2giydgzvqbvh26l6u7r3t267')
2026-03-26T17:56:31Z WARNING bsky_collector_v2.job.index_feed_generators: listRecords failed repo=did:plc:vz3wgwxt4wk3rp5u5iqwpofl err=HttpError('InvalidRequest: Could not find repo: did:plc:vz3wgwxt4wk3rp5u5iqwpofl')
2026-03-26T17:56:39Z WARNING bsky_collector_v2.job.index_feed_generators: listRecords failed repo=did:plc:2giydgzvqbvh26l6u7r3t267 err=HttpError('InvalidRequest: Could not find repo: did:plc:2giydgzvqbvh26l6u7r3t267')
2026-03-26T17:56:39Z WARNING bsky_collector_v2.job.index_feed_generators: listRecords failed repo=did:plc:vz3wgwxt4wk3rp5u5iqwpofl err=HttpError('InvalidRequest: Could not find repo: did:plc:vz3wgwxt4wk3rp5u5iqwpofl')
2026-03-26T17:56:39Z WARNING bsky_collector_v2.job.index_feed_generators: listRecords failed repo=did:plc:2giydgzvqbvh26l6u7r3t267 err=HttpError('InvalidRequest: Could not find repo: did:plc:2giydgzvqbvh26l6u7r3t267')
2026-03-26T17:56:39Z WARNING bsky_collector_v2.job.index_feed_generators: listRecords failed repo=did:plc:vz3wgwxt4wk3rp5u5iqwpofl err=HttpError('InvalidRequest: Could not find repo: did:plc:vz3wgwxt4wk3rp5u5iqwpofl')
2026-03-26T17:56:40Z INFO bsky_collector_v2.job.index_feed_generators: enqueued repos page=37 mode=listRepos inserted=500 repos_returned=500 next_cursor=set
2026-03-26T17:56:54Z WARNING bsky_collector_v2.job.index_feed_generators: listRecords failed repo=did:plc:ajks3dmjmsdnkwhrzeh42e4z err=HttpError('InvalidRequest: Could not find repo: did:plc:ajks3dmjmsdnkwhrzeh42e4z')
2026-03-26T17:57:04Z WARNING bsky_collector_v2.job.index_feed_generators: listRecords failed repo=did:plc:flkhf7c2pzd3znj4kxkab3xl err=HttpError('InvalidRequest: Could not find repo: did:plc:flkhf7c2pzd3znj4kxkab3xl')
2026-03-26T17:57:34Z WARNING bsky_collector_v2.job.index_feed_generators: listRecords failed repo=did:plc:utqeflxgousnukgeyhhzolqg err=HttpError('InvalidRequest: Could not find repo: did:plc:utqeflxgousnukgeyhhzolqg')
2026-03-26T17:57:46Z WARNING bsky_collector_v2.job.index_feed_generators: listRecords failed repo=did:plc:ajks3dmjmsdnkwhrzeh42e4z err=HttpError('InvalidRequest: Could not find repo: did:plc:ajks3dmjmsdnkwhrzeh42e4z')
2026-03-26T17:57:46Z WARNING bsky_collector_v2.job.index_feed_generators: listRecords failed repo=did:plc:flkhf7c2pzd3znj4kxkab3xl err=HttpError('InvalidRequest: Could not find repo: did:plc:flkhf7c2pzd3znj4kxkab3xl')
2026-03-26T17:57:46Z WARNING bsky_collector_v2.job.index_feed_generators: listRecords failed repo=did:plc:utqeflxgousnukgeyhhzolqg err=HttpError('InvalidRequest: Could not find repo: did:plc:utqeflxgousnukgeyhhzolqg')
2026-03-26T17:57:46Z WARNING bsky_collector_v2.job.index_feed_generators: listRecords failed repo=did:plc:ajks3dmjmsdnkwhrzeh42e4z err=HttpError('InvalidRequest: Could not find repo: did:plc:ajks3dmjmsdnkwhrzeh42e4z')
2026-03-26T17:57:46Z WARNING bsky_collector_v2.job.index_feed_generators: listRecords failed repo=did:plc:flkhf7c2pzd3znj4kxkab3xl err=HttpError('InvalidRequest: Could not find repo: did:plc:flkhf7c2pzd3znj4kxkab3xl')
2026-03-26T17:57:46Z WARNING bsky_collector_v2.job.index_feed_generators: listRecords failed repo=did:plc:utqeflxgousnukgeyhhzolqg err=HttpError('InvalidRequest: Could not find repo: did:plc:utqeflxgousnukgeyhhzolqg')
2026-03-26T17:57:47Z INFO bsky_collector_v2.job.index_feed_generators: enqueued repos page=38 mode=listRepos inserted=500 repos_returned=500 next_cursor=set
2026-03-26T17:58:06Z WARNING bsky_collector_v2.job.index_feed_generators: listRecords failed repo=did:plc:6o74uebviguxr2qdvsj5sa7q err=HttpError('InvalidRequest: Could not find repo: did:plc:6o74uebviguxr2qdvsj5sa7q')
2026-03-26T17:58:06Z WARNING bsky_collector_v2.job.index_feed_generators: listRecords failed repo=did:plc:6r6gwun2lcxb2o65ah525pel err=HttpError('InvalidRequest: Could not find repo: did:plc:6r6gwun2lcxb2o65ah525pel')
2026-03-26T17:58:12Z WARNING bsky_collector_v2.job.index_feed_generators: listRecords failed repo=did:plc:avej6ta4646yu7h7za75ued2 err=HttpError('InvalidRequest: Could not find repo: did:plc:avej6ta4646yu7h7za75ued2')
2026-03-26T17:58:13Z WARNING bsky_collector_v2.job.index_feed_generators: listRecords failed repo=did:plc:b4sdz2ckroac3bty3rqc5lrf err=HttpError('InvalidRequest: Could not find repo: did:plc:b4sdz2ckroac3bty3rqc5lrf')
2026-03-26T17:58:26Z INFO bsky_collector_v2.job.index_feed_generators: indexed repo=did:plc:gdbxkrxrm7jrw3d5a5fybf2b part=144 records=2 next_cursor=set
2026-03-26T17:58:31Z WARNING bsky_collector_v2.job.index_feed_generators: listRecords failed repo=did:plc:igzrl3pkd6h6tomrnw667sow err=HttpError('InvalidRequest: Could not find repo: did:plc:igzrl3pkd6h6tomrnw667sow')
2026-03-26T17:58:32Z WARNING bsky_collector_v2.job.index_feed_generators: listRecords failed repo=did:plc:isuyghaejv3osug6oaj6d7uh err=HttpError('InvalidRequest: Could not find repo: did:plc:isuyghaejv3osug6oaj6d7uh')
2026-03-26T17:58:57Z WARNING bsky_collector_v2.job.index_feed_generators: listRecords failed repo=did:plc:v7mb6sw6wyzqgfwnqic3r7zr err=HttpError('InvalidRequest: Could not find repo: did:plc:v7mb6sw6wyzqgfwnqic3r7zr')
2026-03-26T17:59:06Z WARNING bsky_collector_v2.job.index_feed_generators: listRecords failed repo=did:plc:zhcrapudokpxxuszahty2yzr err=HttpError('InvalidRequest: Could not find repo: did:plc:zhcrapudokpxxuszahty2yzr')
2026-03-26T17:59:07Z WARNING bsky_collector_v2.job.index_feed_generators: listRecords failed repo=did:plc:6o74uebviguxr2qdvsj5sa7q err=HttpError('InvalidRequest: Could not find repo: did:plc:6o74uebviguxr2qdvsj5sa7q')
2026-03-26T17:59:07Z WARNING bsky_collector_v2.job.index_feed_generators: listRecords failed repo=did:plc:6r6gwun2lcxb2o65ah525pel err=HttpError('InvalidRequest: Could not find repo: did:plc:6r6gwun2lcxb2o65ah525pel')
2026-03-26T17:59:07Z WARNING bsky_collector_v2.job.index_feed_generators: listRecords failed repo=did:plc:avej6ta4646yu7h7za75ued2 err=HttpError('InvalidRequest: Could not find repo: did:plc:avej6ta4646yu7h7za75ued2')
2026-03-26T17:59:07Z WARNING bsky_collector_v2.job.index_feed_generators: listRecords failed repo=did:plc:b4sdz2ckroac3bty3rqc5lrf err=HttpError('InvalidRequest: Could not find repo: did:plc:b4sdz2ckroac3bty3rqc5lrf')
2026-03-26T17:59:07Z WARNING bsky_collector_v2.job.index_feed_generators: listRecords failed repo=did:plc:igzrl3pkd6h6tomrnw667sow err=HttpError('InvalidRequest: Could not find repo: did:plc:igzrl3pkd6h6tomrnw667sow')
2026-03-26T17:59:07Z WARNING bsky_collector_v2.job.index_feed_generators: listRecords failed repo=did:plc:isuyghaejv3osug6oaj6d7uh err=HttpError('InvalidRequest: Could not find repo: did:plc:isuyghaejv3osug6oaj6d7uh')
2026-03-26T17:59:07Z WARNING bsky_collector_v2.job.index_feed_generators: listRecords failed repo=did:plc:v7mb6sw6wyzqgfwnqic3r7zr err=HttpError('InvalidRequest: Could not find repo: did:plc:v7mb6sw6wyzqgfwnqic3r7zr')
2026-03-26T17:59:07Z WARNING bsky_collector_v2.job.index_feed_generators: listRecords failed repo=did:plc:zhcrapudokpxxuszahty2yzr err=HttpError('InvalidRequest: Could not find repo: did:plc:zhcrapudokpxxuszahty2yzr')
2026-03-26T17:59:07Z WARNING bsky_collector_v2.job.index_feed_generators: listRecords failed repo=did:plc:6o74uebviguxr2qdvsj5sa7q err=HttpError('InvalidRequest: Could not find repo: did:plc:6o74uebviguxr2qdvsj5sa7q')
2026-03-26T17:59:07Z WARNING bsky_collector_v2.job.index_feed_generators: listRecords failed repo=did:plc:6r6gwun2lcxb2o65ah525pel err=HttpError('InvalidRequest: Could not find repo: did:plc:6r6gwun2lcxb2o65ah525pel')
2026-03-26T17:59:07Z WARNING bsky_collector_v2.job.index_feed_generators: listRecords failed repo=did:plc:avej6ta4646yu7h7za75ued2 err=HttpError('InvalidRequest: Could not find repo: did:plc:avej6ta4646yu7h7za75ued2')
2026-03-26T17:59:07Z WARNING bsky_collector_v2.job.index_feed_generators: listRecords failed repo=did:plc:b4sdz2ckroac3bty3rqc5lrf err=HttpError('InvalidRequest: Could not find repo: did:plc:b4sdz2ckroac3bty3rqc5lrf')
2026-03-26T17:59:07Z WARNING bsky_collector_v2.job.index_feed_generators: listRecords failed repo=did:plc:igzrl3pkd6h6tomrnw667sow err=HttpError('InvalidRequest: Could not find repo: did:plc:igzrl3pkd6h6tomrnw667sow')
2026-03-26T17:59:07Z WARNING bsky_collector_v2.job.index_feed_generators: listRecords failed repo=did:plc:isuyghaejv3osug6oaj6d7uh err=HttpError('InvalidRequest: Could not find repo: did:plc:isuyghaejv3osug6oaj6d7uh')
2026-03-26T17:59:08Z WARNING bsky_collector_v2.job.index_feed_generators: listRecords failed repo=did:plc:v7mb6sw6wyzqgfwnqic3r7zr err=HttpError('InvalidRequest: Could not find repo: did:plc:v7mb6sw6wyzqgfwnqic3r7zr')
2026-03-26T17:59:08Z WARNING bsky_collector_v2.job.index_feed_generators: listRecords failed repo=did:plc:zhcrapudokpxxuszahty2yzr err=HttpError('InvalidRequest: Could not find repo: did:plc:zhcrapudokpxxuszahty2yzr')
2026-03-26T17:59:08Z INFO bsky_collector_v2.job.index_feed_generators: enqueued repos page=39 mode=listRepos inserted=500 repos_returned=500 next_cursor=set
2026-03-26T17:59:12Z WARNING bsky_collector_v2.job.index_feed_generators: listRecords failed repo=did:plc:3zrworyetdsxoz4kocbjtahm err=HttpError('InvalidRequest: Could not find repo: did:plc:3zrworyetdsxoz4kocbjtahm')
2026-03-26T17:59:26Z WARNING bsky_collector_v2.job.index_feed_generators: listRecords failed repo=did:plc:ctgvahencqoqxi2dnzygkool err=HttpError('InvalidRequest: Could not find repo: did:plc:ctgvahencqoqxi2dnzygkool')
2026-03-26T17:59:34Z WARNING bsky_collector_v2.job.index_feed_generators: listRecords failed repo=did:plc:gp3gccf772te7vq4e6yqtela err=HttpError('InvalidRequest: Could not find repo: did:plc:gp3gccf772te7vq4e6yqtela')
2026-03-26T17:59:36Z WARNING bsky_collector_v2.job.index_feed_generators: listRecords failed repo=did:plc:hibdothialpextrngv62qlk4 err=HttpError('InvalidRequest: Could not find repo: did:plc:hibdothialpextrngv62qlk4')
2026-03-26T17:59:59Z WARNING bsky_collector_v2.job.index_feed_generators: listRecords failed repo=did:plc:srummj5tmnvrkdl2oa64fbvp err=HttpError('InvalidRequest: Could not find repo: did:plc:srummj5tmnvrkdl2oa64fbvp')
2026-03-26T18:00:13Z WARNING bsky_collector_v2.job.index_feed_generators: listRecords failed repo=did:plc:3zrworyetdsxoz4kocbjtahm err=HttpError('InvalidRequest: Could not find repo: did:plc:3zrworyetdsxoz4kocbjtahm')
2026-03-26T18:00:13Z WARNING bsky_collector_v2.job.index_feed_generators: listRecords failed repo=did:plc:ctgvahencqoqxi2dnzygkool err=HttpError('InvalidRequest: Could not find repo: did:plc:ctgvahencqoqxi2dnzygkool')
2026-03-26T18:00:13Z WARNING bsky_collector_v2.job.index_feed_generators: listRecords failed repo=did:plc:gp3gccf772te7vq4e6yqtela err=HttpError('InvalidRequest: Could not find repo: did:plc:gp3gccf772te7vq4e6yqtela')
2026-03-26T18:00:13Z WARNING bsky_collector_v2.job.index_feed_generators: listRecords failed repo=did:plc:hibdothialpextrngv62qlk4 err=HttpError('InvalidRequest: Could not find repo: did:plc:hibdothialpextrngv62qlk4')
2026-03-26T18:00:13Z WARNING bsky_collector_v2.job.index_feed_generators: listRecords failed repo=did:plc:srummj5tmnvrkdl2oa64fbvp err=HttpError('InvalidRequest: Could not find repo: did:plc:srummj5tmnvrkdl2oa64fbvp')
2026-03-26T18:00:13Z WARNING bsky_collector_v2.job.index_feed_generators: listRecords failed repo=did:plc:3zrworyetdsxoz4kocbjtahm err=HttpError('InvalidRequest: Could not find repo: did:plc:3zrworyetdsxoz4kocbjtahm')
2026-03-26T18:00:13Z WARNING bsky_collector_v2.job.index_feed_generators: listRecords failed repo=did:plc:ctgvahencqoqxi2dnzygkool err=HttpError('InvalidRequest: Could not find repo: did:plc:ctgvahencqoqxi2dnzygkool')
2026-03-26T18:00:13Z WARNING bsky_collector_v2.job.index_feed_generators: listRecords failed repo=did:plc:gp3gccf772te7vq4e6yqtela err=HttpError('InvalidRequest: Could not find repo: did:plc:gp3gccf772te7vq4e6yqtela')
2026-03-26T18:00:13Z WARNING bsky_collector_v2.job.index_feed_generators: listRecords failed repo=did:plc:hibdothialpextrngv62qlk4 err=HttpError('InvalidRequest: Could not find repo: did:plc:hibdothialpextrngv62qlk4')
2026-03-26T18:00:13Z WARNING bsky_collector_v2.job.index_feed_generators: listRecords failed repo=did:plc:srummj5tmnvrkdl2oa64fbvp err=HttpError('InvalidRequest: Could not find repo: did:plc:srummj5tmnvrkdl2oa64fbvp')
2026-03-26T18:00:14Z INFO bsky_collector_v2.job.index_feed_generators: enqueued repos page=40 mode=listRepos inserted=500 repos_returned=500 next_cursor=set
2026-03-26T18:00:20Z WARNING bsky_collector_v2.job.index_feed_generators: listRecords failed repo=did:plc:5gpayppka7ak5vvmeczl5e7c err=HttpError('InvalidRequest: Could not find repo: did:plc:5gpayppka7ak5vvmeczl5e7c')
2026-03-26T18:01:14Z WARNING bsky_collector_v2.job.index_feed_generators: listRecords failed repo=did:plc:5gpayppka7ak5vvmeczl5e7c err=HttpError('InvalidRequest: Could not find repo: did:plc:5gpayppka7ak5vvmeczl5e7c')
2026-03-26T18:01:14Z WARNING bsky_collector_v2.job.index_feed_generators: listRecords failed repo=did:plc:5gpayppka7ak5vvmeczl5e7c err=HttpError('InvalidRequest: Could not find repo: did:plc:5gpayppka7ak5vvmeczl5e7c')
2026-03-26T18:01:15Z INFO bsky_collector_v2.job.index_feed_generators: enqueued repos page=41 mode=listRepos inserted=500 repos_returned=500 next_cursor=set
2026-03-26T18:02:01Z INFO bsky_collector_v2.job.index_feed_generators: indexed repo=did:plc:qlf72cmal3wesd4doikxteoa part=145 records=2 next_cursor=set
2026-03-26T18:02:17Z INFO bsky_collector_v2.job.index_feed_generators: indexed repo=did:plc:xsonm4pxopcdtr4jqpc6wsal part=146 records=1 next_cursor=set
