2026-02-26T15:18:30Z INFO bsky_collector_v2: out_base ok path=D:\BlueSky\data_v2_full mount=D:\
2026-02-26T15:18:30Z INFO bsky_collector_v2: job start subcommand=index-feed-generators dry_run=False resume=True
2026-02-26T15:18:30Z INFO bsky_collector_v2.job.index_feed_generators: feed generator index hosts relay_host=https://bsky.network records_host=https://bsky.social auth=yes
2026-02-26T15:18:53Z INFO bsky_collector_v2.job.index_feed_generators: indexed repo=did:plc:nbwjdzo576ogqcrjfhfzxfrv part=713 records=1 next_cursor=set
2026-02-26T15:19:01Z WARNING bsky_collector_v2.job.index_feed_generators: listRecords failed repo=did:plc:p4de3qy2pfcb3p3hlj5xkoj6 err=HttpError('InvalidRequest: Could not find repo: did:plc:p4de3qy2pfcb3p3hlj5xkoj6')
2026-02-26T15:19:10Z WARNING bsky_collector_v2.job.index_feed_generators: listRecords failed repo=did:plc:skaa3ybivo3tbnyozrw4hmvn err=HttpError('InvalidRequest: Could not find repo: did:plc:skaa3ybivo3tbnyozrw4hmvn')
2026-02-26T15:19:37Z WARNING bsky_collector_v2.job.index_feed_generators: listRecords failed repo=did:plc:3snuqgeugsxmfcpznxj3mifh err=HttpError('InvalidRequest: Could not find repo: did:plc:3snuqgeugsxmfcpznxj3mifh')
2026-02-26T15:19:37Z WARNING bsky_collector_v2.job.index_feed_generators: listRecords failed repo=did:plc:7zr6nmcbaoznzg2af2zh7wab err=HttpError('InvalidRequest: Could not find repo: did:plc:7zr6nmcbaoznzg2af2zh7wab')
2026-02-26T15:19:37Z WARNING bsky_collector_v2.job.index_feed_generators: listRecords failed repo=did:plc:chspuljt4seuqplv2sdddi7r err=HttpError('InvalidRequest: Could not find repo: did:plc:chspuljt4seuqplv2sdddi7r')
2026-02-26T15:19:38Z WARNING bsky_collector_v2.job.index_feed_generators: listRecords failed repo=did:plc:ctkmekh6hgsduqzc45qbbwah err=HttpError('InvalidRequest: Could not find repo: did:plc:ctkmekh6hgsduqzc45qbbwah')
2026-02-26T15:19:38Z WARNING bsky_collector_v2.job.index_feed_generators: listRecords failed repo=did:plc:p4de3qy2pfcb3p3hlj5xkoj6 err=HttpError('InvalidRequest: Could not find repo: did:plc:p4de3qy2pfcb3p3hlj5xkoj6')
2026-02-26T15:19:38Z WARNING bsky_collector_v2.job.index_feed_generators: listRecords failed repo=did:plc:skaa3ybivo3tbnyozrw4hmvn err=HttpError('InvalidRequest: Could not find repo: did:plc:skaa3ybivo3tbnyozrw4hmvn')
2026-02-26T15:19:38Z WARNING bsky_collector_v2.job.index_feed_generators: listRecords failed repo=did:plc:3snuqgeugsxmfcpznxj3mifh err=HttpError('InvalidRequest: Could not find repo: did:plc:3snuqgeugsxmfcpznxj3mifh')
2026-02-26T15:19:38Z WARNING bsky_collector_v2.job.index_feed_generators: listRecords failed repo=did:plc:7zr6nmcbaoznzg2af2zh7wab err=HttpError('InvalidRequest: Could not find repo: did:plc:7zr6nmcbaoznzg2af2zh7wab')
2026-02-26T15:19:38Z WARNING bsky_collector_v2.job.index_feed_generators: listRecords failed repo=did:plc:chspuljt4seuqplv2sdddi7r err=HttpError('InvalidRequest: Could not find repo: did:plc:chspuljt4seuqplv2sdddi7r')
2026-02-26T15:19:38Z WARNING bsky_collector_v2.job.index_feed_generators: listRecords failed repo=did:plc:ctkmekh6hgsduqzc45qbbwah err=HttpError('InvalidRequest: Could not find repo: did:plc:ctkmekh6hgsduqzc45qbbwah')
2026-02-26T15:19:38Z WARNING bsky_collector_v2.job.index_feed_generators: listRecords failed repo=did:plc:p4de3qy2pfcb3p3hlj5xkoj6 err=HttpError('InvalidRequest: Could not find repo: did:plc:p4de3qy2pfcb3p3hlj5xkoj6')
2026-02-26T15:19:38Z WARNING bsky_collector_v2.job.index_feed_generators: listRecords failed repo=did:plc:skaa3ybivo3tbnyozrw4hmvn err=HttpError('InvalidRequest: Could not find repo: did:plc:skaa3ybivo3tbnyozrw4hmvn')
2026-02-26T15:19:39Z INFO bsky_collector_v2.job.index_feed_generators: enqueued repos page=1 mode=listRepos inserted=500 repos_returned=500 next_cursor=set
2026-02-26T15:20:05Z INFO bsky_collector_v2.job.index_feed_generators: indexed repo=did:plc:c5zur4slxp775owluovmbvph part=714 records=3 next_cursor=set
2026-02-26T15:20:36Z INFO bsky_collector_v2.job.index_feed_generators: indexed repo=did:plc:lrfqojvxinld2oitg4vqnoqg part=715 records=1 next_cursor=set
2026-02-26T15:21:00Z INFO bsky_collector_v2.job.index_feed_generators: indexed repo=did:plc:tly33krlaq3pzblqhwviwx26 part=716 records=3 next_cursor=set
2026-02-26T15:21:08Z WARNING bsky_collector_v2.job.index_feed_generators: listRecords failed repo=did:plc:vysw4ja52vpgsr6cukgc4hbq err=HttpError('InvalidRequest: Could not find repo: did:plc:vysw4ja52vpgsr6cukgc4hbq')
2026-02-26T15:21:22Z WARNING bsky_collector_v2.job.index_feed_generators: listRecords failed repo=did:plc:vysw4ja52vpgsr6cukgc4hbq err=HttpError('InvalidRequest: Could not find repo: did:plc:vysw4ja52vpgsr6cukgc4hbq')
2026-02-26T15:21:22Z WARNING bsky_collector_v2.job.index_feed_generators: listRecords failed repo=did:plc:vysw4ja52vpgsr6cukgc4hbq err=HttpError('InvalidRequest: Could not find repo: did:plc:vysw4ja52vpgsr6cukgc4hbq')
2026-02-26T15:21:23Z INFO bsky_collector_v2.job.index_feed_generators: enqueued repos page=2 mode=listRepos inserted=500 repos_returned=500 next_cursor=set
2026-02-26T15:22:00Z INFO bsky_collector_v2.job.index_feed_generators: indexed repo=did:plc:drayfphyljyzyhsxbttunuzi part=717 records=1 next_cursor=set
2026-02-26T15:22:04Z WARNING bsky_collector_v2.job.index_feed_generators: listRecords failed repo=did:plc:eq2rjgyegjktm3h2jidjg7fh err=HttpError('InvalidRequest: Could not find repo: did:plc:eq2rjgyegjktm3h2jidjg7fh')
2026-02-26T15:22:19Z WARNING bsky_collector_v2.job.index_feed_generators: listRecords failed repo=did:plc:i72bnq4hjmbbt2rkcagfho6m err=HttpError('InvalidRequest: Could not find repo: did:plc:i72bnq4hjmbbt2rkcagfho6m')
2026-02-26T15:22:26Z WARNING bsky_collector_v2.job.index_feed_generators: listRecords failed repo=did:plc:kn2ry6zb7wzad4trmistvc6c err=HttpError('InvalidRequest: Could not find repo: did:plc:kn2ry6zb7wzad4trmistvc6c')
2026-02-26T15:22:29Z INFO bsky_collector_v2.job.index_feed_generators: indexed repo=did:plc:l36skcu7frzmbadvycfa5khe part=718 records=2 next_cursor=set
2026-02-26T15:22:39Z WARNING bsky_collector_v2.job.index_feed_generators: listRecords failed repo=did:plc:owqncg4p4dbixzlbnrwenmxr err=HttpError('InvalidRequest: Could not find repo: did:plc:owqncg4p4dbixzlbnrwenmxr')
2026-02-26T15:22:55Z WARNING bsky_collector_v2.job.index_feed_generators: listRecords failed repo=did:plc:ugzowyjb4ldwgso5fjcqy234 err=HttpError('InvalidRequest: Could not find repo: did:plc:ugzowyjb4ldwgso5fjcqy234')
2026-02-26T15:23:14Z WARNING bsky_collector_v2.job.index_feed_generators: listRecords failed repo=did:plc:eq2rjgyegjktm3h2jidjg7fh err=HttpError('InvalidRequest: Could not find repo: did:plc:eq2rjgyegjktm3h2jidjg7fh')
2026-02-26T15:23:14Z WARNING bsky_collector_v2.job.index_feed_generators: listRecords failed repo=did:plc:i72bnq4hjmbbt2rkcagfho6m err=HttpError('InvalidRequest: Could not find repo: did:plc:i72bnq4hjmbbt2rkcagfho6m')
2026-02-26T15:23:14Z WARNING bsky_collector_v2.job.index_feed_generators: listRecords failed repo=did:plc:kn2ry6zb7wzad4trmistvc6c err=HttpError('InvalidRequest: Could not find repo: did:plc:kn2ry6zb7wzad4trmistvc6c')
2026-02-26T15:23:14Z WARNING bsky_collector_v2.job.index_feed_generators: listRecords failed repo=did:plc:owqncg4p4dbixzlbnrwenmxr err=HttpError('InvalidRequest: Could not find repo: did:plc:owqncg4p4dbixzlbnrwenmxr')
2026-02-26T15:23:14Z WARNING bsky_collector_v2.job.index_feed_generators: listRecords failed repo=did:plc:ugzowyjb4ldwgso5fjcqy234 err=HttpError('InvalidRequest: Could not find repo: did:plc:ugzowyjb4ldwgso5fjcqy234')
2026-02-26T15:23:14Z WARNING bsky_collector_v2.job.index_feed_generators: listRecords failed repo=did:plc:eq2rjgyegjktm3h2jidjg7fh err=HttpError('InvalidRequest: Could not find repo: did:plc:eq2rjgyegjktm3h2jidjg7fh')
2026-02-26T15:23:15Z WARNING bsky_collector_v2.job.index_feed_generators: listRecords failed repo=did:plc:i72bnq4hjmbbt2rkcagfho6m err=HttpError('InvalidRequest: Could not find repo: did:plc:i72bnq4hjmbbt2rkcagfho6m')
2026-02-26T15:23:15Z WARNING bsky_collector_v2.job.index_feed_generators: listRecords failed repo=did:plc:kn2ry6zb7wzad4trmistvc6c err=HttpError('InvalidRequest: Could not find repo: did:plc:kn2ry6zb7wzad4trmistvc6c')
2026-02-26T15:23:15Z WARNING bsky_collector_v2.job.index_feed_generators: listRecords failed repo=did:plc:owqncg4p4dbixzlbnrwenmxr err=HttpError('InvalidRequest: Could not find repo: did:plc:owqncg4p4dbixzlbnrwenmxr')
2026-02-26T15:23:15Z WARNING bsky_collector_v2.job.index_feed_generators: listRecords failed repo=did:plc:ugzowyjb4ldwgso5fjcqy234 err=HttpError('InvalidRequest: Could not find repo: did:plc:ugzowyjb4ldwgso5fjcqy234')
2026-02-26T15:23:16Z INFO bsky_collector_v2.job.index_feed_generators: enqueued repos page=3 mode=listRepos inserted=500 repos_returned=500 next_cursor=set
2026-02-26T15:24:07Z INFO bsky_collector_v2.job.index_feed_generators: indexed repo=did:plc:hbpkcmzpp4lvlbzbtvgwnutf part=719 records=4 next_cursor=set
2026-02-26T15:24:13Z INFO bsky_collector_v2.job.index_feed_generators: indexed repo=did:plc:iyczm5lzqw2mdct22pveniah part=720 records=1 next_cursor=set
2026-02-26T15:24:17Z INFO bsky_collector_v2.job.index_feed_generators: indexed repo=did:plc:jw66oy4wuhpwq5ksg6skwvqa part=721 records=1 next_cursor=set
2026-02-26T15:24:33Z INFO bsky_collector_v2.job.index_feed_generators: indexed repo=did:plc:omifl3rt5k6jxr6lz4t3lxgl part=722 records=1 next_cursor=set
2026-02-26T15:25:09Z INFO bsky_collector_v2.job.index_feed_generators: enqueued repos page=4 mode=listRepos inserted=500 repos_returned=500 next_cursor=set
2026-02-26T15:25:36Z INFO bsky_collector_v2.job.index_feed_generators: indexed repo=did:plc:cofwmggy7xgrgr5l4maxl7gg part=723 records=1 next_cursor=set
2026-02-26T15:25:55Z WARNING bsky_collector_v2.job.index_feed_generators: listRecords failed repo=did:plc:icet74h7hpnoy4u7lwige4eb err=HttpError('InvalidRequest: Could not find repo: did:plc:icet74h7hpnoy4u7lwige4eb')
2026-02-26T15:26:01Z WARNING bsky_collector_v2.job.index_feed_generators: listRecords failed repo=did:plc:kn7woysz46a5yiuwjmkm3p2l err=HttpError('InvalidRequest: Could not find repo: did:plc:kn7woysz46a5yiuwjmkm3p2l')
2026-02-26T15:26:12Z INFO bsky_collector_v2.job.index_feed_generators: indexed repo=did:plc:nkhx27lc6m7typuwq3zvuye2 part=724 records=1 next_cursor=set
2026-02-26T15:26:51Z WARNING bsky_collector_v2.job.index_feed_generators: listRecords failed repo=did:plc:icet74h7hpnoy4u7lwige4eb err=HttpError('InvalidRequest: Could not find repo: did:plc:icet74h7hpnoy4u7lwige4eb')
2026-02-26T15:26:51Z WARNING bsky_collector_v2.job.index_feed_generators: listRecords failed repo=did:plc:kn7woysz46a5yiuwjmkm3p2l err=HttpError('InvalidRequest: Could not find repo: did:plc:kn7woysz46a5yiuwjmkm3p2l')
2026-02-26T15:26:51Z WARNING bsky_collector_v2.job.index_feed_generators: listRecords failed repo=did:plc:icet74h7hpnoy4u7lwige4eb err=HttpError('InvalidRequest: Could not find repo: did:plc:icet74h7hpnoy4u7lwige4eb')
2026-02-26T15:26:51Z WARNING bsky_collector_v2.job.index_feed_generators: listRecords failed repo=did:plc:kn7woysz46a5yiuwjmkm3p2l err=HttpError('InvalidRequest: Could not find repo: did:plc:kn7woysz46a5yiuwjmkm3p2l')
2026-02-26T15:26:52Z INFO bsky_collector_v2.job.index_feed_generators: enqueued repos page=5 mode=listRepos inserted=500 repos_returned=500 next_cursor=set
2026-02-26T15:27:00Z WARNING bsky_collector_v2.job.index_feed_generators: listRecords failed repo=did:plc:4jjxx3max7tcdxwmdkjrnyj4 err=HttpError('InvalidRequest: Could not find repo: did:plc:4jjxx3max7tcdxwmdkjrnyj4')
2026-02-26T15:27:46Z INFO bsky_collector_v2.job.index_feed_generators: indexed repo=did:plc:lkb7vmj6uaj73mogle5vht6v part=725 records=1 next_cursor=set
2026-02-26T15:28:31Z WARNING bsky_collector_v2.job.index_feed_generators: listRecords failed repo=did:plc:z5st6fmsv3u5ncaagjemu3ls err=HttpError('InvalidRequest: Could not find repo: did:plc:z5st6fmsv3u5ncaagjemu3ls')
2026-02-26T15:28:34Z WARNING bsky_collector_v2.job.index_feed_generators: listRecords failed repo=did:plc:4jjxx3max7tcdxwmdkjrnyj4 err=HttpError('InvalidRequest: Could not find repo: did:plc:4jjxx3max7tcdxwmdkjrnyj4')
2026-02-26T15:28:34Z WARNING bsky_collector_v2.job.index_feed_generators: listRecords failed repo=did:plc:z5st6fmsv3u5ncaagjemu3ls err=HttpError('InvalidRequest: Could not find repo: did:plc:z5st6fmsv3u5ncaagjemu3ls')
2026-02-26T15:28:34Z WARNING bsky_collector_v2.job.index_feed_generators: listRecords failed repo=did:plc:4jjxx3max7tcdxwmdkjrnyj4 err=HttpError('InvalidRequest: Could not find repo: did:plc:4jjxx3max7tcdxwmdkjrnyj4')
2026-02-26T15:28:34Z WARNING bsky_collector_v2.job.index_feed_generators: listRecords failed repo=did:plc:z5st6fmsv3u5ncaagjemu3ls err=HttpError('InvalidRequest: Could not find repo: did:plc:z5st6fmsv3u5ncaagjemu3ls')
2026-02-26T15:28:35Z INFO bsky_collector_v2.job.index_feed_generators: enqueued repos page=6 mode=listRepos inserted=500 repos_returned=500 next_cursor=set
2026-02-26T15:29:00Z INFO bsky_collector_v2.job.index_feed_generators: indexed repo=did:plc:c2m3vxktdjtgqel5qvjxqhqr part=726 records=3 next_cursor=set
2026-02-26T15:29:02Z WARNING bsky_collector_v2.job.index_feed_generators: listRecords failed repo=did:plc:dahov34jvarwj7r53z7mttwb err=HttpError('InvalidRequest: Could not find repo: did:plc:dahov34jvarwj7r53z7mttwb')
2026-02-26T15:29:26Z WARNING bsky_collector_v2.job.index_feed_generators: listRecords failed repo=did:plc:kjoapco7wlctvaorbmgtuxaf err=HttpError('InvalidRequest: Could not find repo: did:plc:kjoapco7wlctvaorbmgtuxaf')
2026-02-26T15:29:59Z WARNING bsky_collector_v2.job.index_feed_generators: listRecords failed repo=did:plc:tuyfst2jg5flnzkfv47mrgok err=HttpError('InvalidRequest: Could not find repo: did:plc:tuyfst2jg5flnzkfv47mrgok')
2026-02-26T15:30:29Z WARNING bsky_collector_v2.job.index_feed_generators: listRecords failed repo=did:plc:dahov34jvarwj7r53z7mttwb err=HttpError('InvalidRequest: Could not find repo: did:plc:dahov34jvarwj7r53z7mttwb')
2026-02-26T15:30:29Z WARNING bsky_collector_v2.job.index_feed_generators: listRecords failed repo=did:plc:kjoapco7wlctvaorbmgtuxaf err=HttpError('InvalidRequest: Could not find repo: did:plc:kjoapco7wlctvaorbmgtuxaf')
2026-02-26T15:30:29Z WARNING bsky_collector_v2.job.index_feed_generators: listRecords failed repo=did:plc:tuyfst2jg5flnzkfv47mrgok err=HttpError('InvalidRequest: Could not find repo: did:plc:tuyfst2jg5flnzkfv47mrgok')
2026-02-26T15:30:30Z WARNING bsky_collector_v2.job.index_feed_generators: listRecords failed repo=did:plc:dahov34jvarwj7r53z7mttwb err=HttpError('InvalidRequest: Could not find repo: did:plc:dahov34jvarwj7r53z7mttwb')
2026-02-26T15:30:30Z WARNING bsky_collector_v2.job.index_feed_generators: listRecords failed repo=did:plc:kjoapco7wlctvaorbmgtuxaf err=HttpError('InvalidRequest: Could not find repo: did:plc:kjoapco7wlctvaorbmgtuxaf')
2026-02-26T15:30:30Z WARNING bsky_collector_v2.job.index_feed_generators: listRecords failed repo=did:plc:tuyfst2jg5flnzkfv47mrgok err=HttpError('InvalidRequest: Could not find repo: did:plc:tuyfst2jg5flnzkfv47mrgok')
2026-02-26T15:30:31Z INFO bsky_collector_v2.job.index_feed_generators: enqueued repos page=7 mode=listRepos inserted=500 repos_returned=500 next_cursor=set
2026-02-26T15:31:01Z INFO bsky_collector_v2.job.index_feed_generators: indexed repo=did:plc:ckm5eloclix5473ixpfxtajk part=727 records=2 next_cursor=set
2026-02-26T15:31:37Z INFO bsky_collector_v2.job.index_feed_generators: indexed repo=did:plc:mkklr4smns2baynajhq3in6g part=728 records=2 next_cursor=set
2026-02-26T15:31:43Z INFO bsky_collector_v2.job.index_feed_generators: indexed repo=did:plc:oonlycnuqeshxnae7lfzyayq part=729 records=2 next_cursor=set
2026-02-26T15:31:45Z WARNING bsky_collector_v2.job.index_feed_generators: listRecords failed repo=did:plc:pemeukkd3njrsjafh56hocaa err=HttpError('InvalidRequest: Could not find repo: did:plc:pemeukkd3njrsjafh56hocaa')
2026-02-26T15:32:05Z WARNING bsky_collector_v2.job.index_feed_generators: listRecords failed repo=did:plc:vk2ywhfvqhuuu25wbiiv7kmu err=HttpError('InvalidRequest: Could not find repo: did:plc:vk2ywhfvqhuuu25wbiiv7kmu')
2026-02-26T15:32:20Z WARNING bsky_collector_v2.job.index_feed_generators: listRecords failed repo=did:plc:pemeukkd3njrsjafh56hocaa err=HttpError('InvalidRequest: Could not find repo: did:plc:pemeukkd3njrsjafh56hocaa')
2026-02-26T15:32:20Z WARNING bsky_collector_v2.job.index_feed_generators: listRecords failed repo=did:plc:vk2ywhfvqhuuu25wbiiv7kmu err=HttpError('InvalidRequest: Could not find repo: did:plc:vk2ywhfvqhuuu25wbiiv7kmu')
2026-02-26T15:32:20Z WARNING bsky_collector_v2.job.index_feed_generators: listRecords failed repo=did:plc:pemeukkd3njrsjafh56hocaa err=HttpError('InvalidRequest: Could not find repo: did:plc:pemeukkd3njrsjafh56hocaa')
2026-02-26T15:32:20Z WARNING bsky_collector_v2.job.index_feed_generators: listRecords failed repo=did:plc:vk2ywhfvqhuuu25wbiiv7kmu err=HttpError('InvalidRequest: Could not find repo: did:plc:vk2ywhfvqhuuu25wbiiv7kmu')
2026-02-26T15:32:21Z INFO bsky_collector_v2.job.index_feed_generators: enqueued repos page=8 mode=listRepos inserted=500 repos_returned=500 next_cursor=set
2026-02-26T15:32:24Z WARNING bsky_collector_v2.job.index_feed_generators: listRecords failed repo=did:plc:2y5ua23vjz4a2sqpuvd6ilid err=HttpError('InvalidRequest: Could not find repo: did:plc:2y5ua23vjz4a2sqpuvd6ilid')
2026-02-26T15:33:09Z INFO bsky_collector_v2.job.index_feed_generators: indexed repo=did:plc:fkz7blksqepby2pgjw6zd5lq part=730 records=2 next_cursor=set
2026-02-26T15:33:27Z WARNING bsky_collector_v2.job.index_feed_generators: listRecords failed repo=did:plc:kt7e5tl3z2kfranpik4vnmv4 err=HttpError('InvalidRequest: Could not find repo: did:plc:kt7e5tl3z2kfranpik4vnmv4')
2026-02-26T15:33:39Z INFO bsky_collector_v2.job.index_feed_generators: indexed repo=did:plc:og5t4xeyapx5fwjx5hnr2c56 part=731 records=1 next_cursor=set
2026-02-26T15:33:56Z INFO bsky_collector_v2.job.index_feed_generators: indexed repo=did:plc:ubvx4o7imvkmvvm3v7j2uuq7 part=732 records=1 next_cursor=set
2026-02-26T15:34:07Z WARNING bsky_collector_v2.job.index_feed_generators: listRecords failed repo=did:plc:xtomhvhjwubb3lpw3oam2uqt err=HttpError('InvalidRequest: Could not find repo: did:plc:xtomhvhjwubb3lpw3oam2uqt')
2026-02-26T15:34:14Z WARNING bsky_collector_v2.job.index_feed_generators: listRecords failed repo=did:plc:2y5ua23vjz4a2sqpuvd6ilid err=HttpError('InvalidRequest: Could not find repo: did:plc:2y5ua23vjz4a2sqpuvd6ilid')
2026-02-26T15:34:14Z WARNING bsky_collector_v2.job.index_feed_generators: listRecords failed repo=did:plc:kt7e5tl3z2kfranpik4vnmv4 err=HttpError('InvalidRequest: Could not find repo: did:plc:kt7e5tl3z2kfranpik4vnmv4')
2026-02-26T15:34:15Z WARNING bsky_collector_v2.job.index_feed_generators: listRecords failed repo=did:plc:xtomhvhjwubb3lpw3oam2uqt err=HttpError('InvalidRequest: Could not find repo: did:plc:xtomhvhjwubb3lpw3oam2uqt')
2026-02-26T15:34:15Z WARNING bsky_collector_v2.job.index_feed_generators: listRecords failed repo=did:plc:2y5ua23vjz4a2sqpuvd6ilid err=HttpError('InvalidRequest: Could not find repo: did:plc:2y5ua23vjz4a2sqpuvd6ilid')
2026-02-26T15:34:15Z WARNING bsky_collector_v2.job.index_feed_generators: listRecords failed repo=did:plc:kt7e5tl3z2kfranpik4vnmv4 err=HttpError('InvalidRequest: Could not find repo: did:plc:kt7e5tl3z2kfranpik4vnmv4')
2026-02-26T15:34:15Z WARNING bsky_collector_v2.job.index_feed_generators: listRecords failed repo=did:plc:xtomhvhjwubb3lpw3oam2uqt err=HttpError('InvalidRequest: Could not find repo: did:plc:xtomhvhjwubb3lpw3oam2uqt')
2026-02-26T15:34:16Z INFO bsky_collector_v2.job.index_feed_generators: enqueued repos page=9 mode=listRepos inserted=500 repos_returned=500 next_cursor=set
2026-02-26T15:34:21Z INFO bsky_collector_v2.job.index_feed_generators: indexed repo=did:plc:42zbbribfdvvvsqzntww4fnz part=733 records=2 next_cursor=set
2026-02-26T15:35:04Z WARNING bsky_collector_v2.job.index_feed_generators: listRecords failed repo=did:plc:itcn2nugrjjd3iyh4uoagqrj err=HttpError('InvalidRequest: Could not find repo: did:plc:itcn2nugrjjd3iyh4uoagqrj')
2026-02-26T15:35:26Z WARNING bsky_collector_v2.job.index_feed_generators: listRecords failed repo=did:plc:pyzbide26dmorupc65g77yni err=HttpError('InvalidRequest: Could not find repo: did:plc:pyzbide26dmorupc65g77yni')
2026-02-26T15:35:50Z INFO bsky_collector_v2.job.index_feed_generators: indexed repo=did:plc:wcdggl777iln5cpdk5xdhi5o part=734 records=1 next_cursor=set
2026-02-26T15:35:51Z WARNING bsky_collector_v2.job.index_feed_generators: listRecords failed repo=did:plc:wikv6zcdugdh3fy4cgrjso5t err=HttpError('InvalidRequest: Could not find repo: did:plc:wikv6zcdugdh3fy4cgrjso5t')
2026-02-26T15:36:04Z WARNING bsky_collector_v2.job.index_feed_generators: listRecords failed repo=did:plc:itcn2nugrjjd3iyh4uoagqrj err=HttpError('InvalidRequest: Could not find repo: did:plc:itcn2nugrjjd3iyh4uoagqrj')
2026-02-26T15:36:04Z WARNING bsky_collector_v2.job.index_feed_generators: listRecords failed repo=did:plc:pyzbide26dmorupc65g77yni err=HttpError('InvalidRequest: Could not find repo: did:plc:pyzbide26dmorupc65g77yni')
2026-02-26T15:36:05Z WARNING bsky_collector_v2.job.index_feed_generators: listRecords failed repo=did:plc:wikv6zcdugdh3fy4cgrjso5t err=HttpError('InvalidRequest: Could not find repo: did:plc:wikv6zcdugdh3fy4cgrjso5t')
2026-02-26T15:36:05Z WARNING bsky_collector_v2.job.index_feed_generators: listRecords failed repo=did:plc:itcn2nugrjjd3iyh4uoagqrj err=HttpError('InvalidRequest: Could not find repo: did:plc:itcn2nugrjjd3iyh4uoagqrj')
2026-02-26T15:36:05Z WARNING bsky_collector_v2.job.index_feed_generators: listRecords failed repo=did:plc:pyzbide26dmorupc65g77yni err=HttpError('InvalidRequest: Could not find repo: did:plc:pyzbide26dmorupc65g77yni')
2026-02-26T15:36:05Z WARNING bsky_collector_v2.job.index_feed_generators: listRecords failed repo=did:plc:wikv6zcdugdh3fy4cgrjso5t err=HttpError('InvalidRequest: Could not find repo: did:plc:wikv6zcdugdh3fy4cgrjso5t')
2026-02-26T15:36:06Z INFO bsky_collector_v2.job.index_feed_generators: enqueued repos page=10 mode=listRepos inserted=500 repos_returned=500 next_cursor=set
2026-02-26T15:36:38Z INFO bsky_collector_v2.job.index_feed_generators: indexed repo=did:plc:azn62ry4jtxoecnjo6zhg7k2 part=735 records=1 next_cursor=set
2026-02-26T15:37:05Z INFO bsky_collector_v2.job.index_feed_generators: indexed repo=did:plc:j3ek6sermhmjpcfviz2ytlw6 part=736 records=3 next_cursor=set
2026-02-26T15:37:40Z WARNING bsky_collector_v2.job.index_feed_generators: listRecords failed repo=did:plc:viqekh3bksxuxqzpa77t3cyy err=HttpError('InvalidRequest: Could not find repo: did:plc:viqekh3bksxuxqzpa77t3cyy')
2026-02-26T15:37:48Z WARNING bsky_collector_v2.job.index_feed_generators: listRecords failed repo=did:plc:xs5te2hvt7uvy6z7vgta32ku err=HttpError('InvalidRequest: Could not find repo: did:plc:xs5te2hvt7uvy6z7vgta32ku')
2026-02-26T15:37:56Z WARNING bsky_collector_v2.job.index_feed_generators: listRecords failed repo=did:plc:viqekh3bksxuxqzpa77t3cyy err=HttpError('InvalidRequest: Could not find repo: did:plc:viqekh3bksxuxqzpa77t3cyy')
2026-02-26T15:37:56Z WARNING bsky_collector_v2.job.index_feed_generators: listRecords failed repo=did:plc:xs5te2hvt7uvy6z7vgta32ku err=HttpError('InvalidRequest: Could not find repo: did:plc:xs5te2hvt7uvy6z7vgta32ku')
2026-02-26T15:37:56Z WARNING bsky_collector_v2.job.index_feed_generators: listRecords failed repo=did:plc:viqekh3bksxuxqzpa77t3cyy err=HttpError('InvalidRequest: Could not find repo: did:plc:viqekh3bksxuxqzpa77t3cyy')
2026-02-26T15:37:57Z WARNING bsky_collector_v2.job.index_feed_generators: listRecords failed repo=did:plc:xs5te2hvt7uvy6z7vgta32ku err=HttpError('InvalidRequest: Could not find repo: did:plc:xs5te2hvt7uvy6z7vgta32ku')
2026-02-26T15:37:57Z INFO bsky_collector_v2.job.index_feed_generators: enqueued repos page=11 mode=listRepos inserted=500 repos_returned=500 next_cursor=set
2026-02-26T15:38:42Z WARNING bsky_collector_v2.job.index_feed_generators: listRecords failed repo=did:plc:jvnjuuum73tthm4nxqmh6jzf err=HttpError('InvalidRequest: Could not find repo: did:plc:jvnjuuum73tthm4nxqmh6jzf')
2026-02-26T15:38:45Z WARNING bsky_collector_v2.job.index_feed_generators: listRecords failed repo=did:plc:le5fcgaix2tgekqrmymwe7hz err=HttpError('InvalidRequest: Could not find repo: did:plc:le5fcgaix2tgekqrmymwe7hz')
2026-02-26T15:39:00Z INFO bsky_collector_v2.job.index_feed_generators: indexed repo=did:plc:plbcnhh3gecuaulf7d7rov7g part=737 records=1 next_cursor=set
2026-02-26T15:39:35Z WARNING bsky_collector_v2.job.index_feed_generators: listRecords failed repo=did:plc:jvnjuuum73tthm4nxqmh6jzf err=HttpError('InvalidRequest: Could not find repo: did:plc:jvnjuuum73tthm4nxqmh6jzf')
2026-02-26T15:39:35Z WARNING bsky_collector_v2.job.index_feed_generators: listRecords failed repo=did:plc:le5fcgaix2tgekqrmymwe7hz err=HttpError('InvalidRequest: Could not find repo: did:plc:le5fcgaix2tgekqrmymwe7hz')
2026-02-26T15:39:36Z WARNING bsky_collector_v2.job.index_feed_generators: listRecords failed repo=did:plc:jvnjuuum73tthm4nxqmh6jzf err=HttpError('InvalidRequest: Could not find repo: did:plc:jvnjuuum73tthm4nxqmh6jzf')
2026-02-26T15:39:36Z WARNING bsky_collector_v2.job.index_feed_generators: listRecords failed repo=did:plc:le5fcgaix2tgekqrmymwe7hz err=HttpError('InvalidRequest: Could not find repo: did:plc:le5fcgaix2tgekqrmymwe7hz')
2026-02-26T15:39:36Z INFO bsky_collector_v2.job.index_feed_generators: enqueued repos page=12 mode=listRepos inserted=500 repos_returned=500 next_cursor=set
2026-02-26T15:40:10Z INFO bsky_collector_v2.job.index_feed_generators: indexed repo=did:plc:eqo5vn64tp44ihdw5wfchf7l part=738 records=1 next_cursor=set
2026-02-26T15:40:42Z WARNING bsky_collector_v2.job.index_feed_generators: listRecords failed repo=did:plc:p63px7kgsa6gbopq5l63vpl2 err=HttpError('InvalidRequest: Could not find repo: did:plc:p63px7kgsa6gbopq5l63vpl2')
2026-02-26T15:40:54Z INFO bsky_collector_v2.job.index_feed_generators: indexed repo=did:plc:spsaekw3ubdpz2gf53p3nu6n part=739 records=2 next_cursor=set
2026-02-26T15:40:57Z INFO bsky_collector_v2.job.index_feed_generators: indexed repo=did:plc:trpqfvxds2hnghqrynvgo4ng part=740 records=1 next_cursor=set
2026-02-26T15:41:17Z WARNING bsky_collector_v2.job.index_feed_generators: listRecords failed repo=did:plc:p63px7kgsa6gbopq5l63vpl2 err=HttpError('InvalidRequest: Could not find repo: did:plc:p63px7kgsa6gbopq5l63vpl2')
2026-02-26T15:41:18Z WARNING bsky_collector_v2.job.index_feed_generators: listRecords failed repo=did:plc:p63px7kgsa6gbopq5l63vpl2 err=HttpError('InvalidRequest: Could not find repo: did:plc:p63px7kgsa6gbopq5l63vpl2')
2026-02-26T15:41:18Z INFO bsky_collector_v2.job.index_feed_generators: enqueued repos page=13 mode=listRepos inserted=500 repos_returned=500 next_cursor=set
2026-02-26T15:42:00Z WARNING bsky_collector_v2.job.index_feed_generators: listRecords failed repo=did:plc:gwjgsnx2tpzosua6iq23467k err=HttpError('InvalidRequest: Could not find repo: did:plc:gwjgsnx2tpzosua6iq23467k')
2026-02-26T15:42:24Z INFO bsky_collector_v2.job.index_feed_generators: indexed repo=did:plc:o7fxh4i53ymrlue6jkx7rsmu part=741 records=2 next_cursor=set
2026-02-26T15:43:01Z WARNING bsky_collector_v2.job.index_feed_generators: listRecords failed repo=did:plc:gwjgsnx2tpzosua6iq23467k err=HttpError('InvalidRequest: Could not find repo: did:plc:gwjgsnx2tpzosua6iq23467k')
2026-02-26T15:43:01Z WARNING bsky_collector_v2.job.index_feed_generators: listRecords failed repo=did:plc:gwjgsnx2tpzosua6iq23467k err=HttpError('InvalidRequest: Could not find repo: did:plc:gwjgsnx2tpzosua6iq23467k')
2026-02-26T15:43:02Z INFO bsky_collector_v2.job.index_feed_generators: enqueued repos page=14 mode=listRepos inserted=500 repos_returned=500 next_cursor=set
2026-02-26T15:43:12Z WARNING bsky_collector_v2.job.index_feed_generators: listRecords failed repo=did:plc:5kthj73ntb66dhndnchxjm5o err=HttpError('InvalidRequest: Could not find repo: did:plc:5kthj73ntb66dhndnchxjm5o')
2026-02-26T15:43:12Z WARNING bsky_collector_v2.job.index_feed_generators: listRecords failed repo=did:plc:64ahrdosfnoefatyckpjn7hm err=HttpError('InvalidRequest: Could not find repo: did:plc:64ahrdosfnoefatyckpjn7hm')
2026-02-26T15:43:29Z INFO bsky_collector_v2.job.index_feed_generators: indexed repo=did:plc:dcoyo5pkbjo5fei3py7ommnf part=742 records=2 next_cursor=set
2026-02-26T15:44:17Z INFO bsky_collector_v2.job.index_feed_generators: indexed repo=did:plc:nqwhdwmqtuigit3dqccytwml part=743 records=2 next_cursor=set
2026-02-26T15:44:58Z WARNING bsky_collector_v2.job.index_feed_generators: listRecords failed repo=did:plc:5kthj73ntb66dhndnchxjm5o err=HttpError('InvalidRequest: Could not find repo: did:plc:5kthj73ntb66dhndnchxjm5o')
2026-02-26T15:44:58Z WARNING bsky_collector_v2.job.index_feed_generators: listRecords failed repo=did:plc:64ahrdosfnoefatyckpjn7hm err=HttpError('InvalidRequest: Could not find repo: did:plc:64ahrdosfnoefatyckpjn7hm')
2026-02-26T15:44:59Z WARNING bsky_collector_v2.job.index_feed_generators: listRecords failed repo=did:plc:5kthj73ntb66dhndnchxjm5o err=HttpError('InvalidRequest: Could not find repo: did:plc:5kthj73ntb66dhndnchxjm5o')
2026-02-26T15:44:59Z WARNING bsky_collector_v2.job.index_feed_generators: listRecords failed repo=did:plc:64ahrdosfnoefatyckpjn7hm err=HttpError('InvalidRequest: Could not find repo: did:plc:64ahrdosfnoefatyckpjn7hm')
2026-02-26T15:44:59Z INFO bsky_collector_v2.job.index_feed_generators: enqueued repos page=15 mode=listRepos inserted=500 repos_returned=500 next_cursor=set
2026-02-26T15:45:17Z WARNING bsky_collector_v2.job.index_feed_generators: listRecords failed repo=did:plc:5qrurzwmpxah6cbqpbzyvhxr err=HttpError('InvalidRequest: Could not find repo: did:plc:5qrurzwmpxah6cbqpbzyvhxr')
2026-02-26T15:46:12Z INFO bsky_collector_v2.job.index_feed_generators: indexed repo=did:plc:mcq6okzo62rx3jzcshsqmadm part=744 records=1 next_cursor=set
2026-02-26T15:46:53Z WARNING bsky_collector_v2.job.index_feed_generators: listRecords failed repo=did:plc:5qrurzwmpxah6cbqpbzyvhxr err=HttpError('InvalidRequest: Could not find repo: did:plc:5qrurzwmpxah6cbqpbzyvhxr')
2026-02-26T15:46:53Z WARNING bsky_collector_v2.job.index_feed_generators: listRecords failed repo=did:plc:5qrurzwmpxah6cbqpbzyvhxr err=HttpError('InvalidRequest: Could not find repo: did:plc:5qrurzwmpxah6cbqpbzyvhxr')
2026-02-26T15:46:54Z INFO bsky_collector_v2.job.index_feed_generators: enqueued repos page=16 mode=listRepos inserted=500 repos_returned=500 next_cursor=set
2026-02-26T15:48:37Z INFO bsky_collector_v2.job.index_feed_generators: enqueued repos page=17 mode=listRepos inserted=500 repos_returned=500 next_cursor=set
2026-02-26T15:48:51Z INFO bsky_collector_v2.job.index_feed_generators: indexed repo=did:plc:7kaielo5m6jwqls5k3d2othj part=745 records=2 next_cursor=set
2026-02-26T15:49:07Z INFO bsky_collector_v2.job.index_feed_generators: indexed repo=did:plc:do46eba3wylb763mwq7p2v3c part=746 records=1 next_cursor=set
2026-02-26T15:49:15Z WARNING bsky_collector_v2.job.index_feed_generators: listRecords failed repo=did:plc:gfomajejb3dv5qc2rcl6ylog err=HttpError('InvalidRequest: Could not find repo: did:plc:gfomajejb3dv5qc2rcl6ylog')
2026-02-26T15:49:22Z WARNING bsky_collector_v2.job.index_feed_generators: listRecords failed repo=did:plc:ihwayzztkliyyqhx73p4yoca err=HttpError('InvalidRequest: Could not find repo: did:plc:ihwayzztkliyyqhx73p4yoca')
2026-02-26T15:49:22Z INFO bsky_collector_v2.job.index_feed_generators: indexed repo=did:plc:iigrbpxev5i6ekm2n4kokmq6 part=747 records=1 next_cursor=set
2026-02-26T15:49:23Z WARNING bsky_collector_v2.job.index_feed_generators: listRecords failed repo=did:plc:jdadnn7mnbhspewm626ywqqj err=HttpError('InvalidRequest: Could not find repo: did:plc:jdadnn7mnbhspewm626ywqqj')
2026-02-26T15:49:33Z INFO bsky_collector_v2.job.index_feed_generators: indexed repo=did:plc:mrsexk4yueassisxx7xy2fsd part=748 records=1 next_cursor=set
2026-02-26T15:49:59Z INFO bsky_collector_v2.job.index_feed_generators: indexed repo=did:plc:ucpkcf3bm5ljxedcdxvh7nnj part=749 records=1 next_cursor=set
2026-02-26T15:50:13Z WARNING bsky_collector_v2.job.index_feed_generators: listRecords failed repo=did:plc:yibcihrnxqfxcjstd652z4n7 err=HttpError('InvalidRequest: Could not find repo: did:plc:yibcihrnxqfxcjstd652z4n7')
2026-02-26T15:50:19Z WARNING bsky_collector_v2.job.index_feed_generators: listRecords failed repo=did:plc:gfomajejb3dv5qc2rcl6ylog err=HttpError('InvalidRequest: Could not find repo: did:plc:gfomajejb3dv5qc2rcl6ylog')
2026-02-26T15:50:19Z WARNING bsky_collector_v2.job.index_feed_generators: listRecords failed repo=did:plc:ihwayzztkliyyqhx73p4yoca err=HttpError('InvalidRequest: Could not find repo: did:plc:ihwayzztkliyyqhx73p4yoca')
2026-02-26T15:50:19Z WARNING bsky_collector_v2.job.index_feed_generators: listRecords failed repo=did:plc:jdadnn7mnbhspewm626ywqqj err=HttpError('InvalidRequest: Could not find repo: did:plc:jdadnn7mnbhspewm626ywqqj')
2026-02-26T15:50:20Z WARNING bsky_collector_v2.job.index_feed_generators: listRecords failed repo=did:plc:yibcihrnxqfxcjstd652z4n7 err=HttpError('InvalidRequest: Could not find repo: did:plc:yibcihrnxqfxcjstd652z4n7')
2026-02-26T15:50:20Z WARNING bsky_collector_v2.job.index_feed_generators: listRecords failed repo=did:plc:gfomajejb3dv5qc2rcl6ylog err=HttpError('InvalidRequest: Could not find repo: did:plc:gfomajejb3dv5qc2rcl6ylog')
2026-02-26T15:50:20Z WARNING bsky_collector_v2.job.index_feed_generators: listRecords failed repo=did:plc:ihwayzztkliyyqhx73p4yoca err=HttpError('InvalidRequest: Could not find repo: did:plc:ihwayzztkliyyqhx73p4yoca')
2026-02-26T15:50:20Z WARNING bsky_collector_v2.job.index_feed_generators: listRecords failed repo=did:plc:jdadnn7mnbhspewm626ywqqj err=HttpError('InvalidRequest: Could not find repo: did:plc:jdadnn7mnbhspewm626ywqqj')
2026-02-26T15:50:20Z WARNING bsky_collector_v2.job.index_feed_generators: listRecords failed repo=did:plc:yibcihrnxqfxcjstd652z4n7 err=HttpError('InvalidRequest: Could not find repo: did:plc:yibcihrnxqfxcjstd652z4n7')
2026-02-26T15:50:20Z INFO bsky_collector_v2.job.index_feed_generators: enqueued repos page=18 mode=listRepos inserted=500 repos_returned=500 next_cursor=set
2026-02-26T15:50:55Z INFO bsky_collector_v2.job.index_feed_generators: indexed repo=did:plc:b2z6x4xgdt4ivlgmrl2bll6h part=750 records=5 next_cursor=set
2026-02-26T15:51:45Z WARNING bsky_collector_v2.job.index_feed_generators: listRecords failed repo=did:plc:qui2te6upiwp7yvh3yn7cupx err=HttpError('InvalidRequest: Could not find repo: did:plc:qui2te6upiwp7yvh3yn7cupx')
2026-02-26T15:52:14Z WARNING bsky_collector_v2.job.index_feed_generators: listRecords failed repo=did:plc:qui2te6upiwp7yvh3yn7cupx err=HttpError('InvalidRequest: Could not find repo: did:plc:qui2te6upiwp7yvh3yn7cupx')
2026-02-26T15:52:14Z WARNING bsky_collector_v2.job.index_feed_generators: listRecords failed repo=did:plc:qui2te6upiwp7yvh3yn7cupx err=HttpError('InvalidRequest: Could not find repo: did:plc:qui2te6upiwp7yvh3yn7cupx')
2026-02-26T15:52:15Z INFO bsky_collector_v2.job.index_feed_generators: enqueued repos page=19 mode=listRepos inserted=500 repos_returned=500 next_cursor=set
2026-02-26T15:53:15Z INFO bsky_collector_v2.job.index_feed_generators: indexed repo=did:plc:lnj7td3gqsitt6zdqcy6rgrv part=751 records=1 next_cursor=set
2026-02-26T15:53:39Z INFO bsky_collector_v2.job.index_feed_generators: indexed repo=did:plc:s6hs6plydo7xpbi7qkwb6fi5 part=752 records=1 next_cursor=set
2026-02-26T15:54:04Z INFO bsky_collector_v2.job.index_feed_generators: enqueued repos page=20 mode=listRepos inserted=500 repos_returned=500 next_cursor=set
2026-02-26T15:54:45Z WARNING bsky_collector_v2.job.index_feed_generators: listRecords failed repo=did:plc:es4kaek6ligemold3w7b6cng err=HttpError('InvalidRequest: Could not find repo: did:plc:es4kaek6ligemold3w7b6cng')
2026-02-26T15:55:03Z WARNING bsky_collector_v2.job.index_feed_generators: listRecords failed repo=did:plc:ktzvqtogqfbenrhuzmdnzyq7 err=HttpError('InvalidRequest: Could not find repo: did:plc:ktzvqtogqfbenrhuzmdnzyq7')
2026-02-26T15:55:36Z WARNING bsky_collector_v2.job.index_feed_generators: listRecords failed repo=did:plc:utyomsxzdzfxsvxtqhxu5lu7 err=HttpError('InvalidRequest: Could not find repo: did:plc:utyomsxzdzfxsvxtqhxu5lu7')
2026-02-26T15:55:37Z WARNING bsky_collector_v2.job.index_feed_generators: listRecords failed repo=did:plc:uy4jrve5irajxdziadlukke3 err=HttpError('InvalidRequest: Could not find repo: did:plc:uy4jrve5irajxdziadlukke3')
2026-02-26T15:55:50Z WARNING bsky_collector_v2.job.index_feed_generators: listRecords failed repo=did:plc:es4kaek6ligemold3w7b6cng err=HttpError('InvalidRequest: Could not find repo: did:plc:es4kaek6ligemold3w7b6cng')
2026-02-26T15:55:50Z WARNING bsky_collector_v2.job.index_feed_generators: listRecords failed repo=did:plc:ktzvqtogqfbenrhuzmdnzyq7 err=HttpError('InvalidRequest: Could not find repo: did:plc:ktzvqtogqfbenrhuzmdnzyq7')
2026-02-26T15:55:50Z WARNING bsky_collector_v2.job.index_feed_generators: listRecords failed repo=did:plc:utyomsxzdzfxsvxtqhxu5lu7 err=HttpError('InvalidRequest: Could not find repo: did:plc:utyomsxzdzfxsvxtqhxu5lu7')
2026-02-26T15:55:50Z WARNING bsky_collector_v2.job.index_feed_generators: listRecords failed repo=did:plc:uy4jrve5irajxdziadlukke3 err=HttpError('InvalidRequest: Could not find repo: did:plc:uy4jrve5irajxdziadlukke3')
2026-02-26T15:55:50Z WARNING bsky_collector_v2.job.index_feed_generators: listRecords failed repo=did:plc:es4kaek6ligemold3w7b6cng err=HttpError('InvalidRequest: Could not find repo: did:plc:es4kaek6ligemold3w7b6cng')
2026-02-26T15:55:50Z WARNING bsky_collector_v2.job.index_feed_generators: listRecords failed repo=did:plc:ktzvqtogqfbenrhuzmdnzyq7 err=HttpError('InvalidRequest: Could not find repo: did:plc:ktzvqtogqfbenrhuzmdnzyq7')
2026-02-26T15:55:50Z WARNING bsky_collector_v2.job.index_feed_generators: listRecords failed repo=did:plc:utyomsxzdzfxsvxtqhxu5lu7 err=HttpError('InvalidRequest: Could not find repo: did:plc:utyomsxzdzfxsvxtqhxu5lu7')
2026-02-26T15:55:51Z WARNING bsky_collector_v2.job.index_feed_generators: listRecords failed repo=did:plc:uy4jrve5irajxdziadlukke3 err=HttpError('InvalidRequest: Could not find repo: did:plc:uy4jrve5irajxdziadlukke3')
2026-02-26T15:55:51Z INFO bsky_collector_v2.job.index_feed_generators: enqueued repos page=21 mode=listRepos inserted=500 repos_returned=500 next_cursor=set
2026-02-26T15:56:04Z INFO bsky_collector_v2.job.index_feed_generators: indexed repo=did:plc:65w3gx7eeeca7zviap6z5ode part=753 records=3 next_cursor=set
2026-02-26T15:56:17Z WARNING bsky_collector_v2.job.index_feed_generators: listRecords failed repo=did:plc:cxvlpum33lhvawvj2kjhkczv err=HttpError('InvalidRequest: Could not find repo: did:plc:cxvlpum33lhvawvj2kjhkczv')
2026-02-26T15:56:22Z WARNING bsky_collector_v2.job.index_feed_generators: listRecords failed repo=did:plc:eyjfchb7yv5nxtlal23elcln err=HttpError('InvalidRequest: Could not find repo: did:plc:eyjfchb7yv5nxtlal23elcln')
2026-02-26T15:56:22Z WARNING bsky_collector_v2.job.index_feed_generators: listRecords failed repo=did:plc:fehglp2syf5kflux46svjxkh err=HttpError('InvalidRequest: Could not find repo: did:plc:fehglp2syf5kflux46svjxkh')
2026-02-26T15:56:43Z WARNING bsky_collector_v2.job.index_feed_generators: listRecords failed repo=did:plc:mik4p5g5ru5hbuaiwyx46e4h err=HttpError('InvalidRequest: Could not find repo: did:plc:mik4p5g5ru5hbuaiwyx46e4h')
2026-02-26T15:57:27Z WARNING bsky_collector_v2.job.index_feed_generators: listRecords failed repo=did:plc:cxvlpum33lhvawvj2kjhkczv err=HttpError('InvalidRequest: Could not find repo: did:plc:cxvlpum33lhvawvj2kjhkczv')
2026-02-26T15:57:27Z WARNING bsky_collector_v2.job.index_feed_generators: listRecords failed repo=did:plc:eyjfchb7yv5nxtlal23elcln err=HttpError('InvalidRequest: Could not find repo: did:plc:eyjfchb7yv5nxtlal23elcln')
2026-02-26T15:57:27Z WARNING bsky_collector_v2.job.index_feed_generators: listRecords failed repo=did:plc:fehglp2syf5kflux46svjxkh err=HttpError('InvalidRequest: Could not find repo: did:plc:fehglp2syf5kflux46svjxkh')
2026-02-26T15:57:27Z WARNING bsky_collector_v2.job.index_feed_generators: listRecords failed repo=did:plc:mik4p5g5ru5hbuaiwyx46e4h err=HttpError('InvalidRequest: Could not find repo: did:plc:mik4p5g5ru5hbuaiwyx46e4h')
2026-02-26T15:57:27Z WARNING bsky_collector_v2.job.index_feed_generators: listRecords failed repo=did:plc:cxvlpum33lhvawvj2kjhkczv err=HttpError('InvalidRequest: Could not find repo: did:plc:cxvlpum33lhvawvj2kjhkczv')
2026-02-26T15:57:27Z WARNING bsky_collector_v2.job.index_feed_generators: listRecords failed repo=did:plc:eyjfchb7yv5nxtlal23elcln err=HttpError('InvalidRequest: Could not find repo: did:plc:eyjfchb7yv5nxtlal23elcln')
2026-02-26T15:57:27Z WARNING bsky_collector_v2.job.index_feed_generators: listRecords failed repo=did:plc:fehglp2syf5kflux46svjxkh err=HttpError('InvalidRequest: Could not find repo: did:plc:fehglp2syf5kflux46svjxkh')
2026-02-26T15:57:28Z WARNING bsky_collector_v2.job.index_feed_generators: listRecords failed repo=did:plc:mik4p5g5ru5hbuaiwyx46e4h err=HttpError('InvalidRequest: Could not find repo: did:plc:mik4p5g5ru5hbuaiwyx46e4h')
2026-02-26T15:57:28Z INFO bsky_collector_v2.job.index_feed_generators: enqueued repos page=22 mode=listRepos inserted=500 repos_returned=500 next_cursor=set
2026-02-26T15:58:34Z INFO bsky_collector_v2.job.index_feed_generators: indexed repo=did:plc:lklfbtiqb23ll3rg66xeq4h4 part=754 records=1 next_cursor=set
2026-02-26T15:59:17Z INFO bsky_collector_v2.job.index_feed_generators: indexed repo=did:plc:zorpn5ozu6grsituspi4juzx part=755 records=1 next_cursor=set
2026-02-26T15:59:20Z INFO bsky_collector_v2.job.index_feed_generators: enqueued repos page=23 mode=listRepos inserted=500 repos_returned=500 next_cursor=set
2026-02-26T16:00:03Z WARNING bsky_collector_v2.job.index_feed_generators: listRecords failed repo=did:plc:iapblqhesfesonnjmohcq6xi err=HttpError('InvalidRequest: Could not find repo: did:plc:iapblqhesfesonnjmohcq6xi')
2026-02-26T16:00:12Z WARNING bsky_collector_v2.job.index_feed_generators: listRecords failed repo=did:plc:kophfsp4onl7golkjcwpqf5j err=HttpError('InvalidRequest: Could not find repo: did:plc:kophfsp4onl7golkjcwpqf5j')
2026-02-26T16:00:30Z WARNING bsky_collector_v2.job.index_feed_generators: listRecords failed repo=did:plc:qkhkl4g2mbjw5czg2zmzo566 err=HttpError('InvalidRequest: Could not find repo: did:plc:qkhkl4g2mbjw5czg2zmzo566')
2026-02-26T16:00:35Z WARNING bsky_collector_v2.job.index_feed_generators: listRecords failed repo=did:plc:skbrykq6o4anzzxos5ickqi7 err=HttpError('InvalidRequest: Could not find repo: did:plc:skbrykq6o4anzzxos5ickqi7')
2026-02-26T16:00:41Z INFO bsky_collector_v2.job.index_feed_generators: indexed repo=did:plc:ux3hnbikx2bktgqdgbt6q3zb part=756 records=1 next_cursor=set
2026-02-26T16:00:48Z WARNING bsky_collector_v2.job.index_feed_generators: listRecords failed repo=did:plc:xyeucv4qnyvgii2kcsxm2dkg err=HttpError('InvalidRequest: Could not find repo: did:plc:xyeucv4qnyvgii2kcsxm2dkg')
2026-02-26T16:00:56Z WARNING bsky_collector_v2.job.index_feed_generators: listRecords failed repo=did:plc:iapblqhesfesonnjmohcq6xi err=HttpError('InvalidRequest: Could not find repo: did:plc:iapblqhesfesonnjmohcq6xi')
2026-02-26T16:00:56Z WARNING bsky_collector_v2.job.index_feed_generators: listRecords failed repo=did:plc:kophfsp4onl7golkjcwpqf5j err=HttpError('InvalidRequest: Could not find repo: did:plc:kophfsp4onl7golkjcwpqf5j')
2026-02-26T16:00:56Z WARNING bsky_collector_v2.job.index_feed_generators: listRecords failed repo=did:plc:qkhkl4g2mbjw5czg2zmzo566 err=HttpError('InvalidRequest: Could not find repo: did:plc:qkhkl4g2mbjw5czg2zmzo566')
2026-02-26T16:00:56Z WARNING bsky_collector_v2.job.index_feed_generators: listRecords failed repo=did:plc:skbrykq6o4anzzxos5ickqi7 err=HttpError('InvalidRequest: Could not find repo: did:plc:skbrykq6o4anzzxos5ickqi7')
2026-02-26T16:00:56Z WARNING bsky_collector_v2.job.index_feed_generators: listRecords failed repo=did:plc:xyeucv4qnyvgii2kcsxm2dkg err=HttpError('InvalidRequest: Could not find repo: did:plc:xyeucv4qnyvgii2kcsxm2dkg')
2026-02-26T16:00:57Z WARNING bsky_collector_v2.job.index_feed_generators: listRecords failed repo=did:plc:iapblqhesfesonnjmohcq6xi err=HttpError('InvalidRequest: Could not find repo: did:plc:iapblqhesfesonnjmohcq6xi')
2026-02-26T16:00:57Z WARNING bsky_collector_v2.job.index_feed_generators: listRecords failed repo=did:plc:kophfsp4onl7golkjcwpqf5j err=HttpError('InvalidRequest: Could not find repo: did:plc:kophfsp4onl7golkjcwpqf5j')
2026-02-26T16:00:57Z WARNING bsky_collector_v2.job.index_feed_generators: listRecords failed repo=did:plc:qkhkl4g2mbjw5czg2zmzo566 err=HttpError('InvalidRequest: Could not find repo: did:plc:qkhkl4g2mbjw5czg2zmzo566')
2026-02-26T16:00:57Z WARNING bsky_collector_v2.job.index_feed_generators: listRecords failed repo=did:plc:skbrykq6o4anzzxos5ickqi7 err=HttpError('InvalidRequest: Could not find repo: did:plc:skbrykq6o4anzzxos5ickqi7')
2026-02-26T16:00:57Z WARNING bsky_collector_v2.job.index_feed_generators: listRecords failed repo=did:plc:xyeucv4qnyvgii2kcsxm2dkg err=HttpError('InvalidRequest: Could not find repo: did:plc:xyeucv4qnyvgii2kcsxm2dkg')
2026-02-26T16:00:57Z INFO bsky_collector_v2.job.index_feed_generators: enqueued repos page=24 mode=listRepos inserted=500 repos_returned=500 next_cursor=set
2026-02-26T16:01:23Z WARNING bsky_collector_v2.job.index_feed_generators: listRecords failed repo=did:plc:c46gzvlbc5edre4n33rlt3eg err=HttpError('InvalidRequest: Could not find repo: did:plc:c46gzvlbc5edre4n33rlt3eg')
2026-02-26T16:02:14Z INFO bsky_collector_v2.job.index_feed_generators: indexed repo=did:plc:t3h6nlymhlq34urh6zmyv3vu part=757 records=1 next_cursor=set
2026-02-26T16:02:36Z WARNING bsky_collector_v2.job.index_feed_generators: listRecords failed repo=did:plc:zmw237twzjxxbhrfmw2u5zen err=HttpError('InvalidRequest: Could not find repo: did:plc:zmw237twzjxxbhrfmw2u5zen')
2026-02-26T16:02:37Z WARNING bsky_collector_v2.job.index_feed_generators: listRecords failed repo=did:plc:c46gzvlbc5edre4n33rlt3eg err=HttpError('InvalidRequest: Could not find repo: did:plc:c46gzvlbc5edre4n33rlt3eg')
2026-02-26T16:02:38Z WARNING bsky_collector_v2.job.index_feed_generators: listRecords failed repo=did:plc:zmw237twzjxxbhrfmw2u5zen err=HttpError('InvalidRequest: Could not find repo: did:plc:zmw237twzjxxbhrfmw2u5zen')
2026-02-26T16:02:38Z WARNING bsky_collector_v2.job.index_feed_generators: listRecords failed repo=did:plc:c46gzvlbc5edre4n33rlt3eg err=HttpError('InvalidRequest: Could not find repo: did:plc:c46gzvlbc5edre4n33rlt3eg')
2026-02-26T16:02:38Z WARNING bsky_collector_v2.job.index_feed_generators: listRecords failed repo=did:plc:zmw237twzjxxbhrfmw2u5zen err=HttpError('InvalidRequest: Could not find repo: did:plc:zmw237twzjxxbhrfmw2u5zen')
2026-02-26T16:02:38Z INFO bsky_collector_v2.job.index_feed_generators: enqueued repos page=25 mode=listRepos inserted=500 repos_returned=500 next_cursor=set
2026-02-26T16:02:39Z WARNING bsky_collector_v2.job.index_feed_generators: listRecords failed repo=did:plc:2qnkhuq2rnughmla4jvz7xdl err=HttpError('InvalidRequest: Could not find repo: did:plc:2qnkhuq2rnughmla4jvz7xdl')
2026-02-26T16:02:54Z WARNING bsky_collector_v2.job.index_feed_generators: listRecords failed repo=did:plc:acaqektarssudv6xsar2ryvi err=HttpError('InvalidRequest: Could not find repo: did:plc:acaqektarssudv6xsar2ryvi')
2026-02-26T16:02:59Z INFO bsky_collector_v2.job.index_feed_generators: indexed repo=did:plc:bdz3rukvj4t4vc3d7xqny3jp part=758 records=2 next_cursor=set
2026-02-26T16:03:05Z WARNING bsky_collector_v2.job.index_feed_generators: listRecords failed repo=did:plc:d5xbsb6gpd2a5fyrnlq46jzz err=HttpError('InvalidRequest: Could not find repo: did:plc:d5xbsb6gpd2a5fyrnlq46jzz')
2026-02-26T16:03:31Z INFO bsky_collector_v2.job.index_feed_generators: indexed repo=did:plc:ibyoil2vxd6rcdf5x3partop part=759 records=2 next_cursor=set
2026-02-26T16:03:36Z INFO bsky_collector_v2.job.index_feed_generators: indexed repo=did:plc:jqtdlhcjwhf4hnadipwkrxhc part=760 records=1 next_cursor=set
2026-02-26T16:03:37Z INFO bsky_collector_v2.job.index_feed_generators: indexed repo=did:plc:jxvaky6ba7q6pri6u7vwu65o part=761 records=1 next_cursor=set
2026-02-26T16:04:24Z WARNING bsky_collector_v2.job.index_feed_generators: listRecords failed repo=did:plc:2qnkhuq2rnughmla4jvz7xdl err=HttpError('InvalidRequest: Could not find repo: did:plc:2qnkhuq2rnughmla4jvz7xdl')
2026-02-26T16:04:24Z WARNING bsky_collector_v2.job.index_feed_generators: listRecords failed repo=did:plc:acaqektarssudv6xsar2ryvi err=HttpError('InvalidRequest: Could not find repo: did:plc:acaqektarssudv6xsar2ryvi')
2026-02-26T16:04:24Z WARNING bsky_collector_v2.job.index_feed_generators: listRecords failed repo=did:plc:d5xbsb6gpd2a5fyrnlq46jzz err=HttpError('InvalidRequest: Could not find repo: did:plc:d5xbsb6gpd2a5fyrnlq46jzz')
2026-02-26T16:04:25Z WARNING bsky_collector_v2.job.index_feed_generators: listRecords failed repo=did:plc:2qnkhuq2rnughmla4jvz7xdl err=HttpError('InvalidRequest: Could not find repo: did:plc:2qnkhuq2rnughmla4jvz7xdl')
2026-02-26T16:04:25Z WARNING bsky_collector_v2.job.index_feed_generators: listRecords failed repo=did:plc:acaqektarssudv6xsar2ryvi err=HttpError('InvalidRequest: Could not find repo: did:plc:acaqektarssudv6xsar2ryvi')
2026-02-26T16:04:25Z WARNING bsky_collector_v2.job.index_feed_generators: listRecords failed repo=did:plc:d5xbsb6gpd2a5fyrnlq46jzz err=HttpError('InvalidRequest: Could not find repo: did:plc:d5xbsb6gpd2a5fyrnlq46jzz')
2026-02-26T16:04:25Z INFO bsky_collector_v2.job.index_feed_generators: enqueued repos page=26 mode=listRepos inserted=500 repos_returned=500 next_cursor=set
2026-02-26T16:05:55Z INFO bsky_collector_v2.job.index_feed_generators: indexed repo=did:plc:ugo72eoppu7xpgefctewghw3 part=762 records=1 next_cursor=set
2026-02-26T16:06:11Z INFO bsky_collector_v2.job.index_feed_generators: enqueued repos page=27 mode=listRepos inserted=500 repos_returned=500 next_cursor=set
2026-02-26T16:06:29Z INFO bsky_collector_v2.job.index_feed_generators: indexed repo=did:plc:7krxtpo6ldzyhx7invo7lesm part=763 records=1 next_cursor=set
2026-02-26T16:07:06Z WARNING bsky_collector_v2.job.index_feed_generators: listRecords failed repo=did:plc:i3e53gr5drvxjciupuaqkc3z err=HttpError('InvalidRequest: Could not find repo: did:plc:i3e53gr5drvxjciupuaqkc3z')
2026-02-26T16:07:17Z INFO bsky_collector_v2.job.index_feed_generators: indexed repo=did:plc:messwgwfzb66sffsc3thxr3x part=764 records=1 next_cursor=set
2026-02-26T16:07:26Z INFO bsky_collector_v2.job.index_feed_generators: indexed repo=did:plc:par5ykyw6y4sgokxl6oskn7w part=765 records=1 next_cursor=set
2026-02-26T16:07:28Z INFO bsky_collector_v2.job.index_feed_generators: indexed repo=did:plc:pzkojatcqcfmi4db5vurqjgt part=766 records=1 next_cursor=set
2026-02-26T16:07:40Z WARNING bsky_collector_v2.job.index_feed_generators: listRecords failed repo=did:plc:tvu43dbk7shrb7mh7fgiuxwu err=HttpError('InvalidRequest: Could not find repo: did:plc:tvu43dbk7shrb7mh7fgiuxwu')
2026-02-26T16:07:48Z INFO bsky_collector_v2.job.index_feed_generators: indexed repo=did:plc:xa55z32ffvu4vhrsww5i5lwr part=767 records=1 next_cursor=set
2026-02-26T16:07:56Z WARNING bsky_collector_v2.job.index_feed_generators: listRecords failed repo=did:plc:i3e53gr5drvxjciupuaqkc3z err=HttpError('InvalidRequest: Could not find repo: did:plc:i3e53gr5drvxjciupuaqkc3z')
2026-02-26T16:07:57Z WARNING bsky_collector_v2.job.index_feed_generators: listRecords failed repo=did:plc:tvu43dbk7shrb7mh7fgiuxwu err=HttpError('InvalidRequest: Could not find repo: did:plc:tvu43dbk7shrb7mh7fgiuxwu')
2026-02-26T16:07:57Z WARNING bsky_collector_v2.job.index_feed_generators: listRecords failed repo=did:plc:i3e53gr5drvxjciupuaqkc3z err=HttpError('InvalidRequest: Could not find repo: did:plc:i3e53gr5drvxjciupuaqkc3z')
2026-02-26T16:07:58Z WARNING bsky_collector_v2.job.index_feed_generators: listRecords failed repo=did:plc:tvu43dbk7shrb7mh7fgiuxwu err=HttpError('InvalidRequest: Could not find repo: did:plc:tvu43dbk7shrb7mh7fgiuxwu')
2026-02-26T16:07:58Z INFO bsky_collector_v2.job.index_feed_generators: enqueued repos page=28 mode=listRepos inserted=500 repos_returned=500 next_cursor=set
2026-02-26T16:08:02Z INFO bsky_collector_v2.job.index_feed_generators: indexed repo=did:plc:34akjvno7ybw4zbubwpfhw3i part=768 records=2 next_cursor=set
2026-02-26T16:08:20Z INFO bsky_collector_v2.job.index_feed_generators: indexed repo=did:plc:bkf7d4gm2stbyajuqprfl7b3 part=769 records=1 next_cursor=set
2026-02-26T16:08:21Z WARNING bsky_collector_v2.job.index_feed_generators: listRecords failed repo=did:plc:bpd3xivahu4aiy3abndxflej err=HttpError('InvalidRequest: Could not find repo: did:plc:bpd3xivahu4aiy3abndxflej')
2026-02-26T16:08:43Z INFO bsky_collector_v2.job.index_feed_generators: indexed repo=did:plc:hubsidslqxbfmzokmxkybnxr part=770 records=1 next_cursor=set
2026-02-26T16:08:50Z WARNING bsky_collector_v2.job.index_feed_generators: listRecords failed repo=did:plc:jpj4b4mripquw4dde2a53lya err=HttpError('InvalidRequest: Could not find repo: did:plc:jpj4b4mripquw4dde2a53lya')
2026-02-26T16:09:06Z INFO bsky_collector_v2.job.index_feed_generators: indexed repo=did:plc:o4bomitaodxszbhuwsszbov5 part=771 records=1 next_cursor=set
2026-02-26T16:09:07Z WARNING bsky_collector_v2.job.index_feed_generators: listRecords failed repo=did:plc:obkhhywiweuswbuegy3uc47m err=HttpError('InvalidRequest: Could not find repo: did:plc:obkhhywiweuswbuegy3uc47m')
2026-02-26T16:09:42Z INFO bsky_collector_v2.job.index_feed_generators: indexed repo=did:plc:yjue75vishl6tmlkvlrgd43y part=772 records=1 next_cursor=set
2026-02-26T16:09:46Z WARNING bsky_collector_v2.job.index_feed_generators: listRecords failed repo=did:plc:bpd3xivahu4aiy3abndxflej err=HttpError('InvalidRequest: Could not find repo: did:plc:bpd3xivahu4aiy3abndxflej')
2026-02-26T16:09:46Z WARNING bsky_collector_v2.job.index_feed_generators: listRecords failed repo=did:plc:jpj4b4mripquw4dde2a53lya err=HttpError('InvalidRequest: Could not find repo: did:plc:jpj4b4mripquw4dde2a53lya')
2026-02-26T16:09:47Z WARNING bsky_collector_v2.job.index_feed_generators: listRecords failed repo=did:plc:obkhhywiweuswbuegy3uc47m err=HttpError('InvalidRequest: Could not find repo: did:plc:obkhhywiweuswbuegy3uc47m')
2026-02-26T16:09:47Z WARNING bsky_collector_v2.job.index_feed_generators: listRecords failed repo=did:plc:bpd3xivahu4aiy3abndxflej err=HttpError('InvalidRequest: Could not find repo: did:plc:bpd3xivahu4aiy3abndxflej')
2026-02-26T16:09:47Z WARNING bsky_collector_v2.job.index_feed_generators: listRecords failed repo=did:plc:jpj4b4mripquw4dde2a53lya err=HttpError('InvalidRequest: Could not find repo: did:plc:jpj4b4mripquw4dde2a53lya')
2026-02-26T16:09:47Z WARNING bsky_collector_v2.job.index_feed_generators: listRecords failed repo=did:plc:obkhhywiweuswbuegy3uc47m err=HttpError('InvalidRequest: Could not find repo: did:plc:obkhhywiweuswbuegy3uc47m')
2026-02-26T16:09:48Z INFO bsky_collector_v2.job.index_feed_generators: enqueued repos page=29 mode=listRepos inserted=500 repos_returned=500 next_cursor=set
2026-02-26T16:09:49Z WARNING bsky_collector_v2.job.index_feed_generators: listRecords failed repo=did:plc:26u6aaw3wz4u5xn4xtwahzai err=HttpError('InvalidRequest: Could not find repo: did:plc:26u6aaw3wz4u5xn4xtwahzai')
2026-02-26T16:11:21Z WARNING bsky_collector_v2.job.index_feed_generators: listRecords failed repo=did:plc:sa2twh3bfdm6icarttdmnr7g err=HttpError('InvalidRequest: Could not find repo: did:plc:sa2twh3bfdm6icarttdmnr7g')
2026-02-26T16:11:26Z WARNING bsky_collector_v2.job.index_feed_generators: listRecords failed repo=did:plc:uovcjfxu675qlakebvqv2yqi err=HttpError('InvalidRequest: Could not find repo: did:plc:uovcjfxu675qlakebvqv2yqi')
2026-02-26T16:11:31Z WARNING bsky_collector_v2.job.index_feed_generators: listRecords failed repo=did:plc:w2xvtp2gk5o5joyqt35xyk33 err=HttpError('InvalidRequest: Could not find repo: did:plc:w2xvtp2gk5o5joyqt35xyk33')
2026-02-26T16:11:44Z WARNING bsky_collector_v2.job.index_feed_generators: listRecords failed repo=did:plc:26u6aaw3wz4u5xn4xtwahzai err=HttpError('InvalidRequest: Could not find repo: did:plc:26u6aaw3wz4u5xn4xtwahzai')
2026-02-26T16:11:45Z WARNING bsky_collector_v2.job.index_feed_generators: listRecords failed repo=did:plc:sa2twh3bfdm6icarttdmnr7g err=HttpError('InvalidRequest: Could not find repo: did:plc:sa2twh3bfdm6icarttdmnr7g')
2026-02-26T16:11:45Z WARNING bsky_collector_v2.job.index_feed_generators: listRecords failed repo=did:plc:uovcjfxu675qlakebvqv2yqi err=HttpError('InvalidRequest: Could not find repo: did:plc:uovcjfxu675qlakebvqv2yqi')
2026-02-26T16:11:45Z WARNING bsky_collector_v2.job.index_feed_generators: listRecords failed repo=did:plc:w2xvtp2gk5o5joyqt35xyk33 err=HttpError('InvalidRequest: Could not find repo: did:plc:w2xvtp2gk5o5joyqt35xyk33')
2026-02-26T16:11:45Z WARNING bsky_collector_v2.job.index_feed_generators: listRecords failed repo=did:plc:26u6aaw3wz4u5xn4xtwahzai err=HttpError('InvalidRequest: Could not find repo: did:plc:26u6aaw3wz4u5xn4xtwahzai')
2026-02-26T16:11:45Z WARNING bsky_collector_v2.job.index_feed_generators: listRecords failed repo=did:plc:sa2twh3bfdm6icarttdmnr7g err=HttpError('InvalidRequest: Could not find repo: did:plc:sa2twh3bfdm6icarttdmnr7g')
2026-02-26T16:11:45Z WARNING bsky_collector_v2.job.index_feed_generators: listRecords failed repo=did:plc:uovcjfxu675qlakebvqv2yqi err=HttpError('InvalidRequest: Could not find repo: did:plc:uovcjfxu675qlakebvqv2yqi')
2026-02-26T16:11:45Z WARNING bsky_collector_v2.job.index_feed_generators: listRecords failed repo=did:plc:w2xvtp2gk5o5joyqt35xyk33 err=HttpError('InvalidRequest: Could not find repo: did:plc:w2xvtp2gk5o5joyqt35xyk33')
2026-02-26T16:11:46Z INFO bsky_collector_v2.job.index_feed_generators: enqueued repos page=30 mode=listRepos inserted=500 repos_returned=500 next_cursor=set
2026-02-26T16:12:00Z WARNING bsky_collector_v2.job.index_feed_generators: listRecords failed repo=did:plc:6grgqcr5qkoqct4iaod4hl7d err=HttpError('InvalidRequest: Could not find repo: did:plc:6grgqcr5qkoqct4iaod4hl7d')
2026-02-26T16:12:05Z WARNING bsky_collector_v2.job.index_feed_generators: listRecords failed repo=did:plc:7kj6azgcnrypfndta25u7xif err=HttpError('InvalidRequest: Could not find repo: did:plc:7kj6azgcnrypfndta25u7xif')
2026-02-26T16:12:53Z WARNING bsky_collector_v2.job.index_feed_generators: listRecords failed repo=did:plc:ls4qjiwjlt6hgju2f24t6yjv err=HttpError('InvalidRequest: Could not find repo: did:plc:ls4qjiwjlt6hgju2f24t6yjv')
