2026-03-15T22:48:41Z INFO bsky_collector_v2: out_base ok path=/Volumes/T9/BlueSky/data_v2_full mount=/Volumes/T9
2026-03-15T22:48:41Z INFO bsky_collector_v2: job start subcommand=index-feed-generators dry_run=False resume=True
2026-03-15T22:48:41Z INFO bsky_collector_v2.job.index_feed_generators: feed generator index hosts relay_host=https://bsky.network records_host=https://bsky.social auth=yes
2026-03-15T22:48:44Z INFO bsky_collector_v2.job.index_feed_generators: enqueued repos page=1 mode=listRepos inserted=500 repos_returned=500 next_cursor=set
2026-03-15T22:48:52Z WARNING bsky_collector_v2.job.index_feed_generators: listRecords failed repo=did:plc:5wr3mlupmrifigtaxsgvvsyo err=HttpError('InvalidRequest: Could not find repo: did:plc:5wr3mlupmrifigtaxsgvvsyo')
2026-03-15T22:49:17Z WARNING bsky_collector_v2.job.index_feed_generators: listRecords failed repo=did:plc:hhchipdti6hiaadliccieury err=HttpError('InvalidRequest: Could not find repo: did:plc:hhchipdti6hiaadliccieury')
2026-03-15T22:49:21Z WARNING bsky_collector_v2.job.index_feed_generators: listRecords failed repo=did:plc:j5pjqselmyxeoxjncgtd6an7 err=HttpError('InvalidRequest: Could not find repo: did:plc:j5pjqselmyxeoxjncgtd6an7')
2026-03-15T22:49:42Z WARNING bsky_collector_v2.job.index_feed_generators: listRecords failed repo=did:plc:rmkmezlqbqdipe6xygxmo7ly err=HttpError('InvalidRequest: Could not find repo: did:plc:rmkmezlqbqdipe6xygxmo7ly')
2026-03-15T22:49:54Z WARNING bsky_collector_v2.job.index_feed_generators: listRecords failed repo=did:plc:wbmxkih4x27yfvmowh7a7fth err=HttpError('InvalidRequest: Could not find repo: did:plc:wbmxkih4x27yfvmowh7a7fth')
2026-03-15T22:50:05Z WARNING bsky_collector_v2.job.index_feed_generators: listRecords failed repo=did:plc:5wr3mlupmrifigtaxsgvvsyo err=HttpError('InvalidRequest: Could not find repo: did:plc:5wr3mlupmrifigtaxsgvvsyo')
2026-03-15T22:50:05Z WARNING bsky_collector_v2.job.index_feed_generators: listRecords failed repo=did:plc:hhchipdti6hiaadliccieury err=HttpError('InvalidRequest: Could not find repo: did:plc:hhchipdti6hiaadliccieury')
2026-03-15T22:50:05Z WARNING bsky_collector_v2.job.index_feed_generators: listRecords failed repo=did:plc:j5pjqselmyxeoxjncgtd6an7 err=HttpError('InvalidRequest: Could not find repo: did:plc:j5pjqselmyxeoxjncgtd6an7')
2026-03-15T22:50:05Z WARNING bsky_collector_v2.job.index_feed_generators: listRecords failed repo=did:plc:rmkmezlqbqdipe6xygxmo7ly err=HttpError('InvalidRequest: Could not find repo: did:plc:rmkmezlqbqdipe6xygxmo7ly')
2026-03-15T22:50:05Z WARNING bsky_collector_v2.job.index_feed_generators: listRecords failed repo=did:plc:wbmxkih4x27yfvmowh7a7fth err=HttpError('InvalidRequest: Could not find repo: did:plc:wbmxkih4x27yfvmowh7a7fth')
2026-03-15T22:50:05Z WARNING bsky_collector_v2.job.index_feed_generators: listRecords failed repo=did:plc:5wr3mlupmrifigtaxsgvvsyo err=HttpError('InvalidRequest: Could not find repo: did:plc:5wr3mlupmrifigtaxsgvvsyo')
2026-03-15T22:50:05Z WARNING bsky_collector_v2.job.index_feed_generators: listRecords failed repo=did:plc:hhchipdti6hiaadliccieury err=HttpError('InvalidRequest: Could not find repo: did:plc:hhchipdti6hiaadliccieury')
2026-03-15T22:50:05Z WARNING bsky_collector_v2.job.index_feed_generators: listRecords failed repo=did:plc:j5pjqselmyxeoxjncgtd6an7 err=HttpError('InvalidRequest: Could not find repo: did:plc:j5pjqselmyxeoxjncgtd6an7')
2026-03-15T22:50:05Z WARNING bsky_collector_v2.job.index_feed_generators: listRecords failed repo=did:plc:rmkmezlqbqdipe6xygxmo7ly err=HttpError('InvalidRequest: Could not find repo: did:plc:rmkmezlqbqdipe6xygxmo7ly')
2026-03-15T22:50:06Z WARNING bsky_collector_v2.job.index_feed_generators: listRecords failed repo=did:plc:wbmxkih4x27yfvmowh7a7fth err=HttpError('InvalidRequest: Could not find repo: did:plc:wbmxkih4x27yfvmowh7a7fth')
2026-03-15T22:50:06Z INFO bsky_collector_v2.job.index_feed_generators: enqueued repos page=2 mode=listRepos inserted=500 repos_returned=500 next_cursor=set
2026-03-15T22:51:34Z INFO bsky_collector_v2.job.index_feed_generators: enqueued repos page=3 mode=listRepos inserted=500 repos_returned=500 next_cursor=set
2026-03-15T22:51:40Z WARNING bsky_collector_v2.job.index_feed_generators: listRecords failed repo=did:plc:4dtxidnn22degub2zukf7oqc err=HttpError('InvalidRequest: Could not find repo: did:plc:4dtxidnn22degub2zukf7oqc')
2026-03-15T22:52:03Z WARNING bsky_collector_v2.job.index_feed_generators: listRecords failed repo=did:plc:emvcuoro6vwduehmmcknkpxn err=HttpError('InvalidRequest: Could not find repo: did:plc:emvcuoro6vwduehmmcknkpxn')
2026-03-15T22:52:48Z WARNING bsky_collector_v2.job.index_feed_generators: listRecords failed repo=did:plc:tzgvnbbx32tckfbnpza6ybqq err=HttpError('InvalidRequest: Could not find repo: did:plc:tzgvnbbx32tckfbnpza6ybqq')
2026-03-15T22:53:04Z WARNING bsky_collector_v2.job.index_feed_generators: listRecords failed repo=did:plc:4dtxidnn22degub2zukf7oqc err=HttpError('InvalidRequest: Could not find repo: did:plc:4dtxidnn22degub2zukf7oqc')
2026-03-15T22:53:04Z WARNING bsky_collector_v2.job.index_feed_generators: listRecords failed repo=did:plc:emvcuoro6vwduehmmcknkpxn err=HttpError('InvalidRequest: Could not find repo: did:plc:emvcuoro6vwduehmmcknkpxn')
2026-03-15T22:53:04Z WARNING bsky_collector_v2.job.index_feed_generators: listRecords failed repo=did:plc:tzgvnbbx32tckfbnpza6ybqq err=HttpError('InvalidRequest: Could not find repo: did:plc:tzgvnbbx32tckfbnpza6ybqq')
2026-03-15T22:53:04Z WARNING bsky_collector_v2.job.index_feed_generators: listRecords failed repo=did:plc:4dtxidnn22degub2zukf7oqc err=HttpError('InvalidRequest: Could not find repo: did:plc:4dtxidnn22degub2zukf7oqc')
2026-03-15T22:53:04Z WARNING bsky_collector_v2.job.index_feed_generators: listRecords failed repo=did:plc:emvcuoro6vwduehmmcknkpxn err=HttpError('InvalidRequest: Could not find repo: did:plc:emvcuoro6vwduehmmcknkpxn')
2026-03-15T22:53:04Z WARNING bsky_collector_v2.job.index_feed_generators: listRecords failed repo=did:plc:tzgvnbbx32tckfbnpza6ybqq err=HttpError('InvalidRequest: Could not find repo: did:plc:tzgvnbbx32tckfbnpza6ybqq')
2026-03-15T22:53:05Z INFO bsky_collector_v2.job.index_feed_generators: enqueued repos page=4 mode=listRepos inserted=500 repos_returned=500 next_cursor=set
2026-03-15T22:53:16Z WARNING bsky_collector_v2.job.index_feed_generators: listRecords failed repo=did:plc:4mnb6swod2yh2j2wjfdzxrey err=HttpError('InvalidRequest: Could not find repo: did:plc:4mnb6swod2yh2j2wjfdzxrey')
2026-03-15T22:53:48Z INFO bsky_collector_v2.job.index_feed_generators: indexed repo=did:plc:fq57eybkv5ypxbm4eafjl3hn part=311 records=1 next_cursor=set
2026-03-15T22:54:01Z WARNING bsky_collector_v2.job.index_feed_generators: listRecords failed repo=did:plc:ld4zbk3offb3xyp6yw6xhpjb err=HttpError('InvalidRequest: Could not find repo: did:plc:ld4zbk3offb3xyp6yw6xhpjb')
2026-03-15T22:54:09Z WARNING bsky_collector_v2.job.index_feed_generators: listRecords failed repo=did:plc:p5cdjzzpo6pufldchvxt7mhi err=HttpError('InvalidRequest: Could not find repo: did:plc:p5cdjzzpo6pufldchvxt7mhi')
2026-03-15T22:54:16Z WARNING bsky_collector_v2.job.index_feed_generators: listRecords failed repo=did:plc:rukkr6q7324hdsehi2lzilct err=HttpError('InvalidRequest: Could not find repo: did:plc:rukkr6q7324hdsehi2lzilct')
2026-03-15T22:54:38Z WARNING bsky_collector_v2.job.index_feed_generators: listRecords failed repo=did:plc:4mnb6swod2yh2j2wjfdzxrey err=HttpError('InvalidRequest: Could not find repo: did:plc:4mnb6swod2yh2j2wjfdzxrey')
2026-03-15T22:54:38Z WARNING bsky_collector_v2.job.index_feed_generators: listRecords failed repo=did:plc:ld4zbk3offb3xyp6yw6xhpjb err=HttpError('InvalidRequest: Could not find repo: did:plc:ld4zbk3offb3xyp6yw6xhpjb')
2026-03-15T22:54:38Z WARNING bsky_collector_v2.job.index_feed_generators: listRecords failed repo=did:plc:p5cdjzzpo6pufldchvxt7mhi err=HttpError('InvalidRequest: Could not find repo: did:plc:p5cdjzzpo6pufldchvxt7mhi')
2026-03-15T22:54:38Z WARNING bsky_collector_v2.job.index_feed_generators: listRecords failed repo=did:plc:rukkr6q7324hdsehi2lzilct err=HttpError('InvalidRequest: Could not find repo: did:plc:rukkr6q7324hdsehi2lzilct')
2026-03-15T22:54:39Z WARNING bsky_collector_v2.job.index_feed_generators: listRecords failed repo=did:plc:4mnb6swod2yh2j2wjfdzxrey err=HttpError('InvalidRequest: Could not find repo: did:plc:4mnb6swod2yh2j2wjfdzxrey')
2026-03-15T22:54:39Z WARNING bsky_collector_v2.job.index_feed_generators: listRecords failed repo=did:plc:ld4zbk3offb3xyp6yw6xhpjb err=HttpError('InvalidRequest: Could not find repo: did:plc:ld4zbk3offb3xyp6yw6xhpjb')
2026-03-15T22:54:39Z WARNING bsky_collector_v2.job.index_feed_generators: listRecords failed repo=did:plc:p5cdjzzpo6pufldchvxt7mhi err=HttpError('InvalidRequest: Could not find repo: did:plc:p5cdjzzpo6pufldchvxt7mhi')
2026-03-15T22:54:39Z WARNING bsky_collector_v2.job.index_feed_generators: listRecords failed repo=did:plc:rukkr6q7324hdsehi2lzilct err=HttpError('InvalidRequest: Could not find repo: did:plc:rukkr6q7324hdsehi2lzilct')
2026-03-15T22:54:39Z INFO bsky_collector_v2.job.index_feed_generators: enqueued repos page=5 mode=listRepos inserted=500 repos_returned=500 next_cursor=set
2026-03-15T22:55:14Z INFO bsky_collector_v2.job.index_feed_generators: indexed repo=did:plc:ga56t452uhjf6mj7trtdgoz4 part=312 records=1 next_cursor=set
2026-03-15T22:56:18Z INFO bsky_collector_v2.job.index_feed_generators: enqueued repos page=6 mode=listRepos inserted=500 repos_returned=500 next_cursor=set
2026-03-15T22:56:18Z INFO bsky_collector_v2.job.index_feed_generators: indexed repo=did:plc:23uxythkyfql7p2gnreplxkl part=313 records=1 next_cursor=set
2026-03-15T22:56:19Z WARNING bsky_collector_v2.job.index_feed_generators: listRecords failed repo=did:plc:2hcnk7zrjk54jntiewgk5ey4 err=HttpError('InvalidRequest: Could not find repo: did:plc:2hcnk7zrjk54jntiewgk5ey4')
2026-03-15T22:56:41Z INFO bsky_collector_v2.job.index_feed_generators: indexed repo=did:plc:boye7hsbw6web6editggrdtg part=314 records=3 next_cursor=set
2026-03-15T22:57:03Z WARNING bsky_collector_v2.job.index_feed_generators: listRecords failed repo=did:plc:lrag7evpfv6s2rbvl4pzz7dc err=HttpError('InvalidRequest: Could not find repo: did:plc:lrag7evpfv6s2rbvl4pzz7dc')
2026-03-15T22:57:40Z WARNING bsky_collector_v2.job.index_feed_generators: listRecords failed repo=did:plc:2hcnk7zrjk54jntiewgk5ey4 err=HttpError('InvalidRequest: Could not find repo: did:plc:2hcnk7zrjk54jntiewgk5ey4')
2026-03-15T22:57:40Z WARNING bsky_collector_v2.job.index_feed_generators: listRecords failed repo=did:plc:lrag7evpfv6s2rbvl4pzz7dc err=HttpError('InvalidRequest: Could not find repo: did:plc:lrag7evpfv6s2rbvl4pzz7dc')
2026-03-15T22:57:40Z WARNING bsky_collector_v2.job.index_feed_generators: listRecords failed repo=did:plc:2hcnk7zrjk54jntiewgk5ey4 err=HttpError('InvalidRequest: Could not find repo: did:plc:2hcnk7zrjk54jntiewgk5ey4')
2026-03-15T22:57:40Z WARNING bsky_collector_v2.job.index_feed_generators: listRecords failed repo=did:plc:lrag7evpfv6s2rbvl4pzz7dc err=HttpError('InvalidRequest: Could not find repo: did:plc:lrag7evpfv6s2rbvl4pzz7dc')
2026-03-15T22:57:41Z INFO bsky_collector_v2.job.index_feed_generators: enqueued repos page=7 mode=listRepos inserted=500 repos_returned=500 next_cursor=set
2026-03-15T22:57:43Z WARNING bsky_collector_v2.job.index_feed_generators: listRecords failed repo=did:plc:2ojdxxv5bq7vrgln34bb57lo err=HttpError('InvalidRequest: Could not find repo: did:plc:2ojdxxv5bq7vrgln34bb57lo')
2026-03-15T22:59:06Z INFO bsky_collector_v2.job.index_feed_generators: indexed repo=did:plc:zfjxnoux7r7wqbljoujldby7 part=315 records=1 next_cursor=set
2026-03-15T22:59:07Z WARNING bsky_collector_v2.job.index_feed_generators: listRecords failed repo=did:plc:2ojdxxv5bq7vrgln34bb57lo err=HttpError('InvalidRequest: Could not find repo: did:plc:2ojdxxv5bq7vrgln34bb57lo')
2026-03-15T22:59:07Z WARNING bsky_collector_v2.job.index_feed_generators: listRecords failed repo=did:plc:2ojdxxv5bq7vrgln34bb57lo err=HttpError('InvalidRequest: Could not find repo: did:plc:2ojdxxv5bq7vrgln34bb57lo')
2026-03-15T22:59:08Z INFO bsky_collector_v2.job.index_feed_generators: enqueued repos page=8 mode=listRepos inserted=500 repos_returned=500 next_cursor=set
2026-03-15T22:59:57Z INFO bsky_collector_v2.job.index_feed_generators: indexed repo=did:plc:mpzokbehqp7pwyw7bijampji part=316 records=1 next_cursor=set
2026-03-15T23:00:01Z INFO bsky_collector_v2.job.index_feed_generators: indexed repo=did:plc:nmedxrfu2u34u6otlkbzf5jg part=317 records=1 next_cursor=set
2026-03-15T23:00:12Z INFO bsky_collector_v2.job.index_feed_generators: indexed repo=did:plc:ssroibbkpqct2tsr7hjxhkal part=318 records=2 next_cursor=set
2026-03-15T23:00:31Z INFO bsky_collector_v2.job.index_feed_generators: enqueued repos page=9 mode=listRepos inserted=500 repos_returned=500 next_cursor=set
2026-03-15T23:01:40Z WARNING bsky_collector_v2.job.index_feed_generators: listRecords failed repo=did:plc:sfzdwr3freyo7sb2h2ag6rs5 err=HttpError('InvalidRequest: Could not find repo: did:plc:sfzdwr3freyo7sb2h2ag6rs5')
2026-03-15T23:01:56Z WARNING bsky_collector_v2.job.index_feed_generators: listRecords failed repo=did:plc:sfzdwr3freyo7sb2h2ag6rs5 err=HttpError('InvalidRequest: Could not find repo: did:plc:sfzdwr3freyo7sb2h2ag6rs5')
2026-03-15T23:01:57Z WARNING bsky_collector_v2.job.index_feed_generators: listRecords failed repo=did:plc:sfzdwr3freyo7sb2h2ag6rs5 err=HttpError('InvalidRequest: Could not find repo: did:plc:sfzdwr3freyo7sb2h2ag6rs5')
2026-03-15T23:01:57Z INFO bsky_collector_v2.job.index_feed_generators: enqueued repos page=10 mode=listRepos inserted=500 repos_returned=500 next_cursor=set
2026-03-15T23:02:21Z INFO bsky_collector_v2.job.index_feed_generators: indexed repo=did:plc:df7lzpeispgep2fap4wcwvcr part=319 records=1 next_cursor=set
2026-03-15T23:02:30Z WARNING bsky_collector_v2.job.index_feed_generators: listRecords failed repo=did:plc:hkvumdtandx4av4rmgxenoew err=HttpError('InvalidRequest: Could not find repo: did:plc:hkvumdtandx4av4rmgxenoew')
2026-03-15T23:02:47Z WARNING bsky_collector_v2.job.index_feed_generators: listRecords failed repo=did:plc:nytf7zhb22miyad5qkklfztn err=HttpError('InvalidRequest: Could not find repo: did:plc:nytf7zhb22miyad5qkklfztn')
2026-03-15T23:03:22Z WARNING bsky_collector_v2.job.index_feed_generators: listRecords failed repo=did:plc:hkvumdtandx4av4rmgxenoew err=HttpError('InvalidRequest: Could not find repo: did:plc:hkvumdtandx4av4rmgxenoew')
2026-03-15T23:03:22Z WARNING bsky_collector_v2.job.index_feed_generators: listRecords failed repo=did:plc:nytf7zhb22miyad5qkklfztn err=HttpError('InvalidRequest: Could not find repo: did:plc:nytf7zhb22miyad5qkklfztn')
2026-03-15T23:03:22Z WARNING bsky_collector_v2.job.index_feed_generators: listRecords failed repo=did:plc:hkvumdtandx4av4rmgxenoew err=HttpError('InvalidRequest: Could not find repo: did:plc:hkvumdtandx4av4rmgxenoew')
2026-03-15T23:03:22Z WARNING bsky_collector_v2.job.index_feed_generators: listRecords failed repo=did:plc:nytf7zhb22miyad5qkklfztn err=HttpError('InvalidRequest: Could not find repo: did:plc:nytf7zhb22miyad5qkklfztn')
2026-03-15T23:03:23Z INFO bsky_collector_v2.job.index_feed_generators: enqueued repos page=11 mode=listRepos inserted=500 repos_returned=500 next_cursor=set
2026-03-15T23:04:16Z WARNING bsky_collector_v2.job.index_feed_generators: listRecords failed repo=did:plc:ltfd26vbxd5lhdndrwiepsnf err=HttpError('InvalidRequest: Could not find repo: did:plc:ltfd26vbxd5lhdndrwiepsnf')
2026-03-15T23:04:16Z WARNING bsky_collector_v2.job.index_feed_generators: listRecords failed repo=did:plc:lxqh7n7qpqgbe7sakkaf2kvp err=HttpError('InvalidRequest: Could not find repo: did:plc:lxqh7n7qpqgbe7sakkaf2kvp')
2026-03-15T23:04:29Z WARNING bsky_collector_v2.job.index_feed_generators: listRecords failed repo=did:plc:ramrm4kpsdbu2jyqs4t36h27 err=HttpError('InvalidRequest: Could not find repo: did:plc:ramrm4kpsdbu2jyqs4t36h27')
2026-03-15T23:04:38Z WARNING bsky_collector_v2.job.index_feed_generators: listRecords failed repo=did:plc:v6ry3442j4kinbpvyf5izdmr err=HttpError('InvalidRequest: Could not find repo: did:plc:v6ry3442j4kinbpvyf5izdmr')
2026-03-15T23:04:47Z WARNING bsky_collector_v2.job.index_feed_generators: listRecords failed repo=did:plc:ltfd26vbxd5lhdndrwiepsnf err=HttpError('InvalidRequest: Could not find repo: did:plc:ltfd26vbxd5lhdndrwiepsnf')
2026-03-15T23:04:47Z WARNING bsky_collector_v2.job.index_feed_generators: listRecords failed repo=did:plc:lxqh7n7qpqgbe7sakkaf2kvp err=HttpError('InvalidRequest: Could not find repo: did:plc:lxqh7n7qpqgbe7sakkaf2kvp')
2026-03-15T23:04:47Z WARNING bsky_collector_v2.job.index_feed_generators: listRecords failed repo=did:plc:ramrm4kpsdbu2jyqs4t36h27 err=HttpError('InvalidRequest: Could not find repo: did:plc:ramrm4kpsdbu2jyqs4t36h27')
2026-03-15T23:04:47Z WARNING bsky_collector_v2.job.index_feed_generators: listRecords failed repo=did:plc:v6ry3442j4kinbpvyf5izdmr err=HttpError('InvalidRequest: Could not find repo: did:plc:v6ry3442j4kinbpvyf5izdmr')
2026-03-15T23:04:48Z WARNING bsky_collector_v2.job.index_feed_generators: listRecords failed repo=did:plc:ltfd26vbxd5lhdndrwiepsnf err=HttpError('InvalidRequest: Could not find repo: did:plc:ltfd26vbxd5lhdndrwiepsnf')
2026-03-15T23:04:48Z WARNING bsky_collector_v2.job.index_feed_generators: listRecords failed repo=did:plc:lxqh7n7qpqgbe7sakkaf2kvp err=HttpError('InvalidRequest: Could not find repo: did:plc:lxqh7n7qpqgbe7sakkaf2kvp')
2026-03-15T23:04:48Z WARNING bsky_collector_v2.job.index_feed_generators: listRecords failed repo=did:plc:ramrm4kpsdbu2jyqs4t36h27 err=HttpError('InvalidRequest: Could not find repo: did:plc:ramrm4kpsdbu2jyqs4t36h27')
2026-03-15T23:04:48Z WARNING bsky_collector_v2.job.index_feed_generators: listRecords failed repo=did:plc:v6ry3442j4kinbpvyf5izdmr err=HttpError('InvalidRequest: Could not find repo: did:plc:v6ry3442j4kinbpvyf5izdmr')
2026-03-15T23:04:48Z INFO bsky_collector_v2.job.index_feed_generators: enqueued repos page=12 mode=listRepos inserted=500 repos_returned=500 next_cursor=set
2026-03-15T23:06:26Z INFO bsky_collector_v2.job.index_feed_generators: enqueued repos page=13 mode=listRepos inserted=500 repos_returned=500 next_cursor=set
2026-03-15T23:07:25Z WARNING bsky_collector_v2.job.index_feed_generators: listRecords failed repo=did:plc:r67puh6m4potgcofutuxhtui err=HttpError('InvalidRequest: Could not find repo: did:plc:r67puh6m4potgcofutuxhtui')
2026-03-15T23:07:47Z WARNING bsky_collector_v2.job.index_feed_generators: listRecords failed repo=did:plc:r67puh6m4potgcofutuxhtui err=HttpError('InvalidRequest: Could not find repo: did:plc:r67puh6m4potgcofutuxhtui')
2026-03-15T23:07:47Z WARNING bsky_collector_v2.job.index_feed_generators: listRecords failed repo=did:plc:r67puh6m4potgcofutuxhtui err=HttpError('InvalidRequest: Could not find repo: did:plc:r67puh6m4potgcofutuxhtui')
2026-03-15T23:07:48Z INFO bsky_collector_v2.job.index_feed_generators: enqueued repos page=14 mode=listRepos inserted=500 repos_returned=500 next_cursor=set
2026-03-15T23:08:17Z INFO bsky_collector_v2.job.index_feed_generators: indexed repo=did:plc:fo5hl5hno7cy4nx6qew2pefq part=320 records=1 next_cursor=set
2026-03-15T23:08:51Z WARNING bsky_collector_v2.job.index_feed_generators: listRecords failed repo=did:plc:rwcsyqm5ldi6v5vp6imejvju err=HttpError('InvalidRequest: Could not find repo: did:plc:rwcsyqm5ldi6v5vp6imejvju')
2026-03-15T23:09:16Z WARNING bsky_collector_v2.job.index_feed_generators: listRecords failed repo=did:plc:rwcsyqm5ldi6v5vp6imejvju err=HttpError('InvalidRequest: Could not find repo: did:plc:rwcsyqm5ldi6v5vp6imejvju')
2026-03-15T23:09:17Z WARNING bsky_collector_v2.job.index_feed_generators: listRecords failed repo=did:plc:rwcsyqm5ldi6v5vp6imejvju err=HttpError('InvalidRequest: Could not find repo: did:plc:rwcsyqm5ldi6v5vp6imejvju')
2026-03-15T23:09:17Z INFO bsky_collector_v2.job.index_feed_generators: enqueued repos page=15 mode=listRepos inserted=500 repos_returned=500 next_cursor=set
2026-03-15T23:10:07Z INFO bsky_collector_v2.job.index_feed_generators: indexed repo=did:plc:jgkykjmrdaa4msjggolvpfjt part=321 records=1 next_cursor=set
2026-03-15T23:10:57Z WARNING bsky_collector_v2.job.index_feed_generators: listRecords failed repo=did:plc:w4ny2vjthu2efghxjrw6npxp err=HttpError('InvalidRequest: Could not find repo: did:plc:w4ny2vjthu2efghxjrw6npxp')
2026-03-15T23:11:11Z WARNING bsky_collector_v2.job.index_feed_generators: listRecords failed repo=did:plc:w4ny2vjthu2efghxjrw6npxp err=HttpError('InvalidRequest: Could not find repo: did:plc:w4ny2vjthu2efghxjrw6npxp')
2026-03-15T23:11:12Z WARNING bsky_collector_v2.job.index_feed_generators: listRecords failed repo=did:plc:w4ny2vjthu2efghxjrw6npxp err=HttpError('InvalidRequest: Could not find repo: did:plc:w4ny2vjthu2efghxjrw6npxp')
2026-03-15T23:11:12Z INFO bsky_collector_v2.job.index_feed_generators: enqueued repos page=16 mode=listRepos inserted=500 repos_returned=500 next_cursor=set
2026-03-15T23:11:16Z WARNING bsky_collector_v2.job.index_feed_generators: listRecords failed repo=did:plc:36oyofzbdxrkslfhiv57x6kt err=HttpError('InvalidRequest: Could not find repo: did:plc:36oyofzbdxrkslfhiv57x6kt')
2026-03-15T23:12:32Z INFO bsky_collector_v2.job.index_feed_generators: indexed repo=did:plc:livljl3fo6eqac7qgzhufcej part=322 records=1 next_cursor=set
2026-03-15T23:13:05Z WARNING bsky_collector_v2.job.index_feed_generators: listRecords failed repo=did:plc:36oyofzbdxrkslfhiv57x6kt err=HttpError('InvalidRequest: Could not find repo: did:plc:36oyofzbdxrkslfhiv57x6kt')
2026-03-15T23:13:05Z WARNING bsky_collector_v2.job.index_feed_generators: listRecords failed repo=did:plc:36oyofzbdxrkslfhiv57x6kt err=HttpError('InvalidRequest: Could not find repo: did:plc:36oyofzbdxrkslfhiv57x6kt')
2026-03-15T23:13:06Z INFO bsky_collector_v2.job.index_feed_generators: enqueued repos page=17 mode=listRepos inserted=500 repos_returned=500 next_cursor=set
2026-03-15T23:14:28Z INFO bsky_collector_v2.job.index_feed_generators: enqueued repos page=18 mode=listRepos inserted=500 repos_returned=500 next_cursor=set
2026-03-15T23:16:11Z INFO bsky_collector_v2.job.index_feed_generators: enqueued repos page=19 mode=listRepos inserted=500 repos_returned=500 next_cursor=set
2026-03-15T23:16:40Z WARNING bsky_collector_v2.job.index_feed_generators: listRecords failed repo=did:plc:bhavzsusoskpyho5rua6ehip err=HttpError('InvalidRequest: Could not find repo: did:plc:bhavzsusoskpyho5rua6ehip')
2026-03-15T23:18:03Z WARNING bsky_collector_v2.job.index_feed_generators: listRecords failed repo=did:plc:bhavzsusoskpyho5rua6ehip err=HttpError('InvalidRequest: Could not find repo: did:plc:bhavzsusoskpyho5rua6ehip')
2026-03-15T23:18:03Z WARNING bsky_collector_v2.job.index_feed_generators: listRecords failed repo=did:plc:bhavzsusoskpyho5rua6ehip err=HttpError('InvalidRequest: Could not find repo: did:plc:bhavzsusoskpyho5rua6ehip')
2026-03-15T23:18:03Z INFO bsky_collector_v2.job.index_feed_generators: enqueued repos page=20 mode=listRepos inserted=500 repos_returned=500 next_cursor=set
2026-03-15T23:19:30Z WARNING bsky_collector_v2.job.index_feed_generators: listRecords failed repo=did:plc:xkifp7haxbz2devs7735kjud err=HttpError('InvalidRequest: Could not find repo: did:plc:xkifp7haxbz2devs7735kjud')
2026-03-15T23:19:39Z WARNING bsky_collector_v2.job.index_feed_generators: listRecords failed repo=did:plc:xkifp7haxbz2devs7735kjud err=HttpError('InvalidRequest: Could not find repo: did:plc:xkifp7haxbz2devs7735kjud')
2026-03-15T23:19:39Z WARNING bsky_collector_v2.job.index_feed_generators: listRecords failed repo=did:plc:xkifp7haxbz2devs7735kjud err=HttpError('InvalidRequest: Could not find repo: did:plc:xkifp7haxbz2devs7735kjud')
2026-03-15T23:19:39Z INFO bsky_collector_v2.job.index_feed_generators: enqueued repos page=21 mode=listRepos inserted=500 repos_returned=500 next_cursor=set
2026-03-15T23:19:45Z WARNING bsky_collector_v2.job.index_feed_generators: listRecords failed repo=did:plc:43b4p5nvjd3fezneljia62yw err=HttpError('InvalidRequest: Could not find repo: did:plc:43b4p5nvjd3fezneljia62yw')
2026-03-15T23:20:20Z INFO bsky_collector_v2.job.index_feed_generators: indexed repo=did:plc:jcdhbxtsyo7hbsezylu53qm2 part=323 records=1 next_cursor=set
2026-03-15T23:21:05Z WARNING bsky_collector_v2.job.index_feed_generators: listRecords failed repo=did:web:sandy.hukoubook.com err=HttpError('InvalidRequest: Could not find repo: did:web:sandy.hukoubook.com')
2026-03-15T23:21:05Z WARNING bsky_collector_v2.job.index_feed_generators: listRecords failed repo=did:plc:43b4p5nvjd3fezneljia62yw err=HttpError('InvalidRequest: Could not find repo: did:plc:43b4p5nvjd3fezneljia62yw')
2026-03-15T23:21:05Z WARNING bsky_collector_v2.job.index_feed_generators: listRecords failed repo=did:web:sandy.hukoubook.com err=HttpError('InvalidRequest: Could not find repo: did:web:sandy.hukoubook.com')
2026-03-15T23:21:05Z WARNING bsky_collector_v2.job.index_feed_generators: listRecords failed repo=did:plc:43b4p5nvjd3fezneljia62yw err=HttpError('InvalidRequest: Could not find repo: did:plc:43b4p5nvjd3fezneljia62yw')
2026-03-15T23:21:05Z WARNING bsky_collector_v2.job.index_feed_generators: listRecords failed repo=did:web:sandy.hukoubook.com err=HttpError('InvalidRequest: Could not find repo: did:web:sandy.hukoubook.com')
2026-03-15T23:21:06Z INFO bsky_collector_v2.job.index_feed_generators: enqueued repos page=22 mode=listRepos inserted=500 repos_returned=500 next_cursor=set
2026-03-15T23:21:13Z INFO bsky_collector_v2.job.index_feed_generators: indexed repo=did:plc:5d5pojekkaohi3bzkhypoco7 part=324 records=2 next_cursor=set
2026-03-15T23:21:21Z WARNING bsky_collector_v2.job.index_feed_generators: listRecords failed repo=did:plc:7uvnnlbzfq7qxlmc5b7d3ymw err=HttpError('InvalidRequest: Could not find repo: did:plc:7uvnnlbzfq7qxlmc5b7d3ymw')
2026-03-15T23:21:35Z WARNING bsky_collector_v2.job.index_feed_generators: listRecords failed repo=did:plc:ezul6dzajfmwjxeauv6cwurs err=HttpError('InvalidRequest: Could not find repo: did:plc:ezul6dzajfmwjxeauv6cwurs')
2026-03-15T23:22:34Z WARNING bsky_collector_v2.job.index_feed_generators: listRecords failed repo=did:plc:7uvnnlbzfq7qxlmc5b7d3ymw err=HttpError('InvalidRequest: Could not find repo: did:plc:7uvnnlbzfq7qxlmc5b7d3ymw')
2026-03-15T23:22:34Z WARNING bsky_collector_v2.job.index_feed_generators: listRecords failed repo=did:plc:ezul6dzajfmwjxeauv6cwurs err=HttpError('InvalidRequest: Could not find repo: did:plc:ezul6dzajfmwjxeauv6cwurs')
2026-03-15T23:22:34Z WARNING bsky_collector_v2.job.index_feed_generators: listRecords failed repo=did:plc:7uvnnlbzfq7qxlmc5b7d3ymw err=HttpError('InvalidRequest: Could not find repo: did:plc:7uvnnlbzfq7qxlmc5b7d3ymw')
2026-03-15T23:22:34Z WARNING bsky_collector_v2.job.index_feed_generators: listRecords failed repo=did:plc:ezul6dzajfmwjxeauv6cwurs err=HttpError('InvalidRequest: Could not find repo: did:plc:ezul6dzajfmwjxeauv6cwurs')
2026-03-15T23:22:35Z INFO bsky_collector_v2.job.index_feed_generators: enqueued repos page=23 mode=listRepos inserted=500 repos_returned=500 next_cursor=set
2026-03-15T23:23:22Z WARNING bsky_collector_v2.job.index_feed_generators: listRecords failed repo=did:plc:jfrlpy2yowcmqnrwygnxoypy err=HttpError('InvalidRequest: Could not find repo: did:plc:jfrlpy2yowcmqnrwygnxoypy')
2026-03-15T23:24:23Z WARNING bsky_collector_v2.job.index_feed_generators: listRecords failed repo=did:plc:jfrlpy2yowcmqnrwygnxoypy err=HttpError('InvalidRequest: Could not find repo: did:plc:jfrlpy2yowcmqnrwygnxoypy')
2026-03-15T23:24:23Z WARNING bsky_collector_v2.job.index_feed_generators: listRecords failed repo=did:plc:jfrlpy2yowcmqnrwygnxoypy err=HttpError('InvalidRequest: Could not find repo: did:plc:jfrlpy2yowcmqnrwygnxoypy')
2026-03-15T23:24:24Z INFO bsky_collector_v2.job.index_feed_generators: enqueued repos page=24 mode=listRepos inserted=500 repos_returned=500 next_cursor=set
2026-03-15T23:24:28Z WARNING bsky_collector_v2.job.index_feed_generators: listRecords failed repo=did:plc:3fspru34uskterusubionksx err=HttpError('InvalidRequest: Could not find repo: did:plc:3fspru34uskterusubionksx')
2026-03-15T23:25:21Z WARNING bsky_collector_v2.job.index_feed_generators: listRecords failed repo=did:plc:kf36doswyxuvyk7kiatviy2n err=HttpError('InvalidRequest: Could not find repo: did:plc:kf36doswyxuvyk7kiatviy2n')
2026-03-15T23:25:45Z WARNING bsky_collector_v2.job.index_feed_generators: listRecords failed repo=did:plc:qmgl6gpvjedwoqq74bkekb7y err=HttpError('InvalidRequest: Could not find repo: did:plc:qmgl6gpvjedwoqq74bkekb7y')
2026-03-15T23:26:01Z WARNING bsky_collector_v2.job.index_feed_generators: listRecords failed repo=did:plc:xkwqe2kb2kfg632ucojnlord err=HttpError('InvalidRequest: Could not find repo: did:plc:xkwqe2kb2kfg632ucojnlord')
2026-03-15T23:26:08Z WARNING bsky_collector_v2.job.index_feed_generators: listRecords failed repo=did:plc:3fspru34uskterusubionksx err=HttpError('InvalidRequest: Could not find repo: did:plc:3fspru34uskterusubionksx')
2026-03-15T23:26:08Z WARNING bsky_collector_v2.job.index_feed_generators: listRecords failed repo=did:plc:kf36doswyxuvyk7kiatviy2n err=HttpError('InvalidRequest: Could not find repo: did:plc:kf36doswyxuvyk7kiatviy2n')
2026-03-15T23:26:08Z WARNING bsky_collector_v2.job.index_feed_generators: listRecords failed repo=did:plc:qmgl6gpvjedwoqq74bkekb7y err=HttpError('InvalidRequest: Could not find repo: did:plc:qmgl6gpvjedwoqq74bkekb7y')
2026-03-15T23:26:08Z WARNING bsky_collector_v2.job.index_feed_generators: listRecords failed repo=did:plc:xkwqe2kb2kfg632ucojnlord err=HttpError('InvalidRequest: Could not find repo: did:plc:xkwqe2kb2kfg632ucojnlord')
2026-03-15T23:26:08Z WARNING bsky_collector_v2.job.index_feed_generators: listRecords failed repo=did:plc:3fspru34uskterusubionksx err=HttpError('InvalidRequest: Could not find repo: did:plc:3fspru34uskterusubionksx')
2026-03-15T23:26:08Z WARNING bsky_collector_v2.job.index_feed_generators: listRecords failed repo=did:plc:kf36doswyxuvyk7kiatviy2n err=HttpError('InvalidRequest: Could not find repo: did:plc:kf36doswyxuvyk7kiatviy2n')
2026-03-15T23:26:08Z WARNING bsky_collector_v2.job.index_feed_generators: listRecords failed repo=did:plc:qmgl6gpvjedwoqq74bkekb7y err=HttpError('InvalidRequest: Could not find repo: did:plc:qmgl6gpvjedwoqq74bkekb7y')
2026-03-15T23:26:08Z WARNING bsky_collector_v2.job.index_feed_generators: listRecords failed repo=did:plc:xkwqe2kb2kfg632ucojnlord err=HttpError('InvalidRequest: Could not find repo: did:plc:xkwqe2kb2kfg632ucojnlord')
2026-03-15T23:26:09Z INFO bsky_collector_v2.job.index_feed_generators: enqueued repos page=25 mode=listRepos inserted=500 repos_returned=500 next_cursor=set
2026-03-15T23:26:55Z WARNING bsky_collector_v2.job.index_feed_generators: listRecords failed repo=did:plc:hiu4vqowy2g7ohx5wi5c2npj err=HttpError('InvalidRequest: Could not find repo: did:plc:hiu4vqowy2g7ohx5wi5c2npj')
2026-03-15T23:27:52Z WARNING bsky_collector_v2.job.index_feed_generators: listRecords failed repo=did:plc:hiu4vqowy2g7ohx5wi5c2npj err=HttpError('InvalidRequest: Could not find repo: did:plc:hiu4vqowy2g7ohx5wi5c2npj')
2026-03-15T23:27:52Z WARNING bsky_collector_v2.job.index_feed_generators: listRecords failed repo=did:plc:hiu4vqowy2g7ohx5wi5c2npj err=HttpError('InvalidRequest: Could not find repo: did:plc:hiu4vqowy2g7ohx5wi5c2npj')
2026-03-15T23:27:53Z INFO bsky_collector_v2.job.index_feed_generators: enqueued repos page=26 mode=listRepos inserted=500 repos_returned=500 next_cursor=set
2026-03-15T23:27:59Z INFO bsky_collector_v2.job.index_feed_generators: indexed repo=did:plc:4kflx4de3s6z56ehfcgpoggf part=325 records=1 next_cursor=set
2026-03-15T23:29:16Z INFO bsky_collector_v2.job.index_feed_generators: enqueued repos page=27 mode=listRepos inserted=500 repos_returned=500 next_cursor=set
2026-03-15T23:29:22Z WARNING bsky_collector_v2.job.index_feed_generators: listRecords failed repo=did:plc:54f5x6bmicxgekf2pczlkcta err=HttpError('InvalidRequest: Could not find repo: did:plc:54f5x6bmicxgekf2pczlkcta')
2026-03-15T23:29:59Z WARNING bsky_collector_v2.job.index_feed_generators: listRecords failed repo=did:plc:k3tadeqnrgtr7e54mrshukgt err=HttpError('InvalidRequest: Could not find repo: did:plc:k3tadeqnrgtr7e54mrshukgt')
2026-03-15T23:30:37Z WARNING bsky_collector_v2.job.index_feed_generators: listRecords failed repo=did:plc:vvxwlvjqec2n6xovwfbexxlh err=HttpError('InvalidRequest: Could not find repo: did:plc:vvxwlvjqec2n6xovwfbexxlh')
2026-03-15T23:30:55Z WARNING bsky_collector_v2.job.index_feed_generators: listRecords failed repo=did:plc:54f5x6bmicxgekf2pczlkcta err=HttpError('InvalidRequest: Could not find repo: did:plc:54f5x6bmicxgekf2pczlkcta')
2026-03-15T23:30:55Z WARNING bsky_collector_v2.job.index_feed_generators: listRecords failed repo=did:plc:k3tadeqnrgtr7e54mrshukgt err=HttpError('InvalidRequest: Could not find repo: did:plc:k3tadeqnrgtr7e54mrshukgt')
2026-03-15T23:30:55Z WARNING bsky_collector_v2.job.index_feed_generators: listRecords failed repo=did:plc:vvxwlvjqec2n6xovwfbexxlh err=HttpError('InvalidRequest: Could not find repo: did:plc:vvxwlvjqec2n6xovwfbexxlh')
2026-03-15T23:30:55Z WARNING bsky_collector_v2.job.index_feed_generators: listRecords failed repo=did:plc:54f5x6bmicxgekf2pczlkcta err=HttpError('InvalidRequest: Could not find repo: did:plc:54f5x6bmicxgekf2pczlkcta')
2026-03-15T23:30:56Z WARNING bsky_collector_v2.job.index_feed_generators: listRecords failed repo=did:plc:k3tadeqnrgtr7e54mrshukgt err=HttpError('InvalidRequest: Could not find repo: did:plc:k3tadeqnrgtr7e54mrshukgt')
2026-03-15T23:30:56Z WARNING bsky_collector_v2.job.index_feed_generators: listRecords failed repo=did:plc:vvxwlvjqec2n6xovwfbexxlh err=HttpError('InvalidRequest: Could not find repo: did:plc:vvxwlvjqec2n6xovwfbexxlh')
2026-03-15T23:30:56Z INFO bsky_collector_v2.job.index_feed_generators: enqueued repos page=28 mode=listRepos inserted=500 repos_returned=500 next_cursor=set
2026-03-15T23:31:04Z INFO bsky_collector_v2.job.index_feed_generators: indexed repo=did:plc:53ifogqym7u2qbhcuhlfjaed part=326 records=1 next_cursor=set
2026-03-15T23:32:01Z INFO bsky_collector_v2.job.index_feed_generators: indexed repo=did:plc:qlyj7oiqhcc2xgdavjg4hllo part=327 records=3 next_cursor=set
2026-03-15T23:32:31Z INFO bsky_collector_v2.job.index_feed_generators: enqueued repos page=29 mode=listRepos inserted=500 repos_returned=500 next_cursor=set
2026-03-15T23:33:02Z WARNING bsky_collector_v2.job.index_feed_generators: listRecords failed repo=did:plc:cq4yznddndhamorm3gj43nk5 err=HttpError('InvalidRequest: Could not find repo: did:plc:cq4yznddndhamorm3gj43nk5')
2026-03-15T23:34:21Z WARNING bsky_collector_v2.job.index_feed_generators: listRecords failed repo=did:plc:cq4yznddndhamorm3gj43nk5 err=HttpError('InvalidRequest: Could not find repo: did:plc:cq4yznddndhamorm3gj43nk5')
2026-03-15T23:34:21Z WARNING bsky_collector_v2.job.index_feed_generators: listRecords failed repo=did:plc:cq4yznddndhamorm3gj43nk5 err=HttpError('InvalidRequest: Could not find repo: did:plc:cq4yznddndhamorm3gj43nk5')
2026-03-15T23:34:22Z INFO bsky_collector_v2.job.index_feed_generators: enqueued repos page=30 mode=listRepos inserted=500 repos_returned=500 next_cursor=set
2026-03-15T23:34:31Z WARNING bsky_collector_v2.job.index_feed_generators: listRecords failed repo=did:plc:3cejeopwuyhfsnjoy7k3e45s err=HttpError('InvalidRequest: Could not find repo: did:plc:3cejeopwuyhfsnjoy7k3e45s')
2026-03-15T23:35:06Z INFO bsky_collector_v2.job.index_feed_generators: indexed repo=did:plc:dyzx2qm5zpqzecomnthhrfvy part=328 records=1 next_cursor=set
2026-03-15T23:36:04Z WARNING bsky_collector_v2.job.index_feed_generators: listRecords failed repo=did:plc:3cejeopwuyhfsnjoy7k3e45s err=HttpError('InvalidRequest: Could not find repo: did:plc:3cejeopwuyhfsnjoy7k3e45s')
2026-03-15T23:36:04Z WARNING bsky_collector_v2.job.index_feed_generators: listRecords failed repo=did:plc:3cejeopwuyhfsnjoy7k3e45s err=HttpError('InvalidRequest: Could not find repo: did:plc:3cejeopwuyhfsnjoy7k3e45s')
2026-03-15T23:36:04Z INFO bsky_collector_v2.job.index_feed_generators: enqueued repos page=31 mode=listRepos inserted=500 repos_returned=500 next_cursor=set
2026-03-15T23:36:31Z WARNING bsky_collector_v2.job.index_feed_generators: listRecords failed repo=did:plc:dvjhc2xjnlnobfmz42qqoijq err=HttpError('InvalidRequest: Could not find repo: did:plc:dvjhc2xjnlnobfmz42qqoijq')
2026-03-15T23:37:26Z WARNING bsky_collector_v2.job.index_feed_generators: listRecords failed repo=did:plc:dvjhc2xjnlnobfmz42qqoijq err=HttpError('InvalidRequest: Could not find repo: did:plc:dvjhc2xjnlnobfmz42qqoijq')
2026-03-15T23:37:26Z WARNING bsky_collector_v2.job.index_feed_generators: listRecords failed repo=did:plc:dvjhc2xjnlnobfmz42qqoijq err=HttpError('InvalidRequest: Could not find repo: did:plc:dvjhc2xjnlnobfmz42qqoijq')
2026-03-15T23:37:27Z INFO bsky_collector_v2.job.index_feed_generators: enqueued repos page=32 mode=listRepos inserted=500 repos_returned=500 next_cursor=set
2026-03-15T23:39:06Z WARNING bsky_collector_v2.job.index_feed_generators: listRecords failed repo=did:plc:wzmzgg2o3atfkmpagxudc523 err=HttpError('InvalidRequest: Could not find repo: did:plc:wzmzgg2o3atfkmpagxudc523')
2026-03-15T23:39:14Z WARNING bsky_collector_v2.job.index_feed_generators: listRecords failed repo=did:plc:wzmzgg2o3atfkmpagxudc523 err=HttpError('InvalidRequest: Could not find repo: did:plc:wzmzgg2o3atfkmpagxudc523')
2026-03-15T23:39:14Z WARNING bsky_collector_v2.job.index_feed_generators: listRecords failed repo=did:plc:wzmzgg2o3atfkmpagxudc523 err=HttpError('InvalidRequest: Could not find repo: did:plc:wzmzgg2o3atfkmpagxudc523')
2026-03-15T23:39:15Z INFO bsky_collector_v2.job.index_feed_generators: enqueued repos page=33 mode=listRepos inserted=500 repos_returned=500 next_cursor=set
2026-03-15T23:40:27Z WARNING bsky_collector_v2.job.index_feed_generators: listRecords failed repo=did:plc:mf4cbcpyau5ftd2u67uhv3ik err=HttpError('InvalidRequest: Could not find repo: did:plc:mf4cbcpyau5ftd2u67uhv3ik')
2026-03-15T23:40:39Z INFO bsky_collector_v2.job.index_feed_generators: indexed repo=did:plc:rgluryem4wtual5s2ki2id7b part=329 records=2 next_cursor=set
2026-03-15T23:41:02Z WARNING bsky_collector_v2.job.index_feed_generators: listRecords failed repo=did:plc:mf4cbcpyau5ftd2u67uhv3ik err=HttpError('InvalidRequest: Could not find repo: did:plc:mf4cbcpyau5ftd2u67uhv3ik')
2026-03-15T23:41:03Z WARNING bsky_collector_v2.job.index_feed_generators: listRecords failed repo=did:plc:mf4cbcpyau5ftd2u67uhv3ik err=HttpError('InvalidRequest: Could not find repo: did:plc:mf4cbcpyau5ftd2u67uhv3ik')
2026-03-15T23:41:03Z INFO bsky_collector_v2.job.index_feed_generators: enqueued repos page=34 mode=listRepos inserted=500 repos_returned=500 next_cursor=set
2026-03-15T23:42:43Z INFO bsky_collector_v2.job.index_feed_generators: enqueued repos page=35 mode=listRepos inserted=500 repos_returned=500 next_cursor=set
