2026-03-26T18:07:49Z INFO bsky_collector_v2: out_base ok path=/Volumes/T9/BlueSky/data_v2_full mount=/Volumes/T9
2026-03-26T18:07:49Z INFO bsky_collector_v2: job start subcommand=index-feed-generators dry_run=False resume=True
2026-03-26T18:07:49Z INFO bsky_collector_v2.job.index_feed_generators: feed generator index hosts relay_host=https://bsky.network records_host=https://bsky.social auth=yes
2026-03-26T18:07:50Z INFO bsky_collector_v2.job.index_feed_generators: enqueued repos page=1 mode=listRepos inserted=500 repos_returned=500 next_cursor=set
2026-03-26T18:08:15Z WARNING bsky_collector_v2.job.index_feed_generators: listRecords failed repo=did:plc:f4rycnhpvuurpbh2ygwgldld err=HttpError('InvalidRequest: Could not find repo: did:plc:f4rycnhpvuurpbh2ygwgldld')
2026-03-26T18:08:41Z WARNING bsky_collector_v2.job.index_feed_generators: listRecords failed repo=did:plc:llukrcpzzrwpz4ae5kadsfoe err=HttpError('InvalidRequest: Could not find repo: did:plc:llukrcpzzrwpz4ae5kadsfoe')
2026-03-26T18:08:53Z INFO bsky_collector_v2.job.index_feed_generators: indexed repo=did:plc:pbtj6l77hzmwdg7anh2rdwa6 part=147 records=1 next_cursor=set
2026-03-26T18:09:23Z WARNING bsky_collector_v2.job.index_feed_generators: listRecords failed repo=did:plc:f4rycnhpvuurpbh2ygwgldld err=HttpError('InvalidRequest: Could not find repo: did:plc:f4rycnhpvuurpbh2ygwgldld')
2026-03-26T18:09:23Z WARNING bsky_collector_v2.job.index_feed_generators: listRecords failed repo=did:plc:llukrcpzzrwpz4ae5kadsfoe err=HttpError('InvalidRequest: Could not find repo: did:plc:llukrcpzzrwpz4ae5kadsfoe')
2026-03-26T18:09:24Z WARNING bsky_collector_v2.job.index_feed_generators: listRecords failed repo=did:plc:f4rycnhpvuurpbh2ygwgldld err=HttpError('InvalidRequest: Could not find repo: did:plc:f4rycnhpvuurpbh2ygwgldld')
2026-03-26T18:09:24Z WARNING bsky_collector_v2.job.index_feed_generators: listRecords failed repo=did:plc:llukrcpzzrwpz4ae5kadsfoe err=HttpError('InvalidRequest: Could not find repo: did:plc:llukrcpzzrwpz4ae5kadsfoe')
2026-03-26T18:09:24Z INFO bsky_collector_v2.job.index_feed_generators: enqueued repos page=2 mode=listRepos inserted=500 repos_returned=500 next_cursor=set
2026-03-26T18:09:45Z WARNING bsky_collector_v2.job.index_feed_generators: listRecords failed repo=did:plc:cdjmqj2u7lzh4wg7nzghlivr err=HttpError('InvalidRequest: Could not find repo: did:plc:cdjmqj2u7lzh4wg7nzghlivr')
2026-03-26T18:10:12Z WARNING bsky_collector_v2.job.index_feed_generators: listRecords failed repo=did:plc:jovzpjoadkzcztgsmfkjioan err=HttpError('InvalidRequest: Could not find repo: did:plc:jovzpjoadkzcztgsmfkjioan')
2026-03-26T18:10:24Z WARNING bsky_collector_v2.job.index_feed_generators: listRecords failed repo=did:plc:okmjv3hrqeguqgkp6uzeq67l err=HttpError('InvalidRequest: Could not find repo: did:plc:okmjv3hrqeguqgkp6uzeq67l')
2026-03-26T18:10:51Z WARNING bsky_collector_v2.job.index_feed_generators: listRecords failed repo=did:plc:cdjmqj2u7lzh4wg7nzghlivr err=HttpError('InvalidRequest: Could not find repo: did:plc:cdjmqj2u7lzh4wg7nzghlivr')
2026-03-26T18:10:51Z WARNING bsky_collector_v2.job.index_feed_generators: listRecords failed repo=did:plc:jovzpjoadkzcztgsmfkjioan err=HttpError('InvalidRequest: Could not find repo: did:plc:jovzpjoadkzcztgsmfkjioan')
2026-03-26T18:10:51Z WARNING bsky_collector_v2.job.index_feed_generators: listRecords failed repo=did:plc:okmjv3hrqeguqgkp6uzeq67l err=HttpError('InvalidRequest: Could not find repo: did:plc:okmjv3hrqeguqgkp6uzeq67l')
2026-03-26T18:10:52Z WARNING bsky_collector_v2.job.index_feed_generators: listRecords failed repo=did:plc:cdjmqj2u7lzh4wg7nzghlivr err=HttpError('InvalidRequest: Could not find repo: did:plc:cdjmqj2u7lzh4wg7nzghlivr')
2026-03-26T18:10:52Z WARNING bsky_collector_v2.job.index_feed_generators: listRecords failed repo=did:plc:jovzpjoadkzcztgsmfkjioan err=HttpError('InvalidRequest: Could not find repo: did:plc:jovzpjoadkzcztgsmfkjioan')
2026-03-26T18:10:52Z WARNING bsky_collector_v2.job.index_feed_generators: listRecords failed repo=did:plc:okmjv3hrqeguqgkp6uzeq67l err=HttpError('InvalidRequest: Could not find repo: did:plc:okmjv3hrqeguqgkp6uzeq67l')
2026-03-26T18:10:52Z INFO bsky_collector_v2.job.index_feed_generators: enqueued repos page=3 mode=listRepos inserted=500 repos_returned=500 next_cursor=set
2026-03-26T18:12:11Z INFO bsky_collector_v2.job.index_feed_generators: enqueued repos page=4 mode=listRepos inserted=500 repos_returned=500 next_cursor=set
2026-03-26T18:12:50Z WARNING bsky_collector_v2.job.index_feed_generators: listRecords failed repo=did:plc:gymt4ccb3ay6db57z7myvj5f err=HttpError('InvalidRequest: Could not find repo: did:plc:gymt4ccb3ay6db57z7myvj5f')
2026-03-26T18:13:05Z WARNING bsky_collector_v2.job.index_feed_generators: listRecords failed repo=did:plc:mbyia456ptjtiyqhj6y5ikhj err=HttpError('InvalidRequest: Could not find repo: did:plc:mbyia456ptjtiyqhj6y5ikhj')
2026-03-26T18:13:34Z WARNING bsky_collector_v2.job.index_feed_generators: listRecords failed repo=did:plc:gymt4ccb3ay6db57z7myvj5f err=HttpError('InvalidRequest: Could not find repo: did:plc:gymt4ccb3ay6db57z7myvj5f')
2026-03-26T18:13:34Z WARNING bsky_collector_v2.job.index_feed_generators: listRecords failed repo=did:plc:mbyia456ptjtiyqhj6y5ikhj err=HttpError('InvalidRequest: Could not find repo: did:plc:mbyia456ptjtiyqhj6y5ikhj')
2026-03-26T18:13:34Z WARNING bsky_collector_v2.job.index_feed_generators: listRecords failed repo=did:plc:gymt4ccb3ay6db57z7myvj5f err=HttpError('InvalidRequest: Could not find repo: did:plc:gymt4ccb3ay6db57z7myvj5f')
2026-03-26T18:13:34Z WARNING bsky_collector_v2.job.index_feed_generators: listRecords failed repo=did:plc:mbyia456ptjtiyqhj6y5ikhj err=HttpError('InvalidRequest: Could not find repo: did:plc:mbyia456ptjtiyqhj6y5ikhj')
2026-03-26T18:13:34Z INFO bsky_collector_v2.job.index_feed_generators: enqueued repos page=5 mode=listRepos inserted=500 repos_returned=500 next_cursor=set
2026-03-26T18:13:49Z WARNING bsky_collector_v2.job.index_feed_generators: listRecords failed repo=did:plc:azdie5zyy5fo4zwgv3bczsx4 err=HttpError('InvalidRequest: Could not find repo: did:plc:azdie5zyy5fo4zwgv3bczsx4')
2026-03-26T18:14:23Z WARNING bsky_collector_v2.job.index_feed_generators: listRecords failed repo=did:plc:ptfcpm7ktniehhu674l3p2ui err=HttpError('InvalidRequest: Could not find repo: did:plc:ptfcpm7ktniehhu674l3p2ui')
2026-03-26T18:14:51Z WARNING bsky_collector_v2.job.index_feed_generators: listRecords failed repo=did:plc:azdie5zyy5fo4zwgv3bczsx4 err=HttpError('InvalidRequest: Could not find repo: did:plc:azdie5zyy5fo4zwgv3bczsx4')
2026-03-26T18:14:51Z WARNING bsky_collector_v2.job.index_feed_generators: listRecords failed repo=did:plc:ptfcpm7ktniehhu674l3p2ui err=HttpError('InvalidRequest: Could not find repo: did:plc:ptfcpm7ktniehhu674l3p2ui')
2026-03-26T18:14:51Z WARNING bsky_collector_v2.job.index_feed_generators: listRecords failed repo=did:plc:azdie5zyy5fo4zwgv3bczsx4 err=HttpError('InvalidRequest: Could not find repo: did:plc:azdie5zyy5fo4zwgv3bczsx4')
2026-03-26T18:14:51Z WARNING bsky_collector_v2.job.index_feed_generators: listRecords failed repo=did:plc:ptfcpm7ktniehhu674l3p2ui err=HttpError('InvalidRequest: Could not find repo: did:plc:ptfcpm7ktniehhu674l3p2ui')
2026-03-26T18:14:52Z INFO bsky_collector_v2.job.index_feed_generators: enqueued repos page=6 mode=listRepos inserted=500 repos_returned=500 next_cursor=set
2026-03-26T18:15:00Z WARNING bsky_collector_v2.job.index_feed_generators: listRecords failed repo=did:plc:5k7pwmpff3clogyflom5pmr5 err=HttpError('InvalidRequest: Could not find repo: did:plc:5k7pwmpff3clogyflom5pmr5')
2026-03-26T18:15:14Z WARNING bsky_collector_v2.job.index_feed_generators: listRecords failed repo=did:plc:f5obfz5jeigfa7kadxpod3ss err=HttpError('InvalidRequest: Could not find repo: did:plc:f5obfz5jeigfa7kadxpod3ss')
2026-03-26T18:15:20Z WARNING bsky_collector_v2.job.index_feed_generators: listRecords failed repo=did:plc:i2cy4tubhxb5tiiuknysk5j7 err=HttpError('InvalidRequest: Could not find repo: did:plc:i2cy4tubhxb5tiiuknysk5j7')
2026-03-26T18:16:04Z WARNING bsky_collector_v2.job.index_feed_generators: listRecords failed repo=did:plc:y2r2upe5tdaguiocpfe7k4l5 err=HttpError('InvalidRequest: Could not find repo: did:plc:y2r2upe5tdaguiocpfe7k4l5')
2026-03-26T18:16:06Z WARNING bsky_collector_v2.job.index_feed_generators: listRecords failed repo=did:plc:yy7q2tilwrro5n6gkrpc2tdq err=HttpError('InvalidRequest: Could not find repo: did:plc:yy7q2tilwrro5n6gkrpc2tdq')
2026-03-26T18:16:08Z WARNING bsky_collector_v2.job.index_feed_generators: listRecords failed repo=did:plc:5k7pwmpff3clogyflom5pmr5 err=HttpError('InvalidRequest: Could not find repo: did:plc:5k7pwmpff3clogyflom5pmr5')
2026-03-26T18:16:08Z WARNING bsky_collector_v2.job.index_feed_generators: listRecords failed repo=did:plc:f5obfz5jeigfa7kadxpod3ss err=HttpError('InvalidRequest: Could not find repo: did:plc:f5obfz5jeigfa7kadxpod3ss')
2026-03-26T18:16:08Z WARNING bsky_collector_v2.job.index_feed_generators: listRecords failed repo=did:plc:i2cy4tubhxb5tiiuknysk5j7 err=HttpError('InvalidRequest: Could not find repo: did:plc:i2cy4tubhxb5tiiuknysk5j7')
2026-03-26T18:16:08Z WARNING bsky_collector_v2.job.index_feed_generators: listRecords failed repo=did:plc:y2r2upe5tdaguiocpfe7k4l5 err=HttpError('InvalidRequest: Could not find repo: did:plc:y2r2upe5tdaguiocpfe7k4l5')
2026-03-26T18:16:08Z WARNING bsky_collector_v2.job.index_feed_generators: listRecords failed repo=did:plc:yy7q2tilwrro5n6gkrpc2tdq err=HttpError('InvalidRequest: Could not find repo: did:plc:yy7q2tilwrro5n6gkrpc2tdq')
2026-03-26T18:16:09Z WARNING bsky_collector_v2.job.index_feed_generators: listRecords failed repo=did:plc:5k7pwmpff3clogyflom5pmr5 err=HttpError('InvalidRequest: Could not find repo: did:plc:5k7pwmpff3clogyflom5pmr5')
2026-03-26T18:16:09Z WARNING bsky_collector_v2.job.index_feed_generators: listRecords failed repo=did:plc:f5obfz5jeigfa7kadxpod3ss err=HttpError('InvalidRequest: Could not find repo: did:plc:f5obfz5jeigfa7kadxpod3ss')
2026-03-26T18:16:09Z WARNING bsky_collector_v2.job.index_feed_generators: listRecords failed repo=did:plc:i2cy4tubhxb5tiiuknysk5j7 err=HttpError('InvalidRequest: Could not find repo: did:plc:i2cy4tubhxb5tiiuknysk5j7')
2026-03-26T18:16:09Z WARNING bsky_collector_v2.job.index_feed_generators: listRecords failed repo=did:plc:y2r2upe5tdaguiocpfe7k4l5 err=HttpError('InvalidRequest: Could not find repo: did:plc:y2r2upe5tdaguiocpfe7k4l5')
2026-03-26T18:16:09Z WARNING bsky_collector_v2.job.index_feed_generators: listRecords failed repo=did:plc:yy7q2tilwrro5n6gkrpc2tdq err=HttpError('InvalidRequest: Could not find repo: did:plc:yy7q2tilwrro5n6gkrpc2tdq')
2026-03-26T18:16:09Z INFO bsky_collector_v2.job.index_feed_generators: enqueued repos page=7 mode=listRepos inserted=500 repos_returned=500 next_cursor=set
2026-03-26T18:17:15Z WARNING bsky_collector_v2.job.index_feed_generators: listRecords failed repo=did:plc:tphwpk2tcf7mhbwijrs2upii err=HttpError('InvalidRequest: Could not find repo: did:plc:tphwpk2tcf7mhbwijrs2upii')
2026-03-26T18:17:24Z INFO bsky_collector_v2.job.index_feed_generators: indexed repo=did:plc:ysr4bklwsrhermgzevasce2a part=148 records=1 next_cursor=set
2026-03-26T18:17:27Z WARNING bsky_collector_v2.job.index_feed_generators: listRecords failed repo=did:plc:tphwpk2tcf7mhbwijrs2upii err=HttpError('InvalidRequest: Could not find repo: did:plc:tphwpk2tcf7mhbwijrs2upii')
2026-03-26T18:17:27Z WARNING bsky_collector_v2.job.index_feed_generators: listRecords failed repo=did:plc:tphwpk2tcf7mhbwijrs2upii err=HttpError('InvalidRequest: Could not find repo: did:plc:tphwpk2tcf7mhbwijrs2upii')
2026-03-26T18:17:28Z INFO bsky_collector_v2.job.index_feed_generators: enqueued repos page=8 mode=listRepos inserted=500 repos_returned=500 next_cursor=set
2026-03-26T18:18:30Z INFO bsky_collector_v2.job.index_feed_generators: indexed repo=did:plc:rxu7m4ccfs74witddl5le7n3 part=149 records=1 next_cursor=set
2026-03-26T18:18:47Z INFO bsky_collector_v2.job.index_feed_generators: enqueued repos page=9 mode=listRepos inserted=500 repos_returned=500 next_cursor=set
2026-03-26T18:19:31Z INFO bsky_collector_v2.job.index_feed_generators: indexed repo=did:plc:g4dgyn3te5wae5lptk46uehm part=150 records=1 next_cursor=set
2026-03-26T18:20:10Z WARNING bsky_collector_v2.job.index_feed_generators: listRecords failed repo=did:plc:t3i6ombn7k4tqtre3gt725fy err=HttpError('InvalidRequest: Could not find repo: did:plc:t3i6ombn7k4tqtre3gt725fy')
2026-03-26T18:20:25Z INFO bsky_collector_v2.job.index_feed_generators: indexed repo=did:plc:zq4lneziriwsrg6mi3v3qbgz part=151 records=2 next_cursor=set
2026-03-26T18:20:26Z WARNING bsky_collector_v2.job.index_feed_generators: listRecords failed repo=did:plc:t3i6ombn7k4tqtre3gt725fy err=HttpError('InvalidRequest: Could not find repo: did:plc:t3i6ombn7k4tqtre3gt725fy')
2026-03-26T18:20:26Z WARNING bsky_collector_v2.job.index_feed_generators: listRecords failed repo=did:plc:t3i6ombn7k4tqtre3gt725fy err=HttpError('InvalidRequest: Could not find repo: did:plc:t3i6ombn7k4tqtre3gt725fy')
2026-03-26T18:20:27Z INFO bsky_collector_v2.job.index_feed_generators: enqueued repos page=10 mode=listRepos inserted=500 repos_returned=500 next_cursor=set
2026-03-26T18:20:51Z WARNING bsky_collector_v2.job.index_feed_generators: listRecords failed repo=did:plc:hmisruwk7y5eb4feibqq4lqt err=HttpError('InvalidRequest: Could not find repo: did:plc:hmisruwk7y5eb4feibqq4lqt')
2026-03-26T18:21:24Z WARNING bsky_collector_v2.job.index_feed_generators: listRecords failed repo=did:plc:xka7brl4s72brr5veopqj7bl err=HttpError('InvalidRequest: Could not find repo: did:plc:xka7brl4s72brr5veopqj7bl')
2026-03-26T18:21:28Z WARNING bsky_collector_v2.job.index_feed_generators: listRecords failed repo=did:plc:hmisruwk7y5eb4feibqq4lqt err=HttpError('InvalidRequest: Could not find repo: did:plc:hmisruwk7y5eb4feibqq4lqt')
2026-03-26T18:21:28Z WARNING bsky_collector_v2.job.index_feed_generators: listRecords failed repo=did:plc:xka7brl4s72brr5veopqj7bl err=HttpError('InvalidRequest: Could not find repo: did:plc:xka7brl4s72brr5veopqj7bl')
2026-03-26T18:21:28Z WARNING bsky_collector_v2.job.index_feed_generators: listRecords failed repo=did:plc:hmisruwk7y5eb4feibqq4lqt err=HttpError('InvalidRequest: Could not find repo: did:plc:hmisruwk7y5eb4feibqq4lqt')
2026-03-26T18:21:28Z WARNING bsky_collector_v2.job.index_feed_generators: listRecords failed repo=did:plc:xka7brl4s72brr5veopqj7bl err=HttpError('InvalidRequest: Could not find repo: did:plc:xka7brl4s72brr5veopqj7bl')
2026-03-26T18:21:29Z INFO bsky_collector_v2.job.index_feed_generators: enqueued repos page=11 mode=listRepos inserted=500 repos_returned=500 next_cursor=set
2026-03-26T18:21:36Z INFO bsky_collector_v2.job.index_feed_generators: indexed repo=did:plc:636z2y7e43m2ezecmd7cvzk7 part=152 records=1 next_cursor=set
2026-03-26T18:22:14Z WARNING bsky_collector_v2.job.index_feed_generators: listRecords failed repo=did:plc:pbfie7fb5bovkvlfxqws2uao err=HttpError('InvalidRequest: Could not find repo: did:plc:pbfie7fb5bovkvlfxqws2uao')
2026-03-26T18:22:16Z WARNING bsky_collector_v2.job.index_feed_generators: listRecords failed repo=did:plc:q2hwseymsj4xkpesubxuonkc err=HttpError('InvalidRequest: Could not find repo: did:plc:q2hwseymsj4xkpesubxuonkc')
2026-03-26T18:22:49Z WARNING bsky_collector_v2.job.index_feed_generators: listRecords failed repo=did:plc:pbfie7fb5bovkvlfxqws2uao err=HttpError('InvalidRequest: Could not find repo: did:plc:pbfie7fb5bovkvlfxqws2uao')
2026-03-26T18:22:49Z WARNING bsky_collector_v2.job.index_feed_generators: listRecords failed repo=did:plc:q2hwseymsj4xkpesubxuonkc err=HttpError('InvalidRequest: Could not find repo: did:plc:q2hwseymsj4xkpesubxuonkc')
2026-03-26T18:22:49Z WARNING bsky_collector_v2.job.index_feed_generators: listRecords failed repo=did:plc:pbfie7fb5bovkvlfxqws2uao err=HttpError('InvalidRequest: Could not find repo: did:plc:pbfie7fb5bovkvlfxqws2uao')
2026-03-26T18:22:49Z WARNING bsky_collector_v2.job.index_feed_generators: listRecords failed repo=did:plc:q2hwseymsj4xkpesubxuonkc err=HttpError('InvalidRequest: Could not find repo: did:plc:q2hwseymsj4xkpesubxuonkc')
2026-03-26T18:22:50Z INFO bsky_collector_v2.job.index_feed_generators: enqueued repos page=12 mode=listRepos inserted=500 repos_returned=500 next_cursor=set
2026-03-26T18:23:13Z WARNING bsky_collector_v2.job.index_feed_generators: listRecords failed repo=did:plc:aqccgyr2rrf5caadfzn325j3 err=HttpError('InvalidRequest: Could not find repo: did:plc:aqccgyr2rrf5caadfzn325j3')
2026-03-26T18:23:42Z WARNING bsky_collector_v2.job.index_feed_generators: listRecords failed repo=did:plc:lgm7qo7dp3sl6rw5lng5yd7c err=HttpError('InvalidRequest: Could not find repo: did:plc:lgm7qo7dp3sl6rw5lng5yd7c')
2026-03-26T18:23:46Z WARNING bsky_collector_v2.job.index_feed_generators: listRecords failed repo=did:plc:nhn4slyetaky2kbo4gyy6kqv err=HttpError('InvalidRequest: Could not find repo: did:plc:nhn4slyetaky2kbo4gyy6kqv')
2026-03-26T18:23:47Z WARNING bsky_collector_v2.job.index_feed_generators: listRecords failed repo=did:plc:nvwtrljg44drfl22tcdsdbic err=HttpError('InvalidRequest: Could not find repo: did:plc:nvwtrljg44drfl22tcdsdbic')
2026-03-26T18:23:53Z WARNING bsky_collector_v2.job.index_feed_generators: listRecords failed repo=did:plc:r5kjnueqcxdhwuwqjjswhrov err=HttpError('InvalidRequest: Could not find repo: did:plc:r5kjnueqcxdhwuwqjjswhrov')
2026-03-26T18:24:12Z WARNING bsky_collector_v2.job.index_feed_generators: listRecords failed repo=did:plc:aqccgyr2rrf5caadfzn325j3 err=HttpError('InvalidRequest: Could not find repo: did:plc:aqccgyr2rrf5caadfzn325j3')
2026-03-26T18:24:12Z WARNING bsky_collector_v2.job.index_feed_generators: listRecords failed repo=did:plc:lgm7qo7dp3sl6rw5lng5yd7c err=HttpError('InvalidRequest: Could not find repo: did:plc:lgm7qo7dp3sl6rw5lng5yd7c')
2026-03-26T18:24:12Z WARNING bsky_collector_v2.job.index_feed_generators: listRecords failed repo=did:plc:nhn4slyetaky2kbo4gyy6kqv err=HttpError('InvalidRequest: Could not find repo: did:plc:nhn4slyetaky2kbo4gyy6kqv')
2026-03-26T18:24:12Z WARNING bsky_collector_v2.job.index_feed_generators: listRecords failed repo=did:plc:nvwtrljg44drfl22tcdsdbic err=HttpError('InvalidRequest: Could not find repo: did:plc:nvwtrljg44drfl22tcdsdbic')
2026-03-26T18:24:12Z WARNING bsky_collector_v2.job.index_feed_generators: listRecords failed repo=did:plc:r5kjnueqcxdhwuwqjjswhrov err=HttpError('InvalidRequest: Could not find repo: did:plc:r5kjnueqcxdhwuwqjjswhrov')
2026-03-26T18:24:12Z WARNING bsky_collector_v2.job.index_feed_generators: listRecords failed repo=did:plc:aqccgyr2rrf5caadfzn325j3 err=HttpError('InvalidRequest: Could not find repo: did:plc:aqccgyr2rrf5caadfzn325j3')
2026-03-26T18:24:12Z WARNING bsky_collector_v2.job.index_feed_generators: listRecords failed repo=did:plc:lgm7qo7dp3sl6rw5lng5yd7c err=HttpError('InvalidRequest: Could not find repo: did:plc:lgm7qo7dp3sl6rw5lng5yd7c')
2026-03-26T18:24:13Z WARNING bsky_collector_v2.job.index_feed_generators: listRecords failed repo=did:plc:nhn4slyetaky2kbo4gyy6kqv err=HttpError('InvalidRequest: Could not find repo: did:plc:nhn4slyetaky2kbo4gyy6kqv')
2026-03-26T18:24:13Z WARNING bsky_collector_v2.job.index_feed_generators: listRecords failed repo=did:plc:nvwtrljg44drfl22tcdsdbic err=HttpError('InvalidRequest: Could not find repo: did:plc:nvwtrljg44drfl22tcdsdbic')
2026-03-26T18:24:13Z WARNING bsky_collector_v2.job.index_feed_generators: listRecords failed repo=did:plc:r5kjnueqcxdhwuwqjjswhrov err=HttpError('InvalidRequest: Could not find repo: did:plc:r5kjnueqcxdhwuwqjjswhrov')
2026-03-26T18:24:13Z INFO bsky_collector_v2.job.index_feed_generators: enqueued repos page=13 mode=listRepos inserted=500 repos_returned=500 next_cursor=set
2026-03-26T18:26:04Z INFO bsky_collector_v2.job.index_feed_generators: indexed repo=did:plc:y6peozi5nng25vtydkbltuna part=153 records=1 next_cursor=set
2026-03-26T18:26:10Z INFO bsky_collector_v2.job.index_feed_generators: enqueued repos page=14 mode=listRepos inserted=500 repos_returned=500 next_cursor=set
2026-03-26T18:26:19Z WARNING bsky_collector_v2.job.index_feed_generators: listRecords failed repo=did:plc:5nbuba5ugarewzbwccqhf6vo err=HttpError('InvalidRequest: Could not find repo: did:plc:5nbuba5ugarewzbwccqhf6vo')
2026-03-26T18:26:23Z WARNING bsky_collector_v2.job.index_feed_generators: listRecords failed repo=did:plc:7nbhaozana6rox2znr5hvceh err=HttpError('InvalidRequest: Could not find repo: did:plc:7nbhaozana6rox2znr5hvceh')
2026-03-26T18:26:30Z WARNING bsky_collector_v2.job.index_feed_generators: listRecords failed repo=did:plc:cs6e4fhcydpwto2q37dt3h6z err=HttpError('InvalidRequest: Could not find repo: did:plc:cs6e4fhcydpwto2q37dt3h6z')
2026-03-26T18:27:22Z WARNING bsky_collector_v2.job.index_feed_generators: listRecords failed repo=did:plc:5nbuba5ugarewzbwccqhf6vo err=HttpError('InvalidRequest: Could not find repo: did:plc:5nbuba5ugarewzbwccqhf6vo')
2026-03-26T18:27:22Z WARNING bsky_collector_v2.job.index_feed_generators: listRecords failed repo=did:plc:7nbhaozana6rox2znr5hvceh err=HttpError('InvalidRequest: Could not find repo: did:plc:7nbhaozana6rox2znr5hvceh')
2026-03-26T18:27:22Z WARNING bsky_collector_v2.job.index_feed_generators: listRecords failed repo=did:plc:cs6e4fhcydpwto2q37dt3h6z err=HttpError('InvalidRequest: Could not find repo: did:plc:cs6e4fhcydpwto2q37dt3h6z')
2026-03-26T18:27:22Z WARNING bsky_collector_v2.job.index_feed_generators: listRecords failed repo=did:plc:5nbuba5ugarewzbwccqhf6vo err=HttpError('InvalidRequest: Could not find repo: did:plc:5nbuba5ugarewzbwccqhf6vo')
2026-03-26T18:27:22Z WARNING bsky_collector_v2.job.index_feed_generators: listRecords failed repo=did:plc:7nbhaozana6rox2znr5hvceh err=HttpError('InvalidRequest: Could not find repo: did:plc:7nbhaozana6rox2znr5hvceh')
2026-03-26T18:27:23Z WARNING bsky_collector_v2.job.index_feed_generators: listRecords failed repo=did:plc:cs6e4fhcydpwto2q37dt3h6z err=HttpError('InvalidRequest: Could not find repo: did:plc:cs6e4fhcydpwto2q37dt3h6z')
2026-03-26T18:27:23Z INFO bsky_collector_v2.job.index_feed_generators: enqueued repos page=15 mode=listRepos inserted=500 repos_returned=500 next_cursor=set
2026-03-26T18:27:28Z WARNING bsky_collector_v2.job.index_feed_generators: listRecords failed repo=did:plc:3xfheme43lh7tasksl2v32jn err=HttpError('InvalidRequest: Could not find repo: did:plc:3xfheme43lh7tasksl2v32jn')
2026-03-26T18:27:51Z WARNING bsky_collector_v2.job.index_feed_generators: listRecords failed repo=did:plc:h34ecnhz64pntkntamveyujj err=HttpError('InvalidRequest: Could not find repo: did:plc:h34ecnhz64pntkntamveyujj')
2026-03-26T18:27:59Z WARNING bsky_collector_v2.job.index_feed_generators: listRecords failed repo=did:plc:knhvygxknr2zkmfmcw4syvf5 err=HttpError('InvalidRequest: Could not find repo: did:plc:knhvygxknr2zkmfmcw4syvf5')
2026-03-26T18:28:15Z WARNING bsky_collector_v2.job.index_feed_generators: listRecords failed repo=did:plc:rs2frbvazkeqgj3ph4gvthd6 err=HttpError('InvalidRequest: Could not find repo: did:plc:rs2frbvazkeqgj3ph4gvthd6')
2026-03-26T18:28:35Z WARNING bsky_collector_v2.job.index_feed_generators: listRecords failed repo=did:plc:3xfheme43lh7tasksl2v32jn err=HttpError('InvalidRequest: Could not find repo: did:plc:3xfheme43lh7tasksl2v32jn')
2026-03-26T18:28:35Z WARNING bsky_collector_v2.job.index_feed_generators: listRecords failed repo=did:plc:h34ecnhz64pntkntamveyujj err=HttpError('InvalidRequest: Could not find repo: did:plc:h34ecnhz64pntkntamveyujj')
2026-03-26T18:28:35Z WARNING bsky_collector_v2.job.index_feed_generators: listRecords failed repo=did:plc:knhvygxknr2zkmfmcw4syvf5 err=HttpError('InvalidRequest: Could not find repo: did:plc:knhvygxknr2zkmfmcw4syvf5')
2026-03-26T18:28:35Z WARNING bsky_collector_v2.job.index_feed_generators: listRecords failed repo=did:plc:rs2frbvazkeqgj3ph4gvthd6 err=HttpError('InvalidRequest: Could not find repo: did:plc:rs2frbvazkeqgj3ph4gvthd6')
2026-03-26T18:28:35Z WARNING bsky_collector_v2.job.index_feed_generators: listRecords failed repo=did:plc:3xfheme43lh7tasksl2v32jn err=HttpError('InvalidRequest: Could not find repo: did:plc:3xfheme43lh7tasksl2v32jn')
2026-03-26T18:28:35Z WARNING bsky_collector_v2.job.index_feed_generators: listRecords failed repo=did:plc:h34ecnhz64pntkntamveyujj err=HttpError('InvalidRequest: Could not find repo: did:plc:h34ecnhz64pntkntamveyujj')
2026-03-26T18:28:35Z WARNING bsky_collector_v2.job.index_feed_generators: listRecords failed repo=did:plc:knhvygxknr2zkmfmcw4syvf5 err=HttpError('InvalidRequest: Could not find repo: did:plc:knhvygxknr2zkmfmcw4syvf5')
2026-03-26T18:28:35Z WARNING bsky_collector_v2.job.index_feed_generators: listRecords failed repo=did:plc:rs2frbvazkeqgj3ph4gvthd6 err=HttpError('InvalidRequest: Could not find repo: did:plc:rs2frbvazkeqgj3ph4gvthd6')
2026-03-26T18:28:35Z INFO bsky_collector_v2.job.index_feed_generators: enqueued repos page=16 mode=listRepos inserted=500 repos_returned=500 next_cursor=set
2026-03-26T18:28:36Z WARNING bsky_collector_v2.job.index_feed_generators: listRecords failed repo=did:plc:2m3zc66oveiu2w3lqpjy5trx err=HttpError('InvalidRequest: Could not find repo: did:plc:2m3zc66oveiu2w3lqpjy5trx')
2026-03-26T18:28:39Z WARNING bsky_collector_v2.job.index_feed_generators: listRecords failed repo=did:plc:46sothe6cuewgddtzbabodmr err=HttpError('InvalidRequest: Could not find repo: did:plc:46sothe6cuewgddtzbabodmr')
2026-03-26T18:28:44Z WARNING bsky_collector_v2.job.index_feed_generators: listRecords failed repo=did:plc:7fh44duyp7c2pyflqccwqivf err=HttpError('InvalidRequest: Could not find repo: did:plc:7fh44duyp7c2pyflqccwqivf')
2026-03-26T18:29:22Z WARNING bsky_collector_v2.job.index_feed_generators: listRecords failed repo=did:plc:qdkbco6rp6vuhtxifz4yuxw3 err=HttpError('InvalidRequest: Could not find repo: did:plc:qdkbco6rp6vuhtxifz4yuxw3')
2026-03-26T18:29:24Z WARNING bsky_collector_v2.job.index_feed_generators: listRecords failed repo=did:plc:rmoivah43jq6g2orvsj2rpic err=HttpError('InvalidRequest: Could not find repo: did:plc:rmoivah43jq6g2orvsj2rpic')
2026-03-26T18:29:35Z WARNING bsky_collector_v2.job.index_feed_generators: listRecords failed repo=did:plc:ws6gzjzlatvgnqitrkudjvmg err=HttpError('InvalidRequest: Could not find repo: did:plc:ws6gzjzlatvgnqitrkudjvmg')
2026-03-26T18:29:42Z WARNING bsky_collector_v2.job.index_feed_generators: listRecords failed repo=did:plc:2m3zc66oveiu2w3lqpjy5trx err=HttpError('InvalidRequest: Could not find repo: did:plc:2m3zc66oveiu2w3lqpjy5trx')
2026-03-26T18:29:42Z WARNING bsky_collector_v2.job.index_feed_generators: listRecords failed repo=did:plc:46sothe6cuewgddtzbabodmr err=HttpError('InvalidRequest: Could not find repo: did:plc:46sothe6cuewgddtzbabodmr')
2026-03-26T18:29:42Z WARNING bsky_collector_v2.job.index_feed_generators: listRecords failed repo=did:plc:7fh44duyp7c2pyflqccwqivf err=HttpError('InvalidRequest: Could not find repo: did:plc:7fh44duyp7c2pyflqccwqivf')
2026-03-26T18:29:43Z WARNING bsky_collector_v2.job.index_feed_generators: listRecords failed repo=did:plc:qdkbco6rp6vuhtxifz4yuxw3 err=HttpError('InvalidRequest: Could not find repo: did:plc:qdkbco6rp6vuhtxifz4yuxw3')
2026-03-26T18:29:43Z WARNING bsky_collector_v2.job.index_feed_generators: listRecords failed repo=did:plc:rmoivah43jq6g2orvsj2rpic err=HttpError('InvalidRequest: Could not find repo: did:plc:rmoivah43jq6g2orvsj2rpic')
2026-03-26T18:29:43Z WARNING bsky_collector_v2.job.index_feed_generators: listRecords failed repo=did:plc:ws6gzjzlatvgnqitrkudjvmg err=HttpError('InvalidRequest: Could not find repo: did:plc:ws6gzjzlatvgnqitrkudjvmg')
2026-03-26T18:29:43Z WARNING bsky_collector_v2.job.index_feed_generators: listRecords failed repo=did:plc:2m3zc66oveiu2w3lqpjy5trx err=HttpError('InvalidRequest: Could not find repo: did:plc:2m3zc66oveiu2w3lqpjy5trx')
2026-03-26T18:29:43Z WARNING bsky_collector_v2.job.index_feed_generators: listRecords failed repo=did:plc:46sothe6cuewgddtzbabodmr err=HttpError('InvalidRequest: Could not find repo: did:plc:46sothe6cuewgddtzbabodmr')
2026-03-26T18:29:43Z WARNING bsky_collector_v2.job.index_feed_generators: listRecords failed repo=did:plc:7fh44duyp7c2pyflqccwqivf err=HttpError('InvalidRequest: Could not find repo: did:plc:7fh44duyp7c2pyflqccwqivf')
2026-03-26T18:29:43Z WARNING bsky_collector_v2.job.index_feed_generators: listRecords failed repo=did:plc:qdkbco6rp6vuhtxifz4yuxw3 err=HttpError('InvalidRequest: Could not find repo: did:plc:qdkbco6rp6vuhtxifz4yuxw3')
2026-03-26T18:29:43Z WARNING bsky_collector_v2.job.index_feed_generators: listRecords failed repo=did:plc:rmoivah43jq6g2orvsj2rpic err=HttpError('InvalidRequest: Could not find repo: did:plc:rmoivah43jq6g2orvsj2rpic')
2026-03-26T18:29:43Z WARNING bsky_collector_v2.job.index_feed_generators: listRecords failed repo=did:plc:ws6gzjzlatvgnqitrkudjvmg err=HttpError('InvalidRequest: Could not find repo: did:plc:ws6gzjzlatvgnqitrkudjvmg')
2026-03-26T18:29:43Z INFO bsky_collector_v2.job.index_feed_generators: enqueued repos page=17 mode=listRepos inserted=500 repos_returned=500 next_cursor=set
2026-03-26T18:29:46Z WARNING bsky_collector_v2.job.index_feed_generators: listRecords failed repo=did:plc:37lp3bt5spwhjziw4esbzst5 err=HttpError('InvalidRequest: Could not find repo: did:plc:37lp3bt5spwhjziw4esbzst5')
2026-03-26T18:30:11Z WARNING bsky_collector_v2.job.index_feed_generators: listRecords failed repo=did:plc:hxksqk3ofcbldy2qxbsj4kpg err=HttpError('InvalidRequest: Could not find repo: did:plc:hxksqk3ofcbldy2qxbsj4kpg')
2026-03-26T18:30:16Z WARNING bsky_collector_v2.job.index_feed_generators: listRecords failed repo=did:plc:kp2xoflpenlba4cgud7uzhzm err=HttpError('InvalidRequest: Could not find repo: did:plc:kp2xoflpenlba4cgud7uzhzm')
2026-03-26T18:30:26Z WARNING bsky_collector_v2.job.index_feed_generators: listRecords failed repo=did:plc:pvnwqpfxg3uglivoxjny7brb err=HttpError('InvalidRequest: Could not find repo: did:plc:pvnwqpfxg3uglivoxjny7brb')
