2026-03-06T15:28:47Z INFO bsky_collector_v2: out_base ok path=D:\BlueSky\data_v2_full mount=D:\
2026-03-06T15:28:47Z INFO bsky_collector_v2: job start subcommand=index-feed-generators dry_run=False resume=True
2026-03-06T15:28:47Z INFO bsky_collector_v2.job.index_feed_generators: feed generator index hosts relay_host=https://bsky.network records_host=https://bsky.social auth=yes
2026-03-06T15:29:53Z WARNING bsky_collector_v2.job.index_feed_generators: listRecords failed repo=did:plc:ps7uol76pmpg7u4jntobh3iv err=HttpError('InvalidRequest: Could not find repo: did:plc:ps7uol76pmpg7u4jntobh3iv')
2026-03-06T15:30:30Z WARNING bsky_collector_v2.job.index_feed_generators: listRecords failed repo=did:plc:3l3dnz3vzyltu3zgjnekxzuf err=HttpError('InvalidRequest: Could not find repo: did:plc:3l3dnz3vzyltu3zgjnekxzuf')
2026-03-06T15:30:31Z WARNING bsky_collector_v2.job.index_feed_generators: listRecords failed repo=did:plc:ps7uol76pmpg7u4jntobh3iv err=HttpError('InvalidRequest: Could not find repo: did:plc:ps7uol76pmpg7u4jntobh3iv')
2026-03-06T15:30:31Z WARNING bsky_collector_v2.job.index_feed_generators: listRecords failed repo=did:plc:3l3dnz3vzyltu3zgjnekxzuf err=HttpError('InvalidRequest: Could not find repo: did:plc:3l3dnz3vzyltu3zgjnekxzuf')
2026-03-06T15:30:31Z WARNING bsky_collector_v2.job.index_feed_generators: listRecords failed repo=did:plc:ps7uol76pmpg7u4jntobh3iv err=HttpError('InvalidRequest: Could not find repo: did:plc:ps7uol76pmpg7u4jntobh3iv')
2026-03-06T15:30:31Z INFO bsky_collector_v2.job.index_feed_generators: enqueued repos page=1 mode=listRepos inserted=500 repos_returned=500 next_cursor=set
2026-03-06T15:31:09Z WARNING bsky_collector_v2.job.index_feed_generators: listRecords failed repo=did:plc:d2h3kavbdhy6tv6iduszwnm6 err=HttpError('InvalidRequest: Could not find repo: did:plc:d2h3kavbdhy6tv6iduszwnm6')
2026-03-06T15:31:20Z INFO bsky_collector_v2.job.index_feed_generators: indexed repo=did:plc:eumeujidf6qdy4bzghvlkfje part=339 records=1 next_cursor=set
2026-03-06T15:32:13Z WARNING bsky_collector_v2.job.index_feed_generators: listRecords failed repo=did:plc:vi27uwp3242zfitlem4xiclo err=HttpError('InvalidRequest: Could not find repo: did:plc:vi27uwp3242zfitlem4xiclo')
2026-03-06T15:32:28Z WARNING bsky_collector_v2.job.index_feed_generators: listRecords failed repo=did:plc:d2h3kavbdhy6tv6iduszwnm6 err=HttpError('InvalidRequest: Could not find repo: did:plc:d2h3kavbdhy6tv6iduszwnm6')
2026-03-06T15:32:28Z WARNING bsky_collector_v2.job.index_feed_generators: listRecords failed repo=did:plc:vi27uwp3242zfitlem4xiclo err=HttpError('InvalidRequest: Could not find repo: did:plc:vi27uwp3242zfitlem4xiclo')
2026-03-06T15:32:28Z WARNING bsky_collector_v2.job.index_feed_generators: listRecords failed repo=did:plc:d2h3kavbdhy6tv6iduszwnm6 err=HttpError('InvalidRequest: Could not find repo: did:plc:d2h3kavbdhy6tv6iduszwnm6')
2026-03-06T15:32:28Z WARNING bsky_collector_v2.job.index_feed_generators: listRecords failed repo=did:plc:vi27uwp3242zfitlem4xiclo err=HttpError('InvalidRequest: Could not find repo: did:plc:vi27uwp3242zfitlem4xiclo')
2026-03-06T15:32:29Z INFO bsky_collector_v2.job.index_feed_generators: enqueued repos page=2 mode=listRepos inserted=500 repos_returned=500 next_cursor=set
2026-03-06T15:34:08Z INFO bsky_collector_v2.job.index_feed_generators: enqueued repos page=3 mode=listRepos inserted=500 repos_returned=500 next_cursor=set
2026-03-06T15:34:13Z WARNING bsky_collector_v2.job.index_feed_generators: listRecords failed repo=did:plc:43xipwhde5akli7yohj6uxc4 err=HttpError('InvalidRequest: Could not find repo: did:plc:43xipwhde5akli7yohj6uxc4')
2026-03-06T15:34:52Z WARNING bsky_collector_v2.job.index_feed_generators: listRecords failed repo=did:plc:j4o4hcoieqgq4wlf7lii32vr err=HttpError('InvalidRequest: Could not find repo: did:plc:j4o4hcoieqgq4wlf7lii32vr')
2026-03-06T15:35:03Z INFO bsky_collector_v2.job.index_feed_generators: indexed repo=did:plc:naqd56wxnobn6734lakahftk part=340 records=1 next_cursor=set
2026-03-06T15:35:31Z WARNING bsky_collector_v2.job.index_feed_generators: listRecords failed repo=did:plc:vjgz5rf5iivcywna22nupgme err=HttpError('InvalidRequest: Could not find repo: did:plc:vjgz5rf5iivcywna22nupgme')
2026-03-06T15:35:43Z WARNING bsky_collector_v2.job.index_feed_generators: listRecords failed repo=did:plc:43xipwhde5akli7yohj6uxc4 err=HttpError('InvalidRequest: Could not find repo: did:plc:43xipwhde5akli7yohj6uxc4')
2026-03-06T15:35:43Z WARNING bsky_collector_v2.job.index_feed_generators: listRecords failed repo=did:plc:j4o4hcoieqgq4wlf7lii32vr err=HttpError('InvalidRequest: Could not find repo: did:plc:j4o4hcoieqgq4wlf7lii32vr')
2026-03-06T15:35:43Z WARNING bsky_collector_v2.job.index_feed_generators: listRecords failed repo=did:plc:vjgz5rf5iivcywna22nupgme err=HttpError('InvalidRequest: Could not find repo: did:plc:vjgz5rf5iivcywna22nupgme')
2026-03-06T15:35:43Z WARNING bsky_collector_v2.job.index_feed_generators: listRecords failed repo=did:plc:43xipwhde5akli7yohj6uxc4 err=HttpError('InvalidRequest: Could not find repo: did:plc:43xipwhde5akli7yohj6uxc4')
2026-03-06T15:35:43Z WARNING bsky_collector_v2.job.index_feed_generators: listRecords failed repo=did:plc:j4o4hcoieqgq4wlf7lii32vr err=HttpError('InvalidRequest: Could not find repo: did:plc:j4o4hcoieqgq4wlf7lii32vr')
2026-03-06T15:35:44Z WARNING bsky_collector_v2.job.index_feed_generators: listRecords failed repo=did:plc:vjgz5rf5iivcywna22nupgme err=HttpError('InvalidRequest: Could not find repo: did:plc:vjgz5rf5iivcywna22nupgme')
2026-03-06T15:35:44Z INFO bsky_collector_v2.job.index_feed_generators: enqueued repos page=4 mode=listRepos inserted=500 repos_returned=500 next_cursor=set
2026-03-06T15:36:36Z WARNING bsky_collector_v2.job.index_feed_generators: listRecords failed repo=did:plc:nabk5lkmzvtddv2hvojqzkbv err=HttpError('InvalidRequest: Could not find repo: did:plc:nabk5lkmzvtddv2hvojqzkbv')
2026-03-06T15:37:21Z WARNING bsky_collector_v2.job.index_feed_generators: listRecords failed repo=did:plc:nabk5lkmzvtddv2hvojqzkbv err=HttpError('InvalidRequest: Could not find repo: did:plc:nabk5lkmzvtddv2hvojqzkbv')
2026-03-06T15:37:22Z WARNING bsky_collector_v2.job.index_feed_generators: listRecords failed repo=did:plc:nabk5lkmzvtddv2hvojqzkbv err=HttpError('InvalidRequest: Could not find repo: did:plc:nabk5lkmzvtddv2hvojqzkbv')
2026-03-06T15:37:22Z INFO bsky_collector_v2.job.index_feed_generators: enqueued repos page=5 mode=listRepos inserted=500 repos_returned=500 next_cursor=set
2026-03-06T15:38:54Z WARNING bsky_collector_v2.job.index_feed_generators: listRecords failed repo=did:plc:wvdox3czq6wjnb63lxs6ux7g err=HttpError('InvalidRequest: Could not find repo: did:plc:wvdox3czq6wjnb63lxs6ux7g')
2026-03-06T15:39:05Z WARNING bsky_collector_v2.job.index_feed_generators: listRecords failed repo=did:plc:wvdox3czq6wjnb63lxs6ux7g err=HttpError('InvalidRequest: Could not find repo: did:plc:wvdox3czq6wjnb63lxs6ux7g')
2026-03-06T15:39:05Z WARNING bsky_collector_v2.job.index_feed_generators: listRecords failed repo=did:plc:wvdox3czq6wjnb63lxs6ux7g err=HttpError('InvalidRequest: Could not find repo: did:plc:wvdox3czq6wjnb63lxs6ux7g')
2026-03-06T15:39:06Z INFO bsky_collector_v2.job.index_feed_generators: enqueued repos page=6 mode=listRepos inserted=500 repos_returned=500 next_cursor=set
2026-03-06T15:39:35Z INFO bsky_collector_v2.job.index_feed_generators: indexed repo=did:plc:creblrpo44bjrnpphwpglqi6 part=341 records=1 next_cursor=set
2026-03-06T15:39:52Z WARNING bsky_collector_v2.job.index_feed_generators: listRecords failed repo=did:plc:huoqsthalnovo37axjq6eqzu err=HttpError('InvalidRequest: Could not find repo: did:plc:huoqsthalnovo37axjq6eqzu')
2026-03-06T15:40:26Z WARNING bsky_collector_v2.job.index_feed_generators: listRecords failed repo=did:plc:qhyxrdnj3b44dku4fmgehx5f err=HttpError('InvalidRequest: Could not find repo: did:plc:qhyxrdnj3b44dku4fmgehx5f')
2026-03-06T15:40:32Z WARNING bsky_collector_v2.job.index_feed_generators: listRecords failed repo=did:plc:sn5ry4jnaur2cncegc4p2c4c err=HttpError('InvalidRequest: Could not find repo: did:plc:sn5ry4jnaur2cncegc4p2c4c')
2026-03-06T15:40:49Z WARNING bsky_collector_v2.job.index_feed_generators: listRecords failed repo=did:plc:xiqjwic3mgxtdtc4yygbvcsa err=HttpError('InvalidRequest: Could not find repo: did:plc:xiqjwic3mgxtdtc4yygbvcsa')
2026-03-06T15:40:56Z WARNING bsky_collector_v2.job.index_feed_generators: listRecords failed repo=did:plc:huoqsthalnovo37axjq6eqzu err=HttpError('InvalidRequest: Could not find repo: did:plc:huoqsthalnovo37axjq6eqzu')
2026-03-06T15:40:56Z WARNING bsky_collector_v2.job.index_feed_generators: listRecords failed repo=did:plc:qhyxrdnj3b44dku4fmgehx5f err=HttpError('InvalidRequest: Could not find repo: did:plc:qhyxrdnj3b44dku4fmgehx5f')
2026-03-06T15:40:56Z WARNING bsky_collector_v2.job.index_feed_generators: listRecords failed repo=did:plc:sn5ry4jnaur2cncegc4p2c4c err=HttpError('InvalidRequest: Could not find repo: did:plc:sn5ry4jnaur2cncegc4p2c4c')
2026-03-06T15:40:56Z WARNING bsky_collector_v2.job.index_feed_generators: listRecords failed repo=did:plc:xiqjwic3mgxtdtc4yygbvcsa err=HttpError('InvalidRequest: Could not find repo: did:plc:xiqjwic3mgxtdtc4yygbvcsa')
2026-03-06T15:40:56Z WARNING bsky_collector_v2.job.index_feed_generators: listRecords failed repo=did:plc:huoqsthalnovo37axjq6eqzu err=HttpError('InvalidRequest: Could not find repo: did:plc:huoqsthalnovo37axjq6eqzu')
2026-03-06T15:40:56Z WARNING bsky_collector_v2.job.index_feed_generators: listRecords failed repo=did:plc:qhyxrdnj3b44dku4fmgehx5f err=HttpError('InvalidRequest: Could not find repo: did:plc:qhyxrdnj3b44dku4fmgehx5f')
2026-03-06T15:40:56Z WARNING bsky_collector_v2.job.index_feed_generators: listRecords failed repo=did:plc:sn5ry4jnaur2cncegc4p2c4c err=HttpError('InvalidRequest: Could not find repo: did:plc:sn5ry4jnaur2cncegc4p2c4c')
2026-03-06T15:40:56Z WARNING bsky_collector_v2.job.index_feed_generators: listRecords failed repo=did:plc:xiqjwic3mgxtdtc4yygbvcsa err=HttpError('InvalidRequest: Could not find repo: did:plc:xiqjwic3mgxtdtc4yygbvcsa')
2026-03-06T15:40:57Z INFO bsky_collector_v2.job.index_feed_generators: enqueued repos page=7 mode=listRepos inserted=500 repos_returned=500 next_cursor=set
2026-03-06T15:42:03Z WARNING bsky_collector_v2.job.index_feed_generators: listRecords failed repo=did:plc:lvgjjc24uws2is2or6gyeecy err=HttpError('InvalidRequest: Could not find repo: did:plc:lvgjjc24uws2is2or6gyeecy')
2026-03-06T15:42:22Z WARNING bsky_collector_v2.job.index_feed_generators: listRecords failed repo=did:plc:rr73oeab7pbira44cskvf3j7 err=HttpError('InvalidRequest: Could not find repo: did:plc:rr73oeab7pbira44cskvf3j7')
2026-03-06T15:42:49Z WARNING bsky_collector_v2.job.index_feed_generators: listRecords failed repo=did:plc:lvgjjc24uws2is2or6gyeecy err=HttpError('InvalidRequest: Could not find repo: did:plc:lvgjjc24uws2is2or6gyeecy')
2026-03-06T15:42:49Z WARNING bsky_collector_v2.job.index_feed_generators: listRecords failed repo=did:plc:rr73oeab7pbira44cskvf3j7 err=HttpError('InvalidRequest: Could not find repo: did:plc:rr73oeab7pbira44cskvf3j7')
2026-03-06T15:42:49Z WARNING bsky_collector_v2.job.index_feed_generators: listRecords failed repo=did:plc:lvgjjc24uws2is2or6gyeecy err=HttpError('InvalidRequest: Could not find repo: did:plc:lvgjjc24uws2is2or6gyeecy')
2026-03-06T15:42:49Z WARNING bsky_collector_v2.job.index_feed_generators: listRecords failed repo=did:plc:rr73oeab7pbira44cskvf3j7 err=HttpError('InvalidRequest: Could not find repo: did:plc:rr73oeab7pbira44cskvf3j7')
2026-03-06T15:42:49Z INFO bsky_collector_v2.job.index_feed_generators: enqueued repos page=8 mode=listRepos inserted=500 repos_returned=500 next_cursor=set
2026-03-06T15:44:26Z INFO bsky_collector_v2.job.index_feed_generators: enqueued repos page=9 mode=listRepos inserted=500 repos_returned=500 next_cursor=set
2026-03-06T15:45:01Z WARNING bsky_collector_v2.job.index_feed_generators: listRecords failed repo=did:plc:fqzuu3dcm4sms7h3ziew4s7f err=HttpError('InvalidRequest: Could not find repo: did:plc:fqzuu3dcm4sms7h3ziew4s7f')
2026-03-06T15:45:27Z WARNING bsky_collector_v2.job.index_feed_generators: listRecords failed repo=did:plc:onx2ju2sfdzoy6b7rl6knosv err=HttpError('InvalidRequest: Could not find repo: did:plc:onx2ju2sfdzoy6b7rl6knosv')
2026-03-06T15:45:59Z WARNING bsky_collector_v2.job.index_feed_generators: listRecords failed repo=did:plc:fqzuu3dcm4sms7h3ziew4s7f err=HttpError('InvalidRequest: Could not find repo: did:plc:fqzuu3dcm4sms7h3ziew4s7f')
2026-03-06T15:45:59Z WARNING bsky_collector_v2.job.index_feed_generators: listRecords failed repo=did:plc:onx2ju2sfdzoy6b7rl6knosv err=HttpError('InvalidRequest: Could not find repo: did:plc:onx2ju2sfdzoy6b7rl6knosv')
2026-03-06T15:45:59Z WARNING bsky_collector_v2.job.index_feed_generators: listRecords failed repo=did:plc:fqzuu3dcm4sms7h3ziew4s7f err=HttpError('InvalidRequest: Could not find repo: did:plc:fqzuu3dcm4sms7h3ziew4s7f')
2026-03-06T15:45:59Z WARNING bsky_collector_v2.job.index_feed_generators: listRecords failed repo=did:plc:onx2ju2sfdzoy6b7rl6knosv err=HttpError('InvalidRequest: Could not find repo: did:plc:onx2ju2sfdzoy6b7rl6knosv')
2026-03-06T15:46:00Z INFO bsky_collector_v2.job.index_feed_generators: enqueued repos page=10 mode=listRepos inserted=500 repos_returned=500 next_cursor=set
2026-03-06T15:46:40Z INFO bsky_collector_v2.job.index_feed_generators: indexed repo=did:plc:fpbx6veptpx2ylxfsmbtyytv part=342 records=1 next_cursor=set
2026-03-06T15:47:50Z INFO bsky_collector_v2.job.index_feed_generators: enqueued repos page=11 mode=listRepos inserted=500 repos_returned=500 next_cursor=set
2026-03-06T15:49:08Z WARNING bsky_collector_v2.job.index_feed_generators: listRecords failed repo=did:plc:uw5ptgnqtko4u32a4gcv3mqb err=HttpError('InvalidRequest: Could not find repo: did:plc:uw5ptgnqtko4u32a4gcv3mqb')
2026-03-06T15:49:25Z WARNING bsky_collector_v2.job.index_feed_generators: listRecords failed repo=did:plc:uw5ptgnqtko4u32a4gcv3mqb err=HttpError('InvalidRequest: Could not find repo: did:plc:uw5ptgnqtko4u32a4gcv3mqb')
2026-03-06T15:49:25Z WARNING bsky_collector_v2.job.index_feed_generators: listRecords failed repo=did:plc:uw5ptgnqtko4u32a4gcv3mqb err=HttpError('InvalidRequest: Could not find repo: did:plc:uw5ptgnqtko4u32a4gcv3mqb')
2026-03-06T15:49:26Z INFO bsky_collector_v2.job.index_feed_generators: enqueued repos page=12 mode=listRepos inserted=500 repos_returned=500 next_cursor=set
2026-03-06T15:49:41Z WARNING bsky_collector_v2.job.index_feed_generators: listRecords failed repo=did:plc:6p2docmzukqxzzbgnxsawo62 err=HttpError('InvalidRequest: Could not find repo: did:plc:6p2docmzukqxzzbgnxsawo62')
2026-03-06T15:49:51Z WARNING bsky_collector_v2.job.index_feed_generators: listRecords failed repo=did:plc:bpwi5uty3n7jfqy2x4vnlr55 err=HttpError('InvalidRequest: Could not find repo: did:plc:bpwi5uty3n7jfqy2x4vnlr55')
2026-03-06T15:50:13Z WARNING bsky_collector_v2.job.index_feed_generators: listRecords failed repo=did:plc:iti45tly7p7grfq4vkqm2sh3 err=HttpError('InvalidRequest: Could not find repo: did:plc:iti45tly7p7grfq4vkqm2sh3')
2026-03-06T15:50:36Z INFO bsky_collector_v2.job.index_feed_generators: indexed repo=did:plc:qkzmh4v7gl7eoxreu6fwgjej part=343 records=1 next_cursor=set
2026-03-06T15:50:36Z WARNING bsky_collector_v2.job.index_feed_generators: listRecords failed repo=did:plc:quve4t6smmshcnszlgm2lryb err=HttpError('InvalidRequest: Could not find repo: did:plc:quve4t6smmshcnszlgm2lryb')
2026-03-06T15:51:12Z WARNING bsky_collector_v2.job.index_feed_generators: listRecords failed repo=did:plc:6p2docmzukqxzzbgnxsawo62 err=HttpError('InvalidRequest: Could not find repo: did:plc:6p2docmzukqxzzbgnxsawo62')
2026-03-06T15:51:12Z WARNING bsky_collector_v2.job.index_feed_generators: listRecords failed repo=did:plc:bpwi5uty3n7jfqy2x4vnlr55 err=HttpError('InvalidRequest: Could not find repo: did:plc:bpwi5uty3n7jfqy2x4vnlr55')
2026-03-06T15:51:12Z WARNING bsky_collector_v2.job.index_feed_generators: listRecords failed repo=did:plc:iti45tly7p7grfq4vkqm2sh3 err=HttpError('InvalidRequest: Could not find repo: did:plc:iti45tly7p7grfq4vkqm2sh3')
2026-03-06T15:51:13Z WARNING bsky_collector_v2.job.index_feed_generators: listRecords failed repo=did:plc:quve4t6smmshcnszlgm2lryb err=HttpError('InvalidRequest: Could not find repo: did:plc:quve4t6smmshcnszlgm2lryb')
2026-03-06T15:51:13Z WARNING bsky_collector_v2.job.index_feed_generators: listRecords failed repo=did:plc:6p2docmzukqxzzbgnxsawo62 err=HttpError('InvalidRequest: Could not find repo: did:plc:6p2docmzukqxzzbgnxsawo62')
2026-03-06T15:51:13Z WARNING bsky_collector_v2.job.index_feed_generators: listRecords failed repo=did:plc:bpwi5uty3n7jfqy2x4vnlr55 err=HttpError('InvalidRequest: Could not find repo: did:plc:bpwi5uty3n7jfqy2x4vnlr55')
2026-03-06T15:51:13Z WARNING bsky_collector_v2.job.index_feed_generators: listRecords failed repo=did:plc:iti45tly7p7grfq4vkqm2sh3 err=HttpError('InvalidRequest: Could not find repo: did:plc:iti45tly7p7grfq4vkqm2sh3')
2026-03-06T15:51:13Z WARNING bsky_collector_v2.job.index_feed_generators: listRecords failed repo=did:plc:quve4t6smmshcnszlgm2lryb err=HttpError('InvalidRequest: Could not find repo: did:plc:quve4t6smmshcnszlgm2lryb')
2026-03-06T15:51:14Z INFO bsky_collector_v2.job.index_feed_generators: enqueued repos page=13 mode=listRepos inserted=500 repos_returned=500 next_cursor=set
2026-03-06T15:52:18Z INFO bsky_collector_v2.job.index_feed_generators: indexed repo=did:plc:nvujxendfew3ocae6ivjhswh part=344 records=1 next_cursor=set
2026-03-06T15:52:45Z INFO bsky_collector_v2.job.index_feed_generators: indexed repo=did:plc:tz45rben2kkv2vcahflgdtlt part=345 records=4 next_cursor=set
2026-03-06T15:53:07Z INFO bsky_collector_v2.job.index_feed_generators: enqueued repos page=14 mode=listRepos inserted=500 repos_returned=500 next_cursor=set
2026-03-06T15:53:20Z WARNING bsky_collector_v2.job.index_feed_generators: listRecords failed repo=did:plc:6qeasq7xuzfppzf652mxi5ry err=HttpError('InvalidRequest: Could not find repo: did:plc:6qeasq7xuzfppzf652mxi5ry')
2026-03-06T15:53:40Z WARNING bsky_collector_v2.job.index_feed_generators: listRecords failed repo=did:plc:f4didar4w3akmoec5qhiai6z err=HttpError('InvalidRequest: Could not find repo: did:plc:f4didar4w3akmoec5qhiai6z')
2026-03-06T15:54:55Z WARNING bsky_collector_v2.job.index_feed_generators: listRecords failed repo=did:plc:6qeasq7xuzfppzf652mxi5ry err=HttpError('InvalidRequest: Could not find repo: did:plc:6qeasq7xuzfppzf652mxi5ry')
2026-03-06T15:54:55Z WARNING bsky_collector_v2.job.index_feed_generators: listRecords failed repo=did:plc:f4didar4w3akmoec5qhiai6z err=HttpError('InvalidRequest: Could not find repo: did:plc:f4didar4w3akmoec5qhiai6z')
2026-03-06T15:54:55Z WARNING bsky_collector_v2.job.index_feed_generators: listRecords failed repo=did:plc:6qeasq7xuzfppzf652mxi5ry err=HttpError('InvalidRequest: Could not find repo: did:plc:6qeasq7xuzfppzf652mxi5ry')
2026-03-06T15:54:56Z WARNING bsky_collector_v2.job.index_feed_generators: listRecords failed repo=did:plc:f4didar4w3akmoec5qhiai6z err=HttpError('InvalidRequest: Could not find repo: did:plc:f4didar4w3akmoec5qhiai6z')
2026-03-06T15:54:56Z INFO bsky_collector_v2.job.index_feed_generators: enqueued repos page=15 mode=listRepos inserted=500 repos_returned=500 next_cursor=set
2026-03-06T15:55:07Z WARNING bsky_collector_v2.job.index_feed_generators: listRecords failed repo=did:plc:5vtcpabj7mnx2pt2fhuz63kz err=HttpError('InvalidRequest: Could not find repo: did:plc:5vtcpabj7mnx2pt2fhuz63kz')
2026-03-06T15:55:14Z WARNING bsky_collector_v2.job.index_feed_generators: listRecords failed repo=did:plc:7tcby73dza53qaihtearkuf5 err=HttpError('InvalidRequest: Could not find repo: did:plc:7tcby73dza53qaihtearkuf5')
2026-03-06T15:57:03Z WARNING bsky_collector_v2.job.index_feed_generators: listRecords failed repo=did:plc:5vtcpabj7mnx2pt2fhuz63kz err=HttpError('InvalidRequest: Could not find repo: did:plc:5vtcpabj7mnx2pt2fhuz63kz')
2026-03-06T15:57:03Z WARNING bsky_collector_v2.job.index_feed_generators: listRecords failed repo=did:plc:7tcby73dza53qaihtearkuf5 err=HttpError('InvalidRequest: Could not find repo: did:plc:7tcby73dza53qaihtearkuf5')
2026-03-06T15:57:03Z WARNING bsky_collector_v2.job.index_feed_generators: listRecords failed repo=did:plc:5vtcpabj7mnx2pt2fhuz63kz err=HttpError('InvalidRequest: Could not find repo: did:plc:5vtcpabj7mnx2pt2fhuz63kz')
2026-03-06T15:57:04Z WARNING bsky_collector_v2.job.index_feed_generators: listRecords failed repo=did:plc:7tcby73dza53qaihtearkuf5 err=HttpError('InvalidRequest: Could not find repo: did:plc:7tcby73dza53qaihtearkuf5')
2026-03-06T15:57:04Z INFO bsky_collector_v2.job.index_feed_generators: enqueued repos page=16 mode=listRepos inserted=500 repos_returned=500 next_cursor=set
2026-03-06T15:58:11Z WARNING bsky_collector_v2.job.index_feed_generators: listRecords failed repo=did:plc:qj7trhqbfe7xslji2llxszqs err=HttpError('InvalidRequest: Could not find repo: did:plc:qj7trhqbfe7xslji2llxszqs')
2026-03-06T15:58:40Z INFO bsky_collector_v2.job.index_feed_generators: indexed repo=did:plc:zubknlb3xebkkaebqxslxvmv part=346 records=1 next_cursor=set
2026-03-06T15:58:41Z WARNING bsky_collector_v2.job.index_feed_generators: listRecords failed repo=did:plc:qj7trhqbfe7xslji2llxszqs err=HttpError('InvalidRequest: Could not find repo: did:plc:qj7trhqbfe7xslji2llxszqs')
2026-03-06T15:58:41Z WARNING bsky_collector_v2.job.index_feed_generators: listRecords failed repo=did:plc:qj7trhqbfe7xslji2llxszqs err=HttpError('InvalidRequest: Could not find repo: did:plc:qj7trhqbfe7xslji2llxszqs')
2026-03-06T15:58:42Z INFO bsky_collector_v2.job.index_feed_generators: enqueued repos page=17 mode=listRepos inserted=500 repos_returned=500 next_cursor=set
2026-03-06T15:59:01Z WARNING bsky_collector_v2.job.index_feed_generators: listRecords failed repo=did:plc:7q7bjr64hzqbxvqjmi5umxhy err=HttpError('InvalidRequest: Could not find repo: did:plc:7q7bjr64hzqbxvqjmi5umxhy')
2026-03-06T15:59:23Z INFO bsky_collector_v2.job.index_feed_generators: indexed repo=did:plc:hxdmpuczxrsv3kbj2xxsf23o part=347 records=1 next_cursor=set
2026-03-06T15:59:27Z INFO bsky_collector_v2.job.index_feed_generators: indexed repo=did:plc:iuie3yjw5dpjrkzp3ypojage part=348 records=1 next_cursor=set
2026-03-06T16:00:18Z WARNING bsky_collector_v2.job.index_feed_generators: listRecords failed repo=did:plc:7q7bjr64hzqbxvqjmi5umxhy err=HttpError('InvalidRequest: Could not find repo: did:plc:7q7bjr64hzqbxvqjmi5umxhy')
2026-03-06T16:00:18Z WARNING bsky_collector_v2.job.index_feed_generators: listRecords failed repo=did:plc:7q7bjr64hzqbxvqjmi5umxhy err=HttpError('InvalidRequest: Could not find repo: did:plc:7q7bjr64hzqbxvqjmi5umxhy')
2026-03-06T16:00:19Z INFO bsky_collector_v2.job.index_feed_generators: enqueued repos page=18 mode=listRepos inserted=500 repos_returned=500 next_cursor=set
2026-03-06T16:01:00Z INFO bsky_collector_v2.job.index_feed_generators: indexed repo=did:plc:hwaa4qtmo76g3cfhncfynzhw part=349 records=2 next_cursor=set
2026-03-06T16:01:05Z WARNING bsky_collector_v2.job.index_feed_generators: listRecords failed repo=did:plc:j7fjwxhgf474a5b6buvhfqvm err=HttpError('InvalidRequest: Could not find repo: did:plc:j7fjwxhgf474a5b6buvhfqvm')
2026-03-06T16:01:16Z INFO bsky_collector_v2.job.index_feed_generators: indexed repo=did:plc:n2utt6yurafk7qdhdk5jbyok part=350 records=1 next_cursor=set
2026-03-06T16:01:47Z INFO bsky_collector_v2.job.index_feed_generators: indexed repo=did:plc:xbukrj5iwlc5u7x7sm4fqoen part=351 records=7 next_cursor=set
2026-03-06T16:01:54Z WARNING bsky_collector_v2.job.index_feed_generators: listRecords failed repo=did:plc:j7fjwxhgf474a5b6buvhfqvm err=HttpError('InvalidRequest: Could not find repo: did:plc:j7fjwxhgf474a5b6buvhfqvm')
2026-03-06T16:01:54Z WARNING bsky_collector_v2.job.index_feed_generators: listRecords failed repo=did:plc:j7fjwxhgf474a5b6buvhfqvm err=HttpError('InvalidRequest: Could not find repo: did:plc:j7fjwxhgf474a5b6buvhfqvm')
2026-03-06T16:01:55Z INFO bsky_collector_v2.job.index_feed_generators: enqueued repos page=19 mode=listRepos inserted=500 repos_returned=500 next_cursor=set
2026-03-06T16:02:01Z INFO bsky_collector_v2.job.index_feed_generators: indexed repo=did:plc:3344bj4myp645rvwsmee4pqy part=352 records=6 next_cursor=set
2026-03-06T16:02:09Z WARNING bsky_collector_v2.job.index_feed_generators: listRecords failed repo=did:plc:43s3t6aptli3bsehvgppticl err=HttpError('InvalidRequest: Could not find repo: did:plc:43s3t6aptli3bsehvgppticl')
2026-03-06T16:03:38Z WARNING bsky_collector_v2.job.index_feed_generators: listRecords failed repo=did:plc:xog6tqfw42zwkzygsws5bk2f err=HttpError('InvalidRequest: Could not find repo: did:plc:xog6tqfw42zwkzygsws5bk2f')
2026-03-06T16:03:46Z WARNING bsky_collector_v2.job.index_feed_generators: listRecords failed repo=did:plc:43s3t6aptli3bsehvgppticl err=HttpError('InvalidRequest: Could not find repo: did:plc:43s3t6aptli3bsehvgppticl')
2026-03-06T16:03:47Z WARNING bsky_collector_v2.job.index_feed_generators: listRecords failed repo=did:plc:xog6tqfw42zwkzygsws5bk2f err=HttpError('InvalidRequest: Could not find repo: did:plc:xog6tqfw42zwkzygsws5bk2f')
2026-03-06T16:03:47Z WARNING bsky_collector_v2.job.index_feed_generators: listRecords failed repo=did:plc:43s3t6aptli3bsehvgppticl err=HttpError('InvalidRequest: Could not find repo: did:plc:43s3t6aptli3bsehvgppticl')
2026-03-06T16:03:47Z WARNING bsky_collector_v2.job.index_feed_generators: listRecords failed repo=did:plc:xog6tqfw42zwkzygsws5bk2f err=HttpError('InvalidRequest: Could not find repo: did:plc:xog6tqfw42zwkzygsws5bk2f')
2026-03-06T16:03:48Z INFO bsky_collector_v2.job.index_feed_generators: enqueued repos page=20 mode=listRepos inserted=500 repos_returned=500 next_cursor=set
2026-03-06T16:05:29Z INFO bsky_collector_v2.job.index_feed_generators: enqueued repos page=21 mode=listRepos inserted=500 repos_returned=500 next_cursor=set
2026-03-06T16:06:29Z WARNING bsky_collector_v2.job.index_feed_generators: listRecords failed repo=did:plc:o7qmf25hy7f5dzsbvxqzwrdx err=HttpError('InvalidRequest: Could not find repo: did:plc:o7qmf25hy7f5dzsbvxqzwrdx')
2026-03-06T16:07:03Z WARNING bsky_collector_v2.job.index_feed_generators: listRecords failed repo=did:plc:o7qmf25hy7f5dzsbvxqzwrdx err=HttpError('InvalidRequest: Could not find repo: did:plc:o7qmf25hy7f5dzsbvxqzwrdx')
2026-03-06T16:07:03Z WARNING bsky_collector_v2.job.index_feed_generators: listRecords failed repo=did:plc:o7qmf25hy7f5dzsbvxqzwrdx err=HttpError('InvalidRequest: Could not find repo: did:plc:o7qmf25hy7f5dzsbvxqzwrdx')
2026-03-06T16:07:04Z INFO bsky_collector_v2.job.index_feed_generators: enqueued repos page=22 mode=listRepos inserted=500 repos_returned=500 next_cursor=set
2026-03-06T16:07:30Z WARNING bsky_collector_v2.job.index_feed_generators: listRecords failed repo=did:plc:bgqys7rx6pka54joe5un5kun err=HttpError('InvalidRequest: Could not find repo: did:plc:bgqys7rx6pka54joe5un5kun')
2026-03-06T16:07:54Z WARNING bsky_collector_v2.job.index_feed_generators: listRecords failed repo=did:plc:k565akxfofexg7etrxxcbjsf err=HttpError('InvalidRequest: Could not find repo: did:plc:k565akxfofexg7etrxxcbjsf')
2026-03-06T16:08:36Z INFO bsky_collector_v2.job.index_feed_generators: indexed repo=did:plc:zhij2kq3iz3svnoheqbfxv3t part=353 records=1 next_cursor=set
2026-03-06T16:08:37Z WARNING bsky_collector_v2.job.index_feed_generators: listRecords failed repo=did:plc:bgqys7rx6pka54joe5un5kun err=HttpError('InvalidRequest: Could not find repo: did:plc:bgqys7rx6pka54joe5un5kun')
2026-03-06T16:08:37Z WARNING bsky_collector_v2.job.index_feed_generators: listRecords failed repo=did:plc:k565akxfofexg7etrxxcbjsf err=HttpError('InvalidRequest: Could not find repo: did:plc:k565akxfofexg7etrxxcbjsf')
2026-03-06T16:08:37Z WARNING bsky_collector_v2.job.index_feed_generators: listRecords failed repo=did:plc:bgqys7rx6pka54joe5un5kun err=HttpError('InvalidRequest: Could not find repo: did:plc:bgqys7rx6pka54joe5un5kun')
2026-03-06T16:08:37Z WARNING bsky_collector_v2.job.index_feed_generators: listRecords failed repo=did:plc:k565akxfofexg7etrxxcbjsf err=HttpError('InvalidRequest: Could not find repo: did:plc:k565akxfofexg7etrxxcbjsf')
2026-03-06T16:08:37Z INFO bsky_collector_v2.job.index_feed_generators: enqueued repos page=23 mode=listRepos inserted=500 repos_returned=500 next_cursor=set
2026-03-06T16:08:41Z WARNING bsky_collector_v2.job.index_feed_generators: listRecords failed repo=did:plc:2xuvpv372vy7xqtcraqgnspm err=HttpError('InvalidRequest: Could not find repo: did:plc:2xuvpv372vy7xqtcraqgnspm')
2026-03-06T16:09:01Z WARNING bsky_collector_v2.job.index_feed_generators: listRecords failed repo=did:plc:7f7sk2tacwgl57hiqgcv5dnj err=HttpError('InvalidRequest: Could not find repo: did:plc:7f7sk2tacwgl57hiqgcv5dnj')
2026-03-06T16:09:39Z WARNING bsky_collector_v2.job.index_feed_generators: listRecords failed repo=did:plc:lfrl3dbsp7xlatinf6b3iz5e err=HttpError('InvalidRequest: Could not find repo: did:plc:lfrl3dbsp7xlatinf6b3iz5e')
2026-03-06T16:10:01Z INFO bsky_collector_v2.job.index_feed_generators: indexed repo=did:plc:stajitnrekp26s6an5v6feq7 part=354 records=3 next_cursor=set
2026-03-06T16:10:15Z WARNING bsky_collector_v2.job.index_feed_generators: listRecords failed repo=did:plc:xs264rxwnfsnaibsbgygdrf5 err=HttpError('InvalidRequest: Could not find repo: did:plc:xs264rxwnfsnaibsbgygdrf5')
2026-03-06T16:10:22Z WARNING bsky_collector_v2.job.index_feed_generators: listRecords failed repo=did:plc:2xuvpv372vy7xqtcraqgnspm err=HttpError('InvalidRequest: Could not find repo: did:plc:2xuvpv372vy7xqtcraqgnspm')
2026-03-06T16:10:22Z WARNING bsky_collector_v2.job.index_feed_generators: listRecords failed repo=did:plc:7f7sk2tacwgl57hiqgcv5dnj err=HttpError('InvalidRequest: Could not find repo: did:plc:7f7sk2tacwgl57hiqgcv5dnj')
2026-03-06T16:10:22Z WARNING bsky_collector_v2.job.index_feed_generators: listRecords failed repo=did:plc:lfrl3dbsp7xlatinf6b3iz5e err=HttpError('InvalidRequest: Could not find repo: did:plc:lfrl3dbsp7xlatinf6b3iz5e')
2026-03-06T16:10:22Z WARNING bsky_collector_v2.job.index_feed_generators: listRecords failed repo=did:plc:xs264rxwnfsnaibsbgygdrf5 err=HttpError('InvalidRequest: Could not find repo: did:plc:xs264rxwnfsnaibsbgygdrf5')
2026-03-06T16:10:22Z WARNING bsky_collector_v2.job.index_feed_generators: listRecords failed repo=did:plc:2xuvpv372vy7xqtcraqgnspm err=HttpError('InvalidRequest: Could not find repo: did:plc:2xuvpv372vy7xqtcraqgnspm')
2026-03-06T16:10:22Z WARNING bsky_collector_v2.job.index_feed_generators: listRecords failed repo=did:plc:7f7sk2tacwgl57hiqgcv5dnj err=HttpError('InvalidRequest: Could not find repo: did:plc:7f7sk2tacwgl57hiqgcv5dnj')
2026-03-06T16:10:22Z WARNING bsky_collector_v2.job.index_feed_generators: listRecords failed repo=did:plc:lfrl3dbsp7xlatinf6b3iz5e err=HttpError('InvalidRequest: Could not find repo: did:plc:lfrl3dbsp7xlatinf6b3iz5e')
2026-03-06T16:10:22Z WARNING bsky_collector_v2.job.index_feed_generators: listRecords failed repo=did:plc:xs264rxwnfsnaibsbgygdrf5 err=HttpError('InvalidRequest: Could not find repo: did:plc:xs264rxwnfsnaibsbgygdrf5')
2026-03-06T16:10:23Z INFO bsky_collector_v2.job.index_feed_generators: enqueued repos page=24 mode=listRepos inserted=500 repos_returned=500 next_cursor=set
2026-03-06T16:10:41Z WARNING bsky_collector_v2.job.index_feed_generators: listRecords failed repo=did:plc:afkq2nysafydohw4brpatwc7 err=HttpError('InvalidRequest: Could not find repo: did:plc:afkq2nysafydohw4brpatwc7')
2026-03-06T16:11:06Z WARNING bsky_collector_v2.job.index_feed_generators: listRecords failed repo=did:plc:iugw7op2ul5wy7uylglwgl5u err=HttpError('InvalidRequest: Could not find repo: did:plc:iugw7op2ul5wy7uylglwgl5u')
2026-03-06T16:11:29Z INFO bsky_collector_v2.job.index_feed_generators: indexed repo=did:plc:rnj6gbhuubmh5i224nhmp373 part=355 records=1 next_cursor=set
2026-03-06T16:12:02Z WARNING bsky_collector_v2.job.index_feed_generators: listRecords failed repo=did:plc:afkq2nysafydohw4brpatwc7 err=HttpError('InvalidRequest: Could not find repo: did:plc:afkq2nysafydohw4brpatwc7')
2026-03-06T16:12:03Z WARNING bsky_collector_v2.job.index_feed_generators: listRecords failed repo=did:plc:iugw7op2ul5wy7uylglwgl5u err=HttpError('InvalidRequest: Could not find repo: did:plc:iugw7op2ul5wy7uylglwgl5u')
2026-03-06T16:12:03Z WARNING bsky_collector_v2.job.index_feed_generators: listRecords failed repo=did:plc:afkq2nysafydohw4brpatwc7 err=HttpError('InvalidRequest: Could not find repo: did:plc:afkq2nysafydohw4brpatwc7')
2026-03-06T16:12:03Z WARNING bsky_collector_v2.job.index_feed_generators: listRecords failed repo=did:plc:iugw7op2ul5wy7uylglwgl5u err=HttpError('InvalidRequest: Could not find repo: did:plc:iugw7op2ul5wy7uylglwgl5u')
2026-03-06T16:12:04Z INFO bsky_collector_v2.job.index_feed_generators: enqueued repos page=25 mode=listRepos inserted=500 repos_returned=500 next_cursor=set
2026-03-06T16:13:40Z INFO bsky_collector_v2.job.index_feed_generators: enqueued repos page=26 mode=listRepos inserted=500 repos_returned=500 next_cursor=set
2026-03-06T16:15:29Z INFO bsky_collector_v2.job.index_feed_generators: enqueued repos page=27 mode=listRepos inserted=500 repos_returned=500 next_cursor=set
2026-03-06T16:16:25Z WARNING bsky_collector_v2.job.index_feed_generators: listRecords failed repo=did:plc:mt2hwxl2o3zuikcfpcc4k2nx err=HttpError('InvalidRequest: Could not find repo: did:plc:mt2hwxl2o3zuikcfpcc4k2nx')
2026-03-06T16:17:05Z WARNING bsky_collector_v2.job.index_feed_generators: listRecords failed repo=did:plc:mt2hwxl2o3zuikcfpcc4k2nx err=HttpError('InvalidRequest: Could not find repo: did:plc:mt2hwxl2o3zuikcfpcc4k2nx')
2026-03-06T16:17:05Z WARNING bsky_collector_v2.job.index_feed_generators: listRecords failed repo=did:plc:mt2hwxl2o3zuikcfpcc4k2nx err=HttpError('InvalidRequest: Could not find repo: did:plc:mt2hwxl2o3zuikcfpcc4k2nx')
2026-03-06T16:17:05Z INFO bsky_collector_v2.job.index_feed_generators: enqueued repos page=28 mode=listRepos inserted=500 repos_returned=500 next_cursor=set
2026-03-06T16:17:42Z INFO bsky_collector_v2.job.index_feed_generators: indexed repo=did:plc:gfpjzrt4v33pzivr5p2ym26f part=356 records=2 next_cursor=set
2026-03-06T16:17:57Z INFO bsky_collector_v2.job.index_feed_generators: indexed repo=did:plc:l3om632jwu4iq6xfmsfu4gx3 part=357 records=1 next_cursor=set
2026-03-06T16:18:59Z INFO bsky_collector_v2.job.index_feed_generators: enqueued repos page=29 mode=listRepos inserted=500 repos_returned=500 next_cursor=set
2026-03-06T16:19:55Z WARNING bsky_collector_v2.job.index_feed_generators: listRecords failed repo=did:plc:mxq63rvtofwzzf7fuxqguyje err=HttpError('InvalidRequest: Could not find repo: did:plc:mxq63rvtofwzzf7fuxqguyje')
2026-03-06T16:20:08Z WARNING bsky_collector_v2.job.index_feed_generators: listRecords failed repo=did:plc:qiczhtu7mpsxd3ka4sb6kkhf err=HttpError('InvalidRequest: Could not find repo: did:plc:qiczhtu7mpsxd3ka4sb6kkhf')
2026-03-06T16:20:33Z WARNING bsky_collector_v2.job.index_feed_generators: listRecords failed repo=did:plc:mxq63rvtofwzzf7fuxqguyje err=HttpError('InvalidRequest: Could not find repo: did:plc:mxq63rvtofwzzf7fuxqguyje')
2026-03-06T16:20:33Z WARNING bsky_collector_v2.job.index_feed_generators: listRecords failed repo=did:plc:qiczhtu7mpsxd3ka4sb6kkhf err=HttpError('InvalidRequest: Could not find repo: did:plc:qiczhtu7mpsxd3ka4sb6kkhf')
2026-03-06T16:20:33Z WARNING bsky_collector_v2.job.index_feed_generators: listRecords failed repo=did:plc:mxq63rvtofwzzf7fuxqguyje err=HttpError('InvalidRequest: Could not find repo: did:plc:mxq63rvtofwzzf7fuxqguyje')
2026-03-06T16:20:33Z WARNING bsky_collector_v2.job.index_feed_generators: listRecords failed repo=did:plc:qiczhtu7mpsxd3ka4sb6kkhf err=HttpError('InvalidRequest: Could not find repo: did:plc:qiczhtu7mpsxd3ka4sb6kkhf')
2026-03-06T16:20:34Z INFO bsky_collector_v2.job.index_feed_generators: enqueued repos page=30 mode=listRepos inserted=500 repos_returned=500 next_cursor=set
2026-03-06T16:22:22Z INFO bsky_collector_v2.job.index_feed_generators: enqueued repos page=31 mode=listRepos inserted=500 repos_returned=500 next_cursor=set
2026-03-06T16:22:37Z WARNING bsky_collector_v2.job.index_feed_generators: listRecords failed repo=did:plc:5v6ghqsve4axujx5i22pg2m6 err=HttpError('InvalidRequest: Could not find repo: did:plc:5v6ghqsve4axujx5i22pg2m6')
2026-03-06T16:23:24Z WARNING bsky_collector_v2.job.index_feed_generators: listRecords failed repo=did:plc:kvu6tvz2aiqb7tiatywfif77 err=HttpError('InvalidRequest: Could not find repo: did:plc:kvu6tvz2aiqb7tiatywfif77')
