2026-03-19T15:22:38Z INFO bsky_collector_v2: out_base ok path=/Volumes/T9/BlueSky/data_v2_full mount=/Volumes/T9
2026-03-19T15:22:38Z INFO bsky_collector_v2: job start subcommand=index-feed-generators dry_run=False resume=True
2026-03-19T15:22:38Z INFO bsky_collector_v2.job.index_feed_generators: feed generator index hosts relay_host=https://bsky.network records_host=https://bsky.social auth=yes
2026-03-19T15:24:03Z INFO bsky_collector_v2.job.index_feed_generators: enqueued repos page=1 mode=listRepos inserted=500 repos_returned=500 next_cursor=set
2026-03-19T15:24:59Z WARNING bsky_collector_v2.job.index_feed_generators: listRecords failed repo=did:plc:tmbx3jobi5s2tipvifhkvddo err=HttpError('InvalidRequest: Could not find repo: did:plc:tmbx3jobi5s2tipvifhkvddo')
2026-03-19T15:25:16Z WARNING bsky_collector_v2.job.index_feed_generators: listRecords failed repo=did:plc:tmbx3jobi5s2tipvifhkvddo err=HttpError('InvalidRequest: Could not find repo: did:plc:tmbx3jobi5s2tipvifhkvddo')
2026-03-19T15:25:16Z WARNING bsky_collector_v2.job.index_feed_generators: listRecords failed repo=did:plc:tmbx3jobi5s2tipvifhkvddo err=HttpError('InvalidRequest: Could not find repo: did:plc:tmbx3jobi5s2tipvifhkvddo')
2026-03-19T15:25:17Z INFO bsky_collector_v2.job.index_feed_generators: enqueued repos page=2 mode=listRepos inserted=500 repos_returned=500 next_cursor=set
2026-03-19T15:25:29Z WARNING bsky_collector_v2.job.index_feed_generators: listRecords failed repo=did:plc:7qnnc7eowso4zyhjvdpcxq53 err=HttpError('InvalidRequest: Could not find repo: did:plc:7qnnc7eowso4zyhjvdpcxq53')
2026-03-19T15:26:25Z WARNING bsky_collector_v2.job.index_feed_generators: listRecords failed repo=did:plc:7qnnc7eowso4zyhjvdpcxq53 err=HttpError('InvalidRequest: Could not find repo: did:plc:7qnnc7eowso4zyhjvdpcxq53')
2026-03-19T15:26:25Z WARNING bsky_collector_v2.job.index_feed_generators: listRecords failed repo=did:plc:7qnnc7eowso4zyhjvdpcxq53 err=HttpError('InvalidRequest: Could not find repo: did:plc:7qnnc7eowso4zyhjvdpcxq53')
2026-03-19T15:26:26Z INFO bsky_collector_v2.job.index_feed_generators: enqueued repos page=3 mode=listRepos inserted=500 repos_returned=500 next_cursor=set
2026-03-19T15:27:07Z WARNING bsky_collector_v2.job.index_feed_generators: listRecords failed repo=did:plc:hovtkbjekmjywhpsm2ugnsdw err=HttpError('InvalidRequest: Could not find repo: did:plc:hovtkbjekmjywhpsm2ugnsdw')
2026-03-19T15:27:49Z WARNING bsky_collector_v2.job.index_feed_generators: listRecords failed repo=did:plc:hovtkbjekmjywhpsm2ugnsdw err=HttpError('InvalidRequest: Could not find repo: did:plc:hovtkbjekmjywhpsm2ugnsdw')
2026-03-19T15:27:49Z WARNING bsky_collector_v2.job.index_feed_generators: listRecords failed repo=did:plc:hovtkbjekmjywhpsm2ugnsdw err=HttpError('InvalidRequest: Could not find repo: did:plc:hovtkbjekmjywhpsm2ugnsdw')
2026-03-19T15:27:49Z INFO bsky_collector_v2.job.index_feed_generators: enqueued repos page=4 mode=listRepos inserted=500 repos_returned=500 next_cursor=set
2026-03-19T15:29:06Z INFO bsky_collector_v2.job.index_feed_generators: enqueued repos page=5 mode=listRepos inserted=500 repos_returned=500 next_cursor=set
2026-03-19T15:30:28Z INFO bsky_collector_v2.job.index_feed_generators: enqueued repos page=6 mode=listRepos inserted=500 repos_returned=500 next_cursor=set
2026-03-19T15:30:35Z WARNING bsky_collector_v2.job.index_feed_generators: listRecords failed repo=did:plc:5m5ng2m6fkgdd5qy2kgq4pxo err=HttpError('InvalidRequest: Could not find repo: did:plc:5m5ng2m6fkgdd5qy2kgq4pxo')
2026-03-19T15:30:57Z WARNING bsky_collector_v2.job.index_feed_generators: listRecords failed repo=did:plc:j663e3qvdyihm6xjpa4xpsb5 err=HttpError('InvalidRequest: Could not find repo: did:plc:j663e3qvdyihm6xjpa4xpsb5')
2026-03-19T15:31:25Z WARNING bsky_collector_v2.job.index_feed_generators: listRecords failed repo=did:plc:sro6namu3bhsrnrobjlywzwp err=HttpError('InvalidRequest: Could not find repo: did:plc:sro6namu3bhsrnrobjlywzwp')
2026-03-19T15:31:47Z WARNING bsky_collector_v2.job.index_feed_generators: listRecords failed repo=did:plc:zfvph5iblpqgwfrn3qw5pkun err=HttpError('InvalidRequest: Could not find repo: did:plc:zfvph5iblpqgwfrn3qw5pkun')
2026-03-19T15:31:49Z WARNING bsky_collector_v2.job.index_feed_generators: listRecords failed repo=did:plc:5m5ng2m6fkgdd5qy2kgq4pxo err=HttpError('InvalidRequest: Could not find repo: did:plc:5m5ng2m6fkgdd5qy2kgq4pxo')
2026-03-19T15:31:49Z WARNING bsky_collector_v2.job.index_feed_generators: listRecords failed repo=did:plc:j663e3qvdyihm6xjpa4xpsb5 err=HttpError('InvalidRequest: Could not find repo: did:plc:j663e3qvdyihm6xjpa4xpsb5')
2026-03-19T15:31:49Z WARNING bsky_collector_v2.job.index_feed_generators: listRecords failed repo=did:plc:sro6namu3bhsrnrobjlywzwp err=HttpError('InvalidRequest: Could not find repo: did:plc:sro6namu3bhsrnrobjlywzwp')
2026-03-19T15:31:49Z WARNING bsky_collector_v2.job.index_feed_generators: listRecords failed repo=did:plc:zfvph5iblpqgwfrn3qw5pkun err=HttpError('InvalidRequest: Could not find repo: did:plc:zfvph5iblpqgwfrn3qw5pkun')
2026-03-19T15:31:49Z WARNING bsky_collector_v2.job.index_feed_generators: listRecords failed repo=did:plc:5m5ng2m6fkgdd5qy2kgq4pxo err=HttpError('InvalidRequest: Could not find repo: did:plc:5m5ng2m6fkgdd5qy2kgq4pxo')
2026-03-19T15:31:49Z WARNING bsky_collector_v2.job.index_feed_generators: listRecords failed repo=did:plc:j663e3qvdyihm6xjpa4xpsb5 err=HttpError('InvalidRequest: Could not find repo: did:plc:j663e3qvdyihm6xjpa4xpsb5')
2026-03-19T15:31:49Z WARNING bsky_collector_v2.job.index_feed_generators: listRecords failed repo=did:plc:sro6namu3bhsrnrobjlywzwp err=HttpError('InvalidRequest: Could not find repo: did:plc:sro6namu3bhsrnrobjlywzwp')
2026-03-19T15:31:50Z WARNING bsky_collector_v2.job.index_feed_generators: listRecords failed repo=did:plc:zfvph5iblpqgwfrn3qw5pkun err=HttpError('InvalidRequest: Could not find repo: did:plc:zfvph5iblpqgwfrn3qw5pkun')
2026-03-19T15:31:50Z INFO bsky_collector_v2.job.index_feed_generators: enqueued repos page=7 mode=listRepos inserted=500 repos_returned=500 next_cursor=set
2026-03-19T15:31:54Z WARNING bsky_collector_v2.job.index_feed_generators: listRecords failed repo=did:plc:3oiwb7pnfui3jbgomnd5hzus err=HttpError('InvalidRequest: Could not find repo: did:plc:3oiwb7pnfui3jbgomnd5hzus')
2026-03-19T15:31:55Z WARNING bsky_collector_v2.job.index_feed_generators: listRecords failed repo=did:plc:4g7p4lazrcqjtgknzmgb65e3 err=HttpError('InvalidRequest: Could not find repo: did:plc:4g7p4lazrcqjtgknzmgb65e3')
2026-03-19T15:32:08Z WARNING bsky_collector_v2.job.index_feed_generators: listRecords failed repo=did:plc:bzedialiasyq2bsbnxf6ekor err=HttpError('InvalidRequest: Could not find repo: did:plc:bzedialiasyq2bsbnxf6ekor')
2026-03-19T15:32:53Z WARNING bsky_collector_v2.job.index_feed_generators: listRecords failed repo=did:plc:ux6f3uotsyfxzdt5ng2t5jf7 err=HttpError('InvalidRequest: Could not find repo: did:plc:ux6f3uotsyfxzdt5ng2t5jf7')
2026-03-19T15:33:03Z WARNING bsky_collector_v2.job.index_feed_generators: listRecords failed repo=did:plc:3oiwb7pnfui3jbgomnd5hzus err=HttpError('InvalidRequest: Could not find repo: did:plc:3oiwb7pnfui3jbgomnd5hzus')
2026-03-19T15:33:03Z WARNING bsky_collector_v2.job.index_feed_generators: listRecords failed repo=did:plc:4g7p4lazrcqjtgknzmgb65e3 err=HttpError('InvalidRequest: Could not find repo: did:plc:4g7p4lazrcqjtgknzmgb65e3')
2026-03-19T15:33:03Z WARNING bsky_collector_v2.job.index_feed_generators: listRecords failed repo=did:plc:bzedialiasyq2bsbnxf6ekor err=HttpError('InvalidRequest: Could not find repo: did:plc:bzedialiasyq2bsbnxf6ekor')
2026-03-19T15:33:03Z WARNING bsky_collector_v2.job.index_feed_generators: listRecords failed repo=did:plc:ux6f3uotsyfxzdt5ng2t5jf7 err=HttpError('InvalidRequest: Could not find repo: did:plc:ux6f3uotsyfxzdt5ng2t5jf7')
2026-03-19T15:33:03Z WARNING bsky_collector_v2.job.index_feed_generators: listRecords failed repo=did:plc:3oiwb7pnfui3jbgomnd5hzus err=HttpError('InvalidRequest: Could not find repo: did:plc:3oiwb7pnfui3jbgomnd5hzus')
2026-03-19T15:33:03Z WARNING bsky_collector_v2.job.index_feed_generators: listRecords failed repo=did:plc:4g7p4lazrcqjtgknzmgb65e3 err=HttpError('InvalidRequest: Could not find repo: did:plc:4g7p4lazrcqjtgknzmgb65e3')
2026-03-19T15:33:03Z WARNING bsky_collector_v2.job.index_feed_generators: listRecords failed repo=did:plc:bzedialiasyq2bsbnxf6ekor err=HttpError('InvalidRequest: Could not find repo: did:plc:bzedialiasyq2bsbnxf6ekor')
2026-03-19T15:33:03Z WARNING bsky_collector_v2.job.index_feed_generators: listRecords failed repo=did:plc:ux6f3uotsyfxzdt5ng2t5jf7 err=HttpError('InvalidRequest: Could not find repo: did:plc:ux6f3uotsyfxzdt5ng2t5jf7')
2026-03-19T15:33:04Z INFO bsky_collector_v2.job.index_feed_generators: enqueued repos page=8 mode=listRepos inserted=500 repos_returned=500 next_cursor=set
2026-03-19T15:33:31Z INFO bsky_collector_v2.job.index_feed_generators: indexed repo=did:plc:ffttrlkbljhdeoypveptm4sj part=122 records=5 next_cursor=set
2026-03-19T15:33:56Z WARNING bsky_collector_v2.job.index_feed_generators: listRecords failed repo=did:plc:qdcfzzzxcgj5gvjkxmcpzrav err=HttpError('InvalidRequest: Could not find repo: did:plc:qdcfzzzxcgj5gvjkxmcpzrav')
2026-03-19T15:34:21Z WARNING bsky_collector_v2.job.index_feed_generators: listRecords failed repo=did:plc:qdcfzzzxcgj5gvjkxmcpzrav err=HttpError('InvalidRequest: Could not find repo: did:plc:qdcfzzzxcgj5gvjkxmcpzrav')
2026-03-19T15:34:21Z WARNING bsky_collector_v2.job.index_feed_generators: listRecords failed repo=did:plc:qdcfzzzxcgj5gvjkxmcpzrav err=HttpError('InvalidRequest: Could not find repo: did:plc:qdcfzzzxcgj5gvjkxmcpzrav')
2026-03-19T15:34:22Z INFO bsky_collector_v2.job.index_feed_generators: enqueued repos page=9 mode=listRepos inserted=500 repos_returned=500 next_cursor=set
2026-03-19T15:35:19Z WARNING bsky_collector_v2.job.index_feed_generators: listRecords failed repo=did:plc:u4g7ypng45zendpitlr7jdez err=HttpError('InvalidRequest: Could not find repo: did:plc:u4g7ypng45zendpitlr7jdez')
2026-03-19T15:35:42Z WARNING bsky_collector_v2.job.index_feed_generators: listRecords failed repo=did:plc:u4g7ypng45zendpitlr7jdez err=HttpError('InvalidRequest: Could not find repo: did:plc:u4g7ypng45zendpitlr7jdez')
2026-03-19T15:35:43Z WARNING bsky_collector_v2.job.index_feed_generators: listRecords failed repo=did:plc:u4g7ypng45zendpitlr7jdez err=HttpError('InvalidRequest: Could not find repo: did:plc:u4g7ypng45zendpitlr7jdez')
2026-03-19T15:35:43Z INFO bsky_collector_v2.job.index_feed_generators: enqueued repos page=10 mode=listRepos inserted=500 repos_returned=500 next_cursor=set
2026-03-19T15:36:50Z INFO bsky_collector_v2.job.index_feed_generators: indexed repo=did:plc:yhhtets4kkizqtsyukhlwnld part=123 records=2 next_cursor=set
2026-03-19T15:36:55Z INFO bsky_collector_v2.job.index_feed_generators: enqueued repos page=11 mode=listRepos inserted=500 repos_returned=500 next_cursor=set
2026-03-19T15:38:03Z INFO bsky_collector_v2.job.index_feed_generators: enqueued repos page=12 mode=listRepos inserted=500 repos_returned=500 next_cursor=set
2026-03-19T15:38:50Z INFO bsky_collector_v2.job.index_feed_generators: indexed repo=did:plc:qbkvbwdvjstbtpvujyhaho5s part=124 records=1 next_cursor=set
2026-03-19T15:39:18Z INFO bsky_collector_v2.job.index_feed_generators: enqueued repos page=13 mode=listRepos inserted=500 repos_returned=500 next_cursor=set
2026-03-19T15:40:45Z INFO bsky_collector_v2.job.index_feed_generators: enqueued repos page=14 mode=listRepos inserted=500 repos_returned=500 next_cursor=set
2026-03-19T15:40:46Z WARNING bsky_collector_v2.job.index_feed_generators: listRecords failed repo=did:plc:2kxtw72hzm4rnt3wq5wbb2d4 err=HttpError('InvalidRequest: Could not find repo: did:plc:2kxtw72hzm4rnt3wq5wbb2d4')
2026-03-19T15:40:52Z WARNING bsky_collector_v2.job.index_feed_generators: listRecords failed repo=did:plc:63jwsxhu5vlak6kp3aakpfpm err=HttpError('InvalidRequest: Could not find repo: did:plc:63jwsxhu5vlak6kp3aakpfpm')
2026-03-19T15:41:03Z WARNING bsky_collector_v2.job.index_feed_generators: listRecords failed repo=did:plc:df5qd6abtk6zw556g34mqnde err=HttpError('InvalidRequest: Could not find repo: did:plc:df5qd6abtk6zw556g34mqnde')
2026-03-19T15:41:05Z INFO bsky_collector_v2.job.index_feed_generators: indexed repo=did:plc:ebsv37633atuakwqjzpdyrta part=125 records=1 next_cursor=set
2026-03-19T15:41:06Z WARNING bsky_collector_v2.job.index_feed_generators: listRecords failed repo=did:plc:enzx2574as3wenbwnbtac32a err=HttpError('InvalidRequest: Could not find repo: did:plc:enzx2574as3wenbwnbtac32a')
2026-03-19T15:41:08Z WARNING bsky_collector_v2.job.index_feed_generators: listRecords failed repo=did:plc:fenvand4rhmztxojdh6hex4f err=HttpError('InvalidRequest: Could not find repo: did:plc:fenvand4rhmztxojdh6hex4f')
2026-03-19T15:41:08Z WARNING bsky_collector_v2.job.index_feed_generators: listRecords failed repo=did:plc:fglnvh2v4t33raz5xpttfbic err=HttpError('InvalidRequest: Could not find repo: did:plc:fglnvh2v4t33raz5xpttfbic')
2026-03-19T15:41:13Z WARNING bsky_collector_v2.job.index_feed_generators: listRecords failed repo=did:plc:gfbg7uu7opvalwd73rf7lvi5 err=HttpError('InvalidRequest: Could not find repo: did:plc:gfbg7uu7opvalwd73rf7lvi5')
2026-03-19T15:41:19Z WARNING bsky_collector_v2.job.index_feed_generators: listRecords failed repo=did:plc:ha2tctymhjmr3djjjt5xrbjx err=HttpError('InvalidRequest: Could not find repo: did:plc:ha2tctymhjmr3djjjt5xrbjx')
2026-03-19T15:41:20Z WARNING bsky_collector_v2.job.index_feed_generators: listRecords failed repo=did:plc:hcvmc4onpz56ll62vjfxmt4x err=HttpError('InvalidRequest: Could not find repo: did:plc:hcvmc4onpz56ll62vjfxmt4x')
2026-03-19T15:41:28Z WARNING bsky_collector_v2.job.index_feed_generators: listRecords failed repo=did:plc:jxmjhbo4j7ob3535rrtgkyli err=HttpError('InvalidRequest: Could not find repo: did:plc:jxmjhbo4j7ob3535rrtgkyli')
2026-03-19T15:41:29Z WARNING bsky_collector_v2.job.index_feed_generators: listRecords failed repo=did:plc:khkow5cuhm4yac3tbreeksge err=HttpError('InvalidRequest: Could not find repo: did:plc:khkow5cuhm4yac3tbreeksge')
2026-03-19T15:41:34Z WARNING bsky_collector_v2.job.index_feed_generators: listRecords failed repo=did:plc:lyrl4c6b4cmvb42phjhewfxx err=HttpError('InvalidRequest: Could not find repo: did:plc:lyrl4c6b4cmvb42phjhewfxx')
2026-03-19T15:41:43Z WARNING bsky_collector_v2.job.index_feed_generators: listRecords failed repo=did:plc:p6mrmtolv4vfzs5wcymjeuim err=HttpError('InvalidRequest: Could not find repo: did:plc:p6mrmtolv4vfzs5wcymjeuim')
2026-03-19T15:41:44Z WARNING bsky_collector_v2.job.index_feed_generators: listRecords failed repo=did:plc:ps3pgfprtdsvdfp7n6o2nmk7 err=HttpError('InvalidRequest: Could not find repo: did:plc:ps3pgfprtdsvdfp7n6o2nmk7')
2026-03-19T15:41:48Z WARNING bsky_collector_v2.job.index_feed_generators: listRecords failed repo=did:plc:rmhomiayosv3jyr5hmcprxdd err=HttpError('InvalidRequest: Could not find repo: did:plc:rmhomiayosv3jyr5hmcprxdd')
2026-03-19T15:41:49Z WARNING bsky_collector_v2.job.index_feed_generators: listRecords failed repo=did:plc:rurmljviwtr4dm3eodip5wxx err=HttpError('InvalidRequest: Could not find repo: did:plc:rurmljviwtr4dm3eodip5wxx')
2026-03-19T15:41:59Z WARNING bsky_collector_v2.job.index_feed_generators: listRecords failed repo=did:plc:wkvgcn3liq4jqy4zmljr7goy err=HttpError('InvalidRequest: Could not find repo: did:plc:wkvgcn3liq4jqy4zmljr7goy')
2026-03-19T15:41:59Z WARNING bsky_collector_v2.job.index_feed_generators: listRecords failed repo=did:plc:wv34e5d4ifieevk4cgq6amhz err=HttpError('InvalidRequest: Could not find repo: did:plc:wv34e5d4ifieevk4cgq6amhz')
2026-03-19T15:42:05Z WARNING bsky_collector_v2.job.index_feed_generators: listRecords failed repo=did:plc:2kxtw72hzm4rnt3wq5wbb2d4 err=HttpError('InvalidRequest: Could not find repo: did:plc:2kxtw72hzm4rnt3wq5wbb2d4')
2026-03-19T15:42:05Z WARNING bsky_collector_v2.job.index_feed_generators: listRecords failed repo=did:plc:63jwsxhu5vlak6kp3aakpfpm err=HttpError('InvalidRequest: Could not find repo: did:plc:63jwsxhu5vlak6kp3aakpfpm')
2026-03-19T15:42:05Z WARNING bsky_collector_v2.job.index_feed_generators: listRecords failed repo=did:plc:df5qd6abtk6zw556g34mqnde err=HttpError('InvalidRequest: Could not find repo: did:plc:df5qd6abtk6zw556g34mqnde')
2026-03-19T15:42:06Z WARNING bsky_collector_v2.job.index_feed_generators: listRecords failed repo=did:plc:enzx2574as3wenbwnbtac32a err=HttpError('InvalidRequest: Could not find repo: did:plc:enzx2574as3wenbwnbtac32a')
2026-03-19T15:42:06Z WARNING bsky_collector_v2.job.index_feed_generators: listRecords failed repo=did:plc:fenvand4rhmztxojdh6hex4f err=HttpError('InvalidRequest: Could not find repo: did:plc:fenvand4rhmztxojdh6hex4f')
2026-03-19T15:42:06Z WARNING bsky_collector_v2.job.index_feed_generators: listRecords failed repo=did:plc:fglnvh2v4t33raz5xpttfbic err=HttpError('InvalidRequest: Could not find repo: did:plc:fglnvh2v4t33raz5xpttfbic')
2026-03-19T15:42:06Z WARNING bsky_collector_v2.job.index_feed_generators: listRecords failed repo=did:plc:gfbg7uu7opvalwd73rf7lvi5 err=HttpError('InvalidRequest: Could not find repo: did:plc:gfbg7uu7opvalwd73rf7lvi5')
2026-03-19T15:42:06Z WARNING bsky_collector_v2.job.index_feed_generators: listRecords failed repo=did:plc:ha2tctymhjmr3djjjt5xrbjx err=HttpError('InvalidRequest: Could not find repo: did:plc:ha2tctymhjmr3djjjt5xrbjx')
2026-03-19T15:42:06Z WARNING bsky_collector_v2.job.index_feed_generators: listRecords failed repo=did:plc:hcvmc4onpz56ll62vjfxmt4x err=HttpError('InvalidRequest: Could not find repo: did:plc:hcvmc4onpz56ll62vjfxmt4x')
2026-03-19T15:42:06Z WARNING bsky_collector_v2.job.index_feed_generators: listRecords failed repo=did:plc:jxmjhbo4j7ob3535rrtgkyli err=HttpError('InvalidRequest: Could not find repo: did:plc:jxmjhbo4j7ob3535rrtgkyli')
2026-03-19T15:42:06Z WARNING bsky_collector_v2.job.index_feed_generators: listRecords failed repo=did:plc:khkow5cuhm4yac3tbreeksge err=HttpError('InvalidRequest: Could not find repo: did:plc:khkow5cuhm4yac3tbreeksge')
2026-03-19T15:42:06Z WARNING bsky_collector_v2.job.index_feed_generators: listRecords failed repo=did:plc:lyrl4c6b4cmvb42phjhewfxx err=HttpError('InvalidRequest: Could not find repo: did:plc:lyrl4c6b4cmvb42phjhewfxx')
2026-03-19T15:42:06Z WARNING bsky_collector_v2.job.index_feed_generators: listRecords failed repo=did:plc:p6mrmtolv4vfzs5wcymjeuim err=HttpError('InvalidRequest: Could not find repo: did:plc:p6mrmtolv4vfzs5wcymjeuim')
2026-03-19T15:42:06Z WARNING bsky_collector_v2.job.index_feed_generators: listRecords failed repo=did:plc:ps3pgfprtdsvdfp7n6o2nmk7 err=HttpError('InvalidRequest: Could not find repo: did:plc:ps3pgfprtdsvdfp7n6o2nmk7')
2026-03-19T15:42:06Z WARNING bsky_collector_v2.job.index_feed_generators: listRecords failed repo=did:plc:rmhomiayosv3jyr5hmcprxdd err=HttpError('InvalidRequest: Could not find repo: did:plc:rmhomiayosv3jyr5hmcprxdd')
2026-03-19T15:42:06Z WARNING bsky_collector_v2.job.index_feed_generators: listRecords failed repo=did:plc:rurmljviwtr4dm3eodip5wxx err=HttpError('InvalidRequest: Could not find repo: did:plc:rurmljviwtr4dm3eodip5wxx')
2026-03-19T15:42:06Z WARNING bsky_collector_v2.job.index_feed_generators: listRecords failed repo=did:plc:wkvgcn3liq4jqy4zmljr7goy err=HttpError('InvalidRequest: Could not find repo: did:plc:wkvgcn3liq4jqy4zmljr7goy')
2026-03-19T15:42:06Z WARNING bsky_collector_v2.job.index_feed_generators: listRecords failed repo=did:plc:wv34e5d4ifieevk4cgq6amhz err=HttpError('InvalidRequest: Could not find repo: did:plc:wv34e5d4ifieevk4cgq6amhz')
2026-03-19T15:42:06Z WARNING bsky_collector_v2.job.index_feed_generators: listRecords failed repo=did:plc:2kxtw72hzm4rnt3wq5wbb2d4 err=HttpError('InvalidRequest: Could not find repo: did:plc:2kxtw72hzm4rnt3wq5wbb2d4')
2026-03-19T15:42:06Z WARNING bsky_collector_v2.job.index_feed_generators: listRecords failed repo=did:plc:63jwsxhu5vlak6kp3aakpfpm err=HttpError('InvalidRequest: Could not find repo: did:plc:63jwsxhu5vlak6kp3aakpfpm')
2026-03-19T15:42:06Z WARNING bsky_collector_v2.job.index_feed_generators: listRecords failed repo=did:plc:df5qd6abtk6zw556g34mqnde err=HttpError('InvalidRequest: Could not find repo: did:plc:df5qd6abtk6zw556g34mqnde')
2026-03-19T15:42:06Z WARNING bsky_collector_v2.job.index_feed_generators: listRecords failed repo=did:plc:enzx2574as3wenbwnbtac32a err=HttpError('InvalidRequest: Could not find repo: did:plc:enzx2574as3wenbwnbtac32a')
2026-03-19T15:42:07Z WARNING bsky_collector_v2.job.index_feed_generators: listRecords failed repo=did:plc:fenvand4rhmztxojdh6hex4f err=HttpError('InvalidRequest: Could not find repo: did:plc:fenvand4rhmztxojdh6hex4f')
2026-03-19T15:42:07Z WARNING bsky_collector_v2.job.index_feed_generators: listRecords failed repo=did:plc:fglnvh2v4t33raz5xpttfbic err=HttpError('InvalidRequest: Could not find repo: did:plc:fglnvh2v4t33raz5xpttfbic')
2026-03-19T15:42:07Z WARNING bsky_collector_v2.job.index_feed_generators: listRecords failed repo=did:plc:gfbg7uu7opvalwd73rf7lvi5 err=HttpError('InvalidRequest: Could not find repo: did:plc:gfbg7uu7opvalwd73rf7lvi5')
2026-03-19T15:42:07Z WARNING bsky_collector_v2.job.index_feed_generators: listRecords failed repo=did:plc:ha2tctymhjmr3djjjt5xrbjx err=HttpError('InvalidRequest: Could not find repo: did:plc:ha2tctymhjmr3djjjt5xrbjx')
2026-03-19T15:42:07Z WARNING bsky_collector_v2.job.index_feed_generators: listRecords failed repo=did:plc:hcvmc4onpz56ll62vjfxmt4x err=HttpError('InvalidRequest: Could not find repo: did:plc:hcvmc4onpz56ll62vjfxmt4x')
2026-03-19T15:42:07Z WARNING bsky_collector_v2.job.index_feed_generators: listRecords failed repo=did:plc:jxmjhbo4j7ob3535rrtgkyli err=HttpError('InvalidRequest: Could not find repo: did:plc:jxmjhbo4j7ob3535rrtgkyli')
2026-03-19T15:42:07Z WARNING bsky_collector_v2.job.index_feed_generators: listRecords failed repo=did:plc:khkow5cuhm4yac3tbreeksge err=HttpError('InvalidRequest: Could not find repo: did:plc:khkow5cuhm4yac3tbreeksge')
2026-03-19T15:42:07Z WARNING bsky_collector_v2.job.index_feed_generators: listRecords failed repo=did:plc:lyrl4c6b4cmvb42phjhewfxx err=HttpError('InvalidRequest: Could not find repo: did:plc:lyrl4c6b4cmvb42phjhewfxx')
2026-03-19T15:42:07Z WARNING bsky_collector_v2.job.index_feed_generators: listRecords failed repo=did:plc:p6mrmtolv4vfzs5wcymjeuim err=HttpError('InvalidRequest: Could not find repo: did:plc:p6mrmtolv4vfzs5wcymjeuim')
2026-03-19T15:42:07Z WARNING bsky_collector_v2.job.index_feed_generators: listRecords failed repo=did:plc:ps3pgfprtdsvdfp7n6o2nmk7 err=HttpError('InvalidRequest: Could not find repo: did:plc:ps3pgfprtdsvdfp7n6o2nmk7')
2026-03-19T15:42:07Z WARNING bsky_collector_v2.job.index_feed_generators: listRecords failed repo=did:plc:rmhomiayosv3jyr5hmcprxdd err=HttpError('InvalidRequest: Could not find repo: did:plc:rmhomiayosv3jyr5hmcprxdd')
2026-03-19T15:42:07Z WARNING bsky_collector_v2.job.index_feed_generators: listRecords failed repo=did:plc:rurmljviwtr4dm3eodip5wxx err=HttpError('InvalidRequest: Could not find repo: did:plc:rurmljviwtr4dm3eodip5wxx')
2026-03-19T15:42:07Z WARNING bsky_collector_v2.job.index_feed_generators: listRecords failed repo=did:plc:wkvgcn3liq4jqy4zmljr7goy err=HttpError('InvalidRequest: Could not find repo: did:plc:wkvgcn3liq4jqy4zmljr7goy')
2026-03-19T15:42:07Z WARNING bsky_collector_v2.job.index_feed_generators: listRecords failed repo=did:plc:wv34e5d4ifieevk4cgq6amhz err=HttpError('InvalidRequest: Could not find repo: did:plc:wv34e5d4ifieevk4cgq6amhz')
2026-03-19T15:42:08Z INFO bsky_collector_v2.job.index_feed_generators: enqueued repos page=15 mode=listRepos inserted=500 repos_returned=500 next_cursor=set
2026-03-19T15:42:10Z WARNING bsky_collector_v2.job.index_feed_generators: listRecords failed repo=did:plc:2xjj7fih6eknrc5liuhx4roa err=HttpError('InvalidRequest: Could not find repo: did:plc:2xjj7fih6eknrc5liuhx4roa')
2026-03-19T15:42:16Z WARNING bsky_collector_v2.job.index_feed_generators: listRecords failed repo=did:plc:63txhrilzux445oja2ctfnya err=HttpError('InvalidRequest: Could not find repo: did:plc:63txhrilzux445oja2ctfnya')
2026-03-19T15:42:40Z WARNING bsky_collector_v2.job.index_feed_generators: listRecords failed repo=did:plc:k3m7fkue72na2jgcsfynf6za err=HttpError('InvalidRequest: Could not find repo: did:plc:k3m7fkue72na2jgcsfynf6za')
2026-03-19T15:42:41Z WARNING bsky_collector_v2.job.index_feed_generators: listRecords failed repo=did:plc:kop66fgus4i55timsk3z4nh7 err=HttpError('InvalidRequest: Could not find repo: did:plc:kop66fgus4i55timsk3z4nh7')
2026-03-19T15:43:23Z WARNING bsky_collector_v2.job.index_feed_generators: listRecords failed repo=did:plc:2xjj7fih6eknrc5liuhx4roa err=HttpError('InvalidRequest: Could not find repo: did:plc:2xjj7fih6eknrc5liuhx4roa')
2026-03-19T15:43:23Z WARNING bsky_collector_v2.job.index_feed_generators: listRecords failed repo=did:plc:63txhrilzux445oja2ctfnya err=HttpError('InvalidRequest: Could not find repo: did:plc:63txhrilzux445oja2ctfnya')
2026-03-19T15:43:23Z WARNING bsky_collector_v2.job.index_feed_generators: listRecords failed repo=did:plc:k3m7fkue72na2jgcsfynf6za err=HttpError('InvalidRequest: Could not find repo: did:plc:k3m7fkue72na2jgcsfynf6za')
2026-03-19T15:43:23Z WARNING bsky_collector_v2.job.index_feed_generators: listRecords failed repo=did:plc:kop66fgus4i55timsk3z4nh7 err=HttpError('InvalidRequest: Could not find repo: did:plc:kop66fgus4i55timsk3z4nh7')
2026-03-19T15:43:23Z WARNING bsky_collector_v2.job.index_feed_generators: listRecords failed repo=did:plc:2xjj7fih6eknrc5liuhx4roa err=HttpError('InvalidRequest: Could not find repo: did:plc:2xjj7fih6eknrc5liuhx4roa')
2026-03-19T15:43:23Z WARNING bsky_collector_v2.job.index_feed_generators: listRecords failed repo=did:plc:63txhrilzux445oja2ctfnya err=HttpError('InvalidRequest: Could not find repo: did:plc:63txhrilzux445oja2ctfnya')
2026-03-19T15:43:23Z WARNING bsky_collector_v2.job.index_feed_generators: listRecords failed repo=did:plc:k3m7fkue72na2jgcsfynf6za err=HttpError('InvalidRequest: Could not find repo: did:plc:k3m7fkue72na2jgcsfynf6za')
2026-03-19T15:43:23Z WARNING bsky_collector_v2.job.index_feed_generators: listRecords failed repo=did:plc:kop66fgus4i55timsk3z4nh7 err=HttpError('InvalidRequest: Could not find repo: did:plc:kop66fgus4i55timsk3z4nh7')
2026-03-19T15:43:24Z INFO bsky_collector_v2.job.index_feed_generators: enqueued repos page=16 mode=listRepos inserted=500 repos_returned=500 next_cursor=set
2026-03-19T15:43:42Z WARNING bsky_collector_v2.job.index_feed_generators: listRecords failed repo=did:plc:5vh5pxepnjgj3e4s5bumnhhr err=HttpError('InvalidRequest: Could not find repo: did:plc:5vh5pxepnjgj3e4s5bumnhhr')
2026-03-19T15:43:46Z WARNING bsky_collector_v2.job.index_feed_generators: listRecords failed repo=did:plc:77jmy67xjyhfrvxi6cxikmml err=HttpError('InvalidRequest: Could not find repo: did:plc:77jmy67xjyhfrvxi6cxikmml')
2026-03-19T15:45:03Z WARNING bsky_collector_v2.job.index_feed_generators: listRecords failed repo=did:plc:5vh5pxepnjgj3e4s5bumnhhr err=HttpError('InvalidRequest: Could not find repo: did:plc:5vh5pxepnjgj3e4s5bumnhhr')
2026-03-19T15:45:03Z WARNING bsky_collector_v2.job.index_feed_generators: listRecords failed repo=did:plc:77jmy67xjyhfrvxi6cxikmml err=HttpError('InvalidRequest: Could not find repo: did:plc:77jmy67xjyhfrvxi6cxikmml')
2026-03-19T15:45:04Z WARNING bsky_collector_v2.job.index_feed_generators: listRecords failed repo=did:plc:5vh5pxepnjgj3e4s5bumnhhr err=HttpError('InvalidRequest: Could not find repo: did:plc:5vh5pxepnjgj3e4s5bumnhhr')
2026-03-19T15:45:04Z WARNING bsky_collector_v2.job.index_feed_generators: listRecords failed repo=did:plc:77jmy67xjyhfrvxi6cxikmml err=HttpError('InvalidRequest: Could not find repo: did:plc:77jmy67xjyhfrvxi6cxikmml')
2026-03-19T15:45:04Z INFO bsky_collector_v2.job.index_feed_generators: enqueued repos page=17 mode=listRepos inserted=500 repos_returned=500 next_cursor=set
2026-03-19T15:46:13Z INFO bsky_collector_v2.job.index_feed_generators: enqueued repos page=18 mode=listRepos inserted=500 repos_returned=500 next_cursor=set
2026-03-19T15:47:19Z INFO bsky_collector_v2.job.index_feed_generators: enqueued repos page=19 mode=listRepos inserted=500 repos_returned=500 next_cursor=set
2026-03-19T15:48:26Z WARNING bsky_collector_v2.job.index_feed_generators: listRecords failed repo=did:plc:ztwax52a26s3tlqahlbq6y64 err=HttpError('InvalidRequest: Could not find repo: did:plc:ztwax52a26s3tlqahlbq6y64')
2026-03-19T15:48:27Z WARNING bsky_collector_v2.job.index_feed_generators: listRecords failed repo=did:plc:ztwax52a26s3tlqahlbq6y64 err=HttpError('InvalidRequest: Could not find repo: did:plc:ztwax52a26s3tlqahlbq6y64')
2026-03-19T15:48:27Z WARNING bsky_collector_v2.job.index_feed_generators: listRecords failed repo=did:plc:ztwax52a26s3tlqahlbq6y64 err=HttpError('InvalidRequest: Could not find repo: did:plc:ztwax52a26s3tlqahlbq6y64')
2026-03-19T15:48:27Z INFO bsky_collector_v2.job.index_feed_generators: enqueued repos page=20 mode=listRepos inserted=500 repos_returned=500 next_cursor=set
2026-03-19T15:50:01Z WARNING bsky_collector_v2.job.index_feed_generators: listRecords failed repo=did:plc:zt7prmh2n3quakgl6yhwfzql err=HttpError('InvalidRequest: Could not find repo: did:plc:zt7prmh2n3quakgl6yhwfzql')
2026-03-19T15:50:01Z WARNING bsky_collector_v2.job.index_feed_generators: listRecords failed repo=did:plc:zt7prmh2n3quakgl6yhwfzql err=HttpError('InvalidRequest: Could not find repo: did:plc:zt7prmh2n3quakgl6yhwfzql')
2026-03-19T15:50:01Z WARNING bsky_collector_v2.job.index_feed_generators: listRecords failed repo=did:plc:zt7prmh2n3quakgl6yhwfzql err=HttpError('InvalidRequest: Could not find repo: did:plc:zt7prmh2n3quakgl6yhwfzql')
2026-03-19T15:50:02Z INFO bsky_collector_v2.job.index_feed_generators: enqueued repos page=21 mode=listRepos inserted=500 repos_returned=500 next_cursor=set
2026-03-19T15:51:35Z INFO bsky_collector_v2.job.index_feed_generators: enqueued repos page=22 mode=listRepos inserted=500 repos_returned=500 next_cursor=set
2026-03-19T15:52:23Z WARNING bsky_collector_v2.job.index_feed_generators: listRecords failed repo=did:plc:qxsva42gfqx7p2lrvderhowr err=HttpError('InvalidRequest: Could not find repo: did:plc:qxsva42gfqx7p2lrvderhowr')
2026-03-19T15:52:40Z WARNING bsky_collector_v2.job.index_feed_generators: listRecords failed repo=did:plc:qxsva42gfqx7p2lrvderhowr err=HttpError('InvalidRequest: Could not find repo: did:plc:qxsva42gfqx7p2lrvderhowr')
2026-03-19T15:52:40Z WARNING bsky_collector_v2.job.index_feed_generators: listRecords failed repo=did:plc:qxsva42gfqx7p2lrvderhowr err=HttpError('InvalidRequest: Could not find repo: did:plc:qxsva42gfqx7p2lrvderhowr')
2026-03-19T15:52:40Z INFO bsky_collector_v2.job.index_feed_generators: enqueued repos page=23 mode=listRepos inserted=500 repos_returned=500 next_cursor=set
2026-03-19T15:52:41Z INFO bsky_collector_v2.job.index_feed_generators: indexed repo=did:plc:2lpk53gozr25wx7jm7nzsai4 part=126 records=1 next_cursor=set
2026-03-19T15:53:58Z INFO bsky_collector_v2.job.index_feed_generators: enqueued repos page=24 mode=listRepos inserted=500 repos_returned=500 next_cursor=set
2026-03-19T15:54:26Z WARNING bsky_collector_v2.job.index_feed_generators: listRecords failed repo=did:plc:hrzk5gfkff4jg6w2di5j2uph err=HttpError('InvalidRequest: Could not find repo: did:plc:hrzk5gfkff4jg6w2di5j2uph')
2026-03-19T15:55:18Z WARNING bsky_collector_v2.job.index_feed_generators: listRecords failed repo=did:plc:hrzk5gfkff4jg6w2di5j2uph err=HttpError('InvalidRequest: Could not find repo: did:plc:hrzk5gfkff4jg6w2di5j2uph')
2026-03-19T15:55:18Z WARNING bsky_collector_v2.job.index_feed_generators: listRecords failed repo=did:plc:hrzk5gfkff4jg6w2di5j2uph err=HttpError('InvalidRequest: Could not find repo: did:plc:hrzk5gfkff4jg6w2di5j2uph')
2026-03-19T15:55:19Z INFO bsky_collector_v2.job.index_feed_generators: enqueued repos page=25 mode=listRepos inserted=500 repos_returned=500 next_cursor=set
2026-03-19T15:56:06Z WARNING bsky_collector_v2.job.index_feed_generators: listRecords failed repo=did:plc:q64pyvy5affe7wr3daudgu3x err=HttpError('InvalidRequest: Could not find repo: did:plc:q64pyvy5affe7wr3daudgu3x')
2026-03-19T15:56:27Z WARNING bsky_collector_v2.job.index_feed_generators: listRecords failed repo=did:plc:q64pyvy5affe7wr3daudgu3x err=HttpError('InvalidRequest: Could not find repo: did:plc:q64pyvy5affe7wr3daudgu3x')
2026-03-19T15:56:27Z WARNING bsky_collector_v2.job.index_feed_generators: listRecords failed repo=did:plc:q64pyvy5affe7wr3daudgu3x err=HttpError('InvalidRequest: Could not find repo: did:plc:q64pyvy5affe7wr3daudgu3x')
2026-03-19T15:56:27Z INFO bsky_collector_v2.job.index_feed_generators: enqueued repos page=26 mode=listRepos inserted=500 repos_returned=500 next_cursor=set
2026-03-19T15:57:46Z INFO bsky_collector_v2.job.index_feed_generators: enqueued repos page=27 mode=listRepos inserted=500 repos_returned=500 next_cursor=set
2026-03-19T15:59:10Z INFO bsky_collector_v2.job.index_feed_generators: enqueued repos page=28 mode=listRepos inserted=500 repos_returned=500 next_cursor=set
2026-03-19T15:59:45Z INFO bsky_collector_v2.job.index_feed_generators: indexed repo=did:plc:j756yrs6omil6vkclequlg4o part=127 records=1 next_cursor=set
2026-03-19T16:00:07Z WARNING bsky_collector_v2.job.index_feed_generators: listRecords failed repo=did:plc:olmuylfsmgcjwbswozrokuwa err=HttpError('InvalidRequest: Could not find repo: did:plc:olmuylfsmgcjwbswozrokuwa')
2026-03-19T16:00:18Z WARNING bsky_collector_v2.job.index_feed_generators: listRecords failed repo=did:plc:srt6vdwwfnxpt5tzisubob6q err=HttpError('InvalidRequest: Could not find repo: did:plc:srt6vdwwfnxpt5tzisubob6q')
2026-03-19T16:00:31Z WARNING bsky_collector_v2.job.index_feed_generators: listRecords failed repo=did:plc:olmuylfsmgcjwbswozrokuwa err=HttpError('InvalidRequest: Could not find repo: did:plc:olmuylfsmgcjwbswozrokuwa')
2026-03-19T16:00:31Z WARNING bsky_collector_v2.job.index_feed_generators: listRecords failed repo=did:plc:srt6vdwwfnxpt5tzisubob6q err=HttpError('InvalidRequest: Could not find repo: did:plc:srt6vdwwfnxpt5tzisubob6q')
2026-03-19T16:00:31Z WARNING bsky_collector_v2.job.index_feed_generators: listRecords failed repo=did:plc:olmuylfsmgcjwbswozrokuwa err=HttpError('InvalidRequest: Could not find repo: did:plc:olmuylfsmgcjwbswozrokuwa')
2026-03-19T16:00:31Z WARNING bsky_collector_v2.job.index_feed_generators: listRecords failed repo=did:plc:srt6vdwwfnxpt5tzisubob6q err=HttpError('InvalidRequest: Could not find repo: did:plc:srt6vdwwfnxpt5tzisubob6q')
2026-03-19T16:00:32Z INFO bsky_collector_v2.job.index_feed_generators: enqueued repos page=29 mode=listRepos inserted=500 repos_returned=500 next_cursor=set
2026-03-19T16:00:56Z WARNING bsky_collector_v2.job.index_feed_generators: listRecords failed repo=did:plc:ggyx72wunz6yekkjsqthexim err=HttpError('InvalidRequest: Could not find repo: did:plc:ggyx72wunz6yekkjsqthexim')
2026-03-19T16:01:36Z WARNING bsky_collector_v2.job.index_feed_generators: listRecords failed repo=did:plc:xbtmmat6luvrqsnxvilwgdld err=HttpError('InvalidRequest: Could not find repo: did:plc:xbtmmat6luvrqsnxvilwgdld')
2026-03-19T16:01:45Z WARNING bsky_collector_v2.job.index_feed_generators: listRecords failed repo=did:plc:ggyx72wunz6yekkjsqthexim err=HttpError('InvalidRequest: Could not find repo: did:plc:ggyx72wunz6yekkjsqthexim')
2026-03-19T16:01:45Z WARNING bsky_collector_v2.job.index_feed_generators: listRecords failed repo=did:plc:xbtmmat6luvrqsnxvilwgdld err=HttpError('InvalidRequest: Could not find repo: did:plc:xbtmmat6luvrqsnxvilwgdld')
2026-03-19T16:01:45Z WARNING bsky_collector_v2.job.index_feed_generators: listRecords failed repo=did:plc:ggyx72wunz6yekkjsqthexim err=HttpError('InvalidRequest: Could not find repo: did:plc:ggyx72wunz6yekkjsqthexim')
2026-03-19T16:01:45Z WARNING bsky_collector_v2.job.index_feed_generators: listRecords failed repo=did:plc:xbtmmat6luvrqsnxvilwgdld err=HttpError('InvalidRequest: Could not find repo: did:plc:xbtmmat6luvrqsnxvilwgdld')
2026-03-19T16:01:46Z INFO bsky_collector_v2.job.index_feed_generators: enqueued repos page=30 mode=listRepos inserted=500 repos_returned=500 next_cursor=set
2026-03-19T16:01:51Z WARNING bsky_collector_v2.job.index_feed_generators: listRecords failed repo=did:plc:4cii4j4hncu7f5bu3o7dsruw err=HttpError('InvalidRequest: Could not find repo: did:plc:4cii4j4hncu7f5bu3o7dsruw')
2026-03-19T16:02:54Z WARNING bsky_collector_v2.job.index_feed_generators: listRecords failed repo=did:plc:4cii4j4hncu7f5bu3o7dsruw err=HttpError('InvalidRequest: Could not find repo: did:plc:4cii4j4hncu7f5bu3o7dsruw')
2026-03-19T16:02:54Z WARNING bsky_collector_v2.job.index_feed_generators: listRecords failed repo=did:plc:4cii4j4hncu7f5bu3o7dsruw err=HttpError('InvalidRequest: Could not find repo: did:plc:4cii4j4hncu7f5bu3o7dsruw')
2026-03-19T16:02:55Z INFO bsky_collector_v2.job.index_feed_generators: enqueued repos page=31 mode=listRepos inserted=500 repos_returned=500 next_cursor=set
2026-03-19T16:03:23Z WARNING bsky_collector_v2.job.index_feed_generators: listRecords failed repo=did:plc:ekhalbqquoyzajdlytctrxk6 err=HttpError('InvalidRequest: Could not find repo: did:plc:ekhalbqquoyzajdlytctrxk6')
2026-03-19T16:04:13Z WARNING bsky_collector_v2.job.index_feed_generators: listRecords failed repo=did:plc:ynlv4aaewetv7v73oadjkech err=HttpError('InvalidRequest: Could not find repo: did:plc:ynlv4aaewetv7v73oadjkech')
2026-03-19T16:04:21Z WARNING bsky_collector_v2.job.index_feed_generators: listRecords failed repo=did:plc:ekhalbqquoyzajdlytctrxk6 err=HttpError('InvalidRequest: Could not find repo: did:plc:ekhalbqquoyzajdlytctrxk6')
2026-03-19T16:04:21Z WARNING bsky_collector_v2.job.index_feed_generators: listRecords failed repo=did:plc:ynlv4aaewetv7v73oadjkech err=HttpError('InvalidRequest: Could not find repo: did:plc:ynlv4aaewetv7v73oadjkech')
2026-03-19T16:04:21Z WARNING bsky_collector_v2.job.index_feed_generators: listRecords failed repo=did:plc:ekhalbqquoyzajdlytctrxk6 err=HttpError('InvalidRequest: Could not find repo: did:plc:ekhalbqquoyzajdlytctrxk6')
2026-03-19T16:04:22Z WARNING bsky_collector_v2.job.index_feed_generators: listRecords failed repo=did:plc:ynlv4aaewetv7v73oadjkech err=HttpError('InvalidRequest: Could not find repo: did:plc:ynlv4aaewetv7v73oadjkech')
2026-03-19T16:04:22Z INFO bsky_collector_v2.job.index_feed_generators: enqueued repos page=32 mode=listRepos inserted=500 repos_returned=500 next_cursor=set
2026-03-19T16:04:33Z WARNING bsky_collector_v2.job.index_feed_generators: listRecords failed repo=did:plc:4qr2pmkfgbt6jq3kwkdtrwvu err=HttpError('InvalidRequest: Could not find repo: did:plc:4qr2pmkfgbt6jq3kwkdtrwvu')
2026-03-19T16:06:04Z WARNING bsky_collector_v2.job.index_feed_generators: listRecords failed repo=did:plc:4qr2pmkfgbt6jq3kwkdtrwvu err=HttpError('InvalidRequest: Could not find repo: did:plc:4qr2pmkfgbt6jq3kwkdtrwvu')
2026-03-19T16:06:04Z WARNING bsky_collector_v2.job.index_feed_generators: listRecords failed repo=did:plc:4qr2pmkfgbt6jq3kwkdtrwvu err=HttpError('InvalidRequest: Could not find repo: did:plc:4qr2pmkfgbt6jq3kwkdtrwvu')
2026-03-19T16:06:04Z INFO bsky_collector_v2.job.index_feed_generators: enqueued repos page=33 mode=listRepos inserted=500 repos_returned=500 next_cursor=set
2026-03-19T16:06:14Z WARNING bsky_collector_v2.job.index_feed_generators: listRecords failed repo=did:plc:5r4ntj7y3zyqkur4muaqasvl err=HttpError('InvalidRequest: Could not find repo: did:plc:5r4ntj7y3zyqkur4muaqasvl')
2026-03-19T16:07:22Z WARNING bsky_collector_v2.job.index_feed_generators: listRecords failed repo=did:plc:5r4ntj7y3zyqkur4muaqasvl err=HttpError('InvalidRequest: Could not find repo: did:plc:5r4ntj7y3zyqkur4muaqasvl')
2026-03-19T16:07:22Z WARNING bsky_collector_v2.job.index_feed_generators: listRecords failed repo=did:plc:5r4ntj7y3zyqkur4muaqasvl err=HttpError('InvalidRequest: Could not find repo: did:plc:5r4ntj7y3zyqkur4muaqasvl')
2026-03-19T16:07:23Z INFO bsky_collector_v2.job.index_feed_generators: enqueued repos page=34 mode=listRepos inserted=500 repos_returned=500 next_cursor=set
2026-03-19T16:08:42Z INFO bsky_collector_v2.job.index_feed_generators: enqueued repos page=35 mode=listRepos inserted=500 repos_returned=500 next_cursor=set
2026-03-19T16:10:03Z INFO bsky_collector_v2.job.index_feed_generators: enqueued repos page=36 mode=listRepos inserted=500 repos_returned=500 next_cursor=set
2026-03-19T16:11:13Z WARNING bsky_collector_v2.job.index_feed_generators: listRecords failed repo=did:plc:z5oqanypdvjdh5agx4rbqzyi err=HttpError('InvalidRequest: Could not find repo: did:plc:z5oqanypdvjdh5agx4rbqzyi')
2026-03-19T16:11:15Z WARNING bsky_collector_v2.job.index_feed_generators: listRecords failed repo=did:plc:z5oqanypdvjdh5agx4rbqzyi err=HttpError('InvalidRequest: Could not find repo: did:plc:z5oqanypdvjdh5agx4rbqzyi')
2026-03-19T16:11:15Z WARNING bsky_collector_v2.job.index_feed_generators: listRecords failed repo=did:plc:z5oqanypdvjdh5agx4rbqzyi err=HttpError('InvalidRequest: Could not find repo: did:plc:z5oqanypdvjdh5agx4rbqzyi')
2026-03-19T16:11:15Z INFO bsky_collector_v2.job.index_feed_generators: enqueued repos page=37 mode=listRepos inserted=500 repos_returned=500 next_cursor=set
2026-03-19T16:12:41Z INFO bsky_collector_v2.job.index_feed_generators: enqueued repos page=38 mode=listRepos inserted=500 repos_returned=500 next_cursor=set
2026-03-19T16:13:06Z WARNING bsky_collector_v2.job.index_feed_generators: listRecords failed repo=did:plc:gi7qa7gx6o6gjhgctdj3ffcp err=HttpError('InvalidRequest: Could not find repo: did:plc:gi7qa7gx6o6gjhgctdj3ffcp')
2026-03-19T16:13:52Z WARNING bsky_collector_v2.job.index_feed_generators: listRecords failed repo=did:plc:gi7qa7gx6o6gjhgctdj3ffcp err=HttpError('InvalidRequest: Could not find repo: did:plc:gi7qa7gx6o6gjhgctdj3ffcp')
2026-03-19T16:13:52Z WARNING bsky_collector_v2.job.index_feed_generators: listRecords failed repo=did:plc:gi7qa7gx6o6gjhgctdj3ffcp err=HttpError('InvalidRequest: Could not find repo: did:plc:gi7qa7gx6o6gjhgctdj3ffcp')
2026-03-19T16:13:53Z INFO bsky_collector_v2.job.index_feed_generators: enqueued repos page=39 mode=listRepos inserted=500 repos_returned=500 next_cursor=set
2026-03-19T16:15:15Z INFO bsky_collector_v2.job.index_feed_generators: enqueued repos page=40 mode=listRepos inserted=500 repos_returned=500 next_cursor=set
2026-03-19T16:15:36Z WARNING bsky_collector_v2.job.index_feed_generators: listRecords failed repo=did:plc:czoxyglwltlxmepzg6fp22se err=HttpError('InvalidRequest: Could not find repo: did:plc:czoxyglwltlxmepzg6fp22se')
2026-03-19T16:16:39Z WARNING bsky_collector_v2.job.index_feed_generators: listRecords failed repo=did:plc:czoxyglwltlxmepzg6fp22se err=HttpError('InvalidRequest: Could not find repo: did:plc:czoxyglwltlxmepzg6fp22se')
2026-03-19T16:16:39Z WARNING bsky_collector_v2.job.index_feed_generators: listRecords failed repo=did:plc:czoxyglwltlxmepzg6fp22se err=HttpError('InvalidRequest: Could not find repo: did:plc:czoxyglwltlxmepzg6fp22se')
2026-03-19T16:16:39Z INFO bsky_collector_v2.job.index_feed_generators: enqueued repos page=41 mode=listRepos inserted=500 repos_returned=500 next_cursor=set
