2026-02-18T14:33:07Z INFO bsky_collector_v2: out_base ok path=D:\BlueSky\data_v2_full mount=D:\
2026-02-18T14:33:07Z INFO bsky_collector_v2: job start subcommand=index-feed-generators dry_run=False resume=True
2026-02-18T14:33:08Z INFO bsky_collector_v2.job.index_feed_generators: feed generator index hosts relay_host=https://bsky.network records_host=https://bsky.social auth=yes
2026-02-18T14:33:20Z INFO bsky_collector_v2.job.index_feed_generators: indexed repo=did:plc:wg2bnyzv3rlsxaajztkqxggn part=1830 records=14 next_cursor=set
2026-02-18T14:33:23Z INFO bsky_collector_v2.job.index_feed_generators: indexed repo=did:plc:xnn74uks2biu3htfzspgv2bn part=1831 records=1 next_cursor=set
2026-02-18T14:33:29Z INFO bsky_collector_v2.job.index_feed_generators: enqueued repos page=1 mode=listRepos inserted=500 repos_returned=500 next_cursor=set
2026-02-18T14:33:44Z INFO bsky_collector_v2.job.index_feed_generators: indexed repo=did:plc:5wqg2sdz23siktpx44h2o4ea part=1832 records=1 next_cursor=set
2026-02-18T14:34:09Z INFO bsky_collector_v2.job.index_feed_generators: indexed repo=did:plc:ew24p3gsrxfk7v4mqixhzu2w part=1833 records=2 next_cursor=set
2026-02-18T14:34:18Z INFO bsky_collector_v2.job.index_feed_generators: indexed repo=did:plc:iezydkhfoqtibjbrmhtkx4jl part=1834 records=1 next_cursor=set
2026-02-18T14:35:04Z INFO bsky_collector_v2.job.index_feed_generators: enqueued repos page=2 mode=listRepos inserted=500 repos_returned=500 next_cursor=set
2026-02-18T14:35:09Z INFO bsky_collector_v2.job.index_feed_generators: indexed repo=did:plc:3buy42zagaexkdtqtw4bygvn part=1835 records=1 next_cursor=set
2026-02-18T14:35:35Z INFO bsky_collector_v2.job.index_feed_generators: indexed repo=did:plc:fjoys76vbmfibiq5y3xu2ban part=1836 records=5 next_cursor=set
2026-02-18T14:35:41Z INFO bsky_collector_v2.job.index_feed_generators: indexed repo=did:plc:i32jjsch6xqcguzsf2lgbfyu part=1837 records=1 next_cursor=set
2026-02-18T14:36:01Z INFO bsky_collector_v2.job.index_feed_generators: indexed repo=did:plc:pcuy5qw35cx4gen6seov64ol part=1838 records=1 next_cursor=set
2026-02-18T14:36:05Z INFO bsky_collector_v2.job.index_feed_generators: indexed repo=did:plc:r2bnc5rzhtcurfrbv7fzgxum part=1839 records=1 next_cursor=set
2026-02-18T14:36:08Z INFO bsky_collector_v2.job.index_feed_generators: indexed repo=did:plc:sz2ckftqgeihubfznvum6g5x part=1840 records=2 next_cursor=set
2026-02-18T14:36:10Z INFO bsky_collector_v2.job.index_feed_generators: indexed repo=did:plc:tezbhg7n64gwes2yxxqreeh6 part=1841 records=1 next_cursor=set
2026-02-18T14:36:19Z INFO bsky_collector_v2.job.index_feed_generators: indexed repo=did:plc:ws642qyutjqpgcay6elgg72u part=1842 records=9 next_cursor=set
2026-02-18T14:36:22Z WARNING bsky_collector_v2.job.index_feed_generators: listRecords failed repo=did:plc:xot6g2tfax25zspvswxmdmbw err=HttpError('InvalidRequest: Could not find repo: did:plc:xot6g2tfax25zspvswxmdmbw')
2026-02-18T14:36:24Z INFO bsky_collector_v2.job.index_feed_generators: indexed repo=did:plc:ying62bnh36i3raujj36jhs5 part=1843 records=6 next_cursor=set
2026-02-18T14:36:30Z WARNING bsky_collector_v2.job.index_feed_generators: listRecords failed repo=did:plc:xot6g2tfax25zspvswxmdmbw err=HttpError('InvalidRequest: Could not find repo: did:plc:xot6g2tfax25zspvswxmdmbw')
2026-02-18T14:36:30Z WARNING bsky_collector_v2.job.index_feed_generators: listRecords failed repo=did:plc:xot6g2tfax25zspvswxmdmbw err=HttpError('InvalidRequest: Could not find repo: did:plc:xot6g2tfax25zspvswxmdmbw')
2026-02-18T14:36:31Z INFO bsky_collector_v2.job.index_feed_generators: enqueued repos page=3 mode=listRepos inserted=500 repos_returned=500 next_cursor=set
2026-02-18T14:36:41Z INFO bsky_collector_v2.job.index_feed_generators: indexed repo=did:plc:4koigwuljthschvxp4zb5fjd part=1844 records=2 next_cursor=set
2026-02-18T14:36:57Z INFO bsky_collector_v2.job.index_feed_generators: indexed repo=did:plc:7law5gtxnufmyixv5wsjxy5v part=1845 records=1 next_cursor=set
2026-02-18T14:37:22Z INFO bsky_collector_v2.job.index_feed_generators: indexed repo=did:plc:ijzpozpwgybmzoruym7tnthu part=1846 records=2 next_cursor=set
2026-02-18T14:38:09Z INFO bsky_collector_v2.job.index_feed_generators: enqueued repos page=4 mode=listRepos inserted=500 repos_returned=500 next_cursor=set
2026-02-18T14:38:51Z INFO bsky_collector_v2.job.index_feed_generators: indexed repo=did:plc:esb62vt2i3x5mfbapcvdaij2 part=1847 records=4 next_cursor=set
2026-02-18T14:38:57Z INFO bsky_collector_v2.job.index_feed_generators: indexed repo=did:plc:gwaylfgui5uiizj45e4qbtsq part=1848 records=1 next_cursor=set
2026-02-18T14:39:47Z INFO bsky_collector_v2.job.index_feed_generators: enqueued repos page=5 mode=listRepos inserted=500 repos_returned=500 next_cursor=set
2026-02-18T14:40:24Z WARNING bsky_collector_v2.job.index_feed_generators: listRecords failed repo=did:plc:gl4bkzaaekxhnds6enelj3uh err=HttpError('InvalidRequest: Could not find repo: did:plc:gl4bkzaaekxhnds6enelj3uh')
2026-02-18T14:40:26Z INFO bsky_collector_v2.job.index_feed_generators: indexed repo=did:plc:h2begslk6foxl7dwjovjjyku part=1849 records=2 next_cursor=set
2026-02-18T14:40:44Z INFO bsky_collector_v2.job.index_feed_generators: indexed repo=did:plc:ob5jyku7lhjk37lex5i5ayu7 part=1850 records=1 next_cursor=set
2026-02-18T14:40:53Z WARNING bsky_collector_v2.job.index_feed_generators: listRecords failed repo=did:plc:rhgfo5fosivuvveelcb6dcbj err=HttpError('InvalidRequest: Could not find repo: did:plc:rhgfo5fosivuvveelcb6dcbj')
2026-02-18T14:40:55Z INFO bsky_collector_v2.job.index_feed_generators: indexed repo=did:plc:sj6dk32cw2s24pfyr75g5n2r part=1851 records=5 next_cursor=set
2026-02-18T14:41:01Z INFO bsky_collector_v2.job.index_feed_generators: indexed repo=did:plc:uvkydhcied4hfym54sk2risa part=1852 records=2 next_cursor=set
2026-02-18T14:41:15Z WARNING bsky_collector_v2.job.index_feed_generators: listRecords failed repo=did:plc:gl4bkzaaekxhnds6enelj3uh err=HttpError('InvalidRequest: Could not find repo: did:plc:gl4bkzaaekxhnds6enelj3uh')
2026-02-18T14:41:15Z WARNING bsky_collector_v2.job.index_feed_generators: listRecords failed repo=did:plc:rhgfo5fosivuvveelcb6dcbj err=HttpError('InvalidRequest: Could not find repo: did:plc:rhgfo5fosivuvveelcb6dcbj')
2026-02-18T14:41:16Z WARNING bsky_collector_v2.job.index_feed_generators: listRecords failed repo=did:plc:gl4bkzaaekxhnds6enelj3uh err=HttpError('InvalidRequest: Could not find repo: did:plc:gl4bkzaaekxhnds6enelj3uh')
2026-02-18T14:41:16Z WARNING bsky_collector_v2.job.index_feed_generators: listRecords failed repo=did:plc:rhgfo5fosivuvveelcb6dcbj err=HttpError('InvalidRequest: Could not find repo: did:plc:rhgfo5fosivuvveelcb6dcbj')
2026-02-18T14:41:16Z INFO bsky_collector_v2.job.index_feed_generators: enqueued repos page=6 mode=listRepos inserted=500 repos_returned=500 next_cursor=set
2026-02-18T14:41:18Z INFO bsky_collector_v2.job.index_feed_generators: indexed repo=did:plc:37n7bawueyrg3g3j2wem4i6q part=1853 records=1 next_cursor=set
2026-02-18T14:41:41Z INFO bsky_collector_v2.job.index_feed_generators: indexed repo=did:plc:e2mj6v6jjvwinwewtj7zfiep part=1854 records=1 next_cursor=set
2026-02-18T14:41:51Z INFO bsky_collector_v2.job.index_feed_generators: indexed repo=did:plc:hgpm2hkjb7b6ia63zacmopzt part=1855 records=1 next_cursor=set
2026-02-18T14:41:59Z INFO bsky_collector_v2.job.index_feed_generators: indexed repo=did:plc:kgogrx7g27tzifzggqkvxd2s part=1856 records=1 next_cursor=set
2026-02-18T14:42:02Z INFO bsky_collector_v2.job.index_feed_generators: indexed repo=did:plc:ln2zu73t7tl3cymi6n3opq7d part=1857 records=2 next_cursor=set
2026-02-18T14:42:02Z INFO bsky_collector_v2.job.index_feed_generators: indexed repo=did:plc:lptlnf4fhg2yfpkwzwouavyq part=1858 records=1 next_cursor=set
2026-02-18T14:42:09Z WARNING bsky_collector_v2.job.index_feed_generators: listRecords failed repo=did:plc:nkwgxv6th3o5r5uclmwcs32f err=HttpError('InvalidRequest: Could not find repo: did:plc:nkwgxv6th3o5r5uclmwcs32f')
2026-02-18T14:42:15Z INFO bsky_collector_v2.job.index_feed_generators: indexed repo=did:plc:puvfltiqosywusb4ye6mhcxi part=1859 records=2 next_cursor=set
2026-02-18T14:42:17Z INFO bsky_collector_v2.job.index_feed_generators: indexed repo=did:plc:qmuic7kuinrxpgygvzp2vo67 part=1860 records=2 next_cursor=set
2026-02-18T14:42:44Z WARNING bsky_collector_v2.job.index_feed_generators: listRecords failed repo=did:plc:nkwgxv6th3o5r5uclmwcs32f err=HttpError('InvalidRequest: Could not find repo: did:plc:nkwgxv6th3o5r5uclmwcs32f')
2026-02-18T14:42:44Z WARNING bsky_collector_v2.job.index_feed_generators: listRecords failed repo=did:plc:nkwgxv6th3o5r5uclmwcs32f err=HttpError('InvalidRequest: Could not find repo: did:plc:nkwgxv6th3o5r5uclmwcs32f')
2026-02-18T14:42:45Z INFO bsky_collector_v2.job.index_feed_generators: enqueued repos page=7 mode=listRepos inserted=500 repos_returned=500 next_cursor=set
2026-02-18T14:43:07Z INFO bsky_collector_v2.job.index_feed_generators: indexed repo=did:plc:cfblayrbepthr27ggt5coezx part=1861 records=1 next_cursor=set
2026-02-18T14:43:14Z WARNING bsky_collector_v2.job.index_feed_generators: listRecords failed repo=did:plc:ekwhxgi5qvjffgj57s6yl5rn err=HttpError('InvalidRequest: Could not find repo: did:plc:ekwhxgi5qvjffgj57s6yl5rn')
2026-02-18T14:43:37Z INFO bsky_collector_v2.job.index_feed_generators: indexed repo=did:plc:m37gkfyhtgk6gmbpbsdcpl7q part=1862 records=5 next_cursor=set
2026-02-18T14:43:40Z INFO bsky_collector_v2.job.index_feed_generators: indexed repo=did:plc:njh7jnkaaizpswqmwxjsrwen part=1863 records=6 next_cursor=set
2026-02-18T14:43:41Z INFO bsky_collector_v2.job.index_feed_generators: indexed repo=did:plc:nqau6vhr7raqnlse5vd4ecrj part=1864 records=2 next_cursor=set
2026-02-18T14:43:52Z INFO bsky_collector_v2.job.index_feed_generators: indexed repo=did:plc:sil3aotchaj2xieyfos76qtt part=1865 records=1 next_cursor=set
2026-02-18T14:44:00Z INFO bsky_collector_v2.job.index_feed_generators: indexed repo=did:plc:vbyjxclg4nqbao6z2s2u2gis part=1866 records=1 next_cursor=set
2026-02-18T14:44:03Z INFO bsky_collector_v2.job.index_feed_generators: indexed repo=did:plc:wad5ndkrybapz3r3we4mns5n part=1867 records=2 next_cursor=set
2026-02-18T14:44:04Z INFO bsky_collector_v2.job.index_feed_generators: indexed repo=did:plc:wftbu7m56mst3eq4asrla5z3 part=1868 records=3 next_cursor=set
2026-02-18T14:44:09Z INFO bsky_collector_v2.job.index_feed_generators: indexed repo=did:plc:yp24l3ljep4waedc7hwkz77i part=1869 records=1 next_cursor=set
2026-02-18T14:44:11Z INFO bsky_collector_v2.job.index_feed_generators: indexed repo=did:plc:zlgziwm7kbfof3woumawzf3z part=1870 records=1 next_cursor=set
2026-02-18T14:44:12Z WARNING bsky_collector_v2.job.index_feed_generators: listRecords failed repo=did:plc:ekwhxgi5qvjffgj57s6yl5rn err=HttpError('InvalidRequest: Could not find repo: did:plc:ekwhxgi5qvjffgj57s6yl5rn')
2026-02-18T14:44:13Z WARNING bsky_collector_v2.job.index_feed_generators: listRecords failed repo=did:plc:ekwhxgi5qvjffgj57s6yl5rn err=HttpError('InvalidRequest: Could not find repo: did:plc:ekwhxgi5qvjffgj57s6yl5rn')
2026-02-18T14:44:14Z INFO bsky_collector_v2.job.index_feed_generators: enqueued repos page=8 mode=listRepos inserted=500 repos_returned=500 next_cursor=set
2026-02-18T14:44:35Z INFO bsky_collector_v2.job.index_feed_generators: indexed repo=did:plc:bthwp2mvrlu6xif3g6zhsivu part=1871 records=4 next_cursor=set
2026-02-18T14:44:39Z INFO bsky_collector_v2.job.index_feed_generators: indexed repo=did:plc:dpuw64w57jswjjikk5f2vwkk part=1872 records=1 next_cursor=set
2026-02-18T14:44:50Z INFO bsky_collector_v2.job.index_feed_generators: indexed repo=did:plc:hu4getakvio5urhhys5vphye part=1873 records=2 next_cursor=set
2026-02-18T14:45:06Z INFO bsky_collector_v2.job.index_feed_generators: indexed repo=did:plc:md4dxs67wjsduflrwyu2xqye part=1874 records=1 next_cursor=set
2026-02-18T14:45:45Z INFO bsky_collector_v2.job.index_feed_generators: indexed repo=did:plc:xapwdq2xzwh3zgd46ofyv3b5 part=1875 records=1 next_cursor=set
2026-02-18T14:45:52Z INFO bsky_collector_v2.job.index_feed_generators: enqueued repos page=9 mode=listRepos inserted=500 repos_returned=500 next_cursor=set
2026-02-18T14:46:30Z WARNING bsky_collector_v2.job.index_feed_generators: listRecords failed repo=did:plc:gupwazw7rjdlwgmnx7bpyizk err=HttpError('InvalidRequest: Could not find repo: did:plc:gupwazw7rjdlwgmnx7bpyizk')
2026-02-18T14:46:54Z INFO bsky_collector_v2.job.index_feed_generators: indexed repo=did:plc:pllxsazo2ps2ybu4wacvdnim part=1876 records=3 next_cursor=set
2026-02-18T14:46:58Z INFO bsky_collector_v2.job.index_feed_generators: indexed repo=did:plc:qm57xhk3bzwqsvyu7tfc4tcu part=1877 records=9 next_cursor=set
2026-02-18T14:47:15Z INFO bsky_collector_v2.job.index_feed_generators: indexed repo=did:plc:xowlq632lcinwbg3prneeyvb part=1878 records=1 next_cursor=set
2026-02-18T14:47:23Z WARNING bsky_collector_v2.job.index_feed_generators: listRecords failed repo=did:plc:gupwazw7rjdlwgmnx7bpyizk err=HttpError('InvalidRequest: Could not find repo: did:plc:gupwazw7rjdlwgmnx7bpyizk')
2026-02-18T14:47:24Z WARNING bsky_collector_v2.job.index_feed_generators: listRecords failed repo=did:plc:gupwazw7rjdlwgmnx7bpyizk err=HttpError('InvalidRequest: Could not find repo: did:plc:gupwazw7rjdlwgmnx7bpyizk')
2026-02-18T14:47:24Z INFO bsky_collector_v2.job.index_feed_generators: enqueued repos page=10 mode=listRepos inserted=500 repos_returned=500 next_cursor=set
2026-02-18T14:47:51Z INFO bsky_collector_v2.job.index_feed_generators: indexed repo=did:plc:exrcw32y7qyhofshvwpzw7hp part=1879 records=1 next_cursor=set
2026-02-18T14:47:52Z INFO bsky_collector_v2.job.index_feed_generators: indexed repo=did:plc:fc2lcla5v53m5lhtahfhclij part=1880 records=1 next_cursor=set
2026-02-18T14:48:19Z INFO bsky_collector_v2.job.index_feed_generators: indexed repo=did:plc:pg52jmlqujulzux7yv6gzsl6 part=1881 records=1 next_cursor=set
2026-02-18T14:48:32Z WARNING bsky_collector_v2.job.index_feed_generators: listRecords failed repo=did:plc:uh4jwa2gfkxbkpxmt62kxrcz err=HttpError('InvalidRequest: Could not find repo: did:plc:uh4jwa2gfkxbkpxmt62kxrcz')
2026-02-18T14:48:39Z INFO bsky_collector_v2.job.index_feed_generators: indexed repo=did:plc:xbnkxnq5lo5fvvjrni2m7z5r part=1882 records=1 next_cursor=set
2026-02-18T14:48:50Z INFO bsky_collector_v2.job.index_feed_generators: indexed repo=did:plc:zcl73ujom6qr357t75voasjp part=1883 records=1 next_cursor=set
2026-02-18T14:48:54Z WARNING bsky_collector_v2.job.index_feed_generators: listRecords failed repo=did:plc:uh4jwa2gfkxbkpxmt62kxrcz err=HttpError('InvalidRequest: Could not find repo: did:plc:uh4jwa2gfkxbkpxmt62kxrcz')
2026-02-18T14:48:55Z WARNING bsky_collector_v2.job.index_feed_generators: listRecords failed repo=did:plc:uh4jwa2gfkxbkpxmt62kxrcz err=HttpError('InvalidRequest: Could not find repo: did:plc:uh4jwa2gfkxbkpxmt62kxrcz')
2026-02-18T14:48:56Z INFO bsky_collector_v2.job.index_feed_generators: enqueued repos page=11 mode=listRepos inserted=500 repos_returned=500 next_cursor=set
2026-02-18T14:49:26Z WARNING bsky_collector_v2.job.index_feed_generators: listRecords failed repo=did:plc:bcly4mgjibh64tvu4vnu5pxh err=HttpError('InvalidRequest: Could not find repo: did:plc:bcly4mgjibh64tvu4vnu5pxh')
2026-02-18T14:49:29Z INFO bsky_collector_v2.job.index_feed_generators: indexed repo=did:plc:cjlrjp25d37o7vlbhwptw35i part=1884 records=1 next_cursor=set
2026-02-18T14:50:05Z INFO bsky_collector_v2.job.index_feed_generators: indexed repo=did:plc:m5znehy2ly7p57y3ii7g7wqn part=1885 records=1 next_cursor=set
2026-02-18T14:50:07Z INFO bsky_collector_v2.job.index_feed_generators: indexed repo=did:plc:mg6d2vvoyurojrqqvzirayib part=1886 records=3 next_cursor=set
2026-02-18T14:50:13Z WARNING bsky_collector_v2.job.index_feed_generators: listRecords failed repo=did:plc:oisofpd7lj26yvgiivf3lxsi err=HttpError('InvalidRequest: Could not find repo: did:plc:oisofpd7lj26yvgiivf3lxsi')
2026-02-18T14:50:25Z INFO bsky_collector_v2.job.index_feed_generators: indexed repo=did:plc:sfrmva7bu4f2ikh52h4cn5sr part=1887 records=1 next_cursor=set
2026-02-18T14:50:56Z INFO bsky_collector_v2.job.index_feed_generators: indexed repo=did:plc:zqcxryfm7dfv5u5kajm53scu part=1888 records=1 next_cursor=set
2026-02-18T14:50:57Z WARNING bsky_collector_v2.job.index_feed_generators: listRecords failed repo=did:plc:bcly4mgjibh64tvu4vnu5pxh err=HttpError('InvalidRequest: Could not find repo: did:plc:bcly4mgjibh64tvu4vnu5pxh')
2026-02-18T14:50:58Z WARNING bsky_collector_v2.job.index_feed_generators: listRecords failed repo=did:plc:oisofpd7lj26yvgiivf3lxsi err=HttpError('InvalidRequest: Could not find repo: did:plc:oisofpd7lj26yvgiivf3lxsi')
2026-02-18T14:50:58Z WARNING bsky_collector_v2.job.index_feed_generators: listRecords failed repo=did:plc:bcly4mgjibh64tvu4vnu5pxh err=HttpError('InvalidRequest: Could not find repo: did:plc:bcly4mgjibh64tvu4vnu5pxh')
2026-02-18T14:50:58Z WARNING bsky_collector_v2.job.index_feed_generators: listRecords failed repo=did:plc:oisofpd7lj26yvgiivf3lxsi err=HttpError('InvalidRequest: Could not find repo: did:plc:oisofpd7lj26yvgiivf3lxsi')
2026-02-18T14:50:59Z INFO bsky_collector_v2.job.index_feed_generators: enqueued repos page=12 mode=listRepos inserted=500 repos_returned=500 next_cursor=set
2026-02-18T14:51:31Z INFO bsky_collector_v2.job.index_feed_generators: indexed repo=did:plc:djtneyuwlijpjuoynxmymd5q part=1889 records=2 next_cursor=set
2026-02-18T14:52:37Z INFO bsky_collector_v2.job.index_feed_generators: indexed repo=did:plc:xgvnjgr2wwoegstkgq26w7xd part=1890 records=3 next_cursor=set
2026-02-18T14:52:45Z INFO bsky_collector_v2.job.index_feed_generators: enqueued repos page=13 mode=listRepos inserted=500 repos_returned=500 next_cursor=set
2026-02-18T14:53:03Z INFO bsky_collector_v2.job.index_feed_generators: indexed repo=did:plc:7xcfmb3j3uvv4dg6vs3ix44w part=1891 records=1 next_cursor=set
2026-02-18T14:53:17Z WARNING bsky_collector_v2.job.index_feed_generators: listRecords failed repo=did:plc:ftlyvkcw2rjcyljwq6dqo2ir err=HttpError('InvalidRequest: Could not find repo: did:plc:ftlyvkcw2rjcyljwq6dqo2ir')
2026-02-18T14:53:26Z WARNING bsky_collector_v2.job.index_feed_generators: listRecords failed repo=did:plc:imfnpn5645wn5vikwmf5kvkn err=HttpError('InvalidRequest: Could not find repo: did:plc:imfnpn5645wn5vikwmf5kvkn')
2026-02-18T14:53:39Z WARNING bsky_collector_v2.job.index_feed_generators: listRecords failed repo=did:plc:p3zaz7kf733o3ezbfdpvy6ep err=HttpError('InvalidRequest: Could not find repo: did:plc:p3zaz7kf733o3ezbfdpvy6ep')
2026-02-18T14:53:50Z WARNING bsky_collector_v2.job.index_feed_generators: listRecords failed repo=did:plc:svgacwbrrzml2e3myydxoen3 err=HttpError('InvalidRequest: Could not find repo: did:plc:svgacwbrrzml2e3myydxoen3')
2026-02-18T14:54:10Z WARNING bsky_collector_v2.job.index_feed_generators: listRecords failed repo=did:plc:ftlyvkcw2rjcyljwq6dqo2ir err=HttpError('InvalidRequest: Could not find repo: did:plc:ftlyvkcw2rjcyljwq6dqo2ir')
2026-02-18T14:54:10Z WARNING bsky_collector_v2.job.index_feed_generators: listRecords failed repo=did:plc:imfnpn5645wn5vikwmf5kvkn err=HttpError('InvalidRequest: Could not find repo: did:plc:imfnpn5645wn5vikwmf5kvkn')
2026-02-18T14:54:10Z WARNING bsky_collector_v2.job.index_feed_generators: listRecords failed repo=did:plc:p3zaz7kf733o3ezbfdpvy6ep err=HttpError('InvalidRequest: Could not find repo: did:plc:p3zaz7kf733o3ezbfdpvy6ep')
2026-02-18T14:54:10Z WARNING bsky_collector_v2.job.index_feed_generators: listRecords failed repo=did:plc:svgacwbrrzml2e3myydxoen3 err=HttpError('InvalidRequest: Could not find repo: did:plc:svgacwbrrzml2e3myydxoen3')
2026-02-18T14:54:10Z WARNING bsky_collector_v2.job.index_feed_generators: listRecords failed repo=did:plc:ftlyvkcw2rjcyljwq6dqo2ir err=HttpError('InvalidRequest: Could not find repo: did:plc:ftlyvkcw2rjcyljwq6dqo2ir')
2026-02-18T14:54:10Z WARNING bsky_collector_v2.job.index_feed_generators: listRecords failed repo=did:plc:imfnpn5645wn5vikwmf5kvkn err=HttpError('InvalidRequest: Could not find repo: did:plc:imfnpn5645wn5vikwmf5kvkn')
2026-02-18T14:54:10Z WARNING bsky_collector_v2.job.index_feed_generators: listRecords failed repo=did:plc:p3zaz7kf733o3ezbfdpvy6ep err=HttpError('InvalidRequest: Could not find repo: did:plc:p3zaz7kf733o3ezbfdpvy6ep')
2026-02-18T14:54:10Z WARNING bsky_collector_v2.job.index_feed_generators: listRecords failed repo=did:plc:svgacwbrrzml2e3myydxoen3 err=HttpError('InvalidRequest: Could not find repo: did:plc:svgacwbrrzml2e3myydxoen3')
2026-02-18T14:54:11Z INFO bsky_collector_v2.job.index_feed_generators: enqueued repos page=14 mode=listRepos inserted=500 repos_returned=500 next_cursor=set
2026-02-18T14:54:21Z INFO bsky_collector_v2.job.index_feed_generators: indexed repo=did:plc:6tmq74xxwlyq6ctjeifsuf5t part=1892 records=1 next_cursor=set
2026-02-18T14:54:49Z INFO bsky_collector_v2.job.index_feed_generators: indexed repo=did:plc:ivnvf3cm6yjlonxhozyozyb6 part=1893 records=1 next_cursor=set
2026-02-18T14:54:53Z INFO bsky_collector_v2.job.index_feed_generators: indexed repo=did:plc:l734sl6t4sfqmvadde54kqkg part=1894 records=1 next_cursor=set
2026-02-18T14:55:37Z INFO bsky_collector_v2.job.index_feed_generators: indexed repo=did:plc:xgd2avdmckphr7pamqf6o3wn part=1895 records=13 next_cursor=set
2026-02-18T14:55:42Z INFO bsky_collector_v2.job.index_feed_generators: indexed repo=did:plc:yx4facjp35dzbzrdjn5fkmgm part=1896 records=2 next_cursor=set
2026-02-18T14:55:46Z INFO bsky_collector_v2.job.index_feed_generators: indexed repo=did:plc:zzilxqve6xvnklnx7fmhz4s2 part=1897 records=1 next_cursor=set
2026-02-18T14:55:47Z INFO bsky_collector_v2.job.index_feed_generators: enqueued repos page=15 mode=listRepos inserted=500 repos_returned=500 next_cursor=set
2026-02-18T14:56:23Z INFO bsky_collector_v2.job.index_feed_generators: indexed repo=did:plc:ijjhhf6kg3ujyyju3wyv5b3f part=1898 records=3 next_cursor=set
2026-02-18T14:56:26Z INFO bsky_collector_v2.job.index_feed_generators: indexed repo=did:plc:jpkjnmydclkafjyicv3s6hcx part=1899 records=1 next_cursor=set
2026-02-18T14:57:10Z INFO bsky_collector_v2.job.index_feed_generators: enqueued repos page=16 mode=listRepos inserted=500 repos_returned=500 next_cursor=set
2026-02-18T14:57:11Z INFO bsky_collector_v2.job.index_feed_generators: indexed repo=did:plc:2cxq7v4ylhk5jxyfidsbdjgz part=1900 records=3 next_cursor=set
2026-02-18T14:57:14Z INFO bsky_collector_v2.job.index_feed_generators: indexed repo=did:plc:2x4vw3s2uax6zxivr4utic5z part=1901 records=1 next_cursor=set
2026-02-18T14:57:21Z WARNING bsky_collector_v2.job.index_feed_generators: listRecords failed repo=did:plc:5woi6h3y7ygxpgygk6jpytau err=HttpError('InvalidRequest: Could not find repo: did:plc:5woi6h3y7ygxpgygk6jpytau')
2026-02-18T14:57:27Z INFO bsky_collector_v2.job.index_feed_generators: indexed repo=did:plc:7zknu2s3qcs7bb7fu4gvkdka part=1902 records=8 next_cursor=set
2026-02-18T14:57:49Z INFO bsky_collector_v2.job.index_feed_generators: indexed repo=did:plc:jdww4zxbqiotssjkjlxgns2b part=1903 records=1 next_cursor=set
2026-02-18T14:58:07Z WARNING bsky_collector_v2.job.index_feed_generators: listRecords failed repo=did:plc:qjy6pijwxqk4u574vd462ky2 err=HttpError('InvalidRequest: Could not find repo: did:plc:qjy6pijwxqk4u574vd462ky2')
2026-02-18T14:58:17Z INFO bsky_collector_v2.job.index_feed_generators: indexed repo=did:plc:tk2trm6iyslj2mddrudpitai part=1904 records=4 next_cursor=set
2026-02-18T14:58:22Z WARNING bsky_collector_v2.job.index_feed_generators: listRecords failed repo=did:plc:vcykurfvhhpynm4cwhsnnu4d err=HttpError('InvalidRequest: Could not find repo: did:plc:vcykurfvhhpynm4cwhsnnu4d')
2026-02-18T14:58:32Z INFO bsky_collector_v2.job.index_feed_generators: indexed repo=did:plc:ys22oraibp722nj3uzw52uji part=1905 records=2 next_cursor=set
2026-02-18T14:58:36Z WARNING bsky_collector_v2.job.index_feed_generators: listRecords failed repo=did:plc:5woi6h3y7ygxpgygk6jpytau err=HttpError('InvalidRequest: Could not find repo: did:plc:5woi6h3y7ygxpgygk6jpytau')
2026-02-18T14:58:36Z WARNING bsky_collector_v2.job.index_feed_generators: listRecords failed repo=did:plc:qjy6pijwxqk4u574vd462ky2 err=HttpError('InvalidRequest: Could not find repo: did:plc:qjy6pijwxqk4u574vd462ky2')
2026-02-18T14:58:37Z WARNING bsky_collector_v2.job.index_feed_generators: listRecords failed repo=did:plc:vcykurfvhhpynm4cwhsnnu4d err=HttpError('InvalidRequest: Could not find repo: did:plc:vcykurfvhhpynm4cwhsnnu4d')
2026-02-18T14:58:37Z WARNING bsky_collector_v2.job.index_feed_generators: listRecords failed repo=did:plc:5woi6h3y7ygxpgygk6jpytau err=HttpError('InvalidRequest: Could not find repo: did:plc:5woi6h3y7ygxpgygk6jpytau')
2026-02-18T14:58:37Z WARNING bsky_collector_v2.job.index_feed_generators: listRecords failed repo=did:plc:qjy6pijwxqk4u574vd462ky2 err=HttpError('InvalidRequest: Could not find repo: did:plc:qjy6pijwxqk4u574vd462ky2')
2026-02-18T14:58:37Z WARNING bsky_collector_v2.job.index_feed_generators: listRecords failed repo=did:plc:vcykurfvhhpynm4cwhsnnu4d err=HttpError('InvalidRequest: Could not find repo: did:plc:vcykurfvhhpynm4cwhsnnu4d')
2026-02-18T14:58:38Z INFO bsky_collector_v2.job.index_feed_generators: enqueued repos page=17 mode=listRepos inserted=500 repos_returned=500 next_cursor=set
2026-02-18T14:58:40Z INFO bsky_collector_v2.job.index_feed_generators: indexed repo=did:plc:35azqoxycklwp4wwx7wncbyj part=1906 records=2 next_cursor=set
2026-02-18T14:58:41Z INFO bsky_collector_v2.job.index_feed_generators: indexed repo=did:plc:3hsv6xmeg3gebjnowiqhffnz part=1907 records=2 next_cursor=set
2026-02-18T14:58:54Z INFO bsky_collector_v2.job.index_feed_generators: indexed repo=did:plc:c2gopt2ldseeusw6fdvodhbg part=1908 records=2 next_cursor=set
2026-02-18T14:59:16Z INFO bsky_collector_v2.job.index_feed_generators: indexed repo=did:plc:gcr462qccbnqjj4s73bt5ema part=1909 records=1 next_cursor=set
2026-02-18T14:59:35Z INFO bsky_collector_v2.job.index_feed_generators: indexed repo=did:plc:mjw7mxbeji3sjpj5borg4wiq part=1910 records=1 next_cursor=set
2026-02-18T14:59:41Z INFO bsky_collector_v2.job.index_feed_generators: indexed repo=did:plc:ojbe3okar7znswsrvxogmpdk part=1911 records=3 next_cursor=set
2026-02-18T14:59:53Z INFO bsky_collector_v2.job.index_feed_generators: indexed repo=did:plc:tcciinozwq3ipzjb5e2ypotd part=1912 records=2 next_cursor=set
2026-02-18T14:59:55Z WARNING bsky_collector_v2.job.index_feed_generators: listRecords failed repo=did:plc:uchkqkhkr7yseqnyu3ykfyrl err=HttpError('InvalidRequest: Could not find repo: did:plc:uchkqkhkr7yseqnyu3ykfyrl')
2026-02-18T15:00:15Z WARNING bsky_collector_v2.job.index_feed_generators: listRecords failed repo=did:plc:uchkqkhkr7yseqnyu3ykfyrl err=HttpError('InvalidRequest: Could not find repo: did:plc:uchkqkhkr7yseqnyu3ykfyrl')
2026-02-18T15:00:15Z WARNING bsky_collector_v2.job.index_feed_generators: listRecords failed repo=did:plc:uchkqkhkr7yseqnyu3ykfyrl err=HttpError('InvalidRequest: Could not find repo: did:plc:uchkqkhkr7yseqnyu3ykfyrl')
2026-02-18T15:00:15Z INFO bsky_collector_v2.job.index_feed_generators: enqueued repos page=18 mode=listRepos inserted=500 repos_returned=500 next_cursor=set
2026-02-18T15:00:17Z INFO bsky_collector_v2.job.index_feed_generators: indexed repo=did:plc:2tcp2tibwxrbfp5sntvi2mqn part=1913 records=1 next_cursor=set
2026-02-18T15:01:26Z WARNING bsky_collector_v2.job.index_feed_generators: listRecords failed repo=did:plc:s5cafagrmcs2gjuhxazecia2 err=HttpError('InvalidRequest: Could not find repo: did:plc:s5cafagrmcs2gjuhxazecia2')
2026-02-18T15:01:31Z WARNING bsky_collector_v2.job.index_feed_generators: listRecords failed repo=did:plc:tb76c3g5b2v6nmjgocsar2lp err=HttpError('InvalidRequest: Could not find repo: did:plc:tb76c3g5b2v6nmjgocsar2lp')
2026-02-18T15:01:47Z WARNING bsky_collector_v2.job.index_feed_generators: listRecords failed repo=did:plc:s5cafagrmcs2gjuhxazecia2 err=HttpError('InvalidRequest: Could not find repo: did:plc:s5cafagrmcs2gjuhxazecia2')
2026-02-18T15:01:47Z WARNING bsky_collector_v2.job.index_feed_generators: listRecords failed repo=did:plc:tb76c3g5b2v6nmjgocsar2lp err=HttpError('InvalidRequest: Could not find repo: did:plc:tb76c3g5b2v6nmjgocsar2lp')
2026-02-18T15:01:47Z WARNING bsky_collector_v2.job.index_feed_generators: listRecords failed repo=did:plc:s5cafagrmcs2gjuhxazecia2 err=HttpError('InvalidRequest: Could not find repo: did:plc:s5cafagrmcs2gjuhxazecia2')
2026-02-18T15:01:48Z WARNING bsky_collector_v2.job.index_feed_generators: listRecords failed repo=did:plc:tb76c3g5b2v6nmjgocsar2lp err=HttpError('InvalidRequest: Could not find repo: did:plc:tb76c3g5b2v6nmjgocsar2lp')
2026-02-18T15:01:48Z INFO bsky_collector_v2.job.index_feed_generators: enqueued repos page=19 mode=listRepos inserted=500 repos_returned=500 next_cursor=set
2026-02-18T15:01:49Z INFO bsky_collector_v2.job.index_feed_generators: indexed repo=did:plc:2fnpwsjmi37jjxxwajmtgxvk part=1914 records=2 next_cursor=set
2026-02-18T15:02:13Z INFO bsky_collector_v2.job.index_feed_generators: indexed repo=did:plc:dchhe3sdnam6seb5k7p64mfy part=1915 records=2 next_cursor=set
2026-02-18T15:02:13Z WARNING bsky_collector_v2.job.index_feed_generators: listRecords failed repo=did:plc:djr4djhxgabzgsem6cokaj3i err=HttpError('InvalidRequest: Could not find repo: did:plc:djr4djhxgabzgsem6cokaj3i')
2026-02-18T15:02:26Z INFO bsky_collector_v2.job.index_feed_generators: indexed repo=did:plc:i75e7cxny4exj2jdplxi4p7x part=1916 records=1 next_cursor=set
2026-02-18T15:02:51Z INFO bsky_collector_v2.job.index_feed_generators: indexed repo=did:plc:rtxjj7e6xa4zm5dev6wd6tjy part=1917 records=2 next_cursor=set
2026-02-18T15:03:01Z INFO bsky_collector_v2.job.index_feed_generators: indexed repo=did:plc:vrtu4zxh6w57jwkatrqdyhuw part=1918 records=1 next_cursor=set
2026-02-18T15:03:05Z INFO bsky_collector_v2.job.index_feed_generators: indexed repo=did:plc:xfgufi47be5m5wei36p3uoie part=1919 records=2 next_cursor=set
2026-02-18T15:03:07Z INFO bsky_collector_v2.job.index_feed_generators: indexed repo=did:plc:yjgg5pqittc74ld5b2f5gms4 part=1920 records=1 next_cursor=set
2026-02-18T15:03:11Z WARNING bsky_collector_v2.job.index_feed_generators: listRecords failed repo=did:plc:djr4djhxgabzgsem6cokaj3i err=HttpError('InvalidRequest: Could not find repo: did:plc:djr4djhxgabzgsem6cokaj3i')
2026-02-18T15:03:11Z WARNING bsky_collector_v2.job.index_feed_generators: listRecords failed repo=did:plc:djr4djhxgabzgsem6cokaj3i err=HttpError('InvalidRequest: Could not find repo: did:plc:djr4djhxgabzgsem6cokaj3i')
2026-02-18T15:03:12Z INFO bsky_collector_v2.job.index_feed_generators: enqueued repos page=20 mode=listRepos inserted=500 repos_returned=500 next_cursor=set
2026-02-18T15:03:18Z WARNING bsky_collector_v2.job.index_feed_generators: listRecords failed repo=did:plc:44h2t5za2awfifictif2k7w2 err=HttpError('InvalidRequest: Could not find repo: did:plc:44h2t5za2awfifictif2k7w2')
2026-02-18T15:03:40Z INFO bsky_collector_v2.job.index_feed_generators: indexed repo=did:plc:elr5oongy3fci4yg7rocglwp part=1921 records=2 next_cursor=set
2026-02-18T15:04:55Z INFO bsky_collector_v2.job.index_feed_generators: indexed repo=did:plc:ycedj3n4z6z2o7kc32xvjbcx part=1922 records=2 next_cursor=set
2026-02-18T15:05:01Z WARNING bsky_collector_v2.job.index_feed_generators: listRecords failed repo=did:plc:44h2t5za2awfifictif2k7w2 err=HttpError('InvalidRequest: Could not find repo: did:plc:44h2t5za2awfifictif2k7w2')
2026-02-18T15:05:01Z WARNING bsky_collector_v2.job.index_feed_generators: listRecords failed repo=did:plc:44h2t5za2awfifictif2k7w2 err=HttpError('InvalidRequest: Could not find repo: did:plc:44h2t5za2awfifictif2k7w2')
2026-02-18T15:05:01Z INFO bsky_collector_v2.job.index_feed_generators: enqueued repos page=21 mode=listRepos inserted=500 repos_returned=500 next_cursor=set
2026-02-18T15:05:22Z INFO bsky_collector_v2.job.index_feed_generators: indexed repo=did:plc:c5jqsaehrnixp7r55avdqyws part=1923 records=1 next_cursor=set
2026-02-18T15:05:45Z INFO bsky_collector_v2.job.index_feed_generators: indexed repo=did:plc:kqbyr4gqt6p2l57htlsa4nha part=1924 records=3 next_cursor=set
2026-02-18T15:05:45Z INFO bsky_collector_v2.job.index_feed_generators: indexed repo=did:plc:kr335dhuiql3h5qos6ahwqew part=1925 records=1 next_cursor=set
2026-02-18T15:05:57Z INFO bsky_collector_v2.job.index_feed_generators: indexed repo=did:plc:pgzzrm33genkl4ylbchybl6e part=1926 records=1 next_cursor=set
2026-02-18T15:06:03Z WARNING bsky_collector_v2.job.index_feed_generators: listRecords failed repo=did:plc:rks3gyeobrz5wwjonxgaijxw err=HttpError('InvalidRequest: Could not find repo: did:plc:rks3gyeobrz5wwjonxgaijxw')
2026-02-18T15:06:21Z INFO bsky_collector_v2.job.index_feed_generators: indexed repo=did:plc:yfcbkrn7tnu2fi5cvefh5uuq part=1927 records=1 next_cursor=set
2026-02-18T15:06:25Z WARNING bsky_collector_v2.job.index_feed_generators: listRecords failed repo=did:plc:rks3gyeobrz5wwjonxgaijxw err=HttpError('InvalidRequest: Could not find repo: did:plc:rks3gyeobrz5wwjonxgaijxw')
2026-02-18T15:06:25Z WARNING bsky_collector_v2.job.index_feed_generators: listRecords failed repo=did:plc:rks3gyeobrz5wwjonxgaijxw err=HttpError('InvalidRequest: Could not find repo: did:plc:rks3gyeobrz5wwjonxgaijxw')
2026-02-18T15:06:26Z INFO bsky_collector_v2.job.index_feed_generators: enqueued repos page=22 mode=listRepos inserted=500 repos_returned=500 next_cursor=set
2026-02-18T15:06:38Z INFO bsky_collector_v2.job.index_feed_generators: indexed repo=did:plc:752xmba5oan76nbt7nxbiuq3 part=1928 records=3 next_cursor=set
2026-02-18T15:07:01Z INFO bsky_collector_v2.job.index_feed_generators: indexed repo=did:plc:iztv76aq7fbpxmyjwqv5vrhz part=1929 records=5 next_cursor=set
2026-02-18T15:07:03Z INFO bsky_collector_v2.job.index_feed_generators: indexed repo=did:plc:jybb6k7wmqj45e3l5bkz3sx3 part=1930 records=1 next_cursor=set
2026-02-18T15:07:04Z INFO bsky_collector_v2.job.index_feed_generators: indexed repo=did:plc:kc5puhiozo4mtry3dtgd6wzv part=1931 records=1 next_cursor=set
2026-02-18T15:07:08Z INFO bsky_collector_v2.job.index_feed_generators: indexed repo=did:plc:mj5qhfobdpxxidhcl36eb5of part=1932 records=1 next_cursor=set
2026-02-18T15:07:36Z INFO bsky_collector_v2.job.index_feed_generators: indexed repo=did:plc:wuof4nk5ev34yxp275i7lufi part=1933 records=1 next_cursor=set
2026-02-18T15:07:45Z INFO bsky_collector_v2.job.index_feed_generators: enqueued repos page=23 mode=listRepos inserted=500 repos_returned=500 next_cursor=set
2026-02-18T15:09:10Z INFO bsky_collector_v2.job.index_feed_generators: enqueued repos page=24 mode=listRepos inserted=500 repos_returned=500 next_cursor=set
2026-02-18T15:09:14Z INFO bsky_collector_v2.job.index_feed_generators: indexed repo=did:plc:3uk4ii4gmmruvfdllxexqt6y part=1934 records=1 next_cursor=set
2026-02-18T15:09:18Z WARNING bsky_collector_v2.job.index_feed_generators: listRecords failed repo=did:plc:5lfbbyxdtsh6iwgex2pzrfdq err=HttpError('InvalidRequest: Could not find repo: did:plc:5lfbbyxdtsh6iwgex2pzrfdq')
2026-02-18T15:09:38Z INFO bsky_collector_v2.job.index_feed_generators: indexed repo=did:plc:fr2izpimou7pij42ivq2fkp3 part=1935 records=1 next_cursor=set
2026-02-18T15:09:42Z INFO bsky_collector_v2.job.index_feed_generators: indexed repo=did:plc:gkep2mjezddjhcumxfwitlla part=1936 records=1 next_cursor=set
2026-02-18T15:09:56Z WARNING bsky_collector_v2.job.index_feed_generators: listRecords failed repo=did:plc:lzccsrkbo6ldxds4xrwqwtgq err=HttpError('InvalidRequest: Could not find repo: did:plc:lzccsrkbo6ldxds4xrwqwtgq')
2026-02-18T15:10:06Z INFO bsky_collector_v2.job.index_feed_generators: indexed repo=did:plc:qakhpjkynp7vm7llmngfi7dj part=1937 records=3 next_cursor=set
2026-02-18T15:10:13Z INFO bsky_collector_v2.job.index_feed_generators: indexed repo=did:plc:soqshfbnrm7zmskwxfsfx7yo part=1938 records=2 next_cursor=set
2026-02-18T15:10:15Z INFO bsky_collector_v2.job.index_feed_generators: indexed repo=did:plc:t7ayuff27ulbdg6dvefixhg7 part=1939 records=1 next_cursor=set
2026-02-18T15:10:35Z WARNING bsky_collector_v2.job.index_feed_generators: listRecords failed repo=did:plc:5lfbbyxdtsh6iwgex2pzrfdq err=HttpError('InvalidRequest: Could not find repo: did:plc:5lfbbyxdtsh6iwgex2pzrfdq')
2026-02-18T15:10:36Z WARNING bsky_collector_v2.job.index_feed_generators: listRecords failed repo=did:plc:lzccsrkbo6ldxds4xrwqwtgq err=HttpError('InvalidRequest: Could not find repo: did:plc:lzccsrkbo6ldxds4xrwqwtgq')
2026-02-18T15:10:36Z WARNING bsky_collector_v2.job.index_feed_generators: listRecords failed repo=did:plc:5lfbbyxdtsh6iwgex2pzrfdq err=HttpError('InvalidRequest: Could not find repo: did:plc:5lfbbyxdtsh6iwgex2pzrfdq')
2026-02-18T15:10:36Z WARNING bsky_collector_v2.job.index_feed_generators: listRecords failed repo=did:plc:lzccsrkbo6ldxds4xrwqwtgq err=HttpError('InvalidRequest: Could not find repo: did:plc:lzccsrkbo6ldxds4xrwqwtgq')
2026-02-18T15:10:37Z INFO bsky_collector_v2.job.index_feed_generators: enqueued repos page=25 mode=listRepos inserted=500 repos_returned=500 next_cursor=set
2026-02-18T15:10:52Z INFO bsky_collector_v2.job.index_feed_generators: indexed repo=did:plc:biunorh7f4stx63k5gthp7wa part=1940 records=1 next_cursor=set
2026-02-18T15:11:35Z INFO bsky_collector_v2.job.index_feed_generators: indexed repo=did:plc:rfhdzcjv3r5m7sui52xizhof part=1941 records=1 next_cursor=set
2026-02-18T15:12:01Z INFO bsky_collector_v2.job.index_feed_generators: enqueued repos page=26 mode=listRepos inserted=500 repos_returned=500 next_cursor=set
2026-02-18T15:12:07Z INFO bsky_collector_v2.job.index_feed_generators: indexed repo=did:plc:4rehnn6apv4nivog32b4k2zm part=1942 records=4 next_cursor=set
2026-02-18T15:12:08Z INFO bsky_collector_v2.job.index_feed_generators: indexed repo=did:plc:4vnjnus5hpf3bbhue2fh27gk part=1943 records=3 next_cursor=set
2026-02-18T15:12:12Z INFO bsky_collector_v2.job.index_feed_generators: indexed repo=did:plc:6rrc77dirlsr4fxvhzz6ctwp part=1944 records=2 next_cursor=set
2026-02-18T15:13:07Z INFO bsky_collector_v2.job.index_feed_generators: indexed repo=did:plc:o5n5gjezm56xq4ytltfg2wk7 part=1945 records=1 next_cursor=set
2026-02-18T15:13:33Z INFO bsky_collector_v2.job.index_feed_generators: indexed repo=did:plc:zi5pns3r5y7mysmzu5hzb5oc part=1946 records=1 next_cursor=set
2026-02-18T15:13:36Z INFO bsky_collector_v2.job.index_feed_generators: enqueued repos page=27 mode=listRepos inserted=500 repos_returned=500 next_cursor=set
2026-02-18T15:13:41Z INFO bsky_collector_v2.job.index_feed_generators: indexed repo=did:plc:3ikhpxf3tft4blnm3xphwu5t part=1947 records=1 next_cursor=set
2026-02-18T15:13:50Z INFO bsky_collector_v2.job.index_feed_generators: indexed repo=did:plc:6gyndqeqdvdurolkhvqysje6 part=1948 records=1 next_cursor=set
2026-02-18T15:13:55Z INFO bsky_collector_v2.job.index_feed_generators: indexed repo=did:plc:arqnn4r2jqs7bx3hgxpl2ifv part=1949 records=1 next_cursor=set
2026-02-18T15:14:09Z INFO bsky_collector_v2.job.index_feed_generators: indexed repo=did:plc:ftrttknorrtaboyz3hxnzb7m part=1950 records=5 next_cursor=set
2026-02-18T15:14:30Z INFO bsky_collector_v2.job.index_feed_generators: indexed repo=did:plc:nmv6s6zzpqwuavbrnprhycf3 part=1951 records=2 next_cursor=set
2026-02-18T15:14:42Z INFO bsky_collector_v2.job.index_feed_generators: indexed repo=did:plc:sew2gwujt652k2ma2ne3vhj5 part=1952 records=14 next_cursor=set
2026-02-18T15:15:05Z INFO bsky_collector_v2.job.index_feed_generators: enqueued repos page=28 mode=listRepos inserted=500 repos_returned=500 next_cursor=set
2026-02-18T15:15:24Z INFO bsky_collector_v2.job.index_feed_generators: indexed repo=did:plc:c22jdrqhoajyj5ca7e56a3ke part=1953 records=24 next_cursor=set
2026-02-18T15:16:00Z WARNING bsky_collector_v2.job.index_feed_generators: listRecords failed repo=did:plc:kuvb3lqsmya2cbqzsnorowfp err=HttpError('InvalidRequest: Could not find repo: did:plc:kuvb3lqsmya2cbqzsnorowfp')
2026-02-18T15:16:18Z INFO bsky_collector_v2.job.index_feed_generators: indexed repo=did:plc:qh2if2c7i47pcc5es5cxs22a part=1954 records=1 next_cursor=set
2026-02-18T15:16:27Z INFO bsky_collector_v2.job.index_feed_generators: indexed repo=did:plc:v5ivafxudevd54slp2ikh27f part=1955 records=1 next_cursor=set
2026-02-18T15:16:35Z INFO bsky_collector_v2.job.index_feed_generators: indexed repo=did:plc:xvzzifip7xn5azdp2k5dpo7p part=1956 records=1 next_cursor=set
2026-02-18T15:16:41Z WARNING bsky_collector_v2.job.index_feed_generators: listRecords failed repo=did:plc:kuvb3lqsmya2cbqzsnorowfp err=HttpError('InvalidRequest: Could not find repo: did:plc:kuvb3lqsmya2cbqzsnorowfp')
2026-02-18T15:16:41Z WARNING bsky_collector_v2.job.index_feed_generators: listRecords failed repo=did:plc:kuvb3lqsmya2cbqzsnorowfp err=HttpError('InvalidRequest: Could not find repo: did:plc:kuvb3lqsmya2cbqzsnorowfp')
2026-02-18T15:16:42Z INFO bsky_collector_v2.job.index_feed_generators: enqueued repos page=29 mode=listRepos inserted=500 repos_returned=500 next_cursor=set
2026-02-18T15:16:51Z INFO bsky_collector_v2.job.index_feed_generators: indexed repo=did:plc:4zsj6nz2httyjvrojcaiigjw part=1957 records=1 next_cursor=set
2026-02-18T15:17:09Z INFO bsky_collector_v2.job.index_feed_generators: indexed repo=did:plc:cuoayeyza5d3ugtcnbb7kqau part=1958 records=1 next_cursor=set
2026-02-18T15:17:20Z INFO bsky_collector_v2.job.index_feed_generators: indexed repo=did:plc:hpyturcypoyhpyfysvp4bnii part=1959 records=1 next_cursor=set
2026-02-18T15:17:38Z INFO bsky_collector_v2.job.index_feed_generators: indexed repo=did:plc:oenp7isehvr65elhknbdju2b part=1960 records=2 next_cursor=set
2026-02-18T15:18:04Z INFO bsky_collector_v2.job.index_feed_generators: enqueued repos page=30 mode=listRepos inserted=500 repos_returned=500 next_cursor=set
2026-02-18T15:19:02Z INFO bsky_collector_v2.job.index_feed_generators: indexed repo=did:plc:lkgu5w7faav77rutz43tspw4 part=1961 records=2 next_cursor=set
2026-02-18T15:19:14Z INFO bsky_collector_v2.job.index_feed_generators: indexed repo=did:plc:phykkywe5bnpsph76a7b6h6d part=1962 records=3 next_cursor=set
2026-02-18T15:19:18Z INFO bsky_collector_v2.job.index_feed_generators: indexed repo=did:plc:qzbj5su46pxcoxjcnvsyatae part=1963 records=1 next_cursor=set
2026-02-18T15:19:31Z INFO bsky_collector_v2.job.index_feed_generators: indexed repo=did:plc:vi6wvc5jvfgiqpllx5taytv7 part=1964 records=4 next_cursor=set
2026-02-18T15:19:41Z INFO bsky_collector_v2.job.index_feed_generators: indexed repo=did:plc:zftjx7v7ipi6qljq434uwxir part=1965 records=1 next_cursor=set
2026-02-18T15:19:44Z INFO bsky_collector_v2.job.index_feed_generators: enqueued repos page=31 mode=listRepos inserted=500 repos_returned=500 next_cursor=set
2026-02-18T15:20:02Z INFO bsky_collector_v2.job.index_feed_generators: indexed repo=did:plc:6q6ciugn56a2nvaomm3hekev part=1966 records=3 next_cursor=set
2026-02-18T15:20:06Z INFO bsky_collector_v2.job.index_feed_generators: indexed repo=did:plc:a6csyx67zjhr5dclzossospk part=1967 records=1 next_cursor=set
2026-02-18T15:20:32Z WARNING bsky_collector_v2.job.index_feed_generators: listRecords failed repo=did:plc:krbzbucjaj76xjob6ju47ilo err=HttpError('InvalidRequest: Could not find repo: did:plc:krbzbucjaj76xjob6ju47ilo')
2026-02-18T15:20:32Z INFO bsky_collector_v2.job.index_feed_generators: indexed repo=did:plc:ks7dimmqi266xyi4ouacethp part=1968 records=1 next_cursor=set
2026-02-18T15:20:35Z INFO bsky_collector_v2.job.index_feed_generators: indexed repo=did:plc:lipglknxjstavcc7rjzlrkzv part=1969 records=2 next_cursor=set
2026-02-18T15:20:36Z INFO bsky_collector_v2.job.index_feed_generators: indexed repo=did:plc:m4dvrib6duvd5hn5l3lqe3v5 part=1970 records=1 next_cursor=set
2026-02-18T15:20:45Z INFO bsky_collector_v2.job.index_feed_generators: indexed repo=did:plc:qjwdvmjdkvtjffx6ju2j4fy5 part=1971 records=1 next_cursor=set
2026-02-18T15:21:07Z WARNING bsky_collector_v2.job.index_feed_generators: listRecords failed repo=did:plc:krbzbucjaj76xjob6ju47ilo err=HttpError('InvalidRequest: Could not find repo: did:plc:krbzbucjaj76xjob6ju47ilo')
2026-02-18T15:21:07Z WARNING bsky_collector_v2.job.index_feed_generators: listRecords failed repo=did:plc:krbzbucjaj76xjob6ju47ilo err=HttpError('InvalidRequest: Could not find repo: did:plc:krbzbucjaj76xjob6ju47ilo')
2026-02-18T15:21:08Z INFO bsky_collector_v2.job.index_feed_generators: enqueued repos page=32 mode=listRepos inserted=500 repos_returned=500 next_cursor=set
2026-02-18T15:21:13Z INFO bsky_collector_v2.job.index_feed_generators: indexed repo=did:plc:4gzpcboeyqu6qmkxefehj35c part=1972 records=1 next_cursor=set
2026-02-18T15:21:28Z INFO bsky_collector_v2.job.index_feed_generators: indexed repo=did:plc:c7efvddpc6qlokhzdkcpphwg part=1973 records=1 next_cursor=set
2026-02-18T15:21:30Z INFO bsky_collector_v2.job.index_feed_generators: indexed repo=did:plc:cmmxw2n4d227ay3a4ilavply part=1974 records=2 next_cursor=set
2026-02-18T15:21:30Z INFO bsky_collector_v2.job.index_feed_generators: indexed repo=did:plc:cocbyqzugxjp3wxugugy55ot part=1975 records=1 next_cursor=set
2026-02-18T15:21:37Z INFO bsky_collector_v2.job.index_feed_generators: indexed repo=did:plc:fuwmc6xb6gv7asgb4nkfbjiy part=1976 records=1 next_cursor=set
2026-02-18T15:22:15Z INFO bsky_collector_v2.job.index_feed_generators: indexed repo=did:plc:tnytzuxls7t2h5wllx4iy5jv part=1977 records=3 next_cursor=set
2026-02-18T15:22:19Z INFO bsky_collector_v2.job.index_feed_generators: indexed repo=did:plc:urx2hrgoruj3gyx5dm73igus part=1978 records=1 next_cursor=set
2026-02-18T15:22:27Z WARNING bsky_collector_v2.job.index_feed_generators: listRecords failed repo=did:plc:xjnhsvcbpvurezxlipw6mejc err=HttpError('InvalidRequest: Could not find repo: did:plc:xjnhsvcbpvurezxlipw6mejc')
2026-02-18T15:22:34Z WARNING bsky_collector_v2.job.index_feed_generators: listRecords failed repo=did:plc:xjnhsvcbpvurezxlipw6mejc err=HttpError('InvalidRequest: Could not find repo: did:plc:xjnhsvcbpvurezxlipw6mejc')
2026-02-18T15:22:35Z WARNING bsky_collector_v2.job.index_feed_generators: listRecords failed repo=did:plc:xjnhsvcbpvurezxlipw6mejc err=HttpError('InvalidRequest: Could not find repo: did:plc:xjnhsvcbpvurezxlipw6mejc')
2026-02-18T15:22:35Z INFO bsky_collector_v2.job.index_feed_generators: enqueued repos page=33 mode=listRepos inserted=500 repos_returned=500 next_cursor=set
2026-02-18T15:22:39Z INFO bsky_collector_v2.job.index_feed_generators: indexed repo=did:plc:3jp6vseqn7gplddtuazruqct part=1979 records=1 next_cursor=set
2026-02-18T15:22:42Z INFO bsky_collector_v2.job.index_feed_generators: indexed repo=did:plc:4rtejxoz24bykvfyccxkqgfl part=1980 records=3 next_cursor=set
2026-02-18T15:22:44Z INFO bsky_collector_v2.job.index_feed_generators: indexed repo=did:plc:5lirw5liv2e5kqsjmaea2p6v part=1981 records=1 next_cursor=set
2026-02-18T15:22:59Z INFO bsky_collector_v2.job.index_feed_generators: indexed repo=did:plc:cx4onrqlbcwrtg4jw4c5f5h5 part=1982 records=1 next_cursor=set
2026-02-18T15:23:28Z INFO bsky_collector_v2.job.index_feed_generators: indexed repo=did:plc:jotjhc3l4xjkspmij4xygz66 part=1983 records=1 next_cursor=set
2026-02-18T15:23:45Z INFO bsky_collector_v2.job.index_feed_generators: indexed repo=did:plc:p23zzn737uiqa2yodgpcjp5s part=1984 records=1 next_cursor=set
2026-02-18T15:24:13Z INFO bsky_collector_v2.job.index_feed_generators: enqueued repos page=34 mode=listRepos inserted=500 repos_returned=500 next_cursor=set
2026-02-18T15:24:22Z INFO bsky_collector_v2.job.index_feed_generators: indexed repo=did:plc:4whybktb5gdo4zqvsxyin34a part=1985 records=1 next_cursor=set
2026-02-18T15:24:29Z INFO bsky_collector_v2.job.index_feed_generators: indexed repo=did:plc:7vs2ha76smlfc3452ivlj6z4 part=1986 records=1 next_cursor=set
2026-02-18T15:24:55Z INFO bsky_collector_v2.job.index_feed_generators: indexed repo=did:plc:gvifzwj5nsh44uqz67774jlp part=1987 records=1 next_cursor=set
2026-02-18T15:25:17Z INFO bsky_collector_v2.job.index_feed_generators: indexed repo=did:plc:o4j3i7gvu2voxbu2xxs74etk part=1988 records=1 next_cursor=set
2026-02-18T15:25:30Z INFO bsky_collector_v2.job.index_feed_generators: indexed repo=did:plc:tlp64mwkrohsj2pak3szt53w part=1989 records=1 next_cursor=set
2026-02-18T15:25:38Z INFO bsky_collector_v2.job.index_feed_generators: indexed repo=did:plc:wgqjzb6x76mzwoozbp4owido part=1990 records=2 next_cursor=set
2026-02-18T15:25:48Z INFO bsky_collector_v2.job.index_feed_generators: enqueued repos page=35 mode=listRepos inserted=500 repos_returned=500 next_cursor=set
2026-02-18T15:25:49Z INFO bsky_collector_v2.job.index_feed_generators: indexed repo=did:plc:2acdtpxkjz5q2kaqkon52avi part=1991 records=2 next_cursor=set
2026-02-18T15:26:39Z INFO bsky_collector_v2.job.index_feed_generators: indexed repo=did:plc:lyxuxjjl2mmb5l24gbjg2iqx part=1992 records=1 next_cursor=set
2026-02-18T15:27:04Z INFO bsky_collector_v2.job.index_feed_generators: indexed repo=did:plc:wkgazmppzjxi64u2saoaiykf part=1993 records=2 next_cursor=set
2026-02-18T15:27:04Z WARNING bsky_collector_v2.job.index_feed_generators: listRecords failed repo=did:plc:wnbaccgn7ur7wprm5x3qy2ii err=HttpError('InvalidRequest: Could not find repo: did:plc:wnbaccgn7ur7wprm5x3qy2ii')
2026-02-18T15:27:06Z INFO bsky_collector_v2.job.index_feed_generators: indexed repo=did:plc:xbquespokcq5gkacpzpf4qcg part=1994 records=1 next_cursor=set
2026-02-18T15:27:19Z WARNING bsky_collector_v2.job.index_feed_generators: listRecords failed repo=did:plc:wnbaccgn7ur7wprm5x3qy2ii err=HttpError('InvalidRequest: Could not find repo: did:plc:wnbaccgn7ur7wprm5x3qy2ii')
2026-02-18T15:27:20Z WARNING bsky_collector_v2.job.index_feed_generators: listRecords failed repo=did:plc:wnbaccgn7ur7wprm5x3qy2ii err=HttpError('InvalidRequest: Could not find repo: did:plc:wnbaccgn7ur7wprm5x3qy2ii')
2026-02-18T15:27:20Z INFO bsky_collector_v2.job.index_feed_generators: enqueued repos page=36 mode=listRepos inserted=500 repos_returned=500 next_cursor=set
2026-02-18T15:27:21Z INFO bsky_collector_v2.job.index_feed_generators: indexed repo=did:plc:23ieest7mlnsfditkf5ji22w part=1995 records=1 next_cursor=set
2026-02-18T15:27:21Z INFO bsky_collector_v2.job.index_feed_generators: indexed repo=did:plc:23xpgjkz3mkby6chabri3fq7 part=1996 records=2 next_cursor=set
2026-02-18T15:27:53Z INFO bsky_collector_v2.job.index_feed_generators: indexed repo=did:plc:fkhv4unf5xmjbsi7dg2zb7ru part=1997 records=2 next_cursor=set
2026-02-18T15:28:02Z INFO bsky_collector_v2.job.index_feed_generators: indexed repo=did:plc:jl53rd7wftvc7ix7hwq3xydl part=1998 records=2 next_cursor=set
2026-02-18T15:28:05Z INFO bsky_collector_v2.job.index_feed_generators: indexed repo=did:plc:kjte4o2gjit5dkl2afrqendp part=1999 records=4 next_cursor=set
