2026-03-16T16:53:28Z INFO bsky_collector_v2: out_base ok path=/Volumes/T9/BlueSky/data_v2_full mount=/Volumes/T9
2026-03-16T16:53:28Z INFO bsky_collector_v2: job start subcommand=index-feed-generators dry_run=False resume=True
2026-03-16T16:53:29Z INFO bsky_collector_v2.job.index_feed_generators: feed generator index hosts relay_host=https://bsky.network records_host=https://bsky.social auth=yes
2026-03-16T16:54:31Z WARNING bsky_collector_v2.job.index_feed_generators: listRecords failed repo=did:plc:7qnrpszhygn67hehnfzdkz75 err=HttpError('InvalidRequest: Could not find repo: did:plc:7qnrpszhygn67hehnfzdkz75')
2026-03-16T16:54:31Z WARNING bsky_collector_v2.job.index_feed_generators: listRecords failed repo=did:plc:b2p3qs5sm563pjux52qecngl err=HttpError('InvalidRequest: Could not find repo: did:plc:b2p3qs5sm563pjux52qecngl')
2026-03-16T16:54:31Z WARNING bsky_collector_v2.job.index_feed_generators: listRecords failed repo=did:plc:7qnrpszhygn67hehnfzdkz75 err=HttpError('InvalidRequest: Could not find repo: did:plc:7qnrpszhygn67hehnfzdkz75')
2026-03-16T16:54:31Z WARNING bsky_collector_v2.job.index_feed_generators: listRecords failed repo=did:plc:b2p3qs5sm563pjux52qecngl err=HttpError('InvalidRequest: Could not find repo: did:plc:b2p3qs5sm563pjux52qecngl')
2026-03-16T16:54:32Z INFO bsky_collector_v2.job.index_feed_generators: enqueued repos page=1 mode=listRepos inserted=500 repos_returned=500 next_cursor=set
2026-03-16T16:55:24Z WARNING bsky_collector_v2.job.index_feed_generators: listRecords failed repo=did:plc:m3jvtm3znxqpo2x45zft22f4 err=HttpError('InvalidRequest: Could not find repo: did:plc:m3jvtm3znxqpo2x45zft22f4')
2026-03-16T16:56:12Z WARNING bsky_collector_v2.job.index_feed_generators: listRecords failed repo=did:plc:m3jvtm3znxqpo2x45zft22f4 err=HttpError('InvalidRequest: Could not find repo: did:plc:m3jvtm3znxqpo2x45zft22f4')
2026-03-16T16:56:12Z WARNING bsky_collector_v2.job.index_feed_generators: listRecords failed repo=did:plc:m3jvtm3znxqpo2x45zft22f4 err=HttpError('InvalidRequest: Could not find repo: did:plc:m3jvtm3znxqpo2x45zft22f4')
2026-03-16T16:56:13Z INFO bsky_collector_v2.job.index_feed_generators: enqueued repos page=2 mode=listRepos inserted=500 repos_returned=500 next_cursor=set
2026-03-16T16:58:01Z WARNING bsky_collector_v2.job.index_feed_generators: listRecords failed repo=did:plc:po3kffmmhtbpogzqbivia3us err=HttpError('InvalidRequest: Could not find repo: did:plc:po3kffmmhtbpogzqbivia3us')
2026-03-16T16:58:14Z WARNING bsky_collector_v2.job.index_feed_generators: listRecords failed repo=did:plc:wkobr6sktmt4ajkqj3n5uvou err=HttpError('InvalidRequest: Could not find repo: did:plc:wkobr6sktmt4ajkqj3n5uvou')
2026-03-16T16:58:23Z WARNING bsky_collector_v2.job.index_feed_generators: listRecords failed repo=did:plc:po3kffmmhtbpogzqbivia3us err=HttpError('InvalidRequest: Could not find repo: did:plc:po3kffmmhtbpogzqbivia3us')
2026-03-16T16:58:23Z WARNING bsky_collector_v2.job.index_feed_generators: listRecords failed repo=did:plc:wkobr6sktmt4ajkqj3n5uvou err=HttpError('InvalidRequest: Could not find repo: did:plc:wkobr6sktmt4ajkqj3n5uvou')
2026-03-16T16:58:23Z WARNING bsky_collector_v2.job.index_feed_generators: listRecords failed repo=did:plc:po3kffmmhtbpogzqbivia3us err=HttpError('InvalidRequest: Could not find repo: did:plc:po3kffmmhtbpogzqbivia3us')
2026-03-16T16:58:23Z WARNING bsky_collector_v2.job.index_feed_generators: listRecords failed repo=did:plc:wkobr6sktmt4ajkqj3n5uvou err=HttpError('InvalidRequest: Could not find repo: did:plc:wkobr6sktmt4ajkqj3n5uvou')
2026-03-16T16:58:24Z INFO bsky_collector_v2.job.index_feed_generators: enqueued repos page=3 mode=listRepos inserted=500 repos_returned=500 next_cursor=set
2026-03-16T16:59:57Z INFO bsky_collector_v2.job.index_feed_generators: enqueued repos page=4 mode=listRepos inserted=500 repos_returned=500 next_cursor=set
2026-03-16T17:00:21Z WARNING bsky_collector_v2.job.index_feed_generators: listRecords failed repo=did:plc:deuchb23c44kfv3kynq3h6oo err=HttpError('InvalidRequest: Could not find repo: did:plc:deuchb23c44kfv3kynq3h6oo')
2026-03-16T17:01:10Z WARNING bsky_collector_v2.job.index_feed_generators: listRecords failed repo=did:plc:deuchb23c44kfv3kynq3h6oo err=HttpError('InvalidRequest: Could not find repo: did:plc:deuchb23c44kfv3kynq3h6oo')
2026-03-16T17:01:10Z WARNING bsky_collector_v2.job.index_feed_generators: listRecords failed repo=did:plc:deuchb23c44kfv3kynq3h6oo err=HttpError('InvalidRequest: Could not find repo: did:plc:deuchb23c44kfv3kynq3h6oo')
2026-03-16T17:01:11Z INFO bsky_collector_v2.job.index_feed_generators: enqueued repos page=5 mode=listRepos inserted=500 repos_returned=500 next_cursor=set
2026-03-16T17:01:14Z WARNING bsky_collector_v2.job.index_feed_generators: listRecords failed repo=did:plc:3koleonslo2ifw4n5pq5x3vn err=HttpError('InvalidRequest: Could not find repo: did:plc:3koleonslo2ifw4n5pq5x3vn')
2026-03-16T17:02:32Z WARNING bsky_collector_v2.job.index_feed_generators: listRecords failed repo=did:plc:3koleonslo2ifw4n5pq5x3vn err=HttpError('InvalidRequest: Could not find repo: did:plc:3koleonslo2ifw4n5pq5x3vn')
2026-03-16T17:02:32Z WARNING bsky_collector_v2.job.index_feed_generators: listRecords failed repo=did:plc:3koleonslo2ifw4n5pq5x3vn err=HttpError('InvalidRequest: Could not find repo: did:plc:3koleonslo2ifw4n5pq5x3vn')
2026-03-16T17:02:33Z INFO bsky_collector_v2.job.index_feed_generators: enqueued repos page=6 mode=listRepos inserted=500 repos_returned=500 next_cursor=set
2026-03-16T17:03:12Z WARNING bsky_collector_v2.job.index_feed_generators: listRecords failed repo=did:plc:hwkdfxlkxs53cixrjh2xol35 err=HttpError('InvalidRequest: Could not find repo: did:plc:hwkdfxlkxs53cixrjh2xol35')
2026-03-16T17:04:13Z WARNING bsky_collector_v2.job.index_feed_generators: listRecords failed repo=did:plc:hwkdfxlkxs53cixrjh2xol35 err=HttpError('InvalidRequest: Could not find repo: did:plc:hwkdfxlkxs53cixrjh2xol35')
2026-03-16T17:04:13Z WARNING bsky_collector_v2.job.index_feed_generators: listRecords failed repo=did:plc:hwkdfxlkxs53cixrjh2xol35 err=HttpError('InvalidRequest: Could not find repo: did:plc:hwkdfxlkxs53cixrjh2xol35')
2026-03-16T17:04:13Z INFO bsky_collector_v2.job.index_feed_generators: enqueued repos page=7 mode=listRepos inserted=500 repos_returned=500 next_cursor=set
2026-03-16T17:04:57Z WARNING bsky_collector_v2.job.index_feed_generators: listRecords failed repo=did:plc:ma26svswg3qsxjjuam36yzed err=HttpError('InvalidRequest: Could not find repo: did:plc:ma26svswg3qsxjjuam36yzed')
2026-03-16T17:05:31Z WARNING bsky_collector_v2.job.index_feed_generators: listRecords failed repo=did:plc:yg6zilpt2fs3zwitp4kgvqb4 err=HttpError('InvalidRequest: Could not find repo: did:plc:yg6zilpt2fs3zwitp4kgvqb4')
2026-03-16T17:05:32Z WARNING bsky_collector_v2.job.index_feed_generators: listRecords failed repo=did:plc:ymvt7367dltecogzal26ntsi err=HttpError('InvalidRequest: Could not find repo: did:plc:ymvt7367dltecogzal26ntsi')
2026-03-16T17:05:34Z WARNING bsky_collector_v2.job.index_feed_generators: listRecords failed repo=did:plc:ma26svswg3qsxjjuam36yzed err=HttpError('InvalidRequest: Could not find repo: did:plc:ma26svswg3qsxjjuam36yzed')
2026-03-16T17:05:34Z WARNING bsky_collector_v2.job.index_feed_generators: listRecords failed repo=did:plc:yg6zilpt2fs3zwitp4kgvqb4 err=HttpError('InvalidRequest: Could not find repo: did:plc:yg6zilpt2fs3zwitp4kgvqb4')
2026-03-16T17:05:34Z WARNING bsky_collector_v2.job.index_feed_generators: listRecords failed repo=did:plc:ymvt7367dltecogzal26ntsi err=HttpError('InvalidRequest: Could not find repo: did:plc:ymvt7367dltecogzal26ntsi')
2026-03-16T17:05:34Z WARNING bsky_collector_v2.job.index_feed_generators: listRecords failed repo=did:plc:ma26svswg3qsxjjuam36yzed err=HttpError('InvalidRequest: Could not find repo: did:plc:ma26svswg3qsxjjuam36yzed')
2026-03-16T17:05:34Z WARNING bsky_collector_v2.job.index_feed_generators: listRecords failed repo=did:plc:yg6zilpt2fs3zwitp4kgvqb4 err=HttpError('InvalidRequest: Could not find repo: did:plc:yg6zilpt2fs3zwitp4kgvqb4')
2026-03-16T17:05:34Z WARNING bsky_collector_v2.job.index_feed_generators: listRecords failed repo=did:plc:ymvt7367dltecogzal26ntsi err=HttpError('InvalidRequest: Could not find repo: did:plc:ymvt7367dltecogzal26ntsi')
2026-03-16T17:05:35Z INFO bsky_collector_v2.job.index_feed_generators: enqueued repos page=8 mode=listRepos inserted=500 repos_returned=500 next_cursor=set
2026-03-16T17:05:48Z WARNING bsky_collector_v2.job.index_feed_generators: listRecords failed repo=did:plc:7igobj4iji5yjmbkonllo6j6 err=HttpError('InvalidRequest: Could not find repo: did:plc:7igobj4iji5yjmbkonllo6j6')
2026-03-16T17:06:04Z WARNING bsky_collector_v2.job.index_feed_generators: listRecords failed repo=did:plc:geadtg6o6plxsquxxqinhh3m err=HttpError('InvalidRequest: Could not find repo: did:plc:geadtg6o6plxsquxxqinhh3m')
2026-03-16T17:06:07Z WARNING bsky_collector_v2.job.index_feed_generators: listRecords failed repo=did:plc:hrpwf5ji7vrvxp46nk5d5gqe err=HttpError('InvalidRequest: Could not find repo: did:plc:hrpwf5ji7vrvxp46nk5d5gqe')
2026-03-16T17:06:11Z WARNING bsky_collector_v2.job.index_feed_generators: listRecords failed repo=did:plc:iyzlmlxdmufioe5ns2fnppzy err=HttpError('InvalidRequest: Could not find repo: did:plc:iyzlmlxdmufioe5ns2fnppzy')
2026-03-16T17:06:17Z INFO bsky_collector_v2.job.index_feed_generators: indexed repo=did:plc:ljruzfxs4zs4aw67eparh5hl part=231 records=1 next_cursor=set
2026-03-16T17:06:19Z WARNING bsky_collector_v2.job.index_feed_generators: listRecords failed repo=did:plc:mifpeyj2f4rm7hhq2vmp6na6 err=HttpError('InvalidRequest: Could not find repo: did:plc:mifpeyj2f4rm7hhq2vmp6na6')
2026-03-16T17:06:55Z WARNING bsky_collector_v2.job.index_feed_generators: listRecords failed repo=did:plc:7igobj4iji5yjmbkonllo6j6 err=HttpError('InvalidRequest: Could not find repo: did:plc:7igobj4iji5yjmbkonllo6j6')
2026-03-16T17:06:56Z WARNING bsky_collector_v2.job.index_feed_generators: listRecords failed repo=did:plc:geadtg6o6plxsquxxqinhh3m err=HttpError('InvalidRequest: Could not find repo: did:plc:geadtg6o6plxsquxxqinhh3m')
2026-03-16T17:06:56Z WARNING bsky_collector_v2.job.index_feed_generators: listRecords failed repo=did:plc:hrpwf5ji7vrvxp46nk5d5gqe err=HttpError('InvalidRequest: Could not find repo: did:plc:hrpwf5ji7vrvxp46nk5d5gqe')
2026-03-16T17:06:56Z WARNING bsky_collector_v2.job.index_feed_generators: listRecords failed repo=did:plc:iyzlmlxdmufioe5ns2fnppzy err=HttpError('InvalidRequest: Could not find repo: did:plc:iyzlmlxdmufioe5ns2fnppzy')
2026-03-16T17:06:56Z WARNING bsky_collector_v2.job.index_feed_generators: listRecords failed repo=did:plc:mifpeyj2f4rm7hhq2vmp6na6 err=HttpError('InvalidRequest: Could not find repo: did:plc:mifpeyj2f4rm7hhq2vmp6na6')
2026-03-16T17:06:56Z WARNING bsky_collector_v2.job.index_feed_generators: listRecords failed repo=did:plc:7igobj4iji5yjmbkonllo6j6 err=HttpError('InvalidRequest: Could not find repo: did:plc:7igobj4iji5yjmbkonllo6j6')
2026-03-16T17:06:56Z WARNING bsky_collector_v2.job.index_feed_generators: listRecords failed repo=did:plc:geadtg6o6plxsquxxqinhh3m err=HttpError('InvalidRequest: Could not find repo: did:plc:geadtg6o6plxsquxxqinhh3m')
2026-03-16T17:06:56Z WARNING bsky_collector_v2.job.index_feed_generators: listRecords failed repo=did:plc:hrpwf5ji7vrvxp46nk5d5gqe err=HttpError('InvalidRequest: Could not find repo: did:plc:hrpwf5ji7vrvxp46nk5d5gqe')
2026-03-16T17:06:56Z WARNING bsky_collector_v2.job.index_feed_generators: listRecords failed repo=did:plc:iyzlmlxdmufioe5ns2fnppzy err=HttpError('InvalidRequest: Could not find repo: did:plc:iyzlmlxdmufioe5ns2fnppzy')
2026-03-16T17:06:56Z WARNING bsky_collector_v2.job.index_feed_generators: listRecords failed repo=did:plc:mifpeyj2f4rm7hhq2vmp6na6 err=HttpError('InvalidRequest: Could not find repo: did:plc:mifpeyj2f4rm7hhq2vmp6na6')
2026-03-16T17:06:57Z INFO bsky_collector_v2.job.index_feed_generators: enqueued repos page=9 mode=listRepos inserted=500 repos_returned=500 next_cursor=set
2026-03-16T17:07:13Z WARNING bsky_collector_v2.job.index_feed_generators: listRecords failed repo=did:plc:awghotukcx5rciazkkqcpwiu err=HttpError('InvalidRequest: Could not find repo: did:plc:awghotukcx5rciazkkqcpwiu')
2026-03-16T17:07:56Z WARNING bsky_collector_v2.job.index_feed_generators: listRecords failed repo=did:plc:rcrwdcptz6pucv22hrfnxity err=HttpError('InvalidRequest: Could not find repo: did:plc:rcrwdcptz6pucv22hrfnxity')
2026-03-16T17:08:07Z WARNING bsky_collector_v2.job.index_feed_generators: listRecords failed repo=did:plc:uyyrepdymn7oszcmqebzyoql err=HttpError('InvalidRequest: Could not find repo: did:plc:uyyrepdymn7oszcmqebzyoql')
2026-03-16T17:08:19Z WARNING bsky_collector_v2.job.index_feed_generators: listRecords failed repo=did:plc:awghotukcx5rciazkkqcpwiu err=HttpError('InvalidRequest: Could not find repo: did:plc:awghotukcx5rciazkkqcpwiu')
2026-03-16T17:08:19Z WARNING bsky_collector_v2.job.index_feed_generators: listRecords failed repo=did:plc:rcrwdcptz6pucv22hrfnxity err=HttpError('InvalidRequest: Could not find repo: did:plc:rcrwdcptz6pucv22hrfnxity')
2026-03-16T17:08:19Z WARNING bsky_collector_v2.job.index_feed_generators: listRecords failed repo=did:plc:uyyrepdymn7oszcmqebzyoql err=HttpError('InvalidRequest: Could not find repo: did:plc:uyyrepdymn7oszcmqebzyoql')
2026-03-16T17:08:19Z WARNING bsky_collector_v2.job.index_feed_generators: listRecords failed repo=did:plc:awghotukcx5rciazkkqcpwiu err=HttpError('InvalidRequest: Could not find repo: did:plc:awghotukcx5rciazkkqcpwiu')
2026-03-16T17:08:19Z WARNING bsky_collector_v2.job.index_feed_generators: listRecords failed repo=did:plc:rcrwdcptz6pucv22hrfnxity err=HttpError('InvalidRequest: Could not find repo: did:plc:rcrwdcptz6pucv22hrfnxity')
2026-03-16T17:08:19Z WARNING bsky_collector_v2.job.index_feed_generators: listRecords failed repo=did:plc:uyyrepdymn7oszcmqebzyoql err=HttpError('InvalidRequest: Could not find repo: did:plc:uyyrepdymn7oszcmqebzyoql')
2026-03-16T17:08:20Z INFO bsky_collector_v2.job.index_feed_generators: enqueued repos page=10 mode=listRepos inserted=500 repos_returned=500 next_cursor=set
2026-03-16T17:10:01Z WARNING bsky_collector_v2.job.index_feed_generators: listRecords failed repo=did:plc:rgfu7tjalhwfadq4h3hnbnvd err=HttpError('InvalidRequest: Could not find repo: did:plc:rgfu7tjalhwfadq4h3hnbnvd')
2026-03-16T17:10:22Z WARNING bsky_collector_v2.job.index_feed_generators: listRecords failed repo=did:plc:rgfu7tjalhwfadq4h3hnbnvd err=HttpError('InvalidRequest: Could not find repo: did:plc:rgfu7tjalhwfadq4h3hnbnvd')
2026-03-16T17:10:22Z WARNING bsky_collector_v2.job.index_feed_generators: listRecords failed repo=did:plc:rgfu7tjalhwfadq4h3hnbnvd err=HttpError('InvalidRequest: Could not find repo: did:plc:rgfu7tjalhwfadq4h3hnbnvd')
2026-03-16T17:10:23Z INFO bsky_collector_v2.job.index_feed_generators: enqueued repos page=11 mode=listRepos inserted=500 repos_returned=500 next_cursor=set
2026-03-16T17:12:11Z INFO bsky_collector_v2.job.index_feed_generators: enqueued repos page=12 mode=listRepos inserted=500 repos_returned=500 next_cursor=set
2026-03-16T17:13:14Z WARNING bsky_collector_v2.job.index_feed_generators: listRecords failed repo=did:plc:rvjyj57f35bw6omxa7a22gkh err=HttpError('InvalidRequest: Could not find repo: did:plc:rvjyj57f35bw6omxa7a22gkh')
2026-03-16T17:13:38Z WARNING bsky_collector_v2.job.index_feed_generators: listRecords failed repo=did:plc:rvjyj57f35bw6omxa7a22gkh err=HttpError('InvalidRequest: Could not find repo: did:plc:rvjyj57f35bw6omxa7a22gkh')
2026-03-16T17:13:38Z WARNING bsky_collector_v2.job.index_feed_generators: listRecords failed repo=did:plc:rvjyj57f35bw6omxa7a22gkh err=HttpError('InvalidRequest: Could not find repo: did:plc:rvjyj57f35bw6omxa7a22gkh')
2026-03-16T17:13:39Z INFO bsky_collector_v2.job.index_feed_generators: enqueued repos page=13 mode=listRepos inserted=500 repos_returned=500 next_cursor=set
2026-03-16T17:14:57Z WARNING bsky_collector_v2.job.index_feed_generators: listRecords failed repo=did:plc:t7acizyrbmktbdyclhrvona3 err=HttpError('InvalidRequest: Could not find repo: did:plc:t7acizyrbmktbdyclhrvona3')
2026-03-16T17:14:59Z WARNING bsky_collector_v2.job.index_feed_generators: listRecords failed repo=did:plc:u73c4pur6p5vtewetbmdz2no err=HttpError('InvalidRequest: Could not find repo: did:plc:u73c4pur6p5vtewetbmdz2no')
2026-03-16T17:15:13Z WARNING bsky_collector_v2.job.index_feed_generators: listRecords failed repo=did:plc:zxybocnaywt6o4d4yct6xphr err=HttpError('InvalidRequest: Could not find repo: did:plc:zxybocnaywt6o4d4yct6xphr')
2026-03-16T17:15:13Z WARNING bsky_collector_v2.job.index_feed_generators: listRecords failed repo=did:plc:t7acizyrbmktbdyclhrvona3 err=HttpError('InvalidRequest: Could not find repo: did:plc:t7acizyrbmktbdyclhrvona3')
2026-03-16T17:15:13Z WARNING bsky_collector_v2.job.index_feed_generators: listRecords failed repo=did:plc:u73c4pur6p5vtewetbmdz2no err=HttpError('InvalidRequest: Could not find repo: did:plc:u73c4pur6p5vtewetbmdz2no')
2026-03-16T17:15:13Z WARNING bsky_collector_v2.job.index_feed_generators: listRecords failed repo=did:plc:zxybocnaywt6o4d4yct6xphr err=HttpError('InvalidRequest: Could not find repo: did:plc:zxybocnaywt6o4d4yct6xphr')
2026-03-16T17:15:13Z WARNING bsky_collector_v2.job.index_feed_generators: listRecords failed repo=did:plc:t7acizyrbmktbdyclhrvona3 err=HttpError('InvalidRequest: Could not find repo: did:plc:t7acizyrbmktbdyclhrvona3')
2026-03-16T17:15:13Z WARNING bsky_collector_v2.job.index_feed_generators: listRecords failed repo=did:plc:u73c4pur6p5vtewetbmdz2no err=HttpError('InvalidRequest: Could not find repo: did:plc:u73c4pur6p5vtewetbmdz2no')
2026-03-16T17:15:13Z WARNING bsky_collector_v2.job.index_feed_generators: listRecords failed repo=did:plc:zxybocnaywt6o4d4yct6xphr err=HttpError('InvalidRequest: Could not find repo: did:plc:zxybocnaywt6o4d4yct6xphr')
2026-03-16T17:15:14Z INFO bsky_collector_v2.job.index_feed_generators: enqueued repos page=14 mode=listRepos inserted=500 repos_returned=500 next_cursor=set
2026-03-16T17:15:46Z WARNING bsky_collector_v2.job.index_feed_generators: listRecords failed repo=did:plc:imubct7em5jlmhw47dz4gjpa err=HttpError('InvalidRequest: Could not find repo: did:plc:imubct7em5jlmhw47dz4gjpa')
2026-03-16T17:15:50Z WARNING bsky_collector_v2.job.index_feed_generators: listRecords failed repo=did:plc:kftbz4jkbeqkzkfmxxmw2f3b err=HttpError('InvalidRequest: Could not find repo: did:plc:kftbz4jkbeqkzkfmxxmw2f3b')
2026-03-16T17:15:52Z INFO bsky_collector_v2.job.index_feed_generators: indexed repo=did:plc:l2nh2dg3xicthpdd6iyn3v6h part=232 records=1 next_cursor=set
2026-03-16T17:16:35Z WARNING bsky_collector_v2.job.index_feed_generators: listRecords failed repo=did:plc:imubct7em5jlmhw47dz4gjpa err=HttpError('InvalidRequest: Could not find repo: did:plc:imubct7em5jlmhw47dz4gjpa')
2026-03-16T17:16:35Z WARNING bsky_collector_v2.job.index_feed_generators: listRecords failed repo=did:plc:kftbz4jkbeqkzkfmxxmw2f3b err=HttpError('InvalidRequest: Could not find repo: did:plc:kftbz4jkbeqkzkfmxxmw2f3b')
2026-03-16T17:16:35Z WARNING bsky_collector_v2.job.index_feed_generators: listRecords failed repo=did:plc:imubct7em5jlmhw47dz4gjpa err=HttpError('InvalidRequest: Could not find repo: did:plc:imubct7em5jlmhw47dz4gjpa')
2026-03-16T17:16:35Z WARNING bsky_collector_v2.job.index_feed_generators: listRecords failed repo=did:plc:kftbz4jkbeqkzkfmxxmw2f3b err=HttpError('InvalidRequest: Could not find repo: did:plc:kftbz4jkbeqkzkfmxxmw2f3b')
2026-03-16T17:16:36Z INFO bsky_collector_v2.job.index_feed_generators: enqueued repos page=15 mode=listRepos inserted=500 repos_returned=500 next_cursor=set
2026-03-16T17:18:05Z INFO bsky_collector_v2.job.index_feed_generators: enqueued repos page=16 mode=listRepos inserted=500 repos_returned=500 next_cursor=set
2026-03-16T17:19:30Z WARNING bsky_collector_v2.job.index_feed_generators: listRecords failed repo=did:plc:u7qw4z4saopq2zg4ll5cxxoj err=HttpError('InvalidRequest: Could not find repo: did:plc:u7qw4z4saopq2zg4ll5cxxoj')
2026-03-16T17:19:44Z WARNING bsky_collector_v2.job.index_feed_generators: listRecords failed repo=did:plc:u7qw4z4saopq2zg4ll5cxxoj err=HttpError('InvalidRequest: Could not find repo: did:plc:u7qw4z4saopq2zg4ll5cxxoj')
2026-03-16T17:19:45Z WARNING bsky_collector_v2.job.index_feed_generators: listRecords failed repo=did:plc:u7qw4z4saopq2zg4ll5cxxoj err=HttpError('InvalidRequest: Could not find repo: did:plc:u7qw4z4saopq2zg4ll5cxxoj')
2026-03-16T17:19:45Z INFO bsky_collector_v2.job.index_feed_generators: enqueued repos page=17 mode=listRepos inserted=500 repos_returned=500 next_cursor=set
2026-03-16T17:21:38Z INFO bsky_collector_v2.job.index_feed_generators: enqueued repos page=18 mode=listRepos inserted=500 repos_returned=500 next_cursor=set
2026-03-16T17:21:42Z INFO bsky_collector_v2.job.index_feed_generators: indexed repo=did:plc:3b3igalti6dvoollufudj3qx part=233 records=2 next_cursor=set
2026-03-16T17:22:55Z INFO bsky_collector_v2.job.index_feed_generators: enqueued repos page=19 mode=listRepos inserted=500 repos_returned=500 next_cursor=set
2026-03-16T17:23:04Z WARNING bsky_collector_v2.job.index_feed_generators: listRecords failed repo=did:plc:5hiho44qml64is5giblfptmm err=HttpError('InvalidRequest: Could not find repo: did:plc:5hiho44qml64is5giblfptmm')
2026-03-16T17:23:48Z WARNING bsky_collector_v2.job.index_feed_generators: listRecords failed repo=did:plc:qhismindi2xqg5phnetvx4ys err=HttpError('InvalidRequest: Could not find repo: did:plc:qhismindi2xqg5phnetvx4ys')
2026-03-16T17:24:21Z WARNING bsky_collector_v2.job.index_feed_generators: listRecords failed repo=did:plc:5hiho44qml64is5giblfptmm err=HttpError('InvalidRequest: Could not find repo: did:plc:5hiho44qml64is5giblfptmm')
2026-03-16T17:24:21Z WARNING bsky_collector_v2.job.index_feed_generators: listRecords failed repo=did:plc:qhismindi2xqg5phnetvx4ys err=HttpError('InvalidRequest: Could not find repo: did:plc:qhismindi2xqg5phnetvx4ys')
2026-03-16T17:24:21Z WARNING bsky_collector_v2.job.index_feed_generators: listRecords failed repo=did:plc:5hiho44qml64is5giblfptmm err=HttpError('InvalidRequest: Could not find repo: did:plc:5hiho44qml64is5giblfptmm')
2026-03-16T17:24:21Z WARNING bsky_collector_v2.job.index_feed_generators: listRecords failed repo=did:plc:qhismindi2xqg5phnetvx4ys err=HttpError('InvalidRequest: Could not find repo: did:plc:qhismindi2xqg5phnetvx4ys')
2026-03-16T17:24:22Z INFO bsky_collector_v2.job.index_feed_generators: enqueued repos page=20 mode=listRepos inserted=500 repos_returned=500 next_cursor=set
2026-03-16T17:25:36Z WARNING bsky_collector_v2.job.index_feed_generators: listRecords failed repo=did:plc:xhiweanfwdex4fhtne3uy3of err=HttpError('InvalidRequest: Could not find repo: did:plc:xhiweanfwdex4fhtne3uy3of')
2026-03-16T17:25:42Z WARNING bsky_collector_v2.job.index_feed_generators: listRecords failed repo=did:plc:xhiweanfwdex4fhtne3uy3of err=HttpError('InvalidRequest: Could not find repo: did:plc:xhiweanfwdex4fhtne3uy3of')
2026-03-16T17:25:43Z WARNING bsky_collector_v2.job.index_feed_generators: listRecords failed repo=did:plc:xhiweanfwdex4fhtne3uy3of err=HttpError('InvalidRequest: Could not find repo: did:plc:xhiweanfwdex4fhtne3uy3of')
2026-03-16T17:25:43Z INFO bsky_collector_v2.job.index_feed_generators: enqueued repos page=21 mode=listRepos inserted=500 repos_returned=500 next_cursor=set
2026-03-16T17:27:20Z INFO bsky_collector_v2.job.index_feed_generators: enqueued repos page=22 mode=listRepos inserted=500 repos_returned=500 next_cursor=set
2026-03-16T17:27:46Z WARNING bsky_collector_v2.job.index_feed_generators: listRecords failed repo=did:plc:cns23wwyrst4dm3u55ebd3jx err=HttpError('InvalidRequest: Could not find repo: did:plc:cns23wwyrst4dm3u55ebd3jx')
2026-03-16T17:29:07Z WARNING bsky_collector_v2.job.index_feed_generators: listRecords failed repo=did:plc:cns23wwyrst4dm3u55ebd3jx err=HttpError('InvalidRequest: Could not find repo: did:plc:cns23wwyrst4dm3u55ebd3jx')
2026-03-16T17:29:07Z WARNING bsky_collector_v2.job.index_feed_generators: listRecords failed repo=did:plc:cns23wwyrst4dm3u55ebd3jx err=HttpError('InvalidRequest: Could not find repo: did:plc:cns23wwyrst4dm3u55ebd3jx')
2026-03-16T17:29:08Z INFO bsky_collector_v2.job.index_feed_generators: enqueued repos page=23 mode=listRepos inserted=500 repos_returned=500 next_cursor=set
2026-03-16T17:30:31Z INFO bsky_collector_v2.job.index_feed_generators: enqueued repos page=24 mode=listRepos inserted=500 repos_returned=500 next_cursor=set
2026-03-16T17:32:16Z INFO bsky_collector_v2.job.index_feed_generators: enqueued repos page=25 mode=listRepos inserted=500 repos_returned=500 next_cursor=set
2026-03-16T17:32:50Z WARNING bsky_collector_v2.job.index_feed_generators: listRecords failed repo=did:plc:fj4suelsewdhipuftasulbov err=HttpError('InvalidRequest: Could not find repo: did:plc:fj4suelsewdhipuftasulbov')
2026-03-16T17:33:50Z WARNING bsky_collector_v2.job.index_feed_generators: listRecords failed repo=did:plc:fj4suelsewdhipuftasulbov err=HttpError('InvalidRequest: Could not find repo: did:plc:fj4suelsewdhipuftasulbov')
2026-03-16T17:33:50Z WARNING bsky_collector_v2.job.index_feed_generators: listRecords failed repo=did:plc:fj4suelsewdhipuftasulbov err=HttpError('InvalidRequest: Could not find repo: did:plc:fj4suelsewdhipuftasulbov')
2026-03-16T17:33:51Z INFO bsky_collector_v2.job.index_feed_generators: enqueued repos page=26 mode=listRepos inserted=500 repos_returned=500 next_cursor=set
2026-03-16T17:34:01Z WARNING bsky_collector_v2.job.index_feed_generators: listRecords failed repo=did:plc:5tbdx35a3l2ogjvnv5s5cov3 err=HttpError('InvalidRequest: Could not find repo: did:plc:5tbdx35a3l2ogjvnv5s5cov3')
2026-03-16T17:35:11Z INFO bsky_collector_v2.job.index_feed_generators: indexed repo=did:plc:wjtzrgfahx32x3bpcqheux4o part=234 records=1 next_cursor=set
2026-03-16T17:35:18Z WARNING bsky_collector_v2.job.index_feed_generators: listRecords failed repo=did:plc:yokspuz7ha7rf5mrqmhgdtxw err=HttpError('InvalidRequest: Could not find repo: did:plc:yokspuz7ha7rf5mrqmhgdtxw')
2026-03-16T17:35:22Z WARNING bsky_collector_v2.job.index_feed_generators: listRecords failed repo=did:plc:5tbdx35a3l2ogjvnv5s5cov3 err=HttpError('InvalidRequest: Could not find repo: did:plc:5tbdx35a3l2ogjvnv5s5cov3')
2026-03-16T17:35:22Z WARNING bsky_collector_v2.job.index_feed_generators: listRecords failed repo=did:plc:yokspuz7ha7rf5mrqmhgdtxw err=HttpError('InvalidRequest: Could not find repo: did:plc:yokspuz7ha7rf5mrqmhgdtxw')
2026-03-16T17:35:22Z WARNING bsky_collector_v2.job.index_feed_generators: listRecords failed repo=did:plc:5tbdx35a3l2ogjvnv5s5cov3 err=HttpError('InvalidRequest: Could not find repo: did:plc:5tbdx35a3l2ogjvnv5s5cov3')
2026-03-16T17:35:22Z WARNING bsky_collector_v2.job.index_feed_generators: listRecords failed repo=did:plc:yokspuz7ha7rf5mrqmhgdtxw err=HttpError('InvalidRequest: Could not find repo: did:plc:yokspuz7ha7rf5mrqmhgdtxw')
2026-03-16T17:35:23Z INFO bsky_collector_v2.job.index_feed_generators: enqueued repos page=27 mode=listRepos inserted=500 repos_returned=500 next_cursor=set
2026-03-16T17:37:06Z INFO bsky_collector_v2.job.index_feed_generators: enqueued repos page=28 mode=listRepos inserted=500 repos_returned=500 next_cursor=set
2026-03-16T17:38:54Z INFO bsky_collector_v2.job.index_feed_generators: indexed repo=did:plc:yx727snhwtt7dvl7op4ggjmr part=235 records=2 next_cursor=set
2026-03-16T17:39:01Z INFO bsky_collector_v2.job.index_feed_generators: enqueued repos page=29 mode=listRepos inserted=500 repos_returned=500 next_cursor=set
2026-03-16T17:39:15Z WARNING bsky_collector_v2.job.index_feed_generators: listRecords failed repo=did:plc:5xrrq5st7mndj375ymz4eqov err=HttpError('InvalidRequest: Could not find repo: did:plc:5xrrq5st7mndj375ymz4eqov')
2026-03-16T17:39:26Z WARNING bsky_collector_v2.job.index_feed_generators: listRecords failed repo=did:plc:aybsbpsnrgoywaehftkjfmis err=HttpError('InvalidRequest: Could not find repo: did:plc:aybsbpsnrgoywaehftkjfmis')
2026-03-16T17:40:40Z WARNING bsky_collector_v2.job.index_feed_generators: listRecords failed repo=did:plc:5xrrq5st7mndj375ymz4eqov err=HttpError('InvalidRequest: Could not find repo: did:plc:5xrrq5st7mndj375ymz4eqov')
2026-03-16T17:40:40Z WARNING bsky_collector_v2.job.index_feed_generators: listRecords failed repo=did:plc:aybsbpsnrgoywaehftkjfmis err=HttpError('InvalidRequest: Could not find repo: did:plc:aybsbpsnrgoywaehftkjfmis')
2026-03-16T17:40:40Z WARNING bsky_collector_v2.job.index_feed_generators: listRecords failed repo=did:plc:5xrrq5st7mndj375ymz4eqov err=HttpError('InvalidRequest: Could not find repo: did:plc:5xrrq5st7mndj375ymz4eqov')
2026-03-16T17:40:40Z WARNING bsky_collector_v2.job.index_feed_generators: listRecords failed repo=did:plc:aybsbpsnrgoywaehftkjfmis err=HttpError('InvalidRequest: Could not find repo: did:plc:aybsbpsnrgoywaehftkjfmis')
2026-03-16T17:40:41Z INFO bsky_collector_v2.job.index_feed_generators: enqueued repos page=30 mode=listRepos inserted=500 repos_returned=500 next_cursor=set
2026-03-16T17:41:13Z INFO bsky_collector_v2.job.index_feed_generators: indexed repo=did:plc:gepi4isbj4t5humc3c3arns6 part=236 records=1 next_cursor=set
2026-03-16T17:41:14Z WARNING bsky_collector_v2.job.index_feed_generators: listRecords failed repo=did:plc:gugoeo4iae3htpybmk3pokny err=HttpError('InvalidRequest: Could not find repo: did:plc:gugoeo4iae3htpybmk3pokny')
2026-03-16T17:41:53Z INFO bsky_collector_v2.job.index_feed_generators: indexed repo=did:plc:r5liumusqv5brqesazcqitm5 part=237 records=1 next_cursor=set
2026-03-16T17:42:22Z WARNING bsky_collector_v2.job.index_feed_generators: listRecords failed repo=did:plc:gugoeo4iae3htpybmk3pokny err=HttpError('InvalidRequest: Could not find repo: did:plc:gugoeo4iae3htpybmk3pokny')
2026-03-16T17:42:22Z WARNING bsky_collector_v2.job.index_feed_generators: listRecords failed repo=did:plc:gugoeo4iae3htpybmk3pokny err=HttpError('InvalidRequest: Could not find repo: did:plc:gugoeo4iae3htpybmk3pokny')
2026-03-16T17:42:23Z INFO bsky_collector_v2.job.index_feed_generators: enqueued repos page=31 mode=listRepos inserted=500 repos_returned=500 next_cursor=set
2026-03-16T17:43:58Z INFO bsky_collector_v2.job.index_feed_generators: enqueued repos page=32 mode=listRepos inserted=500 repos_returned=500 next_cursor=set
2026-03-16T17:45:49Z INFO bsky_collector_v2.job.index_feed_generators: enqueued repos page=33 mode=listRepos inserted=500 repos_returned=500 next_cursor=set
2026-03-16T17:46:08Z WARNING bsky_collector_v2.job.index_feed_generators: listRecords failed repo=did:plc:apvpr42nnzkhjxq5n6rbvpls err=HttpError('InvalidRequest: Could not find repo: did:plc:apvpr42nnzkhjxq5n6rbvpls')
2026-03-16T17:47:13Z WARNING bsky_collector_v2.job.index_feed_generators: listRecords failed repo=did:plc:apvpr42nnzkhjxq5n6rbvpls err=HttpError('InvalidRequest: Could not find repo: did:plc:apvpr42nnzkhjxq5n6rbvpls')
2026-03-16T17:47:13Z WARNING bsky_collector_v2.job.index_feed_generators: listRecords failed repo=did:plc:apvpr42nnzkhjxq5n6rbvpls err=HttpError('InvalidRequest: Could not find repo: did:plc:apvpr42nnzkhjxq5n6rbvpls')
2026-03-16T17:47:14Z INFO bsky_collector_v2.job.index_feed_generators: enqueued repos page=34 mode=listRepos inserted=500 repos_returned=500 next_cursor=set
2026-03-16T17:47:54Z WARNING bsky_collector_v2.job.index_feed_generators: listRecords failed repo=did:plc:jagjtre5fchikpjzdx2wb764 err=HttpError('InvalidRequest: Could not find repo: did:plc:jagjtre5fchikpjzdx2wb764')
