2026-02-22T17:07:30Z INFO bsky_collector_v2: out_base ok path=D:\BlueSky\data_v2_full mount=D:\
2026-02-22T17:07:30Z INFO bsky_collector_v2: job start subcommand=index-feed-generators dry_run=False resume=True
2026-02-22T17:07:30Z INFO bsky_collector_v2.job.index_feed_generators: feed generator index hosts relay_host=https://bsky.network records_host=https://bsky.social auth=yes
2026-02-22T17:08:16Z WARNING bsky_collector_v2.job.index_feed_generators: listRecords failed repo=did:plc:d57taqvjhxrdmmf2ar7k5dw2 err=HttpError('InvalidRequest: Could not find repo: did:plc:d57taqvjhxrdmmf2ar7k5dw2')
2026-02-22T17:08:16Z WARNING bsky_collector_v2.job.index_feed_generators: listRecords failed repo=did:plc:d57taqvjhxrdmmf2ar7k5dw2 err=HttpError('InvalidRequest: Could not find repo: did:plc:d57taqvjhxrdmmf2ar7k5dw2')
2026-02-22T17:08:16Z INFO bsky_collector_v2.job.index_feed_generators: enqueued repos page=1 mode=listRepos inserted=500 repos_returned=500 next_cursor=set
2026-02-22T17:08:29Z INFO bsky_collector_v2.job.index_feed_generators: indexed repo=did:plc:6gf4vebjxchdi7j6qja52lyw part=962 records=1 next_cursor=set
2026-02-22T17:08:48Z INFO bsky_collector_v2.job.index_feed_generators: indexed repo=did:plc:fiye5keu7fiphxd5uwdi2x3l part=963 records=2 next_cursor=set
2026-02-22T17:08:50Z INFO bsky_collector_v2.job.index_feed_generators: indexed repo=did:plc:grtpcojer7xpygbg4ijkx5yq part=964 records=2 next_cursor=set
2026-02-22T17:09:05Z INFO bsky_collector_v2.job.index_feed_generators: indexed repo=did:plc:kpkj2hirh3pfpxloyfhcz3b4 part=965 records=2 next_cursor=set
2026-02-22T17:09:22Z INFO bsky_collector_v2.job.index_feed_generators: indexed repo=did:plc:px6akvq4yoa4qdzepudy63mn part=966 records=1 next_cursor=set
2026-02-22T17:09:22Z WARNING bsky_collector_v2.job.index_feed_generators: listRecords failed repo=did:plc:qh5rui45vz35pf2uh63fofs4 err=HttpError('InvalidRequest: Could not find repo: did:plc:qh5rui45vz35pf2uh63fofs4')
2026-02-22T17:09:51Z WARNING bsky_collector_v2.job.index_feed_generators: listRecords failed repo=did:plc:qh5rui45vz35pf2uh63fofs4 err=HttpError('InvalidRequest: Could not find repo: did:plc:qh5rui45vz35pf2uh63fofs4')
2026-02-22T17:09:52Z WARNING bsky_collector_v2.job.index_feed_generators: listRecords failed repo=did:plc:qh5rui45vz35pf2uh63fofs4 err=HttpError('InvalidRequest: Could not find repo: did:plc:qh5rui45vz35pf2uh63fofs4')
2026-02-22T17:09:52Z INFO bsky_collector_v2.job.index_feed_generators: enqueued repos page=2 mode=listRepos inserted=500 repos_returned=500 next_cursor=set
2026-02-22T17:09:58Z INFO bsky_collector_v2.job.index_feed_generators: indexed repo=did:plc:3ggz5ldbmbmcktae2bxiav5h part=967 records=1 next_cursor=set
2026-02-22T17:10:03Z INFO bsky_collector_v2.job.index_feed_generators: indexed repo=did:plc:4ubzcpwy2gfjwibtdqlm22il part=968 records=3 next_cursor=set
2026-02-22T17:10:11Z WARNING bsky_collector_v2.job.index_feed_generators: listRecords failed repo=did:plc:7sai6mhemv4wr3p4axzrzpme err=HttpError('InvalidRequest: Could not find repo: did:plc:7sai6mhemv4wr3p4axzrzpme')
2026-02-22T17:10:21Z INFO bsky_collector_v2.job.index_feed_generators: indexed repo=did:plc:byjjq67p7iau6qufzjmizpbn part=969 records=1 next_cursor=set
2026-02-22T17:10:37Z INFO bsky_collector_v2.job.index_feed_generators: indexed repo=did:plc:h7zeiwecxee2f4bwgg6sr6aw part=970 records=1 next_cursor=set
2026-02-22T17:10:40Z INFO bsky_collector_v2.job.index_feed_generators: indexed repo=did:plc:ioywt4fomvo6w6f3lptorqq2 part=971 records=2 next_cursor=set
2026-02-22T17:10:44Z INFO bsky_collector_v2.job.index_feed_generators: indexed repo=did:plc:kcxn5bzskhtsl6kr3x6csi3h part=972 records=2 next_cursor=set
2026-02-22T17:11:29Z INFO bsky_collector_v2.job.index_feed_generators: indexed repo=did:plc:yk7kjsfljn2lueq3lcgkslqa part=973 records=1 next_cursor=set
2026-02-22T17:11:34Z WARNING bsky_collector_v2.job.index_feed_generators: listRecords failed repo=did:plc:7sai6mhemv4wr3p4axzrzpme err=HttpError('InvalidRequest: Could not find repo: did:plc:7sai6mhemv4wr3p4axzrzpme')
2026-02-22T17:11:36Z WARNING bsky_collector_v2.job.index_feed_generators: listRecords failed repo=did:plc:7sai6mhemv4wr3p4axzrzpme err=HttpError('InvalidRequest: Could not find repo: did:plc:7sai6mhemv4wr3p4axzrzpme')
2026-02-22T17:11:37Z INFO bsky_collector_v2.job.index_feed_generators: enqueued repos page=3 mode=listRepos inserted=500 repos_returned=500 next_cursor=set
2026-02-22T17:11:48Z INFO bsky_collector_v2.job.index_feed_generators: indexed repo=did:plc:4matzphdci27nrojt6jhgpfp part=974 records=1 next_cursor=set
2026-02-22T17:12:16Z INFO bsky_collector_v2.job.index_feed_generators: indexed repo=did:plc:cvzamwkujisdsrjn7kczhxs6 part=975 records=2 next_cursor=set
2026-02-22T17:12:39Z INFO bsky_collector_v2.job.index_feed_generators: indexed repo=did:plc:jrk3igy2ulo65hf67xwfvcjs part=976 records=2 next_cursor=set
2026-02-22T17:12:45Z WARNING bsky_collector_v2.job.index_feed_generators: listRecords failed repo=did:plc:lxudmojp5srmk3mbbp763ajp err=HttpError('InvalidRequest: Could not find repo: did:plc:lxudmojp5srmk3mbbp763ajp')
2026-02-22T17:13:16Z INFO bsky_collector_v2.job.index_feed_generators: indexed repo=did:plc:x652xznt3oukrndxc2aej5xe part=977 records=3 next_cursor=set
2026-02-22T17:13:25Z WARNING bsky_collector_v2.job.index_feed_generators: listRecords failed repo=did:plc:lxudmojp5srmk3mbbp763ajp err=HttpError('InvalidRequest: Could not find repo: did:plc:lxudmojp5srmk3mbbp763ajp')
2026-02-22T17:13:25Z WARNING bsky_collector_v2.job.index_feed_generators: listRecords failed repo=did:plc:lxudmojp5srmk3mbbp763ajp err=HttpError('InvalidRequest: Could not find repo: did:plc:lxudmojp5srmk3mbbp763ajp')
2026-02-22T17:13:26Z INFO bsky_collector_v2.job.index_feed_generators: enqueued repos page=4 mode=listRepos inserted=500 repos_returned=500 next_cursor=set
2026-02-22T17:13:37Z INFO bsky_collector_v2.job.index_feed_generators: indexed repo=did:plc:56druel7l7tt5m22uuvm55fv part=978 records=1 next_cursor=set
2026-02-22T17:14:23Z INFO bsky_collector_v2.job.index_feed_generators: indexed repo=did:plc:m2vyt2c75uebzega5vcbyypf part=979 records=1 next_cursor=set
2026-02-22T17:14:53Z WARNING bsky_collector_v2.job.index_feed_generators: listRecords failed repo=did:plc:wuamqljqueipatn6mrwr74si err=HttpError('InvalidRequest: Could not find repo: did:plc:wuamqljqueipatn6mrwr74si')
2026-02-22T17:15:03Z WARNING bsky_collector_v2.job.index_feed_generators: listRecords failed repo=did:plc:wuamqljqueipatn6mrwr74si err=HttpError('InvalidRequest: Could not find repo: did:plc:wuamqljqueipatn6mrwr74si')
2026-02-22T17:15:03Z WARNING bsky_collector_v2.job.index_feed_generators: listRecords failed repo=did:plc:wuamqljqueipatn6mrwr74si err=HttpError('InvalidRequest: Could not find repo: did:plc:wuamqljqueipatn6mrwr74si')
2026-02-22T17:15:03Z INFO bsky_collector_v2.job.index_feed_generators: enqueued repos page=5 mode=listRepos inserted=500 repos_returned=500 next_cursor=set
2026-02-22T17:15:13Z INFO bsky_collector_v2.job.index_feed_generators: indexed repo=did:plc:5cbkq62gsh2kvgou6cd2q2yb part=980 records=2 next_cursor=set
2026-02-22T17:15:55Z INFO bsky_collector_v2.job.index_feed_generators: indexed repo=did:plc:javdanf6uz5ehepta2bebweq part=981 records=1 next_cursor=set
2026-02-22T17:15:56Z INFO bsky_collector_v2.job.index_feed_generators: indexed repo=did:plc:jdtcq32j46hf6xrjed2egyle part=982 records=1 next_cursor=set
2026-02-22T17:16:51Z INFO bsky_collector_v2.job.index_feed_generators: enqueued repos page=6 mode=listRepos inserted=500 repos_returned=500 next_cursor=set
2026-02-22T17:16:52Z INFO bsky_collector_v2.job.index_feed_generators: indexed repo=did:plc:22utgpv57glo4y5mbeg3ongt part=983 records=1 next_cursor=set
2026-02-22T17:17:18Z WARNING bsky_collector_v2.job.index_feed_generators: listRecords failed repo=did:plc:cta2jxzmot4fx4ijhu34cgo4 err=HttpError('InvalidRequest: Could not find repo: did:plc:cta2jxzmot4fx4ijhu34cgo4')
2026-02-22T17:17:19Z WARNING bsky_collector_v2.job.index_feed_generators: listRecords failed repo=did:plc:cvuf2fwjkogkohuuucyockar err=HttpError('InvalidRequest: Could not find repo: did:plc:cvuf2fwjkogkohuuucyockar')
2026-02-22T17:18:09Z INFO bsky_collector_v2.job.index_feed_generators: indexed repo=did:plc:ukhorzfbgesewjv7tbbuwrtc part=984 records=1 next_cursor=set
2026-02-22T17:18:30Z WARNING bsky_collector_v2.job.index_feed_generators: listRecords failed repo=did:plc:cta2jxzmot4fx4ijhu34cgo4 err=HttpError('InvalidRequest: Could not find repo: did:plc:cta2jxzmot4fx4ijhu34cgo4')
2026-02-22T17:18:30Z WARNING bsky_collector_v2.job.index_feed_generators: listRecords failed repo=did:plc:cvuf2fwjkogkohuuucyockar err=HttpError('InvalidRequest: Could not find repo: did:plc:cvuf2fwjkogkohuuucyockar')
2026-02-22T17:18:30Z WARNING bsky_collector_v2.job.index_feed_generators: listRecords failed repo=did:plc:cta2jxzmot4fx4ijhu34cgo4 err=HttpError('InvalidRequest: Could not find repo: did:plc:cta2jxzmot4fx4ijhu34cgo4')
2026-02-22T17:18:30Z WARNING bsky_collector_v2.job.index_feed_generators: listRecords failed repo=did:plc:cvuf2fwjkogkohuuucyockar err=HttpError('InvalidRequest: Could not find repo: did:plc:cvuf2fwjkogkohuuucyockar')
2026-02-22T17:18:31Z INFO bsky_collector_v2.job.index_feed_generators: enqueued repos page=7 mode=listRepos inserted=500 repos_returned=500 next_cursor=set
2026-02-22T17:18:35Z INFO bsky_collector_v2.job.index_feed_generators: indexed repo=did:plc:3ipk35dnm3orom3zfh4sl5je part=985 records=1 next_cursor=set
2026-02-22T17:18:45Z WARNING bsky_collector_v2.job.index_feed_generators: listRecords failed repo=did:plc:6x7avhbzio4ek6bbojxdk3is err=HttpError('InvalidRequest: Could not find repo: did:plc:6x7avhbzio4ek6bbojxdk3is')
2026-02-22T17:18:48Z WARNING bsky_collector_v2.job.index_feed_generators: listRecords failed repo=did:plc:7zzhiqvi4hnymskidewmsvex err=HttpError('InvalidRequest: Could not find repo: did:plc:7zzhiqvi4hnymskidewmsvex')
2026-02-22T17:19:08Z WARNING bsky_collector_v2.job.index_feed_generators: listRecords failed repo=did:plc:g73xxgwupw2f6z4g335f4a7h err=HttpError('InvalidRequest: Could not find repo: did:plc:g73xxgwupw2f6z4g335f4a7h')
2026-02-22T17:20:15Z WARNING bsky_collector_v2.job.index_feed_generators: listRecords failed repo=did:plc:6x7avhbzio4ek6bbojxdk3is err=HttpError('InvalidRequest: Could not find repo: did:plc:6x7avhbzio4ek6bbojxdk3is')
2026-02-22T17:20:15Z WARNING bsky_collector_v2.job.index_feed_generators: listRecords failed repo=did:plc:7zzhiqvi4hnymskidewmsvex err=HttpError('InvalidRequest: Could not find repo: did:plc:7zzhiqvi4hnymskidewmsvex')
2026-02-22T17:20:15Z WARNING bsky_collector_v2.job.index_feed_generators: listRecords failed repo=did:plc:g73xxgwupw2f6z4g335f4a7h err=HttpError('InvalidRequest: Could not find repo: did:plc:g73xxgwupw2f6z4g335f4a7h')
2026-02-22T17:20:15Z WARNING bsky_collector_v2.job.index_feed_generators: listRecords failed repo=did:plc:6x7avhbzio4ek6bbojxdk3is err=HttpError('InvalidRequest: Could not find repo: did:plc:6x7avhbzio4ek6bbojxdk3is')
2026-02-22T17:20:15Z WARNING bsky_collector_v2.job.index_feed_generators: listRecords failed repo=did:plc:7zzhiqvi4hnymskidewmsvex err=HttpError('InvalidRequest: Could not find repo: did:plc:7zzhiqvi4hnymskidewmsvex')
2026-02-22T17:20:16Z WARNING bsky_collector_v2.job.index_feed_generators: listRecords failed repo=did:plc:g73xxgwupw2f6z4g335f4a7h err=HttpError('InvalidRequest: Could not find repo: did:plc:g73xxgwupw2f6z4g335f4a7h')
2026-02-22T17:20:16Z INFO bsky_collector_v2.job.index_feed_generators: enqueued repos page=8 mode=listRepos inserted=500 repos_returned=500 next_cursor=set
2026-02-22T17:20:33Z WARNING bsky_collector_v2.job.index_feed_generators: listRecords failed repo=did:plc:7xhpapbkxrsq5pmlj5d7raf3 err=HttpError('InvalidRequest: Could not find repo: did:plc:7xhpapbkxrsq5pmlj5d7raf3')
2026-02-22T17:20:48Z INFO bsky_collector_v2.job.index_feed_generators: indexed repo=did:plc:e72ndnnprgyigrbkqht7onxx part=986 records=2 next_cursor=set
2026-02-22T17:21:24Z INFO bsky_collector_v2.job.index_feed_generators: indexed repo=did:plc:no6xxpraljc4ifbgjydinxom part=987 records=2 next_cursor=set
2026-02-22T17:22:03Z WARNING bsky_collector_v2.job.index_feed_generators: listRecords failed repo=did:plc:7xhpapbkxrsq5pmlj5d7raf3 err=HttpError('InvalidRequest: Could not find repo: did:plc:7xhpapbkxrsq5pmlj5d7raf3')
2026-02-22T17:22:03Z WARNING bsky_collector_v2.job.index_feed_generators: listRecords failed repo=did:plc:7xhpapbkxrsq5pmlj5d7raf3 err=HttpError('InvalidRequest: Could not find repo: did:plc:7xhpapbkxrsq5pmlj5d7raf3')
2026-02-22T17:22:04Z INFO bsky_collector_v2.job.index_feed_generators: enqueued repos page=9 mode=listRepos inserted=500 repos_returned=500 next_cursor=set
2026-02-22T17:22:25Z WARNING bsky_collector_v2.job.index_feed_generators: listRecords failed repo=did:plc:7afbhhrnmlqs6cvqf3imj5fu err=HttpError('InvalidRequest: Could not find repo: did:plc:7afbhhrnmlqs6cvqf3imj5fu')
2026-02-22T17:22:44Z WARNING bsky_collector_v2.job.index_feed_generators: listRecords failed repo=did:plc:e5smeic76ggwmfhdaruaqrhp err=HttpError('InvalidRequest: Could not find repo: did:plc:e5smeic76ggwmfhdaruaqrhp')
2026-02-22T17:23:25Z INFO bsky_collector_v2.job.index_feed_generators: indexed repo=did:plc:rdkvldmdbomcuoipvda45h6a part=988 records=1 next_cursor=set
2026-02-22T17:23:48Z WARNING bsky_collector_v2.job.index_feed_generators: listRecords failed repo=did:plc:7afbhhrnmlqs6cvqf3imj5fu err=HttpError('InvalidRequest: Could not find repo: did:plc:7afbhhrnmlqs6cvqf3imj5fu')
2026-02-22T17:23:48Z WARNING bsky_collector_v2.job.index_feed_generators: listRecords failed repo=did:plc:e5smeic76ggwmfhdaruaqrhp err=HttpError('InvalidRequest: Could not find repo: did:plc:e5smeic76ggwmfhdaruaqrhp')
2026-02-22T17:23:48Z WARNING bsky_collector_v2.job.index_feed_generators: listRecords failed repo=did:plc:7afbhhrnmlqs6cvqf3imj5fu err=HttpError('InvalidRequest: Could not find repo: did:plc:7afbhhrnmlqs6cvqf3imj5fu')
2026-02-22T17:23:48Z WARNING bsky_collector_v2.job.index_feed_generators: listRecords failed repo=did:plc:e5smeic76ggwmfhdaruaqrhp err=HttpError('InvalidRequest: Could not find repo: did:plc:e5smeic76ggwmfhdaruaqrhp')
2026-02-22T17:23:48Z INFO bsky_collector_v2.job.index_feed_generators: enqueued repos page=10 mode=listRepos inserted=500 repos_returned=500 next_cursor=set
2026-02-22T17:24:10Z WARNING bsky_collector_v2.job.index_feed_generators: listRecords failed repo=did:plc:asyyzbg7hcdoeh5dser2ehcw err=HttpError('InvalidRequest: Could not find repo: did:plc:asyyzbg7hcdoeh5dser2ehcw')
2026-02-22T17:24:18Z WARNING bsky_collector_v2.job.index_feed_generators: listRecords failed repo=did:plc:e22wo62zkxq6tni5kumxychg err=HttpError('InvalidRequest: Could not find repo: did:plc:e22wo62zkxq6tni5kumxychg')
2026-02-22T17:24:46Z WARNING bsky_collector_v2.job.index_feed_generators: listRecords failed repo=did:plc:ngh4t4wccskhqvr76p4ec5cn err=HttpError('InvalidRequest: Could not find repo: did:plc:ngh4t4wccskhqvr76p4ec5cn')
2026-02-22T17:25:14Z INFO bsky_collector_v2.job.index_feed_generators: indexed repo=did:plc:xxyutnxwhtokebd3vpdgwwpr part=989 records=1 next_cursor=set
2026-02-22T17:25:18Z WARNING bsky_collector_v2.job.index_feed_generators: listRecords failed repo=did:plc:asyyzbg7hcdoeh5dser2ehcw err=HttpError('InvalidRequest: Could not find repo: did:plc:asyyzbg7hcdoeh5dser2ehcw')
2026-02-22T17:25:19Z WARNING bsky_collector_v2.job.index_feed_generators: listRecords failed repo=did:plc:e22wo62zkxq6tni5kumxychg err=HttpError('InvalidRequest: Could not find repo: did:plc:e22wo62zkxq6tni5kumxychg')
2026-02-22T17:25:19Z WARNING bsky_collector_v2.job.index_feed_generators: listRecords failed repo=did:plc:ngh4t4wccskhqvr76p4ec5cn err=HttpError('InvalidRequest: Could not find repo: did:plc:ngh4t4wccskhqvr76p4ec5cn')
2026-02-22T17:25:19Z WARNING bsky_collector_v2.job.index_feed_generators: listRecords failed repo=did:plc:asyyzbg7hcdoeh5dser2ehcw err=HttpError('InvalidRequest: Could not find repo: did:plc:asyyzbg7hcdoeh5dser2ehcw')
2026-02-22T17:25:19Z WARNING bsky_collector_v2.job.index_feed_generators: listRecords failed repo=did:plc:e22wo62zkxq6tni5kumxychg err=HttpError('InvalidRequest: Could not find repo: did:plc:e22wo62zkxq6tni5kumxychg')
2026-02-22T17:25:19Z WARNING bsky_collector_v2.job.index_feed_generators: listRecords failed repo=did:plc:ngh4t4wccskhqvr76p4ec5cn err=HttpError('InvalidRequest: Could not find repo: did:plc:ngh4t4wccskhqvr76p4ec5cn')
2026-02-22T17:25:19Z INFO bsky_collector_v2.job.index_feed_generators: enqueued repos page=11 mode=listRepos inserted=500 repos_returned=500 next_cursor=set
2026-02-22T17:25:28Z WARNING bsky_collector_v2.job.index_feed_generators: listRecords failed repo=did:plc:54glxmfco7nloo4adsier7um err=HttpError('InvalidRequest: Could not find repo: did:plc:54glxmfco7nloo4adsier7um')
2026-02-22T17:26:03Z INFO bsky_collector_v2.job.index_feed_generators: indexed repo=did:plc:i25nwjv3rdwr6hbve3wtxj7i part=990 records=1 next_cursor=set
2026-02-22T17:26:19Z INFO bsky_collector_v2.job.index_feed_generators: indexed repo=did:plc:nf2r2lyd2gv7pcdhtylumdzo part=991 records=1 next_cursor=set
2026-02-22T17:26:54Z WARNING bsky_collector_v2.job.index_feed_generators: listRecords failed repo=did:plc:54glxmfco7nloo4adsier7um err=HttpError('InvalidRequest: Could not find repo: did:plc:54glxmfco7nloo4adsier7um')
2026-02-22T17:26:54Z WARNING bsky_collector_v2.job.index_feed_generators: listRecords failed repo=did:plc:54glxmfco7nloo4adsier7um err=HttpError('InvalidRequest: Could not find repo: did:plc:54glxmfco7nloo4adsier7um')
2026-02-22T17:26:55Z INFO bsky_collector_v2.job.index_feed_generators: enqueued repos page=12 mode=listRepos inserted=500 repos_returned=500 next_cursor=set
2026-02-22T17:27:13Z INFO bsky_collector_v2.job.index_feed_generators: indexed repo=did:plc:7qaj76iztt5wkhgbquajdtkh part=992 records=1 next_cursor=set
2026-02-22T17:27:30Z INFO bsky_collector_v2.job.index_feed_generators: indexed repo=did:plc:exb37tgqbwy3saigtsrwsh7e part=993 records=1 next_cursor=set
2026-02-22T17:27:59Z INFO bsky_collector_v2.job.index_feed_generators: indexed repo=did:plc:qd5rbsrbsjbraeyb3ty4pnlb part=994 records=3 next_cursor=set
2026-02-22T17:28:00Z WARNING bsky_collector_v2.job.index_feed_generators: listRecords failed repo=did:plc:qpexgip34nsnlnlqsimdr2mc err=HttpError('InvalidRequest: Could not find repo: did:plc:qpexgip34nsnlnlqsimdr2mc')
2026-02-22T17:28:25Z INFO bsky_collector_v2.job.index_feed_generators: indexed repo=did:plc:x5lexoysrbivvzehrq2zaqhu part=995 records=2 next_cursor=set
2026-02-22T17:28:26Z INFO bsky_collector_v2.job.index_feed_generators: indexed repo=did:plc:x7x3au4owa5weylwh6cvpr7a part=996 records=2 next_cursor=set
2026-02-22T17:28:38Z WARNING bsky_collector_v2.job.index_feed_generators: listRecords failed repo=did:plc:qpexgip34nsnlnlqsimdr2mc err=HttpError('InvalidRequest: Could not find repo: did:plc:qpexgip34nsnlnlqsimdr2mc')
2026-02-22T17:28:39Z WARNING bsky_collector_v2.job.index_feed_generators: listRecords failed repo=did:plc:qpexgip34nsnlnlqsimdr2mc err=HttpError('InvalidRequest: Could not find repo: did:plc:qpexgip34nsnlnlqsimdr2mc')
2026-02-22T17:28:39Z INFO bsky_collector_v2.job.index_feed_generators: enqueued repos page=13 mode=listRepos inserted=500 repos_returned=500 next_cursor=set
2026-02-22T17:28:43Z INFO bsky_collector_v2.job.index_feed_generators: indexed repo=did:plc:2szgismvwizpoix2uitfldyi part=997 records=1 next_cursor=set
2026-02-22T17:29:15Z INFO bsky_collector_v2.job.index_feed_generators: indexed repo=did:plc:euuwnqogevq2mog7wsnwuee3 part=998 records=3 next_cursor=set
2026-02-22T17:29:58Z INFO bsky_collector_v2.job.index_feed_generators: indexed repo=did:plc:tlewe644hlh3zsdb3pl5zkag part=999 records=5 next_cursor=set
2026-02-22T17:30:16Z INFO bsky_collector_v2.job.index_feed_generators: indexed repo=did:plc:zsttc5l3xs6e726dot7jp46k part=1000 records=1 next_cursor=set
2026-02-22T17:30:19Z INFO bsky_collector_v2.job.index_feed_generators: enqueued repos page=14 mode=listRepos inserted=500 repos_returned=500 next_cursor=set
2026-02-22T17:31:38Z INFO bsky_collector_v2.job.index_feed_generators: indexed repo=did:plc:uslfyvfq6apjb36mpdoocdd4 part=1001 records=7 next_cursor=set
2026-02-22T17:31:42Z WARNING bsky_collector_v2.job.index_feed_generators: listRecords failed repo=did:plc:w3gpnnit7gykrtxi5prvxumd err=HttpError('InvalidRequest: Could not find repo: did:plc:w3gpnnit7gykrtxi5prvxumd')
2026-02-22T17:31:52Z WARNING bsky_collector_v2.job.index_feed_generators: listRecords failed repo=did:plc:w3gpnnit7gykrtxi5prvxumd err=HttpError('InvalidRequest: Could not find repo: did:plc:w3gpnnit7gykrtxi5prvxumd')
2026-02-22T17:31:52Z WARNING bsky_collector_v2.job.index_feed_generators: listRecords failed repo=did:plc:w3gpnnit7gykrtxi5prvxumd err=HttpError('InvalidRequest: Could not find repo: did:plc:w3gpnnit7gykrtxi5prvxumd')
2026-02-22T17:31:52Z INFO bsky_collector_v2.job.index_feed_generators: enqueued repos page=15 mode=listRepos inserted=500 repos_returned=500 next_cursor=set
2026-02-22T17:31:56Z INFO bsky_collector_v2.job.index_feed_generators: indexed repo=did:plc:33cxqp43geeq5krhd7k6ivpr part=1002 records=1 next_cursor=set
2026-02-22T17:32:04Z INFO bsky_collector_v2.job.index_feed_generators: indexed repo=did:plc:65gchtldtuxpzmvnsw3mjfu4 part=1003 records=3 next_cursor=set
2026-02-22T17:32:05Z INFO bsky_collector_v2.job.index_feed_generators: indexed repo=did:plc:6cyrkv6y7k52r3g4d2ztxtpk part=1004 records=1 next_cursor=set
2026-02-22T17:32:07Z INFO bsky_collector_v2.job.index_feed_generators: indexed repo=did:plc:6yg3amb6efesrcbrkctyyfio part=1005 records=4 next_cursor=set
2026-02-22T17:32:28Z INFO bsky_collector_v2.job.index_feed_generators: indexed repo=did:plc:fvcykhfqrkprtwh2vvsnwo4x part=1006 records=1 next_cursor=set
2026-02-22T17:32:34Z INFO bsky_collector_v2.job.index_feed_generators: indexed repo=did:plc:hqxbawlhgszi2uip2hz3wqir part=1007 records=6 next_cursor=set
2026-02-22T17:32:53Z WARNING bsky_collector_v2.job.index_feed_generators: listRecords failed repo=did:plc:ot5f6oldabeygs7w52nmwal4 err=HttpError('InvalidRequest: Could not find repo: did:plc:ot5f6oldabeygs7w52nmwal4')
2026-02-22T17:33:28Z WARNING bsky_collector_v2.job.index_feed_generators: listRecords failed repo=did:plc:ot5f6oldabeygs7w52nmwal4 err=HttpError('InvalidRequest: Could not find repo: did:plc:ot5f6oldabeygs7w52nmwal4')
2026-02-22T17:33:29Z WARNING bsky_collector_v2.job.index_feed_generators: listRecords failed repo=did:plc:ot5f6oldabeygs7w52nmwal4 err=HttpError('InvalidRequest: Could not find repo: did:plc:ot5f6oldabeygs7w52nmwal4')
2026-02-22T17:33:29Z INFO bsky_collector_v2.job.index_feed_generators: enqueued repos page=16 mode=listRepos inserted=500 repos_returned=500 next_cursor=set
2026-02-22T17:34:28Z INFO bsky_collector_v2.job.index_feed_generators: indexed repo=did:plc:mwleoxm6toh437dzwh3xeq2k part=1008 records=3 next_cursor=set
2026-02-22T17:34:39Z INFO bsky_collector_v2.job.index_feed_generators: indexed repo=did:plc:qflvljp37a5fdsfnt5nmbevx part=1009 records=8 next_cursor=set
2026-02-22T17:34:53Z WARNING bsky_collector_v2.job.index_feed_generators: listRecords failed repo=did:plc:vktpoir2lp3wc7ys5ucpzrzr err=HttpError('InvalidRequest: Could not find repo: did:plc:vktpoir2lp3wc7ys5ucpzrzr')
2026-02-22T17:35:05Z WARNING bsky_collector_v2.job.index_feed_generators: listRecords failed repo=did:plc:vktpoir2lp3wc7ys5ucpzrzr err=HttpError('InvalidRequest: Could not find repo: did:plc:vktpoir2lp3wc7ys5ucpzrzr')
2026-02-22T17:35:05Z WARNING bsky_collector_v2.job.index_feed_generators: listRecords failed repo=did:plc:vktpoir2lp3wc7ys5ucpzrzr err=HttpError('InvalidRequest: Could not find repo: did:plc:vktpoir2lp3wc7ys5ucpzrzr')
2026-02-22T17:35:06Z INFO bsky_collector_v2.job.index_feed_generators: enqueued repos page=17 mode=listRepos inserted=500 repos_returned=500 next_cursor=set
2026-02-22T17:35:22Z INFO bsky_collector_v2.job.index_feed_generators: indexed repo=did:plc:4f5bkattxqwpeg7chscfxpbg part=1010 records=1 next_cursor=set
2026-02-22T17:35:37Z WARNING bsky_collector_v2.job.index_feed_generators: listRecords failed repo=did:plc:afeqqceyxqcdrazzjox3k7oc err=HttpError('InvalidRequest: Could not find repo: did:plc:afeqqceyxqcdrazzjox3k7oc')
2026-02-22T17:35:47Z WARNING bsky_collector_v2.job.index_feed_generators: listRecords failed repo=did:plc:djbouzp35d5bfxce52b5lebk err=HttpError('InvalidRequest: Could not find repo: did:plc:djbouzp35d5bfxce52b5lebk')
2026-02-22T17:36:10Z INFO bsky_collector_v2.job.index_feed_generators: indexed repo=did:plc:lyjdcjavogyz4wi3u7frkctz part=1011 records=1 next_cursor=set
2026-02-22T17:36:19Z WARNING bsky_collector_v2.job.index_feed_generators: listRecords failed repo=did:plc:pgovi5hy23ybme3ga5xqvhnb err=HttpError('InvalidRequest: Could not find repo: did:plc:pgovi5hy23ybme3ga5xqvhnb')
2026-02-22T17:36:27Z WARNING bsky_collector_v2.job.index_feed_generators: listRecords failed repo=did:plc:rrbv6gzlclcuvho7hsridy74 err=HttpError('InvalidRequest: Could not find repo: did:plc:rrbv6gzlclcuvho7hsridy74')
2026-02-22T17:36:52Z WARNING bsky_collector_v2.job.index_feed_generators: listRecords failed repo=did:plc:afeqqceyxqcdrazzjox3k7oc err=HttpError('InvalidRequest: Could not find repo: did:plc:afeqqceyxqcdrazzjox3k7oc')
2026-02-22T17:36:52Z WARNING bsky_collector_v2.job.index_feed_generators: listRecords failed repo=did:plc:djbouzp35d5bfxce52b5lebk err=HttpError('InvalidRequest: Could not find repo: did:plc:djbouzp35d5bfxce52b5lebk')
2026-02-22T17:36:52Z WARNING bsky_collector_v2.job.index_feed_generators: listRecords failed repo=did:plc:pgovi5hy23ybme3ga5xqvhnb err=HttpError('InvalidRequest: Could not find repo: did:plc:pgovi5hy23ybme3ga5xqvhnb')
2026-02-22T17:36:52Z WARNING bsky_collector_v2.job.index_feed_generators: listRecords failed repo=did:plc:rrbv6gzlclcuvho7hsridy74 err=HttpError('InvalidRequest: Could not find repo: did:plc:rrbv6gzlclcuvho7hsridy74')
2026-02-22T17:36:52Z WARNING bsky_collector_v2.job.index_feed_generators: listRecords failed repo=did:plc:afeqqceyxqcdrazzjox3k7oc err=HttpError('InvalidRequest: Could not find repo: did:plc:afeqqceyxqcdrazzjox3k7oc')
2026-02-22T17:36:53Z WARNING bsky_collector_v2.job.index_feed_generators: listRecords failed repo=did:plc:djbouzp35d5bfxce52b5lebk err=HttpError('InvalidRequest: Could not find repo: did:plc:djbouzp35d5bfxce52b5lebk')
2026-02-22T17:36:53Z WARNING bsky_collector_v2.job.index_feed_generators: listRecords failed repo=did:plc:pgovi5hy23ybme3ga5xqvhnb err=HttpError('InvalidRequest: Could not find repo: did:plc:pgovi5hy23ybme3ga5xqvhnb')
2026-02-22T17:36:53Z WARNING bsky_collector_v2.job.index_feed_generators: listRecords failed repo=did:plc:rrbv6gzlclcuvho7hsridy74 err=HttpError('InvalidRequest: Could not find repo: did:plc:rrbv6gzlclcuvho7hsridy74')
2026-02-22T17:36:54Z INFO bsky_collector_v2.job.index_feed_generators: enqueued repos page=18 mode=listRepos inserted=500 repos_returned=500 next_cursor=set
2026-02-22T17:37:01Z WARNING bsky_collector_v2.job.index_feed_generators: listRecords failed repo=did:plc:2x7tpa56longf4warzac3tvm err=HttpError('InvalidRequest: Could not find repo: did:plc:2x7tpa56longf4warzac3tvm')
2026-02-22T17:37:11Z WARNING bsky_collector_v2.job.index_feed_generators: listRecords failed repo=did:plc:4unezhtgnwu6ugu2ddnghva3 err=HttpError('InvalidRequest: Could not find repo: did:plc:4unezhtgnwu6ugu2ddnghva3')
2026-02-22T17:37:29Z INFO bsky_collector_v2.job.index_feed_generators: indexed repo=did:plc:bwcfyv4kasqzvfqjbmppyrp6 part=1012 records=1 next_cursor=set
2026-02-22T17:37:29Z INFO bsky_collector_v2.job.index_feed_generators: indexed repo=did:plc:bypjm2evdukgsaa7wao3v7cy part=1013 records=1 next_cursor=set
2026-02-22T17:38:06Z WARNING bsky_collector_v2.job.index_feed_generators: listRecords failed repo=did:plc:l7gj67ydd2ebpiytsax4w7xr err=HttpError('InvalidRequest: Could not find repo: did:plc:l7gj67ydd2ebpiytsax4w7xr')
2026-02-22T17:38:16Z WARNING bsky_collector_v2.job.index_feed_generators: listRecords failed repo=did:plc:o5h7oazqex2btq65243uu6go err=HttpError('InvalidRequest: Could not find repo: did:plc:o5h7oazqex2btq65243uu6go')
2026-02-22T17:38:49Z WARNING bsky_collector_v2.job.index_feed_generators: listRecords failed repo=did:plc:2x7tpa56longf4warzac3tvm err=HttpError('InvalidRequest: Could not find repo: did:plc:2x7tpa56longf4warzac3tvm')
2026-02-22T17:38:49Z WARNING bsky_collector_v2.job.index_feed_generators: listRecords failed repo=did:plc:4unezhtgnwu6ugu2ddnghva3 err=HttpError('InvalidRequest: Could not find repo: did:plc:4unezhtgnwu6ugu2ddnghva3')
2026-02-22T17:38:50Z WARNING bsky_collector_v2.job.index_feed_generators: listRecords failed repo=did:plc:l7gj67ydd2ebpiytsax4w7xr err=HttpError('InvalidRequest: Could not find repo: did:plc:l7gj67ydd2ebpiytsax4w7xr')
2026-02-22T17:38:50Z WARNING bsky_collector_v2.job.index_feed_generators: listRecords failed repo=did:plc:o5h7oazqex2btq65243uu6go err=HttpError('InvalidRequest: Could not find repo: did:plc:o5h7oazqex2btq65243uu6go')
2026-02-22T17:38:50Z WARNING bsky_collector_v2.job.index_feed_generators: listRecords failed repo=did:plc:2x7tpa56longf4warzac3tvm err=HttpError('InvalidRequest: Could not find repo: did:plc:2x7tpa56longf4warzac3tvm')
2026-02-22T17:38:50Z WARNING bsky_collector_v2.job.index_feed_generators: listRecords failed repo=did:plc:4unezhtgnwu6ugu2ddnghva3 err=HttpError('InvalidRequest: Could not find repo: did:plc:4unezhtgnwu6ugu2ddnghva3')
2026-02-22T17:38:50Z WARNING bsky_collector_v2.job.index_feed_generators: listRecords failed repo=did:plc:l7gj67ydd2ebpiytsax4w7xr err=HttpError('InvalidRequest: Could not find repo: did:plc:l7gj67ydd2ebpiytsax4w7xr')
2026-02-22T17:38:50Z WARNING bsky_collector_v2.job.index_feed_generators: listRecords failed repo=did:plc:o5h7oazqex2btq65243uu6go err=HttpError('InvalidRequest: Could not find repo: did:plc:o5h7oazqex2btq65243uu6go')
2026-02-22T17:38:51Z INFO bsky_collector_v2.job.index_feed_generators: enqueued repos page=19 mode=listRepos inserted=500 repos_returned=500 next_cursor=set
2026-02-22T17:38:57Z INFO bsky_collector_v2.job.index_feed_generators: indexed repo=did:plc:53eo47wz2cunahg2vkfw663d part=1014 records=2 next_cursor=set
2026-02-22T17:38:59Z INFO bsky_collector_v2.job.index_feed_generators: indexed repo=did:plc:5kthxzzjliwcuzajl2gioyxl part=1015 records=1 next_cursor=set
2026-02-22T17:39:30Z WARNING bsky_collector_v2.job.index_feed_generators: listRecords failed repo=did:plc:hsjvl4xolk6cr5megp3msqrl err=HttpError('InvalidRequest: Could not find repo: did:plc:hsjvl4xolk6cr5megp3msqrl')
2026-02-22T17:40:19Z WARNING bsky_collector_v2.job.index_feed_generators: listRecords failed repo=did:plc:hsjvl4xolk6cr5megp3msqrl err=HttpError('InvalidRequest: Could not find repo: did:plc:hsjvl4xolk6cr5megp3msqrl')
2026-02-22T17:40:19Z WARNING bsky_collector_v2.job.index_feed_generators: listRecords failed repo=did:plc:hsjvl4xolk6cr5megp3msqrl err=HttpError('InvalidRequest: Could not find repo: did:plc:hsjvl4xolk6cr5megp3msqrl')
2026-02-22T17:40:20Z INFO bsky_collector_v2.job.index_feed_generators: enqueued repos page=20 mode=listRepos inserted=500 repos_returned=500 next_cursor=set
2026-02-22T17:40:58Z WARNING bsky_collector_v2.job.index_feed_generators: listRecords failed repo=did:plc:fjnzcioggjgg76lzvrhriste err=HttpError('InvalidRequest: Could not find repo: did:plc:fjnzcioggjgg76lzvrhriste')
2026-02-22T17:41:15Z WARNING bsky_collector_v2.job.index_feed_generators: listRecords failed repo=did:plc:m57q3m7gu6i5yx2e22pyofkm err=HttpError('InvalidRequest: Could not find repo: did:plc:m57q3m7gu6i5yx2e22pyofkm')
2026-02-22T17:41:17Z INFO bsky_collector_v2.job.index_feed_generators: indexed repo=did:plc:n2dd72uv6srri36dsfhyqgwp part=1016 records=1 next_cursor=set
2026-02-22T17:41:27Z WARNING bsky_collector_v2.job.index_feed_generators: listRecords failed repo=did:plc:qw7w37jguwuwennldf5zhsnx err=HttpError('InvalidRequest: Could not find repo: did:plc:qw7w37jguwuwennldf5zhsnx')
2026-02-22T17:41:47Z INFO bsky_collector_v2.job.index_feed_generators: indexed repo=did:plc:xvownp5qbasdbozv2ojyqbpp part=1017 records=1 next_cursor=set
2026-02-22T17:41:52Z WARNING bsky_collector_v2.job.index_feed_generators: listRecords failed repo=did:plc:fjnzcioggjgg76lzvrhriste err=HttpError('InvalidRequest: Could not find repo: did:plc:fjnzcioggjgg76lzvrhriste')
2026-02-22T17:41:52Z WARNING bsky_collector_v2.job.index_feed_generators: listRecords failed repo=did:plc:m57q3m7gu6i5yx2e22pyofkm err=HttpError('InvalidRequest: Could not find repo: did:plc:m57q3m7gu6i5yx2e22pyofkm')
2026-02-22T17:41:52Z WARNING bsky_collector_v2.job.index_feed_generators: listRecords failed repo=did:plc:qw7w37jguwuwennldf5zhsnx err=HttpError('InvalidRequest: Could not find repo: did:plc:qw7w37jguwuwennldf5zhsnx')
2026-02-22T17:41:53Z WARNING bsky_collector_v2.job.index_feed_generators: listRecords failed repo=did:plc:fjnzcioggjgg76lzvrhriste err=HttpError('InvalidRequest: Could not find repo: did:plc:fjnzcioggjgg76lzvrhriste')
2026-02-22T17:41:53Z WARNING bsky_collector_v2.job.index_feed_generators: listRecords failed repo=did:plc:m57q3m7gu6i5yx2e22pyofkm err=HttpError('InvalidRequest: Could not find repo: did:plc:m57q3m7gu6i5yx2e22pyofkm')
2026-02-22T17:41:53Z WARNING bsky_collector_v2.job.index_feed_generators: listRecords failed repo=did:plc:qw7w37jguwuwennldf5zhsnx err=HttpError('InvalidRequest: Could not find repo: did:plc:qw7w37jguwuwennldf5zhsnx')
2026-02-22T17:41:53Z INFO bsky_collector_v2.job.index_feed_generators: enqueued repos page=21 mode=listRepos inserted=500 repos_returned=500 next_cursor=set
2026-02-22T17:42:17Z INFO bsky_collector_v2.job.index_feed_generators: indexed repo=did:plc:cdsjsqkwjng6t6uqvzsn4xa7 part=1018 records=1 next_cursor=set
2026-02-22T17:42:41Z INFO bsky_collector_v2.job.index_feed_generators: indexed repo=did:plc:jmn7id7q35653mw7gaxmswzq part=1019 records=1 next_cursor=set
2026-02-22T17:43:13Z INFO bsky_collector_v2.job.index_feed_generators: indexed repo=did:plc:tr5nkq5fdszqwwydj5c7b65d part=1020 records=1 next_cursor=set
2026-02-22T17:43:31Z INFO bsky_collector_v2.job.index_feed_generators: enqueued repos page=22 mode=listRepos inserted=500 repos_returned=500 next_cursor=set
2026-02-22T17:43:43Z WARNING bsky_collector_v2.job.index_feed_generators: listRecords failed repo=did:plc:6lmnvg6dcvgphvlcawnher67 err=HttpError('InvalidRequest: Could not find repo: did:plc:6lmnvg6dcvgphvlcawnher67')
2026-02-22T17:44:02Z INFO bsky_collector_v2.job.index_feed_generators: indexed repo=did:plc:erqno6huqvdmn5vkay7apzcm part=1021 records=3 next_cursor=set
2026-02-22T17:44:09Z INFO bsky_collector_v2.job.index_feed_generators: indexed repo=did:plc:he4nppe5a3uqjiyzslu6xltw part=1022 records=3 next_cursor=set
2026-02-22T17:44:15Z INFO bsky_collector_v2.job.index_feed_generators: indexed repo=did:plc:izapg3no4jru55v3hsfjceul part=1023 records=2 next_cursor=set
2026-02-22T17:44:30Z INFO bsky_collector_v2.job.index_feed_generators: indexed repo=did:plc:nzfs547oe7waouwag3do2yp3 part=1024 records=6 next_cursor=set
2026-02-22T17:44:54Z WARNING bsky_collector_v2.job.index_feed_generators: listRecords failed repo=did:plc:w4bppo5izfrbcdp24f6mu74p err=HttpError('InvalidRequest: Could not find repo: did:plc:w4bppo5izfrbcdp24f6mu74p')
2026-02-22T17:45:07Z WARNING bsky_collector_v2.job.index_feed_generators: listRecords failed repo=did:plc:6lmnvg6dcvgphvlcawnher67 err=HttpError('InvalidRequest: Could not find repo: did:plc:6lmnvg6dcvgphvlcawnher67')
2026-02-22T17:45:08Z WARNING bsky_collector_v2.job.index_feed_generators: listRecords failed repo=did:plc:w4bppo5izfrbcdp24f6mu74p err=HttpError('InvalidRequest: Could not find repo: did:plc:w4bppo5izfrbcdp24f6mu74p')
2026-02-22T17:45:08Z WARNING bsky_collector_v2.job.index_feed_generators: listRecords failed repo=did:plc:6lmnvg6dcvgphvlcawnher67 err=HttpError('InvalidRequest: Could not find repo: did:plc:6lmnvg6dcvgphvlcawnher67')
2026-02-22T17:45:08Z WARNING bsky_collector_v2.job.index_feed_generators: listRecords failed repo=did:plc:w4bppo5izfrbcdp24f6mu74p err=HttpError('InvalidRequest: Could not find repo: did:plc:w4bppo5izfrbcdp24f6mu74p')
2026-02-22T17:45:08Z INFO bsky_collector_v2.job.index_feed_generators: enqueued repos page=23 mode=listRepos inserted=500 repos_returned=500 next_cursor=set
2026-02-22T17:45:18Z INFO bsky_collector_v2.job.index_feed_generators: indexed repo=did:plc:5oru2jsyxddafaeehddfokxp part=1025 records=13 next_cursor=set
2026-02-22T17:45:28Z WARNING bsky_collector_v2.job.index_feed_generators: listRecords failed repo=did:plc:b2gwymyzgs7vgrw66vbbeoul err=HttpError('InvalidRequest: Could not find repo: did:plc:b2gwymyzgs7vgrw66vbbeoul')
2026-02-22T17:46:04Z INFO bsky_collector_v2.job.index_feed_generators: indexed repo=did:plc:nenowxcdt4ghmbivqwxhagxu part=1026 records=8 next_cursor=set
2026-02-22T17:46:09Z INFO bsky_collector_v2.job.index_feed_generators: indexed repo=did:plc:oq63jyk4dugigdkwkhunfhgd part=1027 records=1 next_cursor=set
2026-02-22T17:46:48Z WARNING bsky_collector_v2.job.index_feed_generators: listRecords failed repo=did:plc:b2gwymyzgs7vgrw66vbbeoul err=HttpError('InvalidRequest: Could not find repo: did:plc:b2gwymyzgs7vgrw66vbbeoul')
2026-02-22T17:46:48Z WARNING bsky_collector_v2.job.index_feed_generators: listRecords failed repo=did:plc:b2gwymyzgs7vgrw66vbbeoul err=HttpError('InvalidRequest: Could not find repo: did:plc:b2gwymyzgs7vgrw66vbbeoul')
2026-02-22T17:46:49Z INFO bsky_collector_v2.job.index_feed_generators: enqueued repos page=24 mode=listRepos inserted=500 repos_returned=500 next_cursor=set
2026-02-22T17:48:13Z WARNING bsky_collector_v2.job.index_feed_generators: listRecords failed repo=did:plc:vwvewf7jgi4zgyom57hnygjs err=HttpError('InvalidRequest: Could not find repo: did:plc:vwvewf7jgi4zgyom57hnygjs')
2026-02-22T17:48:14Z WARNING bsky_collector_v2.job.index_feed_generators: listRecords failed repo=did:plc:w5zgomtfvkj7htcbksilyjjr err=HttpError('InvalidRequest: Could not find repo: did:plc:w5zgomtfvkj7htcbksilyjjr')
2026-02-22T17:48:16Z INFO bsky_collector_v2.job.index_feed_generators: indexed repo=did:plc:wu6wykqqyqgtjslbp7xxvmnj part=1028 records=2 next_cursor=set
2026-02-22T17:48:24Z WARNING bsky_collector_v2.job.index_feed_generators: listRecords failed repo=did:plc:vwvewf7jgi4zgyom57hnygjs err=HttpError('InvalidRequest: Could not find repo: did:plc:vwvewf7jgi4zgyom57hnygjs')
2026-02-22T17:48:24Z WARNING bsky_collector_v2.job.index_feed_generators: listRecords failed repo=did:plc:w5zgomtfvkj7htcbksilyjjr err=HttpError('InvalidRequest: Could not find repo: did:plc:w5zgomtfvkj7htcbksilyjjr')
2026-02-22T17:48:24Z WARNING bsky_collector_v2.job.index_feed_generators: listRecords failed repo=did:plc:vwvewf7jgi4zgyom57hnygjs err=HttpError('InvalidRequest: Could not find repo: did:plc:vwvewf7jgi4zgyom57hnygjs')
2026-02-22T17:48:25Z WARNING bsky_collector_v2.job.index_feed_generators: listRecords failed repo=did:plc:w5zgomtfvkj7htcbksilyjjr err=HttpError('InvalidRequest: Could not find repo: did:plc:w5zgomtfvkj7htcbksilyjjr')
2026-02-22T17:48:25Z INFO bsky_collector_v2.job.index_feed_generators: enqueued repos page=25 mode=listRepos inserted=500 repos_returned=500 next_cursor=set
2026-02-22T17:49:11Z INFO bsky_collector_v2.job.index_feed_generators: indexed repo=did:plc:koj2iai2srvmfqx6ztx6kryc part=1029 records=1 next_cursor=set
2026-02-22T17:49:16Z WARNING bsky_collector_v2.job.index_feed_generators: listRecords failed repo=did:plc:medk7kx46c4u4tcikc55thfx err=HttpError('InvalidRequest: Could not find repo: did:plc:medk7kx46c4u4tcikc55thfx')
2026-02-22T17:49:37Z INFO bsky_collector_v2.job.index_feed_generators: indexed repo=did:plc:t2ii5nox7e7lgmx2boxlhbet part=1030 records=1 next_cursor=set
2026-02-22T17:50:09Z WARNING bsky_collector_v2.job.index_feed_generators: listRecords failed repo=did:plc:medk7kx46c4u4tcikc55thfx err=HttpError('InvalidRequest: Could not find repo: did:plc:medk7kx46c4u4tcikc55thfx')
2026-02-22T17:50:10Z WARNING bsky_collector_v2.job.index_feed_generators: listRecords failed repo=did:plc:medk7kx46c4u4tcikc55thfx err=HttpError('InvalidRequest: Could not find repo: did:plc:medk7kx46c4u4tcikc55thfx')
2026-02-22T17:50:10Z INFO bsky_collector_v2.job.index_feed_generators: enqueued repos page=26 mode=listRepos inserted=500 repos_returned=500 next_cursor=set
2026-02-22T17:50:37Z INFO bsky_collector_v2.job.index_feed_generators: indexed repo=did:plc:di2wprwrwfk4vhx4v576axlx part=1031 records=1 next_cursor=set
2026-02-22T17:50:39Z WARNING bsky_collector_v2.job.index_feed_generators: listRecords failed repo=did:plc:egymjjk6rg6td4wzhyxqnwlm err=HttpError('InvalidRequest: Could not find repo: did:plc:egymjjk6rg6td4wzhyxqnwlm')
2026-02-22T17:51:05Z WARNING bsky_collector_v2.job.index_feed_generators: listRecords failed repo=did:plc:mp3vyaqaik7y7bct6azhwj2i err=HttpError('InvalidRequest: Could not find repo: did:plc:mp3vyaqaik7y7bct6azhwj2i')
2026-02-22T17:51:08Z INFO bsky_collector_v2.job.index_feed_generators: indexed repo=did:plc:nu73sqnhqbpvddiihpek7n2e part=1032 records=2 next_cursor=set
2026-02-22T17:51:11Z WARNING bsky_collector_v2.job.index_feed_generators: listRecords failed repo=did:plc:oyfd3vt33zxkjy5pumgshlpe err=HttpError('InvalidRequest: Could not find repo: did:plc:oyfd3vt33zxkjy5pumgshlpe')
2026-02-22T17:51:28Z WARNING bsky_collector_v2.job.index_feed_generators: listRecords failed repo=did:plc:tyio73jiwfo7rr5ionepsgca err=HttpError('InvalidRequest: Could not find repo: did:plc:tyio73jiwfo7rr5ionepsgca')
2026-02-22T17:51:47Z WARNING bsky_collector_v2.job.index_feed_generators: listRecords failed repo=did:plc:egymjjk6rg6td4wzhyxqnwlm err=HttpError('InvalidRequest: Could not find repo: did:plc:egymjjk6rg6td4wzhyxqnwlm')
2026-02-22T17:51:47Z WARNING bsky_collector_v2.job.index_feed_generators: listRecords failed repo=did:plc:mp3vyaqaik7y7bct6azhwj2i err=HttpError('InvalidRequest: Could not find repo: did:plc:mp3vyaqaik7y7bct6azhwj2i')
2026-02-22T17:51:47Z WARNING bsky_collector_v2.job.index_feed_generators: listRecords failed repo=did:plc:oyfd3vt33zxkjy5pumgshlpe err=HttpError('InvalidRequest: Could not find repo: did:plc:oyfd3vt33zxkjy5pumgshlpe')
2026-02-22T17:51:47Z WARNING bsky_collector_v2.job.index_feed_generators: listRecords failed repo=did:plc:tyio73jiwfo7rr5ionepsgca err=HttpError('InvalidRequest: Could not find repo: did:plc:tyio73jiwfo7rr5ionepsgca')
2026-02-22T17:51:47Z WARNING bsky_collector_v2.job.index_feed_generators: listRecords failed repo=did:plc:egymjjk6rg6td4wzhyxqnwlm err=HttpError('InvalidRequest: Could not find repo: did:plc:egymjjk6rg6td4wzhyxqnwlm')
2026-02-22T17:51:47Z WARNING bsky_collector_v2.job.index_feed_generators: listRecords failed repo=did:plc:mp3vyaqaik7y7bct6azhwj2i err=HttpError('InvalidRequest: Could not find repo: did:plc:mp3vyaqaik7y7bct6azhwj2i')
2026-02-22T17:51:47Z WARNING bsky_collector_v2.job.index_feed_generators: listRecords failed repo=did:plc:oyfd3vt33zxkjy5pumgshlpe err=HttpError('InvalidRequest: Could not find repo: did:plc:oyfd3vt33zxkjy5pumgshlpe')
2026-02-22T17:51:47Z WARNING bsky_collector_v2.job.index_feed_generators: listRecords failed repo=did:plc:tyio73jiwfo7rr5ionepsgca err=HttpError('InvalidRequest: Could not find repo: did:plc:tyio73jiwfo7rr5ionepsgca')
2026-02-22T17:51:48Z INFO bsky_collector_v2.job.index_feed_generators: enqueued repos page=27 mode=listRepos inserted=500 repos_returned=500 next_cursor=set
2026-02-22T17:52:04Z INFO bsky_collector_v2.job.index_feed_generators: indexed repo=did:plc:a7ogrr5bsuzhkidigw5amev6 part=1033 records=1 next_cursor=set
2026-02-22T17:52:40Z INFO bsky_collector_v2.job.index_feed_generators: indexed repo=did:plc:mhekzhbw2eddyrzugp2b5v2z part=1034 records=1 next_cursor=set
2026-02-22T17:53:22Z INFO bsky_collector_v2.job.index_feed_generators: enqueued repos page=28 mode=listRepos inserted=500 repos_returned=500 next_cursor=set
2026-02-22T17:53:55Z INFO bsky_collector_v2.job.index_feed_generators: indexed repo=did:plc:cbvxbn5u4vpi2p6hll2nk34j part=1035 records=1 next_cursor=set
2026-02-22T17:53:57Z INFO bsky_collector_v2.job.index_feed_generators: indexed repo=did:plc:cuwrl2ixarqzrmnomlfwzi4z part=1036 records=1 next_cursor=set
2026-02-22T17:54:54Z WARNING bsky_collector_v2.job.index_feed_generators: listRecords failed repo=did:plc:uzcjdlwgxx2rvhxquxoz57pj err=HttpError('InvalidRequest: Could not find repo: did:plc:uzcjdlwgxx2rvhxquxoz57pj')
2026-02-22T17:54:58Z WARNING bsky_collector_v2.job.index_feed_generators: listRecords failed repo=did:plc:we53jtybdm2jwag6skwzb5q4 err=HttpError('InvalidRequest: Could not find repo: did:plc:we53jtybdm2jwag6skwzb5q4')
2026-02-22T17:55:07Z INFO bsky_collector_v2.job.index_feed_generators: indexed repo=did:plc:yvcalgauttafizqaomj3bebt part=1037 records=1 next_cursor=set
2026-02-22T17:55:10Z WARNING bsky_collector_v2.job.index_feed_generators: listRecords failed repo=did:plc:uzcjdlwgxx2rvhxquxoz57pj err=HttpError('InvalidRequest: Could not find repo: did:plc:uzcjdlwgxx2rvhxquxoz57pj')
2026-02-22T17:55:10Z WARNING bsky_collector_v2.job.index_feed_generators: listRecords failed repo=did:plc:we53jtybdm2jwag6skwzb5q4 err=HttpError('InvalidRequest: Could not find repo: did:plc:we53jtybdm2jwag6skwzb5q4')
2026-02-22T17:55:10Z WARNING bsky_collector_v2.job.index_feed_generators: listRecords failed repo=did:plc:uzcjdlwgxx2rvhxquxoz57pj err=HttpError('InvalidRequest: Could not find repo: did:plc:uzcjdlwgxx2rvhxquxoz57pj')
2026-02-22T17:55:10Z WARNING bsky_collector_v2.job.index_feed_generators: listRecords failed repo=did:plc:we53jtybdm2jwag6skwzb5q4 err=HttpError('InvalidRequest: Could not find repo: did:plc:we53jtybdm2jwag6skwzb5q4')
2026-02-22T17:55:11Z INFO bsky_collector_v2.job.index_feed_generators: enqueued repos page=29 mode=listRepos inserted=500 repos_returned=500 next_cursor=set
2026-02-22T17:56:21Z INFO bsky_collector_v2.job.index_feed_generators: indexed repo=did:plc:ndyjc4pl5vwahtfb4ca2id6v part=1038 records=2 next_cursor=set
2026-02-22T17:56:43Z WARNING bsky_collector_v2.job.index_feed_generators: listRecords failed repo=did:plc:tix2wx2znxs4pego6swjmvm2 err=HttpError('InvalidRequest: Could not find repo: did:plc:tix2wx2znxs4pego6swjmvm2')
2026-02-22T17:56:49Z INFO bsky_collector_v2.job.index_feed_generators: indexed repo=did:plc:vuyy5ojtlkorten2gicvfi3t part=1039 records=6 next_cursor=set
2026-02-22T17:57:02Z WARNING bsky_collector_v2.job.index_feed_generators: listRecords failed repo=did:plc:tix2wx2znxs4pego6swjmvm2 err=HttpError('InvalidRequest: Could not find repo: did:plc:tix2wx2znxs4pego6swjmvm2')
2026-02-22T17:57:02Z WARNING bsky_collector_v2.job.index_feed_generators: listRecords failed repo=did:plc:tix2wx2znxs4pego6swjmvm2 err=HttpError('InvalidRequest: Could not find repo: did:plc:tix2wx2znxs4pego6swjmvm2')
2026-02-22T17:57:02Z INFO bsky_collector_v2.job.index_feed_generators: enqueued repos page=30 mode=listRepos inserted=500 repos_returned=500 next_cursor=set
2026-02-22T17:57:07Z WARNING bsky_collector_v2.job.index_feed_generators: listRecords failed repo=did:plc:3xke73lmsiaseeftngeuparc err=HttpError('InvalidRequest: Could not find repo: did:plc:3xke73lmsiaseeftngeuparc')
2026-02-22T17:57:11Z WARNING bsky_collector_v2.job.index_feed_generators: listRecords failed repo=did:plc:5lp7wxl7tpmpqhnr7z46rxnt err=HttpError('InvalidRequest: Could not find repo: did:plc:5lp7wxl7tpmpqhnr7z46rxnt')
2026-02-22T17:57:26Z INFO bsky_collector_v2.job.index_feed_generators: indexed repo=did:plc:bxskk2w5sjygtu7qzlwbj3fv part=1040 records=1 next_cursor=set
2026-02-22T17:57:51Z INFO bsky_collector_v2.job.index_feed_generators: indexed repo=did:plc:jv2uonyfgqabisw3nnogk5lz part=1041 records=11 next_cursor=set
2026-02-22T17:57:54Z INFO bsky_collector_v2.job.index_feed_generators: indexed repo=did:plc:l44clsxrp6amughr3rsjyrch part=1042 records=1 next_cursor=set
2026-02-22T17:57:55Z WARNING bsky_collector_v2.job.index_feed_generators: listRecords failed repo=did:plc:l5ufs2r5mpytns2fsmg52ujz err=HttpError('InvalidRequest: Could not find repo: did:plc:l5ufs2r5mpytns2fsmg52ujz')
2026-02-22T17:58:11Z WARNING bsky_collector_v2.job.index_feed_generators: listRecords failed repo=did:plc:r2v3fhs4l6ehrymrqhciv5xr err=HttpError('InvalidRequest: Could not find repo: did:plc:r2v3fhs4l6ehrymrqhciv5xr')
2026-02-22T17:58:33Z INFO bsky_collector_v2.job.index_feed_generators: indexed repo=did:plc:ykawysm46tfjtmftdhabizmp part=1043 records=1 next_cursor=set
2026-02-22T17:58:35Z INFO bsky_collector_v2.job.index_feed_generators: indexed repo=did:plc:zcf6i3t2boqcayhrqu6bevor part=1044 records=1 next_cursor=set
2026-02-22T17:58:36Z WARNING bsky_collector_v2.job.index_feed_generators: listRecords failed repo=did:plc:3xke73lmsiaseeftngeuparc err=HttpError('InvalidRequest: Could not find repo: did:plc:3xke73lmsiaseeftngeuparc')
2026-02-22T17:58:37Z WARNING bsky_collector_v2.job.index_feed_generators: listRecords failed repo=did:plc:5lp7wxl7tpmpqhnr7z46rxnt err=HttpError('InvalidRequest: Could not find repo: did:plc:5lp7wxl7tpmpqhnr7z46rxnt')
2026-02-22T17:58:37Z WARNING bsky_collector_v2.job.index_feed_generators: listRecords failed repo=did:plc:l5ufs2r5mpytns2fsmg52ujz err=HttpError('InvalidRequest: Could not find repo: did:plc:l5ufs2r5mpytns2fsmg52ujz')
2026-02-22T17:58:37Z WARNING bsky_collector_v2.job.index_feed_generators: listRecords failed repo=did:plc:r2v3fhs4l6ehrymrqhciv5xr err=HttpError('InvalidRequest: Could not find repo: did:plc:r2v3fhs4l6ehrymrqhciv5xr')
2026-02-22T17:58:38Z WARNING bsky_collector_v2.job.index_feed_generators: listRecords failed repo=did:plc:3xke73lmsiaseeftngeuparc err=HttpError('InvalidRequest: Could not find repo: did:plc:3xke73lmsiaseeftngeuparc')
2026-02-22T17:58:38Z WARNING bsky_collector_v2.job.index_feed_generators: listRecords failed repo=did:plc:5lp7wxl7tpmpqhnr7z46rxnt err=HttpError('InvalidRequest: Could not find repo: did:plc:5lp7wxl7tpmpqhnr7z46rxnt')
2026-02-22T17:58:38Z WARNING bsky_collector_v2.job.index_feed_generators: listRecords failed repo=did:plc:l5ufs2r5mpytns2fsmg52ujz err=HttpError('InvalidRequest: Could not find repo: did:plc:l5ufs2r5mpytns2fsmg52ujz')
2026-02-22T17:58:38Z WARNING bsky_collector_v2.job.index_feed_generators: listRecords failed repo=did:plc:r2v3fhs4l6ehrymrqhciv5xr err=HttpError('InvalidRequest: Could not find repo: did:plc:r2v3fhs4l6ehrymrqhciv5xr')
2026-02-22T17:58:38Z INFO bsky_collector_v2.job.index_feed_generators: enqueued repos page=31 mode=listRepos inserted=500 repos_returned=500 next_cursor=set
2026-02-22T17:58:44Z WARNING bsky_collector_v2.job.index_feed_generators: listRecords failed repo=did:plc:44nomlf4c6tui6sqk7dwgorc err=HttpError('InvalidRequest: Could not find repo: did:plc:44nomlf4c6tui6sqk7dwgorc')
2026-02-22T17:58:45Z INFO bsky_collector_v2.job.index_feed_generators: indexed repo=did:plc:4evhd3ushzivezpykj52sjja part=1045 records=1 next_cursor=set
2026-02-22T17:58:59Z INFO bsky_collector_v2.job.index_feed_generators: indexed repo=did:plc:aafaf3xntcy2nvtvhe3qh6io part=1046 records=1 next_cursor=set
2026-02-22T17:59:34Z WARNING bsky_collector_v2.job.index_feed_generators: listRecords failed repo=did:plc:kcvkow67adgrtwshyj4mdnk2 err=HttpError('InvalidRequest: Could not find repo: did:plc:kcvkow67adgrtwshyj4mdnk2')
2026-02-22T17:59:38Z WARNING bsky_collector_v2.job.index_feed_generators: listRecords failed repo=did:plc:lftuqpkkbjtml4y75drz3sq6 err=HttpError('InvalidRequest: Could not find repo: did:plc:lftuqpkkbjtml4y75drz3sq6')
2026-02-22T17:59:43Z WARNING bsky_collector_v2.job.index_feed_generators: listRecords failed repo=did:plc:mxtwommsstwqy2sempmvypth err=HttpError('InvalidRequest: Could not find repo: did:plc:mxtwommsstwqy2sempmvypth')
2026-02-22T18:00:07Z INFO bsky_collector_v2.job.index_feed_generators: indexed repo=did:plc:vcq2wai6uzb7viiyx4klo3md part=1047 records=2 next_cursor=set
2026-02-22T18:00:23Z WARNING bsky_collector_v2.job.index_feed_generators: listRecords failed repo=did:plc:44nomlf4c6tui6sqk7dwgorc err=HttpError('InvalidRequest: Could not find repo: did:plc:44nomlf4c6tui6sqk7dwgorc')
2026-02-22T18:00:23Z WARNING bsky_collector_v2.job.index_feed_generators: listRecords failed repo=did:plc:kcvkow67adgrtwshyj4mdnk2 err=HttpError('InvalidRequest: Could not find repo: did:plc:kcvkow67adgrtwshyj4mdnk2')
2026-02-22T18:00:23Z WARNING bsky_collector_v2.job.index_feed_generators: listRecords failed repo=did:plc:lftuqpkkbjtml4y75drz3sq6 err=HttpError('InvalidRequest: Could not find repo: did:plc:lftuqpkkbjtml4y75drz3sq6')
2026-02-22T18:00:23Z WARNING bsky_collector_v2.job.index_feed_generators: listRecords failed repo=did:plc:mxtwommsstwqy2sempmvypth err=HttpError('InvalidRequest: Could not find repo: did:plc:mxtwommsstwqy2sempmvypth')
2026-02-22T18:00:23Z WARNING bsky_collector_v2.job.index_feed_generators: listRecords failed repo=did:plc:44nomlf4c6tui6sqk7dwgorc err=HttpError('InvalidRequest: Could not find repo: did:plc:44nomlf4c6tui6sqk7dwgorc')
2026-02-22T18:00:23Z WARNING bsky_collector_v2.job.index_feed_generators: listRecords failed repo=did:plc:kcvkow67adgrtwshyj4mdnk2 err=HttpError('InvalidRequest: Could not find repo: did:plc:kcvkow67adgrtwshyj4mdnk2')
2026-02-22T18:00:23Z WARNING bsky_collector_v2.job.index_feed_generators: listRecords failed repo=did:plc:lftuqpkkbjtml4y75drz3sq6 err=HttpError('InvalidRequest: Could not find repo: did:plc:lftuqpkkbjtml4y75drz3sq6')
2026-02-22T18:00:24Z WARNING bsky_collector_v2.job.index_feed_generators: listRecords failed repo=did:plc:mxtwommsstwqy2sempmvypth err=HttpError('InvalidRequest: Could not find repo: did:plc:mxtwommsstwqy2sempmvypth')
2026-02-22T18:00:24Z INFO bsky_collector_v2.job.index_feed_generators: enqueued repos page=32 mode=listRepos inserted=500 repos_returned=500 next_cursor=set
2026-02-22T18:00:40Z WARNING bsky_collector_v2.job.index_feed_generators: listRecords failed repo=did:plc:aj7wkiqt5fdikve32wzlr3dz err=HttpError('InvalidRequest: Could not find repo: did:plc:aj7wkiqt5fdikve32wzlr3dz')
2026-02-22T18:01:37Z WARNING bsky_collector_v2.job.index_feed_generators: listRecords failed repo=did:plc:ttgzmjx4v4kxavjwk5h5xtci err=HttpError('InvalidRequest: Could not find repo: did:plc:ttgzmjx4v4kxavjwk5h5xtci')
2026-02-22T18:01:55Z WARNING bsky_collector_v2.job.index_feed_generators: listRecords failed repo=did:plc:aj7wkiqt5fdikve32wzlr3dz err=HttpError('InvalidRequest: Could not find repo: did:plc:aj7wkiqt5fdikve32wzlr3dz')
2026-02-22T18:01:55Z WARNING bsky_collector_v2.job.index_feed_generators: listRecords failed repo=did:plc:ttgzmjx4v4kxavjwk5h5xtci err=HttpError('InvalidRequest: Could not find repo: did:plc:ttgzmjx4v4kxavjwk5h5xtci')
2026-02-22T18:01:55Z WARNING bsky_collector_v2.job.index_feed_generators: listRecords failed repo=did:plc:aj7wkiqt5fdikve32wzlr3dz err=HttpError('InvalidRequest: Could not find repo: did:plc:aj7wkiqt5fdikve32wzlr3dz')
2026-02-22T18:01:55Z WARNING bsky_collector_v2.job.index_feed_generators: listRecords failed repo=did:plc:ttgzmjx4v4kxavjwk5h5xtci err=HttpError('InvalidRequest: Could not find repo: did:plc:ttgzmjx4v4kxavjwk5h5xtci')
2026-02-22T18:01:56Z INFO bsky_collector_v2.job.index_feed_generators: enqueued repos page=33 mode=listRepos inserted=500 repos_returned=500 next_cursor=set
2026-02-22T18:02:07Z INFO bsky_collector_v2.job.index_feed_generators: indexed repo=did:plc:65kss3ewg5ida5mjyuk73v5r part=1048 records=1 next_cursor=set
2026-02-22T18:02:27Z WARNING bsky_collector_v2.job.index_feed_generators: listRecords failed repo=did:plc:gdj3gszxnhizlvhewgvbjdc6 err=HttpError('InvalidRequest: Could not find repo: did:plc:gdj3gszxnhizlvhewgvbjdc6')
2026-02-22T18:02:28Z INFO bsky_collector_v2.job.index_feed_generators: indexed repo=did:plc:gqqybfegoskilyz2beopgh36 part=1049 records=1 next_cursor=set
