2026-03-10T20:32:02Z INFO bsky_collector_v2: out_base ok path=D:\BlueSky\data_v2_full mount=D:\
2026-03-10T20:32:02Z INFO bsky_collector_v2: job start subcommand=index-feed-generators dry_run=False resume=True
2026-03-10T20:32:02Z INFO bsky_collector_v2.job.index_feed_generators: feed generator index hosts relay_host=https://bsky.network records_host=https://bsky.social auth=yes
2026-03-10T20:32:15Z WARNING bsky_collector_v2.job.index_feed_generators: listRecords failed repo=did:plc:ddsp2tyx2arxpijumhp7ygfp err=HttpError('InvalidRequest: Could not find repo: did:plc:ddsp2tyx2arxpijumhp7ygfp')
2026-03-10T20:32:33Z WARNING bsky_collector_v2.job.index_feed_generators: listRecords failed repo=did:plc:jqd4xkotk6jcyq3mhbip3lki err=HttpError('InvalidRequest: Could not find repo: did:plc:jqd4xkotk6jcyq3mhbip3lki')
2026-03-10T20:33:00Z WARNING bsky_collector_v2.job.index_feed_generators: listRecords failed repo=did:plc:ss5t3thusmnitq53kuxdwzh2 err=HttpError('InvalidRequest: Could not find repo: did:plc:ss5t3thusmnitq53kuxdwzh2')
2026-03-10T20:33:10Z WARNING bsky_collector_v2.job.index_feed_generators: listRecords failed repo=did:plc:wddguwxzyh5sutpv6zfeeu5k err=HttpError('InvalidRequest: Could not find repo: did:plc:wddguwxzyh5sutpv6zfeeu5k')
2026-03-10T20:33:21Z WARNING bsky_collector_v2.job.index_feed_generators: listRecords failed repo=did:plc:ddsp2tyx2arxpijumhp7ygfp err=HttpError('InvalidRequest: Could not find repo: did:plc:ddsp2tyx2arxpijumhp7ygfp')
2026-03-10T20:33:21Z WARNING bsky_collector_v2.job.index_feed_generators: listRecords failed repo=did:plc:jqd4xkotk6jcyq3mhbip3lki err=HttpError('InvalidRequest: Could not find repo: did:plc:jqd4xkotk6jcyq3mhbip3lki')
2026-03-10T20:33:21Z WARNING bsky_collector_v2.job.index_feed_generators: listRecords failed repo=did:plc:ss5t3thusmnitq53kuxdwzh2 err=HttpError('InvalidRequest: Could not find repo: did:plc:ss5t3thusmnitq53kuxdwzh2')
2026-03-10T20:33:21Z WARNING bsky_collector_v2.job.index_feed_generators: listRecords failed repo=did:plc:wddguwxzyh5sutpv6zfeeu5k err=HttpError('InvalidRequest: Could not find repo: did:plc:wddguwxzyh5sutpv6zfeeu5k')
2026-03-10T20:33:21Z WARNING bsky_collector_v2.job.index_feed_generators: listRecords failed repo=did:plc:ddsp2tyx2arxpijumhp7ygfp err=HttpError('InvalidRequest: Could not find repo: did:plc:ddsp2tyx2arxpijumhp7ygfp')
2026-03-10T20:33:21Z WARNING bsky_collector_v2.job.index_feed_generators: listRecords failed repo=did:plc:jqd4xkotk6jcyq3mhbip3lki err=HttpError('InvalidRequest: Could not find repo: did:plc:jqd4xkotk6jcyq3mhbip3lki')
2026-03-10T20:33:21Z WARNING bsky_collector_v2.job.index_feed_generators: listRecords failed repo=did:plc:ss5t3thusmnitq53kuxdwzh2 err=HttpError('InvalidRequest: Could not find repo: did:plc:ss5t3thusmnitq53kuxdwzh2')
2026-03-10T20:33:21Z WARNING bsky_collector_v2.job.index_feed_generators: listRecords failed repo=did:plc:wddguwxzyh5sutpv6zfeeu5k err=HttpError('InvalidRequest: Could not find repo: did:plc:wddguwxzyh5sutpv6zfeeu5k')
2026-03-10T20:33:22Z INFO bsky_collector_v2.job.index_feed_generators: enqueued repos page=1 mode=listRepos inserted=500 repos_returned=500 next_cursor=set
2026-03-10T20:34:34Z WARNING bsky_collector_v2.job.index_feed_generators: listRecords failed repo=did:plc:nmjeyyvaze5drmga5no7y62j err=HttpError('InvalidRequest: Could not find repo: did:plc:nmjeyyvaze5drmga5no7y62j')
2026-03-10T20:35:26Z WARNING bsky_collector_v2.job.index_feed_generators: listRecords failed repo=did:plc:nmjeyyvaze5drmga5no7y62j err=HttpError('InvalidRequest: Could not find repo: did:plc:nmjeyyvaze5drmga5no7y62j')
2026-03-10T20:35:27Z WARNING bsky_collector_v2.job.index_feed_generators: listRecords failed repo=did:plc:nmjeyyvaze5drmga5no7y62j err=HttpError('InvalidRequest: Could not find repo: did:plc:nmjeyyvaze5drmga5no7y62j')
2026-03-10T20:35:27Z INFO bsky_collector_v2.job.index_feed_generators: enqueued repos page=2 mode=listRepos inserted=500 repos_returned=500 next_cursor=set
2026-03-10T20:35:46Z WARNING bsky_collector_v2.job.index_feed_generators: listRecords failed repo=did:plc:adqju7cjqerohicfx3wtsk5v err=HttpError('InvalidRequest: Could not find repo: did:plc:adqju7cjqerohicfx3wtsk5v')
2026-03-10T20:37:19Z WARNING bsky_collector_v2.job.index_feed_generators: listRecords failed repo=did:plc:adqju7cjqerohicfx3wtsk5v err=HttpError('InvalidRequest: Could not find repo: did:plc:adqju7cjqerohicfx3wtsk5v')
2026-03-10T20:37:19Z WARNING bsky_collector_v2.job.index_feed_generators: listRecords failed repo=did:plc:adqju7cjqerohicfx3wtsk5v err=HttpError('InvalidRequest: Could not find repo: did:plc:adqju7cjqerohicfx3wtsk5v')
2026-03-10T20:37:20Z INFO bsky_collector_v2.job.index_feed_generators: enqueued repos page=3 mode=listRepos inserted=500 repos_returned=500 next_cursor=set
2026-03-10T20:38:50Z INFO bsky_collector_v2.job.index_feed_generators: indexed repo=did:plc:xy3zz2h4m66rgdvutp7ivlbi part=336 records=1 next_cursor=set
2026-03-10T20:38:59Z INFO bsky_collector_v2.job.index_feed_generators: enqueued repos page=4 mode=listRepos inserted=500 repos_returned=500 next_cursor=set
2026-03-10T20:39:20Z WARNING bsky_collector_v2.job.index_feed_generators: listRecords failed repo=did:plc:bldaqmbo22jvqpfw4skx4zhy err=HttpError('InvalidRequest: Could not find repo: did:plc:bldaqmbo22jvqpfw4skx4zhy')
2026-03-10T20:39:44Z WARNING bsky_collector_v2.job.index_feed_generators: listRecords failed repo=did:plc:ioxp3wtlsfj7tjrbduecofva err=HttpError('InvalidRequest: Could not find repo: did:plc:ioxp3wtlsfj7tjrbduecofva')
2026-03-10T20:40:39Z WARNING bsky_collector_v2.job.index_feed_generators: listRecords failed repo=did:plc:bldaqmbo22jvqpfw4skx4zhy err=HttpError('InvalidRequest: Could not find repo: did:plc:bldaqmbo22jvqpfw4skx4zhy')
2026-03-10T20:40:39Z WARNING bsky_collector_v2.job.index_feed_generators: listRecords failed repo=did:plc:ioxp3wtlsfj7tjrbduecofva err=HttpError('InvalidRequest: Could not find repo: did:plc:ioxp3wtlsfj7tjrbduecofva')
2026-03-10T20:40:39Z WARNING bsky_collector_v2.job.index_feed_generators: listRecords failed repo=did:plc:bldaqmbo22jvqpfw4skx4zhy err=HttpError('InvalidRequest: Could not find repo: did:plc:bldaqmbo22jvqpfw4skx4zhy')
2026-03-10T20:40:39Z WARNING bsky_collector_v2.job.index_feed_generators: listRecords failed repo=did:plc:ioxp3wtlsfj7tjrbduecofva err=HttpError('InvalidRequest: Could not find repo: did:plc:ioxp3wtlsfj7tjrbduecofva')
2026-03-10T20:40:40Z INFO bsky_collector_v2.job.index_feed_generators: enqueued repos page=5 mode=listRepos inserted=500 repos_returned=500 next_cursor=set
2026-03-10T20:41:44Z INFO bsky_collector_v2.job.index_feed_generators: indexed repo=did:plc:ksvcln2tjhtpjlbhnh4ohlwu part=337 records=1 next_cursor=set
2026-03-10T20:41:47Z WARNING bsky_collector_v2.job.index_feed_generators: listRecords failed repo=did:plc:lydkhewvhdvbpzaxqfhej2ew err=HttpError('InvalidRequest: Could not find repo: did:plc:lydkhewvhdvbpzaxqfhej2ew')
2026-03-10T20:42:31Z WARNING bsky_collector_v2.job.index_feed_generators: listRecords failed repo=did:plc:lydkhewvhdvbpzaxqfhej2ew err=HttpError('InvalidRequest: Could not find repo: did:plc:lydkhewvhdvbpzaxqfhej2ew')
2026-03-10T20:42:31Z WARNING bsky_collector_v2.job.index_feed_generators: listRecords failed repo=did:plc:lydkhewvhdvbpzaxqfhej2ew err=HttpError('InvalidRequest: Could not find repo: did:plc:lydkhewvhdvbpzaxqfhej2ew')
2026-03-10T20:42:32Z INFO bsky_collector_v2.job.index_feed_generators: enqueued repos page=6 mode=listRepos inserted=500 repos_returned=500 next_cursor=set
2026-03-10T20:43:17Z WARNING bsky_collector_v2.job.index_feed_generators: listRecords failed repo=did:plc:j5kubyntsvdbnxuywpu45obt err=HttpError('InvalidRequest: Could not find repo: did:plc:j5kubyntsvdbnxuywpu45obt')
2026-03-10T20:43:39Z WARNING bsky_collector_v2.job.index_feed_generators: listRecords failed repo=did:plc:qucitw2py7jwddwl7idu2awg err=HttpError('InvalidRequest: Could not find repo: did:plc:qucitw2py7jwddwl7idu2awg')
2026-03-10T20:44:07Z WARNING bsky_collector_v2.job.index_feed_generators: listRecords failed repo=did:plc:j5kubyntsvdbnxuywpu45obt err=HttpError('InvalidRequest: Could not find repo: did:plc:j5kubyntsvdbnxuywpu45obt')
2026-03-10T20:44:07Z WARNING bsky_collector_v2.job.index_feed_generators: listRecords failed repo=did:plc:qucitw2py7jwddwl7idu2awg err=HttpError('InvalidRequest: Could not find repo: did:plc:qucitw2py7jwddwl7idu2awg')
2026-03-10T20:44:07Z WARNING bsky_collector_v2.job.index_feed_generators: listRecords failed repo=did:plc:j5kubyntsvdbnxuywpu45obt err=HttpError('InvalidRequest: Could not find repo: did:plc:j5kubyntsvdbnxuywpu45obt')
2026-03-10T20:44:07Z WARNING bsky_collector_v2.job.index_feed_generators: listRecords failed repo=did:plc:qucitw2py7jwddwl7idu2awg err=HttpError('InvalidRequest: Could not find repo: did:plc:qucitw2py7jwddwl7idu2awg')
2026-03-10T20:44:07Z INFO bsky_collector_v2.job.index_feed_generators: enqueued repos page=7 mode=listRepos inserted=500 repos_returned=500 next_cursor=set
2026-03-10T20:44:20Z WARNING bsky_collector_v2.job.index_feed_generators: listRecords failed repo=did:plc:6inh7zcc42jcl2m3mubahpsg err=HttpError('InvalidRequest: Could not find repo: did:plc:6inh7zcc42jcl2m3mubahpsg')
2026-03-10T20:44:30Z WARNING bsky_collector_v2.job.index_feed_generators: listRecords failed repo=did:plc:b6iotc25jsxfcgmpxtarbrz6 err=HttpError('InvalidRequest: Could not find repo: did:plc:b6iotc25jsxfcgmpxtarbrz6')
2026-03-10T20:44:59Z WARNING bsky_collector_v2.job.index_feed_generators: listRecords failed repo=did:plc:gyuvyefrvi5wc2eqgiaccvge err=HttpError('InvalidRequest: Could not find repo: did:plc:gyuvyefrvi5wc2eqgiaccvge')
2026-03-10T20:45:38Z WARNING bsky_collector_v2.job.index_feed_generators: listRecords failed repo=did:plc:pz65sw6yt4uxzlncfkbeluri err=HttpError('InvalidRequest: Could not find repo: did:plc:pz65sw6yt4uxzlncfkbeluri')
2026-03-10T20:46:04Z WARNING bsky_collector_v2.job.index_feed_generators: listRecords failed repo=did:plc:vyfdrpl5ajuyh4xqso5j36vo err=HttpError('InvalidRequest: Could not find repo: did:plc:vyfdrpl5ajuyh4xqso5j36vo')
2026-03-10T20:46:18Z WARNING bsky_collector_v2.job.index_feed_generators: listRecords failed repo=did:plc:6inh7zcc42jcl2m3mubahpsg err=HttpError('InvalidRequest: Could not find repo: did:plc:6inh7zcc42jcl2m3mubahpsg')
2026-03-10T20:46:18Z WARNING bsky_collector_v2.job.index_feed_generators: listRecords failed repo=did:plc:b6iotc25jsxfcgmpxtarbrz6 err=HttpError('InvalidRequest: Could not find repo: did:plc:b6iotc25jsxfcgmpxtarbrz6')
2026-03-10T20:46:18Z WARNING bsky_collector_v2.job.index_feed_generators: listRecords failed repo=did:plc:gyuvyefrvi5wc2eqgiaccvge err=HttpError('InvalidRequest: Could not find repo: did:plc:gyuvyefrvi5wc2eqgiaccvge')
2026-03-10T20:46:18Z WARNING bsky_collector_v2.job.index_feed_generators: listRecords failed repo=did:plc:pz65sw6yt4uxzlncfkbeluri err=HttpError('InvalidRequest: Could not find repo: did:plc:pz65sw6yt4uxzlncfkbeluri')
2026-03-10T20:46:18Z WARNING bsky_collector_v2.job.index_feed_generators: listRecords failed repo=did:plc:vyfdrpl5ajuyh4xqso5j36vo err=HttpError('InvalidRequest: Could not find repo: did:plc:vyfdrpl5ajuyh4xqso5j36vo')
2026-03-10T20:46:18Z WARNING bsky_collector_v2.job.index_feed_generators: listRecords failed repo=did:plc:6inh7zcc42jcl2m3mubahpsg err=HttpError('InvalidRequest: Could not find repo: did:plc:6inh7zcc42jcl2m3mubahpsg')
2026-03-10T20:46:18Z WARNING bsky_collector_v2.job.index_feed_generators: listRecords failed repo=did:plc:b6iotc25jsxfcgmpxtarbrz6 err=HttpError('InvalidRequest: Could not find repo: did:plc:b6iotc25jsxfcgmpxtarbrz6')
2026-03-10T20:46:18Z WARNING bsky_collector_v2.job.index_feed_generators: listRecords failed repo=did:plc:gyuvyefrvi5wc2eqgiaccvge err=HttpError('InvalidRequest: Could not find repo: did:plc:gyuvyefrvi5wc2eqgiaccvge')
2026-03-10T20:46:18Z WARNING bsky_collector_v2.job.index_feed_generators: listRecords failed repo=did:plc:pz65sw6yt4uxzlncfkbeluri err=HttpError('InvalidRequest: Could not find repo: did:plc:pz65sw6yt4uxzlncfkbeluri')
2026-03-10T20:46:19Z WARNING bsky_collector_v2.job.index_feed_generators: listRecords failed repo=did:plc:vyfdrpl5ajuyh4xqso5j36vo err=HttpError('InvalidRequest: Could not find repo: did:plc:vyfdrpl5ajuyh4xqso5j36vo')
2026-03-10T20:46:19Z INFO bsky_collector_v2.job.index_feed_generators: enqueued repos page=8 mode=listRepos inserted=500 repos_returned=500 next_cursor=set
2026-03-10T20:47:03Z WARNING bsky_collector_v2.job.index_feed_generators: listRecords failed repo=did:plc:e62fbzo6lntgjas44haoyof3 err=HttpError('InvalidRequest: Could not find repo: did:plc:e62fbzo6lntgjas44haoyof3')
2026-03-10T20:47:48Z WARNING bsky_collector_v2.job.index_feed_generators: listRecords failed repo=did:plc:opxlnqehbtoqe2mcnrafwl56 err=HttpError('InvalidRequest: Could not find repo: did:plc:opxlnqehbtoqe2mcnrafwl56')
2026-03-10T20:48:29Z WARNING bsky_collector_v2.job.index_feed_generators: listRecords failed repo=did:plc:e62fbzo6lntgjas44haoyof3 err=HttpError('InvalidRequest: Could not find repo: did:plc:e62fbzo6lntgjas44haoyof3')
2026-03-10T20:48:29Z WARNING bsky_collector_v2.job.index_feed_generators: listRecords failed repo=did:plc:opxlnqehbtoqe2mcnrafwl56 err=HttpError('InvalidRequest: Could not find repo: did:plc:opxlnqehbtoqe2mcnrafwl56')
2026-03-10T20:48:29Z WARNING bsky_collector_v2.job.index_feed_generators: listRecords failed repo=did:plc:e62fbzo6lntgjas44haoyof3 err=HttpError('InvalidRequest: Could not find repo: did:plc:e62fbzo6lntgjas44haoyof3')
2026-03-10T20:48:29Z WARNING bsky_collector_v2.job.index_feed_generators: listRecords failed repo=did:plc:opxlnqehbtoqe2mcnrafwl56 err=HttpError('InvalidRequest: Could not find repo: did:plc:opxlnqehbtoqe2mcnrafwl56')
2026-03-10T20:48:30Z INFO bsky_collector_v2.job.index_feed_generators: enqueued repos page=9 mode=listRepos inserted=500 repos_returned=500 next_cursor=set
2026-03-10T20:48:37Z WARNING bsky_collector_v2.job.index_feed_generators: listRecords failed repo=did:plc:433hrgsuclpykb3wnif3du3x err=HttpError('InvalidRequest: Could not find repo: did:plc:433hrgsuclpykb3wnif3du3x')
2026-03-10T20:49:52Z WARNING bsky_collector_v2.job.index_feed_generators: listRecords failed repo=did:plc:qbj6pyagatrl4zyeo453knau err=HttpError('InvalidRequest: Could not find repo: did:plc:qbj6pyagatrl4zyeo453knau')
2026-03-10T20:50:17Z WARNING bsky_collector_v2.job.index_feed_generators: listRecords failed repo=did:plc:433hrgsuclpykb3wnif3du3x err=HttpError('InvalidRequest: Could not find repo: did:plc:433hrgsuclpykb3wnif3du3x')
2026-03-10T20:50:17Z WARNING bsky_collector_v2.job.index_feed_generators: listRecords failed repo=did:plc:qbj6pyagatrl4zyeo453knau err=HttpError('InvalidRequest: Could not find repo: did:plc:qbj6pyagatrl4zyeo453knau')
2026-03-10T20:50:17Z WARNING bsky_collector_v2.job.index_feed_generators: listRecords failed repo=did:plc:433hrgsuclpykb3wnif3du3x err=HttpError('InvalidRequest: Could not find repo: did:plc:433hrgsuclpykb3wnif3du3x')
2026-03-10T20:50:17Z WARNING bsky_collector_v2.job.index_feed_generators: listRecords failed repo=did:plc:qbj6pyagatrl4zyeo453knau err=HttpError('InvalidRequest: Could not find repo: did:plc:qbj6pyagatrl4zyeo453knau')
2026-03-10T20:50:18Z INFO bsky_collector_v2.job.index_feed_generators: enqueued repos page=10 mode=listRepos inserted=500 repos_returned=500 next_cursor=set
2026-03-10T20:50:22Z WARNING bsky_collector_v2.job.index_feed_generators: listRecords failed repo=did:plc:42cnli5pmyrlawrl3yj4vm4g err=HttpError('InvalidRequest: Could not find repo: did:plc:42cnli5pmyrlawrl3yj4vm4g')
2026-03-10T20:50:34Z INFO bsky_collector_v2.job.index_feed_generators: indexed repo=did:plc:7avtqwii6qwz2mhcqsihbyom part=338 records=1 next_cursor=set
2026-03-10T20:51:01Z WARNING bsky_collector_v2.job.index_feed_generators: listRecords failed repo=did:plc:ingtu4zg4drvh3iqmzxdfoso err=HttpError('InvalidRequest: Could not find repo: did:plc:ingtu4zg4drvh3iqmzxdfoso')
2026-03-10T20:51:55Z WARNING bsky_collector_v2.job.index_feed_generators: listRecords failed repo=did:plc:42cnli5pmyrlawrl3yj4vm4g err=HttpError('InvalidRequest: Could not find repo: did:plc:42cnli5pmyrlawrl3yj4vm4g')
2026-03-10T20:51:55Z WARNING bsky_collector_v2.job.index_feed_generators: listRecords failed repo=did:plc:ingtu4zg4drvh3iqmzxdfoso err=HttpError('InvalidRequest: Could not find repo: did:plc:ingtu4zg4drvh3iqmzxdfoso')
2026-03-10T20:51:55Z WARNING bsky_collector_v2.job.index_feed_generators: listRecords failed repo=did:plc:42cnli5pmyrlawrl3yj4vm4g err=HttpError('InvalidRequest: Could not find repo: did:plc:42cnli5pmyrlawrl3yj4vm4g')
2026-03-10T20:51:55Z WARNING bsky_collector_v2.job.index_feed_generators: listRecords failed repo=did:plc:ingtu4zg4drvh3iqmzxdfoso err=HttpError('InvalidRequest: Could not find repo: did:plc:ingtu4zg4drvh3iqmzxdfoso')
2026-03-10T20:51:56Z INFO bsky_collector_v2.job.index_feed_generators: enqueued repos page=11 mode=listRepos inserted=500 repos_returned=500 next_cursor=set
2026-03-10T20:52:08Z WARNING bsky_collector_v2.job.index_feed_generators: listRecords failed repo=did:plc:5rk445iroad3eut27fcu6wnh err=HttpError('InvalidRequest: Could not find repo: did:plc:5rk445iroad3eut27fcu6wnh')
2026-03-10T20:52:42Z WARNING bsky_collector_v2.job.index_feed_generators: listRecords failed repo=did:plc:jpc5vcmwlz66ifhnrolilwhk err=HttpError('InvalidRequest: Could not find repo: did:plc:jpc5vcmwlz66ifhnrolilwhk')
2026-03-10T20:53:31Z WARNING bsky_collector_v2.job.index_feed_generators: listRecords failed repo=did:plc:5rk445iroad3eut27fcu6wnh err=HttpError('InvalidRequest: Could not find repo: did:plc:5rk445iroad3eut27fcu6wnh')
2026-03-10T20:53:31Z WARNING bsky_collector_v2.job.index_feed_generators: listRecords failed repo=did:plc:jpc5vcmwlz66ifhnrolilwhk err=HttpError('InvalidRequest: Could not find repo: did:plc:jpc5vcmwlz66ifhnrolilwhk')
2026-03-10T20:53:31Z WARNING bsky_collector_v2.job.index_feed_generators: listRecords failed repo=did:plc:5rk445iroad3eut27fcu6wnh err=HttpError('InvalidRequest: Could not find repo: did:plc:5rk445iroad3eut27fcu6wnh')
2026-03-10T20:53:32Z WARNING bsky_collector_v2.job.index_feed_generators: listRecords failed repo=did:plc:jpc5vcmwlz66ifhnrolilwhk err=HttpError('InvalidRequest: Could not find repo: did:plc:jpc5vcmwlz66ifhnrolilwhk')
2026-03-10T20:53:32Z INFO bsky_collector_v2.job.index_feed_generators: enqueued repos page=12 mode=listRepos inserted=500 repos_returned=500 next_cursor=set
2026-03-10T20:55:17Z INFO bsky_collector_v2.job.index_feed_generators: enqueued repos page=13 mode=listRepos inserted=500 repos_returned=500 next_cursor=set
2026-03-10T20:55:51Z WARNING bsky_collector_v2.job.index_feed_generators: listRecords failed repo=did:plc:fjqempzr4pqs22mk2oxnu3w5 err=HttpError('InvalidRequest: Could not find repo: did:plc:fjqempzr4pqs22mk2oxnu3w5')
2026-03-10T20:56:52Z WARNING bsky_collector_v2.job.index_feed_generators: listRecords failed repo=did:plc:fjqempzr4pqs22mk2oxnu3w5 err=HttpError('InvalidRequest: Could not find repo: did:plc:fjqempzr4pqs22mk2oxnu3w5')
2026-03-10T20:56:52Z WARNING bsky_collector_v2.job.index_feed_generators: listRecords failed repo=did:plc:fjqempzr4pqs22mk2oxnu3w5 err=HttpError('InvalidRequest: Could not find repo: did:plc:fjqempzr4pqs22mk2oxnu3w5')
2026-03-10T20:56:53Z INFO bsky_collector_v2.job.index_feed_generators: enqueued repos page=14 mode=listRepos inserted=500 repos_returned=500 next_cursor=set
2026-03-10T20:58:27Z WARNING bsky_collector_v2.job.index_feed_generators: listRecords failed repo=did:plc:vj4iqluvontmjcigemttnuyf err=HttpError('InvalidRequest: Could not find repo: did:plc:vj4iqluvontmjcigemttnuyf')
2026-03-10T20:58:45Z INFO bsky_collector_v2.job.index_feed_generators: indexed repo=did:plc:z76ngp34jxi34ufkr32gdawf part=339 records=2 next_cursor=set
2026-03-10T20:58:50Z WARNING bsky_collector_v2.job.index_feed_generators: listRecords failed repo=did:plc:vj4iqluvontmjcigemttnuyf err=HttpError('InvalidRequest: Could not find repo: did:plc:vj4iqluvontmjcigemttnuyf')
2026-03-10T20:58:50Z WARNING bsky_collector_v2.job.index_feed_generators: listRecords failed repo=did:plc:vj4iqluvontmjcigemttnuyf err=HttpError('InvalidRequest: Could not find repo: did:plc:vj4iqluvontmjcigemttnuyf')
2026-03-10T20:58:51Z INFO bsky_collector_v2.job.index_feed_generators: enqueued repos page=15 mode=listRepos inserted=500 repos_returned=500 next_cursor=set
2026-03-10T20:59:21Z INFO bsky_collector_v2.job.index_feed_generators: indexed repo=did:plc:d37a6ewbpryivocxcngybb4u part=340 records=2 next_cursor=set
2026-03-10T21:00:25Z INFO bsky_collector_v2.job.index_feed_generators: indexed repo=did:plc:zn3eycxdzj5sojfpsukynzou part=341 records=2 next_cursor=set
2026-03-10T21:00:27Z INFO bsky_collector_v2.job.index_feed_generators: enqueued repos page=16 mode=listRepos inserted=500 repos_returned=500 next_cursor=set
2026-03-10T21:00:45Z WARNING bsky_collector_v2.job.index_feed_generators: listRecords failed repo=did:plc:atdnf3kowolna3fpy4nvpyvo err=HttpError('InvalidRequest: Could not find repo: did:plc:atdnf3kowolna3fpy4nvpyvo')
2026-03-10T21:01:08Z WARNING bsky_collector_v2.job.index_feed_generators: listRecords failed repo=did:plc:ivg3tlwiqzm2h6cowc52vddy err=HttpError('InvalidRequest: Could not find repo: did:plc:ivg3tlwiqzm2h6cowc52vddy')
2026-03-10T21:01:39Z INFO bsky_collector_v2.job.index_feed_generators: indexed repo=did:plc:tptogytdacdt42qbw24yoxet part=342 records=1 next_cursor=set
2026-03-10T21:01:56Z WARNING bsky_collector_v2.job.index_feed_generators: listRecords failed repo=did:plc:atdnf3kowolna3fpy4nvpyvo err=HttpError('InvalidRequest: Could not find repo: did:plc:atdnf3kowolna3fpy4nvpyvo')
2026-03-10T21:01:56Z WARNING bsky_collector_v2.job.index_feed_generators: listRecords failed repo=did:plc:ivg3tlwiqzm2h6cowc52vddy err=HttpError('InvalidRequest: Could not find repo: did:plc:ivg3tlwiqzm2h6cowc52vddy')
2026-03-10T21:01:56Z WARNING bsky_collector_v2.job.index_feed_generators: listRecords failed repo=did:plc:atdnf3kowolna3fpy4nvpyvo err=HttpError('InvalidRequest: Could not find repo: did:plc:atdnf3kowolna3fpy4nvpyvo')
2026-03-10T21:01:56Z WARNING bsky_collector_v2.job.index_feed_generators: listRecords failed repo=did:plc:ivg3tlwiqzm2h6cowc52vddy err=HttpError('InvalidRequest: Could not find repo: did:plc:ivg3tlwiqzm2h6cowc52vddy')
2026-03-10T21:01:57Z INFO bsky_collector_v2.job.index_feed_generators: enqueued repos page=17 mode=listRepos inserted=500 repos_returned=500 next_cursor=set
2026-03-10T21:02:15Z INFO bsky_collector_v2.job.index_feed_generators: indexed repo=did:plc:azgx7b7xaqulbnf3ux5jgyf6 part=343 records=1 next_cursor=set
2026-03-10T21:02:30Z WARNING bsky_collector_v2.job.index_feed_generators: listRecords failed repo=did:plc:gpbg5joupn4kskw45hv5k27e err=HttpError('InvalidRequest: Could not find repo: did:plc:gpbg5joupn4kskw45hv5k27e')
2026-03-10T21:02:46Z INFO bsky_collector_v2.job.index_feed_generators: indexed repo=did:plc:ljjo34hxykkbo43uvfloo2co part=344 records=1 next_cursor=set
2026-03-10T21:03:32Z WARNING bsky_collector_v2.job.index_feed_generators: listRecords failed repo=did:plc:gpbg5joupn4kskw45hv5k27e err=HttpError('InvalidRequest: Could not find repo: did:plc:gpbg5joupn4kskw45hv5k27e')
2026-03-10T21:03:33Z WARNING bsky_collector_v2.job.index_feed_generators: listRecords failed repo=did:plc:gpbg5joupn4kskw45hv5k27e err=HttpError('InvalidRequest: Could not find repo: did:plc:gpbg5joupn4kskw45hv5k27e')
2026-03-10T21:03:33Z INFO bsky_collector_v2.job.index_feed_generators: enqueued repos page=18 mode=listRepos inserted=500 repos_returned=500 next_cursor=set
2026-03-10T21:04:30Z INFO bsky_collector_v2.job.index_feed_generators: indexed repo=did:plc:o36nm2seq56hidpjv7uffnzq part=345 records=1 next_cursor=set
2026-03-10T21:04:31Z WARNING bsky_collector_v2.job.index_feed_generators: listRecords failed repo=did:plc:obyayjqtfdf3o5vmlx6yb4be err=HttpError('InvalidRequest: Could not find repo: did:plc:obyayjqtfdf3o5vmlx6yb4be')
2026-03-10T21:05:13Z WARNING bsky_collector_v2.job.index_feed_generators: listRecords failed repo=did:plc:z2e2h5f7ejhvuj4lpihsgvdm err=HttpError('InvalidRequest: Could not find repo: did:plc:z2e2h5f7ejhvuj4lpihsgvdm')
2026-03-10T21:05:15Z WARNING bsky_collector_v2.job.index_feed_generators: listRecords failed repo=did:plc:obyayjqtfdf3o5vmlx6yb4be err=HttpError('InvalidRequest: Could not find repo: did:plc:obyayjqtfdf3o5vmlx6yb4be')
2026-03-10T21:05:15Z WARNING bsky_collector_v2.job.index_feed_generators: listRecords failed repo=did:plc:z2e2h5f7ejhvuj4lpihsgvdm err=HttpError('InvalidRequest: Could not find repo: did:plc:z2e2h5f7ejhvuj4lpihsgvdm')
2026-03-10T21:05:15Z WARNING bsky_collector_v2.job.index_feed_generators: listRecords failed repo=did:plc:obyayjqtfdf3o5vmlx6yb4be err=HttpError('InvalidRequest: Could not find repo: did:plc:obyayjqtfdf3o5vmlx6yb4be')
2026-03-10T21:05:15Z WARNING bsky_collector_v2.job.index_feed_generators: listRecords failed repo=did:plc:z2e2h5f7ejhvuj4lpihsgvdm err=HttpError('InvalidRequest: Could not find repo: did:plc:z2e2h5f7ejhvuj4lpihsgvdm')
2026-03-10T21:05:16Z INFO bsky_collector_v2.job.index_feed_generators: enqueued repos page=19 mode=listRepos inserted=500 repos_returned=500 next_cursor=set
2026-03-10T21:07:02Z INFO bsky_collector_v2.job.index_feed_generators: enqueued repos page=20 mode=listRepos inserted=500 repos_returned=500 next_cursor=set
2026-03-10T21:07:14Z WARNING bsky_collector_v2.job.index_feed_generators: listRecords failed repo=did:plc:6oeryz6wylipdpoksssfmwkn err=HttpError('InvalidRequest: Could not find repo: did:plc:6oeryz6wylipdpoksssfmwkn')
2026-03-10T21:07:35Z INFO bsky_collector_v2.job.index_feed_generators: indexed repo=did:plc:g62lfxdhtuziiqt2nmy56l4k part=346 records=1 next_cursor=set
2026-03-10T21:08:02Z INFO bsky_collector_v2.job.index_feed_generators: indexed repo=did:plc:phcxzoy2l6hx4p6czstaio5b part=347 records=1 next_cursor=set
2026-03-10T21:08:36Z WARNING bsky_collector_v2.job.index_feed_generators: listRecords failed repo=did:plc:6oeryz6wylipdpoksssfmwkn err=HttpError('InvalidRequest: Could not find repo: did:plc:6oeryz6wylipdpoksssfmwkn')
2026-03-10T21:08:36Z WARNING bsky_collector_v2.job.index_feed_generators: listRecords failed repo=did:plc:6oeryz6wylipdpoksssfmwkn err=HttpError('InvalidRequest: Could not find repo: did:plc:6oeryz6wylipdpoksssfmwkn')
2026-03-10T21:08:37Z INFO bsky_collector_v2.job.index_feed_generators: enqueued repos page=21 mode=listRepos inserted=500 repos_returned=500 next_cursor=set
2026-03-10T21:08:39Z WARNING bsky_collector_v2.job.index_feed_generators: listRecords failed repo=did:plc:2t2zbc52j4ovuhdrvujuaa6w err=HttpError('InvalidRequest: Could not find repo: did:plc:2t2zbc52j4ovuhdrvujuaa6w')
2026-03-10T21:10:12Z WARNING bsky_collector_v2.job.index_feed_generators: listRecords failed repo=did:plc:2t2zbc52j4ovuhdrvujuaa6w err=HttpError('InvalidRequest: Could not find repo: did:plc:2t2zbc52j4ovuhdrvujuaa6w')
2026-03-10T21:10:12Z WARNING bsky_collector_v2.job.index_feed_generators: listRecords failed repo=did:plc:2t2zbc52j4ovuhdrvujuaa6w err=HttpError('InvalidRequest: Could not find repo: did:plc:2t2zbc52j4ovuhdrvujuaa6w')
2026-03-10T21:10:13Z INFO bsky_collector_v2.job.index_feed_generators: enqueued repos page=22 mode=listRepos inserted=500 repos_returned=500 next_cursor=set
2026-03-10T21:10:53Z WARNING bsky_collector_v2.job.index_feed_generators: listRecords failed repo=did:plc:golayyq7v4frgcgdzitwud64 err=HttpError('InvalidRequest: Could not find repo: did:plc:golayyq7v4frgcgdzitwud64')
2026-03-10T21:11:28Z INFO bsky_collector_v2.job.index_feed_generators: indexed repo=did:plc:sdmqrz7luyqtslrege5ozcmw part=348 records=4 next_cursor=set
2026-03-10T21:11:49Z WARNING bsky_collector_v2.job.index_feed_generators: listRecords failed repo=did:plc:golayyq7v4frgcgdzitwud64 err=HttpError('InvalidRequest: Could not find repo: did:plc:golayyq7v4frgcgdzitwud64')
2026-03-10T21:11:49Z WARNING bsky_collector_v2.job.index_feed_generators: listRecords failed repo=did:plc:golayyq7v4frgcgdzitwud64 err=HttpError('InvalidRequest: Could not find repo: did:plc:golayyq7v4frgcgdzitwud64')
2026-03-10T21:11:50Z INFO bsky_collector_v2.job.index_feed_generators: enqueued repos page=23 mode=listRepos inserted=500 repos_returned=500 next_cursor=set
2026-03-10T21:13:09Z WARNING bsky_collector_v2.job.index_feed_generators: listRecords failed repo=did:plc:trhgar5xnneeqkdt54h4kegh err=HttpError('InvalidRequest: Could not find repo: did:plc:trhgar5xnneeqkdt54h4kegh')
2026-03-10T21:13:27Z WARNING bsky_collector_v2.job.index_feed_generators: listRecords failed repo=did:plc:trhgar5xnneeqkdt54h4kegh err=HttpError('InvalidRequest: Could not find repo: did:plc:trhgar5xnneeqkdt54h4kegh')
2026-03-10T21:13:27Z WARNING bsky_collector_v2.job.index_feed_generators: listRecords failed repo=did:plc:trhgar5xnneeqkdt54h4kegh err=HttpError('InvalidRequest: Could not find repo: did:plc:trhgar5xnneeqkdt54h4kegh')
2026-03-10T21:13:27Z INFO bsky_collector_v2.job.index_feed_generators: enqueued repos page=24 mode=listRepos inserted=500 repos_returned=500 next_cursor=set
2026-03-10T21:14:10Z INFO bsky_collector_v2.job.index_feed_generators: indexed repo=did:plc:hild7elbavewsrkddrr4azh5 part=349 records=2 next_cursor=set
2026-03-10T21:14:59Z INFO bsky_collector_v2.job.index_feed_generators: indexed repo=did:plc:w5tcfae6xifntvybwzeg5xyo part=350 records=2 next_cursor=set
2026-03-10T21:15:09Z INFO bsky_collector_v2.job.index_feed_generators: enqueued repos page=25 mode=listRepos inserted=500 repos_returned=500 next_cursor=set
2026-03-10T21:16:07Z WARNING bsky_collector_v2.job.index_feed_generators: listRecords failed repo=did:plc:nxsy6ofp6jlbkmdc7rskm3tr err=HttpError('InvalidRequest: Could not find repo: did:plc:nxsy6ofp6jlbkmdc7rskm3tr')
2026-03-10T21:16:41Z WARNING bsky_collector_v2.job.index_feed_generators: listRecords failed repo=did:plc:nxsy6ofp6jlbkmdc7rskm3tr err=HttpError('InvalidRequest: Could not find repo: did:plc:nxsy6ofp6jlbkmdc7rskm3tr')
2026-03-10T21:16:41Z WARNING bsky_collector_v2.job.index_feed_generators: listRecords failed repo=did:plc:nxsy6ofp6jlbkmdc7rskm3tr err=HttpError('InvalidRequest: Could not find repo: did:plc:nxsy6ofp6jlbkmdc7rskm3tr')
2026-03-10T21:16:41Z INFO bsky_collector_v2.job.index_feed_generators: enqueued repos page=26 mode=listRepos inserted=500 repos_returned=500 next_cursor=set
2026-03-10T21:18:23Z WARNING bsky_collector_v2.job.index_feed_generators: listRecords failed repo=did:plc:xuyl45kha2jcb32kx4gjxkwj err=HttpError('InvalidRequest: Could not find repo: did:plc:xuyl45kha2jcb32kx4gjxkwj')
2026-03-10T21:18:28Z WARNING bsky_collector_v2.job.index_feed_generators: listRecords failed repo=did:plc:xuyl45kha2jcb32kx4gjxkwj err=HttpError('InvalidRequest: Could not find repo: did:plc:xuyl45kha2jcb32kx4gjxkwj')
2026-03-10T21:18:29Z WARNING bsky_collector_v2.job.index_feed_generators: listRecords failed repo=did:plc:xuyl45kha2jcb32kx4gjxkwj err=HttpError('InvalidRequest: Could not find repo: did:plc:xuyl45kha2jcb32kx4gjxkwj')
2026-03-10T21:18:29Z INFO bsky_collector_v2.job.index_feed_generators: enqueued repos page=27 mode=listRepos inserted=500 repos_returned=500 next_cursor=set
2026-03-10T21:18:31Z INFO bsky_collector_v2.job.index_feed_generators: indexed repo=did:plc:2ij6ahqh4tivx7uihcoiiswa part=351 records=1 next_cursor=set
2026-03-10T21:19:34Z WARNING bsky_collector_v2.job.index_feed_generators: listRecords failed repo=did:plc:qh7ntlpwxs2hh6wko5bis7i5 err=HttpError('InvalidRequest: Could not find repo: did:plc:qh7ntlpwxs2hh6wko5bis7i5')
2026-03-10T21:20:14Z WARNING bsky_collector_v2.job.index_feed_generators: listRecords failed repo=did:plc:qh7ntlpwxs2hh6wko5bis7i5 err=HttpError('InvalidRequest: Could not find repo: did:plc:qh7ntlpwxs2hh6wko5bis7i5')
2026-03-10T21:20:14Z WARNING bsky_collector_v2.job.index_feed_generators: listRecords failed repo=did:plc:qh7ntlpwxs2hh6wko5bis7i5 err=HttpError('InvalidRequest: Could not find repo: did:plc:qh7ntlpwxs2hh6wko5bis7i5')
2026-03-10T21:20:15Z INFO bsky_collector_v2.job.index_feed_generators: enqueued repos page=28 mode=listRepos inserted=500 repos_returned=500 next_cursor=set
2026-03-10T21:20:22Z INFO bsky_collector_v2.job.index_feed_generators: indexed repo=did:plc:3vfftyek2m4cgtyrerzmhs4k part=352 records=1 next_cursor=set
2026-03-10T21:21:54Z INFO bsky_collector_v2.job.index_feed_generators: enqueued repos page=29 mode=listRepos inserted=500 repos_returned=500 next_cursor=set
2026-03-10T21:23:39Z INFO bsky_collector_v2.job.index_feed_generators: enqueued repos page=30 mode=listRepos inserted=500 repos_returned=500 next_cursor=set
2026-03-10T21:24:12Z WARNING bsky_collector_v2.job.index_feed_generators: listRecords failed repo=did:plc:eq5au2tzy3dt4lmgxumidx3o err=HttpError('InvalidRequest: Could not find repo: did:plc:eq5au2tzy3dt4lmgxumidx3o')
2026-03-10T21:24:52Z WARNING bsky_collector_v2.job.index_feed_generators: listRecords failed repo=did:plc:rs255ara3hsnwcclqy355gb5 err=HttpError('InvalidRequest: Could not find repo: did:plc:rs255ara3hsnwcclqy355gb5')
2026-03-10T21:25:17Z WARNING bsky_collector_v2.job.index_feed_generators: listRecords failed repo=did:plc:eq5au2tzy3dt4lmgxumidx3o err=HttpError('InvalidRequest: Could not find repo: did:plc:eq5au2tzy3dt4lmgxumidx3o')
2026-03-10T21:25:17Z WARNING bsky_collector_v2.job.index_feed_generators: listRecords failed repo=did:plc:rs255ara3hsnwcclqy355gb5 err=HttpError('InvalidRequest: Could not find repo: did:plc:rs255ara3hsnwcclqy355gb5')
2026-03-10T21:25:17Z WARNING bsky_collector_v2.job.index_feed_generators: listRecords failed repo=did:plc:eq5au2tzy3dt4lmgxumidx3o err=HttpError('InvalidRequest: Could not find repo: did:plc:eq5au2tzy3dt4lmgxumidx3o')
2026-03-10T21:25:17Z WARNING bsky_collector_v2.job.index_feed_generators: listRecords failed repo=did:plc:rs255ara3hsnwcclqy355gb5 err=HttpError('InvalidRequest: Could not find repo: did:plc:rs255ara3hsnwcclqy355gb5')
2026-03-10T21:25:17Z INFO bsky_collector_v2.job.index_feed_generators: enqueued repos page=31 mode=listRepos inserted=500 repos_returned=500 next_cursor=set
2026-03-10T21:25:28Z WARNING bsky_collector_v2.job.index_feed_generators: listRecords failed repo=did:plc:55gedmig5touopzvqhhzjees err=HttpError('InvalidRequest: Could not find repo: did:plc:55gedmig5touopzvqhhzjees')
2026-03-10T21:26:54Z WARNING bsky_collector_v2.job.index_feed_generators: listRecords failed repo=did:plc:55gedmig5touopzvqhhzjees err=HttpError('InvalidRequest: Could not find repo: did:plc:55gedmig5touopzvqhhzjees')
2026-03-10T21:26:54Z WARNING bsky_collector_v2.job.index_feed_generators: listRecords failed repo=did:plc:55gedmig5touopzvqhhzjees err=HttpError('InvalidRequest: Could not find repo: did:plc:55gedmig5touopzvqhhzjees')
2026-03-10T21:26:55Z INFO bsky_collector_v2.job.index_feed_generators: enqueued repos page=32 mode=listRepos inserted=500 repos_returned=500 next_cursor=set
