2026-03-30T12:23:59Z INFO bsky_collector_v2: out_base ok path=/Volumes/T9/BlueSky/data_v2_full mount=/Volumes/T9
2026-03-30T12:23:59Z INFO bsky_collector_v2: job start subcommand=index-feed-generators dry_run=False resume=True
2026-03-30T12:23:59Z INFO bsky_collector_v2.job.index_feed_generators: feed generator index hosts relay_host=https://bsky.network records_host=https://bsky.social auth=yes
2026-03-30T12:24:33Z INFO bsky_collector_v2.job.index_feed_generators: indexed repo=did:plc:itrrcpq63s7iyhrb4b7fwvxg part=112 records=1 next_cursor=set
2026-03-30T12:24:33Z WARNING bsky_collector_v2.job.index_feed_generators: listRecords failed repo=did:plc:iurpctjrthdgp7l5y5uugo7z err=HttpError('InvalidRequest: Could not find repo: did:plc:iurpctjrthdgp7l5y5uugo7z')
2026-03-30T12:25:19Z WARNING bsky_collector_v2.job.index_feed_generators: listRecords failed repo=did:plc:iurpctjrthdgp7l5y5uugo7z err=HttpError('InvalidRequest: Could not find repo: did:plc:iurpctjrthdgp7l5y5uugo7z')
2026-03-30T12:25:19Z WARNING bsky_collector_v2.job.index_feed_generators: listRecords failed repo=did:plc:iurpctjrthdgp7l5y5uugo7z err=HttpError('InvalidRequest: Could not find repo: did:plc:iurpctjrthdgp7l5y5uugo7z')
2026-03-30T12:25:20Z INFO bsky_collector_v2.job.index_feed_generators: enqueued repos page=1 mode=listRepos inserted=500 repos_returned=500 next_cursor=set
2026-03-30T12:25:35Z WARNING bsky_collector_v2.job.index_feed_generators: listRecords failed repo=did:plc:7zurc2376nfv7lx5ci2c7hjy err=HttpError('InvalidRequest: Could not find repo: did:plc:7zurc2376nfv7lx5ci2c7hjy')
2026-03-30T12:25:48Z WARNING bsky_collector_v2.job.index_feed_generators: listRecords failed repo=did:plc:e3uja6m7xlrmn5hjp7mkgcq5 err=HttpError('InvalidRequest: Could not find repo: did:plc:e3uja6m7xlrmn5hjp7mkgcq5')
2026-03-30T12:26:13Z WARNING bsky_collector_v2.job.index_feed_generators: listRecords failed repo=did:plc:nvcesrcyobhgrjjwgn3lf3un err=HttpError('InvalidRequest: Could not find repo: did:plc:nvcesrcyobhgrjjwgn3lf3un')
2026-03-30T12:26:19Z WARNING bsky_collector_v2.job.index_feed_generators: listRecords failed repo=did:plc:qhewqwvjmbquzyg4s4prbgmx err=HttpError('InvalidRequest: Could not find repo: did:plc:qhewqwvjmbquzyg4s4prbgmx')
2026-03-30T12:26:53Z WARNING bsky_collector_v2.job.index_feed_generators: listRecords failed repo=did:plc:7zurc2376nfv7lx5ci2c7hjy err=HttpError('InvalidRequest: Could not find repo: did:plc:7zurc2376nfv7lx5ci2c7hjy')
2026-03-30T12:26:53Z WARNING bsky_collector_v2.job.index_feed_generators: listRecords failed repo=did:plc:e3uja6m7xlrmn5hjp7mkgcq5 err=HttpError('InvalidRequest: Could not find repo: did:plc:e3uja6m7xlrmn5hjp7mkgcq5')
2026-03-30T12:26:53Z WARNING bsky_collector_v2.job.index_feed_generators: listRecords failed repo=did:plc:nvcesrcyobhgrjjwgn3lf3un err=HttpError('InvalidRequest: Could not find repo: did:plc:nvcesrcyobhgrjjwgn3lf3un')
2026-03-30T12:26:53Z WARNING bsky_collector_v2.job.index_feed_generators: listRecords failed repo=did:plc:qhewqwvjmbquzyg4s4prbgmx err=HttpError('InvalidRequest: Could not find repo: did:plc:qhewqwvjmbquzyg4s4prbgmx')
2026-03-30T12:26:53Z WARNING bsky_collector_v2.job.index_feed_generators: listRecords failed repo=did:plc:7zurc2376nfv7lx5ci2c7hjy err=HttpError('InvalidRequest: Could not find repo: did:plc:7zurc2376nfv7lx5ci2c7hjy')
2026-03-30T12:26:54Z WARNING bsky_collector_v2.job.index_feed_generators: listRecords failed repo=did:plc:e3uja6m7xlrmn5hjp7mkgcq5 err=HttpError('InvalidRequest: Could not find repo: did:plc:e3uja6m7xlrmn5hjp7mkgcq5')
2026-03-30T12:26:54Z WARNING bsky_collector_v2.job.index_feed_generators: listRecords failed repo=did:plc:nvcesrcyobhgrjjwgn3lf3un err=HttpError('InvalidRequest: Could not find repo: did:plc:nvcesrcyobhgrjjwgn3lf3un')
2026-03-30T12:26:54Z WARNING bsky_collector_v2.job.index_feed_generators: listRecords failed repo=did:plc:qhewqwvjmbquzyg4s4prbgmx err=HttpError('InvalidRequest: Could not find repo: did:plc:qhewqwvjmbquzyg4s4prbgmx')
2026-03-30T12:26:54Z INFO bsky_collector_v2.job.index_feed_generators: enqueued repos page=2 mode=listRepos inserted=500 repos_returned=500 next_cursor=set
2026-03-30T12:27:11Z WARNING bsky_collector_v2.job.index_feed_generators: listRecords failed repo=did:plc:a2xuvclm4luung3aabchjla2 err=HttpError('InvalidRequest: Could not find repo: did:plc:a2xuvclm4luung3aabchjla2')
2026-03-30T12:28:29Z WARNING bsky_collector_v2.job.index_feed_generators: listRecords failed repo=did:plc:zgmu7so2kzssats5ecdukp6e err=HttpError('InvalidRequest: Could not find repo: did:plc:zgmu7so2kzssats5ecdukp6e')
2026-03-30T12:28:29Z WARNING bsky_collector_v2.job.index_feed_generators: listRecords failed repo=did:plc:a2xuvclm4luung3aabchjla2 err=HttpError('InvalidRequest: Could not find repo: did:plc:a2xuvclm4luung3aabchjla2')
2026-03-30T12:28:29Z WARNING bsky_collector_v2.job.index_feed_generators: listRecords failed repo=did:plc:zgmu7so2kzssats5ecdukp6e err=HttpError('InvalidRequest: Could not find repo: did:plc:zgmu7so2kzssats5ecdukp6e')
2026-03-30T12:28:30Z WARNING bsky_collector_v2.job.index_feed_generators: listRecords failed repo=did:plc:a2xuvclm4luung3aabchjla2 err=HttpError('InvalidRequest: Could not find repo: did:plc:a2xuvclm4luung3aabchjla2')
2026-03-30T12:28:30Z WARNING bsky_collector_v2.job.index_feed_generators: listRecords failed repo=did:plc:zgmu7so2kzssats5ecdukp6e err=HttpError('InvalidRequest: Could not find repo: did:plc:zgmu7so2kzssats5ecdukp6e')
2026-03-30T12:28:30Z INFO bsky_collector_v2.job.index_feed_generators: enqueued repos page=3 mode=listRepos inserted=500 repos_returned=500 next_cursor=set
2026-03-30T12:29:02Z WARNING bsky_collector_v2.job.index_feed_generators: listRecords failed repo=did:plc:faodqv6ydmz4f73pvbr2uq5x err=HttpError('InvalidRequest: Could not find repo: did:plc:faodqv6ydmz4f73pvbr2uq5x')
2026-03-30T12:29:02Z WARNING bsky_collector_v2.job.index_feed_generators: listRecords failed repo=did:plc:ffwaph2y6yxvhypjcasxtsr3 err=HttpError('InvalidRequest: Could not find repo: did:plc:ffwaph2y6yxvhypjcasxtsr3')
2026-03-30T12:30:03Z WARNING bsky_collector_v2.job.index_feed_generators: listRecords failed repo=did:plc:voeokiua4kz2o5w6hpycbo3v err=HttpError('InvalidRequest: Could not find repo: did:plc:voeokiua4kz2o5w6hpycbo3v')
2026-03-30T12:30:05Z WARNING bsky_collector_v2.job.index_feed_generators: listRecords failed repo=did:plc:vtz6q5wjnkf3ccjbz2ctbxqr err=HttpError('InvalidRequest: Could not find repo: did:plc:vtz6q5wjnkf3ccjbz2ctbxqr')
2026-03-30T12:30:16Z WARNING bsky_collector_v2.job.index_feed_generators: listRecords failed repo=did:plc:zr6istvswjyyrvytmephpxl2 err=HttpError('InvalidRequest: Could not find repo: did:plc:zr6istvswjyyrvytmephpxl2')
2026-03-30T12:30:16Z WARNING bsky_collector_v2.job.index_feed_generators: listRecords failed repo=did:plc:faodqv6ydmz4f73pvbr2uq5x err=HttpError('InvalidRequest: Could not find repo: did:plc:faodqv6ydmz4f73pvbr2uq5x')
2026-03-30T12:30:16Z WARNING bsky_collector_v2.job.index_feed_generators: listRecords failed repo=did:plc:ffwaph2y6yxvhypjcasxtsr3 err=HttpError('InvalidRequest: Could not find repo: did:plc:ffwaph2y6yxvhypjcasxtsr3')
2026-03-30T12:30:16Z WARNING bsky_collector_v2.job.index_feed_generators: listRecords failed repo=did:plc:voeokiua4kz2o5w6hpycbo3v err=HttpError('InvalidRequest: Could not find repo: did:plc:voeokiua4kz2o5w6hpycbo3v')
2026-03-30T12:30:16Z WARNING bsky_collector_v2.job.index_feed_generators: listRecords failed repo=did:plc:vtz6q5wjnkf3ccjbz2ctbxqr err=HttpError('InvalidRequest: Could not find repo: did:plc:vtz6q5wjnkf3ccjbz2ctbxqr')
2026-03-30T12:30:17Z WARNING bsky_collector_v2.job.index_feed_generators: listRecords failed repo=did:plc:zr6istvswjyyrvytmephpxl2 err=HttpError('InvalidRequest: Could not find repo: did:plc:zr6istvswjyyrvytmephpxl2')
2026-03-30T12:30:17Z WARNING bsky_collector_v2.job.index_feed_generators: listRecords failed repo=did:plc:faodqv6ydmz4f73pvbr2uq5x err=HttpError('InvalidRequest: Could not find repo: did:plc:faodqv6ydmz4f73pvbr2uq5x')
2026-03-30T12:30:17Z WARNING bsky_collector_v2.job.index_feed_generators: listRecords failed repo=did:plc:ffwaph2y6yxvhypjcasxtsr3 err=HttpError('InvalidRequest: Could not find repo: did:plc:ffwaph2y6yxvhypjcasxtsr3')
2026-03-30T12:30:17Z WARNING bsky_collector_v2.job.index_feed_generators: listRecords failed repo=did:plc:voeokiua4kz2o5w6hpycbo3v err=HttpError('InvalidRequest: Could not find repo: did:plc:voeokiua4kz2o5w6hpycbo3v')
2026-03-30T12:30:17Z WARNING bsky_collector_v2.job.index_feed_generators: listRecords failed repo=did:plc:vtz6q5wjnkf3ccjbz2ctbxqr err=HttpError('InvalidRequest: Could not find repo: did:plc:vtz6q5wjnkf3ccjbz2ctbxqr')
2026-03-30T12:30:17Z WARNING bsky_collector_v2.job.index_feed_generators: listRecords failed repo=did:plc:zr6istvswjyyrvytmephpxl2 err=HttpError('InvalidRequest: Could not find repo: did:plc:zr6istvswjyyrvytmephpxl2')
2026-03-30T12:30:17Z INFO bsky_collector_v2.job.index_feed_generators: enqueued repos page=4 mode=listRepos inserted=500 repos_returned=500 next_cursor=set
2026-03-30T12:30:59Z WARNING bsky_collector_v2.job.index_feed_generators: listRecords failed repo=did:plc:ki2fvlkr54emj7vj53e434nx err=HttpError('InvalidRequest: Could not find repo: did:plc:ki2fvlkr54emj7vj53e434nx')
2026-03-30T12:31:16Z WARNING bsky_collector_v2.job.index_feed_generators: listRecords failed repo=did:plc:rkk2odkpn5y4lhgjhmdowz3j err=HttpError('InvalidRequest: Could not find repo: did:plc:rkk2odkpn5y4lhgjhmdowz3j')
2026-03-30T12:31:40Z WARNING bsky_collector_v2.job.index_feed_generators: listRecords failed repo=did:plc:ki2fvlkr54emj7vj53e434nx err=HttpError('InvalidRequest: Could not find repo: did:plc:ki2fvlkr54emj7vj53e434nx')
2026-03-30T12:31:40Z WARNING bsky_collector_v2.job.index_feed_generators: listRecords failed repo=did:plc:rkk2odkpn5y4lhgjhmdowz3j err=HttpError('InvalidRequest: Could not find repo: did:plc:rkk2odkpn5y4lhgjhmdowz3j')
2026-03-30T12:31:40Z WARNING bsky_collector_v2.job.index_feed_generators: listRecords failed repo=did:plc:ki2fvlkr54emj7vj53e434nx err=HttpError('InvalidRequest: Could not find repo: did:plc:ki2fvlkr54emj7vj53e434nx')
2026-03-30T12:31:40Z WARNING bsky_collector_v2.job.index_feed_generators: listRecords failed repo=did:plc:rkk2odkpn5y4lhgjhmdowz3j err=HttpError('InvalidRequest: Could not find repo: did:plc:rkk2odkpn5y4lhgjhmdowz3j')
2026-03-30T12:31:40Z INFO bsky_collector_v2.job.index_feed_generators: enqueued repos page=5 mode=listRepos inserted=500 repos_returned=500 next_cursor=set
2026-03-30T12:32:12Z WARNING bsky_collector_v2.job.index_feed_generators: listRecords failed repo=did:plc:gtcqlsl45fp77fgha2fwzcjm err=HttpError('InvalidRequest: Could not find repo: did:plc:gtcqlsl45fp77fgha2fwzcjm')
2026-03-30T12:32:28Z WARNING bsky_collector_v2.job.index_feed_generators: listRecords failed repo=did:plc:myoece4p2mexj4dpnwbmizeq err=HttpError('InvalidRequest: Could not find repo: did:plc:myoece4p2mexj4dpnwbmizeq')
2026-03-30T12:32:59Z WARNING bsky_collector_v2.job.index_feed_generators: listRecords failed repo=did:plc:y6p7u6dkojznsnd35ubpa2dw err=HttpError('InvalidRequest: Could not find repo: did:plc:y6p7u6dkojznsnd35ubpa2dw')
2026-03-30T12:33:02Z WARNING bsky_collector_v2.job.index_feed_generators: listRecords failed repo=did:web:didweb.abbie.cc err=HttpError('InvalidRequest: Could not find repo: did:web:didweb.abbie.cc')
2026-03-30T12:33:02Z WARNING bsky_collector_v2.job.index_feed_generators: listRecords failed repo=did:plc:gtcqlsl45fp77fgha2fwzcjm err=HttpError('InvalidRequest: Could not find repo: did:plc:gtcqlsl45fp77fgha2fwzcjm')
2026-03-30T12:33:02Z WARNING bsky_collector_v2.job.index_feed_generators: listRecords failed repo=did:plc:myoece4p2mexj4dpnwbmizeq err=HttpError('InvalidRequest: Could not find repo: did:plc:myoece4p2mexj4dpnwbmizeq')
2026-03-30T12:33:02Z WARNING bsky_collector_v2.job.index_feed_generators: listRecords failed repo=did:plc:y6p7u6dkojznsnd35ubpa2dw err=HttpError('InvalidRequest: Could not find repo: did:plc:y6p7u6dkojznsnd35ubpa2dw')
2026-03-30T12:33:02Z WARNING bsky_collector_v2.job.index_feed_generators: listRecords failed repo=did:web:didweb.abbie.cc err=HttpError('InvalidRequest: Could not find repo: did:web:didweb.abbie.cc')
2026-03-30T12:33:02Z WARNING bsky_collector_v2.job.index_feed_generators: listRecords failed repo=did:plc:gtcqlsl45fp77fgha2fwzcjm err=HttpError('InvalidRequest: Could not find repo: did:plc:gtcqlsl45fp77fgha2fwzcjm')
2026-03-30T12:33:02Z WARNING bsky_collector_v2.job.index_feed_generators: listRecords failed repo=did:plc:myoece4p2mexj4dpnwbmizeq err=HttpError('InvalidRequest: Could not find repo: did:plc:myoece4p2mexj4dpnwbmizeq')
2026-03-30T12:33:02Z WARNING bsky_collector_v2.job.index_feed_generators: listRecords failed repo=did:plc:y6p7u6dkojznsnd35ubpa2dw err=HttpError('InvalidRequest: Could not find repo: did:plc:y6p7u6dkojznsnd35ubpa2dw')
2026-03-30T12:33:02Z WARNING bsky_collector_v2.job.index_feed_generators: listRecords failed repo=did:web:didweb.abbie.cc err=HttpError('InvalidRequest: Could not find repo: did:web:didweb.abbie.cc')
2026-03-30T12:33:03Z INFO bsky_collector_v2.job.index_feed_generators: enqueued repos page=6 mode=listRepos inserted=500 repos_returned=500 next_cursor=set
2026-03-30T12:33:14Z WARNING bsky_collector_v2.job.index_feed_generators: listRecords failed repo=did:plc:6h5z3jozi3zt64wmmkkx4oa6 err=HttpError('InvalidRequest: Could not find repo: did:plc:6h5z3jozi3zt64wmmkkx4oa6')
2026-03-30T12:33:16Z WARNING bsky_collector_v2.job.index_feed_generators: listRecords failed repo=did:plc:73beuxe3mc6jysb2miamm6jo err=HttpError('InvalidRequest: Could not find repo: did:plc:73beuxe3mc6jysb2miamm6jo')
2026-03-30T12:34:28Z WARNING bsky_collector_v2.job.index_feed_generators: listRecords failed repo=did:web:abbie.cc err=HttpError('InvalidRequest: Could not find repo: did:web:abbie.cc')
2026-03-30T12:34:28Z WARNING bsky_collector_v2.job.index_feed_generators: listRecords failed repo=did:plc:6h5z3jozi3zt64wmmkkx4oa6 err=HttpError('InvalidRequest: Could not find repo: did:plc:6h5z3jozi3zt64wmmkkx4oa6')
2026-03-30T12:34:29Z WARNING bsky_collector_v2.job.index_feed_generators: listRecords failed repo=did:plc:73beuxe3mc6jysb2miamm6jo err=HttpError('InvalidRequest: Could not find repo: did:plc:73beuxe3mc6jysb2miamm6jo')
2026-03-30T12:34:29Z WARNING bsky_collector_v2.job.index_feed_generators: listRecords failed repo=did:web:abbie.cc err=HttpError('InvalidRequest: Could not find repo: did:web:abbie.cc')
2026-03-30T12:34:29Z WARNING bsky_collector_v2.job.index_feed_generators: listRecords failed repo=did:plc:6h5z3jozi3zt64wmmkkx4oa6 err=HttpError('InvalidRequest: Could not find repo: did:plc:6h5z3jozi3zt64wmmkkx4oa6')
2026-03-30T12:34:29Z WARNING bsky_collector_v2.job.index_feed_generators: listRecords failed repo=did:plc:73beuxe3mc6jysb2miamm6jo err=HttpError('InvalidRequest: Could not find repo: did:plc:73beuxe3mc6jysb2miamm6jo')
2026-03-30T12:34:29Z WARNING bsky_collector_v2.job.index_feed_generators: listRecords failed repo=did:web:abbie.cc err=HttpError('InvalidRequest: Could not find repo: did:web:abbie.cc')
2026-03-30T12:34:29Z INFO bsky_collector_v2.job.index_feed_generators: enqueued repos page=7 mode=listRepos inserted=500 repos_returned=500 next_cursor=set
2026-03-30T12:35:25Z WARNING bsky_collector_v2.job.index_feed_generators: listRecords failed repo=did:plc:fvoigxca3hdj5ezk4psa5t37 err=HttpError('InvalidRequest: Could not find repo: did:plc:fvoigxca3hdj5ezk4psa5t37')
2026-03-30T12:36:19Z WARNING bsky_collector_v2.job.index_feed_generators: listRecords failed repo=did:plc:fvoigxca3hdj5ezk4psa5t37 err=HttpError('InvalidRequest: Could not find repo: did:plc:fvoigxca3hdj5ezk4psa5t37')
2026-03-30T12:36:19Z WARNING bsky_collector_v2.job.index_feed_generators: listRecords failed repo=did:plc:fvoigxca3hdj5ezk4psa5t37 err=HttpError('InvalidRequest: Could not find repo: did:plc:fvoigxca3hdj5ezk4psa5t37')
2026-03-30T12:36:20Z INFO bsky_collector_v2.job.index_feed_generators: enqueued repos page=8 mode=listRepos inserted=500 repos_returned=500 next_cursor=set
2026-03-30T12:38:07Z INFO bsky_collector_v2.job.index_feed_generators: enqueued repos page=9 mode=listRepos inserted=500 repos_returned=500 next_cursor=set
2026-03-30T12:38:39Z WARNING bsky_collector_v2.job.index_feed_generators: listRecords failed repo=did:plc:hlg3323frpi36mdati4oj6x4 err=HttpError('InvalidRequest: Could not find repo: did:plc:hlg3323frpi36mdati4oj6x4')
2026-03-30T12:38:49Z WARNING bsky_collector_v2.job.index_feed_generators: listRecords failed repo=did:plc:l5z6xi7fb663p5ynmal4ghwg err=HttpError('InvalidRequest: Could not find repo: did:plc:l5z6xi7fb663p5ynmal4ghwg')
2026-03-30T12:39:34Z WARNING bsky_collector_v2.job.index_feed_generators: listRecords failed repo=did:plc:xaa2r3rkftt3vtrusdcvrbm6 err=HttpError('InvalidRequest: Could not find repo: did:plc:xaa2r3rkftt3vtrusdcvrbm6')
2026-03-30T12:39:42Z WARNING bsky_collector_v2.job.index_feed_generators: listRecords failed repo=did:plc:hlg3323frpi36mdati4oj6x4 err=HttpError('InvalidRequest: Could not find repo: did:plc:hlg3323frpi36mdati4oj6x4')
2026-03-30T12:39:42Z WARNING bsky_collector_v2.job.index_feed_generators: listRecords failed repo=did:plc:l5z6xi7fb663p5ynmal4ghwg err=HttpError('InvalidRequest: Could not find repo: did:plc:l5z6xi7fb663p5ynmal4ghwg')
2026-03-30T12:39:42Z WARNING bsky_collector_v2.job.index_feed_generators: listRecords failed repo=did:plc:xaa2r3rkftt3vtrusdcvrbm6 err=HttpError('InvalidRequest: Could not find repo: did:plc:xaa2r3rkftt3vtrusdcvrbm6')
2026-03-30T12:39:42Z WARNING bsky_collector_v2.job.index_feed_generators: listRecords failed repo=did:plc:hlg3323frpi36mdati4oj6x4 err=HttpError('InvalidRequest: Could not find repo: did:plc:hlg3323frpi36mdati4oj6x4')
2026-03-30T12:39:42Z WARNING bsky_collector_v2.job.index_feed_generators: listRecords failed repo=did:plc:l5z6xi7fb663p5ynmal4ghwg err=HttpError('InvalidRequest: Could not find repo: did:plc:l5z6xi7fb663p5ynmal4ghwg')
2026-03-30T12:39:42Z WARNING bsky_collector_v2.job.index_feed_generators: listRecords failed repo=did:plc:xaa2r3rkftt3vtrusdcvrbm6 err=HttpError('InvalidRequest: Could not find repo: did:plc:xaa2r3rkftt3vtrusdcvrbm6')
2026-03-30T12:39:43Z INFO bsky_collector_v2.job.index_feed_generators: enqueued repos page=10 mode=listRepos inserted=500 repos_returned=500 next_cursor=set
2026-03-30T12:40:05Z WARNING bsky_collector_v2.job.index_feed_generators: listRecords failed repo=did:plc:cvc7n6kjvqjaa2rov5im43pd err=HttpError('InvalidRequest: Could not find repo: did:plc:cvc7n6kjvqjaa2rov5im43pd')
2026-03-30T12:40:15Z WARNING bsky_collector_v2.job.index_feed_generators: listRecords failed repo=did:plc:h5ycuth3uuqy65czgxc4puzc err=HttpError('InvalidRequest: Could not find repo: did:plc:h5ycuth3uuqy65czgxc4puzc')
2026-03-30T12:40:32Z WARNING bsky_collector_v2.job.index_feed_generators: listRecords failed repo=did:plc:o3ev57hrn2qix3hq4cj5nmgk err=HttpError('InvalidRequest: Could not find repo: did:plc:o3ev57hrn2qix3hq4cj5nmgk')
2026-03-30T12:41:00Z WARNING bsky_collector_v2.job.index_feed_generators: listRecords failed repo=did:plc:cvc7n6kjvqjaa2rov5im43pd err=HttpError('InvalidRequest: Could not find repo: did:plc:cvc7n6kjvqjaa2rov5im43pd')
2026-03-30T12:41:00Z WARNING bsky_collector_v2.job.index_feed_generators: listRecords failed repo=did:plc:h5ycuth3uuqy65czgxc4puzc err=HttpError('InvalidRequest: Could not find repo: did:plc:h5ycuth3uuqy65czgxc4puzc')
2026-03-30T12:41:00Z WARNING bsky_collector_v2.job.index_feed_generators: listRecords failed repo=did:plc:o3ev57hrn2qix3hq4cj5nmgk err=HttpError('InvalidRequest: Could not find repo: did:plc:o3ev57hrn2qix3hq4cj5nmgk')
2026-03-30T12:41:00Z WARNING bsky_collector_v2.job.index_feed_generators: listRecords failed repo=did:plc:cvc7n6kjvqjaa2rov5im43pd err=HttpError('InvalidRequest: Could not find repo: did:plc:cvc7n6kjvqjaa2rov5im43pd')
2026-03-30T12:41:01Z WARNING bsky_collector_v2.job.index_feed_generators: listRecords failed repo=did:plc:h5ycuth3uuqy65czgxc4puzc err=HttpError('InvalidRequest: Could not find repo: did:plc:h5ycuth3uuqy65czgxc4puzc')
2026-03-30T12:41:01Z WARNING bsky_collector_v2.job.index_feed_generators: listRecords failed repo=did:plc:o3ev57hrn2qix3hq4cj5nmgk err=HttpError('InvalidRequest: Could not find repo: did:plc:o3ev57hrn2qix3hq4cj5nmgk')
2026-03-30T12:41:01Z INFO bsky_collector_v2.job.index_feed_generators: enqueued repos page=11 mode=listRepos inserted=500 repos_returned=500 next_cursor=set
2026-03-30T12:41:58Z WARNING bsky_collector_v2.job.index_feed_generators: listRecords failed repo=did:plc:i6vkzg6d5chvmt6kkw2qanf4 err=HttpError('InvalidRequest: Could not find repo: did:plc:i6vkzg6d5chvmt6kkw2qanf4')
2026-03-30T12:42:05Z WARNING bsky_collector_v2.job.index_feed_generators: listRecords failed repo=did:plc:k4bl6yeywedeudawo76x6xrv err=HttpError('InvalidRequest: Could not find repo: did:plc:k4bl6yeywedeudawo76x6xrv')
2026-03-30T12:42:24Z WARNING bsky_collector_v2.job.index_feed_generators: listRecords failed repo=did:plc:smn7s7qtthlk5bpmfkwq352c err=HttpError('InvalidRequest: Could not find repo: did:plc:smn7s7qtthlk5bpmfkwq352c')
2026-03-30T12:42:43Z WARNING bsky_collector_v2.job.index_feed_generators: listRecords failed repo=did:plc:i6vkzg6d5chvmt6kkw2qanf4 err=HttpError('InvalidRequest: Could not find repo: did:plc:i6vkzg6d5chvmt6kkw2qanf4')
2026-03-30T12:42:43Z WARNING bsky_collector_v2.job.index_feed_generators: listRecords failed repo=did:plc:k4bl6yeywedeudawo76x6xrv err=HttpError('InvalidRequest: Could not find repo: did:plc:k4bl6yeywedeudawo76x6xrv')
2026-03-30T12:42:43Z WARNING bsky_collector_v2.job.index_feed_generators: listRecords failed repo=did:plc:smn7s7qtthlk5bpmfkwq352c err=HttpError('InvalidRequest: Could not find repo: did:plc:smn7s7qtthlk5bpmfkwq352c')
2026-03-30T12:42:43Z WARNING bsky_collector_v2.job.index_feed_generators: listRecords failed repo=did:plc:i6vkzg6d5chvmt6kkw2qanf4 err=HttpError('InvalidRequest: Could not find repo: did:plc:i6vkzg6d5chvmt6kkw2qanf4')
2026-03-30T12:42:43Z WARNING bsky_collector_v2.job.index_feed_generators: listRecords failed repo=did:plc:k4bl6yeywedeudawo76x6xrv err=HttpError('InvalidRequest: Could not find repo: did:plc:k4bl6yeywedeudawo76x6xrv')
2026-03-30T12:42:43Z WARNING bsky_collector_v2.job.index_feed_generators: listRecords failed repo=did:plc:smn7s7qtthlk5bpmfkwq352c err=HttpError('InvalidRequest: Could not find repo: did:plc:smn7s7qtthlk5bpmfkwq352c')
2026-03-30T12:42:44Z INFO bsky_collector_v2.job.index_feed_generators: enqueued repos page=12 mode=listRepos inserted=500 repos_returned=500 next_cursor=set
2026-03-30T12:42:53Z WARNING bsky_collector_v2.job.index_feed_generators: listRecords failed repo=did:plc:567g37qbp5sgr4weiqvbuhlt err=HttpError('InvalidRequest: Could not find repo: did:plc:567g37qbp5sgr4weiqvbuhlt')
2026-03-30T12:44:26Z WARNING bsky_collector_v2.job.index_feed_generators: listRecords failed repo=did:plc:567g37qbp5sgr4weiqvbuhlt err=HttpError('InvalidRequest: Could not find repo: did:plc:567g37qbp5sgr4weiqvbuhlt')
2026-03-30T12:44:26Z WARNING bsky_collector_v2.job.index_feed_generators: listRecords failed repo=did:plc:567g37qbp5sgr4weiqvbuhlt err=HttpError('InvalidRequest: Could not find repo: did:plc:567g37qbp5sgr4weiqvbuhlt')
2026-03-30T12:44:27Z INFO bsky_collector_v2.job.index_feed_generators: enqueued repos page=13 mode=listRepos inserted=500 repos_returned=500 next_cursor=set
2026-03-30T12:44:37Z WARNING bsky_collector_v2.job.index_feed_generators: listRecords failed repo=did:plc:5qzucrl6u2eac7thoyhs5k76 err=HttpError('InvalidRequest: Could not find repo: did:plc:5qzucrl6u2eac7thoyhs5k76')
2026-03-30T12:46:04Z WARNING bsky_collector_v2.job.index_feed_generators: listRecords failed repo=did:plc:5qzucrl6u2eac7thoyhs5k76 err=HttpError('InvalidRequest: Could not find repo: did:plc:5qzucrl6u2eac7thoyhs5k76')
2026-03-30T12:46:04Z WARNING bsky_collector_v2.job.index_feed_generators: listRecords failed repo=did:plc:5qzucrl6u2eac7thoyhs5k76 err=HttpError('InvalidRequest: Could not find repo: did:plc:5qzucrl6u2eac7thoyhs5k76')
2026-03-30T12:46:05Z INFO bsky_collector_v2.job.index_feed_generators: enqueued repos page=14 mode=listRepos inserted=500 repos_returned=500 next_cursor=set
2026-03-30T12:46:05Z WARNING bsky_collector_v2.job.index_feed_generators: listRecords failed repo=did:plc:25zllnz7zgnbocq52imwxxuz err=HttpError('InvalidRequest: Could not find repo: did:plc:25zllnz7zgnbocq52imwxxuz')
2026-03-30T12:46:45Z WARNING bsky_collector_v2.job.index_feed_generators: listRecords failed repo=did:plc:k5yzee2as2hpgqnf6ljhbipt err=HttpError('InvalidRequest: Could not find repo: did:plc:k5yzee2as2hpgqnf6ljhbipt')
2026-03-30T12:46:46Z WARNING bsky_collector_v2.job.index_feed_generators: listRecords failed repo=did:plc:kyxcszas44iiufinp65t3vlq err=HttpError('InvalidRequest: Could not find repo: did:plc:kyxcszas44iiufinp65t3vlq')
2026-03-30T12:47:25Z WARNING bsky_collector_v2.job.index_feed_generators: listRecords failed repo=did:plc:25zllnz7zgnbocq52imwxxuz err=HttpError('InvalidRequest: Could not find repo: did:plc:25zllnz7zgnbocq52imwxxuz')
2026-03-30T12:47:25Z WARNING bsky_collector_v2.job.index_feed_generators: listRecords failed repo=did:plc:k5yzee2as2hpgqnf6ljhbipt err=HttpError('InvalidRequest: Could not find repo: did:plc:k5yzee2as2hpgqnf6ljhbipt')
2026-03-30T12:47:25Z WARNING bsky_collector_v2.job.index_feed_generators: listRecords failed repo=did:plc:kyxcszas44iiufinp65t3vlq err=HttpError('InvalidRequest: Could not find repo: did:plc:kyxcszas44iiufinp65t3vlq')
2026-03-30T12:47:25Z WARNING bsky_collector_v2.job.index_feed_generators: listRecords failed repo=did:plc:25zllnz7zgnbocq52imwxxuz err=HttpError('InvalidRequest: Could not find repo: did:plc:25zllnz7zgnbocq52imwxxuz')
2026-03-30T12:47:25Z WARNING bsky_collector_v2.job.index_feed_generators: listRecords failed repo=did:plc:k5yzee2as2hpgqnf6ljhbipt err=HttpError('InvalidRequest: Could not find repo: did:plc:k5yzee2as2hpgqnf6ljhbipt')
2026-03-30T12:47:25Z WARNING bsky_collector_v2.job.index_feed_generators: listRecords failed repo=did:plc:kyxcszas44iiufinp65t3vlq err=HttpError('InvalidRequest: Could not find repo: did:plc:kyxcszas44iiufinp65t3vlq')
2026-03-30T12:47:26Z INFO bsky_collector_v2.job.index_feed_generators: enqueued repos page=15 mode=listRepos inserted=500 repos_returned=500 next_cursor=set
2026-03-30T12:48:51Z INFO bsky_collector_v2.job.index_feed_generators: enqueued repos page=16 mode=listRepos inserted=500 repos_returned=500 next_cursor=set
2026-03-30T12:50:06Z WARNING bsky_collector_v2.job.index_feed_generators: listRecords failed repo=did:plc:nsepsfhzoduu2rwpe4pzaxp7 err=HttpError('InvalidRequest: Could not find repo: did:plc:nsepsfhzoduu2rwpe4pzaxp7')
2026-03-30T12:50:34Z WARNING bsky_collector_v2.job.index_feed_generators: listRecords failed repo=did:plc:z24l3il5hqtd7augmw25fvsg err=HttpError('InvalidRequest: Could not find repo: did:plc:z24l3il5hqtd7augmw25fvsg')
2026-03-30T12:50:36Z WARNING bsky_collector_v2.job.index_feed_generators: listRecords failed repo=did:plc:nsepsfhzoduu2rwpe4pzaxp7 err=HttpError('InvalidRequest: Could not find repo: did:plc:nsepsfhzoduu2rwpe4pzaxp7')
2026-03-30T12:50:36Z WARNING bsky_collector_v2.job.index_feed_generators: listRecords failed repo=did:plc:z24l3il5hqtd7augmw25fvsg err=HttpError('InvalidRequest: Could not find repo: did:plc:z24l3il5hqtd7augmw25fvsg')
2026-03-30T12:50:36Z WARNING bsky_collector_v2.job.index_feed_generators: listRecords failed repo=did:plc:nsepsfhzoduu2rwpe4pzaxp7 err=HttpError('InvalidRequest: Could not find repo: did:plc:nsepsfhzoduu2rwpe4pzaxp7')
2026-03-30T12:50:36Z WARNING bsky_collector_v2.job.index_feed_generators: listRecords failed repo=did:plc:z24l3il5hqtd7augmw25fvsg err=HttpError('InvalidRequest: Could not find repo: did:plc:z24l3il5hqtd7augmw25fvsg')
2026-03-30T12:50:37Z INFO bsky_collector_v2.job.index_feed_generators: enqueued repos page=17 mode=listRepos inserted=500 repos_returned=500 next_cursor=set
2026-03-30T12:50:40Z WARNING bsky_collector_v2.job.index_feed_generators: listRecords failed repo=did:plc:45cehbafn36i7tavr4kegmxk err=HttpError('InvalidRequest: Could not find repo: did:plc:45cehbafn36i7tavr4kegmxk')
2026-03-30T12:51:31Z INFO bsky_collector_v2.job.index_feed_generators: indexed repo=did:plc:peqjvv4hm5h4s4qo4mglyg7v part=113 records=1 next_cursor=set
2026-03-30T12:52:11Z WARNING bsky_collector_v2.job.index_feed_generators: listRecords failed repo=did:plc:45cehbafn36i7tavr4kegmxk err=HttpError('InvalidRequest: Could not find repo: did:plc:45cehbafn36i7tavr4kegmxk')
2026-03-30T12:52:11Z WARNING bsky_collector_v2.job.index_feed_generators: listRecords failed repo=did:plc:45cehbafn36i7tavr4kegmxk err=HttpError('InvalidRequest: Could not find repo: did:plc:45cehbafn36i7tavr4kegmxk')
2026-03-30T12:52:12Z INFO bsky_collector_v2.job.index_feed_generators: enqueued repos page=18 mode=listRepos inserted=500 repos_returned=500 next_cursor=set
2026-03-30T12:52:16Z INFO bsky_collector_v2.job.index_feed_generators: indexed repo=did:plc:3jqe7suzy4ao676wdc2ayvhv part=114 records=1 next_cursor=set
2026-03-30T12:52:25Z WARNING bsky_collector_v2.job.index_feed_generators: listRecords failed repo=did:plc:6ardxkj243vhpxsrdumzcse2 err=HttpError('InvalidRequest: Could not find repo: did:plc:6ardxkj243vhpxsrdumzcse2')
2026-03-30T12:52:31Z WARNING bsky_collector_v2.job.index_feed_generators: listRecords failed repo=did:plc:al3qg7chn2pn5elbmwophffj err=HttpError('InvalidRequest: Could not find repo: did:plc:al3qg7chn2pn5elbmwophffj')
2026-03-30T12:52:44Z WARNING bsky_collector_v2.job.index_feed_generators: listRecords failed repo=did:plc:fvi4ll4yjhyfzk6gfafvbejj err=HttpError('InvalidRequest: Could not find repo: did:plc:fvi4ll4yjhyfzk6gfafvbejj')
2026-03-30T12:52:59Z WARNING bsky_collector_v2.job.index_feed_generators: listRecords failed repo=did:plc:m3zedbd4zt247f5bb43tsfso err=HttpError('InvalidRequest: Could not find repo: did:plc:m3zedbd4zt247f5bb43tsfso')
2026-03-30T12:53:01Z WARNING bsky_collector_v2.job.index_feed_generators: listRecords failed repo=did:plc:ms5fctholcnkdcjks7byqtw5 err=HttpError('InvalidRequest: Could not find repo: did:plc:ms5fctholcnkdcjks7byqtw5')
2026-03-30T12:53:35Z WARNING bsky_collector_v2.job.index_feed_generators: listRecords failed repo=did:plc:6ardxkj243vhpxsrdumzcse2 err=HttpError('InvalidRequest: Could not find repo: did:plc:6ardxkj243vhpxsrdumzcse2')
2026-03-30T12:53:35Z WARNING bsky_collector_v2.job.index_feed_generators: listRecords failed repo=did:plc:al3qg7chn2pn5elbmwophffj err=HttpError('InvalidRequest: Could not find repo: did:plc:al3qg7chn2pn5elbmwophffj')
2026-03-30T12:53:35Z WARNING bsky_collector_v2.job.index_feed_generators: listRecords failed repo=did:plc:fvi4ll4yjhyfzk6gfafvbejj err=HttpError('InvalidRequest: Could not find repo: did:plc:fvi4ll4yjhyfzk6gfafvbejj')
2026-03-30T12:53:35Z WARNING bsky_collector_v2.job.index_feed_generators: listRecords failed repo=did:plc:m3zedbd4zt247f5bb43tsfso err=HttpError('InvalidRequest: Could not find repo: did:plc:m3zedbd4zt247f5bb43tsfso')
2026-03-30T12:53:35Z WARNING bsky_collector_v2.job.index_feed_generators: listRecords failed repo=did:plc:ms5fctholcnkdcjks7byqtw5 err=HttpError('InvalidRequest: Could not find repo: did:plc:ms5fctholcnkdcjks7byqtw5')
2026-03-30T12:53:35Z WARNING bsky_collector_v2.job.index_feed_generators: listRecords failed repo=did:plc:6ardxkj243vhpxsrdumzcse2 err=HttpError('InvalidRequest: Could not find repo: did:plc:6ardxkj243vhpxsrdumzcse2')
2026-03-30T12:53:35Z WARNING bsky_collector_v2.job.index_feed_generators: listRecords failed repo=did:plc:al3qg7chn2pn5elbmwophffj err=HttpError('InvalidRequest: Could not find repo: did:plc:al3qg7chn2pn5elbmwophffj')
2026-03-30T12:53:35Z WARNING bsky_collector_v2.job.index_feed_generators: listRecords failed repo=did:plc:fvi4ll4yjhyfzk6gfafvbejj err=HttpError('InvalidRequest: Could not find repo: did:plc:fvi4ll4yjhyfzk6gfafvbejj')
2026-03-30T12:53:35Z WARNING bsky_collector_v2.job.index_feed_generators: listRecords failed repo=did:plc:m3zedbd4zt247f5bb43tsfso err=HttpError('InvalidRequest: Could not find repo: did:plc:m3zedbd4zt247f5bb43tsfso')
2026-03-30T12:53:35Z WARNING bsky_collector_v2.job.index_feed_generators: listRecords failed repo=did:plc:ms5fctholcnkdcjks7byqtw5 err=HttpError('InvalidRequest: Could not find repo: did:plc:ms5fctholcnkdcjks7byqtw5')
2026-03-30T12:53:36Z INFO bsky_collector_v2.job.index_feed_generators: enqueued repos page=19 mode=listRepos inserted=500 repos_returned=500 next_cursor=set
2026-03-30T12:55:05Z INFO bsky_collector_v2.job.index_feed_generators: enqueued repos page=20 mode=listRepos inserted=500 repos_returned=500 next_cursor=set
2026-03-30T12:55:05Z WARNING bsky_collector_v2.job.index_feed_generators: listRecords failed repo=did:plc:23fmpznfosxsykvertjvyumg err=HttpError('InvalidRequest: Could not find repo: did:plc:23fmpznfosxsykvertjvyumg')
2026-03-30T12:55:18Z WARNING bsky_collector_v2.job.index_feed_generators: listRecords failed repo=did:plc:7vvcz5hdydauxnksslk7ev5t err=HttpError('InvalidRequest: Could not find repo: did:plc:7vvcz5hdydauxnksslk7ev5t')
2026-03-30T12:56:27Z WARNING bsky_collector_v2.job.index_feed_generators: listRecords failed repo=did:plc:wro2ngqgph7cqdu3clj5yqet err=HttpError('InvalidRequest: Could not find repo: did:plc:wro2ngqgph7cqdu3clj5yqet')
2026-03-30T12:56:33Z WARNING bsky_collector_v2.job.index_feed_generators: listRecords failed repo=did:plc:23fmpznfosxsykvertjvyumg err=HttpError('InvalidRequest: Could not find repo: did:plc:23fmpznfosxsykvertjvyumg')
2026-03-30T12:56:33Z WARNING bsky_collector_v2.job.index_feed_generators: listRecords failed repo=did:plc:7vvcz5hdydauxnksslk7ev5t err=HttpError('InvalidRequest: Could not find repo: did:plc:7vvcz5hdydauxnksslk7ev5t')
2026-03-30T12:56:33Z WARNING bsky_collector_v2.job.index_feed_generators: listRecords failed repo=did:plc:wro2ngqgph7cqdu3clj5yqet err=HttpError('InvalidRequest: Could not find repo: did:plc:wro2ngqgph7cqdu3clj5yqet')
2026-03-30T12:56:33Z WARNING bsky_collector_v2.job.index_feed_generators: listRecords failed repo=did:plc:23fmpznfosxsykvertjvyumg err=HttpError('InvalidRequest: Could not find repo: did:plc:23fmpznfosxsykvertjvyumg')
2026-03-30T12:56:33Z WARNING bsky_collector_v2.job.index_feed_generators: listRecords failed repo=did:plc:7vvcz5hdydauxnksslk7ev5t err=HttpError('InvalidRequest: Could not find repo: did:plc:7vvcz5hdydauxnksslk7ev5t')
2026-03-30T12:56:34Z WARNING bsky_collector_v2.job.index_feed_generators: listRecords failed repo=did:plc:wro2ngqgph7cqdu3clj5yqet err=HttpError('InvalidRequest: Could not find repo: did:plc:wro2ngqgph7cqdu3clj5yqet')
2026-03-30T12:56:34Z INFO bsky_collector_v2.job.index_feed_generators: enqueued repos page=21 mode=listRepos inserted=500 repos_returned=500 next_cursor=set
2026-03-30T12:57:55Z INFO bsky_collector_v2.job.index_feed_generators: enqueued repos page=22 mode=listRepos inserted=500 repos_returned=500 next_cursor=set
2026-03-30T12:59:20Z INFO bsky_collector_v2.job.index_feed_generators: enqueued repos page=23 mode=listRepos inserted=500 repos_returned=500 next_cursor=set
2026-03-30T13:00:21Z WARNING bsky_collector_v2.job.index_feed_generators: listRecords failed repo=did:plc:nh47i54u7oq6cxqj2qyz5civ err=HttpError('InvalidRequest: Could not find repo: did:plc:nh47i54u7oq6cxqj2qyz5civ')
2026-03-30T13:01:06Z WARNING bsky_collector_v2.job.index_feed_generators: listRecords failed repo=did:plc:nh47i54u7oq6cxqj2qyz5civ err=HttpError('InvalidRequest: Could not find repo: did:plc:nh47i54u7oq6cxqj2qyz5civ')
2026-03-30T13:01:06Z WARNING bsky_collector_v2.job.index_feed_generators: listRecords failed repo=did:plc:nh47i54u7oq6cxqj2qyz5civ err=HttpError('InvalidRequest: Could not find repo: did:plc:nh47i54u7oq6cxqj2qyz5civ')
2026-03-30T13:01:06Z INFO bsky_collector_v2.job.index_feed_generators: enqueued repos page=24 mode=listRepos inserted=500 repos_returned=500 next_cursor=set
2026-03-30T13:01:42Z WARNING bsky_collector_v2.job.index_feed_generators: listRecords failed repo=did:plc:hd2jflxegtwcqqzmqpozgrbq err=HttpError('InvalidRequest: Could not find repo: did:plc:hd2jflxegtwcqqzmqpozgrbq')
2026-03-30T13:02:13Z WARNING bsky_collector_v2.job.index_feed_generators: listRecords failed repo=did:plc:ooo2fqo7gdmedgarbnangx6j err=HttpError('InvalidRequest: Could not find repo: did:plc:ooo2fqo7gdmedgarbnangx6j')
2026-03-30T13:02:50Z WARNING bsky_collector_v2.job.index_feed_generators: listRecords failed repo=did:plc:hd2jflxegtwcqqzmqpozgrbq err=HttpError('InvalidRequest: Could not find repo: did:plc:hd2jflxegtwcqqzmqpozgrbq')
2026-03-30T13:02:50Z WARNING bsky_collector_v2.job.index_feed_generators: listRecords failed repo=did:plc:ooo2fqo7gdmedgarbnangx6j err=HttpError('InvalidRequest: Could not find repo: did:plc:ooo2fqo7gdmedgarbnangx6j')
2026-03-30T13:02:50Z WARNING bsky_collector_v2.job.index_feed_generators: listRecords failed repo=did:plc:hd2jflxegtwcqqzmqpozgrbq err=HttpError('InvalidRequest: Could not find repo: did:plc:hd2jflxegtwcqqzmqpozgrbq')
2026-03-30T13:02:51Z WARNING bsky_collector_v2.job.index_feed_generators: listRecords failed repo=did:plc:ooo2fqo7gdmedgarbnangx6j err=HttpError('InvalidRequest: Could not find repo: did:plc:ooo2fqo7gdmedgarbnangx6j')
2026-03-30T13:02:51Z INFO bsky_collector_v2.job.index_feed_generators: enqueued repos page=25 mode=listRepos inserted=500 repos_returned=500 next_cursor=set
2026-03-30T13:03:20Z WARNING bsky_collector_v2.job.index_feed_generators: listRecords failed repo=did:plc:edh26kxlzezcelqc5oyxdxz6 err=HttpError('InvalidRequest: Could not find repo: did:plc:edh26kxlzezcelqc5oyxdxz6')
2026-03-30T13:04:13Z WARNING bsky_collector_v2.job.index_feed_generators: listRecords failed repo=did:plc:edh26kxlzezcelqc5oyxdxz6 err=HttpError('InvalidRequest: Could not find repo: did:plc:edh26kxlzezcelqc5oyxdxz6')
2026-03-30T13:04:13Z WARNING bsky_collector_v2.job.index_feed_generators: listRecords failed repo=did:plc:edh26kxlzezcelqc5oyxdxz6 err=HttpError('InvalidRequest: Could not find repo: did:plc:edh26kxlzezcelqc5oyxdxz6')
2026-03-30T13:04:14Z INFO bsky_collector_v2.job.index_feed_generators: enqueued repos page=26 mode=listRepos inserted=500 repos_returned=500 next_cursor=set
2026-03-30T13:05:53Z INFO bsky_collector_v2.job.index_feed_generators: enqueued repos page=27 mode=listRepos inserted=500 repos_returned=500 next_cursor=set
2026-03-30T13:06:24Z WARNING bsky_collector_v2.job.index_feed_generators: listRecords failed repo=did:plc:f53svxxkx4s6ql3ccvavlvh5 err=HttpError('InvalidRequest: Could not find repo: did:plc:f53svxxkx4s6ql3ccvavlvh5')
2026-03-30T13:06:42Z WARNING bsky_collector_v2.job.index_feed_generators: listRecords failed repo=did:plc:nfdyh7b6lu76gh33giykulzl err=HttpError('InvalidRequest: Could not find repo: did:plc:nfdyh7b6lu76gh33giykulzl')
2026-03-30T13:07:12Z WARNING bsky_collector_v2.job.index_feed_generators: listRecords failed repo=did:plc:wckiowjutsx3twodvnydbtvs err=HttpError('InvalidRequest: Could not find repo: did:plc:wckiowjutsx3twodvnydbtvs')
2026-03-30T13:07:24Z WARNING bsky_collector_v2.job.index_feed_generators: listRecords failed repo=did:plc:f53svxxkx4s6ql3ccvavlvh5 err=HttpError('InvalidRequest: Could not find repo: did:plc:f53svxxkx4s6ql3ccvavlvh5')
2026-03-30T13:07:24Z WARNING bsky_collector_v2.job.index_feed_generators: listRecords failed repo=did:plc:nfdyh7b6lu76gh33giykulzl err=HttpError('InvalidRequest: Could not find repo: did:plc:nfdyh7b6lu76gh33giykulzl')
2026-03-30T13:07:24Z WARNING bsky_collector_v2.job.index_feed_generators: listRecords failed repo=did:plc:wckiowjutsx3twodvnydbtvs err=HttpError('InvalidRequest: Could not find repo: did:plc:wckiowjutsx3twodvnydbtvs')
2026-03-30T13:07:24Z WARNING bsky_collector_v2.job.index_feed_generators: listRecords failed repo=did:plc:f53svxxkx4s6ql3ccvavlvh5 err=HttpError('InvalidRequest: Could not find repo: did:plc:f53svxxkx4s6ql3ccvavlvh5')
2026-03-30T13:07:24Z WARNING bsky_collector_v2.job.index_feed_generators: listRecords failed repo=did:plc:nfdyh7b6lu76gh33giykulzl err=HttpError('InvalidRequest: Could not find repo: did:plc:nfdyh7b6lu76gh33giykulzl')
2026-03-30T13:07:24Z WARNING bsky_collector_v2.job.index_feed_generators: listRecords failed repo=did:plc:wckiowjutsx3twodvnydbtvs err=HttpError('InvalidRequest: Could not find repo: did:plc:wckiowjutsx3twodvnydbtvs')
2026-03-30T13:07:24Z INFO bsky_collector_v2.job.index_feed_generators: enqueued repos page=28 mode=listRepos inserted=500 repos_returned=500 next_cursor=set
2026-03-30T13:07:32Z INFO bsky_collector_v2.job.index_feed_generators: indexed repo=did:plc:5rcdcdjcticcckhvkug6z4ie part=115 records=3 next_cursor=set
2026-03-30T13:08:15Z WARNING bsky_collector_v2.job.index_feed_generators: listRecords failed repo=did:plc:nr3jchukl3zwweygykmefzgo err=HttpError('InvalidRequest: Could not find repo: did:plc:nr3jchukl3zwweygykmefzgo')
2026-03-30T13:08:47Z WARNING bsky_collector_v2.job.index_feed_generators: listRecords failed repo=did:plc:nr3jchukl3zwweygykmefzgo err=HttpError('InvalidRequest: Could not find repo: did:plc:nr3jchukl3zwweygykmefzgo')
2026-03-30T13:08:47Z WARNING bsky_collector_v2.job.index_feed_generators: listRecords failed repo=did:plc:nr3jchukl3zwweygykmefzgo err=HttpError('InvalidRequest: Could not find repo: did:plc:nr3jchukl3zwweygykmefzgo')
2026-03-30T13:08:48Z INFO bsky_collector_v2.job.index_feed_generators: enqueued repos page=29 mode=listRepos inserted=500 repos_returned=500 next_cursor=set
2026-03-30T13:08:51Z WARNING bsky_collector_v2.job.index_feed_generators: listRecords failed repo=did:plc:3dp63owgoyptxuh7xsesshk4 err=HttpError('InvalidRequest: Could not find repo: did:plc:3dp63owgoyptxuh7xsesshk4')
2026-03-30T13:10:17Z WARNING bsky_collector_v2.job.index_feed_generators: listRecords failed repo=did:plc:3dp63owgoyptxuh7xsesshk4 err=HttpError('InvalidRequest: Could not find repo: did:plc:3dp63owgoyptxuh7xsesshk4')
2026-03-30T13:10:17Z WARNING bsky_collector_v2.job.index_feed_generators: listRecords failed repo=did:plc:3dp63owgoyptxuh7xsesshk4 err=HttpError('InvalidRequest: Could not find repo: did:plc:3dp63owgoyptxuh7xsesshk4')
2026-03-30T13:10:17Z INFO bsky_collector_v2.job.index_feed_generators: enqueued repos page=30 mode=listRepos inserted=500 repos_returned=500 next_cursor=set
2026-03-30T13:11:18Z WARNING bsky_collector_v2.job.index_feed_generators: listRecords failed repo=did:plc:ntuvw77dl6hm7wx3wtnddlo7 err=HttpError('InvalidRequest: Could not find repo: did:plc:ntuvw77dl6hm7wx3wtnddlo7')
2026-03-30T13:11:32Z WARNING bsky_collector_v2.job.index_feed_generators: listRecords failed repo=did:plc:tzo7nsdh6kk6fgoyjkxs3wur err=HttpError('InvalidRequest: Could not find repo: did:plc:tzo7nsdh6kk6fgoyjkxs3wur')
2026-03-30T13:11:43Z INFO bsky_collector_v2.job.index_feed_generators: indexed repo=did:plc:y5xn5gx6vhtc4ee56nd7vytv part=116 records=1 next_cursor=set
2026-03-30T13:11:45Z INFO bsky_collector_v2.job.index_feed_generators: indexed repo=did:plc:yvyzfzuoclnnlj3aaa7vxlvb part=117 records=5 next_cursor=set
2026-03-30T13:11:49Z WARNING bsky_collector_v2.job.index_feed_generators: listRecords failed repo=did:plc:ntuvw77dl6hm7wx3wtnddlo7 err=HttpError('InvalidRequest: Could not find repo: did:plc:ntuvw77dl6hm7wx3wtnddlo7')
2026-03-30T13:11:49Z WARNING bsky_collector_v2.job.index_feed_generators: listRecords failed repo=did:plc:tzo7nsdh6kk6fgoyjkxs3wur err=HttpError('InvalidRequest: Could not find repo: did:plc:tzo7nsdh6kk6fgoyjkxs3wur')
2026-03-30T13:11:50Z WARNING bsky_collector_v2.job.index_feed_generators: listRecords failed repo=did:plc:ntuvw77dl6hm7wx3wtnddlo7 err=HttpError('InvalidRequest: Could not find repo: did:plc:ntuvw77dl6hm7wx3wtnddlo7')
2026-03-30T13:11:50Z WARNING bsky_collector_v2.job.index_feed_generators: listRecords failed repo=did:plc:tzo7nsdh6kk6fgoyjkxs3wur err=HttpError('InvalidRequest: Could not find repo: did:plc:tzo7nsdh6kk6fgoyjkxs3wur')
2026-03-30T13:11:50Z INFO bsky_collector_v2.job.index_feed_generators: enqueued repos page=31 mode=listRepos inserted=500 repos_returned=500 next_cursor=set
2026-03-30T13:11:52Z WARNING bsky_collector_v2.job.index_feed_generators: listRecords failed repo=did:plc:2tur65e6gxkih6y2exjg65ks err=HttpError('InvalidRequest: Could not find repo: did:plc:2tur65e6gxkih6y2exjg65ks')
2026-03-30T13:12:04Z WARNING bsky_collector_v2.job.index_feed_generators: listRecords failed repo=did:plc:527cnsd6em7n3fgbfavugiib err=HttpError('InvalidRequest: Could not find repo: did:plc:527cnsd6em7n3fgbfavugiib')
2026-03-30T13:12:08Z WARNING bsky_collector_v2.job.index_feed_generators: listRecords failed repo=did:plc:5q4ysnt3uogskl7k4u5ouah2 err=HttpError('InvalidRequest: Could not find repo: did:plc:5q4ysnt3uogskl7k4u5ouah2')
2026-03-30T13:12:44Z WARNING bsky_collector_v2.job.index_feed_generators: listRecords failed repo=did:plc:hf2fzielyid4mkdysuq66qhl err=HttpError('InvalidRequest: Could not find repo: did:plc:hf2fzielyid4mkdysuq66qhl')
2026-03-30T13:13:14Z INFO bsky_collector_v2.job.index_feed_generators: indexed repo=did:plc:qme4wqv2nv2b5zxbakwgjt2u part=118 records=1 next_cursor=set
2026-03-30T13:13:59Z WARNING bsky_collector_v2.job.index_feed_generators: listRecords failed repo=did:plc:2tur65e6gxkih6y2exjg65ks err=HttpError('InvalidRequest: Could not find repo: did:plc:2tur65e6gxkih6y2exjg65ks')
2026-03-30T13:13:59Z WARNING bsky_collector_v2.job.index_feed_generators: listRecords failed repo=did:plc:527cnsd6em7n3fgbfavugiib err=HttpError('InvalidRequest: Could not find repo: did:plc:527cnsd6em7n3fgbfavugiib')
2026-03-30T13:13:59Z WARNING bsky_collector_v2.job.index_feed_generators: listRecords failed repo=did:plc:5q4ysnt3uogskl7k4u5ouah2 err=HttpError('InvalidRequest: Could not find repo: did:plc:5q4ysnt3uogskl7k4u5ouah2')
2026-03-30T13:13:59Z WARNING bsky_collector_v2.job.index_feed_generators: listRecords failed repo=did:plc:hf2fzielyid4mkdysuq66qhl err=HttpError('InvalidRequest: Could not find repo: did:plc:hf2fzielyid4mkdysuq66qhl')
2026-03-30T13:14:00Z WARNING bsky_collector_v2.job.index_feed_generators: listRecords failed repo=did:plc:2tur65e6gxkih6y2exjg65ks err=HttpError('InvalidRequest: Could not find repo: did:plc:2tur65e6gxkih6y2exjg65ks')
2026-03-30T13:14:00Z WARNING bsky_collector_v2.job.index_feed_generators: listRecords failed repo=did:plc:527cnsd6em7n3fgbfavugiib err=HttpError('InvalidRequest: Could not find repo: did:plc:527cnsd6em7n3fgbfavugiib')
2026-03-30T13:14:00Z WARNING bsky_collector_v2.job.index_feed_generators: listRecords failed repo=did:plc:5q4ysnt3uogskl7k4u5ouah2 err=HttpError('InvalidRequest: Could not find repo: did:plc:5q4ysnt3uogskl7k4u5ouah2')
2026-03-30T13:14:00Z WARNING bsky_collector_v2.job.index_feed_generators: listRecords failed repo=did:plc:hf2fzielyid4mkdysuq66qhl err=HttpError('InvalidRequest: Could not find repo: did:plc:hf2fzielyid4mkdysuq66qhl')
2026-03-30T13:14:00Z INFO bsky_collector_v2.job.index_feed_generators: enqueued repos page=32 mode=listRepos inserted=500 repos_returned=500 next_cursor=set
2026-03-30T13:14:09Z WARNING bsky_collector_v2.job.index_feed_generators: listRecords failed repo=did:plc:6bd6kgi34g26iddsw3oexkyy err=HttpError('InvalidRequest: Could not find repo: did:plc:6bd6kgi34g26iddsw3oexkyy')
2026-03-30T13:14:56Z WARNING bsky_collector_v2.job.index_feed_generators: listRecords failed repo=did:plc:qx4en6az63mn4xuevlg3ekpe err=HttpError('InvalidRequest: Could not find repo: did:plc:qx4en6az63mn4xuevlg3ekpe')
2026-03-30T13:15:20Z WARNING bsky_collector_v2.job.index_feed_generators: listRecords failed repo=did:plc:6bd6kgi34g26iddsw3oexkyy err=HttpError('InvalidRequest: Could not find repo: did:plc:6bd6kgi34g26iddsw3oexkyy')
2026-03-30T13:15:20Z WARNING bsky_collector_v2.job.index_feed_generators: listRecords failed repo=did:plc:qx4en6az63mn4xuevlg3ekpe err=HttpError('InvalidRequest: Could not find repo: did:plc:qx4en6az63mn4xuevlg3ekpe')
2026-03-30T13:15:20Z WARNING bsky_collector_v2.job.index_feed_generators: listRecords failed repo=did:plc:6bd6kgi34g26iddsw3oexkyy err=HttpError('InvalidRequest: Could not find repo: did:plc:6bd6kgi34g26iddsw3oexkyy')
2026-03-30T13:15:20Z WARNING bsky_collector_v2.job.index_feed_generators: listRecords failed repo=did:plc:qx4en6az63mn4xuevlg3ekpe err=HttpError('InvalidRequest: Could not find repo: did:plc:qx4en6az63mn4xuevlg3ekpe')
2026-03-30T13:15:21Z INFO bsky_collector_v2.job.index_feed_generators: enqueued repos page=33 mode=listRepos inserted=500 repos_returned=500 next_cursor=set
2026-03-30T13:15:46Z WARNING bsky_collector_v2.job.index_feed_generators: listRecords failed repo=did:plc:esa6vpzwye5nt7qlu46avvy2 err=HttpError('InvalidRequest: Could not find repo: did:plc:esa6vpzwye5nt7qlu46avvy2')
2026-03-30T13:15:57Z WARNING bsky_collector_v2.job.index_feed_generators: listRecords failed repo=did:plc:id5y3qpletgm4vddgkeiiee2 err=HttpError('InvalidRequest: Could not find repo: did:plc:id5y3qpletgm4vddgkeiiee2')
2026-03-30T13:16:09Z WARNING bsky_collector_v2.job.index_feed_generators: listRecords failed repo=did:plc:lgua54o4eq7jncpwouxtwazi err=HttpError('InvalidRequest: Could not find repo: did:plc:lgua54o4eq7jncpwouxtwazi')
2026-03-30T13:16:55Z WARNING bsky_collector_v2.job.index_feed_generators: listRecords failed repo=did:plc:esa6vpzwye5nt7qlu46avvy2 err=HttpError('InvalidRequest: Could not find repo: did:plc:esa6vpzwye5nt7qlu46avvy2')
2026-03-30T13:16:55Z WARNING bsky_collector_v2.job.index_feed_generators: listRecords failed repo=did:plc:id5y3qpletgm4vddgkeiiee2 err=HttpError('InvalidRequest: Could not find repo: did:plc:id5y3qpletgm4vddgkeiiee2')
2026-03-30T13:16:55Z WARNING bsky_collector_v2.job.index_feed_generators: listRecords failed repo=did:plc:lgua54o4eq7jncpwouxtwazi err=HttpError('InvalidRequest: Could not find repo: did:plc:lgua54o4eq7jncpwouxtwazi')
2026-03-30T13:16:55Z WARNING bsky_collector_v2.job.index_feed_generators: listRecords failed repo=did:plc:esa6vpzwye5nt7qlu46avvy2 err=HttpError('InvalidRequest: Could not find repo: did:plc:esa6vpzwye5nt7qlu46avvy2')
2026-03-30T13:16:55Z WARNING bsky_collector_v2.job.index_feed_generators: listRecords failed repo=did:plc:id5y3qpletgm4vddgkeiiee2 err=HttpError('InvalidRequest: Could not find repo: did:plc:id5y3qpletgm4vddgkeiiee2')
2026-03-30T13:16:55Z WARNING bsky_collector_v2.job.index_feed_generators: listRecords failed repo=did:plc:lgua54o4eq7jncpwouxtwazi err=HttpError('InvalidRequest: Could not find repo: did:plc:lgua54o4eq7jncpwouxtwazi')
2026-03-30T13:16:56Z INFO bsky_collector_v2.job.index_feed_generators: enqueued repos page=34 mode=listRepos inserted=500 repos_returned=500 next_cursor=set
2026-03-30T13:17:01Z INFO bsky_collector_v2.job.index_feed_generators: indexed repo=did:plc:3jmmzwhd7m5dnk24zebvwq5b part=119 records=1 next_cursor=set
2026-03-30T13:17:44Z WARNING bsky_collector_v2.job.index_feed_generators: listRecords failed repo=did:plc:j2sv25i6yomg3s7eltruvg74 err=HttpError('InvalidRequest: Could not find repo: did:plc:j2sv25i6yomg3s7eltruvg74')
2026-03-30T13:17:59Z WARNING bsky_collector_v2.job.index_feed_generators: listRecords failed repo=did:plc:pc4eraseohgtuccuflyfq6pr err=HttpError('InvalidRequest: Could not find repo: did:plc:pc4eraseohgtuccuflyfq6pr')
2026-03-30T13:18:37Z INFO bsky_collector_v2.job.index_feed_generators: indexed repo=did:plc:ynfwfi7vgowg4g73iteptktr part=120 records=1 next_cursor=set
2026-03-30T13:18:40Z WARNING bsky_collector_v2.job.index_feed_generators: listRecords failed repo=did:plc:j2sv25i6yomg3s7eltruvg74 err=HttpError('InvalidRequest: Could not find repo: did:plc:j2sv25i6yomg3s7eltruvg74')
2026-03-30T13:18:40Z WARNING bsky_collector_v2.job.index_feed_generators: listRecords failed repo=did:plc:pc4eraseohgtuccuflyfq6pr err=HttpError('InvalidRequest: Could not find repo: did:plc:pc4eraseohgtuccuflyfq6pr')
2026-03-30T13:18:40Z WARNING bsky_collector_v2.job.index_feed_generators: listRecords failed repo=did:plc:j2sv25i6yomg3s7eltruvg74 err=HttpError('InvalidRequest: Could not find repo: did:plc:j2sv25i6yomg3s7eltruvg74')
2026-03-30T13:18:40Z WARNING bsky_collector_v2.job.index_feed_generators: listRecords failed repo=did:plc:pc4eraseohgtuccuflyfq6pr err=HttpError('InvalidRequest: Could not find repo: did:plc:pc4eraseohgtuccuflyfq6pr')
2026-03-30T13:18:41Z INFO bsky_collector_v2.job.index_feed_generators: enqueued repos page=35 mode=listRepos inserted=500 repos_returned=500 next_cursor=set
