2026-03-14T08:42:27Z INFO bsky_collector_v2: out_base ok path=/Volumes/T9/BlueSky/data_v2_full mount=/Volumes/T9
2026-03-14T08:42:27Z INFO bsky_collector_v2: job start subcommand=index-feed-generators dry_run=False resume=True
2026-03-14T08:42:27Z INFO bsky_collector_v2.job.index_feed_generators: feed generator index hosts relay_host=https://bsky.network records_host=https://bsky.social auth=yes
2026-03-14T08:42:28Z WARNING bsky_collector_v2.job.index_feed_generators: listRecords failed repo=did:plc:fjbrft4opqhsvn23svey42ao err=HttpError('InvalidRequest: Could not find repo: did:plc:fjbrft4opqhsvn23svey42ao')
2026-03-14T08:42:32Z INFO bsky_collector_v2.job.index_feed_generators: indexed repo=did:plc:hb2l2p4yodpzf6dkzq6rtpz2 part=113 records=1 next_cursor=set
2026-03-14T08:42:54Z WARNING bsky_collector_v2.job.index_feed_generators: listRecords failed repo=did:plc:pmek2srfaj6g7upq736mt6ar err=HttpError('InvalidRequest: Could not find repo: did:plc:pmek2srfaj6g7upq736mt6ar')
2026-03-14T08:43:18Z WARNING bsky_collector_v2.job.index_feed_generators: listRecords failed repo=did:plc:fbscjcsssbiuedl2tgvdfis3 err=HttpError('InvalidRequest: Could not find repo: did:plc:fbscjcsssbiuedl2tgvdfis3')
2026-03-14T08:43:18Z WARNING bsky_collector_v2.job.index_feed_generators: listRecords failed repo=did:plc:fjbrft4opqhsvn23svey42ao err=HttpError('InvalidRequest: Could not find repo: did:plc:fjbrft4opqhsvn23svey42ao')
2026-03-14T08:43:18Z WARNING bsky_collector_v2.job.index_feed_generators: listRecords failed repo=did:plc:pmek2srfaj6g7upq736mt6ar err=HttpError('InvalidRequest: Could not find repo: did:plc:pmek2srfaj6g7upq736mt6ar')
2026-03-14T08:43:18Z WARNING bsky_collector_v2.job.index_feed_generators: listRecords failed repo=did:plc:fbscjcsssbiuedl2tgvdfis3 err=HttpError('InvalidRequest: Could not find repo: did:plc:fbscjcsssbiuedl2tgvdfis3')
2026-03-14T08:43:18Z WARNING bsky_collector_v2.job.index_feed_generators: listRecords failed repo=did:plc:fjbrft4opqhsvn23svey42ao err=HttpError('InvalidRequest: Could not find repo: did:plc:fjbrft4opqhsvn23svey42ao')
2026-03-14T08:43:18Z WARNING bsky_collector_v2.job.index_feed_generators: listRecords failed repo=did:plc:pmek2srfaj6g7upq736mt6ar err=HttpError('InvalidRequest: Could not find repo: did:plc:pmek2srfaj6g7upq736mt6ar')
2026-03-14T08:43:19Z INFO bsky_collector_v2.job.index_feed_generators: enqueued repos page=1 mode=listRepos inserted=500 repos_returned=500 next_cursor=set
2026-03-14T08:43:42Z WARNING bsky_collector_v2.job.index_feed_generators: listRecords failed repo=did:plc:bq4kawmnc2tfnimgij7cftyu err=HttpError('NotEnoughResources: NotEnoughResources')
2026-03-14T08:43:53Z WARNING bsky_collector_v2.job.index_feed_generators: listRecords failed repo=did:plc:dc2sq6vklvi2wpdf33okufis err=HttpError('InvalidRequest: Could not find repo: did:plc:dc2sq6vklvi2wpdf33okufis')
2026-03-14T08:44:16Z WARNING bsky_collector_v2.job.index_feed_generators: listRecords failed repo=did:plc:krmfqhepkkunr6bp2mw6y6pd err=HttpError('InvalidRequest: Could not find repo: did:plc:krmfqhepkkunr6bp2mw6y6pd')
2026-03-14T08:45:08Z WARNING bsky_collector_v2.job.index_feed_generators: listRecords failed repo=did:plc:dc2sq6vklvi2wpdf33okufis err=HttpError('InvalidRequest: Could not find repo: did:plc:dc2sq6vklvi2wpdf33okufis')
2026-03-14T08:45:08Z WARNING bsky_collector_v2.job.index_feed_generators: listRecords failed repo=did:plc:krmfqhepkkunr6bp2mw6y6pd err=HttpError('InvalidRequest: Could not find repo: did:plc:krmfqhepkkunr6bp2mw6y6pd')
2026-03-14T08:45:09Z WARNING bsky_collector_v2.job.index_feed_generators: listRecords failed repo=did:plc:dc2sq6vklvi2wpdf33okufis err=HttpError('InvalidRequest: Could not find repo: did:plc:dc2sq6vklvi2wpdf33okufis')
2026-03-14T08:45:09Z WARNING bsky_collector_v2.job.index_feed_generators: listRecords failed repo=did:plc:krmfqhepkkunr6bp2mw6y6pd err=HttpError('InvalidRequest: Could not find repo: did:plc:krmfqhepkkunr6bp2mw6y6pd')
2026-03-14T08:45:09Z INFO bsky_collector_v2.job.index_feed_generators: enqueued repos page=2 mode=listRepos inserted=500 repos_returned=500 next_cursor=set
2026-03-14T08:45:17Z WARNING bsky_collector_v2.job.index_feed_generators: listRecords failed repo=did:plc:4mgetnsdmyzz5du7lijjqpjb err=HttpError('InvalidRequest: Could not find repo: did:plc:4mgetnsdmyzz5du7lijjqpjb')
2026-03-14T08:47:13Z WARNING bsky_collector_v2.job.index_feed_generators: listRecords failed repo=did:plc:4mgetnsdmyzz5du7lijjqpjb err=HttpError('InvalidRequest: Could not find repo: did:plc:4mgetnsdmyzz5du7lijjqpjb')
2026-03-14T08:47:13Z WARNING bsky_collector_v2.job.index_feed_generators: listRecords failed repo=did:plc:4mgetnsdmyzz5du7lijjqpjb err=HttpError('InvalidRequest: Could not find repo: did:plc:4mgetnsdmyzz5du7lijjqpjb')
2026-03-14T08:47:14Z INFO bsky_collector_v2.job.index_feed_generators: enqueued repos page=3 mode=listRepos inserted=500 repos_returned=500 next_cursor=set
2026-03-14T08:47:45Z INFO bsky_collector_v2.job.index_feed_generators: indexed repo=did:plc:gvw7dibkmbbddxrhegx7424v part=114 records=2 next_cursor=set
2026-03-14T08:47:48Z WARNING bsky_collector_v2.job.index_feed_generators: listRecords failed repo=did:plc:hja3xtjitxbi2fdm5yryxbvb err=HttpError('InvalidRequest: Could not find repo: did:plc:hja3xtjitxbi2fdm5yryxbvb')
2026-03-14T08:48:45Z WARNING bsky_collector_v2.job.index_feed_generators: listRecords failed repo=did:plc:hja3xtjitxbi2fdm5yryxbvb err=HttpError('InvalidRequest: Could not find repo: did:plc:hja3xtjitxbi2fdm5yryxbvb')
2026-03-14T08:48:45Z WARNING bsky_collector_v2.job.index_feed_generators: listRecords failed repo=did:plc:hja3xtjitxbi2fdm5yryxbvb err=HttpError('InvalidRequest: Could not find repo: did:plc:hja3xtjitxbi2fdm5yryxbvb')
2026-03-14T08:48:46Z INFO bsky_collector_v2.job.index_feed_generators: enqueued repos page=4 mode=listRepos inserted=500 repos_returned=500 next_cursor=set
2026-03-14T08:50:30Z INFO bsky_collector_v2.job.index_feed_generators: enqueued repos page=5 mode=listRepos inserted=500 repos_returned=500 next_cursor=set
2026-03-14T08:50:36Z WARNING bsky_collector_v2.job.index_feed_generators: listRecords failed repo=did:plc:4jf3yku2j2az4nxmq45vmkyn err=HttpError('InvalidRequest: Could not find repo: did:plc:4jf3yku2j2az4nxmq45vmkyn')
2026-03-14T08:51:53Z WARNING bsky_collector_v2.job.index_feed_generators: listRecords failed repo=did:plc:tpbvi6kbmslmkqyoqdxcnzpv err=HttpError('InvalidRequest: Could not find repo: did:plc:tpbvi6kbmslmkqyoqdxcnzpv')
2026-03-14T08:52:20Z WARNING bsky_collector_v2.job.index_feed_generators: listRecords failed repo=did:plc:4jf3yku2j2az4nxmq45vmkyn err=HttpError('InvalidRequest: Could not find repo: did:plc:4jf3yku2j2az4nxmq45vmkyn')
2026-03-14T08:52:20Z WARNING bsky_collector_v2.job.index_feed_generators: listRecords failed repo=did:plc:tpbvi6kbmslmkqyoqdxcnzpv err=HttpError('InvalidRequest: Could not find repo: did:plc:tpbvi6kbmslmkqyoqdxcnzpv')
2026-03-14T08:52:20Z WARNING bsky_collector_v2.job.index_feed_generators: listRecords failed repo=did:plc:4jf3yku2j2az4nxmq45vmkyn err=HttpError('InvalidRequest: Could not find repo: did:plc:4jf3yku2j2az4nxmq45vmkyn')
2026-03-14T08:52:20Z WARNING bsky_collector_v2.job.index_feed_generators: listRecords failed repo=did:plc:tpbvi6kbmslmkqyoqdxcnzpv err=HttpError('InvalidRequest: Could not find repo: did:plc:tpbvi6kbmslmkqyoqdxcnzpv')
2026-03-14T08:52:21Z INFO bsky_collector_v2.job.index_feed_generators: enqueued repos page=6 mode=listRepos inserted=500 repos_returned=500 next_cursor=set
2026-03-14T08:53:09Z WARNING bsky_collector_v2.job.index_feed_generators: listRecords failed repo=did:plc:kx7kgy3nyfvckkhwg52czufk err=HttpError('InvalidRequest: Could not find repo: did:plc:kx7kgy3nyfvckkhwg52czufk')
2026-03-14T08:53:09Z WARNING bsky_collector_v2.job.index_feed_generators: listRecords failed repo=did:plc:l46kcdthgritzk7ojtjrockr err=HttpError('InvalidRequest: Could not find repo: did:plc:l46kcdthgritzk7ojtjrockr')
2026-03-14T08:54:03Z WARNING bsky_collector_v2.job.index_feed_generators: listRecords failed repo=did:plc:qso2rabmfqhgcsfbcpju3wm7 err=HttpError('InvalidRequest: Could not find repo: did:plc:qso2rabmfqhgcsfbcpju3wm7')
2026-03-14T08:55:09Z WARNING bsky_collector_v2.job.index_feed_generators: listRecords failed repo=did:plc:kx7kgy3nyfvckkhwg52czufk err=HttpError('InvalidRequest: Could not find repo: did:plc:kx7kgy3nyfvckkhwg52czufk')
2026-03-14T08:55:09Z WARNING bsky_collector_v2.job.index_feed_generators: listRecords failed repo=did:plc:l46kcdthgritzk7ojtjrockr err=HttpError('InvalidRequest: Could not find repo: did:plc:l46kcdthgritzk7ojtjrockr')
2026-03-14T08:55:09Z WARNING bsky_collector_v2.job.index_feed_generators: listRecords failed repo=did:plc:qso2rabmfqhgcsfbcpju3wm7 err=HttpError('InvalidRequest: Could not find repo: did:plc:qso2rabmfqhgcsfbcpju3wm7')
2026-03-14T08:55:09Z WARNING bsky_collector_v2.job.index_feed_generators: listRecords failed repo=did:plc:kx7kgy3nyfvckkhwg52czufk err=HttpError('InvalidRequest: Could not find repo: did:plc:kx7kgy3nyfvckkhwg52czufk')
2026-03-14T08:55:09Z WARNING bsky_collector_v2.job.index_feed_generators: listRecords failed repo=did:plc:l46kcdthgritzk7ojtjrockr err=HttpError('InvalidRequest: Could not find repo: did:plc:l46kcdthgritzk7ojtjrockr')
2026-03-14T08:55:09Z WARNING bsky_collector_v2.job.index_feed_generators: listRecords failed repo=did:plc:qso2rabmfqhgcsfbcpju3wm7 err=HttpError('InvalidRequest: Could not find repo: did:plc:qso2rabmfqhgcsfbcpju3wm7')
2026-03-14T08:55:09Z INFO bsky_collector_v2.job.index_feed_generators: enqueued repos page=7 mode=listRepos inserted=500 repos_returned=500 next_cursor=set
2026-03-14T08:55:33Z WARNING bsky_collector_v2.job.index_feed_generators: listRecords failed repo=did:plc:bvw4vjsb7cc53x2r6xu5moek err=HttpError('InvalidRequest: Could not find repo: did:plc:bvw4vjsb7cc53x2r6xu5moek')
2026-03-14T08:55:37Z WARNING bsky_collector_v2.job.index_feed_generators: listRecords failed repo=did:plc:d3dfidzvsmauacppsjyaovy7 err=HttpError('InvalidRequest: Could not find repo: did:plc:d3dfidzvsmauacppsjyaovy7')
2026-03-14T08:56:13Z WARNING bsky_collector_v2.job.index_feed_generators: listRecords failed repo=did:plc:rxqqrk5d72ysqto4ag4xx64b err=HttpError('InvalidRequest: Could not find repo: did:plc:rxqqrk5d72ysqto4ag4xx64b')
2026-03-14T08:56:13Z WARNING bsky_collector_v2.job.index_feed_generators: listRecords failed repo=did:plc:sexbsxcihnjznujofc3w4xbq err=HttpError('InvalidRequest: Could not find repo: did:plc:sexbsxcihnjznujofc3w4xbq')
2026-03-14T08:56:15Z WARNING bsky_collector_v2.job.index_feed_generators: listRecords failed repo=did:plc:srlnlwveqz5yxnogdc2ahdps err=HttpError('InvalidRequest: Could not find repo: did:plc:srlnlwveqz5yxnogdc2ahdps')
2026-03-14T08:56:34Z WARNING bsky_collector_v2.job.index_feed_generators: listRecords failed repo=did:plc:bvw4vjsb7cc53x2r6xu5moek err=HttpError('InvalidRequest: Could not find repo: did:plc:bvw4vjsb7cc53x2r6xu5moek')
2026-03-14T08:56:34Z WARNING bsky_collector_v2.job.index_feed_generators: listRecords failed repo=did:plc:d3dfidzvsmauacppsjyaovy7 err=HttpError('InvalidRequest: Could not find repo: did:plc:d3dfidzvsmauacppsjyaovy7')
2026-03-14T08:56:34Z WARNING bsky_collector_v2.job.index_feed_generators: listRecords failed repo=did:plc:rxqqrk5d72ysqto4ag4xx64b err=HttpError('InvalidRequest: Could not find repo: did:plc:rxqqrk5d72ysqto4ag4xx64b')
2026-03-14T08:56:34Z WARNING bsky_collector_v2.job.index_feed_generators: listRecords failed repo=did:plc:sexbsxcihnjznujofc3w4xbq err=HttpError('InvalidRequest: Could not find repo: did:plc:sexbsxcihnjznujofc3w4xbq')
2026-03-14T08:56:34Z WARNING bsky_collector_v2.job.index_feed_generators: listRecords failed repo=did:plc:srlnlwveqz5yxnogdc2ahdps err=HttpError('InvalidRequest: Could not find repo: did:plc:srlnlwveqz5yxnogdc2ahdps')
2026-03-14T08:56:34Z WARNING bsky_collector_v2.job.index_feed_generators: listRecords failed repo=did:plc:bvw4vjsb7cc53x2r6xu5moek err=HttpError('InvalidRequest: Could not find repo: did:plc:bvw4vjsb7cc53x2r6xu5moek')
2026-03-14T08:56:34Z WARNING bsky_collector_v2.job.index_feed_generators: listRecords failed repo=did:plc:d3dfidzvsmauacppsjyaovy7 err=HttpError('InvalidRequest: Could not find repo: did:plc:d3dfidzvsmauacppsjyaovy7')
2026-03-14T08:56:34Z WARNING bsky_collector_v2.job.index_feed_generators: listRecords failed repo=did:plc:rxqqrk5d72ysqto4ag4xx64b err=HttpError('InvalidRequest: Could not find repo: did:plc:rxqqrk5d72ysqto4ag4xx64b')
2026-03-14T08:56:34Z WARNING bsky_collector_v2.job.index_feed_generators: listRecords failed repo=did:plc:sexbsxcihnjznujofc3w4xbq err=HttpError('InvalidRequest: Could not find repo: did:plc:sexbsxcihnjznujofc3w4xbq')
2026-03-14T08:56:35Z WARNING bsky_collector_v2.job.index_feed_generators: listRecords failed repo=did:plc:srlnlwveqz5yxnogdc2ahdps err=HttpError('InvalidRequest: Could not find repo: did:plc:srlnlwveqz5yxnogdc2ahdps')
2026-03-14T08:56:35Z INFO bsky_collector_v2.job.index_feed_generators: enqueued repos page=8 mode=listRepos inserted=500 repos_returned=500 next_cursor=set
2026-03-14T08:59:28Z INFO bsky_collector_v2.job.index_feed_generators: enqueued repos page=9 mode=listRepos inserted=500 repos_returned=500 next_cursor=set
2026-03-14T08:59:35Z WARNING bsky_collector_v2.job.index_feed_generators: listRecords failed repo=did:plc:4lt7xup5dfsznqndxra2li5a err=HttpError('InvalidRequest: Could not find repo: did:plc:4lt7xup5dfsznqndxra2li5a')
2026-03-14T08:59:53Z WARNING bsky_collector_v2.job.index_feed_generators: listRecords failed repo=did:plc:dannjwkzxlagpsopcb2fartr err=HttpError('InvalidRequest: Could not find repo: did:plc:dannjwkzxlagpsopcb2fartr')
2026-03-14T09:00:08Z WARNING bsky_collector_v2.job.index_feed_generators: listRecords failed repo=did:plc:jarotli57qcq25z2pssskuuu err=HttpError('InvalidRequest: Could not find repo: did:plc:jarotli57qcq25z2pssskuuu')
2026-03-14T09:00:30Z WARNING bsky_collector_v2.job.index_feed_generators: listRecords failed repo=did:plc:oqsxvxxdxhaiwgcvaocasyuw err=HttpError('InvalidRequest: Could not find repo: did:plc:oqsxvxxdxhaiwgcvaocasyuw')
2026-03-14T09:01:42Z WARNING bsky_collector_v2.job.index_feed_generators: listRecords failed repo=did:plc:4lt7xup5dfsznqndxra2li5a err=HttpError('InvalidRequest: Could not find repo: did:plc:4lt7xup5dfsznqndxra2li5a')
2026-03-14T09:01:42Z WARNING bsky_collector_v2.job.index_feed_generators: listRecords failed repo=did:plc:dannjwkzxlagpsopcb2fartr err=HttpError('InvalidRequest: Could not find repo: did:plc:dannjwkzxlagpsopcb2fartr')
2026-03-14T09:01:42Z WARNING bsky_collector_v2.job.index_feed_generators: listRecords failed repo=did:plc:jarotli57qcq25z2pssskuuu err=HttpError('InvalidRequest: Could not find repo: did:plc:jarotli57qcq25z2pssskuuu')
2026-03-14T09:01:43Z WARNING bsky_collector_v2.job.index_feed_generators: listRecords failed repo=did:plc:oqsxvxxdxhaiwgcvaocasyuw err=HttpError('InvalidRequest: Could not find repo: did:plc:oqsxvxxdxhaiwgcvaocasyuw')
2026-03-14T09:01:43Z WARNING bsky_collector_v2.job.index_feed_generators: listRecords failed repo=did:plc:4lt7xup5dfsznqndxra2li5a err=HttpError('InvalidRequest: Could not find repo: did:plc:4lt7xup5dfsznqndxra2li5a')
2026-03-14T09:01:43Z WARNING bsky_collector_v2.job.index_feed_generators: listRecords failed repo=did:plc:dannjwkzxlagpsopcb2fartr err=HttpError('InvalidRequest: Could not find repo: did:plc:dannjwkzxlagpsopcb2fartr')
2026-03-14T09:01:43Z WARNING bsky_collector_v2.job.index_feed_generators: listRecords failed repo=did:plc:jarotli57qcq25z2pssskuuu err=HttpError('InvalidRequest: Could not find repo: did:plc:jarotli57qcq25z2pssskuuu')
2026-03-14T09:01:43Z WARNING bsky_collector_v2.job.index_feed_generators: listRecords failed repo=did:plc:oqsxvxxdxhaiwgcvaocasyuw err=HttpError('InvalidRequest: Could not find repo: did:plc:oqsxvxxdxhaiwgcvaocasyuw')
2026-03-14T09:01:43Z INFO bsky_collector_v2.job.index_feed_generators: enqueued repos page=10 mode=listRepos inserted=500 repos_returned=500 next_cursor=set
2026-03-14T09:02:04Z WARNING bsky_collector_v2.job.index_feed_generators: listRecords failed repo=did:plc:c7mqvb5wqa2pt3lefoe6l7ri err=HttpError('InvalidRequest: Could not find repo: did:plc:c7mqvb5wqa2pt3lefoe6l7ri')
2026-03-14T09:03:16Z WARNING bsky_collector_v2.job.index_feed_generators: listRecords failed repo=did:plc:c7mqvb5wqa2pt3lefoe6l7ri err=HttpError('InvalidRequest: Could not find repo: did:plc:c7mqvb5wqa2pt3lefoe6l7ri')
2026-03-14T09:03:16Z WARNING bsky_collector_v2.job.index_feed_generators: listRecords failed repo=did:plc:c7mqvb5wqa2pt3lefoe6l7ri err=HttpError('InvalidRequest: Could not find repo: did:plc:c7mqvb5wqa2pt3lefoe6l7ri')
2026-03-14T09:03:17Z INFO bsky_collector_v2.job.index_feed_generators: enqueued repos page=11 mode=listRepos inserted=500 repos_returned=500 next_cursor=set
2026-03-14T09:04:15Z WARNING bsky_collector_v2.job.index_feed_generators: listRecords failed repo=did:plc:pphfjuupoai6akyjuxv3r5gw err=HttpError('InvalidRequest: Could not find repo: did:plc:pphfjuupoai6akyjuxv3r5gw')
2026-03-14T09:04:43Z WARNING bsky_collector_v2.job.index_feed_generators: listRecords failed repo=did:plc:pphfjuupoai6akyjuxv3r5gw err=HttpError('InvalidRequest: Could not find repo: did:plc:pphfjuupoai6akyjuxv3r5gw')
2026-03-14T09:04:43Z WARNING bsky_collector_v2.job.index_feed_generators: listRecords failed repo=did:plc:pphfjuupoai6akyjuxv3r5gw err=HttpError('InvalidRequest: Could not find repo: did:plc:pphfjuupoai6akyjuxv3r5gw')
2026-03-14T09:04:43Z INFO bsky_collector_v2.job.index_feed_generators: enqueued repos page=12 mode=listRepos inserted=500 repos_returned=500 next_cursor=set
2026-03-14T09:05:14Z WARNING bsky_collector_v2.job.index_feed_generators: listRecords failed repo=did:plc:ejusgmfgega7lqfzv5ypindr err=HttpError('InvalidRequest: Could not find repo: did:plc:ejusgmfgega7lqfzv5ypindr')
2026-03-14T09:05:36Z WARNING bsky_collector_v2.job.index_feed_generators: listRecords failed repo=did:plc:jhjy7zqtlkalu4s6rf74mp34 err=HttpError('InvalidRequest: Could not find repo: did:plc:jhjy7zqtlkalu4s6rf74mp34')
2026-03-14T09:05:41Z WARNING bsky_collector_v2.job.index_feed_generators: listRecords failed repo=did:plc:kwfe3vor35bvgqf6kgf5rzsh err=HttpError('InvalidRequest: Could not find repo: did:plc:kwfe3vor35bvgqf6kgf5rzsh')
2026-03-14T09:06:25Z WARNING bsky_collector_v2.job.index_feed_generators: listRecords failed repo=did:plc:ejusgmfgega7lqfzv5ypindr err=HttpError('InvalidRequest: Could not find repo: did:plc:ejusgmfgega7lqfzv5ypindr')
2026-03-14T09:06:25Z WARNING bsky_collector_v2.job.index_feed_generators: listRecords failed repo=did:plc:jhjy7zqtlkalu4s6rf74mp34 err=HttpError('InvalidRequest: Could not find repo: did:plc:jhjy7zqtlkalu4s6rf74mp34')
2026-03-14T09:06:25Z WARNING bsky_collector_v2.job.index_feed_generators: listRecords failed repo=did:plc:kwfe3vor35bvgqf6kgf5rzsh err=HttpError('InvalidRequest: Could not find repo: did:plc:kwfe3vor35bvgqf6kgf5rzsh')
2026-03-14T09:06:26Z WARNING bsky_collector_v2.job.index_feed_generators: listRecords failed repo=did:plc:ejusgmfgega7lqfzv5ypindr err=HttpError('InvalidRequest: Could not find repo: did:plc:ejusgmfgega7lqfzv5ypindr')
2026-03-14T09:06:26Z WARNING bsky_collector_v2.job.index_feed_generators: listRecords failed repo=did:plc:jhjy7zqtlkalu4s6rf74mp34 err=HttpError('InvalidRequest: Could not find repo: did:plc:jhjy7zqtlkalu4s6rf74mp34')
2026-03-14T09:06:26Z WARNING bsky_collector_v2.job.index_feed_generators: listRecords failed repo=did:plc:kwfe3vor35bvgqf6kgf5rzsh err=HttpError('InvalidRequest: Could not find repo: did:plc:kwfe3vor35bvgqf6kgf5rzsh')
2026-03-14T09:06:26Z INFO bsky_collector_v2.job.index_feed_generators: enqueued repos page=13 mode=listRepos inserted=500 repos_returned=500 next_cursor=set
2026-03-14T09:07:08Z WARNING bsky_collector_v2.job.index_feed_generators: listRecords failed repo=did:plc:fqbsawmc27n7gbzbq32igghm err=HttpError('InvalidRequest: Could not find repo: did:plc:fqbsawmc27n7gbzbq32igghm')
2026-03-14T09:08:10Z WARNING bsky_collector_v2.job.index_feed_generators: listRecords failed repo=did:plc:fqbsawmc27n7gbzbq32igghm err=HttpError('InvalidRequest: Could not find repo: did:plc:fqbsawmc27n7gbzbq32igghm')
2026-03-14T09:08:10Z WARNING bsky_collector_v2.job.index_feed_generators: listRecords failed repo=did:plc:fqbsawmc27n7gbzbq32igghm err=HttpError('InvalidRequest: Could not find repo: did:plc:fqbsawmc27n7gbzbq32igghm')
2026-03-14T09:08:10Z INFO bsky_collector_v2.job.index_feed_generators: enqueued repos page=14 mode=listRepos inserted=500 repos_returned=500 next_cursor=set
2026-03-14T09:08:59Z WARNING bsky_collector_v2.job.index_feed_generators: listRecords failed repo=did:plc:mvhn5sdfsz4ya5roj2e3ufzc err=HttpError('InvalidRequest: Could not find repo: did:plc:mvhn5sdfsz4ya5roj2e3ufzc')
2026-03-14T09:09:01Z WARNING bsky_collector_v2.job.index_feed_generators: listRecords failed repo=did:plc:ncx7xzreooaegm47ffoqqz7n err=HttpError('InvalidRequest: Could not find repo: did:plc:ncx7xzreooaegm47ffoqqz7n')
2026-03-14T09:09:13Z WARNING bsky_collector_v2.job.index_feed_generators: listRecords failed repo=did:plc:svcapdixzhakld4m4xppsdnn err=HttpError('InvalidRequest: Could not find repo: did:plc:svcapdixzhakld4m4xppsdnn')
2026-03-14T09:09:33Z WARNING bsky_collector_v2.job.index_feed_generators: listRecords failed repo=did:plc:mvhn5sdfsz4ya5roj2e3ufzc err=HttpError('InvalidRequest: Could not find repo: did:plc:mvhn5sdfsz4ya5roj2e3ufzc')
2026-03-14T09:09:33Z WARNING bsky_collector_v2.job.index_feed_generators: listRecords failed repo=did:plc:ncx7xzreooaegm47ffoqqz7n err=HttpError('InvalidRequest: Could not find repo: did:plc:ncx7xzreooaegm47ffoqqz7n')
2026-03-14T09:09:33Z WARNING bsky_collector_v2.job.index_feed_generators: listRecords failed repo=did:plc:svcapdixzhakld4m4xppsdnn err=HttpError('InvalidRequest: Could not find repo: did:plc:svcapdixzhakld4m4xppsdnn')
2026-03-14T09:09:34Z WARNING bsky_collector_v2.job.index_feed_generators: listRecords failed repo=did:plc:mvhn5sdfsz4ya5roj2e3ufzc err=HttpError('InvalidRequest: Could not find repo: did:plc:mvhn5sdfsz4ya5roj2e3ufzc')
2026-03-14T09:09:34Z WARNING bsky_collector_v2.job.index_feed_generators: listRecords failed repo=did:plc:ncx7xzreooaegm47ffoqqz7n err=HttpError('InvalidRequest: Could not find repo: did:plc:ncx7xzreooaegm47ffoqqz7n')
2026-03-14T09:09:34Z WARNING bsky_collector_v2.job.index_feed_generators: listRecords failed repo=did:plc:svcapdixzhakld4m4xppsdnn err=HttpError('InvalidRequest: Could not find repo: did:plc:svcapdixzhakld4m4xppsdnn')
2026-03-14T09:09:34Z INFO bsky_collector_v2.job.index_feed_generators: enqueued repos page=15 mode=listRepos inserted=500 repos_returned=500 next_cursor=set
2026-03-14T09:10:56Z INFO bsky_collector_v2.job.index_feed_generators: enqueued repos page=16 mode=listRepos inserted=500 repos_returned=500 next_cursor=set
2026-03-14T09:11:13Z INFO bsky_collector_v2.job.index_feed_generators: indexed repo=did:plc:bjkyryfxx5vng2aktkdwsyut part=115 records=1 next_cursor=set
2026-03-14T09:11:48Z INFO bsky_collector_v2.job.index_feed_generators: indexed repo=did:plc:n3r25l6d6cvwiuickfbr6u4b part=116 records=1 next_cursor=set
2026-03-14T09:12:28Z INFO bsky_collector_v2.job.index_feed_generators: enqueued repos page=17 mode=listRepos inserted=500 repos_returned=500 next_cursor=set
2026-03-14T09:12:47Z WARNING bsky_collector_v2.job.index_feed_generators: listRecords failed repo=did:plc:ay5lct2uqugq6pecvxil2ud7 err=HttpError('InvalidRequest: Could not find repo: did:plc:ay5lct2uqugq6pecvxil2ud7')
2026-03-14T09:13:50Z WARNING bsky_collector_v2.job.index_feed_generators: listRecords failed repo=did:plc:ay5lct2uqugq6pecvxil2ud7 err=HttpError('InvalidRequest: Could not find repo: did:plc:ay5lct2uqugq6pecvxil2ud7')
2026-03-14T09:13:50Z WARNING bsky_collector_v2.job.index_feed_generators: listRecords failed repo=did:plc:ay5lct2uqugq6pecvxil2ud7 err=HttpError('InvalidRequest: Could not find repo: did:plc:ay5lct2uqugq6pecvxil2ud7')
2026-03-14T09:13:51Z INFO bsky_collector_v2.job.index_feed_generators: enqueued repos page=18 mode=listRepos inserted=500 repos_returned=500 next_cursor=set
2026-03-14T09:15:36Z INFO bsky_collector_v2.job.index_feed_generators: enqueued repos page=19 mode=listRepos inserted=500 repos_returned=500 next_cursor=set
2026-03-14T09:15:40Z WARNING bsky_collector_v2.job.index_feed_generators: listRecords failed repo=did:plc:3ikijq7hlagtl733qg2aakbk err=HttpError('InvalidRequest: Could not find repo: did:plc:3ikijq7hlagtl733qg2aakbk')
2026-03-14T09:15:53Z WARNING bsky_collector_v2.job.index_feed_generators: listRecords failed repo=did:plc:5zfkk6bo3hgzf5xerroslyzb err=HttpError('InvalidRequest: Could not find repo: did:plc:5zfkk6bo3hgzf5xerroslyzb')
2026-03-14T09:16:13Z WARNING bsky_collector_v2.job.index_feed_generators: listRecords failed repo=did:plc:fqumkh3bn24rl5s5i54effke err=HttpError('InvalidRequest: Could not find repo: did:plc:fqumkh3bn24rl5s5i54effke')
2026-03-14T09:16:29Z WARNING bsky_collector_v2.job.index_feed_generators: listRecords failed repo=did:plc:lfscvohirkoadzmwps2hg6n5 err=HttpError('InvalidRequest: Could not find repo: did:plc:lfscvohirkoadzmwps2hg6n5')
2026-03-14T09:16:42Z WARNING bsky_collector_v2.job.index_feed_generators: listRecords failed repo=did:plc:pqk2dsskc26zxbwsaklvqawe err=HttpError('InvalidRequest: Could not find repo: did:plc:pqk2dsskc26zxbwsaklvqawe')
2026-03-14T09:17:09Z WARNING bsky_collector_v2.job.index_feed_generators: listRecords failed repo=did:plc:3ikijq7hlagtl733qg2aakbk err=HttpError('InvalidRequest: Could not find repo: did:plc:3ikijq7hlagtl733qg2aakbk')
2026-03-14T09:17:09Z WARNING bsky_collector_v2.job.index_feed_generators: listRecords failed repo=did:plc:5zfkk6bo3hgzf5xerroslyzb err=HttpError('InvalidRequest: Could not find repo: did:plc:5zfkk6bo3hgzf5xerroslyzb')
2026-03-14T09:17:09Z WARNING bsky_collector_v2.job.index_feed_generators: listRecords failed repo=did:plc:fqumkh3bn24rl5s5i54effke err=HttpError('InvalidRequest: Could not find repo: did:plc:fqumkh3bn24rl5s5i54effke')
2026-03-14T09:17:09Z WARNING bsky_collector_v2.job.index_feed_generators: listRecords failed repo=did:plc:lfscvohirkoadzmwps2hg6n5 err=HttpError('InvalidRequest: Could not find repo: did:plc:lfscvohirkoadzmwps2hg6n5')
2026-03-14T09:17:09Z WARNING bsky_collector_v2.job.index_feed_generators: listRecords failed repo=did:plc:pqk2dsskc26zxbwsaklvqawe err=HttpError('InvalidRequest: Could not find repo: did:plc:pqk2dsskc26zxbwsaklvqawe')
2026-03-14T09:17:09Z WARNING bsky_collector_v2.job.index_feed_generators: listRecords failed repo=did:plc:3ikijq7hlagtl733qg2aakbk err=HttpError('InvalidRequest: Could not find repo: did:plc:3ikijq7hlagtl733qg2aakbk')
2026-03-14T09:17:09Z WARNING bsky_collector_v2.job.index_feed_generators: listRecords failed repo=did:plc:5zfkk6bo3hgzf5xerroslyzb err=HttpError('InvalidRequest: Could not find repo: did:plc:5zfkk6bo3hgzf5xerroslyzb')
2026-03-14T09:17:09Z WARNING bsky_collector_v2.job.index_feed_generators: listRecords failed repo=did:plc:fqumkh3bn24rl5s5i54effke err=HttpError('InvalidRequest: Could not find repo: did:plc:fqumkh3bn24rl5s5i54effke')
2026-03-14T09:17:09Z WARNING bsky_collector_v2.job.index_feed_generators: listRecords failed repo=did:plc:lfscvohirkoadzmwps2hg6n5 err=HttpError('InvalidRequest: Could not find repo: did:plc:lfscvohirkoadzmwps2hg6n5')
2026-03-14T09:17:09Z WARNING bsky_collector_v2.job.index_feed_generators: listRecords failed repo=did:plc:pqk2dsskc26zxbwsaklvqawe err=HttpError('InvalidRequest: Could not find repo: did:plc:pqk2dsskc26zxbwsaklvqawe')
2026-03-14T09:17:10Z INFO bsky_collector_v2.job.index_feed_generators: enqueued repos page=20 mode=listRepos inserted=500 repos_returned=500 next_cursor=set
2026-03-14T09:17:19Z INFO bsky_collector_v2.job.index_feed_generators: indexed repo=did:plc:5g5taecfvzmx266xwjppcbrj part=117 records=5 next_cursor=set
2026-03-14T09:18:15Z WARNING bsky_collector_v2.job.index_feed_generators: listRecords failed repo=did:plc:shejy5bv3f266r6ohfpyki45 err=HttpError('InvalidRequest: Could not find repo: did:plc:shejy5bv3f266r6ohfpyki45')
2026-03-14T09:18:32Z WARNING bsky_collector_v2.job.index_feed_generators: listRecords failed repo=did:plc:shejy5bv3f266r6ohfpyki45 err=HttpError('InvalidRequest: Could not find repo: did:plc:shejy5bv3f266r6ohfpyki45')
2026-03-14T09:18:32Z WARNING bsky_collector_v2.job.index_feed_generators: listRecords failed repo=did:plc:shejy5bv3f266r6ohfpyki45 err=HttpError('InvalidRequest: Could not find repo: did:plc:shejy5bv3f266r6ohfpyki45')
2026-03-14T09:18:33Z INFO bsky_collector_v2.job.index_feed_generators: enqueued repos page=21 mode=listRepos inserted=500 repos_returned=500 next_cursor=set
2026-03-14T09:20:01Z INFO bsky_collector_v2.job.index_feed_generators: enqueued repos page=22 mode=listRepos inserted=500 repos_returned=500 next_cursor=set
2026-03-14T09:21:44Z WARNING bsky_collector_v2.job.index_feed_generators: listRecords failed repo=did:plc:ufokms4lbguec4qadi5ufr3q err=HttpError('InvalidRequest: Could not find repo: did:plc:ufokms4lbguec4qadi5ufr3q')
2026-03-14T09:21:59Z WARNING bsky_collector_v2.job.index_feed_generators: listRecords failed repo=did:plc:ufokms4lbguec4qadi5ufr3q err=HttpError('InvalidRequest: Could not find repo: did:plc:ufokms4lbguec4qadi5ufr3q')
2026-03-14T09:21:59Z WARNING bsky_collector_v2.job.index_feed_generators: listRecords failed repo=did:plc:ufokms4lbguec4qadi5ufr3q err=HttpError('InvalidRequest: Could not find repo: did:plc:ufokms4lbguec4qadi5ufr3q')
2026-03-14T09:22:00Z INFO bsky_collector_v2.job.index_feed_generators: enqueued repos page=23 mode=listRepos inserted=500 repos_returned=500 next_cursor=set
2026-03-14T09:22:17Z WARNING bsky_collector_v2.job.index_feed_generators: listRecords failed repo=did:plc:babamf3kyar55weirg7hxwsr err=HttpError('InvalidRequest: Could not find repo: did:plc:babamf3kyar55weirg7hxwsr')
2026-03-14T09:23:46Z WARNING bsky_collector_v2.job.index_feed_generators: listRecords failed repo=did:plc:babamf3kyar55weirg7hxwsr err=HttpError('InvalidRequest: Could not find repo: did:plc:babamf3kyar55weirg7hxwsr')
2026-03-14T09:23:46Z WARNING bsky_collector_v2.job.index_feed_generators: listRecords failed repo=did:plc:babamf3kyar55weirg7hxwsr err=HttpError('InvalidRequest: Could not find repo: did:plc:babamf3kyar55weirg7hxwsr')
2026-03-14T09:23:46Z INFO bsky_collector_v2.job.index_feed_generators: enqueued repos page=24 mode=listRepos inserted=500 repos_returned=500 next_cursor=set
2026-03-14T09:24:04Z WARNING bsky_collector_v2.job.index_feed_generators: listRecords failed repo=did:plc:bvzebfiqjwdbsex5lmmrq6hx err=HttpError('InvalidRequest: Could not find repo: did:plc:bvzebfiqjwdbsex5lmmrq6hx')
2026-03-14T09:25:41Z WARNING bsky_collector_v2.job.index_feed_generators: listRecords failed repo=did:plc:bvzebfiqjwdbsex5lmmrq6hx err=HttpError('InvalidRequest: Could not find repo: did:plc:bvzebfiqjwdbsex5lmmrq6hx')
2026-03-14T09:25:41Z WARNING bsky_collector_v2.job.index_feed_generators: listRecords failed repo=did:plc:bvzebfiqjwdbsex5lmmrq6hx err=HttpError('InvalidRequest: Could not find repo: did:plc:bvzebfiqjwdbsex5lmmrq6hx')
2026-03-14T09:25:42Z INFO bsky_collector_v2.job.index_feed_generators: enqueued repos page=25 mode=listRepos inserted=500 repos_returned=500 next_cursor=set
2026-03-14T09:27:12Z INFO bsky_collector_v2.job.index_feed_generators: enqueued repos page=26 mode=listRepos inserted=500 repos_returned=500 next_cursor=set
2026-03-14T09:27:45Z INFO bsky_collector_v2.job.index_feed_generators: indexed repo=did:plc:fhmqptlgz6hqmcqzipbuicrk part=118 records=1 next_cursor=set
2026-03-14T09:28:39Z INFO bsky_collector_v2.job.index_feed_generators: enqueued repos page=27 mode=listRepos inserted=500 repos_returned=500 next_cursor=set
2026-03-14T09:28:40Z INFO bsky_collector_v2.job.index_feed_generators: indexed repo=did:plc:2yohy43gds6qlco6qrr5lpwi part=119 records=1 next_cursor=set
2026-03-14T09:29:29Z WARNING bsky_collector_v2.job.index_feed_generators: listRecords failed repo=did:plc:muoml3xeeka3xkabgrlijfvb err=HttpError('InvalidRequest: Could not find repo: did:plc:muoml3xeeka3xkabgrlijfvb')
2026-03-14T09:30:05Z WARNING bsky_collector_v2.job.index_feed_generators: listRecords failed repo=did:plc:muoml3xeeka3xkabgrlijfvb err=HttpError('InvalidRequest: Could not find repo: did:plc:muoml3xeeka3xkabgrlijfvb')
2026-03-14T09:30:05Z WARNING bsky_collector_v2.job.index_feed_generators: listRecords failed repo=did:plc:muoml3xeeka3xkabgrlijfvb err=HttpError('InvalidRequest: Could not find repo: did:plc:muoml3xeeka3xkabgrlijfvb')
2026-03-14T09:30:06Z INFO bsky_collector_v2.job.index_feed_generators: enqueued repos page=28 mode=listRepos inserted=500 repos_returned=500 next_cursor=set
2026-03-14T09:30:07Z WARNING bsky_collector_v2.job.index_feed_generators: listRecords failed repo=did:plc:2wuoeivs6rt7ose7r34pmt7o err=HttpError('InvalidRequest: Could not find repo: did:plc:2wuoeivs6rt7ose7r34pmt7o')
2026-03-14T09:30:09Z WARNING bsky_collector_v2.job.index_feed_generators: listRecords failed repo=did:plc:3w5daciiop53hqa2xodjocts err=HttpError('InvalidRequest: Could not find repo: did:plc:3w5daciiop53hqa2xodjocts')
2026-03-14T09:30:10Z WARNING bsky_collector_v2.job.index_feed_generators: listRecords failed repo=did:plc:4chbv3yos3orlummd35dj6dm err=HttpError('InvalidRequest: Could not find repo: did:plc:4chbv3yos3orlummd35dj6dm')
2026-03-14T09:30:10Z WARNING bsky_collector_v2.job.index_feed_generators: listRecords failed repo=did:plc:4fi3nfsjiftypakhrebq4oho err=HttpError('InvalidRequest: Could not find repo: did:plc:4fi3nfsjiftypakhrebq4oho')
2026-03-14T09:30:10Z WARNING bsky_collector_v2.job.index_feed_generators: listRecords failed repo=did:plc:4geeow5y2rdo3xui2q2efdp2 err=HttpError('InvalidRequest: Could not find repo: did:plc:4geeow5y2rdo3xui2q2efdp2')
2026-03-14T09:30:14Z WARNING bsky_collector_v2.job.index_feed_generators: listRecords failed repo=did:plc:5thdknykvecd4v5kzh2zgi7w err=HttpError('InvalidRequest: Could not find repo: did:plc:5thdknykvecd4v5kzh2zgi7w')
2026-03-14T09:30:16Z WARNING bsky_collector_v2.job.index_feed_generators: listRecords failed repo=did:plc:6jpll72hgals5ocbikwkyumt err=HttpError('InvalidRequest: Could not find repo: did:plc:6jpll72hgals5ocbikwkyumt')
2026-03-14T09:30:16Z WARNING bsky_collector_v2.job.index_feed_generators: listRecords failed repo=did:plc:6lf2pb3nde7jt6kevnklrmwu err=HttpError('InvalidRequest: Could not find repo: did:plc:6lf2pb3nde7jt6kevnklrmwu')
2026-03-14T09:30:16Z WARNING bsky_collector_v2.job.index_feed_generators: listRecords failed repo=did:plc:6qnx5v6slmtw4cupf7rzoidg err=HttpError('InvalidRequest: Could not find repo: did:plc:6qnx5v6slmtw4cupf7rzoidg')
2026-03-14T09:30:16Z WARNING bsky_collector_v2.job.index_feed_generators: listRecords failed repo=did:plc:6xhxrxalvuqidh3j2uhvgcgc err=HttpError('InvalidRequest: Could not find repo: did:plc:6xhxrxalvuqidh3j2uhvgcgc')
2026-03-14T09:30:17Z WARNING bsky_collector_v2.job.index_feed_generators: listRecords failed repo=did:plc:7chby5r42vasba242b2zbeqm err=HttpError('InvalidRequest: Could not find repo: did:plc:7chby5r42vasba242b2zbeqm')
2026-03-14T09:30:17Z WARNING bsky_collector_v2.job.index_feed_generators: listRecords failed repo=did:plc:7cois4isipv4ilfcvnwptnav err=HttpError('InvalidRequest: Could not find repo: did:plc:7cois4isipv4ilfcvnwptnav')
2026-03-14T09:30:18Z WARNING bsky_collector_v2.job.index_feed_generators: listRecords failed repo=did:plc:a52qz6ib5ubjv5blo6htdeig err=HttpError('InvalidRequest: Could not find repo: did:plc:a52qz6ib5ubjv5blo6htdeig')
2026-03-14T09:30:19Z WARNING bsky_collector_v2.job.index_feed_generators: listRecords failed repo=did:plc:aldr3dyp5f5xxrgb4y4p5dsl err=HttpError('InvalidRequest: Could not find repo: did:plc:aldr3dyp5f5xxrgb4y4p5dsl')
2026-03-14T09:30:19Z WARNING bsky_collector_v2.job.index_feed_generators: listRecords failed repo=did:plc:apzpbjx4uv5a2o5qa3og2n3q err=HttpError('InvalidRequest: Could not find repo: did:plc:apzpbjx4uv5a2o5qa3og2n3q')
2026-03-14T09:30:20Z WARNING bsky_collector_v2.job.index_feed_generators: listRecords failed repo=did:plc:b65ry6tppucgw5xhxsu2x55c err=HttpError('InvalidRequest: Could not find repo: did:plc:b65ry6tppucgw5xhxsu2x55c')
2026-03-14T09:30:20Z WARNING bsky_collector_v2.job.index_feed_generators: listRecords failed repo=did:plc:bcwzoynxhpcayej5rl43sgmd err=HttpError('InvalidRequest: Could not find repo: did:plc:bcwzoynxhpcayej5rl43sgmd')
2026-03-14T09:30:22Z WARNING bsky_collector_v2.job.index_feed_generators: listRecords failed repo=did:plc:bz75ls2figm577v4mhn655tv err=HttpError('InvalidRequest: Could not find repo: did:plc:bz75ls2figm577v4mhn655tv')
2026-03-14T09:30:23Z WARNING bsky_collector_v2.job.index_feed_generators: listRecords failed repo=did:plc:clkehqi5uf5f27t5md4mpt4z err=HttpError('InvalidRequest: Could not find repo: did:plc:clkehqi5uf5f27t5md4mpt4z')
2026-03-14T09:30:23Z WARNING bsky_collector_v2.job.index_feed_generators: listRecords failed repo=did:plc:cuncl5fxipttwlykdwtiiqly err=HttpError('InvalidRequest: Could not find repo: did:plc:cuncl5fxipttwlykdwtiiqly')
2026-03-14T09:30:24Z WARNING bsky_collector_v2.job.index_feed_generators: listRecords failed repo=did:plc:dg2p26srut2arnvmtxxv3ty2 err=HttpError('InvalidRequest: Could not find repo: did:plc:dg2p26srut2arnvmtxxv3ty2')
2026-03-14T09:30:26Z WARNING bsky_collector_v2.job.index_feed_generators: listRecords failed repo=did:plc:e2ntm3u6bhprxk74mxdg2vx5 err=HttpError('InvalidRequest: Could not find repo: did:plc:e2ntm3u6bhprxk74mxdg2vx5')
2026-03-14T09:30:27Z WARNING bsky_collector_v2.job.index_feed_generators: listRecords failed repo=did:plc:etforgnlny52kcz3lyvrwr2l err=HttpError('InvalidRequest: Could not find repo: did:plc:etforgnlny52kcz3lyvrwr2l')
2026-03-14T09:30:27Z WARNING bsky_collector_v2.job.index_feed_generators: listRecords failed repo=did:plc:eu2dtjv5omr22b3nwglai7g7 err=HttpError('InvalidRequest: Could not find repo: did:plc:eu2dtjv5omr22b3nwglai7g7')
2026-03-14T09:30:29Z WARNING bsky_collector_v2.job.index_feed_generators: listRecords failed repo=did:plc:fkhuwrddcj4j7kjegvhtmvra err=HttpError('InvalidRequest: Could not find repo: did:plc:fkhuwrddcj4j7kjegvhtmvra')
2026-03-14T09:30:29Z WARNING bsky_collector_v2.job.index_feed_generators: listRecords failed repo=did:plc:fkwuhzkv4wue4a4rhftd6wfi err=HttpError('InvalidRequest: Could not find repo: did:plc:fkwuhzkv4wue4a4rhftd6wfi')
2026-03-14T09:30:29Z WARNING bsky_collector_v2.job.index_feed_generators: listRecords failed repo=did:plc:fo6uqnjm4wup4slivgdrawkj err=HttpError('InvalidRequest: Could not find repo: did:plc:fo6uqnjm4wup4slivgdrawkj')
2026-03-14T09:30:29Z WARNING bsky_collector_v2.job.index_feed_generators: listRecords failed repo=did:plc:fv5amak5s3enccffe7knkznc err=HttpError('InvalidRequest: Could not find repo: did:plc:fv5amak5s3enccffe7knkznc')
2026-03-14T09:30:30Z WARNING bsky_collector_v2.job.index_feed_generators: listRecords failed repo=did:plc:g3bgzy6qe73qvf5lrpjwh5mb err=HttpError('InvalidRequest: Could not find repo: did:plc:g3bgzy6qe73qvf5lrpjwh5mb')
2026-03-14T09:30:31Z WARNING bsky_collector_v2.job.index_feed_generators: listRecords failed repo=did:plc:gnqwxiccteslkjtm2m4d7a33 err=HttpError('InvalidRequest: Could not find repo: did:plc:gnqwxiccteslkjtm2m4d7a33')
2026-03-14T09:30:32Z WARNING bsky_collector_v2.job.index_feed_generators: listRecords failed repo=did:plc:gyyvsaijymyghgibi2mnspq4 err=HttpError('InvalidRequest: Could not find repo: did:plc:gyyvsaijymyghgibi2mnspq4')
2026-03-14T09:30:33Z WARNING bsky_collector_v2.job.index_feed_generators: listRecords failed repo=did:plc:hd5nykwighpjpo4e7e22nvdp err=HttpError('InvalidRequest: Could not find repo: did:plc:hd5nykwighpjpo4e7e22nvdp')
2026-03-14T09:30:34Z WARNING bsky_collector_v2.job.index_feed_generators: listRecords failed repo=did:plc:hhmrjurrx3ntizupk2y2s2ry err=HttpError('InvalidRequest: Could not find repo: did:plc:hhmrjurrx3ntizupk2y2s2ry')
2026-03-14T09:30:35Z WARNING bsky_collector_v2.job.index_feed_generators: listRecords failed repo=did:plc:hsuterbka5lypqnz27luvuew err=HttpError('InvalidRequest: Could not find repo: did:plc:hsuterbka5lypqnz27luvuew')
2026-03-14T09:30:35Z WARNING bsky_collector_v2.job.index_feed_generators: listRecords failed repo=did:plc:hx2q24awtwne7s4lsaajjde6 err=HttpError('InvalidRequest: Could not find repo: did:plc:hx2q24awtwne7s4lsaajjde6')
2026-03-14T09:30:37Z WARNING bsky_collector_v2.job.index_feed_generators: listRecords failed repo=did:plc:itqwp6r55mwqmqhpzpijwith err=HttpError('InvalidRequest: Could not find repo: did:plc:itqwp6r55mwqmqhpzpijwith')
2026-03-14T09:30:37Z WARNING bsky_collector_v2.job.index_feed_generators: listRecords failed repo=did:plc:j4aisjvvreper6viqhi2olkq err=HttpError('InvalidRequest: Could not find repo: did:plc:j4aisjvvreper6viqhi2olkq')
2026-03-14T09:30:38Z WARNING bsky_collector_v2.job.index_feed_generators: listRecords failed repo=did:plc:jgtomawr4o7hotukdm3gx77a err=HttpError('InvalidRequest: Could not find repo: did:plc:jgtomawr4o7hotukdm3gx77a')
2026-03-14T09:30:38Z WARNING bsky_collector_v2.job.index_feed_generators: listRecords failed repo=did:plc:jlppu3hlgm42g75k5tb52clr err=HttpError('InvalidRequest: Could not find repo: did:plc:jlppu3hlgm42g75k5tb52clr')
2026-03-14T09:30:39Z WARNING bsky_collector_v2.job.index_feed_generators: listRecords failed repo=did:plc:jv3fswp3ryp7zkvav43ezpjx err=HttpError('InvalidRequest: Could not find repo: did:plc:jv3fswp3ryp7zkvav43ezpjx')
2026-03-14T09:30:40Z WARNING bsky_collector_v2.job.index_feed_generators: listRecords failed repo=did:plc:kf77j5io5dxucaq7sa2hgb7b err=HttpError('InvalidRequest: Could not find repo: did:plc:kf77j5io5dxucaq7sa2hgb7b')
2026-03-14T09:30:40Z WARNING bsky_collector_v2.job.index_feed_generators: listRecords failed repo=did:plc:klat5nj7uxa5xq64dnxu6gim err=HttpError('InvalidRequest: Could not find repo: did:plc:klat5nj7uxa5xq64dnxu6gim')
2026-03-14T09:30:40Z WARNING bsky_collector_v2.job.index_feed_generators: listRecords failed repo=did:plc:knlgzn4fwuej6zeaxmsbkteo err=HttpError('InvalidRequest: Could not find repo: did:plc:knlgzn4fwuej6zeaxmsbkteo')
2026-03-14T09:30:42Z WARNING bsky_collector_v2.job.index_feed_generators: listRecords failed repo=did:plc:lgcrvlh4gupkavb2w2km7x3r err=HttpError('InvalidRequest: Could not find repo: did:plc:lgcrvlh4gupkavb2w2km7x3r')
2026-03-14T09:30:42Z WARNING bsky_collector_v2.job.index_feed_generators: listRecords failed repo=did:plc:ljpjz4gigickecr3pkzmy7ju err=HttpError('InvalidRequest: Could not find repo: did:plc:ljpjz4gigickecr3pkzmy7ju')
2026-03-14T09:30:42Z WARNING bsky_collector_v2.job.index_feed_generators: listRecords failed repo=did:plc:lnofzucb4pgrmcfw66lh4w3o err=HttpError('InvalidRequest: Could not find repo: did:plc:lnofzucb4pgrmcfw66lh4w3o')
2026-03-14T09:30:44Z WARNING bsky_collector_v2.job.index_feed_generators: listRecords failed repo=did:plc:mbm5z23ihgcj4doplpncdne3 err=HttpError('InvalidRequest: Could not find repo: did:plc:mbm5z23ihgcj4doplpncdne3')
2026-03-14T09:30:45Z WARNING bsky_collector_v2.job.index_feed_generators: listRecords failed repo=did:plc:mvhxvcdg3tv4murpwjm5brnz err=HttpError('InvalidRequest: Could not find repo: did:plc:mvhxvcdg3tv4murpwjm5brnz')
2026-03-14T09:30:46Z WARNING bsky_collector_v2.job.index_feed_generators: listRecords failed repo=did:plc:nf6hfj5z4nzwae5s42imyhcy err=HttpError('InvalidRequest: Could not find repo: did:plc:nf6hfj5z4nzwae5s42imyhcy')
2026-03-14T09:30:46Z WARNING bsky_collector_v2.job.index_feed_generators: listRecords failed repo=did:plc:njlzohupkeyai3za2cmfmgwg err=HttpError('InvalidRequest: Could not find repo: did:plc:njlzohupkeyai3za2cmfmgwg')
2026-03-14T09:30:46Z WARNING bsky_collector_v2.job.index_feed_generators: listRecords failed repo=did:plc:nmdpupqummeujzkwetndjasi err=HttpError('InvalidRequest: Could not find repo: did:plc:nmdpupqummeujzkwetndjasi')
2026-03-14T09:30:49Z WARNING bsky_collector_v2.job.index_feed_generators: listRecords failed repo=did:plc:or27we7hp4t7swmd2jpryjex err=HttpError('InvalidRequest: Could not find repo: did:plc:or27we7hp4t7swmd2jpryjex')
2026-03-14T09:30:50Z WARNING bsky_collector_v2.job.index_feed_generators: listRecords failed repo=did:plc:oxz6kxpv57pdlzqhpsdd7373 err=HttpError('InvalidRequest: Could not find repo: did:plc:oxz6kxpv57pdlzqhpsdd7373')
2026-03-14T09:30:51Z WARNING bsky_collector_v2.job.index_feed_generators: listRecords failed repo=did:plc:pdkvg2rrxouba7aifaudwtio err=HttpError('InvalidRequest: Could not find repo: did:plc:pdkvg2rrxouba7aifaudwtio')
2026-03-14T09:30:51Z WARNING bsky_collector_v2.job.index_feed_generators: listRecords failed repo=did:plc:pdqqvunaagh2we5sudxcghwn err=HttpError('InvalidRequest: Could not find repo: did:plc:pdqqvunaagh2we5sudxcghwn')
2026-03-14T09:30:51Z WARNING bsky_collector_v2.job.index_feed_generators: listRecords failed repo=did:plc:pifg6pu7ebrqjhy3t7cx2sez err=HttpError('InvalidRequest: Could not find repo: did:plc:pifg6pu7ebrqjhy3t7cx2sez')
2026-03-14T09:30:51Z WARNING bsky_collector_v2.job.index_feed_generators: listRecords failed repo=did:plc:pjh2wh6mfycalx3a4ahauj3s err=HttpError('InvalidRequest: Could not find repo: did:plc:pjh2wh6mfycalx3a4ahauj3s')
2026-03-14T09:30:55Z WARNING bsky_collector_v2.job.index_feed_generators: listRecords failed repo=did:plc:r7bmkoikhpui4ci3e33ijn2f err=HttpError('InvalidRequest: Could not find repo: did:plc:r7bmkoikhpui4ci3e33ijn2f')
2026-03-14T09:30:55Z WARNING bsky_collector_v2.job.index_feed_generators: listRecords failed repo=did:plc:rcvcyozylfyfxemeub5dtteh err=HttpError('InvalidRequest: Could not find repo: did:plc:rcvcyozylfyfxemeub5dtteh')
2026-03-14T09:31:00Z WARNING bsky_collector_v2.job.index_feed_generators: listRecords failed repo=did:plc:sq5qilbocqp3fh2qzbgcjavy err=HttpError('InvalidRequest: Could not find repo: did:plc:sq5qilbocqp3fh2qzbgcjavy')
2026-03-14T09:31:00Z WARNING bsky_collector_v2.job.index_feed_generators: listRecords failed repo=did:plc:sqedunmvad5u3oulsimyxr6v err=HttpError('InvalidRequest: Could not find repo: did:plc:sqedunmvad5u3oulsimyxr6v')
2026-03-14T09:31:03Z WARNING bsky_collector_v2.job.index_feed_generators: listRecords failed repo=did:plc:svrh6ck5sbqyofszkntottt4 err=HttpError('InvalidRequest: Could not find repo: did:plc:svrh6ck5sbqyofszkntottt4')
2026-03-14T09:31:03Z WARNING bsky_collector_v2.job.index_feed_generators: listRecords failed repo=did:plc:swhx22xekp2gxroupdoq7hyl err=HttpError('InvalidRequest: Could not find repo: did:plc:swhx22xekp2gxroupdoq7hyl')
2026-03-14T09:31:04Z WARNING bsky_collector_v2.job.index_feed_generators: listRecords failed repo=did:plc:swvvldkfg2t4juv36oabavj4 err=HttpError('InvalidRequest: Could not find repo: did:plc:swvvldkfg2t4juv36oabavj4')
2026-03-14T09:31:04Z WARNING bsky_collector_v2.job.index_feed_generators: listRecords failed repo=did:plc:szzf7e3uomrzol74smlpipy4 err=HttpError('InvalidRequest: Could not find repo: did:plc:szzf7e3uomrzol74smlpipy4')
2026-03-14T09:31:05Z WARNING bsky_collector_v2.job.index_feed_generators: listRecords failed repo=did:plc:t5ac2pcneadk3s5fkccogpj3 err=HttpError('InvalidRequest: Could not find repo: did:plc:t5ac2pcneadk3s5fkccogpj3')
2026-03-14T09:31:08Z WARNING bsky_collector_v2.job.index_feed_generators: listRecords failed repo=did:plc:tmqkpw3pbmqa4zjrawte22gp err=HttpError('InvalidRequest: Could not find repo: did:plc:tmqkpw3pbmqa4zjrawte22gp')
2026-03-14T09:31:09Z WARNING bsky_collector_v2.job.index_feed_generators: listRecords failed repo=did:plc:tpycrq7tbax46kcuqjcqnopc err=HttpError('InvalidRequest: Could not find repo: did:plc:tpycrq7tbax46kcuqjcqnopc')
2026-03-14T09:31:10Z WARNING bsky_collector_v2.job.index_feed_generators: listRecords failed repo=did:plc:tvrkfzmvayy2276jzbmb2ta5 err=HttpError('InvalidRequest: Could not find repo: did:plc:tvrkfzmvayy2276jzbmb2ta5')
2026-03-14T09:31:10Z WARNING bsky_collector_v2.job.index_feed_generators: listRecords failed repo=did:plc:u2xev53zkt6fhj4jvi6jabg7 err=HttpError('InvalidRequest: Could not find repo: did:plc:u2xev53zkt6fhj4jvi6jabg7')
2026-03-14T09:31:11Z WARNING bsky_collector_v2.job.index_feed_generators: listRecords failed repo=did:plc:u7fyu6zzeqopedkfcnpqc6rx err=HttpError('InvalidRequest: Could not find repo: did:plc:u7fyu6zzeqopedkfcnpqc6rx')
2026-03-14T09:31:11Z WARNING bsky_collector_v2.job.index_feed_generators: listRecords failed repo=did:plc:u7pvinv6nqkx3zaoudfpedn4 err=HttpError('InvalidRequest: Could not find repo: did:plc:u7pvinv6nqkx3zaoudfpedn4')
2026-03-14T09:31:11Z WARNING bsky_collector_v2.job.index_feed_generators: listRecords failed repo=did:plc:uaqkvhdnh5wbngy4n3dzyztl err=HttpError('InvalidRequest: Could not find repo: did:plc:uaqkvhdnh5wbngy4n3dzyztl')
2026-03-14T09:31:13Z WARNING bsky_collector_v2.job.index_feed_generators: listRecords failed repo=did:plc:uocehu3c3h4btjyps62rrfmw err=HttpError('InvalidRequest: Could not find repo: did:plc:uocehu3c3h4btjyps62rrfmw')
2026-03-14T09:31:15Z WARNING bsky_collector_v2.job.index_feed_generators: listRecords failed repo=did:plc:v5262gjrjld7ehjnhjrrmi2d err=HttpError('InvalidRequest: Could not find repo: did:plc:v5262gjrjld7ehjnhjrrmi2d')
2026-03-14T09:31:15Z WARNING bsky_collector_v2.job.index_feed_generators: listRecords failed repo=did:plc:vck6kgnwoyill4fy2fwas2dp err=HttpError('InvalidRequest: Could not find repo: did:plc:vck6kgnwoyill4fy2fwas2dp')
2026-03-14T09:31:20Z WARNING bsky_collector_v2.job.index_feed_generators: listRecords failed repo=did:plc:vq2hlt4ag35pihoa4edvlbog err=HttpError('InvalidRequest: Could not find repo: did:plc:vq2hlt4ag35pihoa4edvlbog')
2026-03-14T09:31:21Z WARNING bsky_collector_v2.job.index_feed_generators: listRecords failed repo=did:plc:vy2q3twijlufkxebyziwe6rd err=HttpError('InvalidRequest: Could not find repo: did:plc:vy2q3twijlufkxebyziwe6rd')
2026-03-14T09:31:22Z WARNING bsky_collector_v2.job.index_feed_generators: listRecords failed repo=did:plc:wa3ceiaapylp3amquw2pv5ch err=HttpError('InvalidRequest: Could not find repo: did:plc:wa3ceiaapylp3amquw2pv5ch')
2026-03-14T09:31:23Z WARNING bsky_collector_v2.job.index_feed_generators: listRecords failed repo=did:plc:wfcnraohhvnwrgnhnooxrial err=HttpError('InvalidRequest: Could not find repo: did:plc:wfcnraohhvnwrgnhnooxrial')
2026-03-14T09:31:24Z WARNING bsky_collector_v2.job.index_feed_generators: listRecords failed repo=did:plc:wfgcrpaav3cybn44rnm4kewz err=HttpError('InvalidRequest: Could not find repo: did:plc:wfgcrpaav3cybn44rnm4kewz')
2026-03-14T09:31:27Z WARNING bsky_collector_v2.job.index_feed_generators: listRecords failed repo=did:plc:wmr37itcucoj67pa5cf5s6kq err=HttpError('InvalidRequest: Could not find repo: did:plc:wmr37itcucoj67pa5cf5s6kq')
2026-03-14T09:31:30Z WARNING bsky_collector_v2.job.index_feed_generators: listRecords failed repo=did:plc:x2zljroza2tzeqlnxqnhfh4g err=HttpError('InvalidRequest: Could not find repo: did:plc:x2zljroza2tzeqlnxqnhfh4g')
2026-03-14T09:31:30Z WARNING bsky_collector_v2.job.index_feed_generators: listRecords failed repo=did:plc:x5nughnpaadlybqamlbkrjue err=HttpError('InvalidRequest: Could not find repo: did:plc:x5nughnpaadlybqamlbkrjue')
2026-03-14T09:31:32Z WARNING bsky_collector_v2.job.index_feed_generators: listRecords failed repo=did:plc:xfppsizyuqvgvlkl4cd4bms4 err=HttpError('InvalidRequest: Could not find repo: did:plc:xfppsizyuqvgvlkl4cd4bms4')
2026-03-14T09:31:32Z WARNING bsky_collector_v2.job.index_feed_generators: listRecords failed repo=did:plc:xjb36f7e6axandfzwebiibbq err=HttpError('InvalidRequest: Could not find repo: did:plc:xjb36f7e6axandfzwebiibbq')
2026-03-14T09:31:32Z WARNING bsky_collector_v2.job.index_feed_generators: listRecords failed repo=did:plc:xmga4vanw4v5y366asc5n3rt err=HttpError('InvalidRequest: Could not find repo: did:plc:xmga4vanw4v5y366asc5n3rt')
2026-03-14T09:31:34Z WARNING bsky_collector_v2.job.index_feed_generators: listRecords failed repo=did:plc:ydlaz7hmqvuvrujamqyichwi err=HttpError('InvalidRequest: Could not find repo: did:plc:ydlaz7hmqvuvrujamqyichwi')
2026-03-14T09:31:34Z WARNING bsky_collector_v2.job.index_feed_generators: listRecords failed repo=did:plc:yeob6l4emojzszhmr3bx4qka err=HttpError('InvalidRequest: Could not find repo: did:plc:yeob6l4emojzszhmr3bx4qka')
2026-03-14T09:31:35Z WARNING bsky_collector_v2.job.index_feed_generators: listRecords failed repo=did:plc:ylurnhpvwrtechvjd4k5olfl err=HttpError('InvalidRequest: Could not find repo: did:plc:ylurnhpvwrtechvjd4k5olfl')
2026-03-14T09:31:38Z WARNING bsky_collector_v2.job.index_feed_generators: listRecords failed repo=did:plc:zoivi2tcgebzi4njuwfulwbi err=HttpError('InvalidRequest: Could not find repo: did:plc:zoivi2tcgebzi4njuwfulwbi')
2026-03-14T09:31:38Z WARNING bsky_collector_v2.job.index_feed_generators: listRecords failed repo=did:plc:zu77jfi6gxdixnvnfcqrjdyk err=HttpError('InvalidRequest: Could not find repo: did:plc:zu77jfi6gxdixnvnfcqrjdyk')
2026-03-14T09:31:38Z WARNING bsky_collector_v2.job.index_feed_generators: listRecords failed repo=did:plc:zuymjssmelwdzsyz7atcgsei err=HttpError('InvalidRequest: Could not find repo: did:plc:zuymjssmelwdzsyz7atcgsei')
2026-03-14T09:31:38Z WARNING bsky_collector_v2.job.index_feed_generators: listRecords failed repo=did:plc:2wuoeivs6rt7ose7r34pmt7o err=HttpError('InvalidRequest: Could not find repo: did:plc:2wuoeivs6rt7ose7r34pmt7o')
2026-03-14T09:31:39Z WARNING bsky_collector_v2.job.index_feed_generators: listRecords failed repo=did:plc:3w5daciiop53hqa2xodjocts err=HttpError('InvalidRequest: Could not find repo: did:plc:3w5daciiop53hqa2xodjocts')
2026-03-14T09:31:39Z WARNING bsky_collector_v2.job.index_feed_generators: listRecords failed repo=did:plc:4chbv3yos3orlummd35dj6dm err=HttpError('InvalidRequest: Could not find repo: did:plc:4chbv3yos3orlummd35dj6dm')
2026-03-14T09:31:39Z WARNING bsky_collector_v2.job.index_feed_generators: listRecords failed repo=did:plc:4fi3nfsjiftypakhrebq4oho err=HttpError('InvalidRequest: Could not find repo: did:plc:4fi3nfsjiftypakhrebq4oho')
2026-03-14T09:31:39Z WARNING bsky_collector_v2.job.index_feed_generators: listRecords failed repo=did:plc:4geeow5y2rdo3xui2q2efdp2 err=HttpError('InvalidRequest: Could not find repo: did:plc:4geeow5y2rdo3xui2q2efdp2')
2026-03-14T09:31:39Z WARNING bsky_collector_v2.job.index_feed_generators: listRecords failed repo=did:plc:5thdknykvecd4v5kzh2zgi7w err=HttpError('InvalidRequest: Could not find repo: did:plc:5thdknykvecd4v5kzh2zgi7w')
2026-03-14T09:31:39Z WARNING bsky_collector_v2.job.index_feed_generators: listRecords failed repo=did:plc:6jpll72hgals5ocbikwkyumt err=HttpError('InvalidRequest: Could not find repo: did:plc:6jpll72hgals5ocbikwkyumt')
2026-03-14T09:31:39Z WARNING bsky_collector_v2.job.index_feed_generators: listRecords failed repo=did:plc:6lf2pb3nde7jt6kevnklrmwu err=HttpError('InvalidRequest: Could not find repo: did:plc:6lf2pb3nde7jt6kevnklrmwu')
2026-03-14T09:31:39Z WARNING bsky_collector_v2.job.index_feed_generators: listRecords failed repo=did:plc:6qnx5v6slmtw4cupf7rzoidg err=HttpError('InvalidRequest: Could not find repo: did:plc:6qnx5v6slmtw4cupf7rzoidg')
2026-03-14T09:31:39Z WARNING bsky_collector_v2.job.index_feed_generators: listRecords failed repo=did:plc:6xhxrxalvuqidh3j2uhvgcgc err=HttpError('InvalidRequest: Could not find repo: did:plc:6xhxrxalvuqidh3j2uhvgcgc')
2026-03-14T09:31:39Z WARNING bsky_collector_v2.job.index_feed_generators: listRecords failed repo=did:plc:7chby5r42vasba242b2zbeqm err=HttpError('InvalidRequest: Could not find repo: did:plc:7chby5r42vasba242b2zbeqm')
2026-03-14T09:31:39Z WARNING bsky_collector_v2.job.index_feed_generators: listRecords failed repo=did:plc:7cois4isipv4ilfcvnwptnav err=HttpError('InvalidRequest: Could not find repo: did:plc:7cois4isipv4ilfcvnwptnav')
2026-03-14T09:31:39Z WARNING bsky_collector_v2.job.index_feed_generators: listRecords failed repo=did:plc:a52qz6ib5ubjv5blo6htdeig err=HttpError('InvalidRequest: Could not find repo: did:plc:a52qz6ib5ubjv5blo6htdeig')
2026-03-14T09:31:40Z WARNING bsky_collector_v2.job.index_feed_generators: listRecords failed repo=did:plc:aldr3dyp5f5xxrgb4y4p5dsl err=HttpError('InvalidRequest: Could not find repo: did:plc:aldr3dyp5f5xxrgb4y4p5dsl')
2026-03-14T09:31:40Z WARNING bsky_collector_v2.job.index_feed_generators: listRecords failed repo=did:plc:apzpbjx4uv5a2o5qa3og2n3q err=HttpError('InvalidRequest: Could not find repo: did:plc:apzpbjx4uv5a2o5qa3og2n3q')
2026-03-14T09:31:40Z WARNING bsky_collector_v2.job.index_feed_generators: listRecords failed repo=did:plc:b65ry6tppucgw5xhxsu2x55c err=HttpError('InvalidRequest: Could not find repo: did:plc:b65ry6tppucgw5xhxsu2x55c')
2026-03-14T09:31:40Z WARNING bsky_collector_v2.job.index_feed_generators: listRecords failed repo=did:plc:bcwzoynxhpcayej5rl43sgmd err=HttpError('InvalidRequest: Could not find repo: did:plc:bcwzoynxhpcayej5rl43sgmd')
2026-03-14T09:31:40Z WARNING bsky_collector_v2.job.index_feed_generators: listRecords failed repo=did:plc:bz75ls2figm577v4mhn655tv err=HttpError('InvalidRequest: Could not find repo: did:plc:bz75ls2figm577v4mhn655tv')
2026-03-14T09:31:40Z WARNING bsky_collector_v2.job.index_feed_generators: listRecords failed repo=did:plc:clkehqi5uf5f27t5md4mpt4z err=HttpError('InvalidRequest: Could not find repo: did:plc:clkehqi5uf5f27t5md4mpt4z')
2026-03-14T09:31:40Z WARNING bsky_collector_v2.job.index_feed_generators: listRecords failed repo=did:plc:cuncl5fxipttwlykdwtiiqly err=HttpError('InvalidRequest: Could not find repo: did:plc:cuncl5fxipttwlykdwtiiqly')
2026-03-14T09:31:40Z WARNING bsky_collector_v2.job.index_feed_generators: listRecords failed repo=did:plc:dg2p26srut2arnvmtxxv3ty2 err=HttpError('InvalidRequest: Could not find repo: did:plc:dg2p26srut2arnvmtxxv3ty2')
2026-03-14T09:31:40Z WARNING bsky_collector_v2.job.index_feed_generators: listRecords failed repo=did:plc:e2ntm3u6bhprxk74mxdg2vx5 err=HttpError('InvalidRequest: Could not find repo: did:plc:e2ntm3u6bhprxk74mxdg2vx5')
2026-03-14T09:31:40Z WARNING bsky_collector_v2.job.index_feed_generators: listRecords failed repo=did:plc:etforgnlny52kcz3lyvrwr2l err=HttpError('InvalidRequest: Could not find repo: did:plc:etforgnlny52kcz3lyvrwr2l')
2026-03-14T09:31:40Z WARNING bsky_collector_v2.job.index_feed_generators: listRecords failed repo=did:plc:eu2dtjv5omr22b3nwglai7g7 err=HttpError('InvalidRequest: Could not find repo: did:plc:eu2dtjv5omr22b3nwglai7g7')
2026-03-14T09:31:40Z WARNING bsky_collector_v2.job.index_feed_generators: listRecords failed repo=did:plc:fkhuwrddcj4j7kjegvhtmvra err=HttpError('InvalidRequest: Could not find repo: did:plc:fkhuwrddcj4j7kjegvhtmvra')
2026-03-14T09:31:40Z WARNING bsky_collector_v2.job.index_feed_generators: listRecords failed repo=did:plc:fkwuhzkv4wue4a4rhftd6wfi err=HttpError('InvalidRequest: Could not find repo: did:plc:fkwuhzkv4wue4a4rhftd6wfi')
2026-03-14T09:31:41Z WARNING bsky_collector_v2.job.index_feed_generators: listRecords failed repo=did:plc:fo6uqnjm4wup4slivgdrawkj err=HttpError('InvalidRequest: Could not find repo: did:plc:fo6uqnjm4wup4slivgdrawkj')
2026-03-14T09:31:41Z WARNING bsky_collector_v2.job.index_feed_generators: listRecords failed repo=did:plc:fv5amak5s3enccffe7knkznc err=HttpError('InvalidRequest: Could not find repo: did:plc:fv5amak5s3enccffe7knkznc')
2026-03-14T09:31:41Z WARNING bsky_collector_v2.job.index_feed_generators: listRecords failed repo=did:plc:g3bgzy6qe73qvf5lrpjwh5mb err=HttpError('InvalidRequest: Could not find repo: did:plc:g3bgzy6qe73qvf5lrpjwh5mb')
2026-03-14T09:31:41Z WARNING bsky_collector_v2.job.index_feed_generators: listRecords failed repo=did:plc:gnqwxiccteslkjtm2m4d7a33 err=HttpError('InvalidRequest: Could not find repo: did:plc:gnqwxiccteslkjtm2m4d7a33')
2026-03-14T09:31:41Z WARNING bsky_collector_v2.job.index_feed_generators: listRecords failed repo=did:plc:gyyvsaijymyghgibi2mnspq4 err=HttpError('InvalidRequest: Could not find repo: did:plc:gyyvsaijymyghgibi2mnspq4')
2026-03-14T09:31:41Z WARNING bsky_collector_v2.job.index_feed_generators: listRecords failed repo=did:plc:hd5nykwighpjpo4e7e22nvdp err=HttpError('InvalidRequest: Could not find repo: did:plc:hd5nykwighpjpo4e7e22nvdp')
2026-03-14T09:31:41Z WARNING bsky_collector_v2.job.index_feed_generators: listRecords failed repo=did:plc:hhmrjurrx3ntizupk2y2s2ry err=HttpError('InvalidRequest: Could not find repo: did:plc:hhmrjurrx3ntizupk2y2s2ry')
2026-03-14T09:31:41Z WARNING bsky_collector_v2.job.index_feed_generators: listRecords failed repo=did:plc:hsuterbka5lypqnz27luvuew err=HttpError('InvalidRequest: Could not find repo: did:plc:hsuterbka5lypqnz27luvuew')
2026-03-14T09:31:41Z WARNING bsky_collector_v2.job.index_feed_generators: listRecords failed repo=did:plc:hx2q24awtwne7s4lsaajjde6 err=HttpError('InvalidRequest: Could not find repo: did:plc:hx2q24awtwne7s4lsaajjde6')
2026-03-14T09:31:41Z WARNING bsky_collector_v2.job.index_feed_generators: listRecords failed repo=did:plc:itqwp6r55mwqmqhpzpijwith err=HttpError('InvalidRequest: Could not find repo: did:plc:itqwp6r55mwqmqhpzpijwith')
2026-03-14T09:31:41Z WARNING bsky_collector_v2.job.index_feed_generators: listRecords failed repo=did:plc:j4aisjvvreper6viqhi2olkq err=HttpError('InvalidRequest: Could not find repo: did:plc:j4aisjvvreper6viqhi2olkq')
2026-03-14T09:31:41Z WARNING bsky_collector_v2.job.index_feed_generators: listRecords failed repo=did:plc:jgtomawr4o7hotukdm3gx77a err=HttpError('InvalidRequest: Could not find repo: did:plc:jgtomawr4o7hotukdm3gx77a')
2026-03-14T09:31:41Z WARNING bsky_collector_v2.job.index_feed_generators: listRecords failed repo=did:plc:jlppu3hlgm42g75k5tb52clr err=HttpError('InvalidRequest: Could not find repo: did:plc:jlppu3hlgm42g75k5tb52clr')
2026-03-14T09:31:41Z WARNING bsky_collector_v2.job.index_feed_generators: listRecords failed repo=did:plc:jv3fswp3ryp7zkvav43ezpjx err=HttpError('InvalidRequest: Could not find repo: did:plc:jv3fswp3ryp7zkvav43ezpjx')
2026-03-14T09:31:42Z WARNING bsky_collector_v2.job.index_feed_generators: listRecords failed repo=did:plc:kf77j5io5dxucaq7sa2hgb7b err=HttpError('InvalidRequest: Could not find repo: did:plc:kf77j5io5dxucaq7sa2hgb7b')
2026-03-14T09:31:42Z WARNING bsky_collector_v2.job.index_feed_generators: listRecords failed repo=did:plc:klat5nj7uxa5xq64dnxu6gim err=HttpError('InvalidRequest: Could not find repo: did:plc:klat5nj7uxa5xq64dnxu6gim')
2026-03-14T09:31:42Z WARNING bsky_collector_v2.job.index_feed_generators: listRecords failed repo=did:plc:knlgzn4fwuej6zeaxmsbkteo err=HttpError('InvalidRequest: Could not find repo: did:plc:knlgzn4fwuej6zeaxmsbkteo')
2026-03-14T09:31:42Z WARNING bsky_collector_v2.job.index_feed_generators: listRecords failed repo=did:plc:lgcrvlh4gupkavb2w2km7x3r err=HttpError('InvalidRequest: Could not find repo: did:plc:lgcrvlh4gupkavb2w2km7x3r')
2026-03-14T09:31:42Z WARNING bsky_collector_v2.job.index_feed_generators: listRecords failed repo=did:plc:ljpjz4gigickecr3pkzmy7ju err=HttpError('InvalidRequest: Could not find repo: did:plc:ljpjz4gigickecr3pkzmy7ju')
2026-03-14T09:31:42Z WARNING bsky_collector_v2.job.index_feed_generators: listRecords failed repo=did:plc:lnofzucb4pgrmcfw66lh4w3o err=HttpError('InvalidRequest: Could not find repo: did:plc:lnofzucb4pgrmcfw66lh4w3o')
2026-03-14T09:31:42Z WARNING bsky_collector_v2.job.index_feed_generators: listRecords failed repo=did:plc:mbm5z23ihgcj4doplpncdne3 err=HttpError('InvalidRequest: Could not find repo: did:plc:mbm5z23ihgcj4doplpncdne3')
2026-03-14T09:31:42Z WARNING bsky_collector_v2.job.index_feed_generators: listRecords failed repo=did:plc:mvhxvcdg3tv4murpwjm5brnz err=HttpError('InvalidRequest: Could not find repo: did:plc:mvhxvcdg3tv4murpwjm5brnz')
2026-03-14T09:31:42Z WARNING bsky_collector_v2.job.index_feed_generators: listRecords failed repo=did:plc:nf6hfj5z4nzwae5s42imyhcy err=HttpError('InvalidRequest: Could not find repo: did:plc:nf6hfj5z4nzwae5s42imyhcy')
2026-03-14T09:31:42Z WARNING bsky_collector_v2.job.index_feed_generators: listRecords failed repo=did:plc:njlzohupkeyai3za2cmfmgwg err=HttpError('InvalidRequest: Could not find repo: did:plc:njlzohupkeyai3za2cmfmgwg')
2026-03-14T09:31:42Z WARNING bsky_collector_v2.job.index_feed_generators: listRecords failed repo=did:plc:nmdpupqummeujzkwetndjasi err=HttpError('InvalidRequest: Could not find repo: did:plc:nmdpupqummeujzkwetndjasi')
2026-03-14T09:31:42Z WARNING bsky_collector_v2.job.index_feed_generators: listRecords failed repo=did:plc:or27we7hp4t7swmd2jpryjex err=HttpError('InvalidRequest: Could not find repo: did:plc:or27we7hp4t7swmd2jpryjex')
2026-03-14T09:31:42Z WARNING bsky_collector_v2.job.index_feed_generators: listRecords failed repo=did:plc:oxz6kxpv57pdlzqhpsdd7373 err=HttpError('InvalidRequest: Could not find repo: did:plc:oxz6kxpv57pdlzqhpsdd7373')
2026-03-14T09:31:42Z WARNING bsky_collector_v2.job.index_feed_generators: listRecords failed repo=did:plc:pdkvg2rrxouba7aifaudwtio err=HttpError('InvalidRequest: Could not find repo: did:plc:pdkvg2rrxouba7aifaudwtio')
2026-03-14T09:31:43Z WARNING bsky_collector_v2.job.index_feed_generators: listRecords failed repo=did:plc:pdqqvunaagh2we5sudxcghwn err=HttpError('InvalidRequest: Could not find repo: did:plc:pdqqvunaagh2we5sudxcghwn')
2026-03-14T09:31:43Z WARNING bsky_collector_v2.job.index_feed_generators: listRecords failed repo=did:plc:pifg6pu7ebrqjhy3t7cx2sez err=HttpError('InvalidRequest: Could not find repo: did:plc:pifg6pu7ebrqjhy3t7cx2sez')
2026-03-14T09:31:43Z WARNING bsky_collector_v2.job.index_feed_generators: listRecords failed repo=did:plc:pjh2wh6mfycalx3a4ahauj3s err=HttpError('InvalidRequest: Could not find repo: did:plc:pjh2wh6mfycalx3a4ahauj3s')
2026-03-14T09:31:43Z WARNING bsky_collector_v2.job.index_feed_generators: listRecords failed repo=did:plc:r7bmkoikhpui4ci3e33ijn2f err=HttpError('InvalidRequest: Could not find repo: did:plc:r7bmkoikhpui4ci3e33ijn2f')
2026-03-14T09:31:43Z WARNING bsky_collector_v2.job.index_feed_generators: listRecords failed repo=did:plc:rcvcyozylfyfxemeub5dtteh err=HttpError('InvalidRequest: Could not find repo: did:plc:rcvcyozylfyfxemeub5dtteh')
2026-03-14T09:31:43Z WARNING bsky_collector_v2.job.index_feed_generators: listRecords failed repo=did:plc:sq5qilbocqp3fh2qzbgcjavy err=HttpError('InvalidRequest: Could not find repo: did:plc:sq5qilbocqp3fh2qzbgcjavy')
2026-03-14T09:31:43Z WARNING bsky_collector_v2.job.index_feed_generators: listRecords failed repo=did:plc:sqedunmvad5u3oulsimyxr6v err=HttpError('InvalidRequest: Could not find repo: did:plc:sqedunmvad5u3oulsimyxr6v')
2026-03-14T09:31:43Z WARNING bsky_collector_v2.job.index_feed_generators: listRecords failed repo=did:plc:svrh6ck5sbqyofszkntottt4 err=HttpError('InvalidRequest: Could not find repo: did:plc:svrh6ck5sbqyofszkntottt4')
2026-03-14T09:31:43Z WARNING bsky_collector_v2.job.index_feed_generators: listRecords failed repo=did:plc:swhx22xekp2gxroupdoq7hyl err=HttpError('InvalidRequest: Could not find repo: did:plc:swhx22xekp2gxroupdoq7hyl')
2026-03-14T09:31:43Z WARNING bsky_collector_v2.job.index_feed_generators: listRecords failed repo=did:plc:swvvldkfg2t4juv36oabavj4 err=HttpError('InvalidRequest: Could not find repo: did:plc:swvvldkfg2t4juv36oabavj4')
2026-03-14T09:31:43Z WARNING bsky_collector_v2.job.index_feed_generators: listRecords failed repo=did:plc:szzf7e3uomrzol74smlpipy4 err=HttpError('InvalidRequest: Could not find repo: did:plc:szzf7e3uomrzol74smlpipy4')
2026-03-14T09:31:43Z WARNING bsky_collector_v2.job.index_feed_generators: listRecords failed repo=did:plc:t5ac2pcneadk3s5fkccogpj3 err=HttpError('InvalidRequest: Could not find repo: did:plc:t5ac2pcneadk3s5fkccogpj3')
2026-03-14T09:31:43Z WARNING bsky_collector_v2.job.index_feed_generators: listRecords failed repo=did:plc:tmqkpw3pbmqa4zjrawte22gp err=HttpError('InvalidRequest: Could not find repo: did:plc:tmqkpw3pbmqa4zjrawte22gp')
2026-03-14T09:31:44Z WARNING bsky_collector_v2.job.index_feed_generators: listRecords failed repo=did:plc:tpycrq7tbax46kcuqjcqnopc err=HttpError('InvalidRequest: Could not find repo: did:plc:tpycrq7tbax46kcuqjcqnopc')
2026-03-14T09:31:44Z WARNING bsky_collector_v2.job.index_feed_generators: listRecords failed repo=did:plc:tvrkfzmvayy2276jzbmb2ta5 err=HttpError('InvalidRequest: Could not find repo: did:plc:tvrkfzmvayy2276jzbmb2ta5')
2026-03-14T09:31:44Z WARNING bsky_collector_v2.job.index_feed_generators: listRecords failed repo=did:plc:u2xev53zkt6fhj4jvi6jabg7 err=HttpError('InvalidRequest: Could not find repo: did:plc:u2xev53zkt6fhj4jvi6jabg7')
2026-03-14T09:31:44Z WARNING bsky_collector_v2.job.index_feed_generators: listRecords failed repo=did:plc:u7fyu6zzeqopedkfcnpqc6rx err=HttpError('InvalidRequest: Could not find repo: did:plc:u7fyu6zzeqopedkfcnpqc6rx')
2026-03-14T09:31:44Z WARNING bsky_collector_v2.job.index_feed_generators: listRecords failed repo=did:plc:u7pvinv6nqkx3zaoudfpedn4 err=HttpError('InvalidRequest: Could not find repo: did:plc:u7pvinv6nqkx3zaoudfpedn4')
2026-03-14T09:31:44Z WARNING bsky_collector_v2.job.index_feed_generators: listRecords failed repo=did:plc:uaqkvhdnh5wbngy4n3dzyztl err=HttpError('InvalidRequest: Could not find repo: did:plc:uaqkvhdnh5wbngy4n3dzyztl')
2026-03-14T09:31:44Z WARNING bsky_collector_v2.job.index_feed_generators: listRecords failed repo=did:plc:uocehu3c3h4btjyps62rrfmw err=HttpError('InvalidRequest: Could not find repo: did:plc:uocehu3c3h4btjyps62rrfmw')
2026-03-14T09:31:44Z WARNING bsky_collector_v2.job.index_feed_generators: listRecords failed repo=did:plc:v5262gjrjld7ehjnhjrrmi2d err=HttpError('InvalidRequest: Could not find repo: did:plc:v5262gjrjld7ehjnhjrrmi2d')
2026-03-14T09:31:44Z WARNING bsky_collector_v2.job.index_feed_generators: listRecords failed repo=did:plc:vck6kgnwoyill4fy2fwas2dp err=HttpError('InvalidRequest: Could not find repo: did:plc:vck6kgnwoyill4fy2fwas2dp')
2026-03-14T09:31:44Z WARNING bsky_collector_v2.job.index_feed_generators: listRecords failed repo=did:plc:vq2hlt4ag35pihoa4edvlbog err=HttpError('InvalidRequest: Could not find repo: did:plc:vq2hlt4ag35pihoa4edvlbog')
2026-03-14T09:31:44Z WARNING bsky_collector_v2.job.index_feed_generators: listRecords failed repo=did:plc:vy2q3twijlufkxebyziwe6rd err=HttpError('InvalidRequest: Could not find repo: did:plc:vy2q3twijlufkxebyziwe6rd')
2026-03-14T09:31:44Z WARNING bsky_collector_v2.job.index_feed_generators: listRecords failed repo=did:plc:wa3ceiaapylp3amquw2pv5ch err=HttpError('InvalidRequest: Could not find repo: did:plc:wa3ceiaapylp3amquw2pv5ch')
2026-03-14T09:31:44Z WARNING bsky_collector_v2.job.index_feed_generators: listRecords failed repo=did:plc:wfcnraohhvnwrgnhnooxrial err=HttpError('InvalidRequest: Could not find repo: did:plc:wfcnraohhvnwrgnhnooxrial')
2026-03-14T09:31:44Z WARNING bsky_collector_v2.job.index_feed_generators: listRecords failed repo=did:plc:wfgcrpaav3cybn44rnm4kewz err=HttpError('InvalidRequest: Could not find repo: did:plc:wfgcrpaav3cybn44rnm4kewz')
2026-03-14T09:31:44Z WARNING bsky_collector_v2.job.index_feed_generators: listRecords failed repo=did:plc:wmr37itcucoj67pa5cf5s6kq err=HttpError('InvalidRequest: Could not find repo: did:plc:wmr37itcucoj67pa5cf5s6kq')
2026-03-14T09:31:44Z WARNING bsky_collector_v2.job.index_feed_generators: listRecords failed repo=did:plc:x2zljroza2tzeqlnxqnhfh4g err=HttpError('InvalidRequest: Could not find repo: did:plc:x2zljroza2tzeqlnxqnhfh4g')
2026-03-14T09:31:45Z WARNING bsky_collector_v2.job.index_feed_generators: listRecords failed repo=did:plc:x5nughnpaadlybqamlbkrjue err=HttpError('InvalidRequest: Could not find repo: did:plc:x5nughnpaadlybqamlbkrjue')
2026-03-14T09:31:45Z WARNING bsky_collector_v2.job.index_feed_generators: listRecords failed repo=did:plc:xfppsizyuqvgvlkl4cd4bms4 err=HttpError('InvalidRequest: Could not find repo: did:plc:xfppsizyuqvgvlkl4cd4bms4')
2026-03-14T09:31:45Z WARNING bsky_collector_v2.job.index_feed_generators: listRecords failed repo=did:plc:xjb36f7e6axandfzwebiibbq err=HttpError('InvalidRequest: Could not find repo: did:plc:xjb36f7e6axandfzwebiibbq')
2026-03-14T09:31:45Z WARNING bsky_collector_v2.job.index_feed_generators: listRecords failed repo=did:plc:xmga4vanw4v5y366asc5n3rt err=HttpError('InvalidRequest: Could not find repo: did:plc:xmga4vanw4v5y366asc5n3rt')
2026-03-14T09:31:45Z WARNING bsky_collector_v2.job.index_feed_generators: listRecords failed repo=did:plc:ydlaz7hmqvuvrujamqyichwi err=HttpError('InvalidRequest: Could not find repo: did:plc:ydlaz7hmqvuvrujamqyichwi')
2026-03-14T09:31:45Z WARNING bsky_collector_v2.job.index_feed_generators: listRecords failed repo=did:plc:yeob6l4emojzszhmr3bx4qka err=HttpError('InvalidRequest: Could not find repo: did:plc:yeob6l4emojzszhmr3bx4qka')
2026-03-14T09:31:45Z WARNING bsky_collector_v2.job.index_feed_generators: listRecords failed repo=did:plc:ylurnhpvwrtechvjd4k5olfl err=HttpError('InvalidRequest: Could not find repo: did:plc:ylurnhpvwrtechvjd4k5olfl')
2026-03-14T09:31:45Z WARNING bsky_collector_v2.job.index_feed_generators: listRecords failed repo=did:plc:zoivi2tcgebzi4njuwfulwbi err=HttpError('InvalidRequest: Could not find repo: did:plc:zoivi2tcgebzi4njuwfulwbi')
2026-03-14T09:31:45Z WARNING bsky_collector_v2.job.index_feed_generators: listRecords failed repo=did:plc:zu77jfi6gxdixnvnfcqrjdyk err=HttpError('InvalidRequest: Could not find repo: did:plc:zu77jfi6gxdixnvnfcqrjdyk')
2026-03-14T09:31:45Z WARNING bsky_collector_v2.job.index_feed_generators: listRecords failed repo=did:plc:zuymjssmelwdzsyz7atcgsei err=HttpError('InvalidRequest: Could not find repo: did:plc:zuymjssmelwdzsyz7atcgsei')
2026-03-14T09:31:45Z WARNING bsky_collector_v2.job.index_feed_generators: listRecords failed repo=did:plc:2wuoeivs6rt7ose7r34pmt7o err=HttpError('InvalidRequest: Could not find repo: did:plc:2wuoeivs6rt7ose7r34pmt7o')
2026-03-14T09:31:45Z WARNING bsky_collector_v2.job.index_feed_generators: listRecords failed repo=did:plc:3w5daciiop53hqa2xodjocts err=HttpError('InvalidRequest: Could not find repo: did:plc:3w5daciiop53hqa2xodjocts')
2026-03-14T09:31:45Z WARNING bsky_collector_v2.job.index_feed_generators: listRecords failed repo=did:plc:4chbv3yos3orlummd35dj6dm err=HttpError('InvalidRequest: Could not find repo: did:plc:4chbv3yos3orlummd35dj6dm')
2026-03-14T09:31:45Z WARNING bsky_collector_v2.job.index_feed_generators: listRecords failed repo=did:plc:4fi3nfsjiftypakhrebq4oho err=HttpError('InvalidRequest: Could not find repo: did:plc:4fi3nfsjiftypakhrebq4oho')
2026-03-14T09:31:46Z WARNING bsky_collector_v2.job.index_feed_generators: listRecords failed repo=did:plc:4geeow5y2rdo3xui2q2efdp2 err=HttpError('InvalidRequest: Could not find repo: did:plc:4geeow5y2rdo3xui2q2efdp2')
2026-03-14T09:31:46Z WARNING bsky_collector_v2.job.index_feed_generators: listRecords failed repo=did:plc:5thdknykvecd4v5kzh2zgi7w err=HttpError('InvalidRequest: Could not find repo: did:plc:5thdknykvecd4v5kzh2zgi7w')
2026-03-14T09:31:46Z WARNING bsky_collector_v2.job.index_feed_generators: listRecords failed repo=did:plc:6jpll72hgals5ocbikwkyumt err=HttpError('InvalidRequest: Could not find repo: did:plc:6jpll72hgals5ocbikwkyumt')
2026-03-14T09:31:46Z WARNING bsky_collector_v2.job.index_feed_generators: listRecords failed repo=did:plc:6lf2pb3nde7jt6kevnklrmwu err=HttpError('InvalidRequest: Could not find repo: did:plc:6lf2pb3nde7jt6kevnklrmwu')
2026-03-14T09:31:46Z WARNING bsky_collector_v2.job.index_feed_generators: listRecords failed repo=did:plc:6qnx5v6slmtw4cupf7rzoidg err=HttpError('InvalidRequest: Could not find repo: did:plc:6qnx5v6slmtw4cupf7rzoidg')
2026-03-14T09:31:46Z WARNING bsky_collector_v2.job.index_feed_generators: listRecords failed repo=did:plc:6xhxrxalvuqidh3j2uhvgcgc err=HttpError('InvalidRequest: Could not find repo: did:plc:6xhxrxalvuqidh3j2uhvgcgc')
2026-03-14T09:31:46Z WARNING bsky_collector_v2.job.index_feed_generators: listRecords failed repo=did:plc:7chby5r42vasba242b2zbeqm err=HttpError('InvalidRequest: Could not find repo: did:plc:7chby5r42vasba242b2zbeqm')
2026-03-14T09:31:46Z WARNING bsky_collector_v2.job.index_feed_generators: listRecords failed repo=did:plc:7cois4isipv4ilfcvnwptnav err=HttpError('InvalidRequest: Could not find repo: did:plc:7cois4isipv4ilfcvnwptnav')
2026-03-14T09:31:46Z WARNING bsky_collector_v2.job.index_feed_generators: listRecords failed repo=did:plc:a52qz6ib5ubjv5blo6htdeig err=HttpError('InvalidRequest: Could not find repo: did:plc:a52qz6ib5ubjv5blo6htdeig')
2026-03-14T09:31:46Z WARNING bsky_collector_v2.job.index_feed_generators: listRecords failed repo=did:plc:aldr3dyp5f5xxrgb4y4p5dsl err=HttpError('InvalidRequest: Could not find repo: did:plc:aldr3dyp5f5xxrgb4y4p5dsl')
2026-03-14T09:31:46Z WARNING bsky_collector_v2.job.index_feed_generators: listRecords failed repo=did:plc:apzpbjx4uv5a2o5qa3og2n3q err=HttpError('InvalidRequest: Could not find repo: did:plc:apzpbjx4uv5a2o5qa3og2n3q')
2026-03-14T09:31:46Z WARNING bsky_collector_v2.job.index_feed_generators: listRecords failed repo=did:plc:b65ry6tppucgw5xhxsu2x55c err=HttpError('InvalidRequest: Could not find repo: did:plc:b65ry6tppucgw5xhxsu2x55c')
2026-03-14T09:31:46Z WARNING bsky_collector_v2.job.index_feed_generators: listRecords failed repo=did:plc:bcwzoynxhpcayej5rl43sgmd err=HttpError('InvalidRequest: Could not find repo: did:plc:bcwzoynxhpcayej5rl43sgmd')
2026-03-14T09:31:46Z WARNING bsky_collector_v2.job.index_feed_generators: listRecords failed repo=did:plc:bz75ls2figm577v4mhn655tv err=HttpError('InvalidRequest: Could not find repo: did:plc:bz75ls2figm577v4mhn655tv')
2026-03-14T09:31:46Z WARNING bsky_collector_v2.job.index_feed_generators: listRecords failed repo=did:plc:clkehqi5uf5f27t5md4mpt4z err=HttpError('InvalidRequest: Could not find repo: did:plc:clkehqi5uf5f27t5md4mpt4z')
2026-03-14T09:31:46Z WARNING bsky_collector_v2.job.index_feed_generators: listRecords failed repo=did:plc:cuncl5fxipttwlykdwtiiqly err=HttpError('InvalidRequest: Could not find repo: did:plc:cuncl5fxipttwlykdwtiiqly')
2026-03-14T09:31:47Z WARNING bsky_collector_v2.job.index_feed_generators: listRecords failed repo=did:plc:dg2p26srut2arnvmtxxv3ty2 err=HttpError('InvalidRequest: Could not find repo: did:plc:dg2p26srut2arnvmtxxv3ty2')
2026-03-14T09:31:47Z WARNING bsky_collector_v2.job.index_feed_generators: listRecords failed repo=did:plc:e2ntm3u6bhprxk74mxdg2vx5 err=HttpError('InvalidRequest: Could not find repo: did:plc:e2ntm3u6bhprxk74mxdg2vx5')
2026-03-14T09:31:47Z WARNING bsky_collector_v2.job.index_feed_generators: listRecords failed repo=did:plc:etforgnlny52kcz3lyvrwr2l err=HttpError('InvalidRequest: Could not find repo: did:plc:etforgnlny52kcz3lyvrwr2l')
2026-03-14T09:31:47Z WARNING bsky_collector_v2.job.index_feed_generators: listRecords failed repo=did:plc:eu2dtjv5omr22b3nwglai7g7 err=HttpError('InvalidRequest: Could not find repo: did:plc:eu2dtjv5omr22b3nwglai7g7')
2026-03-14T09:31:47Z WARNING bsky_collector_v2.job.index_feed_generators: listRecords failed repo=did:plc:fkhuwrddcj4j7kjegvhtmvra err=HttpError('InvalidRequest: Could not find repo: did:plc:fkhuwrddcj4j7kjegvhtmvra')
2026-03-14T09:31:47Z WARNING bsky_collector_v2.job.index_feed_generators: listRecords failed repo=did:plc:fkwuhzkv4wue4a4rhftd6wfi err=HttpError('InvalidRequest: Could not find repo: did:plc:fkwuhzkv4wue4a4rhftd6wfi')
2026-03-14T09:31:47Z WARNING bsky_collector_v2.job.index_feed_generators: listRecords failed repo=did:plc:fo6uqnjm4wup4slivgdrawkj err=HttpError('InvalidRequest: Could not find repo: did:plc:fo6uqnjm4wup4slivgdrawkj')
2026-03-14T09:31:47Z WARNING bsky_collector_v2.job.index_feed_generators: listRecords failed repo=did:plc:fv5amak5s3enccffe7knkznc err=HttpError('InvalidRequest: Could not find repo: did:plc:fv5amak5s3enccffe7knkznc')
2026-03-14T09:31:47Z WARNING bsky_collector_v2.job.index_feed_generators: listRecords failed repo=did:plc:g3bgzy6qe73qvf5lrpjwh5mb err=HttpError('InvalidRequest: Could not find repo: did:plc:g3bgzy6qe73qvf5lrpjwh5mb')
2026-03-14T09:31:47Z WARNING bsky_collector_v2.job.index_feed_generators: listRecords failed repo=did:plc:gnqwxiccteslkjtm2m4d7a33 err=HttpError('InvalidRequest: Could not find repo: did:plc:gnqwxiccteslkjtm2m4d7a33')
2026-03-14T09:31:47Z WARNING bsky_collector_v2.job.index_feed_generators: listRecords failed repo=did:plc:gyyvsaijymyghgibi2mnspq4 err=HttpError('InvalidRequest: Could not find repo: did:plc:gyyvsaijymyghgibi2mnspq4')
2026-03-14T09:31:47Z WARNING bsky_collector_v2.job.index_feed_generators: listRecords failed repo=did:plc:hd5nykwighpjpo4e7e22nvdp err=HttpError('InvalidRequest: Could not find repo: did:plc:hd5nykwighpjpo4e7e22nvdp')
2026-03-14T09:31:47Z WARNING bsky_collector_v2.job.index_feed_generators: listRecords failed repo=did:plc:hhmrjurrx3ntizupk2y2s2ry err=HttpError('InvalidRequest: Could not find repo: did:plc:hhmrjurrx3ntizupk2y2s2ry')
2026-03-14T09:31:47Z WARNING bsky_collector_v2.job.index_feed_generators: listRecords failed repo=did:plc:hsuterbka5lypqnz27luvuew err=HttpError('InvalidRequest: Could not find repo: did:plc:hsuterbka5lypqnz27luvuew')
2026-03-14T09:31:47Z WARNING bsky_collector_v2.job.index_feed_generators: listRecords failed repo=did:plc:hx2q24awtwne7s4lsaajjde6 err=HttpError('InvalidRequest: Could not find repo: did:plc:hx2q24awtwne7s4lsaajjde6')
2026-03-14T09:31:47Z WARNING bsky_collector_v2.job.index_feed_generators: listRecords failed repo=did:plc:itqwp6r55mwqmqhpzpijwith err=HttpError('InvalidRequest: Could not find repo: did:plc:itqwp6r55mwqmqhpzpijwith')
2026-03-14T09:31:47Z WARNING bsky_collector_v2.job.index_feed_generators: listRecords failed repo=did:plc:j4aisjvvreper6viqhi2olkq err=HttpError('InvalidRequest: Could not find repo: did:plc:j4aisjvvreper6viqhi2olkq')
2026-03-14T09:31:48Z WARNING bsky_collector_v2.job.index_feed_generators: listRecords failed repo=did:plc:jgtomawr4o7hotukdm3gx77a err=HttpError('InvalidRequest: Could not find repo: did:plc:jgtomawr4o7hotukdm3gx77a')
2026-03-14T09:31:48Z WARNING bsky_collector_v2.job.index_feed_generators: listRecords failed repo=did:plc:jlppu3hlgm42g75k5tb52clr err=HttpError('InvalidRequest: Could not find repo: did:plc:jlppu3hlgm42g75k5tb52clr')
2026-03-14T09:31:48Z WARNING bsky_collector_v2.job.index_feed_generators: listRecords failed repo=did:plc:jv3fswp3ryp7zkvav43ezpjx err=HttpError('InvalidRequest: Could not find repo: did:plc:jv3fswp3ryp7zkvav43ezpjx')
2026-03-14T09:31:48Z WARNING bsky_collector_v2.job.index_feed_generators: listRecords failed repo=did:plc:kf77j5io5dxucaq7sa2hgb7b err=HttpError('InvalidRequest: Could not find repo: did:plc:kf77j5io5dxucaq7sa2hgb7b')
2026-03-14T09:31:48Z WARNING bsky_collector_v2.job.index_feed_generators: listRecords failed repo=did:plc:klat5nj7uxa5xq64dnxu6gim err=HttpError('InvalidRequest: Could not find repo: did:plc:klat5nj7uxa5xq64dnxu6gim')
2026-03-14T09:31:48Z WARNING bsky_collector_v2.job.index_feed_generators: listRecords failed repo=did:plc:knlgzn4fwuej6zeaxmsbkteo err=HttpError('InvalidRequest: Could not find repo: did:plc:knlgzn4fwuej6zeaxmsbkteo')
2026-03-14T09:31:48Z WARNING bsky_collector_v2.job.index_feed_generators: listRecords failed repo=did:plc:lgcrvlh4gupkavb2w2km7x3r err=HttpError('InvalidRequest: Could not find repo: did:plc:lgcrvlh4gupkavb2w2km7x3r')
2026-03-14T09:31:48Z WARNING bsky_collector_v2.job.index_feed_generators: listRecords failed repo=did:plc:ljpjz4gigickecr3pkzmy7ju err=HttpError('InvalidRequest: Could not find repo: did:plc:ljpjz4gigickecr3pkzmy7ju')
2026-03-14T09:31:48Z WARNING bsky_collector_v2.job.index_feed_generators: listRecords failed repo=did:plc:lnofzucb4pgrmcfw66lh4w3o err=HttpError('InvalidRequest: Could not find repo: did:plc:lnofzucb4pgrmcfw66lh4w3o')
2026-03-14T09:31:48Z WARNING bsky_collector_v2.job.index_feed_generators: listRecords failed repo=did:plc:mbm5z23ihgcj4doplpncdne3 err=HttpError('InvalidRequest: Could not find repo: did:plc:mbm5z23ihgcj4doplpncdne3')
2026-03-14T09:31:48Z WARNING bsky_collector_v2.job.index_feed_generators: listRecords failed repo=did:plc:mvhxvcdg3tv4murpwjm5brnz err=HttpError('InvalidRequest: Could not find repo: did:plc:mvhxvcdg3tv4murpwjm5brnz')
2026-03-14T09:31:48Z WARNING bsky_collector_v2.job.index_feed_generators: listRecords failed repo=did:plc:nf6hfj5z4nzwae5s42imyhcy err=HttpError('InvalidRequest: Could not find repo: did:plc:nf6hfj5z4nzwae5s42imyhcy')
2026-03-14T09:31:48Z WARNING bsky_collector_v2.job.index_feed_generators: listRecords failed repo=did:plc:njlzohupkeyai3za2cmfmgwg err=HttpError('InvalidRequest: Could not find repo: did:plc:njlzohupkeyai3za2cmfmgwg')
2026-03-14T09:31:48Z WARNING bsky_collector_v2.job.index_feed_generators: listRecords failed repo=did:plc:nmdpupqummeujzkwetndjasi err=HttpError('InvalidRequest: Could not find repo: did:plc:nmdpupqummeujzkwetndjasi')
2026-03-14T09:31:48Z WARNING bsky_collector_v2.job.index_feed_generators: listRecords failed repo=did:plc:or27we7hp4t7swmd2jpryjex err=HttpError('InvalidRequest: Could not find repo: did:plc:or27we7hp4t7swmd2jpryjex')
2026-03-14T09:31:48Z WARNING bsky_collector_v2.job.index_feed_generators: listRecords failed repo=did:plc:oxz6kxpv57pdlzqhpsdd7373 err=HttpError('InvalidRequest: Could not find repo: did:plc:oxz6kxpv57pdlzqhpsdd7373')
2026-03-14T09:31:49Z WARNING bsky_collector_v2.job.index_feed_generators: listRecords failed repo=did:plc:pdkvg2rrxouba7aifaudwtio err=HttpError('InvalidRequest: Could not find repo: did:plc:pdkvg2rrxouba7aifaudwtio')
2026-03-14T09:31:49Z WARNING bsky_collector_v2.job.index_feed_generators: listRecords failed repo=did:plc:pdqqvunaagh2we5sudxcghwn err=HttpError('InvalidRequest: Could not find repo: did:plc:pdqqvunaagh2we5sudxcghwn')
2026-03-14T09:31:49Z WARNING bsky_collector_v2.job.index_feed_generators: listRecords failed repo=did:plc:pifg6pu7ebrqjhy3t7cx2sez err=HttpError('InvalidRequest: Could not find repo: did:plc:pifg6pu7ebrqjhy3t7cx2sez')
2026-03-14T09:31:49Z WARNING bsky_collector_v2.job.index_feed_generators: listRecords failed repo=did:plc:pjh2wh6mfycalx3a4ahauj3s err=HttpError('InvalidRequest: Could not find repo: did:plc:pjh2wh6mfycalx3a4ahauj3s')
2026-03-14T09:31:49Z WARNING bsky_collector_v2.job.index_feed_generators: listRecords failed repo=did:plc:r7bmkoikhpui4ci3e33ijn2f err=HttpError('InvalidRequest: Could not find repo: did:plc:r7bmkoikhpui4ci3e33ijn2f')
2026-03-14T09:31:49Z WARNING bsky_collector_v2.job.index_feed_generators: listRecords failed repo=did:plc:rcvcyozylfyfxemeub5dtteh err=HttpError('InvalidRequest: Could not find repo: did:plc:rcvcyozylfyfxemeub5dtteh')
2026-03-14T09:31:49Z WARNING bsky_collector_v2.job.index_feed_generators: listRecords failed repo=did:plc:sq5qilbocqp3fh2qzbgcjavy err=HttpError('InvalidRequest: Could not find repo: did:plc:sq5qilbocqp3fh2qzbgcjavy')
2026-03-14T09:31:49Z WARNING bsky_collector_v2.job.index_feed_generators: listRecords failed repo=did:plc:sqedunmvad5u3oulsimyxr6v err=HttpError('InvalidRequest: Could not find repo: did:plc:sqedunmvad5u3oulsimyxr6v')
2026-03-14T09:31:49Z WARNING bsky_collector_v2.job.index_feed_generators: listRecords failed repo=did:plc:svrh6ck5sbqyofszkntottt4 err=HttpError('InvalidRequest: Could not find repo: did:plc:svrh6ck5sbqyofszkntottt4')
2026-03-14T09:31:49Z WARNING bsky_collector_v2.job.index_feed_generators: listRecords failed repo=did:plc:swhx22xekp2gxroupdoq7hyl err=HttpError('InvalidRequest: Could not find repo: did:plc:swhx22xekp2gxroupdoq7hyl')
2026-03-14T09:31:49Z WARNING bsky_collector_v2.job.index_feed_generators: listRecords failed repo=did:plc:swvvldkfg2t4juv36oabavj4 err=HttpError('InvalidRequest: Could not find repo: did:plc:swvvldkfg2t4juv36oabavj4')
2026-03-14T09:31:49Z WARNING bsky_collector_v2.job.index_feed_generators: listRecords failed repo=did:plc:szzf7e3uomrzol74smlpipy4 err=HttpError('InvalidRequest: Could not find repo: did:plc:szzf7e3uomrzol74smlpipy4')
2026-03-14T09:31:49Z WARNING bsky_collector_v2.job.index_feed_generators: listRecords failed repo=did:plc:t5ac2pcneadk3s5fkccogpj3 err=HttpError('InvalidRequest: Could not find repo: did:plc:t5ac2pcneadk3s5fkccogpj3')
2026-03-14T09:31:49Z WARNING bsky_collector_v2.job.index_feed_generators: listRecords failed repo=did:plc:tmqkpw3pbmqa4zjrawte22gp err=HttpError('InvalidRequest: Could not find repo: did:plc:tmqkpw3pbmqa4zjrawte22gp')
2026-03-14T09:31:49Z WARNING bsky_collector_v2.job.index_feed_generators: listRecords failed repo=did:plc:tpycrq7tbax46kcuqjcqnopc err=HttpError('InvalidRequest: Could not find repo: did:plc:tpycrq7tbax46kcuqjcqnopc')
2026-03-14T09:31:49Z WARNING bsky_collector_v2.job.index_feed_generators: listRecords failed repo=did:plc:tvrkfzmvayy2276jzbmb2ta5 err=HttpError('InvalidRequest: Could not find repo: did:plc:tvrkfzmvayy2276jzbmb2ta5')
2026-03-14T09:31:49Z WARNING bsky_collector_v2.job.index_feed_generators: listRecords failed repo=did:plc:u2xev53zkt6fhj4jvi6jabg7 err=HttpError('InvalidRequest: Could not find repo: did:plc:u2xev53zkt6fhj4jvi6jabg7')
2026-03-14T09:31:49Z WARNING bsky_collector_v2.job.index_feed_generators: listRecords failed repo=did:plc:u7fyu6zzeqopedkfcnpqc6rx err=HttpError('InvalidRequest: Could not find repo: did:plc:u7fyu6zzeqopedkfcnpqc6rx')
2026-03-14T09:31:50Z WARNING bsky_collector_v2.job.index_feed_generators: listRecords failed repo=did:plc:u7pvinv6nqkx3zaoudfpedn4 err=HttpError('InvalidRequest: Could not find repo: did:plc:u7pvinv6nqkx3zaoudfpedn4')
2026-03-14T09:31:50Z WARNING bsky_collector_v2.job.index_feed_generators: listRecords failed repo=did:plc:uaqkvhdnh5wbngy4n3dzyztl err=HttpError('InvalidRequest: Could not find repo: did:plc:uaqkvhdnh5wbngy4n3dzyztl')
2026-03-14T09:31:50Z WARNING bsky_collector_v2.job.index_feed_generators: listRecords failed repo=did:plc:uocehu3c3h4btjyps62rrfmw err=HttpError('InvalidRequest: Could not find repo: did:plc:uocehu3c3h4btjyps62rrfmw')
2026-03-14T09:31:50Z WARNING bsky_collector_v2.job.index_feed_generators: listRecords failed repo=did:plc:v5262gjrjld7ehjnhjrrmi2d err=HttpError('InvalidRequest: Could not find repo: did:plc:v5262gjrjld7ehjnhjrrmi2d')
2026-03-14T09:31:50Z WARNING bsky_collector_v2.job.index_feed_generators: listRecords failed repo=did:plc:vck6kgnwoyill4fy2fwas2dp err=HttpError('InvalidRequest: Could not find repo: did:plc:vck6kgnwoyill4fy2fwas2dp')
2026-03-14T09:31:50Z WARNING bsky_collector_v2.job.index_feed_generators: listRecords failed repo=did:plc:vq2hlt4ag35pihoa4edvlbog err=HttpError('InvalidRequest: Could not find repo: did:plc:vq2hlt4ag35pihoa4edvlbog')
2026-03-14T09:31:50Z WARNING bsky_collector_v2.job.index_feed_generators: listRecords failed repo=did:plc:vy2q3twijlufkxebyziwe6rd err=HttpError('InvalidRequest: Could not find repo: did:plc:vy2q3twijlufkxebyziwe6rd')
2026-03-14T09:31:50Z WARNING bsky_collector_v2.job.index_feed_generators: listRecords failed repo=did:plc:wa3ceiaapylp3amquw2pv5ch err=HttpError('InvalidRequest: Could not find repo: did:plc:wa3ceiaapylp3amquw2pv5ch')
2026-03-14T09:31:50Z WARNING bsky_collector_v2.job.index_feed_generators: listRecords failed repo=did:plc:wfcnraohhvnwrgnhnooxrial err=HttpError('InvalidRequest: Could not find repo: did:plc:wfcnraohhvnwrgnhnooxrial')
2026-03-14T09:31:50Z WARNING bsky_collector_v2.job.index_feed_generators: listRecords failed repo=did:plc:wfgcrpaav3cybn44rnm4kewz err=HttpError('InvalidRequest: Could not find repo: did:plc:wfgcrpaav3cybn44rnm4kewz')
2026-03-14T09:31:50Z WARNING bsky_collector_v2.job.index_feed_generators: listRecords failed repo=did:plc:wmr37itcucoj67pa5cf5s6kq err=HttpError('InvalidRequest: Could not find repo: did:plc:wmr37itcucoj67pa5cf5s6kq')
2026-03-14T09:31:50Z WARNING bsky_collector_v2.job.index_feed_generators: listRecords failed repo=did:plc:x2zljroza2tzeqlnxqnhfh4g err=HttpError('InvalidRequest: Could not find repo: did:plc:x2zljroza2tzeqlnxqnhfh4g')
2026-03-14T09:31:50Z WARNING bsky_collector_v2.job.index_feed_generators: listRecords failed repo=did:plc:x5nughnpaadlybqamlbkrjue err=HttpError('InvalidRequest: Could not find repo: did:plc:x5nughnpaadlybqamlbkrjue')
2026-03-14T09:31:50Z WARNING bsky_collector_v2.job.index_feed_generators: listRecords failed repo=did:plc:xfppsizyuqvgvlkl4cd4bms4 err=HttpError('InvalidRequest: Could not find repo: did:plc:xfppsizyuqvgvlkl4cd4bms4')
2026-03-14T09:31:50Z WARNING bsky_collector_v2.job.index_feed_generators: listRecords failed repo=did:plc:xjb36f7e6axandfzwebiibbq err=HttpError('InvalidRequest: Could not find repo: did:plc:xjb36f7e6axandfzwebiibbq')
2026-03-14T09:31:50Z WARNING bsky_collector_v2.job.index_feed_generators: listRecords failed repo=did:plc:xmga4vanw4v5y366asc5n3rt err=HttpError('InvalidRequest: Could not find repo: did:plc:xmga4vanw4v5y366asc5n3rt')
2026-03-14T09:31:50Z WARNING bsky_collector_v2.job.index_feed_generators: listRecords failed repo=did:plc:ydlaz7hmqvuvrujamqyichwi err=HttpError('InvalidRequest: Could not find repo: did:plc:ydlaz7hmqvuvrujamqyichwi')
2026-03-14T09:31:50Z WARNING bsky_collector_v2.job.index_feed_generators: listRecords failed repo=did:plc:yeob6l4emojzszhmr3bx4qka err=HttpError('InvalidRequest: Could not find repo: did:plc:yeob6l4emojzszhmr3bx4qka')
2026-03-14T09:31:50Z WARNING bsky_collector_v2.job.index_feed_generators: listRecords failed repo=did:plc:ylurnhpvwrtechvjd4k5olfl err=HttpError('InvalidRequest: Could not find repo: did:plc:ylurnhpvwrtechvjd4k5olfl')
2026-03-14T09:31:51Z WARNING bsky_collector_v2.job.index_feed_generators: listRecords failed repo=did:plc:zoivi2tcgebzi4njuwfulwbi err=HttpError('InvalidRequest: Could not find repo: did:plc:zoivi2tcgebzi4njuwfulwbi')
2026-03-14T09:31:51Z WARNING bsky_collector_v2.job.index_feed_generators: listRecords failed repo=did:plc:zu77jfi6gxdixnvnfcqrjdyk err=HttpError('InvalidRequest: Could not find repo: did:plc:zu77jfi6gxdixnvnfcqrjdyk')
2026-03-14T09:31:51Z WARNING bsky_collector_v2.job.index_feed_generators: listRecords failed repo=did:plc:zuymjssmelwdzsyz7atcgsei err=HttpError('InvalidRequest: Could not find repo: did:plc:zuymjssmelwdzsyz7atcgsei')
2026-03-14T09:31:51Z INFO bsky_collector_v2.job.index_feed_generators: enqueued repos page=29 mode=listRepos inserted=500 repos_returned=500 next_cursor=set
2026-03-14T09:32:01Z INFO bsky_collector_v2.job.index_feed_generators: indexed repo=did:plc:53or7jvdcdrxsmhl3wtlhay4 part=120 records=1 next_cursor=set
2026-03-14T09:32:18Z WARNING bsky_collector_v2.job.index_feed_generators: listRecords failed repo=did:plc:edakbxzjtke2bvuvt4szl3qg err=HttpError('InvalidRequest: Could not find repo: did:plc:edakbxzjtke2bvuvt4szl3qg')
2026-03-14T09:32:50Z WARNING bsky_collector_v2.job.index_feed_generators: listRecords failed repo=did:plc:qcefoziceskl5vpdpydpy7xp err=HttpError('InvalidRequest: Could not find repo: did:plc:qcefoziceskl5vpdpydpy7xp')
2026-03-14T09:33:19Z WARNING bsky_collector_v2.job.index_feed_generators: listRecords failed repo=did:plc:edakbxzjtke2bvuvt4szl3qg err=HttpError('InvalidRequest: Could not find repo: did:plc:edakbxzjtke2bvuvt4szl3qg')
2026-03-14T09:33:19Z WARNING bsky_collector_v2.job.index_feed_generators: listRecords failed repo=did:plc:qcefoziceskl5vpdpydpy7xp err=HttpError('InvalidRequest: Could not find repo: did:plc:qcefoziceskl5vpdpydpy7xp')
2026-03-14T09:33:19Z WARNING bsky_collector_v2.job.index_feed_generators: listRecords failed repo=did:plc:edakbxzjtke2bvuvt4szl3qg err=HttpError('InvalidRequest: Could not find repo: did:plc:edakbxzjtke2bvuvt4szl3qg')
2026-03-14T09:33:19Z WARNING bsky_collector_v2.job.index_feed_generators: listRecords failed repo=did:plc:qcefoziceskl5vpdpydpy7xp err=HttpError('InvalidRequest: Could not find repo: did:plc:qcefoziceskl5vpdpydpy7xp')
2026-03-14T09:33:19Z INFO bsky_collector_v2.job.index_feed_generators: enqueued repos page=30 mode=listRepos inserted=500 repos_returned=500 next_cursor=set
2026-03-14T09:34:51Z INFO bsky_collector_v2.job.index_feed_generators: enqueued repos page=31 mode=listRepos inserted=500 repos_returned=500 next_cursor=set
2026-03-14T09:35:44Z WARNING bsky_collector_v2.job.index_feed_generators: listRecords failed repo=did:plc:lidlntwb65bxfnvspmwijii4 err=HttpError('InvalidRequest: Could not find repo: did:plc:lidlntwb65bxfnvspmwijii4')
2026-03-14T09:36:09Z INFO bsky_collector_v2.job.index_feed_generators: indexed repo=did:plc:sok3kididehp52h6tdse6vnl part=121 records=1 next_cursor=set
2026-03-14T09:36:27Z WARNING bsky_collector_v2.job.index_feed_generators: listRecords failed repo=did:plc:lidlntwb65bxfnvspmwijii4 err=HttpError('InvalidRequest: Could not find repo: did:plc:lidlntwb65bxfnvspmwijii4')
2026-03-14T09:36:27Z WARNING bsky_collector_v2.job.index_feed_generators: listRecords failed repo=did:plc:lidlntwb65bxfnvspmwijii4 err=HttpError('InvalidRequest: Could not find repo: did:plc:lidlntwb65bxfnvspmwijii4')
2026-03-14T09:36:28Z INFO bsky_collector_v2.job.index_feed_generators: enqueued repos page=32 mode=listRepos inserted=500 repos_returned=500 next_cursor=set
