2026-02-19T03:34:25Z INFO bsky_collector_v2: out_base ok path=D:\BlueSky\data_v2_full mount=D:\
2026-02-19T03:34:25Z INFO bsky_collector_v2: job start subcommand=index-feed-generators dry_run=False resume=True
2026-02-19T03:34:26Z INFO bsky_collector_v2.job.index_feed_generators: feed generator index hosts relay_host=https://bsky.network records_host=https://bsky.social auth=yes
2026-02-19T03:34:29Z INFO bsky_collector_v2.job.index_feed_generators: indexed repo=did:plc:qcxxvzdzfdq3dl2ijkoguywk part=468 records=1 next_cursor=set
2026-02-19T03:35:07Z INFO bsky_collector_v2.job.index_feed_generators: indexed repo=did:plc:zszl2tgvufqlizeieocccgwy part=469 records=1 next_cursor=set
2026-02-19T03:35:09Z INFO bsky_collector_v2.job.index_feed_generators: enqueued repos page=1 mode=listRepos inserted=500 repos_returned=500 next_cursor=set
2026-02-19T03:35:34Z WARNING bsky_collector_v2.job.index_feed_generators: listRecords failed repo=did:plc:ev4wah3gph3wpmtkhbshz672 err=HttpError('InvalidRequest: Could not find repo: did:plc:ev4wah3gph3wpmtkhbshz672')
2026-02-19T03:35:39Z INFO bsky_collector_v2.job.index_feed_generators: indexed repo=did:plc:gkonpp2bys424xmpzwyumnac part=470 records=1 next_cursor=set
2026-02-19T03:35:41Z INFO bsky_collector_v2.job.index_feed_generators: indexed repo=did:plc:h2wfqmki7bfyh7j6hjhrmpsi part=471 records=8 next_cursor=set
2026-02-19T03:36:08Z INFO bsky_collector_v2.job.index_feed_generators: indexed repo=did:plc:r3vrq3xkrc2zpvawhdsopjbu part=472 records=1 next_cursor=set
2026-02-19T03:36:25Z INFO bsky_collector_v2.job.index_feed_generators: indexed repo=did:plc:yqsvtuvzhpq4qcoea23xou7u part=473 records=2 next_cursor=set
2026-02-19T03:36:31Z WARNING bsky_collector_v2.job.index_feed_generators: listRecords failed repo=did:plc:ev4wah3gph3wpmtkhbshz672 err=HttpError('InvalidRequest: Could not find repo: did:plc:ev4wah3gph3wpmtkhbshz672')
2026-02-19T03:36:32Z WARNING bsky_collector_v2.job.index_feed_generators: listRecords failed repo=did:plc:ev4wah3gph3wpmtkhbshz672 err=HttpError('InvalidRequest: Could not find repo: did:plc:ev4wah3gph3wpmtkhbshz672')
2026-02-19T03:36:32Z INFO bsky_collector_v2.job.index_feed_generators: enqueued repos page=2 mode=listRepos inserted=500 repos_returned=500 next_cursor=set
2026-02-19T03:36:46Z INFO bsky_collector_v2.job.index_feed_generators: indexed repo=did:plc:75dbdx3dhufrn76tt3tmnonz part=474 records=1 next_cursor=set
2026-02-19T03:36:47Z INFO bsky_collector_v2.job.index_feed_generators: indexed repo=did:plc:7hioe5cnlxmxcu4xrwjurh47 part=475 records=1 next_cursor=set
2026-02-19T03:36:50Z INFO bsky_collector_v2.job.index_feed_generators: indexed repo=did:plc:armg7vvhzhuy576vb7zynbsn part=476 records=1 next_cursor=set
2026-02-19T03:37:35Z INFO bsky_collector_v2.job.index_feed_generators: indexed repo=did:plc:tdgqh4njtvjo5yxcpaflwbfm part=477 records=1 next_cursor=set
2026-02-19T03:37:54Z INFO bsky_collector_v2.job.index_feed_generators: enqueued repos page=3 mode=listRepos inserted=500 repos_returned=500 next_cursor=set
2026-02-19T03:38:18Z INFO bsky_collector_v2.job.index_feed_generators: indexed repo=did:plc:7jo2cpbgnf3msmlmxkm7cae4 part=478 records=2 next_cursor=set
2026-02-19T03:38:18Z INFO bsky_collector_v2.job.index_feed_generators: indexed repo=did:plc:7lkqdsxr2fjqubb35ng2btow part=479 records=4 next_cursor=set
2026-02-19T03:38:30Z INFO bsky_collector_v2.job.index_feed_generators: indexed repo=did:plc:emrldryi45raf56d3wq2vmkk part=480 records=1 next_cursor=set
2026-02-19T03:38:39Z INFO bsky_collector_v2.job.index_feed_generators: indexed repo=did:plc:hlcgnj7diwxv35yb5qjjviyj part=481 records=1 next_cursor=set
2026-02-19T03:38:54Z INFO bsky_collector_v2.job.index_feed_generators: indexed repo=did:plc:ndh4uvakf35wnwgdkxg3wn6u part=482 records=1 next_cursor=set
2026-02-19T03:38:56Z WARNING bsky_collector_v2.job.index_feed_generators: listRecords failed repo=did:plc:oe46cppnmrs4wdhbzbncoejb err=HttpError('InvalidRequest: Could not find repo: did:plc:oe46cppnmrs4wdhbzbncoejb')
2026-02-19T03:39:12Z INFO bsky_collector_v2.job.index_feed_generators: indexed repo=did:plc:sfnjlj6sqdauor6tyted673k part=483 records=3 next_cursor=set
2026-02-19T03:39:32Z WARNING bsky_collector_v2.job.index_feed_generators: listRecords failed repo=did:plc:oe46cppnmrs4wdhbzbncoejb err=HttpError('InvalidRequest: Could not find repo: did:plc:oe46cppnmrs4wdhbzbncoejb')
2026-02-19T03:39:32Z WARNING bsky_collector_v2.job.index_feed_generators: listRecords failed repo=did:plc:oe46cppnmrs4wdhbzbncoejb err=HttpError('InvalidRequest: Could not find repo: did:plc:oe46cppnmrs4wdhbzbncoejb')
2026-02-19T03:39:33Z INFO bsky_collector_v2.job.index_feed_generators: enqueued repos page=4 mode=listRepos inserted=500 repos_returned=500 next_cursor=set
2026-02-19T03:39:40Z INFO bsky_collector_v2.job.index_feed_generators: indexed repo=did:plc:4pamxizkaljhhot2wgy447nl part=484 records=3 next_cursor=set
2026-02-19T03:39:44Z INFO bsky_collector_v2.job.index_feed_generators: indexed repo=did:plc:6flflnvsyym2ky7aeg2fftrw part=485 records=4 next_cursor=set
2026-02-19T03:39:55Z INFO bsky_collector_v2.job.index_feed_generators: indexed repo=did:plc:cn2gg6r7deuwsnwbyokxvq4a part=486 records=1 next_cursor=set
2026-02-19T03:40:08Z INFO bsky_collector_v2.job.index_feed_generators: indexed repo=did:plc:eeairgsst4jrdx6w4xzsxs5p part=487 records=1 next_cursor=set
2026-02-19T03:40:41Z INFO bsky_collector_v2.job.index_feed_generators: indexed repo=did:plc:pntbbeyqakkpe6czxvz4cdrh part=488 records=3 next_cursor=set
2026-02-19T03:41:03Z INFO bsky_collector_v2.job.index_feed_generators: indexed repo=did:plc:xd4jgck3b4upgncpiclynpa5 part=489 records=1 next_cursor=set
2026-02-19T03:41:05Z INFO bsky_collector_v2.job.index_feed_generators: indexed repo=did:plc:yompq2xa2oxvkllf26wp2cxz part=490 records=4 next_cursor=set
2026-02-19T03:41:14Z INFO bsky_collector_v2.job.index_feed_generators: enqueued repos page=5 mode=listRepos inserted=500 repos_returned=500 next_cursor=set
2026-02-19T03:41:52Z INFO bsky_collector_v2.job.index_feed_generators: indexed repo=did:plc:e4fxivqcswqkkkecpllbarwm part=491 records=1 next_cursor=set
2026-02-19T03:42:46Z WARNING bsky_collector_v2.job.index_feed_generators: listRecords failed repo=did:plc:xuh7cei7iq5cwgg2uvsoern5 err=HttpError('InvalidRequest: Could not find repo: did:plc:xuh7cei7iq5cwgg2uvsoern5')
2026-02-19T03:42:53Z WARNING bsky_collector_v2.job.index_feed_generators: listRecords failed repo=did:plc:xuh7cei7iq5cwgg2uvsoern5 err=HttpError('InvalidRequest: Could not find repo: did:plc:xuh7cei7iq5cwgg2uvsoern5')
2026-02-19T03:42:53Z WARNING bsky_collector_v2.job.index_feed_generators: listRecords failed repo=did:plc:xuh7cei7iq5cwgg2uvsoern5 err=HttpError('InvalidRequest: Could not find repo: did:plc:xuh7cei7iq5cwgg2uvsoern5')
2026-02-19T03:42:54Z INFO bsky_collector_v2.job.index_feed_generators: enqueued repos page=6 mode=listRepos inserted=500 repos_returned=500 next_cursor=set
2026-02-19T03:43:12Z INFO bsky_collector_v2.job.index_feed_generators: indexed repo=did:plc:bhknzyk3czdhyyo3l4othgnz part=492 records=1 next_cursor=set
2026-02-19T03:43:22Z INFO bsky_collector_v2.job.index_feed_generators: indexed repo=did:plc:fck24xsv7lm2e4bqcbejah6e part=493 records=2 next_cursor=set
2026-02-19T03:43:48Z INFO bsky_collector_v2.job.index_feed_generators: indexed repo=did:plc:ovrmza7wfwi6htyonhpyiv5c part=494 records=1 next_cursor=set
2026-02-19T03:43:53Z INFO bsky_collector_v2.job.index_feed_generators: indexed repo=did:plc:qlaupxo2vzjmsch7g4pmjxlj part=495 records=2 next_cursor=set
2026-02-19T03:44:10Z INFO bsky_collector_v2.job.index_feed_generators: indexed repo=did:plc:y65nhhsxr3vwdpplnzxfbn5q part=496 records=1 next_cursor=set
2026-02-19T03:44:18Z INFO bsky_collector_v2.job.index_feed_generators: enqueued repos page=7 mode=listRepos inserted=500 repos_returned=500 next_cursor=set
2026-02-19T03:45:44Z INFO bsky_collector_v2.job.index_feed_generators: enqueued repos page=8 mode=listRepos inserted=500 repos_returned=500 next_cursor=set
2026-02-19T03:46:11Z INFO bsky_collector_v2.job.index_feed_generators: indexed repo=did:plc:634davjeex5ynfowotajp3sx part=497 records=1 next_cursor=set
2026-02-19T03:46:37Z INFO bsky_collector_v2.job.index_feed_generators: indexed repo=did:plc:ezqolooge6yywbdro5cqbidm part=498 records=9 next_cursor=set
2026-02-19T03:46:39Z INFO bsky_collector_v2.job.index_feed_generators: indexed repo=did:plc:gad5zmljnjmkwd2a3odtu6tn part=499 records=1 next_cursor=set
2026-02-19T03:46:42Z INFO bsky_collector_v2.job.index_feed_generators: indexed repo=did:plc:h4l2ts63ewafgjqvtgey777f part=500 records=1 next_cursor=set
2026-02-19T03:46:42Z INFO bsky_collector_v2.job.index_feed_generators: indexed repo=did:plc:hjeu4ixtqoaiiakmiugpiuva part=501 records=1 next_cursor=set
2026-02-19T03:47:04Z INFO bsky_collector_v2.job.index_feed_generators: indexed repo=did:plc:ofzuz6smsdq4xtpxtljzqkli part=502 records=1 next_cursor=set
2026-02-19T03:47:18Z INFO bsky_collector_v2.job.index_feed_generators: indexed repo=did:plc:rxcea4wplldxk6ymnjfcqzkr part=503 records=1 next_cursor=set
2026-02-19T03:47:27Z INFO bsky_collector_v2.job.index_feed_generators: indexed repo=did:plc:vum7nzv75hjpw42m5nsnzqon part=504 records=3 next_cursor=set
2026-02-19T03:47:38Z INFO bsky_collector_v2.job.index_feed_generators: indexed repo=did:plc:zmvv42wlsta462gsewywlvfl part=505 records=1 next_cursor=set
2026-02-19T03:47:41Z INFO bsky_collector_v2.job.index_feed_generators: enqueued repos page=9 mode=listRepos inserted=500 repos_returned=500 next_cursor=set
2026-02-19T03:48:14Z INFO bsky_collector_v2.job.index_feed_generators: indexed repo=did:plc:bfifdjpymnb3rswfzmauz26w part=506 records=1 next_cursor=set
2026-02-19T03:48:26Z INFO bsky_collector_v2.job.index_feed_generators: indexed repo=did:plc:gltyzlth5jh47dthqcwwlfmc part=507 records=2 next_cursor=set
2026-02-19T03:49:12Z WARNING bsky_collector_v2.job.index_feed_generators: listRecords failed repo=did:plc:z7qepmzviqia4egbm5w75wh5 err=HttpError('InvalidRequest: Could not find repo: did:plc:z7qepmzviqia4egbm5w75wh5')
2026-02-19T03:49:13Z INFO bsky_collector_v2.job.index_feed_generators: indexed repo=did:plc:zlguhbgi2gy63rg2izbzb3i5 part=508 records=1 next_cursor=set
2026-02-19T03:49:14Z WARNING bsky_collector_v2.job.index_feed_generators: listRecords failed repo=did:plc:z7qepmzviqia4egbm5w75wh5 err=HttpError('InvalidRequest: Could not find repo: did:plc:z7qepmzviqia4egbm5w75wh5')
2026-02-19T03:49:15Z WARNING bsky_collector_v2.job.index_feed_generators: listRecords failed repo=did:plc:z7qepmzviqia4egbm5w75wh5 err=HttpError('InvalidRequest: Could not find repo: did:plc:z7qepmzviqia4egbm5w75wh5')
2026-02-19T03:49:15Z INFO bsky_collector_v2.job.index_feed_generators: enqueued repos page=10 mode=listRepos inserted=500 repos_returned=500 next_cursor=set
2026-02-19T03:49:44Z INFO bsky_collector_v2.job.index_feed_generators: indexed repo=did:plc:f3mk2zwinwaympvxwivr7wup part=509 records=4 next_cursor=set
2026-02-19T03:49:49Z INFO bsky_collector_v2.job.index_feed_generators: indexed repo=did:plc:gt4kqemvr4ouzjtwbggigaxz part=510 records=2 next_cursor=set
2026-02-19T03:50:01Z INFO bsky_collector_v2.job.index_feed_generators: indexed repo=did:plc:kwcu7vomjmsxakdp3d7fml36 part=511 records=1 next_cursor=set
2026-02-19T03:50:23Z INFO bsky_collector_v2.job.index_feed_generators: indexed repo=did:plc:rod4zzqx63ljwve5pnbqoibr part=512 records=1 next_cursor=set
2026-02-19T03:50:42Z INFO bsky_collector_v2.job.index_feed_generators: enqueued repos page=11 mode=listRepos inserted=500 repos_returned=500 next_cursor=set
2026-02-19T03:50:42Z INFO bsky_collector_v2.job.index_feed_generators: indexed repo=did:plc:234paizx4k5hb4zoqrgyfopa part=513 records=4 next_cursor=set
2026-02-19T03:51:01Z INFO bsky_collector_v2.job.index_feed_generators: indexed repo=did:plc:bb3f7uuwcimzzyka2idye5vi part=514 records=1 next_cursor=set
2026-02-19T03:51:04Z INFO bsky_collector_v2.job.index_feed_generators: indexed repo=did:plc:cr54zul7mvzfrc5bzt6i4ndz part=515 records=1 next_cursor=set
2026-02-19T03:51:10Z INFO bsky_collector_v2.job.index_feed_generators: indexed repo=did:plc:esg7mvrifwwnbds2sti6qt65 part=516 records=1 next_cursor=set
2026-02-19T03:51:30Z INFO bsky_collector_v2.job.index_feed_generators: indexed repo=did:plc:myq6zj6l4briupw3knivzcaw part=517 records=1 next_cursor=set
2026-02-19T03:51:42Z INFO bsky_collector_v2.job.index_feed_generators: indexed repo=did:plc:rutkndnwa2dn4pr3ioomge4g part=518 records=1 next_cursor=set
2026-02-19T03:51:43Z INFO bsky_collector_v2.job.index_feed_generators: indexed repo=did:plc:saaee5ntdh7qkofntrvsjz55 part=519 records=1 next_cursor=set
2026-02-19T03:51:49Z INFO bsky_collector_v2.job.index_feed_generators: indexed repo=did:plc:tzzlxrshygiu7rlbkogmeekq part=520 records=3 next_cursor=set
2026-02-19T03:51:49Z INFO bsky_collector_v2.job.index_feed_generators: indexed repo=did:plc:uahzo7ko7ma2xrohw5bpccy4 part=521 records=5 next_cursor=set
2026-02-19T03:52:10Z INFO bsky_collector_v2.job.index_feed_generators: enqueued repos page=12 mode=listRepos inserted=500 repos_returned=500 next_cursor=set
2026-02-19T03:52:29Z INFO bsky_collector_v2.job.index_feed_generators: indexed repo=did:plc:b2hv6ek5wmdyog6xxbqwbyuf part=522 records=7 next_cursor=set
2026-02-19T03:52:30Z WARNING bsky_collector_v2.job.index_feed_generators: listRecords failed repo=did:plc:bg2ldwt5ezh2qvrdgcrr57os err=HttpError('InvalidRequest: Could not find repo: did:plc:bg2ldwt5ezh2qvrdgcrr57os')
2026-02-19T03:52:38Z INFO bsky_collector_v2.job.index_feed_generators: indexed repo=did:plc:eo743vou46uoihcwcghjl4w6 part=523 records=2 next_cursor=set
2026-02-19T03:53:13Z INFO bsky_collector_v2.job.index_feed_generators: indexed repo=did:plc:sjwc73xdyuvzgwolsppsg53x part=524 records=1 next_cursor=set
2026-02-19T03:53:22Z WARNING bsky_collector_v2.job.index_feed_generators: listRecords failed repo=did:plc:vuf35ir5u3fwmqzwmbfadlb7 err=HttpError('InvalidRequest: Could not find repo: did:plc:vuf35ir5u3fwmqzwmbfadlb7')
2026-02-19T03:53:24Z INFO bsky_collector_v2.job.index_feed_generators: indexed repo=did:plc:w7eruksed7vhzsh4sxhcxwes part=525 records=1 next_cursor=set
2026-02-19T03:53:38Z WARNING bsky_collector_v2.job.index_feed_generators: listRecords failed repo=did:plc:bg2ldwt5ezh2qvrdgcrr57os err=HttpError('InvalidRequest: Could not find repo: did:plc:bg2ldwt5ezh2qvrdgcrr57os')
2026-02-19T03:53:39Z WARNING bsky_collector_v2.job.index_feed_generators: listRecords failed repo=did:plc:vuf35ir5u3fwmqzwmbfadlb7 err=HttpError('InvalidRequest: Could not find repo: did:plc:vuf35ir5u3fwmqzwmbfadlb7')
2026-02-19T03:53:39Z WARNING bsky_collector_v2.job.index_feed_generators: listRecords failed repo=did:plc:bg2ldwt5ezh2qvrdgcrr57os err=HttpError('InvalidRequest: Could not find repo: did:plc:bg2ldwt5ezh2qvrdgcrr57os')
2026-02-19T03:53:39Z WARNING bsky_collector_v2.job.index_feed_generators: listRecords failed repo=did:plc:vuf35ir5u3fwmqzwmbfadlb7 err=HttpError('InvalidRequest: Could not find repo: did:plc:vuf35ir5u3fwmqzwmbfadlb7')
2026-02-19T03:53:40Z INFO bsky_collector_v2.job.index_feed_generators: enqueued repos page=13 mode=listRepos inserted=500 repos_returned=500 next_cursor=set
2026-02-19T03:53:51Z INFO bsky_collector_v2.job.index_feed_generators: indexed repo=did:plc:6ybagxofu4rhj6i555rf4qr5 part=526 records=1 next_cursor=set
2026-02-19T03:54:07Z INFO bsky_collector_v2.job.index_feed_generators: indexed repo=did:plc:elvcroplkf6h76wiaoha3ih7 part=527 records=1 next_cursor=set
2026-02-19T03:54:16Z INFO bsky_collector_v2.job.index_feed_generators: indexed repo=did:plc:hmdvk7djk2ibfw4sc5mgg5yo part=528 records=2 next_cursor=set
2026-02-19T03:54:22Z INFO bsky_collector_v2.job.index_feed_generators: indexed repo=did:plc:jdk6mkvve2ffcworyb3mdcll part=529 records=1 next_cursor=set
2026-02-19T03:54:39Z INFO bsky_collector_v2.job.index_feed_generators: indexed repo=did:plc:pbfrex6you4j5bleew3mi37u part=530 records=1 next_cursor=set
2026-02-19T03:54:39Z WARNING bsky_collector_v2.job.index_feed_generators: listRecords failed repo=did:plc:pdbnhb72o7plpvplr75w2liy err=HttpError('InvalidRequest: Could not find repo: did:plc:pdbnhb72o7plpvplr75w2liy')
2026-02-19T03:55:24Z WARNING bsky_collector_v2.job.index_feed_generators: listRecords failed repo=did:plc:pdbnhb72o7plpvplr75w2liy err=HttpError('InvalidRequest: Could not find repo: did:plc:pdbnhb72o7plpvplr75w2liy')
2026-02-19T03:55:24Z WARNING bsky_collector_v2.job.index_feed_generators: listRecords failed repo=did:plc:pdbnhb72o7plpvplr75w2liy err=HttpError('InvalidRequest: Could not find repo: did:plc:pdbnhb72o7plpvplr75w2liy')
2026-02-19T03:55:25Z INFO bsky_collector_v2.job.index_feed_generators: enqueued repos page=14 mode=listRepos inserted=500 repos_returned=500 next_cursor=set
2026-02-19T03:55:56Z INFO bsky_collector_v2.job.index_feed_generators: indexed repo=did:plc:e44hyk6kwlezg5nbyv6vxa7a part=531 records=1 next_cursor=set
2026-02-19T03:56:13Z INFO bsky_collector_v2.job.index_feed_generators: indexed repo=did:plc:iwipeav55q6jvyqsisn5iwuq part=532 records=1 next_cursor=set
2026-02-19T03:56:44Z INFO bsky_collector_v2.job.index_feed_generators: indexed repo=did:plc:umtpslmu4kktpwjz2cme22ba part=533 records=1 next_cursor=set
2026-02-19T03:57:03Z INFO bsky_collector_v2.job.index_feed_generators: enqueued repos page=15 mode=listRepos inserted=500 repos_returned=500 next_cursor=set
2026-02-19T03:57:11Z INFO bsky_collector_v2.job.index_feed_generators: indexed repo=did:plc:5atgcpeddysgz3vhlix3b7zi part=534 records=1 next_cursor=set
2026-02-19T03:57:29Z INFO bsky_collector_v2.job.index_feed_generators: indexed repo=did:plc:d4nuucag57mxifekkw2pgtvh part=535 records=9 next_cursor=set
2026-02-19T03:57:42Z INFO bsky_collector_v2.job.index_feed_generators: indexed repo=did:plc:hnzftbrjvbepcueqodbrcvks part=536 records=1 next_cursor=set
2026-02-19T03:58:10Z INFO bsky_collector_v2.job.index_feed_generators: indexed repo=did:plc:rkvoyvi25mcl4juxqppwizkt part=537 records=1 next_cursor=set
2026-02-19T03:58:10Z INFO bsky_collector_v2.job.index_feed_generators: indexed repo=did:plc:rr6rlevmcatsdszayrvdcjxo part=538 records=1 next_cursor=set
2026-02-19T03:58:11Z INFO bsky_collector_v2.job.index_feed_generators: indexed repo=did:plc:rsliius74dkbtwwtwwxi4jfe part=539 records=1 next_cursor=set
2026-02-19T03:58:15Z INFO bsky_collector_v2.job.index_feed_generators: indexed repo=did:plc:tvkoekgsijlcxqvyv47wxi3m part=540 records=1 next_cursor=set
2026-02-19T03:58:28Z INFO bsky_collector_v2.job.index_feed_generators: indexed repo=did:plc:z2sps24ymcsyuhrbzfs64kh7 part=541 records=1 next_cursor=set
2026-02-19T03:58:32Z INFO bsky_collector_v2.job.index_feed_generators: enqueued repos page=16 mode=listRepos inserted=500 repos_returned=500 next_cursor=set
2026-02-19T03:58:37Z INFO bsky_collector_v2.job.index_feed_generators: indexed repo=did:plc:3wllra4dryzjatgw2uly7fak part=542 records=1 next_cursor=set
2026-02-19T03:58:56Z INFO bsky_collector_v2.job.index_feed_generators: indexed repo=did:plc:cikv6arxkn2hsbnqlc2ydw6g part=543 records=1 next_cursor=set
2026-02-19T03:59:02Z INFO bsky_collector_v2.job.index_feed_generators: indexed repo=did:plc:dxz73gqdrhgj5ugrjv2zqdef part=544 records=2 next_cursor=set
2026-02-19T03:59:23Z INFO bsky_collector_v2.job.index_feed_generators: indexed repo=did:plc:moi532thokjlpjdccn2k65ef part=545 records=1 next_cursor=set
2026-02-19T03:59:45Z INFO bsky_collector_v2.job.index_feed_generators: indexed repo=did:plc:u5goraugev5psuagey6nr4eh part=546 records=2 next_cursor=set
2026-02-19T03:59:56Z INFO bsky_collector_v2.job.index_feed_generators: indexed repo=did:plc:xzgw6fanijvnijuubx2ncmkm part=547 records=5 next_cursor=set
2026-02-19T03:59:57Z INFO bsky_collector_v2.job.index_feed_generators: indexed repo=did:plc:y7voq6unm4yhvbbg42r37g5z part=548 records=1 next_cursor=set
2026-02-19T04:00:04Z INFO bsky_collector_v2.job.index_feed_generators: enqueued repos page=17 mode=listRepos inserted=500 repos_returned=500 next_cursor=set
2026-02-19T04:00:08Z INFO bsky_collector_v2.job.index_feed_generators: indexed repo=did:plc:3rotn7vfggjenohwccpfd36i part=549 records=1 next_cursor=set
2026-02-19T04:00:14Z INFO bsky_collector_v2.job.index_feed_generators: indexed repo=did:plc:6fjdjw5bhxun2of24t5c3wdc part=550 records=1 next_cursor=set
2026-02-19T04:01:26Z INFO bsky_collector_v2.job.index_feed_generators: enqueued repos page=18 mode=listRepos inserted=500 repos_returned=500 next_cursor=set
2026-02-19T04:02:02Z INFO bsky_collector_v2.job.index_feed_generators: indexed repo=did:plc:gla4y23gw7xm5omiado7evep part=551 records=2 next_cursor=set
2026-02-19T04:02:07Z INFO bsky_collector_v2.job.index_feed_generators: indexed repo=did:plc:iak6gshy4iwmafmwzotq7gvc part=552 records=2 next_cursor=set
2026-02-19T04:02:39Z INFO bsky_collector_v2.job.index_feed_generators: indexed repo=did:plc:uru2wvzfbgw3pvl6idm7qdli part=553 records=1 next_cursor=set
2026-02-19T04:02:45Z INFO bsky_collector_v2.job.index_feed_generators: indexed repo=did:plc:x4qmwv6muwaqa5yosild2gqd part=554 records=1 next_cursor=set
2026-02-19T04:02:51Z INFO bsky_collector_v2.job.index_feed_generators: indexed repo=did:plc:z73qcrdqpec2vokvegyo2mys part=555 records=1 next_cursor=set
2026-02-19T04:02:55Z INFO bsky_collector_v2.job.index_feed_generators: enqueued repos page=19 mode=listRepos inserted=500 repos_returned=500 next_cursor=set
2026-02-19T04:03:09Z INFO bsky_collector_v2.job.index_feed_generators: indexed repo=did:plc:7mfpt6jmphdkeuco2x4rbit4 part=556 records=1 next_cursor=set
2026-02-19T04:03:19Z INFO bsky_collector_v2.job.index_feed_generators: indexed repo=did:plc:dkwnl53zj6sajmnh3rdf2bqh part=557 records=5 next_cursor=set
2026-02-19T04:03:34Z INFO bsky_collector_v2.job.index_feed_generators: indexed repo=did:plc:jdkt6kzawy6si3bizvih2hkp part=558 records=1 next_cursor=set
2026-02-19T04:04:06Z INFO bsky_collector_v2.job.index_feed_generators: indexed repo=did:plc:w4nbu54efwkmcis4fihstt7i part=559 records=5 next_cursor=set
2026-02-19T04:04:18Z INFO bsky_collector_v2.job.index_feed_generators: enqueued repos page=20 mode=listRepos inserted=500 repos_returned=500 next_cursor=set
2026-02-19T04:05:20Z INFO bsky_collector_v2.job.index_feed_generators: indexed repo=did:plc:ndr27qqne55dp2azeo5nzsz7 part=560 records=2 next_cursor=set
2026-02-19T04:05:38Z INFO bsky_collector_v2.job.index_feed_generators: indexed repo=did:plc:sz7nmayqpnts2sn44a4sipna part=561 records=1 next_cursor=set
2026-02-19T04:05:57Z INFO bsky_collector_v2.job.index_feed_generators: enqueued repos page=21 mode=listRepos inserted=500 repos_returned=500 next_cursor=set
2026-02-19T04:06:05Z INFO bsky_collector_v2.job.index_feed_generators: indexed repo=did:plc:4ngtzi62j6l3cqo62mo2f5ti part=562 records=1 next_cursor=set
2026-02-19T04:06:32Z INFO bsky_collector_v2.job.index_feed_generators: indexed repo=did:plc:hdjwyazidgcjnkyjtiyollmn part=563 records=1 next_cursor=set
2026-02-19T04:06:39Z WARNING bsky_collector_v2.job.index_feed_generators: listRecords failed repo=did:plc:jopxzxeub6o7lmc2nyp5lxpk err=HttpError('InvalidRequest: Could not find repo: did:plc:jopxzxeub6o7lmc2nyp5lxpk')
2026-02-19T04:06:39Z INFO bsky_collector_v2.job.index_feed_generators: indexed repo=did:plc:jtbrokgdh34xru5b6hi5f5vr part=564 records=3 next_cursor=set
2026-02-19T04:06:43Z INFO bsky_collector_v2.job.index_feed_generators: indexed repo=did:plc:l5jzg4mjzr3eeocnzpcxuglh part=565 records=2 next_cursor=set
2026-02-19T04:06:56Z INFO bsky_collector_v2.job.index_feed_generators: indexed repo=did:plc:nopybdxcpjztmuubbmc2yd3p part=566 records=1 next_cursor=set
2026-02-19T04:06:59Z INFO bsky_collector_v2.job.index_feed_generators: indexed repo=did:plc:oexgeabc5tgit4ff7r6emz3c part=567 records=2 next_cursor=set
2026-02-19T04:07:13Z INFO bsky_collector_v2.job.index_feed_generators: indexed repo=did:plc:sf4c5b6qzq3lmncpagozixti part=568 records=1 next_cursor=set
2026-02-19T04:07:22Z INFO bsky_collector_v2.job.index_feed_generators: indexed repo=did:plc:vrnntchcc2dpjihe4pfhfr57 part=569 records=2 next_cursor=set
2026-02-19T04:07:25Z INFO bsky_collector_v2.job.index_feed_generators: indexed repo=did:plc:wzohk4427gladk55gxbt5gfn part=570 records=1 next_cursor=set
2026-02-19T04:07:30Z INFO bsky_collector_v2.job.index_feed_generators: indexed repo=did:plc:y6lw65m36wbr57wcshvvrnpe part=571 records=1 next_cursor=set
2026-02-19T04:07:30Z INFO bsky_collector_v2.job.index_feed_generators: indexed repo=did:plc:ybismt6qfj5ly4n3qnrjqm3n part=572 records=1 next_cursor=set
2026-02-19T04:07:35Z WARNING bsky_collector_v2.job.index_feed_generators: listRecords failed repo=did:plc:jopxzxeub6o7lmc2nyp5lxpk err=HttpError('InvalidRequest: Could not find repo: did:plc:jopxzxeub6o7lmc2nyp5lxpk')
2026-02-19T04:07:36Z WARNING bsky_collector_v2.job.index_feed_generators: listRecords failed repo=did:plc:jopxzxeub6o7lmc2nyp5lxpk err=HttpError('InvalidRequest: Could not find repo: did:plc:jopxzxeub6o7lmc2nyp5lxpk')
2026-02-19T04:07:37Z INFO bsky_collector_v2.job.index_feed_generators: enqueued repos page=22 mode=listRepos inserted=500 repos_returned=500 next_cursor=set
2026-02-19T04:08:03Z INFO bsky_collector_v2.job.index_feed_generators: indexed repo=did:plc:dlx6owbhomnv4djdzu4ioufy part=573 records=1 next_cursor=set
2026-02-19T04:09:04Z INFO bsky_collector_v2.job.index_feed_generators: enqueued repos page=23 mode=listRepos inserted=500 repos_returned=500 next_cursor=set
2026-02-19T04:09:16Z INFO bsky_collector_v2.job.index_feed_generators: indexed repo=did:plc:6jcfq7sj3i6pk2mvayail2xd part=574 records=1 next_cursor=set
2026-02-19T04:09:16Z INFO bsky_collector_v2.job.index_feed_generators: indexed repo=did:plc:6kwbeqb55lnvcllch5okuoof part=575 records=4 next_cursor=set
2026-02-19T04:09:28Z INFO bsky_collector_v2.job.index_feed_generators: indexed repo=did:plc:cvdux4akaaf7of6ugou7gfcl part=576 records=1 next_cursor=set
2026-02-19T04:09:29Z INFO bsky_collector_v2.job.index_feed_generators: indexed repo=did:plc:depzatihqxm6iaqreq22oyu6 part=577 records=2 next_cursor=set
2026-02-19T04:09:52Z INFO bsky_collector_v2.job.index_feed_generators: indexed repo=did:plc:lxgb5wnynun35yqtzklckvlw part=578 records=1 next_cursor=set
2026-02-19T04:10:09Z INFO bsky_collector_v2.job.index_feed_generators: indexed repo=did:plc:sgavw5dldciskardyn52pq3m part=579 records=4 next_cursor=set
2026-02-19T04:10:18Z INFO bsky_collector_v2.job.index_feed_generators: indexed repo=did:plc:vyzssykxuhj6am2ppfxqslia part=580 records=4 next_cursor=set
2026-02-19T04:10:18Z INFO bsky_collector_v2.job.index_feed_generators: indexed repo=did:plc:w2tnkqey7as2nopylpbmmduy part=581 records=3 next_cursor=set
2026-02-19T04:10:30Z INFO bsky_collector_v2.job.index_feed_generators: enqueued repos page=24 mode=listRepos inserted=500 repos_returned=500 next_cursor=set
2026-02-19T04:10:37Z INFO bsky_collector_v2.job.index_feed_generators: indexed repo=did:plc:4nb4uxvyjlkxozbd4g3a2ukm part=582 records=7 next_cursor=set
2026-02-19T04:10:41Z WARNING bsky_collector_v2.job.index_feed_generators: listRecords failed repo=did:plc:5lr24vmvwkdkecpiwcxfjj4g err=HttpError('InvalidRequest: Could not find repo: did:plc:5lr24vmvwkdkecpiwcxfjj4g')
2026-02-19T04:10:43Z INFO bsky_collector_v2.job.index_feed_generators: indexed repo=did:plc:5to7p2libsxwli6aguu7eezf part=583 records=7 next_cursor=set
2026-02-19T04:10:51Z WARNING bsky_collector_v2.job.index_feed_generators: listRecords failed repo=did:plc:azfufrg33qsfjlt43ejujvvb err=HttpError('InvalidRequest: Could not find repo: did:plc:azfufrg33qsfjlt43ejujvvb')
2026-02-19T04:11:18Z INFO bsky_collector_v2.job.index_feed_generators: indexed repo=did:plc:m43ue2gps37s3mro3vxrrkfk part=584 records=1 next_cursor=set
2026-02-19T04:11:20Z INFO bsky_collector_v2.job.index_feed_generators: indexed repo=did:plc:mswwcgyskbz627tkofsypgj6 part=585 records=1 next_cursor=set
2026-02-19T04:11:31Z INFO bsky_collector_v2.job.index_feed_generators: indexed repo=did:plc:qytcxdl6sbaucyugocixeula part=586 records=1 next_cursor=set
2026-02-19T04:11:59Z INFO bsky_collector_v2.job.index_feed_generators: indexed repo=did:plc:y6msusnvv26y7o3ldyvyo6ge part=587 records=1 next_cursor=set
2026-02-19T04:12:05Z WARNING bsky_collector_v2.job.index_feed_generators: listRecords failed repo=did:plc:5lr24vmvwkdkecpiwcxfjj4g err=HttpError('InvalidRequest: Could not find repo: did:plc:5lr24vmvwkdkecpiwcxfjj4g')
2026-02-19T04:12:06Z WARNING bsky_collector_v2.job.index_feed_generators: listRecords failed repo=did:plc:azfufrg33qsfjlt43ejujvvb err=HttpError('InvalidRequest: Could not find repo: did:plc:azfufrg33qsfjlt43ejujvvb')
2026-02-19T04:12:06Z WARNING bsky_collector_v2.job.index_feed_generators: listRecords failed repo=did:plc:5lr24vmvwkdkecpiwcxfjj4g err=HttpError('InvalidRequest: Could not find repo: did:plc:5lr24vmvwkdkecpiwcxfjj4g')
2026-02-19T04:12:06Z WARNING bsky_collector_v2.job.index_feed_generators: listRecords failed repo=did:plc:azfufrg33qsfjlt43ejujvvb err=HttpError('InvalidRequest: Could not find repo: did:plc:azfufrg33qsfjlt43ejujvvb')
2026-02-19T04:12:07Z INFO bsky_collector_v2.job.index_feed_generators: enqueued repos page=25 mode=listRepos inserted=500 repos_returned=500 next_cursor=set
2026-02-19T04:12:11Z INFO bsky_collector_v2.job.index_feed_generators: indexed repo=did:plc:2wdyz3js44nejhttfy4fckxm part=588 records=2 next_cursor=set
2026-02-19T04:12:11Z INFO bsky_collector_v2.job.index_feed_generators: indexed repo=did:plc:3272gdrjsuikiff7qsgokgas part=589 records=2 next_cursor=set
2026-02-19T04:12:16Z WARNING bsky_collector_v2.job.index_feed_generators: listRecords failed repo=did:plc:5auby4fwgv6wztlehf5zzk63 err=HttpError('InvalidRequest: Could not find repo: did:plc:5auby4fwgv6wztlehf5zzk63')
2026-02-19T04:12:17Z INFO bsky_collector_v2.job.index_feed_generators: indexed repo=did:plc:5fjiwsewqxmhi3pbtxge7efh part=590 records=3 next_cursor=set
2026-02-19T04:12:53Z INFO bsky_collector_v2.job.index_feed_generators: indexed repo=did:plc:kvcjbj7i4nleifl3la6dzob2 part=591 records=3 next_cursor=set
2026-02-19T04:13:10Z INFO bsky_collector_v2.job.index_feed_generators: indexed repo=did:plc:sejnpc2uwevnbxkt7cmuk633 part=592 records=1 next_cursor=set
2026-02-19T04:13:14Z INFO bsky_collector_v2.job.index_feed_generators: indexed repo=did:plc:u3z5w4j4gpgj4focyed66fjv part=593 records=4 next_cursor=set
2026-02-19T04:13:25Z INFO bsky_collector_v2.job.index_feed_generators: indexed repo=did:plc:xkmt3v3e5gm5m3whdxyv3t3l part=594 records=3 next_cursor=set
2026-02-19T04:13:32Z WARNING bsky_collector_v2.job.index_feed_generators: listRecords failed repo=did:plc:5auby4fwgv6wztlehf5zzk63 err=HttpError('InvalidRequest: Could not find repo: did:plc:5auby4fwgv6wztlehf5zzk63')
2026-02-19T04:13:33Z WARNING bsky_collector_v2.job.index_feed_generators: listRecords failed repo=did:plc:5auby4fwgv6wztlehf5zzk63 err=HttpError('InvalidRequest: Could not find repo: did:plc:5auby4fwgv6wztlehf5zzk63')
2026-02-19T04:13:34Z INFO bsky_collector_v2.job.index_feed_generators: enqueued repos page=26 mode=listRepos inserted=500 repos_returned=500 next_cursor=set
2026-02-19T04:13:42Z WARNING bsky_collector_v2.job.index_feed_generators: listRecords failed repo=did:plc:55beegaxthan4ivhswamh4f2 err=HttpError('InvalidRequest: Could not find repo: did:plc:55beegaxthan4ivhswamh4f2')
2026-02-19T04:14:19Z INFO bsky_collector_v2.job.index_feed_generators: indexed repo=did:plc:l5rasijhzcxy3isn5bosjcwj part=595 records=1 next_cursor=set
2026-02-19T04:14:28Z INFO bsky_collector_v2.job.index_feed_generators: indexed repo=did:plc:piicpsyj7xez7r2pligkq3jz part=596 records=1 next_cursor=set
2026-02-19T04:14:59Z WARNING bsky_collector_v2.job.index_feed_generators: listRecords failed repo=did:plc:55beegaxthan4ivhswamh4f2 err=HttpError('InvalidRequest: Could not find repo: did:plc:55beegaxthan4ivhswamh4f2')
2026-02-19T04:15:00Z WARNING bsky_collector_v2.job.index_feed_generators: listRecords failed repo=did:plc:55beegaxthan4ivhswamh4f2 err=HttpError('InvalidRequest: Could not find repo: did:plc:55beegaxthan4ivhswamh4f2')
2026-02-19T04:15:00Z INFO bsky_collector_v2.job.index_feed_generators: enqueued repos page=27 mode=listRepos inserted=500 repos_returned=500 next_cursor=set
2026-02-19T04:15:04Z INFO bsky_collector_v2.job.index_feed_generators: indexed repo=did:plc:3elf6xkuqhaq7jy7mlggooze part=597 records=1 next_cursor=set
2026-02-19T04:15:06Z INFO bsky_collector_v2.job.index_feed_generators: indexed repo=did:plc:3pumbzdnfl7h4bpohrt3tbvr part=598 records=2 next_cursor=set
2026-02-19T04:16:00Z INFO bsky_collector_v2.job.index_feed_generators: indexed repo=did:plc:pmwj4rtm2osjxcaluhktsp2r part=599 records=5 next_cursor=set
2026-02-19T04:16:06Z INFO bsky_collector_v2.job.index_feed_generators: indexed repo=did:plc:rddgxovok3cwg6j4ualfinw5 part=600 records=2 next_cursor=set
2026-02-19T04:16:08Z INFO bsky_collector_v2.job.index_feed_generators: indexed repo=did:plc:sf35qlpqpoqlbz64t6bqp5mi part=601 records=3 next_cursor=set
2026-02-19T04:16:29Z INFO bsky_collector_v2.job.index_feed_generators: enqueued repos page=28 mode=listRepos inserted=500 repos_returned=500 next_cursor=set
2026-02-19T04:16:34Z INFO bsky_collector_v2.job.index_feed_generators: indexed repo=did:plc:4bytjyl65632m4fnny3xzu56 part=602 records=1 next_cursor=set
2026-02-19T04:16:51Z INFO bsky_collector_v2.job.index_feed_generators: indexed repo=did:plc:bvpsemon4v2htekuvpzijgtx part=603 records=1 next_cursor=set
2026-02-19T04:17:07Z INFO bsky_collector_v2.job.index_feed_generators: indexed repo=did:plc:i54luztptpk7n46laarbiodo part=604 records=1 next_cursor=set
2026-02-19T04:17:20Z INFO bsky_collector_v2.job.index_feed_generators: indexed repo=did:plc:n24kfhsbkh2kyb57ne6ekqco part=605 records=1 next_cursor=set
2026-02-19T04:17:28Z INFO bsky_collector_v2.job.index_feed_generators: indexed repo=did:plc:qiv42a65tz4kg3e37zjwie6x part=606 records=1 next_cursor=set
2026-02-19T04:17:58Z INFO bsky_collector_v2.job.index_feed_generators: enqueued repos page=29 mode=listRepos inserted=500 repos_returned=500 next_cursor=set
2026-02-19T04:18:06Z INFO bsky_collector_v2.job.index_feed_generators: indexed repo=did:plc:5ek6l2rvwipwzzebkdcc2jai part=607 records=2 next_cursor=set
2026-02-19T04:18:12Z INFO bsky_collector_v2.job.index_feed_generators: indexed repo=did:plc:6uafjwszqixj6vlzaex7jbo7 part=608 records=1 next_cursor=set
2026-02-19T04:18:18Z INFO bsky_collector_v2.job.index_feed_generators: indexed repo=did:plc:agfebmzapnlglls3wnvuczvs part=609 records=1 next_cursor=set
2026-02-19T04:18:26Z WARNING bsky_collector_v2.job.index_feed_generators: listRecords failed repo=did:plc:e63ev34u4au2g27rg22d2cls err=HttpError('InvalidRequest: Could not find repo: did:plc:e63ev34u4au2g27rg22d2cls')
2026-02-19T04:19:04Z INFO bsky_collector_v2.job.index_feed_generators: indexed repo=did:plc:rzgjjxglimsumgvim7vb452t part=610 records=1 next_cursor=set
2026-02-19T04:19:05Z INFO bsky_collector_v2.job.index_feed_generators: indexed repo=did:plc:slswofisqc5lsw6mhwlhsucw part=611 records=1 next_cursor=set
2026-02-19T04:19:21Z INFO bsky_collector_v2.job.index_feed_generators: indexed repo=did:plc:zobtpiewgl3n2eresbjtzqo6 part=612 records=4 next_cursor=set
2026-02-19T04:19:23Z WARNING bsky_collector_v2.job.index_feed_generators: listRecords failed repo=did:plc:e63ev34u4au2g27rg22d2cls err=HttpError('InvalidRequest: Could not find repo: did:plc:e63ev34u4au2g27rg22d2cls')
2026-02-19T04:19:24Z WARNING bsky_collector_v2.job.index_feed_generators: listRecords failed repo=did:plc:e63ev34u4au2g27rg22d2cls err=HttpError('InvalidRequest: Could not find repo: did:plc:e63ev34u4au2g27rg22d2cls')
2026-02-19T04:19:24Z INFO bsky_collector_v2.job.index_feed_generators: enqueued repos page=30 mode=listRepos inserted=500 repos_returned=500 next_cursor=set
2026-02-19T04:19:26Z INFO bsky_collector_v2.job.index_feed_generators: indexed repo=did:plc:2qfxpzvxseez4s5tcmlvlssh part=613 records=5 next_cursor=set
2026-02-19T04:19:37Z WARNING bsky_collector_v2.job.index_feed_generators: listRecords failed repo=did:plc:6vph3pt6jo4gbgxcs45dr7b4 err=HttpError('InvalidRequest: Could not find repo: did:plc:6vph3pt6jo4gbgxcs45dr7b4')
2026-02-19T04:19:43Z INFO bsky_collector_v2.job.index_feed_generators: indexed repo=did:plc:aco5clnzrgxrgh6qh75xmris part=614 records=1 next_cursor=set
2026-02-19T04:19:46Z INFO bsky_collector_v2.job.index_feed_generators: indexed repo=did:plc:blhsuvpem7ggohkiqhzlr6pw part=615 records=1 next_cursor=set
2026-02-19T04:20:30Z INFO bsky_collector_v2.job.index_feed_generators: indexed repo=did:plc:s62emgsn5lh2sr7yzaylbnyo part=616 records=1 next_cursor=set
2026-02-19T04:20:35Z INFO bsky_collector_v2.job.index_feed_generators: indexed repo=did:plc:ucx56ssxr22wcqfthr6tvp2e part=617 records=1 next_cursor=set
2026-02-19T04:20:52Z WARNING bsky_collector_v2.job.index_feed_generators: listRecords failed repo=did:plc:6vph3pt6jo4gbgxcs45dr7b4 err=HttpError('InvalidRequest: Could not find repo: did:plc:6vph3pt6jo4gbgxcs45dr7b4')
2026-02-19T04:20:53Z WARNING bsky_collector_v2.job.index_feed_generators: listRecords failed repo=did:plc:6vph3pt6jo4gbgxcs45dr7b4 err=HttpError('InvalidRequest: Could not find repo: did:plc:6vph3pt6jo4gbgxcs45dr7b4')
2026-02-19T04:20:53Z INFO bsky_collector_v2.job.index_feed_generators: enqueued repos page=31 mode=listRepos inserted=500 repos_returned=500 next_cursor=set
2026-02-19T04:21:02Z INFO bsky_collector_v2.job.index_feed_generators: indexed repo=did:plc:4ggn3frdbcilaigphl7a7nte part=618 records=3 next_cursor=set
2026-02-19T04:21:04Z INFO bsky_collector_v2.job.index_feed_generators: indexed repo=did:plc:4iwaz5walrmazljqcs2yerhc part=619 records=1 next_cursor=set
2026-02-19T04:21:30Z INFO bsky_collector_v2.job.index_feed_generators: indexed repo=did:plc:eannj7hheip3kihttbniz3ei part=620 records=2 next_cursor=set
2026-02-19T04:22:31Z INFO bsky_collector_v2.job.index_feed_generators: enqueued repos page=32 mode=listRepos inserted=500 repos_returned=500 next_cursor=set
2026-02-19T04:22:44Z INFO bsky_collector_v2.job.index_feed_generators: indexed repo=did:plc:66vqlothus4nh3h34vzdtnfl part=621 records=2 next_cursor=set
2026-02-19T04:23:22Z INFO bsky_collector_v2.job.index_feed_generators: indexed repo=did:plc:mxcd5ydoj5yehxlcuwkqop7i part=622 records=14 next_cursor=set
2026-02-19T04:23:26Z WARNING bsky_collector_v2.job.index_feed_generators: listRecords failed repo=did:plc:o6bpkvtm5sef5pma66qkyjwx err=HttpError('InvalidRequest: Could not find repo: did:plc:o6bpkvtm5sef5pma66qkyjwx')
2026-02-19T04:23:33Z WARNING bsky_collector_v2.job.index_feed_generators: listRecords failed repo=did:plc:rbe7ejbgz67v6onbodw22u5e err=HttpError('InvalidRequest: Could not find repo: did:plc:rbe7ejbgz67v6onbodw22u5e')
2026-02-19T04:23:55Z INFO bsky_collector_v2.job.index_feed_generators: indexed repo=did:plc:yjrzzoa24hah3d4dykqwo5ww part=623 records=2 next_cursor=set
2026-02-19T04:24:00Z WARNING bsky_collector_v2.job.index_feed_generators: listRecords failed repo=did:plc:o6bpkvtm5sef5pma66qkyjwx err=HttpError('InvalidRequest: Could not find repo: did:plc:o6bpkvtm5sef5pma66qkyjwx')
2026-02-19T04:24:00Z WARNING bsky_collector_v2.job.index_feed_generators: listRecords failed repo=did:plc:rbe7ejbgz67v6onbodw22u5e err=HttpError('InvalidRequest: Could not find repo: did:plc:rbe7ejbgz67v6onbodw22u5e')
2026-02-19T04:24:00Z WARNING bsky_collector_v2.job.index_feed_generators: listRecords failed repo=did:plc:o6bpkvtm5sef5pma66qkyjwx err=HttpError('InvalidRequest: Could not find repo: did:plc:o6bpkvtm5sef5pma66qkyjwx')
2026-02-19T04:24:00Z WARNING bsky_collector_v2.job.index_feed_generators: listRecords failed repo=did:plc:rbe7ejbgz67v6onbodw22u5e err=HttpError('InvalidRequest: Could not find repo: did:plc:rbe7ejbgz67v6onbodw22u5e')
2026-02-19T04:24:00Z INFO bsky_collector_v2.job.index_feed_generators: enqueued repos page=33 mode=listRepos inserted=500 repos_returned=500 next_cursor=set
2026-02-19T04:24:02Z INFO bsky_collector_v2.job.index_feed_generators: indexed repo=did:plc:2ikcey5ewceddkgqh3pxsrf2 part=624 records=2 next_cursor=set
2026-02-19T04:24:07Z INFO bsky_collector_v2.job.index_feed_generators: indexed repo=did:plc:57c3fdxn53frla5qk4r5zlv5 part=625 records=1 next_cursor=set
2026-02-19T04:24:27Z WARNING bsky_collector_v2.job.index_feed_generators: listRecords failed repo=did:plc:bo7zk55lkejwsomomjym5rdw err=HttpError('InvalidRequest: Could not find repo: did:plc:bo7zk55lkejwsomomjym5rdw')
2026-02-19T04:25:24Z INFO bsky_collector_v2.job.index_feed_generators: indexed repo=did:plc:tvr36gtvhjvtuqjmom36lype part=626 records=1 next_cursor=set
2026-02-19T04:25:41Z INFO bsky_collector_v2.job.index_feed_generators: indexed repo=did:plc:zn5css7bbgdbukhbe4nwl3fk part=627 records=1 next_cursor=set
2026-02-19T04:25:43Z WARNING bsky_collector_v2.job.index_feed_generators: listRecords failed repo=did:plc:bo7zk55lkejwsomomjym5rdw err=HttpError('InvalidRequest: Could not find repo: did:plc:bo7zk55lkejwsomomjym5rdw')
2026-02-19T04:25:43Z WARNING bsky_collector_v2.job.index_feed_generators: listRecords failed repo=did:plc:bo7zk55lkejwsomomjym5rdw err=HttpError('InvalidRequest: Could not find repo: did:plc:bo7zk55lkejwsomomjym5rdw')
2026-02-19T04:25:43Z INFO bsky_collector_v2.job.index_feed_generators: enqueued repos page=34 mode=listRepos inserted=500 repos_returned=500 next_cursor=set
2026-02-19T04:26:07Z INFO bsky_collector_v2.job.index_feed_generators: indexed repo=did:plc:cpsqq6nkp4a2kizrbj2hfiyw part=628 records=1 next_cursor=set
2026-02-19T04:26:21Z INFO bsky_collector_v2.job.index_feed_generators: indexed repo=did:plc:huftf5n2blj37bqtiqs6zciu part=629 records=1 next_cursor=set
2026-02-19T04:26:38Z INFO bsky_collector_v2.job.index_feed_generators: indexed repo=did:plc:pa653fmiorv7gccg4wkdhq5s part=630 records=1 next_cursor=set
2026-02-19T04:26:39Z INFO bsky_collector_v2.job.index_feed_generators: indexed repo=did:plc:pndtzvuxiavfl2r6cggmhmxs part=631 records=1 next_cursor=set
2026-02-19T04:26:57Z INFO bsky_collector_v2.job.index_feed_generators: indexed repo=did:plc:vpyqoci6h7j72l6u2tsw4ukn part=632 records=1 next_cursor=set
2026-02-19T04:27:07Z INFO bsky_collector_v2.job.index_feed_generators: enqueued repos page=35 mode=listRepos inserted=500 repos_returned=500 next_cursor=set
2026-02-19T04:27:32Z INFO bsky_collector_v2.job.index_feed_generators: indexed repo=did:plc:dpwth2v7m5kbs3d6oc2nqxju part=633 records=2 next_cursor=set
2026-02-19T04:27:40Z INFO bsky_collector_v2.job.index_feed_generators: indexed repo=did:plc:gubva627h3mrb4xddgb4kowt part=634 records=8 next_cursor=set
2026-02-19T04:27:51Z INFO bsky_collector_v2.job.index_feed_generators: indexed repo=did:plc:koed4nou4aan5z2nq43lx5ua part=635 records=1 next_cursor=set
2026-02-19T04:28:00Z WARNING bsky_collector_v2.job.index_feed_generators: listRecords failed repo=did:plc:nymme52qglvccyls4dhtdgkt err=HttpError('InvalidRequest: Could not find repo: did:plc:nymme52qglvccyls4dhtdgkt')
2026-02-19T04:28:12Z INFO bsky_collector_v2.job.index_feed_generators: indexed repo=did:plc:svppd35nuvsbkb6kd3ulrgio part=636 records=1 next_cursor=set
2026-02-19T04:28:30Z WARNING bsky_collector_v2.job.index_feed_generators: listRecords failed repo=did:plc:nymme52qglvccyls4dhtdgkt err=HttpError('InvalidRequest: Could not find repo: did:plc:nymme52qglvccyls4dhtdgkt')
2026-02-19T04:28:31Z WARNING bsky_collector_v2.job.index_feed_generators: listRecords failed repo=did:plc:nymme52qglvccyls4dhtdgkt err=HttpError('InvalidRequest: Could not find repo: did:plc:nymme52qglvccyls4dhtdgkt')
2026-02-19T04:28:31Z INFO bsky_collector_v2.job.index_feed_generators: enqueued repos page=36 mode=listRepos inserted=500 repos_returned=500 next_cursor=set
2026-02-19T04:29:11Z WARNING bsky_collector_v2.job.index_feed_generators: listRecords failed repo=did:plc:jdppbj7f6s63dgbydouaa446 err=HttpError('InvalidRequest: Could not find repo: did:plc:jdppbj7f6s63dgbydouaa446')
