2026-02-28T16:01:34Z INFO bsky_collector_v2: out_base ok path=D:\BlueSky\data_v2_full mount=D:\
2026-02-28T16:01:34Z INFO bsky_collector_v2: job start subcommand=index-feed-generators dry_run=False resume=True
2026-02-28T16:01:35Z INFO bsky_collector_v2.job.index_feed_generators: feed generator index hosts relay_host=https://bsky.network records_host=https://bsky.social auth=yes
2026-02-28T16:01:57Z INFO bsky_collector_v2.job.index_feed_generators: enqueued repos page=1 mode=listRepos inserted=500 repos_returned=500 next_cursor=set
2026-02-28T16:02:02Z INFO bsky_collector_v2.job.index_feed_generators: indexed repo=did:plc:3ba3x52oyi327cwpdn3sotws part=623 records=3 next_cursor=set
2026-02-28T16:02:06Z INFO bsky_collector_v2.job.index_feed_generators: indexed repo=did:plc:4sorpkktaxneneqx3x55rnr7 part=624 records=1 next_cursor=set
2026-02-28T16:02:10Z WARNING bsky_collector_v2.job.index_feed_generators: listRecords failed repo=did:plc:66ruaraogbn2fdgdfpdbftkr err=HttpError('InvalidRequest: Could not find repo: did:plc:66ruaraogbn2fdgdfpdbftkr')
2026-02-28T16:02:30Z WARNING bsky_collector_v2.job.index_feed_generators: listRecords failed repo=did:plc:cvkggqbyqidfnoh7u6eobysr err=HttpError('InvalidRequest: Could not find repo: did:plc:cvkggqbyqidfnoh7u6eobysr')
2026-02-28T16:02:36Z WARNING bsky_collector_v2.job.index_feed_generators: listRecords failed repo=did:plc:dxm6qgtd5wwo5db6y56unzio err=HttpError('InvalidRequest: Could not find repo: did:plc:dxm6qgtd5wwo5db6y56unzio')
2026-02-28T16:03:03Z WARNING bsky_collector_v2.job.index_feed_generators: listRecords failed repo=did:plc:jttqqmivnxjcy3vj73tdkzia err=HttpError('InvalidRequest: Could not find repo: did:plc:jttqqmivnxjcy3vj73tdkzia')
2026-02-28T16:03:05Z WARNING bsky_collector_v2.job.index_feed_generators: listRecords failed repo=did:plc:kbsenndul3hp5zagrexczjhs err=HttpError('InvalidRequest: Could not find repo: did:plc:kbsenndul3hp5zagrexczjhs')
2026-02-28T16:03:17Z WARNING bsky_collector_v2.job.index_feed_generators: listRecords failed repo=did:plc:myhohjccr35bpgkks3sa3lvm err=HttpError('InvalidRequest: Could not find repo: did:plc:myhohjccr35bpgkks3sa3lvm')
2026-02-28T16:03:17Z WARNING bsky_collector_v2.job.index_feed_generators: listRecords failed repo=did:plc:ncwqtykjrhaknwluiqs23lj2 err=HttpError('InvalidRequest: Could not find repo: did:plc:ncwqtykjrhaknwluiqs23lj2')
2026-02-28T16:03:25Z INFO bsky_collector_v2.job.index_feed_generators: indexed repo=did:plc:pfv77r7uaj62vv7zp6sg73gt part=625 records=2 next_cursor=set
2026-02-28T16:03:30Z WARNING bsky_collector_v2.job.index_feed_generators: listRecords failed repo=did:plc:r65xylm3dqmfu4p47iswslig err=HttpError('InvalidRequest: Could not find repo: did:plc:r65xylm3dqmfu4p47iswslig')
2026-02-28T16:03:34Z WARNING bsky_collector_v2.job.index_feed_generators: listRecords failed repo=did:plc:slyaw2bbvsp4dtbktg5cfloy err=HttpError('InvalidRequest: Could not find repo: did:plc:slyaw2bbvsp4dtbktg5cfloy')
2026-02-28T16:03:39Z WARNING bsky_collector_v2.job.index_feed_generators: listRecords failed repo=did:plc:uhn5afvp3avggbtruwpjwxeq err=HttpError('InvalidRequest: Could not find repo: did:plc:uhn5afvp3avggbtruwpjwxeq')
2026-02-28T16:03:41Z WARNING bsky_collector_v2.job.index_feed_generators: listRecords failed repo=did:plc:vf4kao6bukozhhkky4b6jsfh err=HttpError('InvalidRequest: Could not find repo: did:plc:vf4kao6bukozhhkky4b6jsfh')
2026-02-28T16:03:41Z WARNING bsky_collector_v2.job.index_feed_generators: listRecords failed repo=did:plc:vixwtg5y5kxsmr5mwo7w4x6d err=HttpError('InvalidRequest: Could not find repo: did:plc:vixwtg5y5kxsmr5mwo7w4x6d')
2026-02-28T16:03:42Z WARNING bsky_collector_v2.job.index_feed_generators: listRecords failed repo=did:plc:vvo634m2e3eplq44jzjwudzw err=HttpError('InvalidRequest: Could not find repo: did:plc:vvo634m2e3eplq44jzjwudzw')
2026-02-28T16:03:52Z WARNING bsky_collector_v2.job.index_feed_generators: listRecords failed repo=did:plc:z7poqxpsqj2ugzxgj6itqsfk err=HttpError('InvalidRequest: Could not find repo: did:plc:z7poqxpsqj2ugzxgj6itqsfk')
2026-02-28T16:03:54Z WARNING bsky_collector_v2.job.index_feed_generators: listRecords failed repo=did:plc:66ruaraogbn2fdgdfpdbftkr err=HttpError('InvalidRequest: Could not find repo: did:plc:66ruaraogbn2fdgdfpdbftkr')
2026-02-28T16:03:54Z WARNING bsky_collector_v2.job.index_feed_generators: listRecords failed repo=did:plc:cvkggqbyqidfnoh7u6eobysr err=HttpError('InvalidRequest: Could not find repo: did:plc:cvkggqbyqidfnoh7u6eobysr')
2026-02-28T16:03:54Z WARNING bsky_collector_v2.job.index_feed_generators: listRecords failed repo=did:plc:dxm6qgtd5wwo5db6y56unzio err=HttpError('InvalidRequest: Could not find repo: did:plc:dxm6qgtd5wwo5db6y56unzio')
2026-02-28T16:03:55Z WARNING bsky_collector_v2.job.index_feed_generators: listRecords failed repo=did:plc:jttqqmivnxjcy3vj73tdkzia err=HttpError('InvalidRequest: Could not find repo: did:plc:jttqqmivnxjcy3vj73tdkzia')
2026-02-28T16:03:55Z WARNING bsky_collector_v2.job.index_feed_generators: listRecords failed repo=did:plc:kbsenndul3hp5zagrexczjhs err=HttpError('InvalidRequest: Could not find repo: did:plc:kbsenndul3hp5zagrexczjhs')
2026-02-28T16:03:55Z WARNING bsky_collector_v2.job.index_feed_generators: listRecords failed repo=did:plc:myhohjccr35bpgkks3sa3lvm err=HttpError('InvalidRequest: Could not find repo: did:plc:myhohjccr35bpgkks3sa3lvm')
2026-02-28T16:03:55Z WARNING bsky_collector_v2.job.index_feed_generators: listRecords failed repo=did:plc:ncwqtykjrhaknwluiqs23lj2 err=HttpError('InvalidRequest: Could not find repo: did:plc:ncwqtykjrhaknwluiqs23lj2')
2026-02-28T16:03:55Z WARNING bsky_collector_v2.job.index_feed_generators: listRecords failed repo=did:plc:r65xylm3dqmfu4p47iswslig err=HttpError('InvalidRequest: Could not find repo: did:plc:r65xylm3dqmfu4p47iswslig')
2026-02-28T16:03:55Z WARNING bsky_collector_v2.job.index_feed_generators: listRecords failed repo=did:plc:slyaw2bbvsp4dtbktg5cfloy err=HttpError('InvalidRequest: Could not find repo: did:plc:slyaw2bbvsp4dtbktg5cfloy')
2026-02-28T16:03:55Z WARNING bsky_collector_v2.job.index_feed_generators: listRecords failed repo=did:plc:uhn5afvp3avggbtruwpjwxeq err=HttpError('InvalidRequest: Could not find repo: did:plc:uhn5afvp3avggbtruwpjwxeq')
2026-02-28T16:03:55Z WARNING bsky_collector_v2.job.index_feed_generators: listRecords failed repo=did:plc:vf4kao6bukozhhkky4b6jsfh err=HttpError('InvalidRequest: Could not find repo: did:plc:vf4kao6bukozhhkky4b6jsfh')
2026-02-28T16:03:56Z WARNING bsky_collector_v2.job.index_feed_generators: listRecords failed repo=did:plc:vixwtg5y5kxsmr5mwo7w4x6d err=HttpError('InvalidRequest: Could not find repo: did:plc:vixwtg5y5kxsmr5mwo7w4x6d')
2026-02-28T16:03:56Z WARNING bsky_collector_v2.job.index_feed_generators: listRecords failed repo=did:plc:vvo634m2e3eplq44jzjwudzw err=HttpError('InvalidRequest: Could not find repo: did:plc:vvo634m2e3eplq44jzjwudzw')
2026-02-28T16:03:56Z WARNING bsky_collector_v2.job.index_feed_generators: listRecords failed repo=did:plc:z7poqxpsqj2ugzxgj6itqsfk err=HttpError('InvalidRequest: Could not find repo: did:plc:z7poqxpsqj2ugzxgj6itqsfk')
2026-02-28T16:03:56Z WARNING bsky_collector_v2.job.index_feed_generators: listRecords failed repo=did:plc:66ruaraogbn2fdgdfpdbftkr err=HttpError('InvalidRequest: Could not find repo: did:plc:66ruaraogbn2fdgdfpdbftkr')
2026-02-28T16:03:56Z WARNING bsky_collector_v2.job.index_feed_generators: listRecords failed repo=did:plc:cvkggqbyqidfnoh7u6eobysr err=HttpError('InvalidRequest: Could not find repo: did:plc:cvkggqbyqidfnoh7u6eobysr')
2026-02-28T16:03:56Z WARNING bsky_collector_v2.job.index_feed_generators: listRecords failed repo=did:plc:dxm6qgtd5wwo5db6y56unzio err=HttpError('InvalidRequest: Could not find repo: did:plc:dxm6qgtd5wwo5db6y56unzio')
2026-02-28T16:03:56Z WARNING bsky_collector_v2.job.index_feed_generators: listRecords failed repo=did:plc:jttqqmivnxjcy3vj73tdkzia err=HttpError('InvalidRequest: Could not find repo: did:plc:jttqqmivnxjcy3vj73tdkzia')
2026-02-28T16:03:56Z WARNING bsky_collector_v2.job.index_feed_generators: listRecords failed repo=did:plc:kbsenndul3hp5zagrexczjhs err=HttpError('InvalidRequest: Could not find repo: did:plc:kbsenndul3hp5zagrexczjhs')
2026-02-28T16:03:56Z WARNING bsky_collector_v2.job.index_feed_generators: listRecords failed repo=did:plc:myhohjccr35bpgkks3sa3lvm err=HttpError('InvalidRequest: Could not find repo: did:plc:myhohjccr35bpgkks3sa3lvm')
2026-02-28T16:03:56Z WARNING bsky_collector_v2.job.index_feed_generators: listRecords failed repo=did:plc:ncwqtykjrhaknwluiqs23lj2 err=HttpError('InvalidRequest: Could not find repo: did:plc:ncwqtykjrhaknwluiqs23lj2')
2026-02-28T16:03:56Z WARNING bsky_collector_v2.job.index_feed_generators: listRecords failed repo=did:plc:r65xylm3dqmfu4p47iswslig err=HttpError('InvalidRequest: Could not find repo: did:plc:r65xylm3dqmfu4p47iswslig')
2026-02-28T16:03:56Z WARNING bsky_collector_v2.job.index_feed_generators: listRecords failed repo=did:plc:slyaw2bbvsp4dtbktg5cfloy err=HttpError('InvalidRequest: Could not find repo: did:plc:slyaw2bbvsp4dtbktg5cfloy')
2026-02-28T16:03:56Z WARNING bsky_collector_v2.job.index_feed_generators: listRecords failed repo=did:plc:uhn5afvp3avggbtruwpjwxeq err=HttpError('InvalidRequest: Could not find repo: did:plc:uhn5afvp3avggbtruwpjwxeq')
2026-02-28T16:03:57Z WARNING bsky_collector_v2.job.index_feed_generators: listRecords failed repo=did:plc:vf4kao6bukozhhkky4b6jsfh err=HttpError('InvalidRequest: Could not find repo: did:plc:vf4kao6bukozhhkky4b6jsfh')
2026-02-28T16:03:57Z WARNING bsky_collector_v2.job.index_feed_generators: listRecords failed repo=did:plc:vixwtg5y5kxsmr5mwo7w4x6d err=HttpError('InvalidRequest: Could not find repo: did:plc:vixwtg5y5kxsmr5mwo7w4x6d')
2026-02-28T16:03:57Z WARNING bsky_collector_v2.job.index_feed_generators: listRecords failed repo=did:plc:vvo634m2e3eplq44jzjwudzw err=HttpError('InvalidRequest: Could not find repo: did:plc:vvo634m2e3eplq44jzjwudzw')
2026-02-28T16:03:57Z WARNING bsky_collector_v2.job.index_feed_generators: listRecords failed repo=did:plc:z7poqxpsqj2ugzxgj6itqsfk err=HttpError('InvalidRequest: Could not find repo: did:plc:z7poqxpsqj2ugzxgj6itqsfk')
2026-02-28T16:03:58Z INFO bsky_collector_v2.job.index_feed_generators: enqueued repos page=2 mode=listRepos inserted=500 repos_returned=500 next_cursor=set
2026-02-28T16:04:11Z WARNING bsky_collector_v2.job.index_feed_generators: listRecords failed repo=did:plc:73nh4o6zrujcifny54zm5umt err=HttpError('InvalidRequest: Could not find repo: did:plc:73nh4o6zrujcifny54zm5umt')
2026-02-28T16:04:26Z WARNING bsky_collector_v2.job.index_feed_generators: listRecords failed repo=did:plc:d4n6rvao5hsqakhj2y3teywp err=HttpError('InvalidRequest: Could not find repo: did:plc:d4n6rvao5hsqakhj2y3teywp')
2026-02-28T16:05:39Z WARNING bsky_collector_v2.job.index_feed_generators: listRecords failed repo=did:plc:73nh4o6zrujcifny54zm5umt err=HttpError('InvalidRequest: Could not find repo: did:plc:73nh4o6zrujcifny54zm5umt')
2026-02-28T16:05:39Z WARNING bsky_collector_v2.job.index_feed_generators: listRecords failed repo=did:plc:d4n6rvao5hsqakhj2y3teywp err=HttpError('InvalidRequest: Could not find repo: did:plc:d4n6rvao5hsqakhj2y3teywp')
2026-02-28T16:05:39Z WARNING bsky_collector_v2.job.index_feed_generators: listRecords failed repo=did:plc:73nh4o6zrujcifny54zm5umt err=HttpError('InvalidRequest: Could not find repo: did:plc:73nh4o6zrujcifny54zm5umt')
2026-02-28T16:05:39Z WARNING bsky_collector_v2.job.index_feed_generators: listRecords failed repo=did:plc:d4n6rvao5hsqakhj2y3teywp err=HttpError('InvalidRequest: Could not find repo: did:plc:d4n6rvao5hsqakhj2y3teywp')
2026-02-28T16:05:40Z INFO bsky_collector_v2.job.index_feed_generators: enqueued repos page=3 mode=listRepos inserted=500 repos_returned=500 next_cursor=set
2026-02-28T16:06:06Z INFO bsky_collector_v2.job.index_feed_generators: indexed repo=did:plc:bax5np3ynjeanmwdduxtwqb6 part=626 records=1 next_cursor=set
2026-02-28T16:06:08Z WARNING bsky_collector_v2.job.index_feed_generators: listRecords failed repo=did:plc:bna5upuadfedey64nqzpf4eo err=HttpError('InvalidRequest: Could not find repo: did:plc:bna5upuadfedey64nqzpf4eo')
2026-02-28T16:06:52Z INFO bsky_collector_v2.job.index_feed_generators: indexed repo=did:plc:mjktclnzqigxophg3cfrskhg part=627 records=1 next_cursor=set
2026-02-28T16:07:06Z WARNING bsky_collector_v2.job.index_feed_generators: listRecords failed repo=did:plc:qr2k66vjklwqhkqxcnankub7 err=HttpError('InvalidRequest: Could not find repo: did:plc:qr2k66vjklwqhkqxcnankub7')
2026-02-28T16:07:13Z WARNING bsky_collector_v2.job.index_feed_generators: listRecords failed repo=did:plc:t3p3fjumdzg6r26sbkie5qpe err=HttpError('InvalidRequest: Could not find repo: did:plc:t3p3fjumdzg6r26sbkie5qpe')
2026-02-28T16:07:18Z WARNING bsky_collector_v2.job.index_feed_generators: listRecords failed repo=did:plc:v65o3afnm6vufjmeivftqnad err=HttpError('InvalidRequest: Could not find repo: did:plc:v65o3afnm6vufjmeivftqnad')
2026-02-28T16:07:26Z INFO bsky_collector_v2.job.index_feed_generators: indexed repo=did:plc:xybcjafpy3nkojzzyynerqy6 part=628 records=2 next_cursor=set
2026-02-28T16:07:29Z WARNING bsky_collector_v2.job.index_feed_generators: listRecords failed repo=did:plc:ymnc54v7fmc3wku7ebevbovs err=HttpError('InvalidRequest: Could not find repo: did:plc:ymnc54v7fmc3wku7ebevbovs')
2026-02-28T16:07:34Z WARNING bsky_collector_v2.job.index_feed_generators: listRecords failed repo=did:plc:bna5upuadfedey64nqzpf4eo err=HttpError('InvalidRequest: Could not find repo: did:plc:bna5upuadfedey64nqzpf4eo')
2026-02-28T16:07:34Z WARNING bsky_collector_v2.job.index_feed_generators: listRecords failed repo=did:plc:qr2k66vjklwqhkqxcnankub7 err=HttpError('InvalidRequest: Could not find repo: did:plc:qr2k66vjklwqhkqxcnankub7')
2026-02-28T16:07:34Z WARNING bsky_collector_v2.job.index_feed_generators: listRecords failed repo=did:plc:t3p3fjumdzg6r26sbkie5qpe err=HttpError('InvalidRequest: Could not find repo: did:plc:t3p3fjumdzg6r26sbkie5qpe')
2026-02-28T16:07:34Z WARNING bsky_collector_v2.job.index_feed_generators: listRecords failed repo=did:plc:v65o3afnm6vufjmeivftqnad err=HttpError('InvalidRequest: Could not find repo: did:plc:v65o3afnm6vufjmeivftqnad')
2026-02-28T16:07:34Z WARNING bsky_collector_v2.job.index_feed_generators: listRecords failed repo=did:plc:ymnc54v7fmc3wku7ebevbovs err=HttpError('InvalidRequest: Could not find repo: did:plc:ymnc54v7fmc3wku7ebevbovs')
2026-02-28T16:07:34Z WARNING bsky_collector_v2.job.index_feed_generators: listRecords failed repo=did:plc:bna5upuadfedey64nqzpf4eo err=HttpError('InvalidRequest: Could not find repo: did:plc:bna5upuadfedey64nqzpf4eo')
2026-02-28T16:07:34Z WARNING bsky_collector_v2.job.index_feed_generators: listRecords failed repo=did:plc:qr2k66vjklwqhkqxcnankub7 err=HttpError('InvalidRequest: Could not find repo: did:plc:qr2k66vjklwqhkqxcnankub7')
2026-02-28T16:07:35Z WARNING bsky_collector_v2.job.index_feed_generators: listRecords failed repo=did:plc:t3p3fjumdzg6r26sbkie5qpe err=HttpError('InvalidRequest: Could not find repo: did:plc:t3p3fjumdzg6r26sbkie5qpe')
2026-02-28T16:07:35Z WARNING bsky_collector_v2.job.index_feed_generators: listRecords failed repo=did:plc:v65o3afnm6vufjmeivftqnad err=HttpError('InvalidRequest: Could not find repo: did:plc:v65o3afnm6vufjmeivftqnad')
2026-02-28T16:07:35Z WARNING bsky_collector_v2.job.index_feed_generators: listRecords failed repo=did:plc:ymnc54v7fmc3wku7ebevbovs err=HttpError('InvalidRequest: Could not find repo: did:plc:ymnc54v7fmc3wku7ebevbovs')
2026-02-28T16:07:36Z INFO bsky_collector_v2.job.index_feed_generators: enqueued repos page=4 mode=listRepos inserted=500 repos_returned=500 next_cursor=set
2026-02-28T16:07:57Z WARNING bsky_collector_v2.job.index_feed_generators: listRecords failed repo=did:plc:al6eyfb4rxcul32id4yyap7o err=HttpError('InvalidRequest: Could not find repo: did:plc:al6eyfb4rxcul32id4yyap7o')
2026-02-28T16:09:00Z WARNING bsky_collector_v2.job.index_feed_generators: listRecords failed repo=did:plc:usqnlxcd6zx2jhx2vi6wf6m6 err=HttpError('InvalidRequest: Could not find repo: did:plc:usqnlxcd6zx2jhx2vi6wf6m6')
2026-02-28T16:09:13Z WARNING bsky_collector_v2.job.index_feed_generators: listRecords failed repo=did:plc:al6eyfb4rxcul32id4yyap7o err=HttpError('InvalidRequest: Could not find repo: did:plc:al6eyfb4rxcul32id4yyap7o')
2026-02-28T16:09:13Z WARNING bsky_collector_v2.job.index_feed_generators: listRecords failed repo=did:plc:usqnlxcd6zx2jhx2vi6wf6m6 err=HttpError('InvalidRequest: Could not find repo: did:plc:usqnlxcd6zx2jhx2vi6wf6m6')
2026-02-28T16:09:14Z WARNING bsky_collector_v2.job.index_feed_generators: listRecords failed repo=did:plc:al6eyfb4rxcul32id4yyap7o err=HttpError('InvalidRequest: Could not find repo: did:plc:al6eyfb4rxcul32id4yyap7o')
2026-02-28T16:09:14Z WARNING bsky_collector_v2.job.index_feed_generators: listRecords failed repo=did:plc:usqnlxcd6zx2jhx2vi6wf6m6 err=HttpError('InvalidRequest: Could not find repo: did:plc:usqnlxcd6zx2jhx2vi6wf6m6')
2026-02-28T16:09:14Z INFO bsky_collector_v2.job.index_feed_generators: enqueued repos page=5 mode=listRepos inserted=500 repos_returned=500 next_cursor=set
2026-02-28T16:10:10Z WARNING bsky_collector_v2.job.index_feed_generators: listRecords failed repo=did:plc:mts2sbetki26my5mrjbvo2lc err=HttpError('InvalidRequest: Could not find repo: did:plc:mts2sbetki26my5mrjbvo2lc')
2026-02-28T16:10:12Z WARNING bsky_collector_v2.job.index_feed_generators: listRecords failed repo=did:plc:nqbvvtzxqdsseesm3467pm3r err=HttpError('InvalidRequest: Could not find repo: did:plc:nqbvvtzxqdsseesm3467pm3r')
2026-02-28T16:10:29Z WARNING bsky_collector_v2.job.index_feed_generators: listRecords failed repo=did:plc:sape3qtphnlwm7c5ilqwu6p6 err=HttpError('InvalidRequest: Could not find repo: did:plc:sape3qtphnlwm7c5ilqwu6p6')
2026-02-28T16:11:01Z WARNING bsky_collector_v2.job.index_feed_generators: listRecords failed repo=did:plc:mts2sbetki26my5mrjbvo2lc err=HttpError('InvalidRequest: Could not find repo: did:plc:mts2sbetki26my5mrjbvo2lc')
2026-02-28T16:11:01Z WARNING bsky_collector_v2.job.index_feed_generators: listRecords failed repo=did:plc:nqbvvtzxqdsseesm3467pm3r err=HttpError('InvalidRequest: Could not find repo: did:plc:nqbvvtzxqdsseesm3467pm3r')
2026-02-28T16:11:01Z WARNING bsky_collector_v2.job.index_feed_generators: listRecords failed repo=did:plc:sape3qtphnlwm7c5ilqwu6p6 err=HttpError('InvalidRequest: Could not find repo: did:plc:sape3qtphnlwm7c5ilqwu6p6')
2026-02-28T16:11:01Z WARNING bsky_collector_v2.job.index_feed_generators: listRecords failed repo=did:plc:mts2sbetki26my5mrjbvo2lc err=HttpError('InvalidRequest: Could not find repo: did:plc:mts2sbetki26my5mrjbvo2lc')
2026-02-28T16:11:02Z WARNING bsky_collector_v2.job.index_feed_generators: listRecords failed repo=did:plc:nqbvvtzxqdsseesm3467pm3r err=HttpError('InvalidRequest: Could not find repo: did:plc:nqbvvtzxqdsseesm3467pm3r')
2026-02-28T16:11:02Z WARNING bsky_collector_v2.job.index_feed_generators: listRecords failed repo=did:plc:sape3qtphnlwm7c5ilqwu6p6 err=HttpError('InvalidRequest: Could not find repo: did:plc:sape3qtphnlwm7c5ilqwu6p6')
2026-02-28T16:11:02Z INFO bsky_collector_v2.job.index_feed_generators: enqueued repos page=6 mode=listRepos inserted=500 repos_returned=500 next_cursor=set
2026-02-28T16:11:35Z INFO bsky_collector_v2.job.index_feed_generators: indexed repo=did:plc:bxoxm3a5tu2joxc2w3pv5pjb part=629 records=1 next_cursor=set
2026-02-28T16:11:48Z WARNING bsky_collector_v2.job.index_feed_generators: listRecords failed repo=did:plc:hc75vvckeiv2jgsoy6yrydnz err=HttpError('InvalidRequest: Could not find repo: did:plc:hc75vvckeiv2jgsoy6yrydnz')
2026-02-28T16:12:29Z INFO bsky_collector_v2.job.index_feed_generators: indexed repo=did:plc:rw3l3eofyk5vhcidbfaxrel5 part=630 records=1 next_cursor=set
2026-02-28T16:12:56Z WARNING bsky_collector_v2.job.index_feed_generators: listRecords failed repo=did:plc:hc75vvckeiv2jgsoy6yrydnz err=HttpError('InvalidRequest: Could not find repo: did:plc:hc75vvckeiv2jgsoy6yrydnz')
2026-02-28T16:12:56Z WARNING bsky_collector_v2.job.index_feed_generators: listRecords failed repo=did:plc:hc75vvckeiv2jgsoy6yrydnz err=HttpError('InvalidRequest: Could not find repo: did:plc:hc75vvckeiv2jgsoy6yrydnz')
2026-02-28T16:12:57Z INFO bsky_collector_v2.job.index_feed_generators: enqueued repos page=7 mode=listRepos inserted=500 repos_returned=500 next_cursor=set
2026-02-28T16:13:11Z INFO bsky_collector_v2.job.index_feed_generators: indexed repo=did:plc:6xxwegnm4gqxaj377ybyt7xk part=631 records=1 next_cursor=set
2026-02-28T16:14:33Z INFO bsky_collector_v2.job.index_feed_generators: enqueued repos page=8 mode=listRepos inserted=500 repos_returned=500 next_cursor=set
2026-02-28T16:16:07Z INFO bsky_collector_v2.job.index_feed_generators: enqueued repos page=9 mode=listRepos inserted=500 repos_returned=500 next_cursor=set
2026-02-28T16:17:58Z INFO bsky_collector_v2.job.index_feed_generators: enqueued repos page=10 mode=listRepos inserted=500 repos_returned=500 next_cursor=set
2026-02-28T16:18:15Z INFO bsky_collector_v2.job.index_feed_generators: indexed repo=did:plc:7vj2zodyfsqhctrchrergj24 part=632 records=1 next_cursor=set
2026-02-28T16:18:29Z INFO bsky_collector_v2.job.index_feed_generators: indexed repo=did:plc:edrkxu5axkhkfgdxbq2xhfnk part=633 records=1 next_cursor=set
2026-02-28T16:19:33Z INFO bsky_collector_v2.job.index_feed_generators: enqueued repos page=11 mode=listRepos inserted=500 repos_returned=500 next_cursor=set
2026-02-28T16:19:47Z WARNING bsky_collector_v2.job.index_feed_generators: listRecords failed repo=did:plc:5kemkqo5yrs7emqvp6nvowgy err=HttpError('InvalidRequest: Could not find repo: did:plc:5kemkqo5yrs7emqvp6nvowgy')
2026-02-28T16:21:05Z WARNING bsky_collector_v2.job.index_feed_generators: listRecords failed repo=did:plc:vk5u7jw2nbe3n6iqt5dbef2z err=HttpError('InvalidRequest: Could not find repo: did:plc:vk5u7jw2nbe3n6iqt5dbef2z')
2026-02-28T16:21:08Z WARNING bsky_collector_v2.job.index_feed_generators: listRecords failed repo=did:plc:ws7ssolpwgxv5jf32pr2vqau err=HttpError('InvalidRequest: Could not find repo: did:plc:ws7ssolpwgxv5jf32pr2vqau')
2026-02-28T16:21:22Z WARNING bsky_collector_v2.job.index_feed_generators: listRecords failed repo=did:plc:5kemkqo5yrs7emqvp6nvowgy err=HttpError('InvalidRequest: Could not find repo: did:plc:5kemkqo5yrs7emqvp6nvowgy')
2026-02-28T16:21:23Z WARNING bsky_collector_v2.job.index_feed_generators: listRecords failed repo=did:plc:vk5u7jw2nbe3n6iqt5dbef2z err=HttpError('InvalidRequest: Could not find repo: did:plc:vk5u7jw2nbe3n6iqt5dbef2z')
2026-02-28T16:21:23Z WARNING bsky_collector_v2.job.index_feed_generators: listRecords failed repo=did:plc:ws7ssolpwgxv5jf32pr2vqau err=HttpError('InvalidRequest: Could not find repo: did:plc:ws7ssolpwgxv5jf32pr2vqau')
2026-02-28T16:21:23Z WARNING bsky_collector_v2.job.index_feed_generators: listRecords failed repo=did:plc:5kemkqo5yrs7emqvp6nvowgy err=HttpError('InvalidRequest: Could not find repo: did:plc:5kemkqo5yrs7emqvp6nvowgy')
2026-02-28T16:21:23Z WARNING bsky_collector_v2.job.index_feed_generators: listRecords failed repo=did:plc:vk5u7jw2nbe3n6iqt5dbef2z err=HttpError('InvalidRequest: Could not find repo: did:plc:vk5u7jw2nbe3n6iqt5dbef2z')
2026-02-28T16:21:24Z WARNING bsky_collector_v2.job.index_feed_generators: listRecords failed repo=did:plc:ws7ssolpwgxv5jf32pr2vqau err=HttpError('InvalidRequest: Could not find repo: did:plc:ws7ssolpwgxv5jf32pr2vqau')
2026-02-28T16:21:25Z INFO bsky_collector_v2.job.index_feed_generators: enqueued repos page=12 mode=listRepos inserted=500 repos_returned=500 next_cursor=set
2026-02-28T16:21:31Z WARNING bsky_collector_v2.job.index_feed_generators: listRecords failed repo=did:plc:3d6qw64ybyyaakpfzm5w2hdy err=HttpError('InvalidRequest: Could not find repo: did:plc:3d6qw64ybyyaakpfzm5w2hdy')
2026-02-28T16:21:43Z WARNING bsky_collector_v2.job.index_feed_generators: listRecords failed repo=did:plc:6sfkwqfe2dgjrfbqazxppvuw err=HttpError('InvalidRequest: Could not find repo: did:plc:6sfkwqfe2dgjrfbqazxppvuw')
2026-02-28T16:21:48Z WARNING bsky_collector_v2.job.index_feed_generators: listRecords failed repo=did:plc:7wlplq6uk3nl6hnc3eolui55 err=HttpError('InvalidRequest: Could not find repo: did:plc:7wlplq6uk3nl6hnc3eolui55')
2026-02-28T16:21:51Z WARNING bsky_collector_v2.job.index_feed_generators: listRecords failed repo=did:plc:aneyqoreb4owlawugaczsrmc err=HttpError('InvalidRequest: Could not find repo: did:plc:aneyqoreb4owlawugaczsrmc')
2026-02-28T16:21:58Z INFO bsky_collector_v2.job.index_feed_generators: indexed repo=did:plc:cxwahmtouwttqcmwkexykyxg part=634 records=3 next_cursor=set
2026-02-28T16:22:03Z INFO bsky_collector_v2.job.index_feed_generators: indexed repo=did:plc:eddc2yndqk5gwtrs2z3nz6nm part=635 records=1 next_cursor=set
2026-02-28T16:22:27Z WARNING bsky_collector_v2.job.index_feed_generators: listRecords failed repo=did:plc:mmjw4mzrwlzh7r2sedrosy3s err=HttpError('InvalidRequest: Could not find repo: did:plc:mmjw4mzrwlzh7r2sedrosy3s')
2026-02-28T16:22:57Z WARNING bsky_collector_v2.job.index_feed_generators: listRecords failed repo=did:plc:utvpfygkqpdliykduvi76qed err=HttpError('InvalidRequest: Could not find repo: did:plc:utvpfygkqpdliykduvi76qed')
2026-02-28T16:22:57Z WARNING bsky_collector_v2.job.index_feed_generators: listRecords failed repo=did:plc:v4khmoeilzb3emtuz5einrtd err=HttpError('InvalidRequest: Could not find repo: did:plc:v4khmoeilzb3emtuz5einrtd')
2026-02-28T16:22:59Z WARNING bsky_collector_v2.job.index_feed_generators: listRecords failed repo=did:plc:vhb5j4ikmov5e36ojmnv454y err=HttpError('InvalidRequest: Could not find repo: did:plc:vhb5j4ikmov5e36ojmnv454y')
2026-02-28T16:23:01Z WARNING bsky_collector_v2.job.index_feed_generators: listRecords failed repo=did:plc:w4cqjwl4npb2y7ydvxaz5gc7 err=HttpError('InvalidRequest: Could not find repo: did:plc:w4cqjwl4npb2y7ydvxaz5gc7')
2026-02-28T16:23:10Z WARNING bsky_collector_v2.job.index_feed_generators: listRecords failed repo=did:plc:yen6727u2b3ji372wf24ctnj err=HttpError('InvalidRequest: Could not find repo: did:plc:yen6727u2b3ji372wf24ctnj')
2026-02-28T16:23:16Z WARNING bsky_collector_v2.job.index_feed_generators: listRecords failed repo=did:plc:3d6qw64ybyyaakpfzm5w2hdy err=HttpError('InvalidRequest: Could not find repo: did:plc:3d6qw64ybyyaakpfzm5w2hdy')
2026-02-28T16:23:16Z WARNING bsky_collector_v2.job.index_feed_generators: listRecords failed repo=did:plc:6sfkwqfe2dgjrfbqazxppvuw err=HttpError('InvalidRequest: Could not find repo: did:plc:6sfkwqfe2dgjrfbqazxppvuw')
2026-02-28T16:23:16Z WARNING bsky_collector_v2.job.index_feed_generators: listRecords failed repo=did:plc:7wlplq6uk3nl6hnc3eolui55 err=HttpError('InvalidRequest: Could not find repo: did:plc:7wlplq6uk3nl6hnc3eolui55')
2026-02-28T16:23:16Z WARNING bsky_collector_v2.job.index_feed_generators: listRecords failed repo=did:plc:aneyqoreb4owlawugaczsrmc err=HttpError('InvalidRequest: Could not find repo: did:plc:aneyqoreb4owlawugaczsrmc')
2026-02-28T16:23:17Z WARNING bsky_collector_v2.job.index_feed_generators: listRecords failed repo=did:plc:mmjw4mzrwlzh7r2sedrosy3s err=HttpError('InvalidRequest: Could not find repo: did:plc:mmjw4mzrwlzh7r2sedrosy3s')
2026-02-28T16:23:17Z WARNING bsky_collector_v2.job.index_feed_generators: listRecords failed repo=did:plc:utvpfygkqpdliykduvi76qed err=HttpError('InvalidRequest: Could not find repo: did:plc:utvpfygkqpdliykduvi76qed')
2026-02-28T16:23:17Z WARNING bsky_collector_v2.job.index_feed_generators: listRecords failed repo=did:plc:v4khmoeilzb3emtuz5einrtd err=HttpError('InvalidRequest: Could not find repo: did:plc:v4khmoeilzb3emtuz5einrtd')
2026-02-28T16:23:17Z WARNING bsky_collector_v2.job.index_feed_generators: listRecords failed repo=did:plc:vhb5j4ikmov5e36ojmnv454y err=HttpError('InvalidRequest: Could not find repo: did:plc:vhb5j4ikmov5e36ojmnv454y')
2026-02-28T16:23:17Z WARNING bsky_collector_v2.job.index_feed_generators: listRecords failed repo=did:plc:w4cqjwl4npb2y7ydvxaz5gc7 err=HttpError('InvalidRequest: Could not find repo: did:plc:w4cqjwl4npb2y7ydvxaz5gc7')
2026-02-28T16:23:17Z WARNING bsky_collector_v2.job.index_feed_generators: listRecords failed repo=did:plc:yen6727u2b3ji372wf24ctnj err=HttpError('InvalidRequest: Could not find repo: did:plc:yen6727u2b3ji372wf24ctnj')
2026-02-28T16:23:17Z WARNING bsky_collector_v2.job.index_feed_generators: listRecords failed repo=did:plc:3d6qw64ybyyaakpfzm5w2hdy err=HttpError('InvalidRequest: Could not find repo: did:plc:3d6qw64ybyyaakpfzm5w2hdy')
2026-02-28T16:23:17Z WARNING bsky_collector_v2.job.index_feed_generators: listRecords failed repo=did:plc:6sfkwqfe2dgjrfbqazxppvuw err=HttpError('InvalidRequest: Could not find repo: did:plc:6sfkwqfe2dgjrfbqazxppvuw')
2026-02-28T16:23:17Z WARNING bsky_collector_v2.job.index_feed_generators: listRecords failed repo=did:plc:7wlplq6uk3nl6hnc3eolui55 err=HttpError('InvalidRequest: Could not find repo: did:plc:7wlplq6uk3nl6hnc3eolui55')
2026-02-28T16:23:17Z WARNING bsky_collector_v2.job.index_feed_generators: listRecords failed repo=did:plc:aneyqoreb4owlawugaczsrmc err=HttpError('InvalidRequest: Could not find repo: did:plc:aneyqoreb4owlawugaczsrmc')
2026-02-28T16:23:17Z WARNING bsky_collector_v2.job.index_feed_generators: listRecords failed repo=did:plc:mmjw4mzrwlzh7r2sedrosy3s err=HttpError('InvalidRequest: Could not find repo: did:plc:mmjw4mzrwlzh7r2sedrosy3s')
2026-02-28T16:23:18Z WARNING bsky_collector_v2.job.index_feed_generators: listRecords failed repo=did:plc:utvpfygkqpdliykduvi76qed err=HttpError('InvalidRequest: Could not find repo: did:plc:utvpfygkqpdliykduvi76qed')
2026-02-28T16:23:18Z WARNING bsky_collector_v2.job.index_feed_generators: listRecords failed repo=did:plc:v4khmoeilzb3emtuz5einrtd err=HttpError('InvalidRequest: Could not find repo: did:plc:v4khmoeilzb3emtuz5einrtd')
2026-02-28T16:23:18Z WARNING bsky_collector_v2.job.index_feed_generators: listRecords failed repo=did:plc:vhb5j4ikmov5e36ojmnv454y err=HttpError('InvalidRequest: Could not find repo: did:plc:vhb5j4ikmov5e36ojmnv454y')
2026-02-28T16:23:18Z WARNING bsky_collector_v2.job.index_feed_generators: listRecords failed repo=did:plc:w4cqjwl4npb2y7ydvxaz5gc7 err=HttpError('InvalidRequest: Could not find repo: did:plc:w4cqjwl4npb2y7ydvxaz5gc7')
2026-02-28T16:23:18Z WARNING bsky_collector_v2.job.index_feed_generators: listRecords failed repo=did:plc:yen6727u2b3ji372wf24ctnj err=HttpError('InvalidRequest: Could not find repo: did:plc:yen6727u2b3ji372wf24ctnj')
2026-02-28T16:23:19Z INFO bsky_collector_v2.job.index_feed_generators: enqueued repos page=13 mode=listRepos inserted=500 repos_returned=500 next_cursor=set
2026-02-28T16:23:40Z WARNING bsky_collector_v2.job.index_feed_generators: listRecords failed repo=did:plc:a5r6vuibjja6yytn37cuxq4f err=HttpError('InvalidRequest: Could not find repo: did:plc:a5r6vuibjja6yytn37cuxq4f')
2026-02-28T16:23:55Z WARNING bsky_collector_v2.job.index_feed_generators: listRecords failed repo=did:plc:gg4sxz7iqei2eteitzvtxaox err=HttpError('InvalidRequest: Could not find repo: did:plc:gg4sxz7iqei2eteitzvtxaox')
2026-02-28T16:24:28Z INFO bsky_collector_v2.job.index_feed_generators: indexed repo=did:plc:q3mh5midrh2ciixg5vuj7j4z part=636 records=1 next_cursor=set
2026-02-28T16:24:42Z INFO bsky_collector_v2.job.index_feed_generators: indexed repo=did:plc:v6sxjpxs7bwtoqohpnvili57 part=637 records=1 next_cursor=set
2026-02-28T16:24:56Z WARNING bsky_collector_v2.job.index_feed_generators: listRecords failed repo=did:plc:a5r6vuibjja6yytn37cuxq4f err=HttpError('InvalidRequest: Could not find repo: did:plc:a5r6vuibjja6yytn37cuxq4f')
2026-02-28T16:24:56Z WARNING bsky_collector_v2.job.index_feed_generators: listRecords failed repo=did:plc:gg4sxz7iqei2eteitzvtxaox err=HttpError('InvalidRequest: Could not find repo: did:plc:gg4sxz7iqei2eteitzvtxaox')
2026-02-28T16:24:56Z WARNING bsky_collector_v2.job.index_feed_generators: listRecords failed repo=did:plc:a5r6vuibjja6yytn37cuxq4f err=HttpError('InvalidRequest: Could not find repo: did:plc:a5r6vuibjja6yytn37cuxq4f')
2026-02-28T16:24:57Z WARNING bsky_collector_v2.job.index_feed_generators: listRecords failed repo=did:plc:gg4sxz7iqei2eteitzvtxaox err=HttpError('InvalidRequest: Could not find repo: did:plc:gg4sxz7iqei2eteitzvtxaox')
2026-02-28T16:24:57Z INFO bsky_collector_v2.job.index_feed_generators: enqueued repos page=14 mode=listRepos inserted=500 repos_returned=500 next_cursor=set
2026-02-28T16:25:00Z WARNING bsky_collector_v2.job.index_feed_generators: listRecords failed repo=did:plc:33caratuupkpcfr2st7l2zff err=HttpError('InvalidRequest: Could not find repo: did:plc:33caratuupkpcfr2st7l2zff')
2026-02-28T16:25:03Z WARNING bsky_collector_v2.job.index_feed_generators: listRecords failed repo=did:plc:3w7osd7vnkytzikfxfzzrbgj err=HttpError('InvalidRequest: Could not find repo: did:plc:3w7osd7vnkytzikfxfzzrbgj')
2026-02-28T16:25:09Z INFO bsky_collector_v2.job.index_feed_generators: indexed repo=did:plc:5aj43emy2ee5pf6j6sho4pju part=638 records=1 next_cursor=set
2026-02-28T16:25:28Z INFO bsky_collector_v2.job.index_feed_generators: indexed repo=did:plc:bi7a74musotq4rwwjtwkjjso part=639 records=4 next_cursor=set
2026-02-28T16:26:08Z INFO bsky_collector_v2.job.index_feed_generators: indexed repo=did:plc:kl6bbfht5f4gad7dcnzfuyxd part=640 records=6 next_cursor=set
2026-02-28T16:26:34Z INFO bsky_collector_v2.job.index_feed_generators: indexed repo=did:plc:qlthq5hy7xowrvkd7vlz2jf3 part=641 records=1 next_cursor=set
2026-02-28T16:26:38Z WARNING bsky_collector_v2.job.index_feed_generators: listRecords failed repo=did:plc:rrkug5fhvnngfipdg2z4r45g err=HttpError('InvalidRequest: Could not find repo: did:plc:rrkug5fhvnngfipdg2z4r45g')
2026-02-28T16:27:00Z WARNING bsky_collector_v2.job.index_feed_generators: listRecords failed repo=did:plc:33caratuupkpcfr2st7l2zff err=HttpError('InvalidRequest: Could not find repo: did:plc:33caratuupkpcfr2st7l2zff')
2026-02-28T16:27:00Z WARNING bsky_collector_v2.job.index_feed_generators: listRecords failed repo=did:plc:3w7osd7vnkytzikfxfzzrbgj err=HttpError('InvalidRequest: Could not find repo: did:plc:3w7osd7vnkytzikfxfzzrbgj')
2026-02-28T16:27:01Z WARNING bsky_collector_v2.job.index_feed_generators: listRecords failed repo=did:plc:rrkug5fhvnngfipdg2z4r45g err=HttpError('InvalidRequest: Could not find repo: did:plc:rrkug5fhvnngfipdg2z4r45g')
2026-02-28T16:27:01Z WARNING bsky_collector_v2.job.index_feed_generators: listRecords failed repo=did:plc:33caratuupkpcfr2st7l2zff err=HttpError('InvalidRequest: Could not find repo: did:plc:33caratuupkpcfr2st7l2zff')
2026-02-28T16:27:01Z WARNING bsky_collector_v2.job.index_feed_generators: listRecords failed repo=did:plc:3w7osd7vnkytzikfxfzzrbgj err=HttpError('InvalidRequest: Could not find repo: did:plc:3w7osd7vnkytzikfxfzzrbgj')
2026-02-28T16:27:01Z WARNING bsky_collector_v2.job.index_feed_generators: listRecords failed repo=did:plc:rrkug5fhvnngfipdg2z4r45g err=HttpError('InvalidRequest: Could not find repo: did:plc:rrkug5fhvnngfipdg2z4r45g')
2026-02-28T16:27:02Z INFO bsky_collector_v2.job.index_feed_generators: enqueued repos page=15 mode=listRepos inserted=500 repos_returned=500 next_cursor=set
2026-02-28T16:27:16Z WARNING bsky_collector_v2.job.index_feed_generators: listRecords failed repo=did:plc:7ciuwbuxhipkrd66dtjslphm err=HttpError('InvalidRequest: Could not find repo: did:plc:7ciuwbuxhipkrd66dtjslphm')
2026-02-28T16:27:29Z WARNING bsky_collector_v2.job.index_feed_generators: listRecords failed repo=did:plc:dydth2fovnthaa33miojv6mf err=HttpError('InvalidRequest: Could not find repo: did:plc:dydth2fovnthaa33miojv6mf')
2026-02-28T16:27:45Z WARNING bsky_collector_v2.job.index_feed_generators: listRecords failed repo=did:plc:i4fik7vnsdlst63yytrerjep err=HttpError('InvalidRequest: Could not find repo: did:plc:i4fik7vnsdlst63yytrerjep')
2026-02-28T16:27:57Z INFO bsky_collector_v2.job.index_feed_generators: indexed repo=did:plc:kcnzyrb5j4bdb66wdd665r4d part=642 records=2 next_cursor=set
2026-02-28T16:28:19Z INFO bsky_collector_v2.job.index_feed_generators: indexed repo=did:plc:pt6bureu2t75nytolhufzryb part=643 records=1 next_cursor=set
2026-02-28T16:28:29Z WARNING bsky_collector_v2.job.index_feed_generators: listRecords failed repo=did:plc:trtc3r6siizk4o4ye7azllkg err=HttpError('InvalidRequest: Could not find repo: did:plc:trtc3r6siizk4o4ye7azllkg')
2026-02-28T16:28:41Z WARNING bsky_collector_v2.job.index_feed_generators: listRecords failed repo=did:plc:w362s7qrppgdukxpwxdgond7 err=HttpError('InvalidRequest: Could not find repo: did:plc:w362s7qrppgdukxpwxdgond7')
2026-02-28T16:28:54Z WARNING bsky_collector_v2.job.index_feed_generators: listRecords failed repo=did:plc:7ciuwbuxhipkrd66dtjslphm err=HttpError('InvalidRequest: Could not find repo: did:plc:7ciuwbuxhipkrd66dtjslphm')
2026-02-28T16:28:55Z WARNING bsky_collector_v2.job.index_feed_generators: listRecords failed repo=did:plc:dydth2fovnthaa33miojv6mf err=HttpError('InvalidRequest: Could not find repo: did:plc:dydth2fovnthaa33miojv6mf')
2026-02-28T16:28:55Z WARNING bsky_collector_v2.job.index_feed_generators: listRecords failed repo=did:plc:i4fik7vnsdlst63yytrerjep err=HttpError('InvalidRequest: Could not find repo: did:plc:i4fik7vnsdlst63yytrerjep')
2026-02-28T16:28:55Z WARNING bsky_collector_v2.job.index_feed_generators: listRecords failed repo=did:plc:trtc3r6siizk4o4ye7azllkg err=HttpError('InvalidRequest: Could not find repo: did:plc:trtc3r6siizk4o4ye7azllkg')
2026-02-28T16:28:55Z WARNING bsky_collector_v2.job.index_feed_generators: listRecords failed repo=did:plc:w362s7qrppgdukxpwxdgond7 err=HttpError('InvalidRequest: Could not find repo: did:plc:w362s7qrppgdukxpwxdgond7')
2026-02-28T16:28:55Z WARNING bsky_collector_v2.job.index_feed_generators: listRecords failed repo=did:plc:7ciuwbuxhipkrd66dtjslphm err=HttpError('InvalidRequest: Could not find repo: did:plc:7ciuwbuxhipkrd66dtjslphm')
2026-02-28T16:28:55Z WARNING bsky_collector_v2.job.index_feed_generators: listRecords failed repo=did:plc:dydth2fovnthaa33miojv6mf err=HttpError('InvalidRequest: Could not find repo: did:plc:dydth2fovnthaa33miojv6mf')
2026-02-28T16:28:55Z WARNING bsky_collector_v2.job.index_feed_generators: listRecords failed repo=did:plc:i4fik7vnsdlst63yytrerjep err=HttpError('InvalidRequest: Could not find repo: did:plc:i4fik7vnsdlst63yytrerjep')
2026-02-28T16:28:56Z WARNING bsky_collector_v2.job.index_feed_generators: listRecords failed repo=did:plc:trtc3r6siizk4o4ye7azllkg err=HttpError('InvalidRequest: Could not find repo: did:plc:trtc3r6siizk4o4ye7azllkg')
2026-02-28T16:28:56Z WARNING bsky_collector_v2.job.index_feed_generators: listRecords failed repo=did:plc:w362s7qrppgdukxpwxdgond7 err=HttpError('InvalidRequest: Could not find repo: did:plc:w362s7qrppgdukxpwxdgond7')
2026-02-28T16:28:56Z INFO bsky_collector_v2.job.index_feed_generators: enqueued repos page=16 mode=listRepos inserted=500 repos_returned=500 next_cursor=set
2026-02-28T16:29:06Z WARNING bsky_collector_v2.job.index_feed_generators: listRecords failed repo=did:plc:4r2wh3b5pgyb2a4qgbt3os35 err=HttpError('InvalidRequest: Could not find repo: did:plc:4r2wh3b5pgyb2a4qgbt3os35')
2026-02-28T16:29:16Z WARNING bsky_collector_v2.job.index_feed_generators: listRecords failed repo=did:plc:a3rxxgm5ccaqnctulfnr3kuz err=HttpError('InvalidRequest: Could not find repo: did:plc:a3rxxgm5ccaqnctulfnr3kuz')
2026-02-28T16:29:45Z WARNING bsky_collector_v2.job.index_feed_generators: listRecords failed repo=did:plc:k3fgk6vfyieulm5as2nlnjrp err=HttpError('InvalidRequest: Could not find repo: did:plc:k3fgk6vfyieulm5as2nlnjrp')
2026-02-28T16:30:28Z WARNING bsky_collector_v2.job.index_feed_generators: listRecords failed repo=did:plc:4r2wh3b5pgyb2a4qgbt3os35 err=HttpError('InvalidRequest: Could not find repo: did:plc:4r2wh3b5pgyb2a4qgbt3os35')
2026-02-28T16:30:28Z WARNING bsky_collector_v2.job.index_feed_generators: listRecords failed repo=did:plc:a3rxxgm5ccaqnctulfnr3kuz err=HttpError('InvalidRequest: Could not find repo: did:plc:a3rxxgm5ccaqnctulfnr3kuz')
2026-02-28T16:30:29Z WARNING bsky_collector_v2.job.index_feed_generators: listRecords failed repo=did:plc:k3fgk6vfyieulm5as2nlnjrp err=HttpError('InvalidRequest: Could not find repo: did:plc:k3fgk6vfyieulm5as2nlnjrp')
2026-02-28T16:30:29Z WARNING bsky_collector_v2.job.index_feed_generators: listRecords failed repo=did:plc:4r2wh3b5pgyb2a4qgbt3os35 err=HttpError('InvalidRequest: Could not find repo: did:plc:4r2wh3b5pgyb2a4qgbt3os35')
2026-02-28T16:30:29Z WARNING bsky_collector_v2.job.index_feed_generators: listRecords failed repo=did:plc:a3rxxgm5ccaqnctulfnr3kuz err=HttpError('InvalidRequest: Could not find repo: did:plc:a3rxxgm5ccaqnctulfnr3kuz')
2026-02-28T16:30:29Z WARNING bsky_collector_v2.job.index_feed_generators: listRecords failed repo=did:plc:k3fgk6vfyieulm5as2nlnjrp err=HttpError('InvalidRequest: Could not find repo: did:plc:k3fgk6vfyieulm5as2nlnjrp')
2026-02-28T16:30:29Z INFO bsky_collector_v2.job.index_feed_generators: enqueued repos page=17 mode=listRepos inserted=500 repos_returned=500 next_cursor=set
2026-02-28T16:30:55Z INFO bsky_collector_v2.job.index_feed_generators: indexed repo=did:plc:d2fmf3n5ygkyfup6ngrfs3kz part=644 records=2 next_cursor=set
2026-02-28T16:31:16Z WARNING bsky_collector_v2.job.index_feed_generators: listRecords failed repo=did:plc:jbxnnf7yxbqu2jfggu5gfy6u err=HttpError('InvalidRequest: Could not find repo: did:plc:jbxnnf7yxbqu2jfggu5gfy6u')
2026-02-28T16:31:25Z WARNING bsky_collector_v2.job.index_feed_generators: listRecords failed repo=did:plc:molt4d3advybwn5wot2iqpnt err=HttpError('InvalidRequest: Could not find repo: did:plc:molt4d3advybwn5wot2iqpnt')
2026-02-28T16:32:05Z WARNING bsky_collector_v2.job.index_feed_generators: listRecords failed repo=did:plc:jbxnnf7yxbqu2jfggu5gfy6u err=HttpError('InvalidRequest: Could not find repo: did:plc:jbxnnf7yxbqu2jfggu5gfy6u')
2026-02-28T16:32:05Z WARNING bsky_collector_v2.job.index_feed_generators: listRecords failed repo=did:plc:molt4d3advybwn5wot2iqpnt err=HttpError('InvalidRequest: Could not find repo: did:plc:molt4d3advybwn5wot2iqpnt')
2026-02-28T16:32:05Z WARNING bsky_collector_v2.job.index_feed_generators: listRecords failed repo=did:plc:jbxnnf7yxbqu2jfggu5gfy6u err=HttpError('InvalidRequest: Could not find repo: did:plc:jbxnnf7yxbqu2jfggu5gfy6u')
2026-02-28T16:32:05Z WARNING bsky_collector_v2.job.index_feed_generators: listRecords failed repo=did:plc:molt4d3advybwn5wot2iqpnt err=HttpError('InvalidRequest: Could not find repo: did:plc:molt4d3advybwn5wot2iqpnt')
2026-02-28T16:32:06Z INFO bsky_collector_v2.job.index_feed_generators: enqueued repos page=18 mode=listRepos inserted=500 repos_returned=500 next_cursor=set
2026-02-28T16:32:15Z INFO bsky_collector_v2.job.index_feed_generators: indexed repo=did:plc:4tr5dqti7nmu6g2czpthntak part=645 records=2 next_cursor=set
2026-02-28T16:32:16Z INFO bsky_collector_v2.job.index_feed_generators: indexed repo=did:plc:4zyc5gh4kvwlbywas5iovu64 part=646 records=1 next_cursor=set
2026-02-28T16:32:22Z INFO bsky_collector_v2.job.index_feed_generators: indexed repo=did:plc:ad4zszkb5u2gymqlhmqdm4tx part=647 records=4 next_cursor=set
2026-02-28T16:33:38Z INFO bsky_collector_v2.job.index_feed_generators: enqueued repos page=19 mode=listRepos inserted=500 repos_returned=500 next_cursor=set
2026-02-28T16:33:51Z INFO bsky_collector_v2.job.index_feed_generators: indexed repo=did:plc:6dgsmqfbfwmoqwdhr75hsyxv part=648 records=1 next_cursor=set
2026-02-28T16:34:36Z INFO bsky_collector_v2.job.index_feed_generators: indexed repo=did:plc:nzkc3dp44lbumrfif73zi7lx part=649 records=1 next_cursor=set
2026-02-28T16:34:53Z INFO bsky_collector_v2.job.index_feed_generators: indexed repo=did:plc:tmqssvrei7jgjuinslte5gtn part=650 records=1 next_cursor=set
2026-02-28T16:35:13Z INFO bsky_collector_v2.job.index_feed_generators: enqueued repos page=20 mode=listRepos inserted=500 repos_returned=500 next_cursor=set
2026-02-28T16:35:27Z INFO bsky_collector_v2.job.index_feed_generators: indexed repo=did:plc:66mrecnfocghmyt5vmysn4mu part=651 records=1 next_cursor=set
2026-02-28T16:35:50Z INFO bsky_collector_v2.job.index_feed_generators: indexed repo=did:plc:hejti767cwgkj5ynu74wjmdo part=652 records=2 next_cursor=set
2026-02-28T16:36:30Z WARNING bsky_collector_v2.job.index_feed_generators: listRecords failed repo=did:plc:uua54r3rzsrahdjnrbfkuhw5 err=HttpError('InvalidRequest: Could not find repo: did:plc:uua54r3rzsrahdjnrbfkuhw5')
2026-02-28T16:36:47Z WARNING bsky_collector_v2.job.index_feed_generators: listRecords failed repo=did:plc:uua54r3rzsrahdjnrbfkuhw5 err=HttpError('InvalidRequest: Could not find repo: did:plc:uua54r3rzsrahdjnrbfkuhw5')
2026-02-28T16:36:47Z WARNING bsky_collector_v2.job.index_feed_generators: listRecords failed repo=did:plc:uua54r3rzsrahdjnrbfkuhw5 err=HttpError('InvalidRequest: Could not find repo: did:plc:uua54r3rzsrahdjnrbfkuhw5')
2026-02-28T16:36:48Z INFO bsky_collector_v2.job.index_feed_generators: enqueued repos page=21 mode=listRepos inserted=500 repos_returned=500 next_cursor=set
2026-02-28T16:37:11Z INFO bsky_collector_v2.job.index_feed_generators: indexed repo=did:plc:bh2y4adl6un5nskyfo5jg4u4 part=653 records=1 next_cursor=set
2026-02-28T16:37:39Z INFO bsky_collector_v2.job.index_feed_generators: indexed repo=did:plc:lheqco3j4focchjtc44ta5ly part=654 records=1 next_cursor=set
2026-02-28T16:38:00Z INFO bsky_collector_v2.job.index_feed_generators: indexed repo=did:plc:rmkxp5xhvbmsgolnmnjc5xhg part=655 records=1 next_cursor=set
2026-02-28T16:38:26Z INFO bsky_collector_v2.job.index_feed_generators: enqueued repos page=22 mode=listRepos inserted=500 repos_returned=500 next_cursor=set
2026-02-28T16:39:21Z INFO bsky_collector_v2.job.index_feed_generators: indexed repo=did:plc:mdo4ysg5bbvecdnkh2gpz6s5 part=656 records=6 next_cursor=set
2026-02-28T16:39:51Z INFO bsky_collector_v2.job.index_feed_generators: indexed repo=did:plc:vmvcakrppoqkdquxprofdxo6 part=657 records=1 next_cursor=set
2026-02-28T16:40:05Z INFO bsky_collector_v2.job.index_feed_generators: enqueued repos page=23 mode=listRepos inserted=500 repos_returned=500 next_cursor=set
2026-02-28T16:40:26Z INFO bsky_collector_v2.job.index_feed_generators: indexed repo=did:plc:7svn63uwkrjcwlqb4ruz3yiz part=658 records=2 next_cursor=set
2026-02-28T16:41:23Z INFO bsky_collector_v2.job.index_feed_generators: indexed repo=did:plc:qtub72elbobl4k4sgmqiimzd part=659 records=1 next_cursor=set
2026-02-28T16:41:51Z INFO bsky_collector_v2.job.index_feed_generators: enqueued repos page=24 mode=listRepos inserted=500 repos_returned=500 next_cursor=set
2026-02-28T16:41:52Z WARNING bsky_collector_v2.job.index_feed_generators: listRecords failed repo=did:plc:27oy2v2zzyoidaowb2x63fa4 err=HttpError('InvalidRequest: Could not find repo: did:plc:27oy2v2zzyoidaowb2x63fa4')
2026-02-28T16:41:53Z WARNING bsky_collector_v2.job.index_feed_generators: listRecords failed repo=did:plc:2nowajntffp56xe37dcsg5xc err=HttpError('InvalidRequest: Could not find repo: did:plc:2nowajntffp56xe37dcsg5xc')
2026-02-28T16:42:00Z WARNING bsky_collector_v2.job.index_feed_generators: listRecords failed repo=did:plc:4vlpcn2zk5qd5sqs6uw7sp2x err=HttpError('InvalidRequest: Could not find repo: did:plc:4vlpcn2zk5qd5sqs6uw7sp2x')
2026-02-28T16:42:04Z WARNING bsky_collector_v2.job.index_feed_generators: listRecords failed repo=did:plc:6rcapbxpfzimvah66lhtct4m err=HttpError('InvalidRequest: Could not find repo: did:plc:6rcapbxpfzimvah66lhtct4m')
2026-02-28T16:42:05Z WARNING bsky_collector_v2.job.index_feed_generators: listRecords failed repo=did:plc:745jil5ku43plbopppl2h5uc err=HttpError('InvalidRequest: Could not find repo: did:plc:745jil5ku43plbopppl2h5uc')
2026-02-28T16:42:06Z WARNING bsky_collector_v2.job.index_feed_generators: listRecords failed repo=did:plc:7cyh5evgo5ssfuegsz63txsk err=HttpError('InvalidRequest: Could not find repo: did:plc:7cyh5evgo5ssfuegsz63txsk')
2026-02-28T16:42:10Z WARNING bsky_collector_v2.job.index_feed_generators: listRecords failed repo=did:plc:as33kpplqrlpbvfney2z7s2p err=HttpError('InvalidRequest: Could not find repo: did:plc:as33kpplqrlpbvfney2z7s2p')
2026-02-28T16:42:18Z WARNING bsky_collector_v2.job.index_feed_generators: listRecords failed repo=did:plc:cqarxp73j6hqaqqjethvuemi err=HttpError('InvalidRequest: Could not find repo: did:plc:cqarxp73j6hqaqqjethvuemi')
2026-02-28T16:42:20Z WARNING bsky_collector_v2.job.index_feed_generators: listRecords failed repo=did:plc:dfimjcjwi4coxjqngncf22da err=HttpError('InvalidRequest: Could not find repo: did:plc:dfimjcjwi4coxjqngncf22da')
2026-02-28T16:42:29Z WARNING bsky_collector_v2.job.index_feed_generators: listRecords failed repo=did:plc:gfrvgwlba6tjqtjxtl5pkbcn err=HttpError('InvalidRequest: Could not find repo: did:plc:gfrvgwlba6tjqtjxtl5pkbcn')
2026-02-28T16:42:34Z WARNING bsky_collector_v2.job.index_feed_generators: listRecords failed repo=did:plc:i7m4utrofyvuur44aqy3vtwm err=HttpError('InvalidRequest: Could not find repo: did:plc:i7m4utrofyvuur44aqy3vtwm')
2026-02-28T16:42:51Z WARNING bsky_collector_v2.job.index_feed_generators: listRecords failed repo=did:plc:o3lu6cqe4tfaqepn6izsg4ga err=HttpError('InvalidRequest: Could not find repo: did:plc:o3lu6cqe4tfaqepn6izsg4ga')
2026-02-28T16:43:06Z WARNING bsky_collector_v2.job.index_feed_generators: listRecords failed repo=did:plc:teyoatf2kkvobc63zhocrr4e err=HttpError('InvalidRequest: Could not find repo: did:plc:teyoatf2kkvobc63zhocrr4e')
2026-02-28T16:43:32Z WARNING bsky_collector_v2.job.index_feed_generators: listRecords failed repo=did:plc:27oy2v2zzyoidaowb2x63fa4 err=HttpError('InvalidRequest: Could not find repo: did:plc:27oy2v2zzyoidaowb2x63fa4')
2026-02-28T16:43:32Z WARNING bsky_collector_v2.job.index_feed_generators: listRecords failed repo=did:plc:2nowajntffp56xe37dcsg5xc err=HttpError('InvalidRequest: Could not find repo: did:plc:2nowajntffp56xe37dcsg5xc')
2026-02-28T16:43:32Z WARNING bsky_collector_v2.job.index_feed_generators: listRecords failed repo=did:plc:4vlpcn2zk5qd5sqs6uw7sp2x err=HttpError('InvalidRequest: Could not find repo: did:plc:4vlpcn2zk5qd5sqs6uw7sp2x')
2026-02-28T16:43:32Z WARNING bsky_collector_v2.job.index_feed_generators: listRecords failed repo=did:plc:6rcapbxpfzimvah66lhtct4m err=HttpError('InvalidRequest: Could not find repo: did:plc:6rcapbxpfzimvah66lhtct4m')
2026-02-28T16:43:32Z WARNING bsky_collector_v2.job.index_feed_generators: listRecords failed repo=did:plc:745jil5ku43plbopppl2h5uc err=HttpError('InvalidRequest: Could not find repo: did:plc:745jil5ku43plbopppl2h5uc')
2026-02-28T16:43:32Z WARNING bsky_collector_v2.job.index_feed_generators: listRecords failed repo=did:plc:7cyh5evgo5ssfuegsz63txsk err=HttpError('InvalidRequest: Could not find repo: did:plc:7cyh5evgo5ssfuegsz63txsk')
2026-02-28T16:43:33Z WARNING bsky_collector_v2.job.index_feed_generators: listRecords failed repo=did:plc:as33kpplqrlpbvfney2z7s2p err=HttpError('InvalidRequest: Could not find repo: did:plc:as33kpplqrlpbvfney2z7s2p')
2026-02-28T16:43:33Z WARNING bsky_collector_v2.job.index_feed_generators: listRecords failed repo=did:plc:cqarxp73j6hqaqqjethvuemi err=HttpError('InvalidRequest: Could not find repo: did:plc:cqarxp73j6hqaqqjethvuemi')
2026-02-28T16:43:33Z WARNING bsky_collector_v2.job.index_feed_generators: listRecords failed repo=did:plc:dfimjcjwi4coxjqngncf22da err=HttpError('InvalidRequest: Could not find repo: did:plc:dfimjcjwi4coxjqngncf22da')
2026-02-28T16:43:33Z WARNING bsky_collector_v2.job.index_feed_generators: listRecords failed repo=did:plc:gfrvgwlba6tjqtjxtl5pkbcn err=HttpError('InvalidRequest: Could not find repo: did:plc:gfrvgwlba6tjqtjxtl5pkbcn')
2026-02-28T16:43:33Z WARNING bsky_collector_v2.job.index_feed_generators: listRecords failed repo=did:plc:i7m4utrofyvuur44aqy3vtwm err=HttpError('InvalidRequest: Could not find repo: did:plc:i7m4utrofyvuur44aqy3vtwm')
2026-02-28T16:43:33Z WARNING bsky_collector_v2.job.index_feed_generators: listRecords failed repo=did:plc:o3lu6cqe4tfaqepn6izsg4ga err=HttpError('InvalidRequest: Could not find repo: did:plc:o3lu6cqe4tfaqepn6izsg4ga')
2026-02-28T16:43:33Z WARNING bsky_collector_v2.job.index_feed_generators: listRecords failed repo=did:plc:teyoatf2kkvobc63zhocrr4e err=HttpError('InvalidRequest: Could not find repo: did:plc:teyoatf2kkvobc63zhocrr4e')
2026-02-28T16:43:33Z WARNING bsky_collector_v2.job.index_feed_generators: listRecords failed repo=did:plc:27oy2v2zzyoidaowb2x63fa4 err=HttpError('InvalidRequest: Could not find repo: did:plc:27oy2v2zzyoidaowb2x63fa4')
2026-02-28T16:43:34Z WARNING bsky_collector_v2.job.index_feed_generators: listRecords failed repo=did:plc:2nowajntffp56xe37dcsg5xc err=HttpError('InvalidRequest: Could not find repo: did:plc:2nowajntffp56xe37dcsg5xc')
2026-02-28T16:43:34Z WARNING bsky_collector_v2.job.index_feed_generators: listRecords failed repo=did:plc:4vlpcn2zk5qd5sqs6uw7sp2x err=HttpError('InvalidRequest: Could not find repo: did:plc:4vlpcn2zk5qd5sqs6uw7sp2x')
2026-02-28T16:43:34Z WARNING bsky_collector_v2.job.index_feed_generators: listRecords failed repo=did:plc:6rcapbxpfzimvah66lhtct4m err=HttpError('InvalidRequest: Could not find repo: did:plc:6rcapbxpfzimvah66lhtct4m')
2026-02-28T16:43:34Z WARNING bsky_collector_v2.job.index_feed_generators: listRecords failed repo=did:plc:745jil5ku43plbopppl2h5uc err=HttpError('InvalidRequest: Could not find repo: did:plc:745jil5ku43plbopppl2h5uc')
2026-02-28T16:43:34Z WARNING bsky_collector_v2.job.index_feed_generators: listRecords failed repo=did:plc:7cyh5evgo5ssfuegsz63txsk err=HttpError('InvalidRequest: Could not find repo: did:plc:7cyh5evgo5ssfuegsz63txsk')
2026-02-28T16:43:34Z WARNING bsky_collector_v2.job.index_feed_generators: listRecords failed repo=did:plc:as33kpplqrlpbvfney2z7s2p err=HttpError('InvalidRequest: Could not find repo: did:plc:as33kpplqrlpbvfney2z7s2p')
2026-02-28T16:43:34Z WARNING bsky_collector_v2.job.index_feed_generators: listRecords failed repo=did:plc:cqarxp73j6hqaqqjethvuemi err=HttpError('InvalidRequest: Could not find repo: did:plc:cqarxp73j6hqaqqjethvuemi')
2026-02-28T16:43:34Z WARNING bsky_collector_v2.job.index_feed_generators: listRecords failed repo=did:plc:dfimjcjwi4coxjqngncf22da err=HttpError('InvalidRequest: Could not find repo: did:plc:dfimjcjwi4coxjqngncf22da')
2026-02-28T16:43:35Z WARNING bsky_collector_v2.job.index_feed_generators: listRecords failed repo=did:plc:gfrvgwlba6tjqtjxtl5pkbcn err=HttpError('InvalidRequest: Could not find repo: did:plc:gfrvgwlba6tjqtjxtl5pkbcn')
2026-02-28T16:43:35Z WARNING bsky_collector_v2.job.index_feed_generators: listRecords failed repo=did:plc:i7m4utrofyvuur44aqy3vtwm err=HttpError('InvalidRequest: Could not find repo: did:plc:i7m4utrofyvuur44aqy3vtwm')
2026-02-28T16:43:35Z WARNING bsky_collector_v2.job.index_feed_generators: listRecords failed repo=did:plc:o3lu6cqe4tfaqepn6izsg4ga err=HttpError('InvalidRequest: Could not find repo: did:plc:o3lu6cqe4tfaqepn6izsg4ga')
2026-02-28T16:43:35Z WARNING bsky_collector_v2.job.index_feed_generators: listRecords failed repo=did:plc:teyoatf2kkvobc63zhocrr4e err=HttpError('InvalidRequest: Could not find repo: did:plc:teyoatf2kkvobc63zhocrr4e')
2026-02-28T16:43:35Z INFO bsky_collector_v2.job.index_feed_generators: enqueued repos page=25 mode=listRepos inserted=500 repos_returned=500 next_cursor=set
2026-02-28T16:44:53Z WARNING bsky_collector_v2.job.index_feed_generators: listRecords failed repo=did:plc:u3gs3lzs44tytu65xfvrnehh err=HttpError('InvalidRequest: Could not find repo: did:plc:u3gs3lzs44tytu65xfvrnehh')
2026-02-28T16:44:58Z WARNING bsky_collector_v2.job.index_feed_generators: listRecords failed repo=did:plc:vdz2qgjigmnsphcdjln3myuq err=HttpError('InvalidRequest: Could not find repo: did:plc:vdz2qgjigmnsphcdjln3myuq')
2026-02-28T16:45:11Z WARNING bsky_collector_v2.job.index_feed_generators: listRecords failed repo=did:plc:znc7k5k3c4ipgyzml2v4och2 err=HttpError('InvalidRequest: Could not find repo: did:plc:znc7k5k3c4ipgyzml2v4och2')
2026-02-28T16:45:13Z WARNING bsky_collector_v2.job.index_feed_generators: listRecords failed repo=did:plc:u3gs3lzs44tytu65xfvrnehh err=HttpError('InvalidRequest: Could not find repo: did:plc:u3gs3lzs44tytu65xfvrnehh')
2026-02-28T16:45:13Z WARNING bsky_collector_v2.job.index_feed_generators: listRecords failed repo=did:plc:vdz2qgjigmnsphcdjln3myuq err=HttpError('InvalidRequest: Could not find repo: did:plc:vdz2qgjigmnsphcdjln3myuq')
2026-02-28T16:45:13Z WARNING bsky_collector_v2.job.index_feed_generators: listRecords failed repo=did:plc:znc7k5k3c4ipgyzml2v4och2 err=HttpError('InvalidRequest: Could not find repo: did:plc:znc7k5k3c4ipgyzml2v4och2')
2026-02-28T16:45:13Z WARNING bsky_collector_v2.job.index_feed_generators: listRecords failed repo=did:plc:u3gs3lzs44tytu65xfvrnehh err=HttpError('InvalidRequest: Could not find repo: did:plc:u3gs3lzs44tytu65xfvrnehh')
2026-02-28T16:45:13Z WARNING bsky_collector_v2.job.index_feed_generators: listRecords failed repo=did:plc:vdz2qgjigmnsphcdjln3myuq err=HttpError('InvalidRequest: Could not find repo: did:plc:vdz2qgjigmnsphcdjln3myuq')
2026-02-28T16:45:13Z WARNING bsky_collector_v2.job.index_feed_generators: listRecords failed repo=did:plc:znc7k5k3c4ipgyzml2v4och2 err=HttpError('InvalidRequest: Could not find repo: did:plc:znc7k5k3c4ipgyzml2v4och2')
2026-02-28T16:45:14Z INFO bsky_collector_v2.job.index_feed_generators: enqueued repos page=26 mode=listRepos inserted=500 repos_returned=500 next_cursor=set
2026-02-28T16:45:15Z INFO bsky_collector_v2.job.index_feed_generators: indexed repo=did:plc:2iv3jz6ylpc4we6msq465jpf part=660 records=2 next_cursor=set
2026-02-28T16:45:23Z INFO bsky_collector_v2.job.index_feed_generators: indexed repo=did:plc:4oajpltgqlpk7ji4admebzqp part=661 records=1 next_cursor=set
2026-02-28T16:45:28Z WARNING bsky_collector_v2.job.index_feed_generators: listRecords failed repo=did:plc:6fu5gi2c2rrzggfymjzkwsdr err=HttpError('InvalidRequest: Could not find repo: did:plc:6fu5gi2c2rrzggfymjzkwsdr')
2026-02-28T16:45:29Z INFO bsky_collector_v2.job.index_feed_generators: indexed repo=did:plc:7bbkvtmwxtgl375i4mfvt6dd part=662 records=1 next_cursor=set
2026-02-28T16:45:49Z INFO bsky_collector_v2.job.index_feed_generators: indexed repo=did:plc:fa6or6xxrxgimbkbgno6c4mw part=663 records=4 next_cursor=set
2026-02-28T16:45:56Z INFO bsky_collector_v2.job.index_feed_generators: indexed repo=did:plc:fxo32nuns6s4fq364vkwxnl7 part=664 records=1 next_cursor=set
2026-02-28T16:46:23Z WARNING bsky_collector_v2.job.index_feed_generators: listRecords failed repo=did:plc:ln3ulauxzhmm64g6xbjreobi err=HttpError('InvalidRequest: Could not find repo: did:plc:ln3ulauxzhmm64g6xbjreobi')
2026-02-28T16:46:28Z WARNING bsky_collector_v2.job.index_feed_generators: listRecords failed repo=did:plc:nabdb5o3fw3ajabh4dym7vvi err=HttpError('InvalidRequest: Could not find repo: did:plc:nabdb5o3fw3ajabh4dym7vvi')
2026-02-28T16:47:02Z WARNING bsky_collector_v2.job.index_feed_generators: listRecords failed repo=did:plc:6fu5gi2c2rrzggfymjzkwsdr err=HttpError('InvalidRequest: Could not find repo: did:plc:6fu5gi2c2rrzggfymjzkwsdr')
2026-02-28T16:47:02Z WARNING bsky_collector_v2.job.index_feed_generators: listRecords failed repo=did:plc:ln3ulauxzhmm64g6xbjreobi err=HttpError('InvalidRequest: Could not find repo: did:plc:ln3ulauxzhmm64g6xbjreobi')
2026-02-28T16:47:02Z WARNING bsky_collector_v2.job.index_feed_generators: listRecords failed repo=did:plc:nabdb5o3fw3ajabh4dym7vvi err=HttpError('InvalidRequest: Could not find repo: did:plc:nabdb5o3fw3ajabh4dym7vvi')
2026-02-28T16:47:02Z WARNING bsky_collector_v2.job.index_feed_generators: listRecords failed repo=did:plc:6fu5gi2c2rrzggfymjzkwsdr err=HttpError('InvalidRequest: Could not find repo: did:plc:6fu5gi2c2rrzggfymjzkwsdr')
2026-02-28T16:47:03Z WARNING bsky_collector_v2.job.index_feed_generators: listRecords failed repo=did:plc:ln3ulauxzhmm64g6xbjreobi err=HttpError('InvalidRequest: Could not find repo: did:plc:ln3ulauxzhmm64g6xbjreobi')
2026-02-28T16:47:03Z WARNING bsky_collector_v2.job.index_feed_generators: listRecords failed repo=did:plc:nabdb5o3fw3ajabh4dym7vvi err=HttpError('InvalidRequest: Could not find repo: did:plc:nabdb5o3fw3ajabh4dym7vvi')
2026-02-28T16:47:03Z INFO bsky_collector_v2.job.index_feed_generators: enqueued repos page=27 mode=listRepos inserted=500 repos_returned=500 next_cursor=set
2026-02-28T16:47:20Z WARNING bsky_collector_v2.job.index_feed_generators: listRecords failed repo=did:plc:abhiwcm77htatenbfk7fdqnj err=HttpError('InvalidRequest: Could not find repo: did:plc:abhiwcm77htatenbfk7fdqnj')
2026-02-28T16:47:49Z WARNING bsky_collector_v2.job.index_feed_generators: listRecords failed repo=did:plc:juixlsrrterg2lb5zb676cjm err=HttpError('InvalidRequest: Could not find repo: did:plc:juixlsrrterg2lb5zb676cjm')
2026-02-28T16:48:36Z WARNING bsky_collector_v2.job.index_feed_generators: listRecords failed repo=did:plc:zevrr7wv2lh56bn2hqqbqfst err=HttpError('InvalidRequest: Could not find repo: did:plc:zevrr7wv2lh56bn2hqqbqfst')
2026-02-28T16:48:38Z WARNING bsky_collector_v2.job.index_feed_generators: listRecords failed repo=did:plc:abhiwcm77htatenbfk7fdqnj err=HttpError('InvalidRequest: Could not find repo: did:plc:abhiwcm77htatenbfk7fdqnj')
2026-02-28T16:48:38Z WARNING bsky_collector_v2.job.index_feed_generators: listRecords failed repo=did:plc:juixlsrrterg2lb5zb676cjm err=HttpError('InvalidRequest: Could not find repo: did:plc:juixlsrrterg2lb5zb676cjm')
2026-02-28T16:48:38Z WARNING bsky_collector_v2.job.index_feed_generators: listRecords failed repo=did:plc:zevrr7wv2lh56bn2hqqbqfst err=HttpError('InvalidRequest: Could not find repo: did:plc:zevrr7wv2lh56bn2hqqbqfst')
2026-02-28T16:48:38Z WARNING bsky_collector_v2.job.index_feed_generators: listRecords failed repo=did:plc:abhiwcm77htatenbfk7fdqnj err=HttpError('InvalidRequest: Could not find repo: did:plc:abhiwcm77htatenbfk7fdqnj')
2026-02-28T16:48:38Z WARNING bsky_collector_v2.job.index_feed_generators: listRecords failed repo=did:plc:juixlsrrterg2lb5zb676cjm err=HttpError('InvalidRequest: Could not find repo: did:plc:juixlsrrterg2lb5zb676cjm')
2026-02-28T16:48:38Z WARNING bsky_collector_v2.job.index_feed_generators: listRecords failed repo=did:plc:zevrr7wv2lh56bn2hqqbqfst err=HttpError('InvalidRequest: Could not find repo: did:plc:zevrr7wv2lh56bn2hqqbqfst')
2026-02-28T16:48:39Z INFO bsky_collector_v2.job.index_feed_generators: enqueued repos page=28 mode=listRepos inserted=500 repos_returned=500 next_cursor=set
2026-02-28T16:49:23Z INFO bsky_collector_v2.job.index_feed_generators: indexed repo=did:plc:ipjyp2vkhpa3mybewhd52hrj part=665 records=11 next_cursor=set
2026-02-28T16:49:25Z INFO bsky_collector_v2.job.index_feed_generators: indexed repo=did:plc:jw3rxxeuk65asbqvf6wp5l6b part=666 records=2 next_cursor=set
2026-02-28T16:49:39Z WARNING bsky_collector_v2.job.index_feed_generators: listRecords failed repo=did:plc:oqs7ltqcyncx4tipxhxcgpq2 err=HttpError('InvalidRequest: Could not find repo: did:plc:oqs7ltqcyncx4tipxhxcgpq2')
2026-02-28T16:50:03Z INFO bsky_collector_v2.job.index_feed_generators: indexed repo=did:plc:wr5sxk65my7sabtbxuabeu72 part=667 records=1 next_cursor=set
2026-02-28T16:50:13Z WARNING bsky_collector_v2.job.index_feed_generators: listRecords failed repo=did:plc:oqs7ltqcyncx4tipxhxcgpq2 err=HttpError('InvalidRequest: Could not find repo: did:plc:oqs7ltqcyncx4tipxhxcgpq2')
2026-02-28T16:50:13Z WARNING bsky_collector_v2.job.index_feed_generators: listRecords failed repo=did:plc:oqs7ltqcyncx4tipxhxcgpq2 err=HttpError('InvalidRequest: Could not find repo: did:plc:oqs7ltqcyncx4tipxhxcgpq2')
2026-02-28T16:50:13Z INFO bsky_collector_v2.job.index_feed_generators: enqueued repos page=29 mode=listRepos inserted=500 repos_returned=500 next_cursor=set
2026-02-28T16:50:15Z WARNING bsky_collector_v2.job.index_feed_generators: listRecords failed repo=did:plc:2tivjaywp7qi2hbevdena5zf err=HttpError('InvalidRequest: Could not find repo: did:plc:2tivjaywp7qi2hbevdena5zf')
2026-02-28T16:50:18Z WARNING bsky_collector_v2.job.index_feed_generators: listRecords failed repo=did:plc:3mmw2lv4luemvvp64y4yz6l6 err=HttpError('InvalidRequest: Could not find repo: did:plc:3mmw2lv4luemvvp64y4yz6l6')
2026-02-28T16:50:28Z WARNING bsky_collector_v2.job.index_feed_generators: listRecords failed repo=did:plc:6w6q2afhvxdldlzwf5ngjuvk err=HttpError('InvalidRequest: Could not find repo: did:plc:6w6q2afhvxdldlzwf5ngjuvk')
2026-02-28T16:50:40Z WARNING bsky_collector_v2.job.index_feed_generators: listRecords failed repo=did:plc:ctegnnn3edbzkvxvfw3tcf7h err=HttpError('InvalidRequest: Could not find repo: did:plc:ctegnnn3edbzkvxvfw3tcf7h')
2026-02-28T16:50:58Z INFO bsky_collector_v2.job.index_feed_generators: indexed repo=did:plc:irhudiqti7qpyuy4bdymdaz2 part=668 records=1 next_cursor=set
2026-02-28T16:51:27Z INFO bsky_collector_v2.job.index_feed_generators: indexed repo=did:plc:rzathl4vjmsmhcawyagqpwey part=669 records=2 next_cursor=set
2026-02-28T16:51:37Z WARNING bsky_collector_v2.job.index_feed_generators: listRecords failed repo=did:plc:vg5cpli7iyg7klmam32b5ruo err=HttpError('InvalidRequest: Could not find repo: did:plc:vg5cpli7iyg7klmam32b5ruo')
2026-02-28T16:51:49Z WARNING bsky_collector_v2.job.index_feed_generators: listRecords failed repo=did:plc:2tivjaywp7qi2hbevdena5zf err=HttpError('InvalidRequest: Could not find repo: did:plc:2tivjaywp7qi2hbevdena5zf')
2026-02-28T16:51:49Z WARNING bsky_collector_v2.job.index_feed_generators: listRecords failed repo=did:plc:3mmw2lv4luemvvp64y4yz6l6 err=HttpError('InvalidRequest: Could not find repo: did:plc:3mmw2lv4luemvvp64y4yz6l6')
2026-02-28T16:51:49Z WARNING bsky_collector_v2.job.index_feed_generators: listRecords failed repo=did:plc:6w6q2afhvxdldlzwf5ngjuvk err=HttpError('InvalidRequest: Could not find repo: did:plc:6w6q2afhvxdldlzwf5ngjuvk')
2026-02-28T16:51:49Z WARNING bsky_collector_v2.job.index_feed_generators: listRecords failed repo=did:plc:ctegnnn3edbzkvxvfw3tcf7h err=HttpError('InvalidRequest: Could not find repo: did:plc:ctegnnn3edbzkvxvfw3tcf7h')
2026-02-28T16:51:50Z WARNING bsky_collector_v2.job.index_feed_generators: listRecords failed repo=did:plc:vg5cpli7iyg7klmam32b5ruo err=HttpError('InvalidRequest: Could not find repo: did:plc:vg5cpli7iyg7klmam32b5ruo')
2026-02-28T16:51:50Z WARNING bsky_collector_v2.job.index_feed_generators: listRecords failed repo=did:plc:2tivjaywp7qi2hbevdena5zf err=HttpError('InvalidRequest: Could not find repo: did:plc:2tivjaywp7qi2hbevdena5zf')
2026-02-28T16:51:50Z WARNING bsky_collector_v2.job.index_feed_generators: listRecords failed repo=did:plc:3mmw2lv4luemvvp64y4yz6l6 err=HttpError('InvalidRequest: Could not find repo: did:plc:3mmw2lv4luemvvp64y4yz6l6')
2026-02-28T16:51:50Z WARNING bsky_collector_v2.job.index_feed_generators: listRecords failed repo=did:plc:6w6q2afhvxdldlzwf5ngjuvk err=HttpError('InvalidRequest: Could not find repo: did:plc:6w6q2afhvxdldlzwf5ngjuvk')
2026-02-28T16:51:51Z WARNING bsky_collector_v2.job.index_feed_generators: listRecords failed repo=did:plc:ctegnnn3edbzkvxvfw3tcf7h err=HttpError('InvalidRequest: Could not find repo: did:plc:ctegnnn3edbzkvxvfw3tcf7h')
2026-02-28T16:51:51Z WARNING bsky_collector_v2.job.index_feed_generators: listRecords failed repo=did:plc:vg5cpli7iyg7klmam32b5ruo err=HttpError('InvalidRequest: Could not find repo: did:plc:vg5cpli7iyg7klmam32b5ruo')
2026-02-28T16:51:51Z INFO bsky_collector_v2.job.index_feed_generators: enqueued repos page=30 mode=listRepos inserted=500 repos_returned=500 next_cursor=set
2026-02-28T16:52:00Z WARNING bsky_collector_v2.job.index_feed_generators: listRecords failed repo=did:plc:4oripfmf2v6c32tppyyj7ndb err=HttpError('InvalidRequest: Could not find repo: did:plc:4oripfmf2v6c32tppyyj7ndb')
2026-02-28T16:52:25Z WARNING bsky_collector_v2.job.index_feed_generators: listRecords failed repo=did:plc:f4jlk76jw7hwvj4fmqwwwgoi err=HttpError('InvalidRequest: Could not find repo: did:plc:f4jlk76jw7hwvj4fmqwwwgoi')
2026-02-28T16:53:27Z WARNING bsky_collector_v2.job.index_feed_generators: listRecords failed repo=did:plc:4oripfmf2v6c32tppyyj7ndb err=HttpError('InvalidRequest: Could not find repo: did:plc:4oripfmf2v6c32tppyyj7ndb')
2026-02-28T16:53:27Z WARNING bsky_collector_v2.job.index_feed_generators: listRecords failed repo=did:plc:f4jlk76jw7hwvj4fmqwwwgoi err=HttpError('InvalidRequest: Could not find repo: did:plc:f4jlk76jw7hwvj4fmqwwwgoi')
2026-02-28T16:53:27Z WARNING bsky_collector_v2.job.index_feed_generators: listRecords failed repo=did:plc:4oripfmf2v6c32tppyyj7ndb err=HttpError('InvalidRequest: Could not find repo: did:plc:4oripfmf2v6c32tppyyj7ndb')
2026-02-28T16:53:27Z WARNING bsky_collector_v2.job.index_feed_generators: listRecords failed repo=did:plc:f4jlk76jw7hwvj4fmqwwwgoi err=HttpError('InvalidRequest: Could not find repo: did:plc:f4jlk76jw7hwvj4fmqwwwgoi')
2026-02-28T16:53:28Z INFO bsky_collector_v2.job.index_feed_generators: enqueued repos page=31 mode=listRepos inserted=500 repos_returned=500 next_cursor=set
2026-02-28T16:53:47Z INFO bsky_collector_v2.job.index_feed_generators: indexed repo=did:plc:7zxu2n2lb4zqnjvobr54cadi part=670 records=1 next_cursor=set
2026-02-28T16:53:58Z INFO bsky_collector_v2.job.index_feed_generators: indexed repo=did:plc:dvtif6hcj6d5s5a43zmq2dg3 part=671 records=3 next_cursor=set
2026-02-28T16:55:09Z INFO bsky_collector_v2.job.index_feed_generators: enqueued repos page=32 mode=listRepos inserted=500 repos_returned=500 next_cursor=set
2026-02-28T16:56:07Z INFO bsky_collector_v2.job.index_feed_generators: indexed repo=did:plc:lwrpz6nrvsbcn26wxqwcbk5m part=672 records=4 next_cursor=set
2026-02-28T16:56:33Z INFO bsky_collector_v2.job.index_feed_generators: indexed repo=did:plc:u4vezpgknr3ql66crrfbzrpz part=673 records=2 next_cursor=set
