2026-03-15T04:44:29Z INFO bsky_collector_v2: out_base ok path=/Volumes/T9/BlueSky/data_v2_full mount=/Volumes/T9
2026-03-15T04:44:29Z INFO bsky_collector_v2: job start subcommand=index-feed-generators dry_run=False resume=True
2026-03-15T04:44:30Z INFO bsky_collector_v2.job.index_feed_generators: feed generator index hosts relay_host=https://bsky.network records_host=https://bsky.social auth=yes
2026-03-15T04:45:28Z WARNING bsky_collector_v2.job.index_feed_generators: listRecords failed repo=did:plc:t3kmwjivkvkcggtv3iqe7ocd err=HttpError('InvalidRequest: Could not find repo: did:plc:t3kmwjivkvkcggtv3iqe7ocd')
2026-03-15T04:45:48Z WARNING bsky_collector_v2.job.index_feed_generators: listRecords failed repo=did:plc:t3kmwjivkvkcggtv3iqe7ocd err=HttpError('InvalidRequest: Could not find repo: did:plc:t3kmwjivkvkcggtv3iqe7ocd')
2026-03-15T04:45:48Z WARNING bsky_collector_v2.job.index_feed_generators: listRecords failed repo=did:plc:t3kmwjivkvkcggtv3iqe7ocd err=HttpError('InvalidRequest: Could not find repo: did:plc:t3kmwjivkvkcggtv3iqe7ocd')
2026-03-15T04:45:49Z INFO bsky_collector_v2.job.index_feed_generators: enqueued repos page=1 mode=listRepos inserted=500 repos_returned=500 next_cursor=set
2026-03-15T04:45:52Z WARNING bsky_collector_v2.job.index_feed_generators: listRecords failed repo=did:plc:3m3rrwajqjuvpxtjlzoepymg err=HttpError('InvalidRequest: Could not find repo: did:plc:3m3rrwajqjuvpxtjlzoepymg')
2026-03-15T04:45:58Z WARNING bsky_collector_v2.job.index_feed_generators: listRecords failed repo=did:plc:5wqmfyozyts3mdeqehfcxzs2 err=HttpError('InvalidRequest: Could not find repo: did:plc:5wqmfyozyts3mdeqehfcxzs2')
2026-03-15T04:46:08Z INFO bsky_collector_v2.job.index_feed_generators: indexed repo=did:plc:b6c4ihauvu4j6grqt6ha66lb part=67 records=1 next_cursor=set
2026-03-15T04:46:17Z WARNING bsky_collector_v2.job.index_feed_generators: listRecords failed repo=did:plc:e3j7yo3sqadenw4qzl2ekrjf err=HttpError('InvalidRequest: Could not find repo: did:plc:e3j7yo3sqadenw4qzl2ekrjf')
2026-03-15T04:46:23Z INFO bsky_collector_v2.job.index_feed_generators: indexed repo=did:plc:go3zski2dqtchp7fwqaoh46u part=68 records=1 next_cursor=set
2026-03-15T04:46:56Z WARNING bsky_collector_v2.job.index_feed_generators: listRecords failed repo=did:plc:u6fm2dwui4ag6nlj6vv26qyj err=HttpError('InvalidRequest: Could not find repo: did:plc:u6fm2dwui4ag6nlj6vv26qyj')
2026-03-15T04:47:09Z WARNING bsky_collector_v2.job.index_feed_generators: listRecords failed repo=did:plc:3m3rrwajqjuvpxtjlzoepymg err=HttpError('InvalidRequest: Could not find repo: did:plc:3m3rrwajqjuvpxtjlzoepymg')
2026-03-15T04:47:09Z WARNING bsky_collector_v2.job.index_feed_generators: listRecords failed repo=did:plc:5wqmfyozyts3mdeqehfcxzs2 err=HttpError('InvalidRequest: Could not find repo: did:plc:5wqmfyozyts3mdeqehfcxzs2')
2026-03-15T04:47:09Z WARNING bsky_collector_v2.job.index_feed_generators: listRecords failed repo=did:plc:e3j7yo3sqadenw4qzl2ekrjf err=HttpError('InvalidRequest: Could not find repo: did:plc:e3j7yo3sqadenw4qzl2ekrjf')
2026-03-15T04:47:09Z WARNING bsky_collector_v2.job.index_feed_generators: listRecords failed repo=did:plc:u6fm2dwui4ag6nlj6vv26qyj err=HttpError('InvalidRequest: Could not find repo: did:plc:u6fm2dwui4ag6nlj6vv26qyj')
2026-03-15T04:47:09Z WARNING bsky_collector_v2.job.index_feed_generators: listRecords failed repo=did:plc:3m3rrwajqjuvpxtjlzoepymg err=HttpError('InvalidRequest: Could not find repo: did:plc:3m3rrwajqjuvpxtjlzoepymg')
2026-03-15T04:47:09Z WARNING bsky_collector_v2.job.index_feed_generators: listRecords failed repo=did:plc:5wqmfyozyts3mdeqehfcxzs2 err=HttpError('InvalidRequest: Could not find repo: did:plc:5wqmfyozyts3mdeqehfcxzs2')
2026-03-15T04:47:09Z WARNING bsky_collector_v2.job.index_feed_generators: listRecords failed repo=did:plc:e3j7yo3sqadenw4qzl2ekrjf err=HttpError('InvalidRequest: Could not find repo: did:plc:e3j7yo3sqadenw4qzl2ekrjf')
2026-03-15T04:47:09Z WARNING bsky_collector_v2.job.index_feed_generators: listRecords failed repo=did:plc:u6fm2dwui4ag6nlj6vv26qyj err=HttpError('InvalidRequest: Could not find repo: did:plc:u6fm2dwui4ag6nlj6vv26qyj')
2026-03-15T04:47:10Z INFO bsky_collector_v2.job.index_feed_generators: enqueued repos page=2 mode=listRepos inserted=500 repos_returned=500 next_cursor=set
2026-03-15T04:47:55Z WARNING bsky_collector_v2.job.index_feed_generators: listRecords failed repo=did:plc:irf2l5k2oc6cu6a2qdg63tsf err=HttpError('InvalidRequest: Could not find repo: did:plc:irf2l5k2oc6cu6a2qdg63tsf')
2026-03-15T04:47:57Z WARNING bsky_collector_v2.job.index_feed_generators: listRecords failed repo=did:plc:jbxnb6flpg5kcugcd2amh2mk err=HttpError('InvalidRequest: Could not find repo: did:plc:jbxnb6flpg5kcugcd2amh2mk')
2026-03-15T04:48:36Z INFO bsky_collector_v2.job.index_feed_generators: indexed repo=did:plc:uxghorl26rjrginr4j72mfvj part=69 records=1 next_cursor=set
2026-03-15T04:48:57Z WARNING bsky_collector_v2.job.index_feed_generators: listRecords failed repo=did:plc:irf2l5k2oc6cu6a2qdg63tsf err=HttpError('InvalidRequest: Could not find repo: did:plc:irf2l5k2oc6cu6a2qdg63tsf')
2026-03-15T04:48:57Z WARNING bsky_collector_v2.job.index_feed_generators: listRecords failed repo=did:plc:jbxnb6flpg5kcugcd2amh2mk err=HttpError('InvalidRequest: Could not find repo: did:plc:jbxnb6flpg5kcugcd2amh2mk')
2026-03-15T04:48:58Z WARNING bsky_collector_v2.job.index_feed_generators: listRecords failed repo=did:plc:irf2l5k2oc6cu6a2qdg63tsf err=HttpError('InvalidRequest: Could not find repo: did:plc:irf2l5k2oc6cu6a2qdg63tsf')
2026-03-15T04:48:58Z WARNING bsky_collector_v2.job.index_feed_generators: listRecords failed repo=did:plc:jbxnb6flpg5kcugcd2amh2mk err=HttpError('InvalidRequest: Could not find repo: did:plc:jbxnb6flpg5kcugcd2amh2mk')
2026-03-15T04:48:59Z INFO bsky_collector_v2.job.index_feed_generators: enqueued repos page=3 mode=listRepos inserted=500 repos_returned=500 next_cursor=set
2026-03-15T04:49:03Z WARNING bsky_collector_v2.job.index_feed_generators: listRecords failed repo=did:plc:3ap74tztiiwlwoo5662q2swc err=HttpError('InvalidRequest: Could not find repo: did:plc:3ap74tztiiwlwoo5662q2swc')
2026-03-15T04:49:40Z INFO bsky_collector_v2.job.index_feed_generators: indexed repo=did:plc:eyqhpiee4643sxvy6gwuhqfr part=70 records=1 next_cursor=set
2026-03-15T04:49:52Z WARNING bsky_collector_v2.job.index_feed_generators: listRecords failed repo=did:plc:iopdbee6cvgmwjfayptmlmtr err=HttpError('InvalidRequest: Could not find repo: did:plc:iopdbee6cvgmwjfayptmlmtr')
2026-03-15T04:49:55Z WARNING bsky_collector_v2.job.index_feed_generators: listRecords failed repo=did:plc:jw4sqih35lvc7dcgkvpmkbda err=HttpError('InvalidRequest: Could not find repo: did:plc:jw4sqih35lvc7dcgkvpmkbda')
2026-03-15T04:50:02Z WARNING bsky_collector_v2.job.index_feed_generators: listRecords failed repo=did:plc:mak3tjassoqkeaxccf4xwob7 err=HttpError('InvalidRequest: Could not find repo: did:plc:mak3tjassoqkeaxccf4xwob7')
2026-03-15T04:50:18Z WARNING bsky_collector_v2.job.index_feed_generators: listRecords failed repo=did:plc:rfr7d53fmfmgnzd5mekrceds err=HttpError('InvalidRequest: Could not find repo: did:plc:rfr7d53fmfmgnzd5mekrceds')
2026-03-15T04:50:25Z INFO bsky_collector_v2.job.index_feed_generators: indexed repo=did:plc:sq2crqsmltstppavz464zh6j part=71 records=1 next_cursor=set
2026-03-15T04:50:48Z WARNING bsky_collector_v2.job.index_feed_generators: listRecords failed repo=did:plc:3ap74tztiiwlwoo5662q2swc err=HttpError('InvalidRequest: Could not find repo: did:plc:3ap74tztiiwlwoo5662q2swc')
2026-03-15T04:50:48Z WARNING bsky_collector_v2.job.index_feed_generators: listRecords failed repo=did:plc:iopdbee6cvgmwjfayptmlmtr err=HttpError('InvalidRequest: Could not find repo: did:plc:iopdbee6cvgmwjfayptmlmtr')
2026-03-15T04:50:49Z WARNING bsky_collector_v2.job.index_feed_generators: listRecords failed repo=did:plc:jw4sqih35lvc7dcgkvpmkbda err=HttpError('InvalidRequest: Could not find repo: did:plc:jw4sqih35lvc7dcgkvpmkbda')
2026-03-15T04:50:49Z WARNING bsky_collector_v2.job.index_feed_generators: listRecords failed repo=did:plc:mak3tjassoqkeaxccf4xwob7 err=HttpError('InvalidRequest: Could not find repo: did:plc:mak3tjassoqkeaxccf4xwob7')
2026-03-15T04:50:49Z WARNING bsky_collector_v2.job.index_feed_generators: listRecords failed repo=did:plc:rfr7d53fmfmgnzd5mekrceds err=HttpError('InvalidRequest: Could not find repo: did:plc:rfr7d53fmfmgnzd5mekrceds')
2026-03-15T04:50:49Z WARNING bsky_collector_v2.job.index_feed_generators: listRecords failed repo=did:plc:3ap74tztiiwlwoo5662q2swc err=HttpError('InvalidRequest: Could not find repo: did:plc:3ap74tztiiwlwoo5662q2swc')
2026-03-15T04:50:49Z WARNING bsky_collector_v2.job.index_feed_generators: listRecords failed repo=did:plc:iopdbee6cvgmwjfayptmlmtr err=HttpError('InvalidRequest: Could not find repo: did:plc:iopdbee6cvgmwjfayptmlmtr')
2026-03-15T04:50:49Z WARNING bsky_collector_v2.job.index_feed_generators: listRecords failed repo=did:plc:jw4sqih35lvc7dcgkvpmkbda err=HttpError('InvalidRequest: Could not find repo: did:plc:jw4sqih35lvc7dcgkvpmkbda')
2026-03-15T04:50:49Z WARNING bsky_collector_v2.job.index_feed_generators: listRecords failed repo=did:plc:mak3tjassoqkeaxccf4xwob7 err=HttpError('InvalidRequest: Could not find repo: did:plc:mak3tjassoqkeaxccf4xwob7')
2026-03-15T04:50:49Z WARNING bsky_collector_v2.job.index_feed_generators: listRecords failed repo=did:plc:rfr7d53fmfmgnzd5mekrceds err=HttpError('InvalidRequest: Could not find repo: did:plc:rfr7d53fmfmgnzd5mekrceds')
2026-03-15T04:50:50Z INFO bsky_collector_v2.job.index_feed_generators: enqueued repos page=4 mode=listRepos inserted=500 repos_returned=500 next_cursor=set
2026-03-15T04:50:55Z WARNING bsky_collector_v2.job.index_feed_generators: listRecords failed repo=did:plc:3y62tju5pqialzs57cyo5lzs err=HttpError('InvalidRequest: Could not find repo: did:plc:3y62tju5pqialzs57cyo5lzs')
2026-03-15T04:51:33Z WARNING bsky_collector_v2.job.index_feed_generators: listRecords failed repo=did:plc:lvq3ukpwjrbzmvisopybjle2 err=HttpError('InvalidRequest: Could not find repo: did:plc:lvq3ukpwjrbzmvisopybjle2')
2026-03-15T04:51:39Z WARNING bsky_collector_v2.job.index_feed_generators: listRecords failed repo=did:plc:p3aezdl742tewigdwcju2vau err=HttpError('InvalidRequest: Could not find repo: did:plc:p3aezdl742tewigdwcju2vau')
2026-03-15T04:51:53Z WARNING bsky_collector_v2.job.index_feed_generators: listRecords failed repo=did:plc:usgw3gt5y6vuwiq7zgtq72fs err=HttpError('InvalidRequest: Could not find repo: did:plc:usgw3gt5y6vuwiq7zgtq72fs')
2026-03-15T04:52:06Z WARNING bsky_collector_v2.job.index_feed_generators: listRecords failed repo=did:plc:3y62tju5pqialzs57cyo5lzs err=HttpError('InvalidRequest: Could not find repo: did:plc:3y62tju5pqialzs57cyo5lzs')
2026-03-15T04:52:06Z WARNING bsky_collector_v2.job.index_feed_generators: listRecords failed repo=did:plc:lvq3ukpwjrbzmvisopybjle2 err=HttpError('InvalidRequest: Could not find repo: did:plc:lvq3ukpwjrbzmvisopybjle2')
2026-03-15T04:52:06Z WARNING bsky_collector_v2.job.index_feed_generators: listRecords failed repo=did:plc:p3aezdl742tewigdwcju2vau err=HttpError('InvalidRequest: Could not find repo: did:plc:p3aezdl742tewigdwcju2vau')
2026-03-15T04:52:06Z WARNING bsky_collector_v2.job.index_feed_generators: listRecords failed repo=did:plc:usgw3gt5y6vuwiq7zgtq72fs err=HttpError('InvalidRequest: Could not find repo: did:plc:usgw3gt5y6vuwiq7zgtq72fs')
2026-03-15T04:52:06Z WARNING bsky_collector_v2.job.index_feed_generators: listRecords failed repo=did:plc:3y62tju5pqialzs57cyo5lzs err=HttpError('InvalidRequest: Could not find repo: did:plc:3y62tju5pqialzs57cyo5lzs')
2026-03-15T04:52:06Z WARNING bsky_collector_v2.job.index_feed_generators: listRecords failed repo=did:plc:lvq3ukpwjrbzmvisopybjle2 err=HttpError('InvalidRequest: Could not find repo: did:plc:lvq3ukpwjrbzmvisopybjle2')
2026-03-15T04:52:06Z WARNING bsky_collector_v2.job.index_feed_generators: listRecords failed repo=did:plc:p3aezdl742tewigdwcju2vau err=HttpError('InvalidRequest: Could not find repo: did:plc:p3aezdl742tewigdwcju2vau')
2026-03-15T04:52:07Z WARNING bsky_collector_v2.job.index_feed_generators: listRecords failed repo=did:plc:usgw3gt5y6vuwiq7zgtq72fs err=HttpError('InvalidRequest: Could not find repo: did:plc:usgw3gt5y6vuwiq7zgtq72fs')
2026-03-15T04:52:07Z INFO bsky_collector_v2.job.index_feed_generators: enqueued repos page=5 mode=listRepos inserted=500 repos_returned=500 next_cursor=set
2026-03-15T04:52:41Z WARNING bsky_collector_v2.job.index_feed_generators: listRecords failed repo=did:plc:hzhgzfufcdakc7y7wc5rlj6a err=HttpError('InvalidRequest: Could not find repo: did:plc:hzhgzfufcdakc7y7wc5rlj6a')
2026-03-15T04:52:45Z WARNING bsky_collector_v2.job.index_feed_generators: listRecords failed repo=did:plc:jqrluowmgff3o2si5bnppszp err=HttpError('InvalidRequest: Could not find repo: did:plc:jqrluowmgff3o2si5bnppszp')
2026-03-15T04:53:10Z INFO bsky_collector_v2.job.index_feed_generators: indexed repo=did:plc:sw3wzz4wzcgp3mlbkaysavhw part=72 records=1 next_cursor=set
2026-03-15T04:53:20Z INFO bsky_collector_v2.job.index_feed_generators: indexed repo=did:plc:xkxjf5b6tldodfjycikog25q part=73 records=1 next_cursor=set
2026-03-15T04:53:33Z WARNING bsky_collector_v2.job.index_feed_generators: listRecords failed repo=did:plc:hzhgzfufcdakc7y7wc5rlj6a err=HttpError('InvalidRequest: Could not find repo: did:plc:hzhgzfufcdakc7y7wc5rlj6a')
2026-03-15T04:53:33Z WARNING bsky_collector_v2.job.index_feed_generators: listRecords failed repo=did:plc:jqrluowmgff3o2si5bnppszp err=HttpError('InvalidRequest: Could not find repo: did:plc:jqrluowmgff3o2si5bnppszp')
2026-03-15T04:53:34Z WARNING bsky_collector_v2.job.index_feed_generators: listRecords failed repo=did:plc:hzhgzfufcdakc7y7wc5rlj6a err=HttpError('InvalidRequest: Could not find repo: did:plc:hzhgzfufcdakc7y7wc5rlj6a')
2026-03-15T04:53:34Z WARNING bsky_collector_v2.job.index_feed_generators: listRecords failed repo=did:plc:jqrluowmgff3o2si5bnppszp err=HttpError('InvalidRequest: Could not find repo: did:plc:jqrluowmgff3o2si5bnppszp')
2026-03-15T04:53:35Z INFO bsky_collector_v2.job.index_feed_generators: enqueued repos page=6 mode=listRepos inserted=500 repos_returned=500 next_cursor=set
2026-03-15T04:54:22Z INFO bsky_collector_v2.job.index_feed_generators: indexed repo=did:plc:jr7apblxskaczfutcand6ape part=74 records=2 next_cursor=set
2026-03-15T04:54:49Z WARNING bsky_collector_v2.job.index_feed_generators: listRecords failed repo=did:plc:ubx5qz6d6cj367wbhlgufv7z err=HttpError('InvalidRequest: Could not find repo: did:plc:ubx5qz6d6cj367wbhlgufv7z')
2026-03-15T04:55:04Z WARNING bsky_collector_v2.job.index_feed_generators: listRecords failed repo=did:plc:ubx5qz6d6cj367wbhlgufv7z err=HttpError('InvalidRequest: Could not find repo: did:plc:ubx5qz6d6cj367wbhlgufv7z')
2026-03-15T04:55:04Z WARNING bsky_collector_v2.job.index_feed_generators: listRecords failed repo=did:plc:ubx5qz6d6cj367wbhlgufv7z err=HttpError('InvalidRequest: Could not find repo: did:plc:ubx5qz6d6cj367wbhlgufv7z')
2026-03-15T04:55:04Z INFO bsky_collector_v2.job.index_feed_generators: enqueued repos page=7 mode=listRepos inserted=500 repos_returned=500 next_cursor=set
2026-03-15T04:55:06Z WARNING bsky_collector_v2.job.index_feed_generators: listRecords failed repo=did:plc:33r4hgmghvyf6uyynye4j363 err=HttpError('InvalidRequest: Could not find repo: did:plc:33r4hgmghvyf6uyynye4j363')
2026-03-15T04:55:22Z WARNING bsky_collector_v2.job.index_feed_generators: listRecords failed repo=did:plc:bnkcbiy7rk55gdk7yrw7qqn6 err=HttpError('InvalidRequest: Could not find repo: did:plc:bnkcbiy7rk55gdk7yrw7qqn6')
2026-03-15T04:55:44Z WARNING bsky_collector_v2.job.index_feed_generators: listRecords failed repo=did:plc:lckpdfkbaacxngbnob45e5vg err=HttpError('InvalidRequest: Could not find repo: did:plc:lckpdfkbaacxngbnob45e5vg')
2026-03-15T04:56:13Z WARNING bsky_collector_v2.job.index_feed_generators: listRecords failed repo=did:plc:vztfmwi5bojrqzzgsr5cf7mv err=HttpError('InvalidRequest: Could not find repo: did:plc:vztfmwi5bojrqzzgsr5cf7mv')
2026-03-15T04:56:24Z WARNING bsky_collector_v2.job.index_feed_generators: listRecords failed repo=did:plc:33r4hgmghvyf6uyynye4j363 err=HttpError('InvalidRequest: Could not find repo: did:plc:33r4hgmghvyf6uyynye4j363')
2026-03-15T04:56:24Z WARNING bsky_collector_v2.job.index_feed_generators: listRecords failed repo=did:plc:bnkcbiy7rk55gdk7yrw7qqn6 err=HttpError('InvalidRequest: Could not find repo: did:plc:bnkcbiy7rk55gdk7yrw7qqn6')
2026-03-15T04:56:24Z WARNING bsky_collector_v2.job.index_feed_generators: listRecords failed repo=did:plc:lckpdfkbaacxngbnob45e5vg err=HttpError('InvalidRequest: Could not find repo: did:plc:lckpdfkbaacxngbnob45e5vg')
2026-03-15T04:56:24Z WARNING bsky_collector_v2.job.index_feed_generators: listRecords failed repo=did:plc:vztfmwi5bojrqzzgsr5cf7mv err=HttpError('InvalidRequest: Could not find repo: did:plc:vztfmwi5bojrqzzgsr5cf7mv')
2026-03-15T04:56:24Z WARNING bsky_collector_v2.job.index_feed_generators: listRecords failed repo=did:plc:33r4hgmghvyf6uyynye4j363 err=HttpError('InvalidRequest: Could not find repo: did:plc:33r4hgmghvyf6uyynye4j363')
2026-03-15T04:56:24Z WARNING bsky_collector_v2.job.index_feed_generators: listRecords failed repo=did:plc:bnkcbiy7rk55gdk7yrw7qqn6 err=HttpError('InvalidRequest: Could not find repo: did:plc:bnkcbiy7rk55gdk7yrw7qqn6')
2026-03-15T04:56:24Z WARNING bsky_collector_v2.job.index_feed_generators: listRecords failed repo=did:plc:lckpdfkbaacxngbnob45e5vg err=HttpError('InvalidRequest: Could not find repo: did:plc:lckpdfkbaacxngbnob45e5vg')
2026-03-15T04:56:24Z WARNING bsky_collector_v2.job.index_feed_generators: listRecords failed repo=did:plc:vztfmwi5bojrqzzgsr5cf7mv err=HttpError('InvalidRequest: Could not find repo: did:plc:vztfmwi5bojrqzzgsr5cf7mv')
2026-03-15T04:56:25Z INFO bsky_collector_v2.job.index_feed_generators: enqueued repos page=8 mode=listRepos inserted=500 repos_returned=500 next_cursor=set
2026-03-15T04:56:34Z WARNING bsky_collector_v2.job.index_feed_generators: listRecords failed repo=did:plc:6vqyz35ni7fh74fei6tu3cb6 err=HttpError('InvalidRequest: Could not find repo: did:plc:6vqyz35ni7fh74fei6tu3cb6')
2026-03-15T04:56:57Z WARNING bsky_collector_v2.job.index_feed_generators: listRecords failed repo=did:plc:hxve3rxwefhdo7plbctb3wp6 err=HttpError('InvalidRequest: Could not find repo: did:plc:hxve3rxwefhdo7plbctb3wp6')
2026-03-15T04:57:27Z WARNING bsky_collector_v2.job.index_feed_generators: listRecords failed repo=did:plc:sw5njqdncuejq4tnhxzhyt5f err=HttpError('InvalidRequest: Could not find repo: did:plc:sw5njqdncuejq4tnhxzhyt5f')
2026-03-15T04:57:46Z WARNING bsky_collector_v2.job.index_feed_generators: listRecords failed repo=did:plc:6vqyz35ni7fh74fei6tu3cb6 err=HttpError('InvalidRequest: Could not find repo: did:plc:6vqyz35ni7fh74fei6tu3cb6')
2026-03-15T04:57:46Z WARNING bsky_collector_v2.job.index_feed_generators: listRecords failed repo=did:plc:hxve3rxwefhdo7plbctb3wp6 err=HttpError('InvalidRequest: Could not find repo: did:plc:hxve3rxwefhdo7plbctb3wp6')
2026-03-15T04:57:46Z WARNING bsky_collector_v2.job.index_feed_generators: listRecords failed repo=did:plc:sw5njqdncuejq4tnhxzhyt5f err=HttpError('InvalidRequest: Could not find repo: did:plc:sw5njqdncuejq4tnhxzhyt5f')
2026-03-15T04:57:46Z WARNING bsky_collector_v2.job.index_feed_generators: listRecords failed repo=did:plc:6vqyz35ni7fh74fei6tu3cb6 err=HttpError('InvalidRequest: Could not find repo: did:plc:6vqyz35ni7fh74fei6tu3cb6')
2026-03-15T04:57:46Z WARNING bsky_collector_v2.job.index_feed_generators: listRecords failed repo=did:plc:hxve3rxwefhdo7plbctb3wp6 err=HttpError('InvalidRequest: Could not find repo: did:plc:hxve3rxwefhdo7plbctb3wp6')
2026-03-15T04:57:46Z WARNING bsky_collector_v2.job.index_feed_generators: listRecords failed repo=did:plc:sw5njqdncuejq4tnhxzhyt5f err=HttpError('InvalidRequest: Could not find repo: did:plc:sw5njqdncuejq4tnhxzhyt5f')
2026-03-15T04:57:47Z INFO bsky_collector_v2.job.index_feed_generators: enqueued repos page=9 mode=listRepos inserted=500 repos_returned=500 next_cursor=set
2026-03-15T04:57:52Z WARNING bsky_collector_v2.job.index_feed_generators: listRecords failed repo=did:plc:4ojmzyx2d73rlwvs5l7xezj4 err=HttpError('InvalidRequest: Could not find repo: did:plc:4ojmzyx2d73rlwvs5l7xezj4')
2026-03-15T04:58:25Z WARNING bsky_collector_v2.job.index_feed_generators: listRecords failed repo=did:plc:es5bi4jm2pano5lysajh3nuz err=HttpError('InvalidRequest: Could not find repo: did:plc:es5bi4jm2pano5lysajh3nuz')
2026-03-15T04:58:44Z WARNING bsky_collector_v2.job.index_feed_generators: listRecords failed repo=did:plc:morniphismfbuctbq7ova3yi err=HttpError('InvalidRequest: Could not find repo: did:plc:morniphismfbuctbq7ova3yi')
2026-03-15T04:58:47Z WARNING bsky_collector_v2.job.index_feed_generators: listRecords failed repo=did:plc:o7xu4m5mgwfswwcitsuby6ij err=HttpError('InvalidRequest: Could not find repo: did:plc:o7xu4m5mgwfswwcitsuby6ij')
2026-03-15T04:59:20Z WARNING bsky_collector_v2.job.index_feed_generators: listRecords failed repo=did:plc:4ojmzyx2d73rlwvs5l7xezj4 err=HttpError('InvalidRequest: Could not find repo: did:plc:4ojmzyx2d73rlwvs5l7xezj4')
2026-03-15T04:59:20Z WARNING bsky_collector_v2.job.index_feed_generators: listRecords failed repo=did:plc:es5bi4jm2pano5lysajh3nuz err=HttpError('InvalidRequest: Could not find repo: did:plc:es5bi4jm2pano5lysajh3nuz')
2026-03-15T04:59:20Z WARNING bsky_collector_v2.job.index_feed_generators: listRecords failed repo=did:plc:morniphismfbuctbq7ova3yi err=HttpError('InvalidRequest: Could not find repo: did:plc:morniphismfbuctbq7ova3yi')
2026-03-15T04:59:20Z WARNING bsky_collector_v2.job.index_feed_generators: listRecords failed repo=did:plc:o7xu4m5mgwfswwcitsuby6ij err=HttpError('InvalidRequest: Could not find repo: did:plc:o7xu4m5mgwfswwcitsuby6ij')
2026-03-15T04:59:20Z WARNING bsky_collector_v2.job.index_feed_generators: listRecords failed repo=did:plc:4ojmzyx2d73rlwvs5l7xezj4 err=HttpError('InvalidRequest: Could not find repo: did:plc:4ojmzyx2d73rlwvs5l7xezj4')
2026-03-15T04:59:20Z WARNING bsky_collector_v2.job.index_feed_generators: listRecords failed repo=did:plc:es5bi4jm2pano5lysajh3nuz err=HttpError('InvalidRequest: Could not find repo: did:plc:es5bi4jm2pano5lysajh3nuz')
2026-03-15T04:59:20Z WARNING bsky_collector_v2.job.index_feed_generators: listRecords failed repo=did:plc:morniphismfbuctbq7ova3yi err=HttpError('InvalidRequest: Could not find repo: did:plc:morniphismfbuctbq7ova3yi')
2026-03-15T04:59:21Z WARNING bsky_collector_v2.job.index_feed_generators: listRecords failed repo=did:plc:o7xu4m5mgwfswwcitsuby6ij err=HttpError('InvalidRequest: Could not find repo: did:plc:o7xu4m5mgwfswwcitsuby6ij')
2026-03-15T04:59:21Z INFO bsky_collector_v2.job.index_feed_generators: enqueued repos page=10 mode=listRepos inserted=500 repos_returned=500 next_cursor=set
2026-03-15T04:59:29Z WARNING bsky_collector_v2.job.index_feed_generators: listRecords failed repo=did:plc:4qtj7syqnk6fdrlyeisee3f3 err=HttpError('InvalidRequest: Could not find repo: did:plc:4qtj7syqnk6fdrlyeisee3f3')
2026-03-15T05:00:08Z WARNING bsky_collector_v2.job.index_feed_generators: listRecords failed repo=did:plc:islruzpao7k4q5u5ji7hk4pv err=HttpError('InvalidRequest: Could not find repo: did:plc:islruzpao7k4q5u5ji7hk4pv')
2026-03-15T05:00:09Z WARNING bsky_collector_v2.job.index_feed_generators: listRecords failed repo=did:plc:j3d5gtqbeuncu3hj4zvr2uqk err=HttpError('InvalidRequest: Could not find repo: did:plc:j3d5gtqbeuncu3hj4zvr2uqk')
2026-03-15T05:00:47Z WARNING bsky_collector_v2.job.index_feed_generators: listRecords failed repo=did:plc:4qtj7syqnk6fdrlyeisee3f3 err=HttpError('InvalidRequest: Could not find repo: did:plc:4qtj7syqnk6fdrlyeisee3f3')
2026-03-15T05:00:47Z WARNING bsky_collector_v2.job.index_feed_generators: listRecords failed repo=did:plc:islruzpao7k4q5u5ji7hk4pv err=HttpError('InvalidRequest: Could not find repo: did:plc:islruzpao7k4q5u5ji7hk4pv')
2026-03-15T05:00:47Z WARNING bsky_collector_v2.job.index_feed_generators: listRecords failed repo=did:plc:j3d5gtqbeuncu3hj4zvr2uqk err=HttpError('InvalidRequest: Could not find repo: did:plc:j3d5gtqbeuncu3hj4zvr2uqk')
2026-03-15T05:00:47Z WARNING bsky_collector_v2.job.index_feed_generators: listRecords failed repo=did:plc:4qtj7syqnk6fdrlyeisee3f3 err=HttpError('InvalidRequest: Could not find repo: did:plc:4qtj7syqnk6fdrlyeisee3f3')
2026-03-15T05:00:47Z WARNING bsky_collector_v2.job.index_feed_generators: listRecords failed repo=did:plc:islruzpao7k4q5u5ji7hk4pv err=HttpError('InvalidRequest: Could not find repo: did:plc:islruzpao7k4q5u5ji7hk4pv')
2026-03-15T05:00:47Z WARNING bsky_collector_v2.job.index_feed_generators: listRecords failed repo=did:plc:j3d5gtqbeuncu3hj4zvr2uqk err=HttpError('InvalidRequest: Could not find repo: did:plc:j3d5gtqbeuncu3hj4zvr2uqk')
2026-03-15T05:00:48Z INFO bsky_collector_v2.job.index_feed_generators: enqueued repos page=11 mode=listRepos inserted=500 repos_returned=500 next_cursor=set
2026-03-15T05:01:44Z INFO bsky_collector_v2.job.index_feed_generators: indexed repo=did:plc:kuse3ob4gd5cpxwjnv56dv6v part=75 records=1 next_cursor=set
2026-03-15T05:02:04Z WARNING bsky_collector_v2.job.index_feed_generators: listRecords failed repo=did:plc:vftuq5g4r5n2gvuk2fhphqxg err=HttpError('InvalidRequest: Could not find repo: did:plc:vftuq5g4r5n2gvuk2fhphqxg')
2026-03-15T05:02:13Z WARNING bsky_collector_v2.job.index_feed_generators: listRecords failed repo=did:plc:yfpemtl3epzrpjml3stieq3e err=HttpError('InvalidRequest: Could not find repo: did:plc:yfpemtl3epzrpjml3stieq3e')
2026-03-15T05:02:14Z INFO bsky_collector_v2.job.index_feed_generators: indexed repo=did:plc:z4xcx6pbjzeyiqoeyj57smgw part=76 records=1 next_cursor=set
2026-03-15T05:02:15Z WARNING bsky_collector_v2.job.index_feed_generators: listRecords failed repo=did:plc:zd2wbt2ydzbru64jkc4b5i7m err=HttpError('InvalidRequest: Could not find repo: did:plc:zd2wbt2ydzbru64jkc4b5i7m')
2026-03-15T05:02:17Z WARNING bsky_collector_v2.job.index_feed_generators: listRecords failed repo=did:plc:vftuq5g4r5n2gvuk2fhphqxg err=HttpError('InvalidRequest: Could not find repo: did:plc:vftuq5g4r5n2gvuk2fhphqxg')
2026-03-15T05:02:17Z WARNING bsky_collector_v2.job.index_feed_generators: listRecords failed repo=did:plc:yfpemtl3epzrpjml3stieq3e err=HttpError('InvalidRequest: Could not find repo: did:plc:yfpemtl3epzrpjml3stieq3e')
2026-03-15T05:02:17Z WARNING bsky_collector_v2.job.index_feed_generators: listRecords failed repo=did:plc:zd2wbt2ydzbru64jkc4b5i7m err=HttpError('InvalidRequest: Could not find repo: did:plc:zd2wbt2ydzbru64jkc4b5i7m')
2026-03-15T05:02:17Z WARNING bsky_collector_v2.job.index_feed_generators: listRecords failed repo=did:plc:vftuq5g4r5n2gvuk2fhphqxg err=HttpError('InvalidRequest: Could not find repo: did:plc:vftuq5g4r5n2gvuk2fhphqxg')
2026-03-15T05:02:17Z WARNING bsky_collector_v2.job.index_feed_generators: listRecords failed repo=did:plc:yfpemtl3epzrpjml3stieq3e err=HttpError('InvalidRequest: Could not find repo: did:plc:yfpemtl3epzrpjml3stieq3e')
2026-03-15T05:02:17Z WARNING bsky_collector_v2.job.index_feed_generators: listRecords failed repo=did:plc:zd2wbt2ydzbru64jkc4b5i7m err=HttpError('InvalidRequest: Could not find repo: did:plc:zd2wbt2ydzbru64jkc4b5i7m')
2026-03-15T05:02:18Z INFO bsky_collector_v2.job.index_feed_generators: enqueued repos page=12 mode=listRepos inserted=500 repos_returned=500 next_cursor=set
2026-03-15T05:02:19Z WARNING bsky_collector_v2.job.index_feed_generators: listRecords failed repo=did:plc:2lvrqhmmacacktpdd2ane5xk err=HttpError('InvalidRequest: Could not find repo: did:plc:2lvrqhmmacacktpdd2ane5xk')
2026-03-15T05:02:23Z WARNING bsky_collector_v2.job.index_feed_generators: listRecords failed repo=did:plc:4allwzvqmnmm2t5cgxwhr7xe err=HttpError('InvalidRequest: Could not find repo: did:plc:4allwzvqmnmm2t5cgxwhr7xe')
2026-03-15T05:03:15Z WARNING bsky_collector_v2.job.index_feed_generators: listRecords failed repo=did:plc:pnl3ywhz42jxbxwosvjr7irg err=HttpError('InvalidRequest: Could not find repo: did:plc:pnl3ywhz42jxbxwosvjr7irg')
2026-03-15T05:03:56Z WARNING bsky_collector_v2.job.index_feed_generators: listRecords failed repo=did:plc:2lvrqhmmacacktpdd2ane5xk err=HttpError('InvalidRequest: Could not find repo: did:plc:2lvrqhmmacacktpdd2ane5xk')
2026-03-15T05:03:56Z WARNING bsky_collector_v2.job.index_feed_generators: listRecords failed repo=did:plc:4allwzvqmnmm2t5cgxwhr7xe err=HttpError('InvalidRequest: Could not find repo: did:plc:4allwzvqmnmm2t5cgxwhr7xe')
2026-03-15T05:03:56Z WARNING bsky_collector_v2.job.index_feed_generators: listRecords failed repo=did:plc:pnl3ywhz42jxbxwosvjr7irg err=HttpError('InvalidRequest: Could not find repo: did:plc:pnl3ywhz42jxbxwosvjr7irg')
2026-03-15T05:03:56Z WARNING bsky_collector_v2.job.index_feed_generators: listRecords failed repo=did:plc:2lvrqhmmacacktpdd2ane5xk err=HttpError('InvalidRequest: Could not find repo: did:plc:2lvrqhmmacacktpdd2ane5xk')
2026-03-15T05:03:56Z WARNING bsky_collector_v2.job.index_feed_generators: listRecords failed repo=did:plc:4allwzvqmnmm2t5cgxwhr7xe err=HttpError('InvalidRequest: Could not find repo: did:plc:4allwzvqmnmm2t5cgxwhr7xe')
2026-03-15T05:03:56Z WARNING bsky_collector_v2.job.index_feed_generators: listRecords failed repo=did:plc:pnl3ywhz42jxbxwosvjr7irg err=HttpError('InvalidRequest: Could not find repo: did:plc:pnl3ywhz42jxbxwosvjr7irg')
2026-03-15T05:03:57Z INFO bsky_collector_v2.job.index_feed_generators: enqueued repos page=13 mode=listRepos inserted=500 repos_returned=500 next_cursor=set
2026-03-15T05:03:59Z WARNING bsky_collector_v2.job.index_feed_generators: listRecords failed repo=did:plc:2g6yg4earoyv5di3qclxd43y err=HttpError('InvalidRequest: Could not find repo: did:plc:2g6yg4earoyv5di3qclxd43y')
2026-03-15T05:04:18Z WARNING bsky_collector_v2.job.index_feed_generators: listRecords failed repo=did:plc:7yjsimjqt6g6kqz3fxxprxrg err=HttpError('InvalidRequest: Could not find repo: did:plc:7yjsimjqt6g6kqz3fxxprxrg')
2026-03-15T05:04:36Z WARNING bsky_collector_v2.job.index_feed_generators: listRecords failed repo=did:plc:gopvndo6r2bis5dx2v3e65z6 err=HttpError('InvalidRequest: Could not find repo: did:plc:gopvndo6r2bis5dx2v3e65z6')
2026-03-15T05:04:46Z INFO bsky_collector_v2.job.index_feed_generators: indexed repo=did:plc:le7klo3iw2xpwa2kpg5tyc3f part=77 records=1 next_cursor=set
2026-03-15T05:04:58Z WARNING bsky_collector_v2.job.index_feed_generators: listRecords failed repo=did:plc:rez7gpw25en6injdg6fsozx6 err=HttpError('InvalidRequest: Could not find repo: did:plc:rez7gpw25en6injdg6fsozx6')
2026-03-15T05:05:21Z WARNING bsky_collector_v2.job.index_feed_generators: listRecords failed repo=did:plc:2g6yg4earoyv5di3qclxd43y err=HttpError('InvalidRequest: Could not find repo: did:plc:2g6yg4earoyv5di3qclxd43y')
2026-03-15T05:05:21Z WARNING bsky_collector_v2.job.index_feed_generators: listRecords failed repo=did:plc:7yjsimjqt6g6kqz3fxxprxrg err=HttpError('InvalidRequest: Could not find repo: did:plc:7yjsimjqt6g6kqz3fxxprxrg')
2026-03-15T05:05:21Z WARNING bsky_collector_v2.job.index_feed_generators: listRecords failed repo=did:plc:gopvndo6r2bis5dx2v3e65z6 err=HttpError('InvalidRequest: Could not find repo: did:plc:gopvndo6r2bis5dx2v3e65z6')
2026-03-15T05:05:21Z WARNING bsky_collector_v2.job.index_feed_generators: listRecords failed repo=did:plc:rez7gpw25en6injdg6fsozx6 err=HttpError('InvalidRequest: Could not find repo: did:plc:rez7gpw25en6injdg6fsozx6')
2026-03-15T05:05:21Z WARNING bsky_collector_v2.job.index_feed_generators: listRecords failed repo=did:plc:2g6yg4earoyv5di3qclxd43y err=HttpError('InvalidRequest: Could not find repo: did:plc:2g6yg4earoyv5di3qclxd43y')
2026-03-15T05:05:21Z WARNING bsky_collector_v2.job.index_feed_generators: listRecords failed repo=did:plc:7yjsimjqt6g6kqz3fxxprxrg err=HttpError('InvalidRequest: Could not find repo: did:plc:7yjsimjqt6g6kqz3fxxprxrg')
2026-03-15T05:05:21Z WARNING bsky_collector_v2.job.index_feed_generators: listRecords failed repo=did:plc:gopvndo6r2bis5dx2v3e65z6 err=HttpError('InvalidRequest: Could not find repo: did:plc:gopvndo6r2bis5dx2v3e65z6')
2026-03-15T05:05:21Z WARNING bsky_collector_v2.job.index_feed_generators: listRecords failed repo=did:plc:rez7gpw25en6injdg6fsozx6 err=HttpError('InvalidRequest: Could not find repo: did:plc:rez7gpw25en6injdg6fsozx6')
2026-03-15T05:05:22Z INFO bsky_collector_v2.job.index_feed_generators: enqueued repos page=14 mode=listRepos inserted=500 repos_returned=500 next_cursor=set
2026-03-15T05:06:17Z WARNING bsky_collector_v2.job.index_feed_generators: listRecords failed repo=did:plc:p4hmpd73m2t4b3a3g3tdgmbz err=HttpError('InvalidRequest: Could not find repo: did:plc:p4hmpd73m2t4b3a3g3tdgmbz')
2026-03-15T05:06:45Z WARNING bsky_collector_v2.job.index_feed_generators: listRecords failed repo=did:plc:p4hmpd73m2t4b3a3g3tdgmbz err=HttpError('InvalidRequest: Could not find repo: did:plc:p4hmpd73m2t4b3a3g3tdgmbz')
2026-03-15T05:06:45Z WARNING bsky_collector_v2.job.index_feed_generators: listRecords failed repo=did:plc:p4hmpd73m2t4b3a3g3tdgmbz err=HttpError('InvalidRequest: Could not find repo: did:plc:p4hmpd73m2t4b3a3g3tdgmbz')
2026-03-15T05:06:46Z INFO bsky_collector_v2.job.index_feed_generators: enqueued repos page=15 mode=listRepos inserted=500 repos_returned=500 next_cursor=set
2026-03-15T05:07:21Z WARNING bsky_collector_v2.job.index_feed_generators: listRecords failed repo=did:plc:i4dvi5kttyuwoek4s46tg4xf err=HttpError('InvalidRequest: Could not find repo: did:plc:i4dvi5kttyuwoek4s46tg4xf')
2026-03-15T05:08:09Z WARNING bsky_collector_v2.job.index_feed_generators: listRecords failed repo=did:plc:i4dvi5kttyuwoek4s46tg4xf err=HttpError('InvalidRequest: Could not find repo: did:plc:i4dvi5kttyuwoek4s46tg4xf')
2026-03-15T05:08:09Z WARNING bsky_collector_v2.job.index_feed_generators: listRecords failed repo=did:plc:i4dvi5kttyuwoek4s46tg4xf err=HttpError('InvalidRequest: Could not find repo: did:plc:i4dvi5kttyuwoek4s46tg4xf')
2026-03-15T05:08:09Z INFO bsky_collector_v2.job.index_feed_generators: enqueued repos page=16 mode=listRepos inserted=500 repos_returned=500 next_cursor=set
2026-03-15T05:09:32Z INFO bsky_collector_v2.job.index_feed_generators: enqueued repos page=17 mode=listRepos inserted=500 repos_returned=500 next_cursor=set
2026-03-15T05:10:07Z WARNING bsky_collector_v2.job.index_feed_generators: listRecords failed repo=did:plc:iws5ww3ffdg65lql2b26jlu5 err=HttpError('InvalidRequest: Could not find repo: did:plc:iws5ww3ffdg65lql2b26jlu5')
2026-03-15T05:10:51Z WARNING bsky_collector_v2.job.index_feed_generators: listRecords failed repo=did:plc:iws5ww3ffdg65lql2b26jlu5 err=HttpError('InvalidRequest: Could not find repo: did:plc:iws5ww3ffdg65lql2b26jlu5')
2026-03-15T05:10:51Z WARNING bsky_collector_v2.job.index_feed_generators: listRecords failed repo=did:plc:iws5ww3ffdg65lql2b26jlu5 err=HttpError('InvalidRequest: Could not find repo: did:plc:iws5ww3ffdg65lql2b26jlu5')
2026-03-15T05:10:51Z INFO bsky_collector_v2.job.index_feed_generators: enqueued repos page=18 mode=listRepos inserted=500 repos_returned=500 next_cursor=set
2026-03-15T05:11:49Z WARNING bsky_collector_v2.job.index_feed_generators: listRecords failed repo=did:plc:qyyeznwqn5n7y5u5cuca53d5 err=HttpError('InvalidRequest: Could not find repo: did:plc:qyyeznwqn5n7y5u5cuca53d5')
2026-03-15T05:12:06Z WARNING bsky_collector_v2.job.index_feed_generators: listRecords failed repo=did:plc:y5gxvsddiioh5leae2nfedw5 err=HttpError('InvalidRequest: Could not find repo: did:plc:y5gxvsddiioh5leae2nfedw5')
2026-03-15T05:12:10Z WARNING bsky_collector_v2.job.index_feed_generators: listRecords failed repo=did:plc:qyyeznwqn5n7y5u5cuca53d5 err=HttpError('InvalidRequest: Could not find repo: did:plc:qyyeznwqn5n7y5u5cuca53d5')
2026-03-15T05:12:10Z WARNING bsky_collector_v2.job.index_feed_generators: listRecords failed repo=did:plc:y5gxvsddiioh5leae2nfedw5 err=HttpError('InvalidRequest: Could not find repo: did:plc:y5gxvsddiioh5leae2nfedw5')
2026-03-15T05:12:10Z WARNING bsky_collector_v2.job.index_feed_generators: listRecords failed repo=did:plc:qyyeznwqn5n7y5u5cuca53d5 err=HttpError('InvalidRequest: Could not find repo: did:plc:qyyeznwqn5n7y5u5cuca53d5')
2026-03-15T05:12:10Z WARNING bsky_collector_v2.job.index_feed_generators: listRecords failed repo=did:plc:y5gxvsddiioh5leae2nfedw5 err=HttpError('InvalidRequest: Could not find repo: did:plc:y5gxvsddiioh5leae2nfedw5')
2026-03-15T05:12:11Z INFO bsky_collector_v2.job.index_feed_generators: enqueued repos page=19 mode=listRepos inserted=500 repos_returned=500 next_cursor=set
2026-03-15T05:12:22Z WARNING bsky_collector_v2.job.index_feed_generators: listRecords failed repo=did:plc:5qfkcqmvr5fpcy5irew5bmom err=HttpError('InvalidRequest: Could not find repo: did:plc:5qfkcqmvr5fpcy5irew5bmom')
2026-03-15T05:12:35Z WARNING bsky_collector_v2.job.index_feed_generators: listRecords failed repo=did:plc:cle7hg3aaubjikqamv7iixdp err=HttpError('InvalidRequest: Could not find repo: did:plc:cle7hg3aaubjikqamv7iixdp')
2026-03-15T05:13:07Z WARNING bsky_collector_v2.job.index_feed_generators: listRecords failed repo=did:plc:owizkt5w5fmijvwngdajljlz err=HttpError('InvalidRequest: Could not find repo: did:plc:owizkt5w5fmijvwngdajljlz')
2026-03-15T05:13:22Z WARNING bsky_collector_v2.job.index_feed_generators: listRecords failed repo=did:plc:vxye22z7x2fkktaa6436awpv err=HttpError('InvalidRequest: Could not find repo: did:plc:vxye22z7x2fkktaa6436awpv')
2026-03-15T05:13:32Z WARNING bsky_collector_v2.job.index_feed_generators: listRecords failed repo=did:plc:5qfkcqmvr5fpcy5irew5bmom err=HttpError('InvalidRequest: Could not find repo: did:plc:5qfkcqmvr5fpcy5irew5bmom')
2026-03-15T05:13:32Z WARNING bsky_collector_v2.job.index_feed_generators: listRecords failed repo=did:plc:cle7hg3aaubjikqamv7iixdp err=HttpError('InvalidRequest: Could not find repo: did:plc:cle7hg3aaubjikqamv7iixdp')
2026-03-15T05:13:32Z WARNING bsky_collector_v2.job.index_feed_generators: listRecords failed repo=did:plc:owizkt5w5fmijvwngdajljlz err=HttpError('InvalidRequest: Could not find repo: did:plc:owizkt5w5fmijvwngdajljlz')
2026-03-15T05:13:32Z WARNING bsky_collector_v2.job.index_feed_generators: listRecords failed repo=did:plc:vxye22z7x2fkktaa6436awpv err=HttpError('InvalidRequest: Could not find repo: did:plc:vxye22z7x2fkktaa6436awpv')
2026-03-15T05:13:32Z WARNING bsky_collector_v2.job.index_feed_generators: listRecords failed repo=did:plc:5qfkcqmvr5fpcy5irew5bmom err=HttpError('InvalidRequest: Could not find repo: did:plc:5qfkcqmvr5fpcy5irew5bmom')
2026-03-15T05:13:32Z WARNING bsky_collector_v2.job.index_feed_generators: listRecords failed repo=did:plc:cle7hg3aaubjikqamv7iixdp err=HttpError('InvalidRequest: Could not find repo: did:plc:cle7hg3aaubjikqamv7iixdp')
2026-03-15T05:13:32Z WARNING bsky_collector_v2.job.index_feed_generators: listRecords failed repo=did:plc:owizkt5w5fmijvwngdajljlz err=HttpError('InvalidRequest: Could not find repo: did:plc:owizkt5w5fmijvwngdajljlz')
2026-03-15T05:13:32Z WARNING bsky_collector_v2.job.index_feed_generators: listRecords failed repo=did:plc:vxye22z7x2fkktaa6436awpv err=HttpError('InvalidRequest: Could not find repo: did:plc:vxye22z7x2fkktaa6436awpv')
2026-03-15T05:13:33Z INFO bsky_collector_v2.job.index_feed_generators: enqueued repos page=20 mode=listRepos inserted=500 repos_returned=500 next_cursor=set
2026-03-15T05:13:35Z WARNING bsky_collector_v2.job.index_feed_generators: listRecords failed repo=did:plc:2q6dlruf653os4w4cmh62drv err=HttpError('InvalidRequest: Could not find repo: did:plc:2q6dlruf653os4w4cmh62drv')
2026-03-15T05:14:25Z INFO bsky_collector_v2.job.index_feed_generators: indexed repo=did:plc:ps2kd35rw6atgu5klud4mjvi part=78 records=1 next_cursor=set
2026-03-15T05:14:30Z WARNING bsky_collector_v2.job.index_feed_generators: listRecords failed repo=did:plc:ra3it5dbukjv6buxeh4wds3n err=HttpError('InvalidRequest: Could not find repo: did:plc:ra3it5dbukjv6buxeh4wds3n')
2026-03-15T05:14:49Z WARNING bsky_collector_v2.job.index_feed_generators: listRecords failed repo=did:plc:xumkj54cyclqxjatxgvrwepp err=HttpError('InvalidRequest: Could not find repo: did:plc:xumkj54cyclqxjatxgvrwepp')
2026-03-15T05:14:53Z WARNING bsky_collector_v2.job.index_feed_generators: listRecords failed repo=did:plc:ztlgysmpxpnpaq3zbtf4lzap err=HttpError('InvalidRequest: Could not find repo: did:plc:ztlgysmpxpnpaq3zbtf4lzap')
2026-03-15T05:14:53Z WARNING bsky_collector_v2.job.index_feed_generators: listRecords failed repo=did:plc:2q6dlruf653os4w4cmh62drv err=HttpError('InvalidRequest: Could not find repo: did:plc:2q6dlruf653os4w4cmh62drv')
2026-03-15T05:14:53Z WARNING bsky_collector_v2.job.index_feed_generators: listRecords failed repo=did:plc:ra3it5dbukjv6buxeh4wds3n err=HttpError('InvalidRequest: Could not find repo: did:plc:ra3it5dbukjv6buxeh4wds3n')
2026-03-15T05:14:53Z WARNING bsky_collector_v2.job.index_feed_generators: listRecords failed repo=did:plc:xumkj54cyclqxjatxgvrwepp err=HttpError('InvalidRequest: Could not find repo: did:plc:xumkj54cyclqxjatxgvrwepp')
2026-03-15T05:14:53Z WARNING bsky_collector_v2.job.index_feed_generators: listRecords failed repo=did:plc:ztlgysmpxpnpaq3zbtf4lzap err=HttpError('InvalidRequest: Could not find repo: did:plc:ztlgysmpxpnpaq3zbtf4lzap')
2026-03-15T05:14:53Z WARNING bsky_collector_v2.job.index_feed_generators: listRecords failed repo=did:plc:2q6dlruf653os4w4cmh62drv err=HttpError('InvalidRequest: Could not find repo: did:plc:2q6dlruf653os4w4cmh62drv')
2026-03-15T05:14:53Z WARNING bsky_collector_v2.job.index_feed_generators: listRecords failed repo=did:plc:ra3it5dbukjv6buxeh4wds3n err=HttpError('InvalidRequest: Could not find repo: did:plc:ra3it5dbukjv6buxeh4wds3n')
2026-03-15T05:14:53Z WARNING bsky_collector_v2.job.index_feed_generators: listRecords failed repo=did:plc:xumkj54cyclqxjatxgvrwepp err=HttpError('InvalidRequest: Could not find repo: did:plc:xumkj54cyclqxjatxgvrwepp')
2026-03-15T05:14:53Z WARNING bsky_collector_v2.job.index_feed_generators: listRecords failed repo=did:plc:ztlgysmpxpnpaq3zbtf4lzap err=HttpError('InvalidRequest: Could not find repo: did:plc:ztlgysmpxpnpaq3zbtf4lzap')
2026-03-15T05:14:54Z INFO bsky_collector_v2.job.index_feed_generators: enqueued repos page=21 mode=listRepos inserted=500 repos_returned=500 next_cursor=set
2026-03-15T05:15:39Z WARNING bsky_collector_v2.job.index_feed_generators: listRecords failed repo=did:plc:mgq6duxpiv2jxyp4el6lxz7n err=HttpError('InvalidRequest: Could not find repo: did:plc:mgq6duxpiv2jxyp4el6lxz7n')
2026-03-15T05:15:43Z INFO bsky_collector_v2.job.index_feed_generators: indexed repo=did:plc:nxjxch5husiowvnmjbvewrmy part=79 records=1 next_cursor=set
2026-03-15T05:16:10Z WARNING bsky_collector_v2.job.index_feed_generators: listRecords failed repo=did:plc:mgq6duxpiv2jxyp4el6lxz7n err=HttpError('InvalidRequest: Could not find repo: did:plc:mgq6duxpiv2jxyp4el6lxz7n')
2026-03-15T05:16:10Z WARNING bsky_collector_v2.job.index_feed_generators: listRecords failed repo=did:plc:mgq6duxpiv2jxyp4el6lxz7n err=HttpError('InvalidRequest: Could not find repo: did:plc:mgq6duxpiv2jxyp4el6lxz7n')
2026-03-15T05:16:10Z INFO bsky_collector_v2.job.index_feed_generators: enqueued repos page=22 mode=listRepos inserted=500 repos_returned=500 next_cursor=set
2026-03-15T05:16:14Z WARNING bsky_collector_v2.job.index_feed_generators: listRecords failed repo=did:plc:3ghhrqevw25tqdbyqyr372n4 err=HttpError('InvalidRequest: Could not find repo: did:plc:3ghhrqevw25tqdbyqyr372n4')
2026-03-15T05:17:18Z WARNING bsky_collector_v2.job.index_feed_generators: listRecords failed repo=did:plc:u7qpzpavng5dtcezckewdlby err=HttpError('InvalidRequest: Could not find repo: did:plc:u7qpzpavng5dtcezckewdlby')
2026-03-15T05:17:32Z WARNING bsky_collector_v2.job.index_feed_generators: listRecords failed repo=did:plc:3ghhrqevw25tqdbyqyr372n4 err=HttpError('InvalidRequest: Could not find repo: did:plc:3ghhrqevw25tqdbyqyr372n4')
2026-03-15T05:17:33Z WARNING bsky_collector_v2.job.index_feed_generators: listRecords failed repo=did:plc:u7qpzpavng5dtcezckewdlby err=HttpError('InvalidRequest: Could not find repo: did:plc:u7qpzpavng5dtcezckewdlby')
2026-03-15T05:17:33Z WARNING bsky_collector_v2.job.index_feed_generators: listRecords failed repo=did:plc:3ghhrqevw25tqdbyqyr372n4 err=HttpError('InvalidRequest: Could not find repo: did:plc:3ghhrqevw25tqdbyqyr372n4')
2026-03-15T05:17:33Z WARNING bsky_collector_v2.job.index_feed_generators: listRecords failed repo=did:plc:u7qpzpavng5dtcezckewdlby err=HttpError('InvalidRequest: Could not find repo: did:plc:u7qpzpavng5dtcezckewdlby')
2026-03-15T05:17:33Z INFO bsky_collector_v2.job.index_feed_generators: enqueued repos page=23 mode=listRepos inserted=500 repos_returned=500 next_cursor=set
2026-03-15T05:17:37Z INFO bsky_collector_v2.job.index_feed_generators: indexed repo=did:plc:3wilwwasvijf2yhnyc5vgbcs part=80 records=1 next_cursor=set
2026-03-15T05:17:48Z WARNING bsky_collector_v2.job.index_feed_generators: listRecords failed repo=did:plc:auiq26ejyjnzbwbfzfdma2to err=HttpError('InvalidRequest: Could not find repo: did:plc:auiq26ejyjnzbwbfzfdma2to')
2026-03-15T05:18:52Z WARNING bsky_collector_v2.job.index_feed_generators: listRecords failed repo=did:plc:wbpp4cllqutksxzmrti57bw5 err=HttpError('InvalidRequest: Could not find repo: did:plc:wbpp4cllqutksxzmrti57bw5')
2026-03-15T05:19:04Z WARNING bsky_collector_v2.job.index_feed_generators: listRecords failed repo=did:plc:auiq26ejyjnzbwbfzfdma2to err=HttpError('InvalidRequest: Could not find repo: did:plc:auiq26ejyjnzbwbfzfdma2to')
2026-03-15T05:19:04Z WARNING bsky_collector_v2.job.index_feed_generators: listRecords failed repo=did:plc:wbpp4cllqutksxzmrti57bw5 err=HttpError('InvalidRequest: Could not find repo: did:plc:wbpp4cllqutksxzmrti57bw5')
2026-03-15T05:19:04Z WARNING bsky_collector_v2.job.index_feed_generators: listRecords failed repo=did:plc:auiq26ejyjnzbwbfzfdma2to err=HttpError('InvalidRequest: Could not find repo: did:plc:auiq26ejyjnzbwbfzfdma2to')
2026-03-15T05:19:04Z WARNING bsky_collector_v2.job.index_feed_generators: listRecords failed repo=did:plc:wbpp4cllqutksxzmrti57bw5 err=HttpError('InvalidRequest: Could not find repo: did:plc:wbpp4cllqutksxzmrti57bw5')
2026-03-15T05:19:04Z INFO bsky_collector_v2.job.index_feed_generators: enqueued repos page=24 mode=listRepos inserted=500 repos_returned=500 next_cursor=set
2026-03-15T05:19:09Z WARNING bsky_collector_v2.job.index_feed_generators: listRecords failed repo=did:plc:42ycqaayao2pa5uhpvvrqsnc err=HttpError('InvalidRequest: Could not find repo: did:plc:42ycqaayao2pa5uhpvvrqsnc')
2026-03-15T05:20:32Z WARNING bsky_collector_v2.job.index_feed_generators: listRecords failed repo=did:plc:42ycqaayao2pa5uhpvvrqsnc err=HttpError('InvalidRequest: Could not find repo: did:plc:42ycqaayao2pa5uhpvvrqsnc')
2026-03-15T05:20:33Z WARNING bsky_collector_v2.job.index_feed_generators: listRecords failed repo=did:plc:42ycqaayao2pa5uhpvvrqsnc err=HttpError('InvalidRequest: Could not find repo: did:plc:42ycqaayao2pa5uhpvvrqsnc')
2026-03-15T05:20:33Z INFO bsky_collector_v2.job.index_feed_generators: enqueued repos page=25 mode=listRepos inserted=500 repos_returned=500 next_cursor=set
2026-03-15T05:21:53Z INFO bsky_collector_v2.job.index_feed_generators: enqueued repos page=26 mode=listRepos inserted=500 repos_returned=500 next_cursor=set
2026-03-15T05:22:42Z WARNING bsky_collector_v2.job.index_feed_generators: listRecords failed repo=did:plc:mmrqon26ztiyixnzlzehyp53 err=HttpError('InvalidRequest: Could not find repo: did:plc:mmrqon26ztiyixnzlzehyp53')
2026-03-15T05:23:14Z WARNING bsky_collector_v2.job.index_feed_generators: listRecords failed repo=did:plc:mmrqon26ztiyixnzlzehyp53 err=HttpError('InvalidRequest: Could not find repo: did:plc:mmrqon26ztiyixnzlzehyp53')
2026-03-15T05:23:14Z WARNING bsky_collector_v2.job.index_feed_generators: listRecords failed repo=did:plc:mmrqon26ztiyixnzlzehyp53 err=HttpError('InvalidRequest: Could not find repo: did:plc:mmrqon26ztiyixnzlzehyp53')
2026-03-15T05:23:15Z INFO bsky_collector_v2.job.index_feed_generators: enqueued repos page=27 mode=listRepos inserted=500 repos_returned=500 next_cursor=set
2026-03-15T05:23:49Z WARNING bsky_collector_v2.job.index_feed_generators: listRecords failed repo=did:plc:ho7b6z3zfuxijfg5unqd7xh4 err=HttpError('InvalidRequest: Could not find repo: did:plc:ho7b6z3zfuxijfg5unqd7xh4')
2026-03-15T05:23:59Z INFO bsky_collector_v2.job.index_feed_generators: indexed repo=did:plc:meu6ptmqaioc5qhig2heff43 part=81 records=1 next_cursor=set
2026-03-15T05:24:09Z WARNING bsky_collector_v2.job.index_feed_generators: listRecords failed repo=did:plc:peqjtktiwrkwjh6wctkwdoih err=HttpError('InvalidRequest: Could not find repo: did:plc:peqjtktiwrkwjh6wctkwdoih')
2026-03-15T05:24:36Z WARNING bsky_collector_v2.job.index_feed_generators: listRecords failed repo=did:plc:ho7b6z3zfuxijfg5unqd7xh4 err=HttpError('InvalidRequest: Could not find repo: did:plc:ho7b6z3zfuxijfg5unqd7xh4')
2026-03-15T05:24:36Z WARNING bsky_collector_v2.job.index_feed_generators: listRecords failed repo=did:plc:peqjtktiwrkwjh6wctkwdoih err=HttpError('InvalidRequest: Could not find repo: did:plc:peqjtktiwrkwjh6wctkwdoih')
2026-03-15T05:24:36Z WARNING bsky_collector_v2.job.index_feed_generators: listRecords failed repo=did:plc:ho7b6z3zfuxijfg5unqd7xh4 err=HttpError('InvalidRequest: Could not find repo: did:plc:ho7b6z3zfuxijfg5unqd7xh4')
2026-03-15T05:24:36Z WARNING bsky_collector_v2.job.index_feed_generators: listRecords failed repo=did:plc:peqjtktiwrkwjh6wctkwdoih err=HttpError('InvalidRequest: Could not find repo: did:plc:peqjtktiwrkwjh6wctkwdoih')
2026-03-15T05:24:36Z INFO bsky_collector_v2.job.index_feed_generators: enqueued repos page=28 mode=listRepos inserted=500 repos_returned=500 next_cursor=set
2026-03-15T05:25:01Z WARNING bsky_collector_v2.job.index_feed_generators: listRecords failed repo=did:plc:f5n263ls5ku4qkcm3dgttivq err=HttpError('InvalidRequest: Could not find repo: did:plc:f5n263ls5ku4qkcm3dgttivq')
2026-03-15T05:25:17Z WARNING bsky_collector_v2.job.index_feed_generators: listRecords failed repo=did:plc:mjrv6627xr6d7fpuyaaipvff err=HttpError('InvalidRequest: Could not find repo: did:plc:mjrv6627xr6d7fpuyaaipvff')
2026-03-15T05:25:53Z WARNING bsky_collector_v2.job.index_feed_generators: listRecords failed repo=did:plc:f5n263ls5ku4qkcm3dgttivq err=HttpError('InvalidRequest: Could not find repo: did:plc:f5n263ls5ku4qkcm3dgttivq')
2026-03-15T05:25:53Z WARNING bsky_collector_v2.job.index_feed_generators: listRecords failed repo=did:plc:mjrv6627xr6d7fpuyaaipvff err=HttpError('InvalidRequest: Could not find repo: did:plc:mjrv6627xr6d7fpuyaaipvff')
2026-03-15T05:25:53Z WARNING bsky_collector_v2.job.index_feed_generators: listRecords failed repo=did:plc:f5n263ls5ku4qkcm3dgttivq err=HttpError('InvalidRequest: Could not find repo: did:plc:f5n263ls5ku4qkcm3dgttivq')
2026-03-15T05:25:53Z WARNING bsky_collector_v2.job.index_feed_generators: listRecords failed repo=did:plc:mjrv6627xr6d7fpuyaaipvff err=HttpError('InvalidRequest: Could not find repo: did:plc:mjrv6627xr6d7fpuyaaipvff')
2026-03-15T05:25:54Z INFO bsky_collector_v2.job.index_feed_generators: enqueued repos page=29 mode=listRepos inserted=500 repos_returned=500 next_cursor=set
2026-03-15T05:26:12Z INFO bsky_collector_v2.job.index_feed_generators: indexed repo=did:plc:bjf3cns7qu42zvyqmpqjbt2c part=82 records=1 next_cursor=set
2026-03-15T05:26:15Z WARNING bsky_collector_v2.job.index_feed_generators: listRecords failed repo=did:plc:clwtr7qfyrgrzlatxjg3awi6 err=HttpError('InvalidRequest: Could not find repo: did:plc:clwtr7qfyrgrzlatxjg3awi6')
2026-03-15T05:26:20Z WARNING bsky_collector_v2.job.index_feed_generators: listRecords failed repo=did:plc:fp4z52ghtlmklyk25ucdc2yz err=HttpError('InvalidRequest: Could not find repo: did:plc:fp4z52ghtlmklyk25ucdc2yz')
2026-03-15T05:26:23Z WARNING bsky_collector_v2.job.index_feed_generators: listRecords failed repo=did:plc:gs3sbntv3m762otsex7uw2i2 err=HttpError('InvalidRequest: Could not find repo: did:plc:gs3sbntv3m762otsex7uw2i2')
2026-03-15T05:26:28Z WARNING bsky_collector_v2.job.index_feed_generators: listRecords failed repo=did:plc:j6tni6ubtpufdlkablcpch5t err=HttpError('InvalidRequest: Could not find repo: did:plc:j6tni6ubtpufdlkablcpch5t')
2026-03-15T05:27:17Z WARNING bsky_collector_v2.job.index_feed_generators: listRecords failed repo=did:plc:xr37hfg3xz5amjzwnnrp3tr4 err=HttpError('InvalidRequest: Could not find repo: did:plc:xr37hfg3xz5amjzwnnrp3tr4')
2026-03-15T05:27:25Z WARNING bsky_collector_v2.job.index_feed_generators: listRecords failed repo=did:plc:clwtr7qfyrgrzlatxjg3awi6 err=HttpError('InvalidRequest: Could not find repo: did:plc:clwtr7qfyrgrzlatxjg3awi6')
2026-03-15T05:27:25Z WARNING bsky_collector_v2.job.index_feed_generators: listRecords failed repo=did:plc:fp4z52ghtlmklyk25ucdc2yz err=HttpError('InvalidRequest: Could not find repo: did:plc:fp4z52ghtlmklyk25ucdc2yz')
2026-03-15T05:27:25Z WARNING bsky_collector_v2.job.index_feed_generators: listRecords failed repo=did:plc:gs3sbntv3m762otsex7uw2i2 err=HttpError('InvalidRequest: Could not find repo: did:plc:gs3sbntv3m762otsex7uw2i2')
2026-03-15T05:27:25Z WARNING bsky_collector_v2.job.index_feed_generators: listRecords failed repo=did:plc:j6tni6ubtpufdlkablcpch5t err=HttpError('InvalidRequest: Could not find repo: did:plc:j6tni6ubtpufdlkablcpch5t')
2026-03-15T05:27:25Z WARNING bsky_collector_v2.job.index_feed_generators: listRecords failed repo=did:plc:xr37hfg3xz5amjzwnnrp3tr4 err=HttpError('InvalidRequest: Could not find repo: did:plc:xr37hfg3xz5amjzwnnrp3tr4')
2026-03-15T05:27:25Z WARNING bsky_collector_v2.job.index_feed_generators: listRecords failed repo=did:plc:clwtr7qfyrgrzlatxjg3awi6 err=HttpError('InvalidRequest: Could not find repo: did:plc:clwtr7qfyrgrzlatxjg3awi6')
2026-03-15T05:27:25Z WARNING bsky_collector_v2.job.index_feed_generators: listRecords failed repo=did:plc:fp4z52ghtlmklyk25ucdc2yz err=HttpError('InvalidRequest: Could not find repo: did:plc:fp4z52ghtlmklyk25ucdc2yz')
2026-03-15T05:27:25Z WARNING bsky_collector_v2.job.index_feed_generators: listRecords failed repo=did:plc:gs3sbntv3m762otsex7uw2i2 err=HttpError('InvalidRequest: Could not find repo: did:plc:gs3sbntv3m762otsex7uw2i2')
2026-03-15T05:27:25Z WARNING bsky_collector_v2.job.index_feed_generators: listRecords failed repo=did:plc:j6tni6ubtpufdlkablcpch5t err=HttpError('InvalidRequest: Could not find repo: did:plc:j6tni6ubtpufdlkablcpch5t')
2026-03-15T05:27:25Z WARNING bsky_collector_v2.job.index_feed_generators: listRecords failed repo=did:plc:xr37hfg3xz5amjzwnnrp3tr4 err=HttpError('InvalidRequest: Could not find repo: did:plc:xr37hfg3xz5amjzwnnrp3tr4')
2026-03-15T05:27:26Z INFO bsky_collector_v2.job.index_feed_generators: enqueued repos page=30 mode=listRepos inserted=500 repos_returned=500 next_cursor=set
2026-03-15T05:27:41Z WARNING bsky_collector_v2.job.index_feed_generators: listRecords failed repo=did:plc:b7yvlmx7t2irjybavsm4mrgo err=HttpError('InvalidRequest: Could not find repo: did:plc:b7yvlmx7t2irjybavsm4mrgo')
2026-03-15T05:27:46Z WARNING bsky_collector_v2.job.index_feed_generators: listRecords failed repo=did:plc:djdlt6r2pnijnytsbuf4zzcs err=HttpError('InvalidRequest: Could not find repo: did:plc:djdlt6r2pnijnytsbuf4zzcs')
2026-03-15T05:28:56Z WARNING bsky_collector_v2.job.index_feed_generators: listRecords failed repo=did:plc:b7yvlmx7t2irjybavsm4mrgo err=HttpError('InvalidRequest: Could not find repo: did:plc:b7yvlmx7t2irjybavsm4mrgo')
2026-03-15T05:28:56Z WARNING bsky_collector_v2.job.index_feed_generators: listRecords failed repo=did:plc:djdlt6r2pnijnytsbuf4zzcs err=HttpError('InvalidRequest: Could not find repo: did:plc:djdlt6r2pnijnytsbuf4zzcs')
2026-03-15T05:28:56Z WARNING bsky_collector_v2.job.index_feed_generators: listRecords failed repo=did:plc:b7yvlmx7t2irjybavsm4mrgo err=HttpError('InvalidRequest: Could not find repo: did:plc:b7yvlmx7t2irjybavsm4mrgo')
2026-03-15T05:28:56Z WARNING bsky_collector_v2.job.index_feed_generators: listRecords failed repo=did:plc:djdlt6r2pnijnytsbuf4zzcs err=HttpError('InvalidRequest: Could not find repo: did:plc:djdlt6r2pnijnytsbuf4zzcs')
2026-03-15T05:28:57Z INFO bsky_collector_v2.job.index_feed_generators: enqueued repos page=31 mode=listRepos inserted=500 repos_returned=500 next_cursor=set
2026-03-15T05:29:13Z WARNING bsky_collector_v2.job.index_feed_generators: listRecords failed repo=did:plc:awyz2o7oxd3oqzx7izd7fb7k err=HttpError('InvalidRequest: Could not find repo: did:plc:awyz2o7oxd3oqzx7izd7fb7k')
2026-03-15T05:30:13Z WARNING bsky_collector_v2.job.index_feed_generators: listRecords failed repo=did:plc:u6wxeuwqh4nglv3u6dqb3kbm err=HttpError('InvalidRequest: Could not find repo: did:plc:u6wxeuwqh4nglv3u6dqb3kbm')
2026-03-15T05:30:23Z WARNING bsky_collector_v2.job.index_feed_generators: listRecords failed repo=did:plc:yaxweaujgve7ajvhxf2rnwoh err=HttpError('InvalidRequest: Could not find repo: did:plc:yaxweaujgve7ajvhxf2rnwoh')
2026-03-15T05:30:30Z WARNING bsky_collector_v2.job.index_feed_generators: listRecords failed repo=did:plc:awyz2o7oxd3oqzx7izd7fb7k err=HttpError('InvalidRequest: Could not find repo: did:plc:awyz2o7oxd3oqzx7izd7fb7k')
2026-03-15T05:30:30Z WARNING bsky_collector_v2.job.index_feed_generators: listRecords failed repo=did:plc:u6wxeuwqh4nglv3u6dqb3kbm err=HttpError('InvalidRequest: Could not find repo: did:plc:u6wxeuwqh4nglv3u6dqb3kbm')
2026-03-15T05:30:31Z WARNING bsky_collector_v2.job.index_feed_generators: listRecords failed repo=did:plc:yaxweaujgve7ajvhxf2rnwoh err=HttpError('InvalidRequest: Could not find repo: did:plc:yaxweaujgve7ajvhxf2rnwoh')
2026-03-15T05:30:31Z WARNING bsky_collector_v2.job.index_feed_generators: listRecords failed repo=did:plc:awyz2o7oxd3oqzx7izd7fb7k err=HttpError('InvalidRequest: Could not find repo: did:plc:awyz2o7oxd3oqzx7izd7fb7k')
2026-03-15T05:30:31Z WARNING bsky_collector_v2.job.index_feed_generators: listRecords failed repo=did:plc:u6wxeuwqh4nglv3u6dqb3kbm err=HttpError('InvalidRequest: Could not find repo: did:plc:u6wxeuwqh4nglv3u6dqb3kbm')
2026-03-15T05:30:31Z WARNING bsky_collector_v2.job.index_feed_generators: listRecords failed repo=did:plc:yaxweaujgve7ajvhxf2rnwoh err=HttpError('InvalidRequest: Could not find repo: did:plc:yaxweaujgve7ajvhxf2rnwoh')
2026-03-15T05:30:32Z INFO bsky_collector_v2.job.index_feed_generators: enqueued repos page=32 mode=listRepos inserted=500 repos_returned=500 next_cursor=set
2026-03-15T05:31:31Z WARNING bsky_collector_v2.job.index_feed_generators: listRecords failed repo=did:plc:podwc7y2l7gax5lrwmnohszg err=HttpError('InvalidRequest: Could not find repo: did:plc:podwc7y2l7gax5lrwmnohszg')
2026-03-15T05:31:46Z WARNING bsky_collector_v2.job.index_feed_generators: listRecords failed repo=did:plc:wcg7cmeiagsgu2kgcxiniic5 err=HttpError('InvalidRequest: Could not find repo: did:plc:wcg7cmeiagsgu2kgcxiniic5')
2026-03-15T05:31:56Z WARNING bsky_collector_v2.job.index_feed_generators: listRecords failed repo=did:plc:podwc7y2l7gax5lrwmnohszg err=HttpError('InvalidRequest: Could not find repo: did:plc:podwc7y2l7gax5lrwmnohszg')
2026-03-15T05:31:56Z WARNING bsky_collector_v2.job.index_feed_generators: listRecords failed repo=did:plc:wcg7cmeiagsgu2kgcxiniic5 err=HttpError('InvalidRequest: Could not find repo: did:plc:wcg7cmeiagsgu2kgcxiniic5')
2026-03-15T05:31:56Z WARNING bsky_collector_v2.job.index_feed_generators: listRecords failed repo=did:plc:podwc7y2l7gax5lrwmnohszg err=HttpError('InvalidRequest: Could not find repo: did:plc:podwc7y2l7gax5lrwmnohszg')
2026-03-15T05:31:56Z WARNING bsky_collector_v2.job.index_feed_generators: listRecords failed repo=did:plc:wcg7cmeiagsgu2kgcxiniic5 err=HttpError('InvalidRequest: Could not find repo: did:plc:wcg7cmeiagsgu2kgcxiniic5')
2026-03-15T05:31:57Z INFO bsky_collector_v2.job.index_feed_generators: enqueued repos page=33 mode=listRepos inserted=500 repos_returned=500 next_cursor=set
2026-03-15T05:32:19Z INFO bsky_collector_v2.job.index_feed_generators: indexed repo=did:plc:cucd7jc6qgytksxganak4on2 part=83 records=1 next_cursor=set
2026-03-15T05:33:04Z WARNING bsky_collector_v2.job.index_feed_generators: listRecords failed repo=did:plc:wh7g2havz4q5mcnpfmouxtte err=HttpError('InvalidRequest: Could not find repo: did:plc:wh7g2havz4q5mcnpfmouxtte')
2026-03-15T05:33:12Z WARNING bsky_collector_v2.job.index_feed_generators: listRecords failed repo=did:plc:wh7g2havz4q5mcnpfmouxtte err=HttpError('InvalidRequest: Could not find repo: did:plc:wh7g2havz4q5mcnpfmouxtte')
2026-03-15T05:33:12Z WARNING bsky_collector_v2.job.index_feed_generators: listRecords failed repo=did:plc:wh7g2havz4q5mcnpfmouxtte err=HttpError('InvalidRequest: Could not find repo: did:plc:wh7g2havz4q5mcnpfmouxtte')
2026-03-15T05:33:13Z INFO bsky_collector_v2.job.index_feed_generators: enqueued repos page=34 mode=listRepos inserted=500 repos_returned=500 next_cursor=set
2026-03-15T05:33:13Z WARNING bsky_collector_v2.job.index_feed_generators: listRecords failed repo=did:plc:2ap4inndphoguwxvrrzmym2x err=HttpError('InvalidRequest: Could not find repo: did:plc:2ap4inndphoguwxvrrzmym2x')
2026-03-15T05:34:10Z INFO bsky_collector_v2.job.index_feed_generators: indexed repo=did:plc:spkc3cgkghwdsvipj3hq3pvu part=84 records=1 next_cursor=set
2026-03-15T05:34:36Z WARNING bsky_collector_v2.job.index_feed_generators: listRecords failed repo=did:plc:2ap4inndphoguwxvrrzmym2x err=HttpError('InvalidRequest: Could not find repo: did:plc:2ap4inndphoguwxvrrzmym2x')
2026-03-15T05:34:36Z WARNING bsky_collector_v2.job.index_feed_generators: listRecords failed repo=did:plc:2ap4inndphoguwxvrrzmym2x err=HttpError('InvalidRequest: Could not find repo: did:plc:2ap4inndphoguwxvrrzmym2x')
2026-03-15T05:34:37Z INFO bsky_collector_v2.job.index_feed_generators: enqueued repos page=35 mode=listRepos inserted=500 repos_returned=500 next_cursor=set
2026-03-15T05:34:59Z INFO bsky_collector_v2.job.index_feed_generators: indexed repo=did:plc:c3e2bcepe772lb2tjslfksfg part=85 records=1 next_cursor=set
2026-03-15T05:35:16Z WARNING bsky_collector_v2.job.index_feed_generators: listRecords failed repo=did:plc:fub7ysbax43dsmah45pwn4qn err=HttpError('InvalidRequest: Could not find repo: did:plc:fub7ysbax43dsmah45pwn4qn')
2026-03-15T05:35:56Z WARNING bsky_collector_v2.job.index_feed_generators: listRecords failed repo=did:plc:ve6lpc4m5tubrxwhkdw473ut err=HttpError('InvalidRequest: Could not find repo: did:plc:ve6lpc4m5tubrxwhkdw473ut')
2026-03-15T05:36:10Z WARNING bsky_collector_v2.job.index_feed_generators: listRecords failed repo=did:plc:fub7ysbax43dsmah45pwn4qn err=HttpError('InvalidRequest: Could not find repo: did:plc:fub7ysbax43dsmah45pwn4qn')
2026-03-15T05:36:10Z WARNING bsky_collector_v2.job.index_feed_generators: listRecords failed repo=did:plc:ve6lpc4m5tubrxwhkdw473ut err=HttpError('InvalidRequest: Could not find repo: did:plc:ve6lpc4m5tubrxwhkdw473ut')
2026-03-15T05:36:10Z WARNING bsky_collector_v2.job.index_feed_generators: listRecords failed repo=did:plc:fub7ysbax43dsmah45pwn4qn err=HttpError('InvalidRequest: Could not find repo: did:plc:fub7ysbax43dsmah45pwn4qn')
2026-03-15T05:36:10Z WARNING bsky_collector_v2.job.index_feed_generators: listRecords failed repo=did:plc:ve6lpc4m5tubrxwhkdw473ut err=HttpError('InvalidRequest: Could not find repo: did:plc:ve6lpc4m5tubrxwhkdw473ut')
2026-03-15T05:36:11Z INFO bsky_collector_v2.job.index_feed_generators: enqueued repos page=36 mode=listRepos inserted=500 repos_returned=500 next_cursor=set
2026-03-15T05:36:39Z WARNING bsky_collector_v2.job.index_feed_generators: listRecords failed repo=did:plc:b7moyr56pqvoubk4gtmolyyc err=HttpError('InvalidRequest: Could not find repo: did:plc:b7moyr56pqvoubk4gtmolyyc')
2026-03-15T05:37:33Z WARNING bsky_collector_v2.job.index_feed_generators: listRecords failed repo=did:plc:wfels73rzof6ysgrnbjcwwll err=HttpError('InvalidRequest: Could not find repo: did:plc:wfels73rzof6ysgrnbjcwwll')
2026-03-15T05:37:43Z WARNING bsky_collector_v2.job.index_feed_generators: listRecords failed repo=did:plc:b7moyr56pqvoubk4gtmolyyc err=HttpError('InvalidRequest: Could not find repo: did:plc:b7moyr56pqvoubk4gtmolyyc')
2026-03-15T05:37:43Z WARNING bsky_collector_v2.job.index_feed_generators: listRecords failed repo=did:plc:wfels73rzof6ysgrnbjcwwll err=HttpError('InvalidRequest: Could not find repo: did:plc:wfels73rzof6ysgrnbjcwwll')
2026-03-15T05:37:43Z WARNING bsky_collector_v2.job.index_feed_generators: listRecords failed repo=did:plc:b7moyr56pqvoubk4gtmolyyc err=HttpError('InvalidRequest: Could not find repo: did:plc:b7moyr56pqvoubk4gtmolyyc')
2026-03-15T05:37:43Z WARNING bsky_collector_v2.job.index_feed_generators: listRecords failed repo=did:plc:wfels73rzof6ysgrnbjcwwll err=HttpError('InvalidRequest: Could not find repo: did:plc:wfels73rzof6ysgrnbjcwwll')
2026-03-15T05:37:43Z INFO bsky_collector_v2.job.index_feed_generators: enqueued repos page=37 mode=listRepos inserted=500 repos_returned=500 next_cursor=set
2026-03-15T05:37:54Z WARNING bsky_collector_v2.job.index_feed_generators: listRecords failed repo=did:plc:64cmtjtho56nbxpzkzfrwpgl err=HttpError('InvalidRequest: Could not find repo: did:plc:64cmtjtho56nbxpzkzfrwpgl')
2026-03-15T05:37:55Z INFO bsky_collector_v2.job.index_feed_generators: indexed repo=did:plc:6myjc7fxaciuwlfkpkh3p7qv part=86 records=1 next_cursor=set
2026-03-15T05:39:05Z WARNING bsky_collector_v2.job.index_feed_generators: listRecords failed repo=did:plc:64cmtjtho56nbxpzkzfrwpgl err=HttpError('InvalidRequest: Could not find repo: did:plc:64cmtjtho56nbxpzkzfrwpgl')
2026-03-15T05:39:05Z WARNING bsky_collector_v2.job.index_feed_generators: listRecords failed repo=did:plc:64cmtjtho56nbxpzkzfrwpgl err=HttpError('InvalidRequest: Could not find repo: did:plc:64cmtjtho56nbxpzkzfrwpgl')
2026-03-15T05:39:05Z INFO bsky_collector_v2.job.index_feed_generators: enqueued repos page=38 mode=listRepos inserted=500 repos_returned=500 next_cursor=set
