2026-03-09T13:40:58Z INFO bsky_collector_v2: out_base ok path=D:\BlueSky\data_v2_full mount=D:\
2026-03-09T13:40:58Z INFO bsky_collector_v2: job start subcommand=index-feed-generators dry_run=False resume=True
2026-03-09T13:40:58Z INFO bsky_collector_v2.job.index_feed_generators: feed generator index hosts relay_host=https://bsky.network records_host=https://bsky.social auth=yes
2026-03-09T13:41:27Z WARNING bsky_collector_v2.job.index_feed_generators: listRecords failed repo=did:plc:qdueerwctytuox5ayb3cfnuy err=HttpError('InvalidRequest: Could not find repo: did:plc:qdueerwctytuox5ayb3cfnuy')
2026-03-09T13:41:33Z WARNING bsky_collector_v2.job.index_feed_generators: listRecords failed repo=did:plc:sfijncu33e2q2hy6rxb2d5e5 err=HttpError('InvalidRequest: Could not find repo: did:plc:sfijncu33e2q2hy6rxb2d5e5')
2026-03-09T13:41:54Z WARNING bsky_collector_v2.job.index_feed_generators: listRecords failed repo=did:plc:qdueerwctytuox5ayb3cfnuy err=HttpError('InvalidRequest: Could not find repo: did:plc:qdueerwctytuox5ayb3cfnuy')
2026-03-09T13:41:55Z WARNING bsky_collector_v2.job.index_feed_generators: listRecords failed repo=did:plc:sfijncu33e2q2hy6rxb2d5e5 err=HttpError('InvalidRequest: Could not find repo: did:plc:sfijncu33e2q2hy6rxb2d5e5')
2026-03-09T13:41:55Z WARNING bsky_collector_v2.job.index_feed_generators: listRecords failed repo=did:plc:qdueerwctytuox5ayb3cfnuy err=HttpError('InvalidRequest: Could not find repo: did:plc:qdueerwctytuox5ayb3cfnuy')
2026-03-09T13:41:55Z WARNING bsky_collector_v2.job.index_feed_generators: listRecords failed repo=did:plc:sfijncu33e2q2hy6rxb2d5e5 err=HttpError('InvalidRequest: Could not find repo: did:plc:sfijncu33e2q2hy6rxb2d5e5')
2026-03-09T13:41:55Z INFO bsky_collector_v2.job.index_feed_generators: enqueued repos page=1 mode=listRepos inserted=500 repos_returned=500 next_cursor=set
2026-03-09T13:43:13Z WARNING bsky_collector_v2.job.index_feed_generators: listRecords failed repo=did:plc:qid27eyp6goax57plguyfczv err=HttpError('InvalidRequest: Could not find repo: did:plc:qid27eyp6goax57plguyfczv')
2026-03-09T13:43:30Z INFO bsky_collector_v2.job.index_feed_generators: indexed repo=did:plc:usiob5lh23swp3z5z6le3bh6 part=265 records=7 next_cursor=set
2026-03-09T13:43:42Z WARNING bsky_collector_v2.job.index_feed_generators: listRecords failed repo=did:plc:z2ht6hxggqaurhfu4hei4njf err=HttpError('InvalidRequest: Could not find repo: did:plc:z2ht6hxggqaurhfu4hei4njf')
2026-03-09T13:43:46Z WARNING bsky_collector_v2.job.index_feed_generators: listRecords failed repo=did:plc:qid27eyp6goax57plguyfczv err=HttpError('InvalidRequest: Could not find repo: did:plc:qid27eyp6goax57plguyfczv')
2026-03-09T13:43:46Z WARNING bsky_collector_v2.job.index_feed_generators: listRecords failed repo=did:plc:z2ht6hxggqaurhfu4hei4njf err=HttpError('InvalidRequest: Could not find repo: did:plc:z2ht6hxggqaurhfu4hei4njf')
2026-03-09T13:43:46Z WARNING bsky_collector_v2.job.index_feed_generators: listRecords failed repo=did:plc:qid27eyp6goax57plguyfczv err=HttpError('InvalidRequest: Could not find repo: did:plc:qid27eyp6goax57plguyfczv')
2026-03-09T13:43:46Z WARNING bsky_collector_v2.job.index_feed_generators: listRecords failed repo=did:plc:z2ht6hxggqaurhfu4hei4njf err=HttpError('InvalidRequest: Could not find repo: did:plc:z2ht6hxggqaurhfu4hei4njf')
2026-03-09T13:43:47Z INFO bsky_collector_v2.job.index_feed_generators: enqueued repos page=2 mode=listRepos inserted=500 repos_returned=500 next_cursor=set
2026-03-09T13:45:37Z INFO bsky_collector_v2.job.index_feed_generators: enqueued repos page=3 mode=listRepos inserted=500 repos_returned=500 next_cursor=set
2026-03-09T13:46:14Z WARNING bsky_collector_v2.job.index_feed_generators: listRecords failed repo=did:plc:hdyui3vmkecqy2gdcaqxoq4h err=HttpError('InvalidRequest: Could not find repo: did:plc:hdyui3vmkecqy2gdcaqxoq4h')
2026-03-09T13:46:31Z WARNING bsky_collector_v2.job.index_feed_generators: listRecords failed repo=did:plc:n3qjefgtx5dmvac6ymwsldac err=HttpError('InvalidRequest: Could not find repo: did:plc:n3qjefgtx5dmvac6ymwsldac')
2026-03-09T13:47:06Z WARNING bsky_collector_v2.job.index_feed_generators: listRecords failed repo=did:plc:hdyui3vmkecqy2gdcaqxoq4h err=HttpError('InvalidRequest: Could not find repo: did:plc:hdyui3vmkecqy2gdcaqxoq4h')
2026-03-09T13:47:06Z WARNING bsky_collector_v2.job.index_feed_generators: listRecords failed repo=did:plc:n3qjefgtx5dmvac6ymwsldac err=HttpError('InvalidRequest: Could not find repo: did:plc:n3qjefgtx5dmvac6ymwsldac')
2026-03-09T13:47:07Z WARNING bsky_collector_v2.job.index_feed_generators: listRecords failed repo=did:plc:hdyui3vmkecqy2gdcaqxoq4h err=HttpError('InvalidRequest: Could not find repo: did:plc:hdyui3vmkecqy2gdcaqxoq4h')
2026-03-09T13:47:07Z WARNING bsky_collector_v2.job.index_feed_generators: listRecords failed repo=did:plc:n3qjefgtx5dmvac6ymwsldac err=HttpError('InvalidRequest: Could not find repo: did:plc:n3qjefgtx5dmvac6ymwsldac')
2026-03-09T13:47:07Z INFO bsky_collector_v2.job.index_feed_generators: enqueued repos page=4 mode=listRepos inserted=500 repos_returned=500 next_cursor=set
2026-03-09T13:47:12Z WARNING bsky_collector_v2.job.index_feed_generators: listRecords failed repo=did:plc:4jaobrofggcm2wun5uiaogqf err=HttpError('InvalidRequest: Could not find repo: did:plc:4jaobrofggcm2wun5uiaogqf')
2026-03-09T13:48:39Z WARNING bsky_collector_v2.job.index_feed_generators: listRecords failed repo=did:plc:4jaobrofggcm2wun5uiaogqf err=HttpError('InvalidRequest: Could not find repo: did:plc:4jaobrofggcm2wun5uiaogqf')
2026-03-09T13:48:39Z WARNING bsky_collector_v2.job.index_feed_generators: listRecords failed repo=did:plc:4jaobrofggcm2wun5uiaogqf err=HttpError('InvalidRequest: Could not find repo: did:plc:4jaobrofggcm2wun5uiaogqf')
2026-03-09T13:48:39Z INFO bsky_collector_v2.job.index_feed_generators: enqueued repos page=5 mode=listRepos inserted=500 repos_returned=500 next_cursor=set
2026-03-09T13:49:10Z INFO bsky_collector_v2.job.index_feed_generators: indexed repo=did:plc:ecom3w6ighvmfe4zoxvrut33 part=266 records=1 next_cursor=set
2026-03-09T13:50:13Z INFO bsky_collector_v2.job.index_feed_generators: enqueued repos page=6 mode=listRepos inserted=500 repos_returned=500 next_cursor=set
2026-03-09T13:50:13Z INFO bsky_collector_v2.job.index_feed_generators: indexed repo=did:plc:23wgkcjo5qupyj4kbc2dsty2 part=267 records=6 next_cursor=set
2026-03-09T13:51:34Z WARNING bsky_collector_v2.job.index_feed_generators: listRecords failed repo=did:plc:tchsfpysdutsgt2pdjj2r275 err=HttpError('InvalidRequest: Could not find repo: did:plc:tchsfpysdutsgt2pdjj2r275')
2026-03-09T13:51:52Z WARNING bsky_collector_v2.job.index_feed_generators: listRecords failed repo=did:plc:tchsfpysdutsgt2pdjj2r275 err=HttpError('InvalidRequest: Could not find repo: did:plc:tchsfpysdutsgt2pdjj2r275')
2026-03-09T13:51:52Z WARNING bsky_collector_v2.job.index_feed_generators: listRecords failed repo=did:plc:tchsfpysdutsgt2pdjj2r275 err=HttpError('InvalidRequest: Could not find repo: did:plc:tchsfpysdutsgt2pdjj2r275')
2026-03-09T13:51:53Z INFO bsky_collector_v2.job.index_feed_generators: enqueued repos page=7 mode=listRepos inserted=500 repos_returned=500 next_cursor=set
2026-03-09T13:52:17Z WARNING bsky_collector_v2.job.index_feed_generators: listRecords failed repo=did:plc:bye4kav7r3l6wnlky2uurtm6 err=HttpError('InvalidRequest: Could not find repo: did:plc:bye4kav7r3l6wnlky2uurtm6')
2026-03-09T13:53:25Z WARNING bsky_collector_v2.job.index_feed_generators: listRecords failed repo=did:plc:bye4kav7r3l6wnlky2uurtm6 err=HttpError('InvalidRequest: Could not find repo: did:plc:bye4kav7r3l6wnlky2uurtm6')
2026-03-09T13:53:25Z WARNING bsky_collector_v2.job.index_feed_generators: listRecords failed repo=did:plc:bye4kav7r3l6wnlky2uurtm6 err=HttpError('InvalidRequest: Could not find repo: did:plc:bye4kav7r3l6wnlky2uurtm6')
2026-03-09T13:53:25Z INFO bsky_collector_v2.job.index_feed_generators: enqueued repos page=8 mode=listRepos inserted=500 repos_returned=500 next_cursor=set
2026-03-09T13:54:31Z WARNING bsky_collector_v2.job.index_feed_generators: listRecords failed repo=did:plc:t5gycvifuvnr7u2al5dduqgy err=HttpError('InvalidRequest: Could not find repo: did:plc:t5gycvifuvnr7u2al5dduqgy')
2026-03-09T13:54:41Z WARNING bsky_collector_v2.job.index_feed_generators: listRecords failed repo=did:plc:wexcfnndzty7kayl5qshvdos err=HttpError('InvalidRequest: Could not find repo: did:plc:wexcfnndzty7kayl5qshvdos')
2026-03-09T13:54:54Z WARNING bsky_collector_v2.job.index_feed_generators: listRecords failed repo=did:plc:t5gycvifuvnr7u2al5dduqgy err=HttpError('InvalidRequest: Could not find repo: did:plc:t5gycvifuvnr7u2al5dduqgy')
2026-03-09T13:54:54Z WARNING bsky_collector_v2.job.index_feed_generators: listRecords failed repo=did:plc:wexcfnndzty7kayl5qshvdos err=HttpError('InvalidRequest: Could not find repo: did:plc:wexcfnndzty7kayl5qshvdos')
2026-03-09T13:54:55Z WARNING bsky_collector_v2.job.index_feed_generators: listRecords failed repo=did:plc:t5gycvifuvnr7u2al5dduqgy err=HttpError('InvalidRequest: Could not find repo: did:plc:t5gycvifuvnr7u2al5dduqgy')
2026-03-09T13:54:55Z WARNING bsky_collector_v2.job.index_feed_generators: listRecords failed repo=did:plc:wexcfnndzty7kayl5qshvdos err=HttpError('InvalidRequest: Could not find repo: did:plc:wexcfnndzty7kayl5qshvdos')
2026-03-09T13:54:55Z INFO bsky_collector_v2.job.index_feed_generators: enqueued repos page=9 mode=listRepos inserted=500 repos_returned=500 next_cursor=set
2026-03-09T13:54:59Z WARNING bsky_collector_v2.job.index_feed_generators: listRecords failed repo=did:plc:3d6cax22won2yncca2kt64yu err=HttpError('InvalidRequest: Could not find repo: did:plc:3d6cax22won2yncca2kt64yu')
2026-03-09T13:56:18Z WARNING bsky_collector_v2.job.index_feed_generators: listRecords failed repo=did:plc:tvzelaxfnnhwvgroqcki3tbo err=HttpError('InvalidRequest: Could not find repo: did:plc:tvzelaxfnnhwvgroqcki3tbo')
2026-03-09T13:56:39Z WARNING bsky_collector_v2.job.index_feed_generators: listRecords failed repo=did:plc:3d6cax22won2yncca2kt64yu err=HttpError('InvalidRequest: Could not find repo: did:plc:3d6cax22won2yncca2kt64yu')
2026-03-09T13:56:39Z WARNING bsky_collector_v2.job.index_feed_generators: listRecords failed repo=did:plc:tvzelaxfnnhwvgroqcki3tbo err=HttpError('InvalidRequest: Could not find repo: did:plc:tvzelaxfnnhwvgroqcki3tbo')
2026-03-09T13:56:39Z WARNING bsky_collector_v2.job.index_feed_generators: listRecords failed repo=did:plc:3d6cax22won2yncca2kt64yu err=HttpError('InvalidRequest: Could not find repo: did:plc:3d6cax22won2yncca2kt64yu')
2026-03-09T13:56:39Z WARNING bsky_collector_v2.job.index_feed_generators: listRecords failed repo=did:plc:tvzelaxfnnhwvgroqcki3tbo err=HttpError('InvalidRequest: Could not find repo: did:plc:tvzelaxfnnhwvgroqcki3tbo')
2026-03-09T13:56:39Z INFO bsky_collector_v2.job.index_feed_generators: enqueued repos page=10 mode=listRepos inserted=500 repos_returned=500 next_cursor=set
2026-03-09T13:57:32Z WARNING bsky_collector_v2.job.index_feed_generators: listRecords failed repo=did:plc:l6f3gurzsbdnrtjbd2xzkmbx err=HttpError('InvalidRequest: Could not find repo: did:plc:l6f3gurzsbdnrtjbd2xzkmbx')
2026-03-09T13:58:04Z WARNING bsky_collector_v2.job.index_feed_generators: listRecords failed repo=did:plc:u2jnwpsyef2xli5oxletysff err=HttpError('InvalidRequest: Could not find repo: did:plc:u2jnwpsyef2xli5oxletysff')
2026-03-09T13:58:25Z WARNING bsky_collector_v2.job.index_feed_generators: listRecords failed repo=did:plc:l6f3gurzsbdnrtjbd2xzkmbx err=HttpError('InvalidRequest: Could not find repo: did:plc:l6f3gurzsbdnrtjbd2xzkmbx')
2026-03-09T13:58:25Z WARNING bsky_collector_v2.job.index_feed_generators: listRecords failed repo=did:plc:u2jnwpsyef2xli5oxletysff err=HttpError('InvalidRequest: Could not find repo: did:plc:u2jnwpsyef2xli5oxletysff')
2026-03-09T13:58:25Z WARNING bsky_collector_v2.job.index_feed_generators: listRecords failed repo=did:plc:l6f3gurzsbdnrtjbd2xzkmbx err=HttpError('InvalidRequest: Could not find repo: did:plc:l6f3gurzsbdnrtjbd2xzkmbx')
2026-03-09T13:58:25Z WARNING bsky_collector_v2.job.index_feed_generators: listRecords failed repo=did:plc:u2jnwpsyef2xli5oxletysff err=HttpError('InvalidRequest: Could not find repo: did:plc:u2jnwpsyef2xli5oxletysff')
2026-03-09T13:58:26Z INFO bsky_collector_v2.job.index_feed_generators: enqueued repos page=11 mode=listRepos inserted=500 repos_returned=500 next_cursor=set
2026-03-09T13:58:34Z WARNING bsky_collector_v2.job.index_feed_generators: listRecords failed repo=did:plc:4qh7h6vh7aruzh4cgbsjdk6w err=HttpError('InvalidRequest: Could not find repo: did:plc:4qh7h6vh7aruzh4cgbsjdk6w')
2026-03-09T14:00:09Z WARNING bsky_collector_v2.job.index_feed_generators: listRecords failed repo=did:plc:zov6fwqphtjpkhefxjwvlcww err=HttpError('InvalidRequest: Could not find repo: did:plc:zov6fwqphtjpkhefxjwvlcww')
2026-03-09T14:00:10Z WARNING bsky_collector_v2.job.index_feed_generators: listRecords failed repo=did:plc:4qh7h6vh7aruzh4cgbsjdk6w err=HttpError('InvalidRequest: Could not find repo: did:plc:4qh7h6vh7aruzh4cgbsjdk6w')
2026-03-09T14:00:10Z WARNING bsky_collector_v2.job.index_feed_generators: listRecords failed repo=did:plc:zov6fwqphtjpkhefxjwvlcww err=HttpError('InvalidRequest: Could not find repo: did:plc:zov6fwqphtjpkhefxjwvlcww')
2026-03-09T14:00:10Z WARNING bsky_collector_v2.job.index_feed_generators: listRecords failed repo=did:plc:4qh7h6vh7aruzh4cgbsjdk6w err=HttpError('InvalidRequest: Could not find repo: did:plc:4qh7h6vh7aruzh4cgbsjdk6w')
2026-03-09T14:00:10Z WARNING bsky_collector_v2.job.index_feed_generators: listRecords failed repo=did:plc:zov6fwqphtjpkhefxjwvlcww err=HttpError('InvalidRequest: Could not find repo: did:plc:zov6fwqphtjpkhefxjwvlcww')
2026-03-09T14:00:11Z INFO bsky_collector_v2.job.index_feed_generators: enqueued repos page=12 mode=listRepos inserted=500 repos_returned=500 next_cursor=set
2026-03-09T14:01:05Z INFO bsky_collector_v2.job.index_feed_generators: indexed repo=did:plc:qjin5hgc6c6nbqc4pn5fuudk part=268 records=1 next_cursor=set
2026-03-09T14:01:37Z INFO bsky_collector_v2.job.index_feed_generators: enqueued repos page=13 mode=listRepos inserted=500 repos_returned=500 next_cursor=set
2026-03-09T14:01:39Z WARNING bsky_collector_v2.job.index_feed_generators: listRecords failed repo=did:plc:2fzkxn4b6w5zdmb252gj2tsy err=HttpError('InvalidRequest: Could not find repo: did:plc:2fzkxn4b6w5zdmb252gj2tsy')
2026-03-09T14:02:00Z WARNING bsky_collector_v2.job.index_feed_generators: listRecords failed repo=did:plc:apo3qxa324jhnja36qa6f4qs err=HttpError('InvalidRequest: Could not find repo: did:plc:apo3qxa324jhnja36qa6f4qs')
2026-03-09T14:02:20Z WARNING bsky_collector_v2.job.index_feed_generators: listRecords failed repo=did:plc:k4vd73n6xeeqqa5s4u6fh6s7 err=HttpError('InvalidRequest: Could not find repo: did:plc:k4vd73n6xeeqqa5s4u6fh6s7')
2026-03-09T14:03:04Z WARNING bsky_collector_v2.job.index_feed_generators: listRecords failed repo=did:plc:2fzkxn4b6w5zdmb252gj2tsy err=HttpError('InvalidRequest: Could not find repo: did:plc:2fzkxn4b6w5zdmb252gj2tsy')
2026-03-09T14:03:04Z WARNING bsky_collector_v2.job.index_feed_generators: listRecords failed repo=did:plc:apo3qxa324jhnja36qa6f4qs err=HttpError('InvalidRequest: Could not find repo: did:plc:apo3qxa324jhnja36qa6f4qs')
2026-03-09T14:03:04Z WARNING bsky_collector_v2.job.index_feed_generators: listRecords failed repo=did:plc:k4vd73n6xeeqqa5s4u6fh6s7 err=HttpError('InvalidRequest: Could not find repo: did:plc:k4vd73n6xeeqqa5s4u6fh6s7')
2026-03-09T14:03:04Z WARNING bsky_collector_v2.job.index_feed_generators: listRecords failed repo=did:plc:2fzkxn4b6w5zdmb252gj2tsy err=HttpError('InvalidRequest: Could not find repo: did:plc:2fzkxn4b6w5zdmb252gj2tsy')
2026-03-09T14:03:04Z WARNING bsky_collector_v2.job.index_feed_generators: listRecords failed repo=did:plc:apo3qxa324jhnja36qa6f4qs err=HttpError('InvalidRequest: Could not find repo: did:plc:apo3qxa324jhnja36qa6f4qs')
2026-03-09T14:03:04Z WARNING bsky_collector_v2.job.index_feed_generators: listRecords failed repo=did:plc:k4vd73n6xeeqqa5s4u6fh6s7 err=HttpError('InvalidRequest: Could not find repo: did:plc:k4vd73n6xeeqqa5s4u6fh6s7')
2026-03-09T14:03:04Z INFO bsky_collector_v2.job.index_feed_generators: enqueued repos page=14 mode=listRepos inserted=500 repos_returned=500 next_cursor=set
2026-03-09T14:03:24Z INFO bsky_collector_v2.job.index_feed_generators: indexed repo=did:plc:bhn2upu3zzekznjeyaxq2hgz part=269 records=2 next_cursor=set
2026-03-09T14:03:26Z INFO bsky_collector_v2.job.index_feed_generators: indexed repo=did:plc:c7oer4tpjyludwwm5qyblodl part=270 records=1 next_cursor=set
2026-03-09T14:04:32Z WARNING bsky_collector_v2.job.index_feed_generators: listRecords failed repo=did:plc:vcd4b4qe2h62xvqfcgo6r6bm err=HttpError('InvalidRequest: Could not find repo: did:plc:vcd4b4qe2h62xvqfcgo6r6bm')
2026-03-09T14:04:47Z WARNING bsky_collector_v2.job.index_feed_generators: listRecords failed repo=did:plc:vcd4b4qe2h62xvqfcgo6r6bm err=HttpError('InvalidRequest: Could not find repo: did:plc:vcd4b4qe2h62xvqfcgo6r6bm')
2026-03-09T14:04:48Z WARNING bsky_collector_v2.job.index_feed_generators: listRecords failed repo=did:plc:vcd4b4qe2h62xvqfcgo6r6bm err=HttpError('InvalidRequest: Could not find repo: did:plc:vcd4b4qe2h62xvqfcgo6r6bm')
2026-03-09T14:04:48Z INFO bsky_collector_v2.job.index_feed_generators: enqueued repos page=15 mode=listRepos inserted=500 repos_returned=500 next_cursor=set
2026-03-09T14:05:07Z WARNING bsky_collector_v2.job.index_feed_generators: listRecords failed repo=did:plc:aizkxihousk4bnc22ecxhydf err=HttpError('InvalidRequest: Could not find repo: did:plc:aizkxihousk4bnc22ecxhydf')
2026-03-09T14:06:39Z WARNING bsky_collector_v2.job.index_feed_generators: listRecords failed repo=did:plc:aizkxihousk4bnc22ecxhydf err=HttpError('InvalidRequest: Could not find repo: did:plc:aizkxihousk4bnc22ecxhydf')
2026-03-09T14:06:39Z WARNING bsky_collector_v2.job.index_feed_generators: listRecords failed repo=did:plc:aizkxihousk4bnc22ecxhydf err=HttpError('InvalidRequest: Could not find repo: did:plc:aizkxihousk4bnc22ecxhydf')
2026-03-09T14:06:39Z INFO bsky_collector_v2.job.index_feed_generators: enqueued repos page=16 mode=listRepos inserted=500 repos_returned=500 next_cursor=set
2026-03-09T14:06:51Z WARNING bsky_collector_v2.job.index_feed_generators: listRecords failed repo=did:plc:6utdfullbjucvnw2yvrvrbtc err=HttpError('InvalidRequest: Could not find repo: did:plc:6utdfullbjucvnw2yvrvrbtc')
2026-03-09T14:07:37Z INFO bsky_collector_v2.job.index_feed_generators: indexed repo=did:plc:ntf5k55h2wkx5rh6v45w2t6z part=271 records=3 next_cursor=set
2026-03-09T14:08:16Z WARNING bsky_collector_v2.job.index_feed_generators: listRecords failed repo=did:plc:6utdfullbjucvnw2yvrvrbtc err=HttpError('InvalidRequest: Could not find repo: did:plc:6utdfullbjucvnw2yvrvrbtc')
2026-03-09T14:08:17Z WARNING bsky_collector_v2.job.index_feed_generators: listRecords failed repo=did:plc:6utdfullbjucvnw2yvrvrbtc err=HttpError('InvalidRequest: Could not find repo: did:plc:6utdfullbjucvnw2yvrvrbtc')
2026-03-09T14:08:17Z INFO bsky_collector_v2.job.index_feed_generators: enqueued repos page=17 mode=listRepos inserted=500 repos_returned=500 next_cursor=set
2026-03-09T14:08:24Z INFO bsky_collector_v2.job.index_feed_generators: indexed repo=did:plc:2yb5fee2zm726vhyvtrsa7d6 part=272 records=1 next_cursor=set
2026-03-09T14:09:15Z WARNING bsky_collector_v2.job.index_feed_generators: listRecords failed repo=did:plc:l5nhfnlnjvpjzf6mgbpuizej err=HttpError('InvalidRequest: Could not find repo: did:plc:l5nhfnlnjvpjzf6mgbpuizej')
2026-03-09T14:09:21Z INFO bsky_collector_v2.job.index_feed_generators: indexed repo=did:plc:n3vj7qhb4bduu7wggucsbneh part=273 records=1 next_cursor=set
2026-03-09T14:10:00Z WARNING bsky_collector_v2.job.index_feed_generators: listRecords failed repo=did:plc:l5nhfnlnjvpjzf6mgbpuizej err=HttpError('InvalidRequest: Could not find repo: did:plc:l5nhfnlnjvpjzf6mgbpuizej')
2026-03-09T14:10:00Z WARNING bsky_collector_v2.job.index_feed_generators: listRecords failed repo=did:plc:l5nhfnlnjvpjzf6mgbpuizej err=HttpError('InvalidRequest: Could not find repo: did:plc:l5nhfnlnjvpjzf6mgbpuizej')
2026-03-09T14:10:00Z INFO bsky_collector_v2.job.index_feed_generators: enqueued repos page=18 mode=listRepos inserted=500 repos_returned=500 next_cursor=set
2026-03-09T14:10:29Z WARNING bsky_collector_v2.job.index_feed_generators: listRecords failed repo=did:plc:ejchabbedd43425oqbrexklu err=HttpError('InvalidRequest: Could not find repo: did:plc:ejchabbedd43425oqbrexklu')
2026-03-09T14:10:30Z WARNING bsky_collector_v2.job.index_feed_generators: listRecords failed repo=did:plc:eskr22bzwroispzzbb724hin err=HttpError('InvalidRequest: Could not find repo: did:plc:eskr22bzwroispzzbb724hin')
2026-03-09T14:11:04Z WARNING bsky_collector_v2.job.index_feed_generators: listRecords failed repo=did:plc:ppotdp5asbgbiikkf3gq24yy err=HttpError('InvalidRequest: Could not find repo: did:plc:ppotdp5asbgbiikkf3gq24yy')
2026-03-09T14:11:10Z WARNING bsky_collector_v2.job.index_feed_generators: listRecords failed repo=did:plc:rnkrksi4p2ynvmbrft4bxriw err=HttpError('InvalidRequest: Could not find repo: did:plc:rnkrksi4p2ynvmbrft4bxriw')
2026-03-09T14:11:42Z WARNING bsky_collector_v2.job.index_feed_generators: listRecords failed repo=did:plc:ejchabbedd43425oqbrexklu err=HttpError('InvalidRequest: Could not find repo: did:plc:ejchabbedd43425oqbrexklu')
2026-03-09T14:11:42Z WARNING bsky_collector_v2.job.index_feed_generators: listRecords failed repo=did:plc:eskr22bzwroispzzbb724hin err=HttpError('InvalidRequest: Could not find repo: did:plc:eskr22bzwroispzzbb724hin')
2026-03-09T14:11:42Z WARNING bsky_collector_v2.job.index_feed_generators: listRecords failed repo=did:plc:ppotdp5asbgbiikkf3gq24yy err=HttpError('InvalidRequest: Could not find repo: did:plc:ppotdp5asbgbiikkf3gq24yy')
2026-03-09T14:11:42Z WARNING bsky_collector_v2.job.index_feed_generators: listRecords failed repo=did:plc:rnkrksi4p2ynvmbrft4bxriw err=HttpError('InvalidRequest: Could not find repo: did:plc:rnkrksi4p2ynvmbrft4bxriw')
2026-03-09T14:11:42Z WARNING bsky_collector_v2.job.index_feed_generators: listRecords failed repo=did:plc:ejchabbedd43425oqbrexklu err=HttpError('InvalidRequest: Could not find repo: did:plc:ejchabbedd43425oqbrexklu')
2026-03-09T14:11:42Z WARNING bsky_collector_v2.job.index_feed_generators: listRecords failed repo=did:plc:eskr22bzwroispzzbb724hin err=HttpError('InvalidRequest: Could not find repo: did:plc:eskr22bzwroispzzbb724hin')
2026-03-09T14:11:42Z WARNING bsky_collector_v2.job.index_feed_generators: listRecords failed repo=did:plc:ppotdp5asbgbiikkf3gq24yy err=HttpError('InvalidRequest: Could not find repo: did:plc:ppotdp5asbgbiikkf3gq24yy')
2026-03-09T14:11:42Z WARNING bsky_collector_v2.job.index_feed_generators: listRecords failed repo=did:plc:rnkrksi4p2ynvmbrft4bxriw err=HttpError('InvalidRequest: Could not find repo: did:plc:rnkrksi4p2ynvmbrft4bxriw')
2026-03-09T14:11:43Z INFO bsky_collector_v2.job.index_feed_generators: enqueued repos page=19 mode=listRepos inserted=500 repos_returned=500 next_cursor=set
2026-03-09T14:13:20Z INFO bsky_collector_v2.job.index_feed_generators: enqueued repos page=20 mode=listRepos inserted=500 repos_returned=500 next_cursor=set
2026-03-09T14:14:27Z WARNING bsky_collector_v2.job.index_feed_generators: listRecords failed repo=did:plc:n5qzm5epqshw5c3t4lhmebf7 err=HttpError('InvalidRequest: Could not find repo: did:plc:n5qzm5epqshw5c3t4lhmebf7')
2026-03-09T14:15:06Z WARNING bsky_collector_v2.job.index_feed_generators: listRecords failed repo=did:plc:n5qzm5epqshw5c3t4lhmebf7 err=HttpError('InvalidRequest: Could not find repo: did:plc:n5qzm5epqshw5c3t4lhmebf7')
2026-03-09T14:15:06Z WARNING bsky_collector_v2.job.index_feed_generators: listRecords failed repo=did:plc:n5qzm5epqshw5c3t4lhmebf7 err=HttpError('InvalidRequest: Could not find repo: did:plc:n5qzm5epqshw5c3t4lhmebf7')
2026-03-09T14:15:07Z INFO bsky_collector_v2.job.index_feed_generators: enqueued repos page=21 mode=listRepos inserted=500 repos_returned=500 next_cursor=set
2026-03-09T14:15:23Z INFO bsky_collector_v2.job.index_feed_generators: indexed repo=did:plc:7l745xtuqodotl4gpvfbtap4 part=274 records=4 next_cursor=set
2026-03-09T14:15:35Z INFO bsky_collector_v2.job.index_feed_generators: indexed repo=did:plc:ehbbbzmsxnqcug5eyojk5bok part=275 records=1 next_cursor=set
2026-03-09T14:15:39Z WARNING bsky_collector_v2.job.index_feed_generators: listRecords failed repo=did:plc:g7qvxl735hcirc5tib345bzk err=HttpError('InvalidRequest: Could not find repo: did:plc:g7qvxl735hcirc5tib345bzk')
2026-03-09T14:16:50Z WARNING bsky_collector_v2.job.index_feed_generators: listRecords failed repo=did:plc:g7qvxl735hcirc5tib345bzk err=HttpError('InvalidRequest: Could not find repo: did:plc:g7qvxl735hcirc5tib345bzk')
2026-03-09T14:16:51Z WARNING bsky_collector_v2.job.index_feed_generators: listRecords failed repo=did:plc:g7qvxl735hcirc5tib345bzk err=HttpError('InvalidRequest: Could not find repo: did:plc:g7qvxl735hcirc5tib345bzk')
2026-03-09T14:16:51Z INFO bsky_collector_v2.job.index_feed_generators: enqueued repos page=22 mode=listRepos inserted=500 repos_returned=500 next_cursor=set
2026-03-09T14:17:40Z WARNING bsky_collector_v2.job.index_feed_generators: listRecords failed repo=did:plc:me3wut6g3xbinclsawhl2xd3 err=HttpError('InvalidRequest: Could not find repo: did:plc:me3wut6g3xbinclsawhl2xd3')
2026-03-09T14:18:05Z WARNING bsky_collector_v2.job.index_feed_generators: listRecords failed repo=did:plc:tp4tnhxvml4lm7w6zihjglq5 err=HttpError('InvalidRequest: Could not find repo: did:plc:tp4tnhxvml4lm7w6zihjglq5')
2026-03-09T14:18:21Z WARNING bsky_collector_v2.job.index_feed_generators: listRecords failed repo=did:plc:me3wut6g3xbinclsawhl2xd3 err=HttpError('InvalidRequest: Could not find repo: did:plc:me3wut6g3xbinclsawhl2xd3')
2026-03-09T14:18:21Z WARNING bsky_collector_v2.job.index_feed_generators: listRecords failed repo=did:plc:tp4tnhxvml4lm7w6zihjglq5 err=HttpError('InvalidRequest: Could not find repo: did:plc:tp4tnhxvml4lm7w6zihjglq5')
2026-03-09T14:18:21Z WARNING bsky_collector_v2.job.index_feed_generators: listRecords failed repo=did:plc:me3wut6g3xbinclsawhl2xd3 err=HttpError('InvalidRequest: Could not find repo: did:plc:me3wut6g3xbinclsawhl2xd3')
2026-03-09T14:18:21Z WARNING bsky_collector_v2.job.index_feed_generators: listRecords failed repo=did:plc:tp4tnhxvml4lm7w6zihjglq5 err=HttpError('InvalidRequest: Could not find repo: did:plc:tp4tnhxvml4lm7w6zihjglq5')
2026-03-09T14:18:21Z INFO bsky_collector_v2.job.index_feed_generators: enqueued repos page=23 mode=listRepos inserted=500 repos_returned=500 next_cursor=set
2026-03-09T14:18:25Z WARNING bsky_collector_v2.job.index_feed_generators: listRecords failed repo=did:plc:2zgbgyg5uz5j3y3dg6xm4xjm err=HttpError('InvalidRequest: Could not find repo: did:plc:2zgbgyg5uz5j3y3dg6xm4xjm')
2026-03-09T14:19:39Z WARNING bsky_collector_v2.job.index_feed_generators: listRecords failed repo=did:plc:nfjwbohvww74i3tcidf5caif err=HttpError('InvalidRequest: Could not find repo: did:plc:nfjwbohvww74i3tcidf5caif')
2026-03-09T14:19:48Z WARNING bsky_collector_v2.job.index_feed_generators: listRecords failed repo=did:plc:qnkt6r3htqxjq2tg6wzez2ws err=HttpError('InvalidRequest: Could not find repo: did:plc:qnkt6r3htqxjq2tg6wzez2ws')
2026-03-09T14:19:57Z WARNING bsky_collector_v2.job.index_feed_generators: listRecords failed repo=did:plc:tk6lnuqfyg57znp2kece7qyk err=HttpError('InvalidRequest: Could not find repo: did:plc:tk6lnuqfyg57znp2kece7qyk')
2026-03-09T14:20:12Z WARNING bsky_collector_v2.job.index_feed_generators: listRecords failed repo=did:plc:2zgbgyg5uz5j3y3dg6xm4xjm err=HttpError('InvalidRequest: Could not find repo: did:plc:2zgbgyg5uz5j3y3dg6xm4xjm')
2026-03-09T14:20:13Z WARNING bsky_collector_v2.job.index_feed_generators: listRecords failed repo=did:plc:nfjwbohvww74i3tcidf5caif err=HttpError('InvalidRequest: Could not find repo: did:plc:nfjwbohvww74i3tcidf5caif')
2026-03-09T14:20:13Z WARNING bsky_collector_v2.job.index_feed_generators: listRecords failed repo=did:plc:qnkt6r3htqxjq2tg6wzez2ws err=HttpError('InvalidRequest: Could not find repo: did:plc:qnkt6r3htqxjq2tg6wzez2ws')
2026-03-09T14:20:13Z WARNING bsky_collector_v2.job.index_feed_generators: listRecords failed repo=did:plc:tk6lnuqfyg57znp2kece7qyk err=HttpError('InvalidRequest: Could not find repo: did:plc:tk6lnuqfyg57znp2kece7qyk')
2026-03-09T14:20:13Z WARNING bsky_collector_v2.job.index_feed_generators: listRecords failed repo=did:plc:2zgbgyg5uz5j3y3dg6xm4xjm err=HttpError('InvalidRequest: Could not find repo: did:plc:2zgbgyg5uz5j3y3dg6xm4xjm')
2026-03-09T14:20:13Z WARNING bsky_collector_v2.job.index_feed_generators: listRecords failed repo=did:plc:nfjwbohvww74i3tcidf5caif err=HttpError('InvalidRequest: Could not find repo: did:plc:nfjwbohvww74i3tcidf5caif')
2026-03-09T14:20:13Z WARNING bsky_collector_v2.job.index_feed_generators: listRecords failed repo=did:plc:qnkt6r3htqxjq2tg6wzez2ws err=HttpError('InvalidRequest: Could not find repo: did:plc:qnkt6r3htqxjq2tg6wzez2ws')
2026-03-09T14:20:13Z WARNING bsky_collector_v2.job.index_feed_generators: listRecords failed repo=did:plc:tk6lnuqfyg57znp2kece7qyk err=HttpError('InvalidRequest: Could not find repo: did:plc:tk6lnuqfyg57znp2kece7qyk')
2026-03-09T14:20:14Z INFO bsky_collector_v2.job.index_feed_generators: enqueued repos page=24 mode=listRepos inserted=500 repos_returned=500 next_cursor=set
2026-03-09T14:20:43Z WARNING bsky_collector_v2.job.index_feed_generators: listRecords failed repo=did:plc:es6l2bwsldudnf3utlctyeeg err=HttpError('InvalidRequest: Could not find repo: did:plc:es6l2bwsldudnf3utlctyeeg')
2026-03-09T14:20:55Z WARNING bsky_collector_v2.job.index_feed_generators: listRecords failed repo=did:plc:iwisxzbheljfey4bn6rfcj5b err=HttpError('InvalidRequest: Could not find repo: did:plc:iwisxzbheljfey4bn6rfcj5b')
2026-03-09T14:21:36Z WARNING bsky_collector_v2.job.index_feed_generators: listRecords failed repo=did:plc:xuo6sjpkjvzeluvejnd2cehg err=HttpError('InvalidRequest: Could not find repo: did:plc:xuo6sjpkjvzeluvejnd2cehg')
2026-03-09T14:21:41Z WARNING bsky_collector_v2.job.index_feed_generators: listRecords failed repo=did:plc:es6l2bwsldudnf3utlctyeeg err=HttpError('InvalidRequest: Could not find repo: did:plc:es6l2bwsldudnf3utlctyeeg')
2026-03-09T14:21:41Z WARNING bsky_collector_v2.job.index_feed_generators: listRecords failed repo=did:plc:iwisxzbheljfey4bn6rfcj5b err=HttpError('InvalidRequest: Could not find repo: did:plc:iwisxzbheljfey4bn6rfcj5b')
2026-03-09T14:21:41Z WARNING bsky_collector_v2.job.index_feed_generators: listRecords failed repo=did:plc:xuo6sjpkjvzeluvejnd2cehg err=HttpError('InvalidRequest: Could not find repo: did:plc:xuo6sjpkjvzeluvejnd2cehg')
2026-03-09T14:21:42Z WARNING bsky_collector_v2.job.index_feed_generators: listRecords failed repo=did:plc:es6l2bwsldudnf3utlctyeeg err=HttpError('InvalidRequest: Could not find repo: did:plc:es6l2bwsldudnf3utlctyeeg')
2026-03-09T14:21:42Z WARNING bsky_collector_v2.job.index_feed_generators: listRecords failed repo=did:plc:iwisxzbheljfey4bn6rfcj5b err=HttpError('InvalidRequest: Could not find repo: did:plc:iwisxzbheljfey4bn6rfcj5b')
2026-03-09T14:21:42Z WARNING bsky_collector_v2.job.index_feed_generators: listRecords failed repo=did:plc:xuo6sjpkjvzeluvejnd2cehg err=HttpError('InvalidRequest: Could not find repo: did:plc:xuo6sjpkjvzeluvejnd2cehg')
2026-03-09T14:21:42Z INFO bsky_collector_v2.job.index_feed_generators: enqueued repos page=25 mode=listRepos inserted=500 repos_returned=500 next_cursor=set
2026-03-09T14:22:04Z WARNING bsky_collector_v2.job.index_feed_generators: listRecords failed repo=did:plc:atzf7cthayzbzt7h7rcof2gi err=HttpError('InvalidRequest: Could not find repo: did:plc:atzf7cthayzbzt7h7rcof2gi')
2026-03-09T14:22:21Z WARNING bsky_collector_v2.job.index_feed_generators: listRecords failed repo=did:plc:gua72nnevltyjturvwxtg4fm err=HttpError('InvalidRequest: Could not find repo: did:plc:gua72nnevltyjturvwxtg4fm')
2026-03-09T14:22:47Z INFO bsky_collector_v2.job.index_feed_generators: indexed repo=did:plc:puke5wyb3oz6xujgmlkykg7r part=276 records=1 next_cursor=set
2026-03-09T14:22:55Z INFO bsky_collector_v2.job.index_feed_generators: indexed repo=did:plc:tgg5wslllqytetwrgjm3olmh part=277 records=1 next_cursor=set
2026-03-09T14:23:14Z WARNING bsky_collector_v2.job.index_feed_generators: listRecords failed repo=did:plc:atzf7cthayzbzt7h7rcof2gi err=HttpError('InvalidRequest: Could not find repo: did:plc:atzf7cthayzbzt7h7rcof2gi')
2026-03-09T14:23:14Z WARNING bsky_collector_v2.job.index_feed_generators: listRecords failed repo=did:plc:gua72nnevltyjturvwxtg4fm err=HttpError('InvalidRequest: Could not find repo: did:plc:gua72nnevltyjturvwxtg4fm')
2026-03-09T14:23:14Z WARNING bsky_collector_v2.job.index_feed_generators: listRecords failed repo=did:plc:atzf7cthayzbzt7h7rcof2gi err=HttpError('InvalidRequest: Could not find repo: did:plc:atzf7cthayzbzt7h7rcof2gi')
2026-03-09T14:23:14Z WARNING bsky_collector_v2.job.index_feed_generators: listRecords failed repo=did:plc:gua72nnevltyjturvwxtg4fm err=HttpError('InvalidRequest: Could not find repo: did:plc:gua72nnevltyjturvwxtg4fm')
2026-03-09T14:23:15Z INFO bsky_collector_v2.job.index_feed_generators: enqueued repos page=26 mode=listRepos inserted=500 repos_returned=500 next_cursor=set
2026-03-09T14:23:21Z INFO bsky_collector_v2.job.index_feed_generators: indexed repo=did:plc:4ij7tw25cdizagcxcsqcwcjc part=278 records=1 next_cursor=set
2026-03-09T14:23:27Z WARNING bsky_collector_v2.job.index_feed_generators: listRecords failed repo=did:plc:6efoeqheabgwuv25dco5gero err=HttpError('InvalidRequest: Could not find repo: did:plc:6efoeqheabgwuv25dco5gero')
2026-03-09T14:23:55Z WARNING bsky_collector_v2.job.index_feed_generators: listRecords failed repo=did:plc:i353jygqk7dqwdpi5zlhhye7 err=HttpError('InvalidRequest: Could not find repo: did:plc:i353jygqk7dqwdpi5zlhhye7')
2026-03-09T14:24:58Z WARNING bsky_collector_v2.job.index_feed_generators: listRecords failed repo=did:plc:6efoeqheabgwuv25dco5gero err=HttpError('InvalidRequest: Could not find repo: did:plc:6efoeqheabgwuv25dco5gero')
2026-03-09T14:24:58Z WARNING bsky_collector_v2.job.index_feed_generators: listRecords failed repo=did:plc:i353jygqk7dqwdpi5zlhhye7 err=HttpError('InvalidRequest: Could not find repo: did:plc:i353jygqk7dqwdpi5zlhhye7')
2026-03-09T14:24:59Z WARNING bsky_collector_v2.job.index_feed_generators: listRecords failed repo=did:plc:6efoeqheabgwuv25dco5gero err=HttpError('InvalidRequest: Could not find repo: did:plc:6efoeqheabgwuv25dco5gero')
2026-03-09T14:24:59Z WARNING bsky_collector_v2.job.index_feed_generators: listRecords failed repo=did:plc:i353jygqk7dqwdpi5zlhhye7 err=HttpError('InvalidRequest: Could not find repo: did:plc:i353jygqk7dqwdpi5zlhhye7')
2026-03-09T14:24:59Z INFO bsky_collector_v2.job.index_feed_generators: enqueued repos page=27 mode=listRepos inserted=500 repos_returned=500 next_cursor=set
2026-03-09T14:25:53Z INFO bsky_collector_v2.job.index_feed_generators: indexed repo=did:plc:kb2wjk7eeazo5a5wpe7dgyyk part=279 records=1 next_cursor=set
2026-03-09T14:26:51Z INFO bsky_collector_v2.job.index_feed_generators: enqueued repos page=28 mode=listRepos inserted=500 repos_returned=500 next_cursor=set
2026-03-09T14:27:24Z INFO bsky_collector_v2.job.index_feed_generators: indexed repo=did:plc:dy5urxroul5jslveunbknjn4 part=280 records=5 next_cursor=set
2026-03-09T14:27:47Z WARNING bsky_collector_v2.job.index_feed_generators: listRecords failed repo=did:plc:kwdemqheced3y2yiy5wgyu5v err=HttpError('InvalidRequest: Could not find repo: did:plc:kwdemqheced3y2yiy5wgyu5v')
2026-03-09T14:28:13Z WARNING bsky_collector_v2.job.index_feed_generators: listRecords failed repo=did:plc:uv6e4mqslxxhqq4whbtqh6d2 err=HttpError('InvalidRequest: Could not find repo: did:plc:uv6e4mqslxxhqq4whbtqh6d2')
2026-03-09T14:28:27Z WARNING bsky_collector_v2.job.index_feed_generators: listRecords failed repo=did:plc:kwdemqheced3y2yiy5wgyu5v err=HttpError('InvalidRequest: Could not find repo: did:plc:kwdemqheced3y2yiy5wgyu5v')
2026-03-09T14:28:27Z WARNING bsky_collector_v2.job.index_feed_generators: listRecords failed repo=did:plc:uv6e4mqslxxhqq4whbtqh6d2 err=HttpError('InvalidRequest: Could not find repo: did:plc:uv6e4mqslxxhqq4whbtqh6d2')
2026-03-09T14:28:27Z WARNING bsky_collector_v2.job.index_feed_generators: listRecords failed repo=did:plc:kwdemqheced3y2yiy5wgyu5v err=HttpError('InvalidRequest: Could not find repo: did:plc:kwdemqheced3y2yiy5wgyu5v')
2026-03-09T14:28:27Z WARNING bsky_collector_v2.job.index_feed_generators: listRecords failed repo=did:plc:uv6e4mqslxxhqq4whbtqh6d2 err=HttpError('InvalidRequest: Could not find repo: did:plc:uv6e4mqslxxhqq4whbtqh6d2')
2026-03-09T14:28:27Z INFO bsky_collector_v2.job.index_feed_generators: enqueued repos page=29 mode=listRepos inserted=500 repos_returned=500 next_cursor=set
2026-03-09T14:28:57Z WARNING bsky_collector_v2.job.index_feed_generators: listRecords failed repo=did:plc:do7qv6mfs44nryjzjpnk6zpw err=HttpError('InvalidRequest: Could not find repo: did:plc:do7qv6mfs44nryjzjpnk6zpw')
2026-03-09T14:29:27Z WARNING bsky_collector_v2.job.index_feed_generators: listRecords failed repo=did:plc:pd2slhtdin4j43zdb7nmwdew err=HttpError('InvalidRequest: Could not find repo: did:plc:pd2slhtdin4j43zdb7nmwdew')
2026-03-09T14:29:48Z WARNING bsky_collector_v2.job.index_feed_generators: listRecords failed repo=did:plc:ujdegnied5xem7gi4uv2tyw5 err=HttpError('InvalidRequest: Could not find repo: did:plc:ujdegnied5xem7gi4uv2tyw5')
2026-03-09T14:30:02Z WARNING bsky_collector_v2.job.index_feed_generators: listRecords failed repo=did:plc:do7qv6mfs44nryjzjpnk6zpw err=HttpError('InvalidRequest: Could not find repo: did:plc:do7qv6mfs44nryjzjpnk6zpw')
2026-03-09T14:30:02Z WARNING bsky_collector_v2.job.index_feed_generators: listRecords failed repo=did:plc:pd2slhtdin4j43zdb7nmwdew err=HttpError('InvalidRequest: Could not find repo: did:plc:pd2slhtdin4j43zdb7nmwdew')
2026-03-09T14:30:02Z WARNING bsky_collector_v2.job.index_feed_generators: listRecords failed repo=did:plc:ujdegnied5xem7gi4uv2tyw5 err=HttpError('InvalidRequest: Could not find repo: did:plc:ujdegnied5xem7gi4uv2tyw5')
2026-03-09T14:30:02Z WARNING bsky_collector_v2.job.index_feed_generators: listRecords failed repo=did:plc:do7qv6mfs44nryjzjpnk6zpw err=HttpError('InvalidRequest: Could not find repo: did:plc:do7qv6mfs44nryjzjpnk6zpw')
2026-03-09T14:30:02Z WARNING bsky_collector_v2.job.index_feed_generators: listRecords failed repo=did:plc:pd2slhtdin4j43zdb7nmwdew err=HttpError('InvalidRequest: Could not find repo: did:plc:pd2slhtdin4j43zdb7nmwdew')
2026-03-09T14:30:02Z WARNING bsky_collector_v2.job.index_feed_generators: listRecords failed repo=did:plc:ujdegnied5xem7gi4uv2tyw5 err=HttpError('InvalidRequest: Could not find repo: did:plc:ujdegnied5xem7gi4uv2tyw5')
2026-03-09T14:30:03Z INFO bsky_collector_v2.job.index_feed_generators: enqueued repos page=30 mode=listRepos inserted=500 repos_returned=500 next_cursor=set
2026-03-09T14:30:38Z WARNING bsky_collector_v2.job.index_feed_generators: listRecords failed repo=did:plc:fuawcf53kr4oz5u3iy76vlwh err=HttpError('InvalidRequest: Could not find repo: did:plc:fuawcf53kr4oz5u3iy76vlwh')
2026-03-09T14:31:04Z WARNING bsky_collector_v2.job.index_feed_generators: listRecords failed repo=did:plc:pj6p5nv3tvghqsuu5jyxiz25 err=HttpError('InvalidRequest: Could not find repo: did:plc:pj6p5nv3tvghqsuu5jyxiz25')
2026-03-09T14:31:04Z INFO bsky_collector_v2.job.index_feed_generators: indexed repo=did:plc:pjjhvkkjlqit4wcr47llq6h4 part=281 records=1 next_cursor=set
2026-03-09T14:31:48Z WARNING bsky_collector_v2.job.index_feed_generators: listRecords failed repo=did:plc:fuawcf53kr4oz5u3iy76vlwh err=HttpError('InvalidRequest: Could not find repo: did:plc:fuawcf53kr4oz5u3iy76vlwh')
2026-03-09T14:31:48Z WARNING bsky_collector_v2.job.index_feed_generators: listRecords failed repo=did:plc:pj6p5nv3tvghqsuu5jyxiz25 err=HttpError('InvalidRequest: Could not find repo: did:plc:pj6p5nv3tvghqsuu5jyxiz25')
2026-03-09T14:31:48Z WARNING bsky_collector_v2.job.index_feed_generators: listRecords failed repo=did:plc:fuawcf53kr4oz5u3iy76vlwh err=HttpError('InvalidRequest: Could not find repo: did:plc:fuawcf53kr4oz5u3iy76vlwh')
2026-03-09T14:31:48Z WARNING bsky_collector_v2.job.index_feed_generators: listRecords failed repo=did:plc:pj6p5nv3tvghqsuu5jyxiz25 err=HttpError('InvalidRequest: Could not find repo: did:plc:pj6p5nv3tvghqsuu5jyxiz25')
2026-03-09T14:31:49Z INFO bsky_collector_v2.job.index_feed_generators: enqueued repos page=31 mode=listRepos inserted=500 repos_returned=500 next_cursor=set
2026-03-09T14:32:00Z WARNING bsky_collector_v2.job.index_feed_generators: listRecords failed repo=did:plc:6xktu6apkzaxhx5fdovshxpz err=HttpError('InvalidRequest: Could not find repo: did:plc:6xktu6apkzaxhx5fdovshxpz')
2026-03-09T14:32:35Z WARNING bsky_collector_v2.job.index_feed_generators: listRecords failed repo=did:plc:l53b66nn5revv6fqtn4yt2gj err=HttpError('InvalidRequest: Could not find repo: did:plc:l53b66nn5revv6fqtn4yt2gj')
2026-03-09T14:33:00Z WARNING bsky_collector_v2.job.index_feed_generators: listRecords failed repo=did:plc:r7wom6ak3or6wrea5wfzt42y err=HttpError('InvalidRequest: Could not find repo: did:plc:r7wom6ak3or6wrea5wfzt42y')
2026-03-09T14:33:25Z WARNING bsky_collector_v2.job.index_feed_generators: listRecords failed repo=did:plc:6xktu6apkzaxhx5fdovshxpz err=HttpError('InvalidRequest: Could not find repo: did:plc:6xktu6apkzaxhx5fdovshxpz')
2026-03-09T14:33:25Z WARNING bsky_collector_v2.job.index_feed_generators: listRecords failed repo=did:plc:l53b66nn5revv6fqtn4yt2gj err=HttpError('InvalidRequest: Could not find repo: did:plc:l53b66nn5revv6fqtn4yt2gj')
2026-03-09T14:33:25Z WARNING bsky_collector_v2.job.index_feed_generators: listRecords failed repo=did:plc:r7wom6ak3or6wrea5wfzt42y err=HttpError('InvalidRequest: Could not find repo: did:plc:r7wom6ak3or6wrea5wfzt42y')
2026-03-09T14:33:25Z WARNING bsky_collector_v2.job.index_feed_generators: listRecords failed repo=did:plc:6xktu6apkzaxhx5fdovshxpz err=HttpError('InvalidRequest: Could not find repo: did:plc:6xktu6apkzaxhx5fdovshxpz')
2026-03-09T14:33:25Z WARNING bsky_collector_v2.job.index_feed_generators: listRecords failed repo=did:plc:l53b66nn5revv6fqtn4yt2gj err=HttpError('InvalidRequest: Could not find repo: did:plc:l53b66nn5revv6fqtn4yt2gj')
2026-03-09T14:33:25Z WARNING bsky_collector_v2.job.index_feed_generators: listRecords failed repo=did:plc:r7wom6ak3or6wrea5wfzt42y err=HttpError('InvalidRequest: Could not find repo: did:plc:r7wom6ak3or6wrea5wfzt42y')
2026-03-09T14:33:26Z INFO bsky_collector_v2.job.index_feed_generators: enqueued repos page=32 mode=listRepos inserted=500 repos_returned=500 next_cursor=set
2026-03-09T14:35:06Z WARNING bsky_collector_v2.job.index_feed_generators: listRecords failed repo=did:plc:wuzmbkcz63gvnz3vou7dwh5a err=HttpError('InvalidRequest: Could not find repo: did:plc:wuzmbkcz63gvnz3vou7dwh5a')
2026-03-09T14:35:15Z WARNING bsky_collector_v2.job.index_feed_generators: listRecords failed repo=did:plc:wuzmbkcz63gvnz3vou7dwh5a err=HttpError('InvalidRequest: Could not find repo: did:plc:wuzmbkcz63gvnz3vou7dwh5a')
2026-03-09T14:35:15Z WARNING bsky_collector_v2.job.index_feed_generators: listRecords failed repo=did:plc:wuzmbkcz63gvnz3vou7dwh5a err=HttpError('InvalidRequest: Could not find repo: did:plc:wuzmbkcz63gvnz3vou7dwh5a')
2026-03-09T14:35:15Z INFO bsky_collector_v2.job.index_feed_generators: enqueued repos page=33 mode=listRepos inserted=500 repos_returned=500 next_cursor=set
2026-03-09T14:35:19Z INFO bsky_collector_v2.job.index_feed_generators: indexed repo=did:plc:37xj7k3a7liwoppwb62rrxii part=282 records=1 next_cursor=set
