2026-02-20T05:37:07Z INFO bsky_collector_v2: out_base ok path=D:\BlueSky\data_v2_full mount=D:\
2026-02-20T05:37:07Z INFO bsky_collector_v2: job start subcommand=index-feed-generators dry_run=False resume=True
2026-02-20T05:37:08Z INFO bsky_collector_v2.job.index_feed_generators: feed generator index hosts relay_host=https://bsky.network records_host=https://bsky.social auth=yes
2026-02-20T05:37:17Z INFO bsky_collector_v2.job.index_feed_generators: indexed repo=did:plc:wi5pmb3ud7t6bjzjv7hqush5 part=655 records=1 next_cursor=set
2026-02-20T05:37:25Z WARNING bsky_collector_v2.job.index_feed_generators: listRecords failed repo=did:plc:zcvciva6fn5z7utk3m2hmqlm err=HttpError('InvalidRequest: Could not find repo: did:plc:zcvciva6fn5z7utk3m2hmqlm')
2026-02-20T05:37:26Z WARNING bsky_collector_v2.job.index_feed_generators: listRecords failed repo=did:plc:247hadhoqucto75g7fq3dkfc err=HttpError('InvalidRequest: Could not find repo: did:plc:247hadhoqucto75g7fq3dkfc')
2026-02-20T05:37:27Z WARNING bsky_collector_v2.job.index_feed_generators: listRecords failed repo=did:plc:cayy2fkihmt4clotp4mx7mxw err=HttpError('InvalidRequest: Could not find repo: did:plc:cayy2fkihmt4clotp4mx7mxw')
2026-02-20T05:37:27Z WARNING bsky_collector_v2.job.index_feed_generators: listRecords failed repo=did:plc:zcvciva6fn5z7utk3m2hmqlm err=HttpError('InvalidRequest: Could not find repo: did:plc:zcvciva6fn5z7utk3m2hmqlm')
2026-02-20T05:37:28Z WARNING bsky_collector_v2.job.index_feed_generators: listRecords failed repo=did:plc:247hadhoqucto75g7fq3dkfc err=HttpError('InvalidRequest: Could not find repo: did:plc:247hadhoqucto75g7fq3dkfc')
2026-02-20T05:37:28Z WARNING bsky_collector_v2.job.index_feed_generators: listRecords failed repo=did:plc:cayy2fkihmt4clotp4mx7mxw err=HttpError('InvalidRequest: Could not find repo: did:plc:cayy2fkihmt4clotp4mx7mxw')
2026-02-20T05:37:28Z WARNING bsky_collector_v2.job.index_feed_generators: listRecords failed repo=did:plc:zcvciva6fn5z7utk3m2hmqlm err=HttpError('InvalidRequest: Could not find repo: did:plc:zcvciva6fn5z7utk3m2hmqlm')
2026-02-20T05:37:28Z INFO bsky_collector_v2.job.index_feed_generators: enqueued repos page=1 mode=listRepos inserted=500 repos_returned=500 next_cursor=set
2026-02-20T05:37:32Z WARNING bsky_collector_v2.job.index_feed_generators: listRecords failed repo=did:plc:3ai6uwyf2hpmzvmec67kpudd err=HttpError('InvalidRequest: Could not find repo: did:plc:3ai6uwyf2hpmzvmec67kpudd')
2026-02-20T05:38:17Z INFO bsky_collector_v2.job.index_feed_generators: indexed repo=did:plc:iexolo3nrtgy4pnry7ww454w part=656 records=3 next_cursor=set
2026-02-20T05:38:39Z WARNING bsky_collector_v2.job.index_feed_generators: listRecords failed repo=did:plc:qdn67evdfh6xarvlzq3663ky err=HttpError('InvalidRequest: Could not find repo: did:plc:qdn67evdfh6xarvlzq3663ky')
2026-02-20T05:38:59Z INFO bsky_collector_v2.job.index_feed_generators: indexed repo=did:plc:w7jnropma4ytntilgoczm5ec part=657 records=1 next_cursor=set
2026-02-20T05:39:01Z INFO bsky_collector_v2.job.index_feed_generators: indexed repo=did:plc:wsfxbmtv3mwn6sjfizmdtkw2 part=658 records=6 next_cursor=set
2026-02-20T05:39:11Z WARNING bsky_collector_v2.job.index_feed_generators: listRecords failed repo=did:plc:3ai6uwyf2hpmzvmec67kpudd err=HttpError('InvalidRequest: Could not find repo: did:plc:3ai6uwyf2hpmzvmec67kpudd')
2026-02-20T05:39:11Z WARNING bsky_collector_v2.job.index_feed_generators: listRecords failed repo=did:plc:qdn67evdfh6xarvlzq3663ky err=HttpError('InvalidRequest: Could not find repo: did:plc:qdn67evdfh6xarvlzq3663ky')
2026-02-20T05:39:11Z WARNING bsky_collector_v2.job.index_feed_generators: listRecords failed repo=did:plc:3ai6uwyf2hpmzvmec67kpudd err=HttpError('InvalidRequest: Could not find repo: did:plc:3ai6uwyf2hpmzvmec67kpudd')
2026-02-20T05:39:11Z WARNING bsky_collector_v2.job.index_feed_generators: listRecords failed repo=did:plc:qdn67evdfh6xarvlzq3663ky err=HttpError('InvalidRequest: Could not find repo: did:plc:qdn67evdfh6xarvlzq3663ky')
2026-02-20T05:39:12Z INFO bsky_collector_v2.job.index_feed_generators: enqueued repos page=2 mode=listRepos inserted=500 repos_returned=500 next_cursor=set
2026-02-20T05:39:20Z INFO bsky_collector_v2.job.index_feed_generators: indexed repo=did:plc:4r3ptboiwnaavlx4ac6og4pb part=659 records=1 next_cursor=set
2026-02-20T05:39:26Z WARNING bsky_collector_v2.job.index_feed_generators: listRecords failed repo=did:plc:6eobpxcs7olbivmow4afmepq err=HttpError('InvalidRequest: Could not find repo: did:plc:6eobpxcs7olbivmow4afmepq')
2026-02-20T05:39:32Z WARNING bsky_collector_v2.job.index_feed_generators: listRecords failed repo=did:plc:angyirjj322npkgv56bagnaf err=HttpError('InvalidRequest: Could not find repo: did:plc:angyirjj322npkgv56bagnaf')
2026-02-20T05:39:37Z INFO bsky_collector_v2.job.index_feed_generators: indexed repo=did:plc:bvfq3cwxef2qf5xfgzbemvct part=660 records=1 next_cursor=set
2026-02-20T05:40:18Z INFO bsky_collector_v2.job.index_feed_generators: indexed repo=did:plc:lmgfen7wfr2ng7bcmuuimjk6 part=661 records=1 next_cursor=set
2026-02-20T05:40:38Z WARNING bsky_collector_v2.job.index_feed_generators: listRecords failed repo=did:plc:ssxrrqo5k66ujrpdqt6delbw err=HttpError('InvalidRequest: Could not find repo: did:plc:ssxrrqo5k66ujrpdqt6delbw')
2026-02-20T05:41:02Z WARNING bsky_collector_v2.job.index_feed_generators: listRecords failed repo=did:plc:6eobpxcs7olbivmow4afmepq err=HttpError('InvalidRequest: Could not find repo: did:plc:6eobpxcs7olbivmow4afmepq')
2026-02-20T05:41:02Z WARNING bsky_collector_v2.job.index_feed_generators: listRecords failed repo=did:plc:angyirjj322npkgv56bagnaf err=HttpError('InvalidRequest: Could not find repo: did:plc:angyirjj322npkgv56bagnaf')
2026-02-20T05:41:03Z WARNING bsky_collector_v2.job.index_feed_generators: listRecords failed repo=did:plc:ssxrrqo5k66ujrpdqt6delbw err=HttpError('InvalidRequest: Could not find repo: did:plc:ssxrrqo5k66ujrpdqt6delbw')
2026-02-20T05:41:03Z WARNING bsky_collector_v2.job.index_feed_generators: listRecords failed repo=did:plc:6eobpxcs7olbivmow4afmepq err=HttpError('InvalidRequest: Could not find repo: did:plc:6eobpxcs7olbivmow4afmepq')
2026-02-20T05:41:03Z WARNING bsky_collector_v2.job.index_feed_generators: listRecords failed repo=did:plc:angyirjj322npkgv56bagnaf err=HttpError('InvalidRequest: Could not find repo: did:plc:angyirjj322npkgv56bagnaf')
2026-02-20T05:41:03Z WARNING bsky_collector_v2.job.index_feed_generators: listRecords failed repo=did:plc:ssxrrqo5k66ujrpdqt6delbw err=HttpError('InvalidRequest: Could not find repo: did:plc:ssxrrqo5k66ujrpdqt6delbw')
2026-02-20T05:41:03Z INFO bsky_collector_v2.job.index_feed_generators: enqueued repos page=3 mode=listRepos inserted=500 repos_returned=500 next_cursor=set
2026-02-20T05:41:16Z WARNING bsky_collector_v2.job.index_feed_generators: listRecords failed repo=did:plc:5ymbnebhgxqnh4amppkjdw2z err=HttpError('InvalidRequest: Could not find repo: did:plc:5ymbnebhgxqnh4amppkjdw2z')
2026-02-20T05:41:24Z INFO bsky_collector_v2.job.index_feed_generators: indexed repo=did:plc:apnabcpmoarzxw4dr5ujjbop part=662 records=1 next_cursor=set
2026-02-20T05:41:33Z INFO bsky_collector_v2.job.index_feed_generators: indexed repo=did:plc:dsna4hyzthvsopmhj4wffqpn part=663 records=1 next_cursor=set
2026-02-20T05:42:21Z INFO bsky_collector_v2.job.index_feed_generators: indexed repo=did:plc:teyc2fwdt2i7utxen2iwtslb part=664 records=1 next_cursor=set
2026-02-20T05:42:27Z INFO bsky_collector_v2.job.index_feed_generators: indexed repo=did:plc:v4ftphfh3wqqvkq5dovsqjgw part=665 records=3 next_cursor=set
2026-02-20T05:42:28Z INFO bsky_collector_v2.job.index_feed_generators: indexed repo=did:plc:vd4656gil2grqxuxnclgyrcj part=666 records=1 next_cursor=set
2026-02-20T05:42:43Z WARNING bsky_collector_v2.job.index_feed_generators: listRecords failed repo=did:plc:5ymbnebhgxqnh4amppkjdw2z err=HttpError('InvalidRequest: Could not find repo: did:plc:5ymbnebhgxqnh4amppkjdw2z')
2026-02-20T05:42:44Z WARNING bsky_collector_v2.job.index_feed_generators: listRecords failed repo=did:plc:5ymbnebhgxqnh4amppkjdw2z err=HttpError('InvalidRequest: Could not find repo: did:plc:5ymbnebhgxqnh4amppkjdw2z')
2026-02-20T05:42:44Z INFO bsky_collector_v2.job.index_feed_generators: enqueued repos page=4 mode=listRepos inserted=500 repos_returned=500 next_cursor=set
2026-02-20T05:42:58Z WARNING bsky_collector_v2.job.index_feed_generators: listRecords failed repo=did:plc:7goc3voopxmueo5ksr3yl5q2 err=HttpError('InvalidRequest: Could not find repo: did:plc:7goc3voopxmueo5ksr3yl5q2')
2026-02-20T05:43:03Z INFO bsky_collector_v2.job.index_feed_generators: indexed repo=did:plc:asl5wyj447lvakdgk5so4rgr part=667 records=1 next_cursor=set
2026-02-20T05:43:08Z WARNING bsky_collector_v2.job.index_feed_generators: listRecords failed repo=did:plc:bvjllmva3ncy53owgzwlqnw7 err=HttpError('InvalidRequest: Could not find repo: did:plc:bvjllmva3ncy53owgzwlqnw7')
2026-02-20T05:43:11Z WARNING bsky_collector_v2.job.index_feed_generators: listRecords failed repo=did:plc:dh26lmlpnnbo4wqjie4nf2zt err=HttpError('InvalidRequest: Could not find repo: did:plc:dh26lmlpnnbo4wqjie4nf2zt')
2026-02-20T05:43:15Z INFO bsky_collector_v2.job.index_feed_generators: indexed repo=did:plc:flfvoes4e2okrhyohspz42rt part=668 records=1 next_cursor=set
2026-02-20T05:43:18Z INFO bsky_collector_v2.job.index_feed_generators: indexed repo=did:plc:gxypdzj2dl7zccmfzkxlensm part=669 records=1 next_cursor=set
2026-02-20T05:43:41Z INFO bsky_collector_v2.job.index_feed_generators: indexed repo=did:plc:myn3kq3lvlgqq26e3rhoii2p part=670 records=2 next_cursor=set
2026-02-20T05:44:20Z WARNING bsky_collector_v2.job.index_feed_generators: listRecords failed repo=did:plc:7goc3voopxmueo5ksr3yl5q2 err=HttpError('InvalidRequest: Could not find repo: did:plc:7goc3voopxmueo5ksr3yl5q2')
2026-02-20T05:44:20Z WARNING bsky_collector_v2.job.index_feed_generators: listRecords failed repo=did:plc:bvjllmva3ncy53owgzwlqnw7 err=HttpError('InvalidRequest: Could not find repo: did:plc:bvjllmva3ncy53owgzwlqnw7')
2026-02-20T05:44:20Z WARNING bsky_collector_v2.job.index_feed_generators: listRecords failed repo=did:plc:dh26lmlpnnbo4wqjie4nf2zt err=HttpError('InvalidRequest: Could not find repo: did:plc:dh26lmlpnnbo4wqjie4nf2zt')
2026-02-20T05:44:21Z WARNING bsky_collector_v2.job.index_feed_generators: listRecords failed repo=did:plc:7goc3voopxmueo5ksr3yl5q2 err=HttpError('InvalidRequest: Could not find repo: did:plc:7goc3voopxmueo5ksr3yl5q2')
2026-02-20T05:44:21Z WARNING bsky_collector_v2.job.index_feed_generators: listRecords failed repo=did:plc:bvjllmva3ncy53owgzwlqnw7 err=HttpError('InvalidRequest: Could not find repo: did:plc:bvjllmva3ncy53owgzwlqnw7')
2026-02-20T05:44:21Z WARNING bsky_collector_v2.job.index_feed_generators: listRecords failed repo=did:plc:dh26lmlpnnbo4wqjie4nf2zt err=HttpError('InvalidRequest: Could not find repo: did:plc:dh26lmlpnnbo4wqjie4nf2zt')
2026-02-20T05:44:21Z INFO bsky_collector_v2.job.index_feed_generators: enqueued repos page=5 mode=listRepos inserted=500 repos_returned=500 next_cursor=set
2026-02-20T05:44:23Z INFO bsky_collector_v2.job.index_feed_generators: indexed repo=did:plc:2j45e7hddwjmwkd3phzamxdq part=671 records=1 next_cursor=set
2026-02-20T05:44:38Z INFO bsky_collector_v2.job.index_feed_generators: indexed repo=did:plc:6sfrfhw2vlakpteolhj75stl part=672 records=1 next_cursor=set
2026-02-20T05:44:46Z INFO bsky_collector_v2.job.index_feed_generators: indexed repo=did:plc:bh7dexp35c3pzkdyz5zor2af part=673 records=1 next_cursor=set
2026-02-20T05:45:05Z WARNING bsky_collector_v2.job.index_feed_generators: listRecords failed repo=did:plc:hmuehqwpujunkzglwe7arxpu err=HttpError('InvalidRequest: Could not find repo: did:plc:hmuehqwpujunkzglwe7arxpu')
2026-02-20T05:45:40Z INFO bsky_collector_v2.job.index_feed_generators: indexed repo=did:plc:tern7ymeyrahppha7vb427vd part=674 records=3 next_cursor=set
2026-02-20T05:45:48Z INFO bsky_collector_v2.job.index_feed_generators: indexed repo=did:plc:wdjubhr4qc4geyl4yzpllwmj part=675 records=2 next_cursor=set
2026-02-20T05:46:03Z WARNING bsky_collector_v2.job.index_feed_generators: listRecords failed repo=did:plc:hmuehqwpujunkzglwe7arxpu err=HttpError('InvalidRequest: Could not find repo: did:plc:hmuehqwpujunkzglwe7arxpu')
2026-02-20T05:46:03Z WARNING bsky_collector_v2.job.index_feed_generators: listRecords failed repo=did:plc:hmuehqwpujunkzglwe7arxpu err=HttpError('InvalidRequest: Could not find repo: did:plc:hmuehqwpujunkzglwe7arxpu')
2026-02-20T05:46:03Z INFO bsky_collector_v2.job.index_feed_generators: enqueued repos page=6 mode=listRepos inserted=500 repos_returned=500 next_cursor=set
2026-02-20T05:46:05Z INFO bsky_collector_v2.job.index_feed_generators: indexed repo=did:plc:2jkba4a6re2ici6icjeschym part=676 records=1 next_cursor=set
2026-02-20T05:46:15Z INFO bsky_collector_v2.job.index_feed_generators: indexed repo=did:plc:5raed3aov6ups2uyvau6nmhb part=677 records=1 next_cursor=set
2026-02-20T05:46:37Z INFO bsky_collector_v2.job.index_feed_generators: indexed repo=did:plc:flskpkpkw5hc67udk3msvmzt part=678 records=3 next_cursor=set
2026-02-20T05:46:59Z WARNING bsky_collector_v2.job.index_feed_generators: listRecords failed repo=did:plc:myupqx3vpltnsejt2uecc3nt err=HttpError('InvalidRequest: Could not find repo: did:plc:myupqx3vpltnsejt2uecc3nt')
2026-02-20T05:47:11Z INFO bsky_collector_v2.job.index_feed_generators: indexed repo=did:plc:rbtmbtq7d3n4zhaj4dj4dy2w part=679 records=1 next_cursor=set
2026-02-20T05:47:15Z WARNING bsky_collector_v2.job.index_feed_generators: listRecords failed repo=did:plc:sguhsh7rmwt35qkexdza4ubc err=HttpError('InvalidRequest: Could not find repo: did:plc:sguhsh7rmwt35qkexdza4ubc')
2026-02-20T05:47:40Z WARNING bsky_collector_v2.job.index_feed_generators: listRecords failed repo=did:plc:myupqx3vpltnsejt2uecc3nt err=HttpError('InvalidRequest: Could not find repo: did:plc:myupqx3vpltnsejt2uecc3nt')
2026-02-20T05:47:40Z WARNING bsky_collector_v2.job.index_feed_generators: listRecords failed repo=did:plc:sguhsh7rmwt35qkexdza4ubc err=HttpError('InvalidRequest: Could not find repo: did:plc:sguhsh7rmwt35qkexdza4ubc')
2026-02-20T05:47:40Z WARNING bsky_collector_v2.job.index_feed_generators: listRecords failed repo=did:plc:myupqx3vpltnsejt2uecc3nt err=HttpError('InvalidRequest: Could not find repo: did:plc:myupqx3vpltnsejt2uecc3nt')
2026-02-20T05:47:40Z WARNING bsky_collector_v2.job.index_feed_generators: listRecords failed repo=did:plc:sguhsh7rmwt35qkexdza4ubc err=HttpError('InvalidRequest: Could not find repo: did:plc:sguhsh7rmwt35qkexdza4ubc')
2026-02-20T05:47:41Z INFO bsky_collector_v2.job.index_feed_generators: enqueued repos page=7 mode=listRepos inserted=500 repos_returned=500 next_cursor=set
2026-02-20T05:48:04Z INFO bsky_collector_v2.job.index_feed_generators: indexed repo=did:plc:ab7piugio2yqassg2rhtwce6 part=680 records=7 next_cursor=set
2026-02-20T05:48:12Z INFO bsky_collector_v2.job.index_feed_generators: indexed repo=did:plc:dozhmytg4huin4daaiuz2rgg part=681 records=1 next_cursor=set
2026-02-20T05:48:21Z INFO bsky_collector_v2.job.index_feed_generators: indexed repo=did:plc:h27delmumkmbbnbm7w2fer2c part=682 records=1 next_cursor=set
2026-02-20T05:48:31Z WARNING bsky_collector_v2.job.index_feed_generators: listRecords failed repo=did:plc:kxop5h4qnshlgnu3jkzs6ruj err=HttpError('InvalidRequest: Could not find repo: did:plc:kxop5h4qnshlgnu3jkzs6ruj')
2026-02-20T05:48:59Z INFO bsky_collector_v2.job.index_feed_generators: indexed repo=did:plc:u6onzkfslp52mcvvpiw33s6t part=683 records=3 next_cursor=set
2026-02-20T05:49:08Z WARNING bsky_collector_v2.job.index_feed_generators: listRecords failed repo=did:plc:wh2snqgqvf5ooltbjtpksmem err=HttpError('InvalidRequest: Could not find repo: did:plc:wh2snqgqvf5ooltbjtpksmem')
2026-02-20T05:49:19Z WARNING bsky_collector_v2.job.index_feed_generators: listRecords failed repo=did:plc:kxop5h4qnshlgnu3jkzs6ruj err=HttpError('InvalidRequest: Could not find repo: did:plc:kxop5h4qnshlgnu3jkzs6ruj')
2026-02-20T05:49:20Z WARNING bsky_collector_v2.job.index_feed_generators: listRecords failed repo=did:plc:wh2snqgqvf5ooltbjtpksmem err=HttpError('InvalidRequest: Could not find repo: did:plc:wh2snqgqvf5ooltbjtpksmem')
2026-02-20T05:49:20Z WARNING bsky_collector_v2.job.index_feed_generators: listRecords failed repo=did:plc:kxop5h4qnshlgnu3jkzs6ruj err=HttpError('InvalidRequest: Could not find repo: did:plc:kxop5h4qnshlgnu3jkzs6ruj')
2026-02-20T05:49:20Z WARNING bsky_collector_v2.job.index_feed_generators: listRecords failed repo=did:plc:wh2snqgqvf5ooltbjtpksmem err=HttpError('InvalidRequest: Could not find repo: did:plc:wh2snqgqvf5ooltbjtpksmem')
2026-02-20T05:49:21Z INFO bsky_collector_v2.job.index_feed_generators: enqueued repos page=8 mode=listRepos inserted=500 repos_returned=500 next_cursor=set
2026-02-20T05:49:46Z INFO bsky_collector_v2.job.index_feed_generators: indexed repo=did:plc:ddivrgx6strkbnk4c7a7pir5 part=684 records=1 next_cursor=set
2026-02-20T05:50:18Z WARNING bsky_collector_v2.job.index_feed_generators: listRecords failed repo=did:plc:nioyoglrgveboisha4wtvl2j err=HttpError('InvalidRequest: Could not find repo: did:plc:nioyoglrgveboisha4wtvl2j')
2026-02-20T05:50:51Z WARNING bsky_collector_v2.job.index_feed_generators: listRecords failed repo=did:plc:xdzn75dowmxr4v2ei3niq7xn err=HttpError('InvalidRequest: Could not find repo: did:plc:xdzn75dowmxr4v2ei3niq7xn')
2026-02-20T05:51:01Z WARNING bsky_collector_v2.job.index_feed_generators: listRecords failed repo=did:plc:nioyoglrgveboisha4wtvl2j err=HttpError('InvalidRequest: Could not find repo: did:plc:nioyoglrgveboisha4wtvl2j')
2026-02-20T05:51:01Z WARNING bsky_collector_v2.job.index_feed_generators: listRecords failed repo=did:plc:xdzn75dowmxr4v2ei3niq7xn err=HttpError('InvalidRequest: Could not find repo: did:plc:xdzn75dowmxr4v2ei3niq7xn')
2026-02-20T05:51:01Z WARNING bsky_collector_v2.job.index_feed_generators: listRecords failed repo=did:plc:nioyoglrgveboisha4wtvl2j err=HttpError('InvalidRequest: Could not find repo: did:plc:nioyoglrgveboisha4wtvl2j')
2026-02-20T05:51:01Z WARNING bsky_collector_v2.job.index_feed_generators: listRecords failed repo=did:plc:xdzn75dowmxr4v2ei3niq7xn err=HttpError('InvalidRequest: Could not find repo: did:plc:xdzn75dowmxr4v2ei3niq7xn')
2026-02-20T05:51:02Z INFO bsky_collector_v2.job.index_feed_generators: enqueued repos page=9 mode=listRepos inserted=500 repos_returned=500 next_cursor=set
2026-02-20T05:51:16Z INFO bsky_collector_v2.job.index_feed_generators: indexed repo=did:plc:75zgabzo6v6iy3uyja52h6k7 part=685 records=2 next_cursor=set
2026-02-20T05:51:16Z WARNING bsky_collector_v2.job.index_feed_generators: listRecords failed repo=did:plc:76kfsafbjtmnnd5l7c2kyp2q err=HttpError('InvalidRequest: Could not find repo: did:plc:76kfsafbjtmnnd5l7c2kyp2q')
2026-02-20T05:51:23Z WARNING bsky_collector_v2.job.index_feed_generators: listRecords failed repo=did:plc:bo5ncmdtqumjfjrt2e7jujty err=HttpError('InvalidRequest: Could not find repo: did:plc:bo5ncmdtqumjfjrt2e7jujty')
2026-02-20T05:52:17Z INFO bsky_collector_v2.job.index_feed_generators: indexed repo=did:plc:rfo6ujwcq2gvvoej25zam75g part=686 records=1 next_cursor=set
2026-02-20T05:52:40Z INFO bsky_collector_v2.job.index_feed_generators: indexed repo=did:plc:zazddccx3gjxdanf3n27vfp3 part=687 records=1 next_cursor=set
2026-02-20T05:52:44Z WARNING bsky_collector_v2.job.index_feed_generators: listRecords failed repo=did:plc:76kfsafbjtmnnd5l7c2kyp2q err=HttpError('InvalidRequest: Could not find repo: did:plc:76kfsafbjtmnnd5l7c2kyp2q')
2026-02-20T05:52:44Z WARNING bsky_collector_v2.job.index_feed_generators: listRecords failed repo=did:plc:bo5ncmdtqumjfjrt2e7jujty err=HttpError('InvalidRequest: Could not find repo: did:plc:bo5ncmdtqumjfjrt2e7jujty')
2026-02-20T05:52:44Z WARNING bsky_collector_v2.job.index_feed_generators: listRecords failed repo=did:plc:76kfsafbjtmnnd5l7c2kyp2q err=HttpError('InvalidRequest: Could not find repo: did:plc:76kfsafbjtmnnd5l7c2kyp2q')
2026-02-20T05:52:44Z WARNING bsky_collector_v2.job.index_feed_generators: listRecords failed repo=did:plc:bo5ncmdtqumjfjrt2e7jujty err=HttpError('InvalidRequest: Could not find repo: did:plc:bo5ncmdtqumjfjrt2e7jujty')
2026-02-20T05:52:45Z INFO bsky_collector_v2.job.index_feed_generators: enqueued repos page=10 mode=listRepos inserted=500 repos_returned=500 next_cursor=set
2026-02-20T05:52:49Z WARNING bsky_collector_v2.job.index_feed_generators: listRecords failed repo=did:plc:3cy3zs6eb66nunrxshdkdnfp err=HttpError('InvalidRequest: Could not find repo: did:plc:3cy3zs6eb66nunrxshdkdnfp')
2026-02-20T05:52:53Z WARNING bsky_collector_v2.job.index_feed_generators: listRecords failed repo=did:plc:5b4yf7z6sz7g2jehmymocv5g err=HttpError('InvalidRequest: Could not find repo: did:plc:5b4yf7z6sz7g2jehmymocv5g')
2026-02-20T05:53:01Z INFO bsky_collector_v2.job.index_feed_generators: indexed repo=did:plc:ant3c6fyejb6rjlu5uvya7te part=688 records=2 next_cursor=set
2026-02-20T05:53:06Z WARNING bsky_collector_v2.job.index_feed_generators: listRecords failed repo=did:plc:caznr5mgvjft4mu4p2vpttfx err=HttpError('InvalidRequest: Could not find repo: did:plc:caznr5mgvjft4mu4p2vpttfx')
2026-02-20T05:53:20Z INFO bsky_collector_v2.job.index_feed_generators: indexed repo=did:plc:gcljgwlwtrwso2fnflyduq6v part=689 records=1 next_cursor=set
2026-02-20T05:53:25Z INFO bsky_collector_v2.job.index_feed_generators: indexed repo=did:plc:ijswy3mrlgtdlheejcleklvh part=690 records=2 next_cursor=set
2026-02-20T05:53:48Z INFO bsky_collector_v2.job.index_feed_generators: indexed repo=did:plc:oucj5mhyrnkhvkvpqpvgvos5 part=691 records=2 next_cursor=set
2026-02-20T05:54:12Z INFO bsky_collector_v2.job.index_feed_generators: indexed repo=did:plc:vzkpbdcs4gsbzyqks22rxccg part=692 records=1 next_cursor=set
2026-02-20T05:54:31Z WARNING bsky_collector_v2.job.index_feed_generators: listRecords failed repo=did:plc:3cy3zs6eb66nunrxshdkdnfp err=HttpError('InvalidRequest: Could not find repo: did:plc:3cy3zs6eb66nunrxshdkdnfp')
2026-02-20T05:54:32Z WARNING bsky_collector_v2.job.index_feed_generators: listRecords failed repo=did:plc:5b4yf7z6sz7g2jehmymocv5g err=HttpError('InvalidRequest: Could not find repo: did:plc:5b4yf7z6sz7g2jehmymocv5g')
2026-02-20T05:54:32Z WARNING bsky_collector_v2.job.index_feed_generators: listRecords failed repo=did:plc:caznr5mgvjft4mu4p2vpttfx err=HttpError('InvalidRequest: Could not find repo: did:plc:caznr5mgvjft4mu4p2vpttfx')
2026-02-20T05:54:33Z WARNING bsky_collector_v2.job.index_feed_generators: listRecords failed repo=did:plc:3cy3zs6eb66nunrxshdkdnfp err=HttpError('InvalidRequest: Could not find repo: did:plc:3cy3zs6eb66nunrxshdkdnfp')
2026-02-20T05:54:33Z WARNING bsky_collector_v2.job.index_feed_generators: listRecords failed repo=did:plc:5b4yf7z6sz7g2jehmymocv5g err=HttpError('InvalidRequest: Could not find repo: did:plc:5b4yf7z6sz7g2jehmymocv5g')
2026-02-20T05:54:33Z WARNING bsky_collector_v2.job.index_feed_generators: listRecords failed repo=did:plc:caznr5mgvjft4mu4p2vpttfx err=HttpError('InvalidRequest: Could not find repo: did:plc:caznr5mgvjft4mu4p2vpttfx')
2026-02-20T05:54:34Z INFO bsky_collector_v2.job.index_feed_generators: enqueued repos page=11 mode=listRepos inserted=500 repos_returned=500 next_cursor=set
2026-02-20T05:54:50Z INFO bsky_collector_v2.job.index_feed_generators: indexed repo=did:plc:75rq5nxtjxistmvgxi5ugfv7 part=693 records=1 next_cursor=set
2026-02-20T05:54:54Z INFO bsky_collector_v2.job.index_feed_generators: indexed repo=did:plc:7xqzkrkriltp3rp5azc7bkw3 part=694 records=2 next_cursor=set
2026-02-20T05:54:54Z INFO bsky_collector_v2.job.index_feed_generators: indexed repo=did:plc:a2c7guh5ir6khif4gx32m5ro part=695 records=1 next_cursor=set
2026-02-20T05:55:00Z INFO bsky_collector_v2.job.index_feed_generators: indexed repo=did:plc:btfn6zjamxmpnrbftbgxmkvu part=696 records=1 next_cursor=set
2026-02-20T05:55:30Z INFO bsky_collector_v2.job.index_feed_generators: indexed repo=did:plc:kygwg65gkapacbvesqpqu5li part=697 records=6 next_cursor=set
2026-02-20T05:55:57Z WARNING bsky_collector_v2.job.index_feed_generators: listRecords failed repo=did:plc:uylcrh3nvf47ztkow27wmt45 err=HttpError('InvalidRequest: Could not find repo: did:plc:uylcrh3nvf47ztkow27wmt45')
2026-02-20T05:55:58Z INFO bsky_collector_v2.job.index_feed_generators: indexed repo=did:plc:vkobiqipclpzasxeca5iswni part=698 records=1 next_cursor=set
2026-02-20T05:56:00Z INFO bsky_collector_v2.job.index_feed_generators: indexed repo=did:plc:wb5b7p6bonu6fwdpqrbsfvck part=699 records=1 next_cursor=set
2026-02-20T05:56:12Z WARNING bsky_collector_v2.job.index_feed_generators: listRecords failed repo=did:plc:uylcrh3nvf47ztkow27wmt45 err=HttpError('InvalidRequest: Could not find repo: did:plc:uylcrh3nvf47ztkow27wmt45')
2026-02-20T05:56:12Z WARNING bsky_collector_v2.job.index_feed_generators: listRecords failed repo=did:plc:uylcrh3nvf47ztkow27wmt45 err=HttpError('InvalidRequest: Could not find repo: did:plc:uylcrh3nvf47ztkow27wmt45')
2026-02-20T05:56:13Z INFO bsky_collector_v2.job.index_feed_generators: enqueued repos page=12 mode=listRepos inserted=500 repos_returned=500 next_cursor=set
2026-02-20T05:57:02Z WARNING bsky_collector_v2.job.index_feed_generators: listRecords failed repo=did:plc:llor4zxzmovupmurbmw66md3 err=HttpError('InvalidRequest: Could not find repo: did:plc:llor4zxzmovupmurbmw66md3')
2026-02-20T05:57:23Z INFO bsky_collector_v2.job.index_feed_generators: indexed repo=did:plc:pcsezp2mrcvtk6nn7ndufutz part=700 records=1 next_cursor=set
2026-02-20T05:57:58Z WARNING bsky_collector_v2.job.index_feed_generators: listRecords failed repo=did:plc:llor4zxzmovupmurbmw66md3 err=HttpError('InvalidRequest: Could not find repo: did:plc:llor4zxzmovupmurbmw66md3')
2026-02-20T05:57:58Z WARNING bsky_collector_v2.job.index_feed_generators: listRecords failed repo=did:plc:llor4zxzmovupmurbmw66md3 err=HttpError('InvalidRequest: Could not find repo: did:plc:llor4zxzmovupmurbmw66md3')
2026-02-20T05:57:59Z INFO bsky_collector_v2.job.index_feed_generators: enqueued repos page=13 mode=listRepos inserted=500 repos_returned=500 next_cursor=set
2026-02-20T05:58:07Z WARNING bsky_collector_v2.job.index_feed_generators: listRecords failed repo=did:plc:3ucmxx2foz4dyihzrul2hc7r err=HttpError('InvalidRequest: Could not find repo: did:plc:3ucmxx2foz4dyihzrul2hc7r')
2026-02-20T05:58:17Z INFO bsky_collector_v2.job.index_feed_generators: indexed repo=did:plc:7uir5cgnzlinapxnxfb6nztr part=701 records=8 next_cursor=set
2026-02-20T05:58:41Z WARNING bsky_collector_v2.job.index_feed_generators: listRecords failed repo=did:plc:hhwnwl6bpotmddnk4ecunbdf err=HttpError('InvalidRequest: Could not find repo: did:plc:hhwnwl6bpotmddnk4ecunbdf')
2026-02-20T05:58:43Z INFO bsky_collector_v2.job.index_feed_generators: indexed repo=did:plc:ikyfyphgbzu45uvrb73a3mio part=702 records=2 next_cursor=set
2026-02-20T05:59:22Z WARNING bsky_collector_v2.job.index_feed_generators: listRecords failed repo=did:plc:wapn5anizxehvj5fh7st3ruz err=HttpError('InvalidRequest: Could not find repo: did:plc:wapn5anizxehvj5fh7st3ruz')
2026-02-20T05:59:32Z INFO bsky_collector_v2.job.index_feed_generators: indexed repo=did:plc:zoubwk2yw3miramcfch6t44u part=703 records=6 next_cursor=set
2026-02-20T05:59:33Z WARNING bsky_collector_v2.job.index_feed_generators: listRecords failed repo=did:plc:3ucmxx2foz4dyihzrul2hc7r err=HttpError('InvalidRequest: Could not find repo: did:plc:3ucmxx2foz4dyihzrul2hc7r')
2026-02-20T05:59:33Z WARNING bsky_collector_v2.job.index_feed_generators: listRecords failed repo=did:plc:hhwnwl6bpotmddnk4ecunbdf err=HttpError('InvalidRequest: Could not find repo: did:plc:hhwnwl6bpotmddnk4ecunbdf')
2026-02-20T05:59:33Z WARNING bsky_collector_v2.job.index_feed_generators: listRecords failed repo=did:plc:wapn5anizxehvj5fh7st3ruz err=HttpError('InvalidRequest: Could not find repo: did:plc:wapn5anizxehvj5fh7st3ruz')
2026-02-20T05:59:33Z WARNING bsky_collector_v2.job.index_feed_generators: listRecords failed repo=did:plc:3ucmxx2foz4dyihzrul2hc7r err=HttpError('InvalidRequest: Could not find repo: did:plc:3ucmxx2foz4dyihzrul2hc7r')
2026-02-20T05:59:34Z WARNING bsky_collector_v2.job.index_feed_generators: listRecords failed repo=did:plc:hhwnwl6bpotmddnk4ecunbdf err=HttpError('InvalidRequest: Could not find repo: did:plc:hhwnwl6bpotmddnk4ecunbdf')
2026-02-20T05:59:34Z WARNING bsky_collector_v2.job.index_feed_generators: listRecords failed repo=did:plc:wapn5anizxehvj5fh7st3ruz err=HttpError('InvalidRequest: Could not find repo: did:plc:wapn5anizxehvj5fh7st3ruz')
2026-02-20T05:59:34Z INFO bsky_collector_v2.job.index_feed_generators: enqueued repos page=14 mode=listRepos inserted=500 repos_returned=500 next_cursor=set
2026-02-20T05:59:40Z WARNING bsky_collector_v2.job.index_feed_generators: listRecords failed repo=did:plc:42qpkdowwr6ysoajrw54arfj err=HttpError('InvalidRequest: Could not find repo: did:plc:42qpkdowwr6ysoajrw54arfj')
2026-02-20T05:59:41Z WARNING bsky_collector_v2.job.index_feed_generators: listRecords failed repo=did:plc:4a6gj3d3rgfxhrjsrwvm4o32 err=HttpError('InvalidRequest: Could not find repo: did:plc:4a6gj3d3rgfxhrjsrwvm4o32')
2026-02-20T06:00:06Z INFO bsky_collector_v2.job.index_feed_generators: indexed repo=did:plc:e3lw253mgc3dcqujwmr7f3mo part=704 records=1 next_cursor=set
2026-02-20T06:00:06Z INFO bsky_collector_v2.job.index_feed_generators: indexed repo=did:plc:elsk4pvoxygbgz5qb3j2h2sx part=705 records=2 next_cursor=set
2026-02-20T06:00:25Z INFO bsky_collector_v2.job.index_feed_generators: indexed repo=did:plc:lrefu3kpb5zaog3lyn2dti7r part=706 records=2 next_cursor=set
2026-02-20T06:00:46Z INFO bsky_collector_v2.job.index_feed_generators: indexed repo=did:plc:segtaedb7baxluouhmi7csgf part=707 records=2 next_cursor=set
2026-02-20T06:01:06Z INFO bsky_collector_v2.job.index_feed_generators: indexed repo=did:plc:yw3ftt33cods34tk3575b6ej part=708 records=1 next_cursor=set
2026-02-20T06:01:09Z WARNING bsky_collector_v2.job.index_feed_generators: listRecords failed repo=did:plc:42qpkdowwr6ysoajrw54arfj err=HttpError('InvalidRequest: Could not find repo: did:plc:42qpkdowwr6ysoajrw54arfj')
2026-02-20T06:01:09Z WARNING bsky_collector_v2.job.index_feed_generators: listRecords failed repo=did:plc:4a6gj3d3rgfxhrjsrwvm4o32 err=HttpError('InvalidRequest: Could not find repo: did:plc:4a6gj3d3rgfxhrjsrwvm4o32')
2026-02-20T06:01:10Z WARNING bsky_collector_v2.job.index_feed_generators: listRecords failed repo=did:plc:42qpkdowwr6ysoajrw54arfj err=HttpError('InvalidRequest: Could not find repo: did:plc:42qpkdowwr6ysoajrw54arfj')
2026-02-20T06:01:10Z WARNING bsky_collector_v2.job.index_feed_generators: listRecords failed repo=did:plc:4a6gj3d3rgfxhrjsrwvm4o32 err=HttpError('InvalidRequest: Could not find repo: did:plc:4a6gj3d3rgfxhrjsrwvm4o32')
2026-02-20T06:01:11Z INFO bsky_collector_v2.job.index_feed_generators: enqueued repos page=15 mode=listRepos inserted=500 repos_returned=500 next_cursor=set
2026-02-20T06:01:56Z WARNING bsky_collector_v2.job.index_feed_generators: listRecords failed repo=did:plc:ii5nqjnffzhjmp7a75zszoeq err=HttpError('InvalidRequest: Could not find repo: did:plc:ii5nqjnffzhjmp7a75zszoeq')
2026-02-20T06:02:19Z INFO bsky_collector_v2.job.index_feed_generators: indexed repo=did:plc:pxqcue6qjplfwiarwwcf7pey part=709 records=1 next_cursor=set
2026-02-20T06:02:36Z INFO bsky_collector_v2.job.index_feed_generators: indexed repo=did:plc:x37u2mgqv5n2u5s23ufus5wu part=710 records=1 next_cursor=set
2026-02-20T06:02:39Z WARNING bsky_collector_v2.job.index_feed_generators: listRecords failed repo=did:plc:xzrlvms66j4oapcm26bpmv5m err=HttpError('InvalidRequest: Could not find repo: did:plc:xzrlvms66j4oapcm26bpmv5m')
2026-02-20T06:02:46Z WARNING bsky_collector_v2.job.index_feed_generators: listRecords failed repo=did:plc:ii5nqjnffzhjmp7a75zszoeq err=HttpError('InvalidRequest: Could not find repo: did:plc:ii5nqjnffzhjmp7a75zszoeq')
2026-02-20T06:02:46Z WARNING bsky_collector_v2.job.index_feed_generators: listRecords failed repo=did:plc:xzrlvms66j4oapcm26bpmv5m err=HttpError('InvalidRequest: Could not find repo: did:plc:xzrlvms66j4oapcm26bpmv5m')
2026-02-20T06:02:46Z WARNING bsky_collector_v2.job.index_feed_generators: listRecords failed repo=did:plc:ii5nqjnffzhjmp7a75zszoeq err=HttpError('InvalidRequest: Could not find repo: did:plc:ii5nqjnffzhjmp7a75zszoeq')
2026-02-20T06:02:46Z WARNING bsky_collector_v2.job.index_feed_generators: listRecords failed repo=did:plc:xzrlvms66j4oapcm26bpmv5m err=HttpError('InvalidRequest: Could not find repo: did:plc:xzrlvms66j4oapcm26bpmv5m')
2026-02-20T06:02:47Z INFO bsky_collector_v2.job.index_feed_generators: enqueued repos page=16 mode=listRepos inserted=500 repos_returned=500 next_cursor=set
2026-02-20T06:03:21Z INFO bsky_collector_v2.job.index_feed_generators: indexed repo=did:plc:fmexkhabyh2av5exavsn56oj part=711 records=3 next_cursor=set
2026-02-20T06:04:31Z INFO bsky_collector_v2.job.index_feed_generators: indexed repo=did:plc:zodg6gf7snaqjjui4rzupjx2 part=712 records=1 next_cursor=set
2026-02-20T06:04:34Z INFO bsky_collector_v2.job.index_feed_generators: enqueued repos page=17 mode=listRepos inserted=500 repos_returned=500 next_cursor=set
2026-02-20T06:04:58Z INFO bsky_collector_v2.job.index_feed_generators: indexed repo=did:plc:bsotqbjnebpoqgqut3md2ci4 part=713 records=2 next_cursor=set
2026-02-20T06:04:59Z WARNING bsky_collector_v2.job.index_feed_generators: listRecords failed repo=did:plc:ciy4ijxdporoirxbcnhjo2yd err=HttpError('InvalidRequest: Could not find repo: did:plc:ciy4ijxdporoirxbcnhjo2yd')
2026-02-20T06:05:42Z WARNING bsky_collector_v2.job.index_feed_generators: listRecords failed repo=did:plc:rd2qdbihp66eufamdkr4vyns err=HttpError('InvalidRequest: Could not find repo: did:plc:rd2qdbihp66eufamdkr4vyns')
2026-02-20T06:05:43Z WARNING bsky_collector_v2.job.index_feed_generators: listRecords failed repo=did:plc:roohtvz5iewvx6dfruovroao err=HttpError('InvalidRequest: Could not find repo: did:plc:roohtvz5iewvx6dfruovroao')
2026-02-20T06:05:49Z INFO bsky_collector_v2.job.index_feed_generators: indexed repo=did:plc:tumlik6yswzin5p5zz4wwlwi part=714 records=1 next_cursor=set
2026-02-20T06:06:07Z WARNING bsky_collector_v2.job.index_feed_generators: listRecords failed repo=did:plc:ciy4ijxdporoirxbcnhjo2yd err=HttpError('InvalidRequest: Could not find repo: did:plc:ciy4ijxdporoirxbcnhjo2yd')
2026-02-20T06:06:08Z WARNING bsky_collector_v2.job.index_feed_generators: listRecords failed repo=did:plc:rd2qdbihp66eufamdkr4vyns err=HttpError('InvalidRequest: Could not find repo: did:plc:rd2qdbihp66eufamdkr4vyns')
2026-02-20T06:06:08Z WARNING bsky_collector_v2.job.index_feed_generators: listRecords failed repo=did:plc:roohtvz5iewvx6dfruovroao err=HttpError('InvalidRequest: Could not find repo: did:plc:roohtvz5iewvx6dfruovroao')
2026-02-20T06:06:08Z WARNING bsky_collector_v2.job.index_feed_generators: listRecords failed repo=did:plc:ciy4ijxdporoirxbcnhjo2yd err=HttpError('InvalidRequest: Could not find repo: did:plc:ciy4ijxdporoirxbcnhjo2yd')
2026-02-20T06:06:09Z WARNING bsky_collector_v2.job.index_feed_generators: listRecords failed repo=did:plc:rd2qdbihp66eufamdkr4vyns err=HttpError('InvalidRequest: Could not find repo: did:plc:rd2qdbihp66eufamdkr4vyns')
2026-02-20T06:06:09Z WARNING bsky_collector_v2.job.index_feed_generators: listRecords failed repo=did:plc:roohtvz5iewvx6dfruovroao err=HttpError('InvalidRequest: Could not find repo: did:plc:roohtvz5iewvx6dfruovroao')
2026-02-20T06:06:09Z INFO bsky_collector_v2.job.index_feed_generators: enqueued repos page=18 mode=listRepos inserted=500 repos_returned=500 next_cursor=set
2026-02-20T06:06:17Z WARNING bsky_collector_v2.job.index_feed_generators: listRecords failed repo=did:plc:3z2jk44xu3os2gihmlv3rskw err=HttpError('InvalidRequest: Could not find repo: did:plc:3z2jk44xu3os2gihmlv3rskw')
2026-02-20T06:06:19Z INFO bsky_collector_v2.job.index_feed_generators: indexed repo=did:plc:4pnonraqwzq4j44uxuzappoj part=715 records=1 next_cursor=set
2026-02-20T06:06:38Z INFO bsky_collector_v2.job.index_feed_generators: indexed repo=did:plc:cogtzoocoyvux6tr3tptdgkb part=716 records=6 next_cursor=set
2026-02-20T06:06:56Z INFO bsky_collector_v2.job.index_feed_generators: indexed repo=did:plc:jdfcbpvbvulncp3tbkujyh2a part=717 records=2 next_cursor=set
2026-02-20T06:06:56Z INFO bsky_collector_v2.job.index_feed_generators: indexed repo=did:plc:jjgul6csyzra65xepfv7riel part=718 records=3 next_cursor=set
2026-02-20T06:07:30Z INFO bsky_collector_v2.job.index_feed_generators: indexed repo=did:plc:sb2vujlmpnf44ama2zhpirqp part=719 records=2 next_cursor=set
2026-02-20T06:07:47Z INFO bsky_collector_v2.job.index_feed_generators: indexed repo=did:plc:y4pkl7j7bwkhfbys7dmeopwx part=720 records=2 next_cursor=set
2026-02-20T06:07:52Z WARNING bsky_collector_v2.job.index_feed_generators: listRecords failed repo=did:plc:3z2jk44xu3os2gihmlv3rskw err=HttpError('InvalidRequest: Could not find repo: did:plc:3z2jk44xu3os2gihmlv3rskw')
2026-02-20T06:07:53Z WARNING bsky_collector_v2.job.index_feed_generators: listRecords failed repo=did:plc:3z2jk44xu3os2gihmlv3rskw err=HttpError('InvalidRequest: Could not find repo: did:plc:3z2jk44xu3os2gihmlv3rskw')
2026-02-20T06:07:54Z INFO bsky_collector_v2.job.index_feed_generators: enqueued repos page=19 mode=listRepos inserted=500 repos_returned=500 next_cursor=set
2026-02-20T06:08:18Z INFO bsky_collector_v2.job.index_feed_generators: indexed repo=did:plc:bhrug77acfiqjkbqutokem3n part=721 records=1 next_cursor=set
2026-02-20T06:08:27Z INFO bsky_collector_v2.job.index_feed_generators: indexed repo=did:plc:e7gxwmetgyj3s23e2zpnxng5 part=722 records=2 next_cursor=set
2026-02-20T06:09:01Z INFO bsky_collector_v2.job.index_feed_generators: indexed repo=did:plc:q2okdsia6c7kapdrc7b45oc3 part=723 records=1 next_cursor=set
2026-02-20T06:09:05Z INFO bsky_collector_v2.job.index_feed_generators: indexed repo=did:plc:rmgs32cdv5jdycrgewpsghfd part=724 records=1 next_cursor=set
2026-02-20T06:09:18Z INFO bsky_collector_v2.job.index_feed_generators: indexed repo=did:plc:vqsnsxo64zjkhtv24pepw5f6 part=725 records=1 next_cursor=set
2026-02-20T06:09:31Z INFO bsky_collector_v2.job.index_feed_generators: enqueued repos page=20 mode=listRepos inserted=500 repos_returned=500 next_cursor=set
2026-02-20T06:09:43Z WARNING bsky_collector_v2.job.index_feed_generators: listRecords failed repo=did:plc:5ywck7on7o2d6vbeagb4abv2 err=HttpError('InvalidRequest: Could not find repo: did:plc:5ywck7on7o2d6vbeagb4abv2')
2026-02-20T06:10:20Z INFO bsky_collector_v2.job.index_feed_generators: indexed repo=did:plc:kv5speg6xuafgy2islc7diwv part=726 records=4 next_cursor=set
2026-02-20T06:10:23Z INFO bsky_collector_v2.job.index_feed_generators: indexed repo=did:plc:m36exqmax43sxwzhmilci7kx part=727 records=1 next_cursor=set
2026-02-20T06:10:28Z WARNING bsky_collector_v2.job.index_feed_generators: listRecords failed repo=did:plc:n3caztogtjauposuc6s5jgso err=HttpError('InvalidRequest: Could not find repo: did:plc:n3caztogtjauposuc6s5jgso')
2026-02-20T06:10:29Z WARNING bsky_collector_v2.job.index_feed_generators: listRecords failed repo=did:plc:nd5lzcssgfcg5ymkhfak6wha err=HttpError('InvalidRequest: Could not find repo: did:plc:nd5lzcssgfcg5ymkhfak6wha')
2026-02-20T06:11:19Z WARNING bsky_collector_v2.job.index_feed_generators: listRecords failed repo=did:plc:5ywck7on7o2d6vbeagb4abv2 err=HttpError('InvalidRequest: Could not find repo: did:plc:5ywck7on7o2d6vbeagb4abv2')
2026-02-20T06:11:19Z WARNING bsky_collector_v2.job.index_feed_generators: listRecords failed repo=did:plc:n3caztogtjauposuc6s5jgso err=HttpError('InvalidRequest: Could not find repo: did:plc:n3caztogtjauposuc6s5jgso')
2026-02-20T06:11:19Z WARNING bsky_collector_v2.job.index_feed_generators: listRecords failed repo=did:plc:nd5lzcssgfcg5ymkhfak6wha err=HttpError('InvalidRequest: Could not find repo: did:plc:nd5lzcssgfcg5ymkhfak6wha')
2026-02-20T06:11:20Z WARNING bsky_collector_v2.job.index_feed_generators: listRecords failed repo=did:plc:5ywck7on7o2d6vbeagb4abv2 err=HttpError('InvalidRequest: Could not find repo: did:plc:5ywck7on7o2d6vbeagb4abv2')
2026-02-20T06:11:20Z WARNING bsky_collector_v2.job.index_feed_generators: listRecords failed repo=did:plc:n3caztogtjauposuc6s5jgso err=HttpError('InvalidRequest: Could not find repo: did:plc:n3caztogtjauposuc6s5jgso')
2026-02-20T06:11:20Z WARNING bsky_collector_v2.job.index_feed_generators: listRecords failed repo=did:plc:nd5lzcssgfcg5ymkhfak6wha err=HttpError('InvalidRequest: Could not find repo: did:plc:nd5lzcssgfcg5ymkhfak6wha')
2026-02-20T06:11:20Z INFO bsky_collector_v2.job.index_feed_generators: enqueued repos page=21 mode=listRepos inserted=500 repos_returned=500 next_cursor=set
2026-02-20T06:11:24Z INFO bsky_collector_v2.job.index_feed_generators: indexed repo=did:plc:2hppfs34q5o2qswdpmmam6ts part=728 records=1 next_cursor=set
2026-02-20T06:11:40Z INFO bsky_collector_v2.job.index_feed_generators: indexed repo=did:plc:7hkvv6ony3b42zsuu4paznj2 part=729 records=2 next_cursor=set
2026-02-20T06:12:04Z INFO bsky_collector_v2.job.index_feed_generators: indexed repo=did:plc:hzhrhnlmwi4zehsn7venigdn part=730 records=1 next_cursor=set
2026-02-20T06:12:14Z WARNING bsky_collector_v2.job.index_feed_generators: listRecords failed repo=did:plc:lbsjzjhts5xsl4svmikrgmy3 err=HttpError('InvalidRequest: Could not find repo: did:plc:lbsjzjhts5xsl4svmikrgmy3')
2026-02-20T06:12:25Z INFO bsky_collector_v2.job.index_feed_generators: indexed repo=did:plc:p7fqupn2kumxdu76mhd47vum part=731 records=1 next_cursor=set
2026-02-20T06:12:48Z INFO bsky_collector_v2.job.index_feed_generators: indexed repo=did:plc:xmd2qcvomq6bdxi6kiynsljf part=732 records=9 next_cursor=set
2026-02-20T06:12:54Z INFO bsky_collector_v2.job.index_feed_generators: indexed repo=did:plc:yxyxkmfx4m7snndslfquu7k3 part=733 records=1 next_cursor=set
2026-02-20T06:12:56Z INFO bsky_collector_v2.job.index_feed_generators: indexed repo=did:plc:znjs26tvyso7dskv5oijoh7p part=734 records=1 next_cursor=set
2026-02-20T06:12:58Z WARNING bsky_collector_v2.job.index_feed_generators: listRecords failed repo=did:plc:lbsjzjhts5xsl4svmikrgmy3 err=HttpError('InvalidRequest: Could not find repo: did:plc:lbsjzjhts5xsl4svmikrgmy3')
2026-02-20T06:12:59Z WARNING bsky_collector_v2.job.index_feed_generators: listRecords failed repo=did:plc:lbsjzjhts5xsl4svmikrgmy3 err=HttpError('InvalidRequest: Could not find repo: did:plc:lbsjzjhts5xsl4svmikrgmy3')
2026-02-20T06:12:59Z INFO bsky_collector_v2.job.index_feed_generators: enqueued repos page=22 mode=listRepos inserted=500 repos_returned=500 next_cursor=set
2026-02-20T06:13:11Z INFO bsky_collector_v2.job.index_feed_generators: indexed repo=did:plc:5potqgqpn5nxntdi6xce7soc part=735 records=1 next_cursor=set
2026-02-20T06:13:30Z INFO bsky_collector_v2.job.index_feed_generators: indexed repo=did:plc:fnr2lairadgrthyszgr4vdho part=736 records=1 next_cursor=set
2026-02-20T06:13:38Z INFO bsky_collector_v2.job.index_feed_generators: indexed repo=did:plc:idlfneucftov7zrrz323o53l part=737 records=1 next_cursor=set
2026-02-20T06:13:49Z INFO bsky_collector_v2.job.index_feed_generators: indexed repo=did:plc:mb7bsjm4q43s2sbl2eplnndx part=738 records=1 next_cursor=set
2026-02-20T06:13:59Z WARNING bsky_collector_v2.job.index_feed_generators: listRecords failed repo=did:plc:prw7ekyvmkpizkj4iqjwfmdu err=HttpError('InvalidRequest: Could not find repo: did:plc:prw7ekyvmkpizkj4iqjwfmdu')
2026-02-20T06:14:07Z WARNING bsky_collector_v2.job.index_feed_generators: listRecords failed repo=did:plc:tivcs4dv5oomxequc6dr4vph err=HttpError('InvalidRequest: Could not find repo: did:plc:tivcs4dv5oomxequc6dr4vph')
2026-02-20T06:14:31Z WARNING bsky_collector_v2.job.index_feed_generators: listRecords failed repo=did:plc:prw7ekyvmkpizkj4iqjwfmdu err=HttpError('InvalidRequest: Could not find repo: did:plc:prw7ekyvmkpizkj4iqjwfmdu')
2026-02-20T06:14:32Z WARNING bsky_collector_v2.job.index_feed_generators: listRecords failed repo=did:plc:tivcs4dv5oomxequc6dr4vph err=HttpError('InvalidRequest: Could not find repo: did:plc:tivcs4dv5oomxequc6dr4vph')
2026-02-20T06:14:32Z WARNING bsky_collector_v2.job.index_feed_generators: listRecords failed repo=did:plc:prw7ekyvmkpizkj4iqjwfmdu err=HttpError('InvalidRequest: Could not find repo: did:plc:prw7ekyvmkpizkj4iqjwfmdu')
2026-02-20T06:14:32Z WARNING bsky_collector_v2.job.index_feed_generators: listRecords failed repo=did:plc:tivcs4dv5oomxequc6dr4vph err=HttpError('InvalidRequest: Could not find repo: did:plc:tivcs4dv5oomxequc6dr4vph')
2026-02-20T06:14:32Z INFO bsky_collector_v2.job.index_feed_generators: enqueued repos page=23 mode=listRepos inserted=500 repos_returned=500 next_cursor=set
2026-02-20T06:14:53Z INFO bsky_collector_v2.job.index_feed_generators: indexed repo=did:plc:a633kvjh6wl35nggfyiybhlo part=739 records=1 next_cursor=set
2026-02-20T06:15:34Z INFO bsky_collector_v2.job.index_feed_generators: indexed repo=did:plc:onsmspemj6p3zoxfbxc6yaiw part=740 records=2 next_cursor=set
2026-02-20T06:15:41Z INFO bsky_collector_v2.job.index_feed_generators: indexed repo=did:plc:qrpbarfidfovc4u3aqfh3a7s part=741 records=1 next_cursor=set
2026-02-20T06:15:55Z INFO bsky_collector_v2.job.index_feed_generators: indexed repo=did:plc:vrvmseiqddclfgxahf2ej7of part=742 records=1 next_cursor=set
2026-02-20T06:15:57Z INFO bsky_collector_v2.job.index_feed_generators: indexed repo=did:plc:wjsp4fxbcbjhytancp2jfrzr part=743 records=2 next_cursor=set
2026-02-20T06:16:01Z INFO bsky_collector_v2.job.index_feed_generators: indexed repo=did:plc:y3cxbcm7lqguyzf654z3lozc part=744 records=3 next_cursor=set
2026-02-20T06:16:07Z INFO bsky_collector_v2.job.index_feed_generators: indexed repo=did:plc:zxfblq5sileh2uyx7tryvlcg part=745 records=1 next_cursor=set
2026-02-20T06:16:09Z INFO bsky_collector_v2.job.index_feed_generators: enqueued repos page=24 mode=listRepos inserted=500 repos_returned=500 next_cursor=set
2026-02-20T06:16:22Z WARNING bsky_collector_v2.job.index_feed_generators: listRecords failed repo=did:plc:6rwxcfiy5dk3qmwx6b27mao4 err=HttpError('InvalidRequest: Could not find repo: did:plc:6rwxcfiy5dk3qmwx6b27mao4')
2026-02-20T06:16:25Z INFO bsky_collector_v2.job.index_feed_generators: indexed repo=did:plc:a7qzv5uhgnujhv5onrukdjhf part=746 records=1 next_cursor=set
2026-02-20T06:16:57Z INFO bsky_collector_v2.job.index_feed_generators: indexed repo=did:plc:jalm3lbfh6zno57a5kp5gg2q part=747 records=1 next_cursor=set
2026-02-20T06:16:58Z WARNING bsky_collector_v2.job.index_feed_generators: listRecords failed repo=did:plc:jpx24rc7n327tlpdwtsibki4 err=HttpError('InvalidRequest: Could not find repo: did:plc:jpx24rc7n327tlpdwtsibki4')
2026-02-20T06:17:10Z INFO bsky_collector_v2.job.index_feed_generators: indexed repo=did:plc:owzgr3gyv25r4f6u4l2ztste part=748 records=5 next_cursor=set
2026-02-20T06:17:38Z INFO bsky_collector_v2.job.index_feed_generators: indexed repo=did:plc:ylhuvmjdcgrkihxvkncuwkks part=749 records=1 next_cursor=set
2026-02-20T06:17:43Z WARNING bsky_collector_v2.job.index_feed_generators: listRecords failed repo=did:plc:6rwxcfiy5dk3qmwx6b27mao4 err=HttpError('InvalidRequest: Could not find repo: did:plc:6rwxcfiy5dk3qmwx6b27mao4')
2026-02-20T06:17:43Z WARNING bsky_collector_v2.job.index_feed_generators: listRecords failed repo=did:plc:jpx24rc7n327tlpdwtsibki4 err=HttpError('InvalidRequest: Could not find repo: did:plc:jpx24rc7n327tlpdwtsibki4')
2026-02-20T06:17:44Z WARNING bsky_collector_v2.job.index_feed_generators: listRecords failed repo=did:plc:6rwxcfiy5dk3qmwx6b27mao4 err=HttpError('InvalidRequest: Could not find repo: did:plc:6rwxcfiy5dk3qmwx6b27mao4')
2026-02-20T06:17:44Z WARNING bsky_collector_v2.job.index_feed_generators: listRecords failed repo=did:plc:jpx24rc7n327tlpdwtsibki4 err=HttpError('InvalidRequest: Could not find repo: did:plc:jpx24rc7n327tlpdwtsibki4')
2026-02-20T06:17:45Z INFO bsky_collector_v2.job.index_feed_generators: enqueued repos page=25 mode=listRepos inserted=500 repos_returned=500 next_cursor=set
2026-02-20T06:17:56Z INFO bsky_collector_v2.job.index_feed_generators: indexed repo=did:plc:5dzrjluobjefwb2eagcpixej part=750 records=1 next_cursor=set
2026-02-20T06:18:43Z INFO bsky_collector_v2.job.index_feed_generators: indexed repo=did:plc:pgmrw2xqlcqiagpe322anh3y part=751 records=1 next_cursor=set
2026-02-20T06:18:44Z INFO bsky_collector_v2.job.index_feed_generators: indexed repo=did:plc:pmlnkgxtzjlzsky3iypkhabj part=752 records=1 next_cursor=set
2026-02-20T06:18:47Z WARNING bsky_collector_v2.job.index_feed_generators: listRecords failed repo=did:plc:qcsveck7i2laayvgkjkfinx3 err=HttpError('InvalidRequest: Could not find repo: did:plc:qcsveck7i2laayvgkjkfinx3')
2026-02-20T06:18:59Z INFO bsky_collector_v2.job.index_feed_generators: indexed repo=did:plc:um266qqkxgl4dem2unipgxau part=753 records=2 next_cursor=set
2026-02-20T06:19:01Z INFO bsky_collector_v2.job.index_feed_generators: indexed repo=did:plc:v75wrl5c4rv6gfz3k6xxpd7w part=754 records=1 next_cursor=set
2026-02-20T06:19:11Z WARNING bsky_collector_v2.job.index_feed_generators: listRecords failed repo=did:plc:xo2nmao4rezvpejb7i6uyy7k err=HttpError('InvalidRequest: Could not find repo: did:plc:xo2nmao4rezvpejb7i6uyy7k')
2026-02-20T06:19:18Z WARNING bsky_collector_v2.job.index_feed_generators: listRecords failed repo=did:plc:qcsveck7i2laayvgkjkfinx3 err=HttpError('InvalidRequest: Could not find repo: did:plc:qcsveck7i2laayvgkjkfinx3')
2026-02-20T06:19:19Z WARNING bsky_collector_v2.job.index_feed_generators: listRecords failed repo=did:plc:xo2nmao4rezvpejb7i6uyy7k err=HttpError('InvalidRequest: Could not find repo: did:plc:xo2nmao4rezvpejb7i6uyy7k')
2026-02-20T06:19:19Z WARNING bsky_collector_v2.job.index_feed_generators: listRecords failed repo=did:plc:qcsveck7i2laayvgkjkfinx3 err=HttpError('InvalidRequest: Could not find repo: did:plc:qcsveck7i2laayvgkjkfinx3')
2026-02-20T06:19:19Z WARNING bsky_collector_v2.job.index_feed_generators: listRecords failed repo=did:plc:xo2nmao4rezvpejb7i6uyy7k err=HttpError('InvalidRequest: Could not find repo: did:plc:xo2nmao4rezvpejb7i6uyy7k')
2026-02-20T06:19:19Z INFO bsky_collector_v2.job.index_feed_generators: enqueued repos page=26 mode=listRepos inserted=500 repos_returned=500 next_cursor=set
2026-02-20T06:19:22Z WARNING bsky_collector_v2.job.index_feed_generators: listRecords failed repo=did:plc:2kj4ktqc4ozmyhg5matfkecp err=HttpError('InvalidRequest: Could not find repo: did:plc:2kj4ktqc4ozmyhg5matfkecp')
2026-02-20T06:19:44Z INFO bsky_collector_v2.job.index_feed_generators: indexed repo=did:plc:cd7eincdwa3g5rhrrbj67r4u part=755 records=11 next_cursor=set
2026-02-20T06:19:52Z WARNING bsky_collector_v2.job.index_feed_generators: listRecords failed repo=did:plc:f6wdwfcttpejphpp355kmetm err=HttpError('InvalidRequest: Could not find repo: did:plc:f6wdwfcttpejphpp355kmetm')
2026-02-20T06:20:08Z WARNING bsky_collector_v2.job.index_feed_generators: listRecords failed repo=did:plc:kifx4s77p3hq744t4kicvsdp err=HttpError('InvalidRequest: Could not find repo: did:plc:kifx4s77p3hq744t4kicvsdp')
2026-02-20T06:20:22Z INFO bsky_collector_v2.job.index_feed_generators: indexed repo=did:plc:p7ovnuwgclapgtfan52mp2ov part=756 records=1 next_cursor=set
2026-02-20T06:20:24Z INFO bsky_collector_v2.job.index_feed_generators: indexed repo=did:plc:pwv7i5qfjqzey5c7hrywyhct part=757 records=1 next_cursor=set
2026-02-20T06:20:46Z INFO bsky_collector_v2.job.index_feed_generators: indexed repo=did:plc:xvw4uorwdni7awwj7nak34d3 part=758 records=1 next_cursor=set
2026-02-20T06:20:48Z INFO bsky_collector_v2.job.index_feed_generators: indexed repo=did:plc:yexah2jc4tvhowzwkn73uenh part=759 records=1 next_cursor=set
2026-02-20T06:20:52Z WARNING bsky_collector_v2.job.index_feed_generators: listRecords failed repo=did:plc:2kj4ktqc4ozmyhg5matfkecp err=HttpError('InvalidRequest: Could not find repo: did:plc:2kj4ktqc4ozmyhg5matfkecp')
2026-02-20T06:20:52Z WARNING bsky_collector_v2.job.index_feed_generators: listRecords failed repo=did:plc:f6wdwfcttpejphpp355kmetm err=HttpError('InvalidRequest: Could not find repo: did:plc:f6wdwfcttpejphpp355kmetm')
2026-02-20T06:20:52Z WARNING bsky_collector_v2.job.index_feed_generators: listRecords failed repo=did:plc:kifx4s77p3hq744t4kicvsdp err=HttpError('InvalidRequest: Could not find repo: did:plc:kifx4s77p3hq744t4kicvsdp')
2026-02-20T06:20:53Z WARNING bsky_collector_v2.job.index_feed_generators: listRecords failed repo=did:plc:2kj4ktqc4ozmyhg5matfkecp err=HttpError('InvalidRequest: Could not find repo: did:plc:2kj4ktqc4ozmyhg5matfkecp')
2026-02-20T06:20:53Z WARNING bsky_collector_v2.job.index_feed_generators: listRecords failed repo=did:plc:f6wdwfcttpejphpp355kmetm err=HttpError('InvalidRequest: Could not find repo: did:plc:f6wdwfcttpejphpp355kmetm')
2026-02-20T06:20:53Z WARNING bsky_collector_v2.job.index_feed_generators: listRecords failed repo=did:plc:kifx4s77p3hq744t4kicvsdp err=HttpError('InvalidRequest: Could not find repo: did:plc:kifx4s77p3hq744t4kicvsdp')
2026-02-20T06:20:54Z INFO bsky_collector_v2.job.index_feed_generators: enqueued repos page=27 mode=listRepos inserted=500 repos_returned=500 next_cursor=set
2026-02-20T06:20:54Z WARNING bsky_collector_v2.job.index_feed_generators: listRecords failed repo=did:plc:22yr3szl232qjr3crlbvojf7 err=HttpError('InvalidRequest: Could not find repo: did:plc:22yr3szl232qjr3crlbvojf7')
2026-02-20T06:21:19Z INFO bsky_collector_v2.job.index_feed_generators: indexed repo=did:plc:dlnabx3idq4tpyjyra4srjqu part=760 records=1 next_cursor=set
2026-02-20T06:21:29Z INFO bsky_collector_v2.job.index_feed_generators: indexed repo=did:plc:hgb4fc4zbcnoni4t3alb3hkl part=761 records=1 next_cursor=set
2026-02-20T06:21:43Z INFO bsky_collector_v2.job.index_feed_generators: indexed repo=did:plc:l3djuf7oyovspyoyxpziojbp part=762 records=1 next_cursor=set
2026-02-20T06:22:28Z WARNING bsky_collector_v2.job.index_feed_generators: listRecords failed repo=did:plc:22yr3szl232qjr3crlbvojf7 err=HttpError('InvalidRequest: Could not find repo: did:plc:22yr3szl232qjr3crlbvojf7')
2026-02-20T06:22:29Z WARNING bsky_collector_v2.job.index_feed_generators: listRecords failed repo=did:plc:22yr3szl232qjr3crlbvojf7 err=HttpError('InvalidRequest: Could not find repo: did:plc:22yr3szl232qjr3crlbvojf7')
2026-02-20T06:22:29Z INFO bsky_collector_v2.job.index_feed_generators: enqueued repos page=28 mode=listRepos inserted=500 repos_returned=500 next_cursor=set
2026-02-20T06:22:37Z INFO bsky_collector_v2.job.index_feed_generators: indexed repo=did:plc:3tbi7qojk3r67harl2vhaopq part=763 records=1 next_cursor=set
2026-02-20T06:23:08Z INFO bsky_collector_v2.job.index_feed_generators: indexed repo=did:plc:fdotrxl7bla5yqiuhzsinuni part=764 records=1 next_cursor=set
2026-02-20T06:23:19Z INFO bsky_collector_v2.job.index_feed_generators: indexed repo=did:plc:jcgnxym25gn223kpyjhyo3n4 part=765 records=1 next_cursor=set
2026-02-20T06:23:30Z WARNING bsky_collector_v2.job.index_feed_generators: listRecords failed repo=did:plc:mrthjpvae4obmhivsy7vngi7 err=HttpError('InvalidRequest: Could not find repo: did:plc:mrthjpvae4obmhivsy7vngi7')
2026-02-20T06:23:52Z INFO bsky_collector_v2.job.index_feed_generators: indexed repo=did:plc:u2mz3stkh6qgiis2chgm67t6 part=766 records=1 next_cursor=set
2026-02-20T06:23:53Z INFO bsky_collector_v2.job.index_feed_generators: indexed repo=did:plc:ustsegjr2utcduwwfyqchvsx part=767 records=1 next_cursor=set
2026-02-20T06:24:05Z WARNING bsky_collector_v2.job.index_feed_generators: listRecords failed repo=did:plc:mrthjpvae4obmhivsy7vngi7 err=HttpError('InvalidRequest: Could not find repo: did:plc:mrthjpvae4obmhivsy7vngi7')
2026-02-20T06:24:06Z WARNING bsky_collector_v2.job.index_feed_generators: listRecords failed repo=did:plc:mrthjpvae4obmhivsy7vngi7 err=HttpError('InvalidRequest: Could not find repo: did:plc:mrthjpvae4obmhivsy7vngi7')
2026-02-20T06:24:06Z INFO bsky_collector_v2.job.index_feed_generators: enqueued repos page=29 mode=listRepos inserted=500 repos_returned=500 next_cursor=set
2026-02-20T06:24:07Z INFO bsky_collector_v2.job.index_feed_generators: indexed repo=did:plc:2fxzk4iav3uolv2zf4ngosnt part=768 records=1 next_cursor=set
2026-02-20T06:24:30Z INFO bsky_collector_v2.job.index_feed_generators: indexed repo=did:plc:bqzh3x67scm7pswp2gemwqga part=769 records=1 next_cursor=set
2026-02-20T06:24:40Z WARNING bsky_collector_v2.job.index_feed_generators: listRecords failed repo=did:plc:f4p34dve7two7lmm2675f6dn err=HttpError('InvalidRequest: Could not find repo: did:plc:f4p34dve7two7lmm2675f6dn')
2026-02-20T06:24:47Z INFO bsky_collector_v2.job.index_feed_generators: indexed repo=did:plc:hlk46gapjmji2ltx2ovzzptw part=770 records=6 next_cursor=set
2026-02-20T06:24:53Z WARNING bsky_collector_v2.job.index_feed_generators: listRecords failed repo=did:plc:jna3equupazy5kexgqznruv4 err=HttpError('InvalidRequest: Could not find repo: did:plc:jna3equupazy5kexgqznruv4')
2026-02-20T06:25:21Z INFO bsky_collector_v2.job.index_feed_generators: indexed repo=did:plc:sdiuauvwufeyrd2aietiu2m7 part=771 records=1 next_cursor=set
2026-02-20T06:25:52Z WARNING bsky_collector_v2.job.index_feed_generators: listRecords failed repo=did:plc:f4p34dve7two7lmm2675f6dn err=HttpError('InvalidRequest: Could not find repo: did:plc:f4p34dve7two7lmm2675f6dn')
2026-02-20T06:25:52Z WARNING bsky_collector_v2.job.index_feed_generators: listRecords failed repo=did:plc:jna3equupazy5kexgqznruv4 err=HttpError('InvalidRequest: Could not find repo: did:plc:jna3equupazy5kexgqznruv4')
2026-02-20T06:25:52Z WARNING bsky_collector_v2.job.index_feed_generators: listRecords failed repo=did:plc:f4p34dve7two7lmm2675f6dn err=HttpError('InvalidRequest: Could not find repo: did:plc:f4p34dve7two7lmm2675f6dn')
2026-02-20T06:25:53Z WARNING bsky_collector_v2.job.index_feed_generators: listRecords failed repo=did:plc:jna3equupazy5kexgqznruv4 err=HttpError('InvalidRequest: Could not find repo: did:plc:jna3equupazy5kexgqznruv4')
2026-02-20T06:25:53Z INFO bsky_collector_v2.job.index_feed_generators: enqueued repos page=30 mode=listRepos inserted=500 repos_returned=500 next_cursor=set
2026-02-20T06:25:59Z INFO bsky_collector_v2.job.index_feed_generators: indexed repo=did:plc:4kw4jyospl6p3xdct37p44qy part=772 records=1 next_cursor=set
2026-02-20T06:26:10Z WARNING bsky_collector_v2.job.index_feed_generators: listRecords failed repo=did:plc:7xnzfatinqrgutspserpnd3u err=HttpError('InvalidRequest: Could not find repo: did:plc:7xnzfatinqrgutspserpnd3u')
2026-02-20T06:26:30Z WARNING bsky_collector_v2.job.index_feed_generators: listRecords failed repo=did:plc:ednkpuzhuwrktjjfuqbnx7oi err=HttpError('InvalidRequest: Could not find repo: did:plc:ednkpuzhuwrktjjfuqbnx7oi')
2026-02-20T06:26:56Z WARNING bsky_collector_v2.job.index_feed_generators: listRecords failed repo=did:plc:mtfkshzi5zocikqyrtw7cat4 err=HttpError('InvalidRequest: Could not find repo: did:plc:mtfkshzi5zocikqyrtw7cat4')
2026-02-20T06:26:56Z INFO bsky_collector_v2.job.index_feed_generators: indexed repo=did:plc:my2yp5frjh7ry7htgp37jdm2 part=773 records=1 next_cursor=set
2026-02-20T06:26:58Z INFO bsky_collector_v2.job.index_feed_generators: indexed repo=did:plc:njfk7bskw34vm3ger5jdfny2 part=774 records=2 next_cursor=set
2026-02-20T06:27:05Z INFO bsky_collector_v2.job.index_feed_generators: indexed repo=did:plc:q6x4foxjsstudrkgfqazef7x part=775 records=2 next_cursor=set
2026-02-20T06:27:33Z INFO bsky_collector_v2.job.index_feed_generators: indexed repo=did:plc:xwrhcxvsp3ixd3c363gxi3n5 part=776 records=3 next_cursor=set
2026-02-20T06:27:34Z INFO bsky_collector_v2.job.index_feed_generators: indexed repo=did:plc:ybwfjdcfwtmuozmld5uuzuyp part=777 records=1 next_cursor=set
2026-02-20T06:27:34Z WARNING bsky_collector_v2.job.index_feed_generators: listRecords failed repo=did:plc:yfupj7d3mo7r25js6yef3xel err=HttpError('InvalidRequest: Could not find repo: did:plc:yfupj7d3mo7r25js6yef3xel')
2026-02-20T06:27:35Z INFO bsky_collector_v2.job.index_feed_generators: indexed repo=did:plc:yu7rafrmq2xtp5zeghehnzqu part=778 records=1 next_cursor=set
2026-02-20T06:27:38Z WARNING bsky_collector_v2.job.index_feed_generators: listRecords failed repo=did:plc:7xnzfatinqrgutspserpnd3u err=HttpError('InvalidRequest: Could not find repo: did:plc:7xnzfatinqrgutspserpnd3u')
2026-02-20T06:27:38Z WARNING bsky_collector_v2.job.index_feed_generators: listRecords failed repo=did:plc:ednkpuzhuwrktjjfuqbnx7oi err=HttpError('InvalidRequest: Could not find repo: did:plc:ednkpuzhuwrktjjfuqbnx7oi')
2026-02-20T06:27:38Z WARNING bsky_collector_v2.job.index_feed_generators: listRecords failed repo=did:plc:mtfkshzi5zocikqyrtw7cat4 err=HttpError('InvalidRequest: Could not find repo: did:plc:mtfkshzi5zocikqyrtw7cat4')
2026-02-20T06:27:39Z WARNING bsky_collector_v2.job.index_feed_generators: listRecords failed repo=did:plc:yfupj7d3mo7r25js6yef3xel err=HttpError('InvalidRequest: Could not find repo: did:plc:yfupj7d3mo7r25js6yef3xel')
2026-02-20T06:27:39Z WARNING bsky_collector_v2.job.index_feed_generators: listRecords failed repo=did:plc:7xnzfatinqrgutspserpnd3u err=HttpError('InvalidRequest: Could not find repo: did:plc:7xnzfatinqrgutspserpnd3u')
2026-02-20T06:27:39Z WARNING bsky_collector_v2.job.index_feed_generators: listRecords failed repo=did:plc:ednkpuzhuwrktjjfuqbnx7oi err=HttpError('InvalidRequest: Could not find repo: did:plc:ednkpuzhuwrktjjfuqbnx7oi')
2026-02-20T06:27:39Z WARNING bsky_collector_v2.job.index_feed_generators: listRecords failed repo=did:plc:mtfkshzi5zocikqyrtw7cat4 err=HttpError('InvalidRequest: Could not find repo: did:plc:mtfkshzi5zocikqyrtw7cat4')
2026-02-20T06:27:39Z WARNING bsky_collector_v2.job.index_feed_generators: listRecords failed repo=did:plc:yfupj7d3mo7r25js6yef3xel err=HttpError('InvalidRequest: Could not find repo: did:plc:yfupj7d3mo7r25js6yef3xel')
2026-02-20T06:27:40Z INFO bsky_collector_v2.job.index_feed_generators: enqueued repos page=31 mode=listRepos inserted=500 repos_returned=500 next_cursor=set
2026-02-20T06:27:57Z INFO bsky_collector_v2.job.index_feed_generators: indexed repo=did:plc:ax2xk7dcyaryhs7fqnpcmy23 part=779 records=2 next_cursor=set
2026-02-20T06:28:05Z WARNING bsky_collector_v2.job.index_feed_generators: listRecords failed repo=did:plc:e3d62owid25s7otl6tljs2kq err=HttpError('InvalidRequest: Could not find repo: did:plc:e3d62owid25s7otl6tljs2kq')
2026-02-20T06:28:27Z INFO bsky_collector_v2.job.index_feed_generators: indexed repo=did:plc:m72y4mvthvnlhajujtdht56k part=780 records=2 next_cursor=set
2026-02-20T06:29:15Z WARNING bsky_collector_v2.job.index_feed_generators: listRecords failed repo=did:plc:e3d62owid25s7otl6tljs2kq err=HttpError('InvalidRequest: Could not find repo: did:plc:e3d62owid25s7otl6tljs2kq')
2026-02-20T06:29:16Z WARNING bsky_collector_v2.job.index_feed_generators: listRecords failed repo=did:plc:e3d62owid25s7otl6tljs2kq err=HttpError('InvalidRequest: Could not find repo: did:plc:e3d62owid25s7otl6tljs2kq')
2026-02-20T06:29:16Z INFO bsky_collector_v2.job.index_feed_generators: enqueued repos page=32 mode=listRepos inserted=500 repos_returned=500 next_cursor=set
2026-02-20T06:30:16Z WARNING bsky_collector_v2.job.index_feed_generators: listRecords failed repo=did:plc:ou2iogzbnv32mbn4azctpbdy err=HttpError('InvalidRequest: Could not find repo: did:plc:ou2iogzbnv32mbn4azctpbdy')
2026-02-20T06:30:30Z WARNING bsky_collector_v2.job.index_feed_generators: listRecords failed repo=did:plc:u7godwoedrb6tq545vxn3wam err=HttpError('InvalidRequest: Could not find repo: did:plc:u7godwoedrb6tq545vxn3wam')
2026-02-20T06:30:47Z WARNING bsky_collector_v2.job.index_feed_generators: listRecords failed repo=did:plc:ou2iogzbnv32mbn4azctpbdy err=HttpError('InvalidRequest: Could not find repo: did:plc:ou2iogzbnv32mbn4azctpbdy')
2026-02-20T06:30:47Z WARNING bsky_collector_v2.job.index_feed_generators: listRecords failed repo=did:plc:u7godwoedrb6tq545vxn3wam err=HttpError('InvalidRequest: Could not find repo: did:plc:u7godwoedrb6tq545vxn3wam')
2026-02-20T06:30:47Z WARNING bsky_collector_v2.job.index_feed_generators: listRecords failed repo=did:plc:ou2iogzbnv32mbn4azctpbdy err=HttpError('InvalidRequest: Could not find repo: did:plc:ou2iogzbnv32mbn4azctpbdy')
2026-02-20T06:30:48Z WARNING bsky_collector_v2.job.index_feed_generators: listRecords failed repo=did:plc:u7godwoedrb6tq545vxn3wam err=HttpError('InvalidRequest: Could not find repo: did:plc:u7godwoedrb6tq545vxn3wam')
2026-02-20T06:30:48Z INFO bsky_collector_v2.job.index_feed_generators: enqueued repos page=33 mode=listRepos inserted=500 repos_returned=500 next_cursor=set
2026-02-20T06:31:30Z WARNING bsky_collector_v2.job.index_feed_generators: listRecords failed repo=did:plc:i2qa6exwucmazksr52p3vrff err=HttpError('InvalidRequest: Could not find repo: did:plc:i2qa6exwucmazksr52p3vrff')
2026-02-20T06:31:40Z INFO bsky_collector_v2.job.index_feed_generators: indexed repo=did:plc:mdqvxopt47fgcmelavzrptru part=781 records=2 next_cursor=set
2026-02-20T06:31:48Z INFO bsky_collector_v2.job.index_feed_generators: indexed repo=did:plc:pejxtximr7waeup67d4mprs3 part=782 records=2 next_cursor=set
