2026-03-21T18:31:15Z INFO bsky_collector_v2: out_base ok path=/Volumes/T9/BlueSky/data_v2_full mount=/Volumes/T9
2026-03-21T18:31:15Z INFO bsky_collector_v2: job start subcommand=index-feed-generators dry_run=False resume=True
2026-03-21T18:31:16Z INFO bsky_collector_v2.job.index_feed_generators: feed generator index hosts relay_host=https://bsky.network records_host=https://bsky.social auth=yes
2026-03-21T18:31:28Z WARNING bsky_collector_v2.job.index_feed_generators: listRecords failed repo=did:plc:x6bhpduwjljk6trhde5p3qg6 err=HttpError('InvalidRequest: Could not find repo: did:plc:x6bhpduwjljk6trhde5p3qg6')
2026-03-21T18:31:38Z WARNING bsky_collector_v2.job.index_feed_generators: listRecords failed repo=did:plc:5ccrnczswxplofimhcvvgors err=HttpError('InvalidRequest: Could not find repo: did:plc:5ccrnczswxplofimhcvvgors')
2026-03-21T18:31:38Z WARNING bsky_collector_v2.job.index_feed_generators: listRecords failed repo=did:plc:mkqkcbgcxyvjk3rm6hvkqc66 err=HttpError('InvalidRequest: Could not find repo: did:plc:mkqkcbgcxyvjk3rm6hvkqc66')
2026-03-21T18:31:38Z WARNING bsky_collector_v2.job.index_feed_generators: listRecords failed repo=did:plc:x6bhpduwjljk6trhde5p3qg6 err=HttpError('InvalidRequest: Could not find repo: did:plc:x6bhpduwjljk6trhde5p3qg6')
2026-03-21T18:31:38Z WARNING bsky_collector_v2.job.index_feed_generators: listRecords failed repo=did:plc:5ccrnczswxplofimhcvvgors err=HttpError('InvalidRequest: Could not find repo: did:plc:5ccrnczswxplofimhcvvgors')
2026-03-21T18:31:38Z WARNING bsky_collector_v2.job.index_feed_generators: listRecords failed repo=did:plc:mkqkcbgcxyvjk3rm6hvkqc66 err=HttpError('InvalidRequest: Could not find repo: did:plc:mkqkcbgcxyvjk3rm6hvkqc66')
2026-03-21T18:31:38Z WARNING bsky_collector_v2.job.index_feed_generators: listRecords failed repo=did:plc:x6bhpduwjljk6trhde5p3qg6 err=HttpError('InvalidRequest: Could not find repo: did:plc:x6bhpduwjljk6trhde5p3qg6')
2026-03-21T18:31:39Z INFO bsky_collector_v2.job.index_feed_generators: enqueued repos page=1 mode=listRepos inserted=500 repos_returned=500 next_cursor=set
2026-03-21T18:32:10Z WARNING bsky_collector_v2.job.index_feed_generators: listRecords failed repo=did:plc:fryp74nhbpbjjpvks4dvkzto err=HttpError('InvalidRequest: Could not find repo: did:plc:fryp74nhbpbjjpvks4dvkzto')
2026-03-21T18:32:12Z WARNING bsky_collector_v2.job.index_feed_generators: listRecords failed repo=did:plc:gcd6vy7wwyvahucxgxjl5lq6 err=HttpError('InvalidRequest: Could not find repo: did:plc:gcd6vy7wwyvahucxgxjl5lq6')
2026-03-21T18:32:34Z WARNING bsky_collector_v2.job.index_feed_generators: listRecords failed repo=did:plc:limoeuaks3fm42ild4prsrzk err=HttpError('InvalidRequest: Could not find repo: did:plc:limoeuaks3fm42ild4prsrzk')
2026-03-21T18:32:58Z WARNING bsky_collector_v2.job.index_feed_generators: listRecords failed repo=did:plc:ujubp2bfmeq2ja7aomzzkxjw err=HttpError('InvalidRequest: Could not find repo: did:plc:ujubp2bfmeq2ja7aomzzkxjw')
2026-03-21T18:33:04Z WARNING bsky_collector_v2.job.index_feed_generators: listRecords failed repo=did:plc:x3yqcd55zhk7gkzdbtsyq434 err=HttpError('InvalidRequest: Could not find repo: did:plc:x3yqcd55zhk7gkzdbtsyq434')
2026-03-21T18:33:14Z WARNING bsky_collector_v2.job.index_feed_generators: listRecords failed repo=did:plc:fryp74nhbpbjjpvks4dvkzto err=HttpError('InvalidRequest: Could not find repo: did:plc:fryp74nhbpbjjpvks4dvkzto')
2026-03-21T18:33:14Z WARNING bsky_collector_v2.job.index_feed_generators: listRecords failed repo=did:plc:gcd6vy7wwyvahucxgxjl5lq6 err=HttpError('InvalidRequest: Could not find repo: did:plc:gcd6vy7wwyvahucxgxjl5lq6')
2026-03-21T18:33:14Z WARNING bsky_collector_v2.job.index_feed_generators: listRecords failed repo=did:plc:limoeuaks3fm42ild4prsrzk err=HttpError('InvalidRequest: Could not find repo: did:plc:limoeuaks3fm42ild4prsrzk')
2026-03-21T18:33:14Z WARNING bsky_collector_v2.job.index_feed_generators: listRecords failed repo=did:plc:ujubp2bfmeq2ja7aomzzkxjw err=HttpError('InvalidRequest: Could not find repo: did:plc:ujubp2bfmeq2ja7aomzzkxjw')
2026-03-21T18:33:14Z WARNING bsky_collector_v2.job.index_feed_generators: listRecords failed repo=did:plc:x3yqcd55zhk7gkzdbtsyq434 err=HttpError('InvalidRequest: Could not find repo: did:plc:x3yqcd55zhk7gkzdbtsyq434')
2026-03-21T18:33:14Z WARNING bsky_collector_v2.job.index_feed_generators: listRecords failed repo=did:plc:fryp74nhbpbjjpvks4dvkzto err=HttpError('InvalidRequest: Could not find repo: did:plc:fryp74nhbpbjjpvks4dvkzto')
2026-03-21T18:33:14Z WARNING bsky_collector_v2.job.index_feed_generators: listRecords failed repo=did:plc:gcd6vy7wwyvahucxgxjl5lq6 err=HttpError('InvalidRequest: Could not find repo: did:plc:gcd6vy7wwyvahucxgxjl5lq6')
2026-03-21T18:33:14Z WARNING bsky_collector_v2.job.index_feed_generators: listRecords failed repo=did:plc:limoeuaks3fm42ild4prsrzk err=HttpError('InvalidRequest: Could not find repo: did:plc:limoeuaks3fm42ild4prsrzk')
2026-03-21T18:33:14Z WARNING bsky_collector_v2.job.index_feed_generators: listRecords failed repo=did:plc:ujubp2bfmeq2ja7aomzzkxjw err=HttpError('InvalidRequest: Could not find repo: did:plc:ujubp2bfmeq2ja7aomzzkxjw')
2026-03-21T18:33:14Z WARNING bsky_collector_v2.job.index_feed_generators: listRecords failed repo=did:plc:x3yqcd55zhk7gkzdbtsyq434 err=HttpError('InvalidRequest: Could not find repo: did:plc:x3yqcd55zhk7gkzdbtsyq434')
2026-03-21T18:33:15Z INFO bsky_collector_v2.job.index_feed_generators: enqueued repos page=2 mode=listRepos inserted=500 repos_returned=500 next_cursor=set
2026-03-21T18:33:20Z WARNING bsky_collector_v2.job.index_feed_generators: listRecords failed repo=did:plc:42iqabqhybzpflxqybqpx2ro err=HttpError('InvalidRequest: Could not find repo: did:plc:42iqabqhybzpflxqybqpx2ro')
2026-03-21T18:33:26Z WARNING bsky_collector_v2.job.index_feed_generators: listRecords failed repo=did:plc:6kqaw2gcx2j2lrfaggituh77 err=HttpError('InvalidRequest: Could not find repo: did:plc:6kqaw2gcx2j2lrfaggituh77')
2026-03-21T18:33:45Z WARNING bsky_collector_v2.job.index_feed_generators: listRecords failed repo=did:plc:g2i4w35vgds2faieuar4axbe err=HttpError('InvalidRequest: Could not find repo: did:plc:g2i4w35vgds2faieuar4axbe')
2026-03-21T18:34:45Z WARNING bsky_collector_v2.job.index_feed_generators: listRecords failed repo=did:plc:42iqabqhybzpflxqybqpx2ro err=HttpError('InvalidRequest: Could not find repo: did:plc:42iqabqhybzpflxqybqpx2ro')
2026-03-21T18:34:45Z WARNING bsky_collector_v2.job.index_feed_generators: listRecords failed repo=did:plc:6kqaw2gcx2j2lrfaggituh77 err=HttpError('InvalidRequest: Could not find repo: did:plc:6kqaw2gcx2j2lrfaggituh77')
2026-03-21T18:34:46Z WARNING bsky_collector_v2.job.index_feed_generators: listRecords failed repo=did:plc:g2i4w35vgds2faieuar4axbe err=HttpError('InvalidRequest: Could not find repo: did:plc:g2i4w35vgds2faieuar4axbe')
2026-03-21T18:34:46Z WARNING bsky_collector_v2.job.index_feed_generators: listRecords failed repo=did:plc:42iqabqhybzpflxqybqpx2ro err=HttpError('InvalidRequest: Could not find repo: did:plc:42iqabqhybzpflxqybqpx2ro')
2026-03-21T18:34:46Z WARNING bsky_collector_v2.job.index_feed_generators: listRecords failed repo=did:plc:6kqaw2gcx2j2lrfaggituh77 err=HttpError('InvalidRequest: Could not find repo: did:plc:6kqaw2gcx2j2lrfaggituh77')
2026-03-21T18:34:46Z WARNING bsky_collector_v2.job.index_feed_generators: listRecords failed repo=did:plc:g2i4w35vgds2faieuar4axbe err=HttpError('InvalidRequest: Could not find repo: did:plc:g2i4w35vgds2faieuar4axbe')
2026-03-21T18:34:46Z INFO bsky_collector_v2.job.index_feed_generators: enqueued repos page=3 mode=listRepos inserted=500 repos_returned=500 next_cursor=set
2026-03-21T18:35:03Z WARNING bsky_collector_v2.job.index_feed_generators: listRecords failed repo=did:plc:7eawyxl7qcltnyn7qdn2blut err=HttpError('InvalidRequest: Could not find repo: did:plc:7eawyxl7qcltnyn7qdn2blut')
2026-03-21T18:35:47Z WARNING bsky_collector_v2.job.index_feed_generators: listRecords failed repo=did:plc:q4hw2jg7qizraa5mjq5nuvms err=HttpError('InvalidRequest: Could not find repo: did:plc:q4hw2jg7qizraa5mjq5nuvms')
2026-03-21T18:36:16Z WARNING bsky_collector_v2.job.index_feed_generators: listRecords failed repo=did:plc:7eawyxl7qcltnyn7qdn2blut err=HttpError('InvalidRequest: Could not find repo: did:plc:7eawyxl7qcltnyn7qdn2blut')
2026-03-21T18:36:16Z WARNING bsky_collector_v2.job.index_feed_generators: listRecords failed repo=did:plc:q4hw2jg7qizraa5mjq5nuvms err=HttpError('InvalidRequest: Could not find repo: did:plc:q4hw2jg7qizraa5mjq5nuvms')
2026-03-21T18:36:16Z WARNING bsky_collector_v2.job.index_feed_generators: listRecords failed repo=did:plc:7eawyxl7qcltnyn7qdn2blut err=HttpError('InvalidRequest: Could not find repo: did:plc:7eawyxl7qcltnyn7qdn2blut')
2026-03-21T18:36:16Z WARNING bsky_collector_v2.job.index_feed_generators: listRecords failed repo=did:plc:q4hw2jg7qizraa5mjq5nuvms err=HttpError('InvalidRequest: Could not find repo: did:plc:q4hw2jg7qizraa5mjq5nuvms')
2026-03-21T18:36:17Z INFO bsky_collector_v2.job.index_feed_generators: enqueued repos page=4 mode=listRepos inserted=500 repos_returned=500 next_cursor=set
2026-03-21T18:36:18Z WARNING bsky_collector_v2.job.index_feed_generators: listRecords failed repo=did:plc:2foxryensdqbnpjlua5wb2p6 err=HttpError('InvalidRequest: Could not find repo: did:plc:2foxryensdqbnpjlua5wb2p6')
2026-03-21T18:36:21Z WARNING bsky_collector_v2.job.index_feed_generators: listRecords failed repo=did:plc:3mudirdhe6yvnvxblblyo7wd err=HttpError('InvalidRequest: Could not find repo: did:plc:3mudirdhe6yvnvxblblyo7wd')
2026-03-21T18:36:24Z WARNING bsky_collector_v2.job.index_feed_generators: listRecords failed repo=did:plc:4ihuk4ufbjry7atqsq4z7uff err=HttpError('InvalidRequest: Could not find repo: did:plc:4ihuk4ufbjry7atqsq4z7uff')
2026-03-21T18:36:26Z WARNING bsky_collector_v2.job.index_feed_generators: listRecords failed repo=did:plc:5jwqdbxk6oejbk6je27lpgui err=HttpError('InvalidRequest: Could not find repo: did:plc:5jwqdbxk6oejbk6je27lpgui')
2026-03-21T18:36:26Z WARNING bsky_collector_v2.job.index_feed_generators: listRecords failed repo=did:plc:5jyf2ylinuk3m27wiao44wxa err=HttpError('InvalidRequest: Could not find repo: did:plc:5jyf2ylinuk3m27wiao44wxa')
2026-03-21T18:36:46Z INFO bsky_collector_v2.job.index_feed_generators: indexed repo=did:plc:bd65w67ql4mknwjgme6uizso part=174 records=1 next_cursor=set
2026-03-21T18:36:50Z WARNING bsky_collector_v2.job.index_feed_generators: listRecords failed repo=did:plc:ctfdfcrhwod57tx5k7qn6pmz err=HttpError('InvalidRequest: Could not find repo: did:plc:ctfdfcrhwod57tx5k7qn6pmz')
2026-03-21T18:37:22Z WARNING bsky_collector_v2.job.index_feed_generators: listRecords failed repo=did:plc:o53t5kanya3zpks53jnczqum err=HttpError('InvalidRequest: Could not find repo: did:plc:o53t5kanya3zpks53jnczqum')
2026-03-21T18:37:45Z WARNING bsky_collector_v2.job.index_feed_generators: listRecords failed repo=did:plc:w7t3oyuceaozx7fkvbzau4db err=HttpError('InvalidRequest: Could not find repo: did:plc:w7t3oyuceaozx7fkvbzau4db')
2026-03-21T18:37:56Z WARNING bsky_collector_v2.job.index_feed_generators: listRecords failed repo=did:plc:2foxryensdqbnpjlua5wb2p6 err=HttpError('InvalidRequest: Could not find repo: did:plc:2foxryensdqbnpjlua5wb2p6')
2026-03-21T18:37:56Z WARNING bsky_collector_v2.job.index_feed_generators: listRecords failed repo=did:plc:3mudirdhe6yvnvxblblyo7wd err=HttpError('InvalidRequest: Could not find repo: did:plc:3mudirdhe6yvnvxblblyo7wd')
2026-03-21T18:37:56Z WARNING bsky_collector_v2.job.index_feed_generators: listRecords failed repo=did:plc:4ihuk4ufbjry7atqsq4z7uff err=HttpError('InvalidRequest: Could not find repo: did:plc:4ihuk4ufbjry7atqsq4z7uff')
2026-03-21T18:37:56Z WARNING bsky_collector_v2.job.index_feed_generators: listRecords failed repo=did:plc:5jwqdbxk6oejbk6je27lpgui err=HttpError('InvalidRequest: Could not find repo: did:plc:5jwqdbxk6oejbk6je27lpgui')
2026-03-21T18:37:56Z WARNING bsky_collector_v2.job.index_feed_generators: listRecords failed repo=did:plc:5jyf2ylinuk3m27wiao44wxa err=HttpError('InvalidRequest: Could not find repo: did:plc:5jyf2ylinuk3m27wiao44wxa')
2026-03-21T18:37:56Z WARNING bsky_collector_v2.job.index_feed_generators: listRecords failed repo=did:plc:ctfdfcrhwod57tx5k7qn6pmz err=HttpError('InvalidRequest: Could not find repo: did:plc:ctfdfcrhwod57tx5k7qn6pmz')
2026-03-21T18:37:56Z WARNING bsky_collector_v2.job.index_feed_generators: listRecords failed repo=did:plc:o53t5kanya3zpks53jnczqum err=HttpError('InvalidRequest: Could not find repo: did:plc:o53t5kanya3zpks53jnczqum')
2026-03-21T18:37:56Z WARNING bsky_collector_v2.job.index_feed_generators: listRecords failed repo=did:plc:w7t3oyuceaozx7fkvbzau4db err=HttpError('InvalidRequest: Could not find repo: did:plc:w7t3oyuceaozx7fkvbzau4db')
2026-03-21T18:37:57Z WARNING bsky_collector_v2.job.index_feed_generators: listRecords failed repo=did:plc:2foxryensdqbnpjlua5wb2p6 err=HttpError('InvalidRequest: Could not find repo: did:plc:2foxryensdqbnpjlua5wb2p6')
2026-03-21T18:37:57Z WARNING bsky_collector_v2.job.index_feed_generators: listRecords failed repo=did:plc:3mudirdhe6yvnvxblblyo7wd err=HttpError('InvalidRequest: Could not find repo: did:plc:3mudirdhe6yvnvxblblyo7wd')
2026-03-21T18:37:57Z WARNING bsky_collector_v2.job.index_feed_generators: listRecords failed repo=did:plc:4ihuk4ufbjry7atqsq4z7uff err=HttpError('InvalidRequest: Could not find repo: did:plc:4ihuk4ufbjry7atqsq4z7uff')
2026-03-21T18:37:57Z WARNING bsky_collector_v2.job.index_feed_generators: listRecords failed repo=did:plc:5jwqdbxk6oejbk6je27lpgui err=HttpError('InvalidRequest: Could not find repo: did:plc:5jwqdbxk6oejbk6je27lpgui')
2026-03-21T18:37:57Z WARNING bsky_collector_v2.job.index_feed_generators: listRecords failed repo=did:plc:5jyf2ylinuk3m27wiao44wxa err=HttpError('InvalidRequest: Could not find repo: did:plc:5jyf2ylinuk3m27wiao44wxa')
2026-03-21T18:37:57Z WARNING bsky_collector_v2.job.index_feed_generators: listRecords failed repo=did:plc:ctfdfcrhwod57tx5k7qn6pmz err=HttpError('InvalidRequest: Could not find repo: did:plc:ctfdfcrhwod57tx5k7qn6pmz')
2026-03-21T18:37:57Z WARNING bsky_collector_v2.job.index_feed_generators: listRecords failed repo=did:plc:o53t5kanya3zpks53jnczqum err=HttpError('InvalidRequest: Could not find repo: did:plc:o53t5kanya3zpks53jnczqum')
2026-03-21T18:37:57Z WARNING bsky_collector_v2.job.index_feed_generators: listRecords failed repo=did:plc:w7t3oyuceaozx7fkvbzau4db err=HttpError('InvalidRequest: Could not find repo: did:plc:w7t3oyuceaozx7fkvbzau4db')
2026-03-21T18:37:58Z INFO bsky_collector_v2.job.index_feed_generators: enqueued repos page=5 mode=listRepos inserted=500 repos_returned=500 next_cursor=set
2026-03-21T18:38:06Z WARNING bsky_collector_v2.job.index_feed_generators: listRecords failed repo=did:plc:5kjxdqgcgmqvv4s62n23sczo err=HttpError('InvalidRequest: Could not find repo: did:plc:5kjxdqgcgmqvv4s62n23sczo')
2026-03-21T18:38:15Z WARNING bsky_collector_v2.job.index_feed_generators: listRecords failed repo=did:plc:76opjpe2wqwhy74yrtzcb27m err=HttpError('InvalidRequest: Could not find repo: did:plc:76opjpe2wqwhy74yrtzcb27m')
2026-03-21T18:38:18Z WARNING bsky_collector_v2.job.index_feed_generators: listRecords failed repo=did:plc:7tgvmrnxdj7q2tr7iemkikdv err=HttpError('InvalidRequest: Could not find repo: did:plc:7tgvmrnxdj7q2tr7iemkikdv')
2026-03-21T18:38:28Z WARNING bsky_collector_v2.job.index_feed_generators: listRecords failed repo=did:plc:cff2ejh4nuayqugsjlmw7k4d err=HttpError('InvalidRequest: Could not find repo: did:plc:cff2ejh4nuayqugsjlmw7k4d')
2026-03-21T18:38:44Z WARNING bsky_collector_v2.job.index_feed_generators: listRecords failed repo=did:plc:gp6dljgmfoi4olebqnzn2qd2 err=HttpError('InvalidRequest: Could not find repo: did:plc:gp6dljgmfoi4olebqnzn2qd2')
2026-03-21T18:38:56Z WARNING bsky_collector_v2.job.index_feed_generators: listRecords failed repo=did:plc:laaesgirgyeifbzssok7zekh err=HttpError('InvalidRequest: Could not find repo: did:plc:laaesgirgyeifbzssok7zekh')
2026-03-21T18:39:06Z WARNING bsky_collector_v2.job.index_feed_generators: listRecords failed repo=did:plc:p5frqtkhtsupuhx7sna2wgap err=HttpError('InvalidRequest: Could not find repo: did:plc:p5frqtkhtsupuhx7sna2wgap')
2026-03-21T18:39:33Z WARNING bsky_collector_v2.job.index_feed_generators: listRecords failed repo=did:plc:5kjxdqgcgmqvv4s62n23sczo err=HttpError('InvalidRequest: Could not find repo: did:plc:5kjxdqgcgmqvv4s62n23sczo')
2026-03-21T18:39:33Z WARNING bsky_collector_v2.job.index_feed_generators: listRecords failed repo=did:plc:76opjpe2wqwhy74yrtzcb27m err=HttpError('InvalidRequest: Could not find repo: did:plc:76opjpe2wqwhy74yrtzcb27m')
2026-03-21T18:39:33Z WARNING bsky_collector_v2.job.index_feed_generators: listRecords failed repo=did:plc:7tgvmrnxdj7q2tr7iemkikdv err=HttpError('InvalidRequest: Could not find repo: did:plc:7tgvmrnxdj7q2tr7iemkikdv')
2026-03-21T18:39:33Z WARNING bsky_collector_v2.job.index_feed_generators: listRecords failed repo=did:plc:cff2ejh4nuayqugsjlmw7k4d err=HttpError('InvalidRequest: Could not find repo: did:plc:cff2ejh4nuayqugsjlmw7k4d')
2026-03-21T18:39:33Z WARNING bsky_collector_v2.job.index_feed_generators: listRecords failed repo=did:plc:gp6dljgmfoi4olebqnzn2qd2 err=HttpError('InvalidRequest: Could not find repo: did:plc:gp6dljgmfoi4olebqnzn2qd2')
2026-03-21T18:39:33Z WARNING bsky_collector_v2.job.index_feed_generators: listRecords failed repo=did:plc:laaesgirgyeifbzssok7zekh err=HttpError('InvalidRequest: Could not find repo: did:plc:laaesgirgyeifbzssok7zekh')
2026-03-21T18:39:33Z WARNING bsky_collector_v2.job.index_feed_generators: listRecords failed repo=did:plc:p5frqtkhtsupuhx7sna2wgap err=HttpError('InvalidRequest: Could not find repo: did:plc:p5frqtkhtsupuhx7sna2wgap')
2026-03-21T18:39:33Z WARNING bsky_collector_v2.job.index_feed_generators: listRecords failed repo=did:plc:5kjxdqgcgmqvv4s62n23sczo err=HttpError('InvalidRequest: Could not find repo: did:plc:5kjxdqgcgmqvv4s62n23sczo')
2026-03-21T18:39:33Z WARNING bsky_collector_v2.job.index_feed_generators: listRecords failed repo=did:plc:76opjpe2wqwhy74yrtzcb27m err=HttpError('InvalidRequest: Could not find repo: did:plc:76opjpe2wqwhy74yrtzcb27m')
2026-03-21T18:39:33Z WARNING bsky_collector_v2.job.index_feed_generators: listRecords failed repo=did:plc:7tgvmrnxdj7q2tr7iemkikdv err=HttpError('InvalidRequest: Could not find repo: did:plc:7tgvmrnxdj7q2tr7iemkikdv')
2026-03-21T18:39:34Z WARNING bsky_collector_v2.job.index_feed_generators: listRecords failed repo=did:plc:cff2ejh4nuayqugsjlmw7k4d err=HttpError('InvalidRequest: Could not find repo: did:plc:cff2ejh4nuayqugsjlmw7k4d')
2026-03-21T18:39:34Z WARNING bsky_collector_v2.job.index_feed_generators: listRecords failed repo=did:plc:gp6dljgmfoi4olebqnzn2qd2 err=HttpError('InvalidRequest: Could not find repo: did:plc:gp6dljgmfoi4olebqnzn2qd2')
2026-03-21T18:39:34Z WARNING bsky_collector_v2.job.index_feed_generators: listRecords failed repo=did:plc:laaesgirgyeifbzssok7zekh err=HttpError('InvalidRequest: Could not find repo: did:plc:laaesgirgyeifbzssok7zekh')
2026-03-21T18:39:34Z WARNING bsky_collector_v2.job.index_feed_generators: listRecords failed repo=did:plc:p5frqtkhtsupuhx7sna2wgap err=HttpError('InvalidRequest: Could not find repo: did:plc:p5frqtkhtsupuhx7sna2wgap')
2026-03-21T18:39:34Z INFO bsky_collector_v2.job.index_feed_generators: enqueued repos page=6 mode=listRepos inserted=500 repos_returned=500 next_cursor=set
2026-03-21T18:40:00Z WARNING bsky_collector_v2.job.index_feed_generators: listRecords failed repo=did:plc:dnxvkdcgcfrsnmbmsacisvye err=HttpError('InvalidRequest: Could not find repo: did:plc:dnxvkdcgcfrsnmbmsacisvye')
2026-03-21T18:40:12Z WARNING bsky_collector_v2.job.index_feed_generators: listRecords failed repo=did:plc:hmr2y56p7zajy4yq36vrlfsi err=HttpError('InvalidRequest: Could not find repo: did:plc:hmr2y56p7zajy4yq36vrlfsi')
2026-03-21T18:41:05Z WARNING bsky_collector_v2.job.index_feed_generators: listRecords failed repo=did:plc:dnxvkdcgcfrsnmbmsacisvye err=HttpError('InvalidRequest: Could not find repo: did:plc:dnxvkdcgcfrsnmbmsacisvye')
2026-03-21T18:41:05Z WARNING bsky_collector_v2.job.index_feed_generators: listRecords failed repo=did:plc:hmr2y56p7zajy4yq36vrlfsi err=HttpError('InvalidRequest: Could not find repo: did:plc:hmr2y56p7zajy4yq36vrlfsi')
2026-03-21T18:41:05Z WARNING bsky_collector_v2.job.index_feed_generators: listRecords failed repo=did:plc:dnxvkdcgcfrsnmbmsacisvye err=HttpError('InvalidRequest: Could not find repo: did:plc:dnxvkdcgcfrsnmbmsacisvye')
2026-03-21T18:41:05Z WARNING bsky_collector_v2.job.index_feed_generators: listRecords failed repo=did:plc:hmr2y56p7zajy4yq36vrlfsi err=HttpError('InvalidRequest: Could not find repo: did:plc:hmr2y56p7zajy4yq36vrlfsi')
2026-03-21T18:41:06Z INFO bsky_collector_v2.job.index_feed_generators: enqueued repos page=7 mode=listRepos inserted=500 repos_returned=500 next_cursor=set
2026-03-21T18:42:09Z WARNING bsky_collector_v2.job.index_feed_generators: listRecords failed repo=did:plc:metbbryzuuxhwcyg4oldknlw err=HttpError('InvalidRequest: Could not find repo: did:plc:metbbryzuuxhwcyg4oldknlw')
2026-03-21T18:42:25Z WARNING bsky_collector_v2.job.index_feed_generators: listRecords failed repo=did:plc:r5coarmafzkyj4dw5vfuasvp err=HttpError('InvalidRequest: Could not find repo: did:plc:r5coarmafzkyj4dw5vfuasvp')
2026-03-21T18:42:57Z WARNING bsky_collector_v2.job.index_feed_generators: listRecords failed repo=did:plc:metbbryzuuxhwcyg4oldknlw err=HttpError('InvalidRequest: Could not find repo: did:plc:metbbryzuuxhwcyg4oldknlw')
2026-03-21T18:42:58Z WARNING bsky_collector_v2.job.index_feed_generators: listRecords failed repo=did:plc:r5coarmafzkyj4dw5vfuasvp err=HttpError('InvalidRequest: Could not find repo: did:plc:r5coarmafzkyj4dw5vfuasvp')
2026-03-21T18:42:58Z WARNING bsky_collector_v2.job.index_feed_generators: listRecords failed repo=did:plc:metbbryzuuxhwcyg4oldknlw err=HttpError('InvalidRequest: Could not find repo: did:plc:metbbryzuuxhwcyg4oldknlw')
2026-03-21T18:42:58Z WARNING bsky_collector_v2.job.index_feed_generators: listRecords failed repo=did:plc:r5coarmafzkyj4dw5vfuasvp err=HttpError('InvalidRequest: Could not find repo: did:plc:r5coarmafzkyj4dw5vfuasvp')
2026-03-21T18:42:59Z INFO bsky_collector_v2.job.index_feed_generators: enqueued repos page=8 mode=listRepos inserted=500 repos_returned=500 next_cursor=set
2026-03-21T18:43:23Z WARNING bsky_collector_v2.job.index_feed_generators: listRecords failed repo=did:plc:bsh6yxnfresooi3pubkre37a err=HttpError('InvalidRequest: Could not find repo: did:plc:bsh6yxnfresooi3pubkre37a')
2026-03-21T18:43:33Z WARNING bsky_collector_v2.job.index_feed_generators: listRecords failed repo=did:plc:f2uuwbrjcgs474vcnibkthne err=HttpError('InvalidRequest: Could not find repo: did:plc:f2uuwbrjcgs474vcnibkthne')
2026-03-21T18:43:43Z WARNING bsky_collector_v2.job.index_feed_generators: listRecords failed repo=did:plc:jjtucc3m72lqueszxbrhsc2a err=HttpError('InvalidRequest: Could not find repo: did:plc:jjtucc3m72lqueszxbrhsc2a')
2026-03-21T18:44:42Z WARNING bsky_collector_v2.job.index_feed_generators: listRecords failed repo=did:plc:bsh6yxnfresooi3pubkre37a err=HttpError('InvalidRequest: Could not find repo: did:plc:bsh6yxnfresooi3pubkre37a')
2026-03-21T18:44:42Z WARNING bsky_collector_v2.job.index_feed_generators: listRecords failed repo=did:plc:f2uuwbrjcgs474vcnibkthne err=HttpError('InvalidRequest: Could not find repo: did:plc:f2uuwbrjcgs474vcnibkthne')
2026-03-21T18:44:42Z WARNING bsky_collector_v2.job.index_feed_generators: listRecords failed repo=did:plc:jjtucc3m72lqueszxbrhsc2a err=HttpError('InvalidRequest: Could not find repo: did:plc:jjtucc3m72lqueszxbrhsc2a')
2026-03-21T18:44:42Z WARNING bsky_collector_v2.job.index_feed_generators: listRecords failed repo=did:plc:bsh6yxnfresooi3pubkre37a err=HttpError('InvalidRequest: Could not find repo: did:plc:bsh6yxnfresooi3pubkre37a')
2026-03-21T18:44:43Z WARNING bsky_collector_v2.job.index_feed_generators: listRecords failed repo=did:plc:f2uuwbrjcgs474vcnibkthne err=HttpError('InvalidRequest: Could not find repo: did:plc:f2uuwbrjcgs474vcnibkthne')
2026-03-21T18:44:43Z WARNING bsky_collector_v2.job.index_feed_generators: listRecords failed repo=did:plc:jjtucc3m72lqueszxbrhsc2a err=HttpError('InvalidRequest: Could not find repo: did:plc:jjtucc3m72lqueszxbrhsc2a')
2026-03-21T18:44:44Z INFO bsky_collector_v2.job.index_feed_generators: enqueued repos page=9 mode=listRepos inserted=500 repos_returned=500 next_cursor=set
2026-03-21T18:44:47Z WARNING bsky_collector_v2.job.index_feed_generators: listRecords failed repo=did:plc:3cm4bjcbtbj6lkjosphcdqw4 err=HttpError('InvalidRequest: Could not find repo: did:plc:3cm4bjcbtbj6lkjosphcdqw4')
2026-03-21T18:44:53Z WARNING bsky_collector_v2.job.index_feed_generators: listRecords failed repo=did:plc:577hh2o4klydhrx7pnkeaaqa err=HttpError('InvalidRequest: Could not find repo: did:plc:577hh2o4klydhrx7pnkeaaqa')
2026-03-21T18:44:58Z WARNING bsky_collector_v2.job.index_feed_generators: listRecords failed repo=did:plc:7g5chyg3tm5pczjeqmhiubcb err=HttpError('InvalidRequest: Could not find repo: did:plc:7g5chyg3tm5pczjeqmhiubcb')
2026-03-21T18:45:23Z WARNING bsky_collector_v2.job.index_feed_generators: listRecords failed repo=did:plc:iz7p3ttfsmsnb4bveqmk34cr err=HttpError('InvalidRequest: Could not find repo: did:plc:iz7p3ttfsmsnb4bveqmk34cr')
2026-03-21T18:45:31Z WARNING bsky_collector_v2.job.index_feed_generators: listRecords failed repo=did:plc:lnrtz7pms5fyi3hifx4vdyc5 err=HttpError('InvalidRequest: Could not find repo: did:plc:lnrtz7pms5fyi3hifx4vdyc5')
2026-03-21T18:45:33Z WARNING bsky_collector_v2.job.index_feed_generators: listRecords failed repo=did:plc:mejyrnto64b7omgcdctn32wl err=HttpError('InvalidRequest: Could not find repo: did:plc:mejyrnto64b7omgcdctn32wl')
2026-03-21T18:45:55Z WARNING bsky_collector_v2.job.index_feed_generators: listRecords failed repo=did:plc:ttjdxw4n4mvgpjhp2mq2o3bu err=HttpError('InvalidRequest: Could not find repo: did:plc:ttjdxw4n4mvgpjhp2mq2o3bu')
2026-03-21T18:45:59Z WARNING bsky_collector_v2.job.index_feed_generators: listRecords failed repo=did:plc:uuggqfkbkeqtf3yapfrzvn5b err=HttpError('InvalidRequest: Could not find repo: did:plc:uuggqfkbkeqtf3yapfrzvn5b')
2026-03-21T18:46:00Z WARNING bsky_collector_v2.job.index_feed_generators: listRecords failed repo=did:plc:vaa3bzaeaveakayvf6wxjdcb err=HttpError('InvalidRequest: Could not find repo: did:plc:vaa3bzaeaveakayvf6wxjdcb')
2026-03-21T18:46:07Z WARNING bsky_collector_v2.job.index_feed_generators: listRecords failed repo=did:plc:ypoupt7k2kwh45iefkkibz5m err=HttpError('InvalidRequest: Could not find repo: did:plc:ypoupt7k2kwh45iefkkibz5m')
2026-03-21T18:46:11Z WARNING bsky_collector_v2.job.index_feed_generators: listRecords failed repo=did:plc:3cm4bjcbtbj6lkjosphcdqw4 err=HttpError('InvalidRequest: Could not find repo: did:plc:3cm4bjcbtbj6lkjosphcdqw4')
2026-03-21T18:46:11Z WARNING bsky_collector_v2.job.index_feed_generators: listRecords failed repo=did:plc:577hh2o4klydhrx7pnkeaaqa err=HttpError('InvalidRequest: Could not find repo: did:plc:577hh2o4klydhrx7pnkeaaqa')
2026-03-21T18:46:11Z WARNING bsky_collector_v2.job.index_feed_generators: listRecords failed repo=did:plc:7g5chyg3tm5pczjeqmhiubcb err=HttpError('InvalidRequest: Could not find repo: did:plc:7g5chyg3tm5pczjeqmhiubcb')
2026-03-21T18:46:11Z WARNING bsky_collector_v2.job.index_feed_generators: listRecords failed repo=did:plc:iz7p3ttfsmsnb4bveqmk34cr err=HttpError('InvalidRequest: Could not find repo: did:plc:iz7p3ttfsmsnb4bveqmk34cr')
2026-03-21T18:46:11Z WARNING bsky_collector_v2.job.index_feed_generators: listRecords failed repo=did:plc:lnrtz7pms5fyi3hifx4vdyc5 err=HttpError('InvalidRequest: Could not find repo: did:plc:lnrtz7pms5fyi3hifx4vdyc5')
2026-03-21T18:46:11Z WARNING bsky_collector_v2.job.index_feed_generators: listRecords failed repo=did:plc:mejyrnto64b7omgcdctn32wl err=HttpError('InvalidRequest: Could not find repo: did:plc:mejyrnto64b7omgcdctn32wl')
2026-03-21T18:46:11Z WARNING bsky_collector_v2.job.index_feed_generators: listRecords failed repo=did:plc:ttjdxw4n4mvgpjhp2mq2o3bu err=HttpError('InvalidRequest: Could not find repo: did:plc:ttjdxw4n4mvgpjhp2mq2o3bu')
2026-03-21T18:46:11Z WARNING bsky_collector_v2.job.index_feed_generators: listRecords failed repo=did:plc:uuggqfkbkeqtf3yapfrzvn5b err=HttpError('InvalidRequest: Could not find repo: did:plc:uuggqfkbkeqtf3yapfrzvn5b')
2026-03-21T18:46:11Z WARNING bsky_collector_v2.job.index_feed_generators: listRecords failed repo=did:plc:vaa3bzaeaveakayvf6wxjdcb err=HttpError('InvalidRequest: Could not find repo: did:plc:vaa3bzaeaveakayvf6wxjdcb')
2026-03-21T18:46:11Z WARNING bsky_collector_v2.job.index_feed_generators: listRecords failed repo=did:plc:ypoupt7k2kwh45iefkkibz5m err=HttpError('InvalidRequest: Could not find repo: did:plc:ypoupt7k2kwh45iefkkibz5m')
2026-03-21T18:46:11Z WARNING bsky_collector_v2.job.index_feed_generators: listRecords failed repo=did:plc:3cm4bjcbtbj6lkjosphcdqw4 err=HttpError('InvalidRequest: Could not find repo: did:plc:3cm4bjcbtbj6lkjosphcdqw4')
2026-03-21T18:46:11Z WARNING bsky_collector_v2.job.index_feed_generators: listRecords failed repo=did:plc:577hh2o4klydhrx7pnkeaaqa err=HttpError('InvalidRequest: Could not find repo: did:plc:577hh2o4klydhrx7pnkeaaqa')
2026-03-21T18:46:11Z WARNING bsky_collector_v2.job.index_feed_generators: listRecords failed repo=did:plc:7g5chyg3tm5pczjeqmhiubcb err=HttpError('InvalidRequest: Could not find repo: did:plc:7g5chyg3tm5pczjeqmhiubcb')
2026-03-21T18:46:11Z WARNING bsky_collector_v2.job.index_feed_generators: listRecords failed repo=did:plc:iz7p3ttfsmsnb4bveqmk34cr err=HttpError('InvalidRequest: Could not find repo: did:plc:iz7p3ttfsmsnb4bveqmk34cr')
2026-03-21T18:46:11Z WARNING bsky_collector_v2.job.index_feed_generators: listRecords failed repo=did:plc:lnrtz7pms5fyi3hifx4vdyc5 err=HttpError('InvalidRequest: Could not find repo: did:plc:lnrtz7pms5fyi3hifx4vdyc5')
2026-03-21T18:46:12Z WARNING bsky_collector_v2.job.index_feed_generators: listRecords failed repo=did:plc:mejyrnto64b7omgcdctn32wl err=HttpError('InvalidRequest: Could not find repo: did:plc:mejyrnto64b7omgcdctn32wl')
2026-03-21T18:46:12Z WARNING bsky_collector_v2.job.index_feed_generators: listRecords failed repo=did:plc:ttjdxw4n4mvgpjhp2mq2o3bu err=HttpError('InvalidRequest: Could not find repo: did:plc:ttjdxw4n4mvgpjhp2mq2o3bu')
2026-03-21T18:46:12Z WARNING bsky_collector_v2.job.index_feed_generators: listRecords failed repo=did:plc:uuggqfkbkeqtf3yapfrzvn5b err=HttpError('InvalidRequest: Could not find repo: did:plc:uuggqfkbkeqtf3yapfrzvn5b')
2026-03-21T18:46:12Z WARNING bsky_collector_v2.job.index_feed_generators: listRecords failed repo=did:plc:vaa3bzaeaveakayvf6wxjdcb err=HttpError('InvalidRequest: Could not find repo: did:plc:vaa3bzaeaveakayvf6wxjdcb')
2026-03-21T18:46:12Z WARNING bsky_collector_v2.job.index_feed_generators: listRecords failed repo=did:plc:ypoupt7k2kwh45iefkkibz5m err=HttpError('InvalidRequest: Could not find repo: did:plc:ypoupt7k2kwh45iefkkibz5m')
2026-03-21T18:46:12Z INFO bsky_collector_v2.job.index_feed_generators: enqueued repos page=10 mode=listRepos inserted=500 repos_returned=500 next_cursor=set
2026-03-21T18:47:22Z WARNING bsky_collector_v2.job.index_feed_generators: listRecords failed repo=did:plc:pr5kkkm3rkyqczrcubfp6yls err=HttpError('InvalidRequest: Could not find repo: did:plc:pr5kkkm3rkyqczrcubfp6yls')
2026-03-21T18:47:50Z WARNING bsky_collector_v2.job.index_feed_generators: listRecords failed repo=did:plc:pr5kkkm3rkyqczrcubfp6yls err=HttpError('InvalidRequest: Could not find repo: did:plc:pr5kkkm3rkyqczrcubfp6yls')
2026-03-21T18:47:50Z WARNING bsky_collector_v2.job.index_feed_generators: listRecords failed repo=did:plc:pr5kkkm3rkyqczrcubfp6yls err=HttpError('InvalidRequest: Could not find repo: did:plc:pr5kkkm3rkyqczrcubfp6yls')
2026-03-21T18:47:51Z INFO bsky_collector_v2.job.index_feed_generators: enqueued repos page=11 mode=listRepos inserted=500 repos_returned=500 next_cursor=set
2026-03-21T18:48:07Z WARNING bsky_collector_v2.job.index_feed_generators: listRecords failed repo=did:plc:7mjleskqhmdvfrfnixgx3h6r err=HttpError('InvalidRequest: Could not find repo: did:plc:7mjleskqhmdvfrfnixgx3h6r')
2026-03-21T18:48:25Z WARNING bsky_collector_v2.job.index_feed_generators: listRecords failed repo=did:plc:fd4ocqwthmoqwhhnzeiutieq err=HttpError('InvalidRequest: Could not find repo: did:plc:fd4ocqwthmoqwhhnzeiutieq')
2026-03-21T18:48:39Z WARNING bsky_collector_v2.job.index_feed_generators: listRecords failed repo=did:plc:lqmdprrnjvalq52ovamalxtd err=HttpError('InvalidRequest: Could not find repo: did:plc:lqmdprrnjvalq52ovamalxtd')
2026-03-21T18:49:23Z WARNING bsky_collector_v2.job.index_feed_generators: listRecords failed repo=did:plc:xw4w3ttsjtpr7d5or2ysvwo2 err=HttpError('InvalidRequest: Could not find repo: did:plc:xw4w3ttsjtpr7d5or2ysvwo2')
2026-03-21T18:49:31Z WARNING bsky_collector_v2.job.index_feed_generators: listRecords failed repo=did:plc:7mjleskqhmdvfrfnixgx3h6r err=HttpError('InvalidRequest: Could not find repo: did:plc:7mjleskqhmdvfrfnixgx3h6r')
2026-03-21T18:49:31Z WARNING bsky_collector_v2.job.index_feed_generators: listRecords failed repo=did:plc:fd4ocqwthmoqwhhnzeiutieq err=HttpError('InvalidRequest: Could not find repo: did:plc:fd4ocqwthmoqwhhnzeiutieq')
2026-03-21T18:49:31Z WARNING bsky_collector_v2.job.index_feed_generators: listRecords failed repo=did:plc:lqmdprrnjvalq52ovamalxtd err=HttpError('InvalidRequest: Could not find repo: did:plc:lqmdprrnjvalq52ovamalxtd')
2026-03-21T18:49:31Z WARNING bsky_collector_v2.job.index_feed_generators: listRecords failed repo=did:plc:xw4w3ttsjtpr7d5or2ysvwo2 err=HttpError('InvalidRequest: Could not find repo: did:plc:xw4w3ttsjtpr7d5or2ysvwo2')
2026-03-21T18:49:31Z WARNING bsky_collector_v2.job.index_feed_generators: listRecords failed repo=did:plc:7mjleskqhmdvfrfnixgx3h6r err=HttpError('InvalidRequest: Could not find repo: did:plc:7mjleskqhmdvfrfnixgx3h6r')
2026-03-21T18:49:31Z WARNING bsky_collector_v2.job.index_feed_generators: listRecords failed repo=did:plc:fd4ocqwthmoqwhhnzeiutieq err=HttpError('InvalidRequest: Could not find repo: did:plc:fd4ocqwthmoqwhhnzeiutieq')
2026-03-21T18:49:31Z WARNING bsky_collector_v2.job.index_feed_generators: listRecords failed repo=did:plc:lqmdprrnjvalq52ovamalxtd err=HttpError('InvalidRequest: Could not find repo: did:plc:lqmdprrnjvalq52ovamalxtd')
2026-03-21T18:49:31Z WARNING bsky_collector_v2.job.index_feed_generators: listRecords failed repo=did:plc:xw4w3ttsjtpr7d5or2ysvwo2 err=HttpError('InvalidRequest: Could not find repo: did:plc:xw4w3ttsjtpr7d5or2ysvwo2')
2026-03-21T18:49:32Z INFO bsky_collector_v2.job.index_feed_generators: enqueued repos page=12 mode=listRepos inserted=500 repos_returned=500 next_cursor=set
2026-03-21T18:49:43Z WARNING bsky_collector_v2.job.index_feed_generators: listRecords failed repo=did:plc:5jggrb4ydchxg2f3wxt7oslp err=HttpError('InvalidRequest: Could not find repo: did:plc:5jggrb4ydchxg2f3wxt7oslp')
2026-03-21T18:49:45Z WARNING bsky_collector_v2.job.index_feed_generators: listRecords failed repo=did:plc:62co6c6oayngumulfr6op3ej err=HttpError('InvalidRequest: Could not find repo: did:plc:62co6c6oayngumulfr6op3ej')
2026-03-21T18:49:52Z WARNING bsky_collector_v2.job.index_feed_generators: listRecords failed repo=did:plc:bgxlg32y5qmp46vize66xhjz err=HttpError('InvalidRequest: Could not find repo: did:plc:bgxlg32y5qmp46vize66xhjz')
2026-03-21T18:51:14Z WARNING bsky_collector_v2.job.index_feed_generators: listRecords failed repo=did:plc:zsr4uxo6zc2zc6mkbn4kpwhf err=HttpError('InvalidRequest: Could not find repo: did:plc:zsr4uxo6zc2zc6mkbn4kpwhf')
2026-03-21T18:51:15Z WARNING bsky_collector_v2.job.index_feed_generators: listRecords failed repo=did:plc:5jggrb4ydchxg2f3wxt7oslp err=HttpError('InvalidRequest: Could not find repo: did:plc:5jggrb4ydchxg2f3wxt7oslp')
2026-03-21T18:51:15Z WARNING bsky_collector_v2.job.index_feed_generators: listRecords failed repo=did:plc:62co6c6oayngumulfr6op3ej err=HttpError('InvalidRequest: Could not find repo: did:plc:62co6c6oayngumulfr6op3ej')
2026-03-21T18:51:15Z WARNING bsky_collector_v2.job.index_feed_generators: listRecords failed repo=did:plc:bgxlg32y5qmp46vize66xhjz err=HttpError('InvalidRequest: Could not find repo: did:plc:bgxlg32y5qmp46vize66xhjz')
2026-03-21T18:51:15Z WARNING bsky_collector_v2.job.index_feed_generators: listRecords failed repo=did:plc:zsr4uxo6zc2zc6mkbn4kpwhf err=HttpError('InvalidRequest: Could not find repo: did:plc:zsr4uxo6zc2zc6mkbn4kpwhf')
2026-03-21T18:51:15Z WARNING bsky_collector_v2.job.index_feed_generators: listRecords failed repo=did:plc:5jggrb4ydchxg2f3wxt7oslp err=HttpError('InvalidRequest: Could not find repo: did:plc:5jggrb4ydchxg2f3wxt7oslp')
2026-03-21T18:51:15Z WARNING bsky_collector_v2.job.index_feed_generators: listRecords failed repo=did:plc:62co6c6oayngumulfr6op3ej err=HttpError('InvalidRequest: Could not find repo: did:plc:62co6c6oayngumulfr6op3ej')
2026-03-21T18:51:15Z WARNING bsky_collector_v2.job.index_feed_generators: listRecords failed repo=did:plc:bgxlg32y5qmp46vize66xhjz err=HttpError('InvalidRequest: Could not find repo: did:plc:bgxlg32y5qmp46vize66xhjz')
2026-03-21T18:51:15Z WARNING bsky_collector_v2.job.index_feed_generators: listRecords failed repo=did:plc:zsr4uxo6zc2zc6mkbn4kpwhf err=HttpError('InvalidRequest: Could not find repo: did:plc:zsr4uxo6zc2zc6mkbn4kpwhf')
2026-03-21T18:51:16Z INFO bsky_collector_v2.job.index_feed_generators: enqueued repos page=13 mode=listRepos inserted=500 repos_returned=500 next_cursor=set
2026-03-21T18:51:20Z INFO bsky_collector_v2.job.index_feed_generators: indexed repo=did:plc:35txr4pmnm3hourooy5d3gfu part=175 records=2 next_cursor=set
2026-03-21T18:51:33Z WARNING bsky_collector_v2.job.index_feed_generators: listRecords failed repo=did:plc:5kvf2ezdwcwnj6kc7zw7bfqj err=HttpError('InvalidRequest: Could not find repo: did:plc:5kvf2ezdwcwnj6kc7zw7bfqj')
2026-03-21T18:52:12Z WARNING bsky_collector_v2.job.index_feed_generators: listRecords failed repo=did:plc:jy67be72wlomqrdpn5l6bkp5 err=HttpError('InvalidRequest: Could not find repo: did:plc:jy67be72wlomqrdpn5l6bkp5')
2026-03-21T18:52:54Z WARNING bsky_collector_v2.job.index_feed_generators: listRecords failed repo=did:plc:5kvf2ezdwcwnj6kc7zw7bfqj err=HttpError('InvalidRequest: Could not find repo: did:plc:5kvf2ezdwcwnj6kc7zw7bfqj')
2026-03-21T18:52:54Z WARNING bsky_collector_v2.job.index_feed_generators: listRecords failed repo=did:plc:jy67be72wlomqrdpn5l6bkp5 err=HttpError('InvalidRequest: Could not find repo: did:plc:jy67be72wlomqrdpn5l6bkp5')
2026-03-21T18:52:54Z WARNING bsky_collector_v2.job.index_feed_generators: listRecords failed repo=did:plc:5kvf2ezdwcwnj6kc7zw7bfqj err=HttpError('InvalidRequest: Could not find repo: did:plc:5kvf2ezdwcwnj6kc7zw7bfqj')
2026-03-21T18:52:54Z WARNING bsky_collector_v2.job.index_feed_generators: listRecords failed repo=did:plc:jy67be72wlomqrdpn5l6bkp5 err=HttpError('InvalidRequest: Could not find repo: did:plc:jy67be72wlomqrdpn5l6bkp5')
2026-03-21T18:52:55Z INFO bsky_collector_v2.job.index_feed_generators: enqueued repos page=14 mode=listRepos inserted=500 repos_returned=500 next_cursor=set
2026-03-21T18:53:01Z WARNING bsky_collector_v2.job.index_feed_generators: listRecords failed repo=did:plc:5cwdmjcbltnvwzgxe3bohjgq err=HttpError('InvalidRequest: Could not find repo: did:plc:5cwdmjcbltnvwzgxe3bohjgq')
2026-03-21T18:53:23Z WARNING bsky_collector_v2.job.index_feed_generators: listRecords failed repo=did:plc:fisjnpk4q3czna3mg4fgoqvc err=HttpError('InvalidRequest: Could not find repo: did:plc:fisjnpk4q3czna3mg4fgoqvc')
2026-03-21T18:53:29Z WARNING bsky_collector_v2.job.index_feed_generators: listRecords failed repo=did:plc:hittm7qh6qvjirmacghdwazo err=HttpError('InvalidRequest: Could not find repo: did:plc:hittm7qh6qvjirmacghdwazo')
2026-03-21T18:53:43Z WARNING bsky_collector_v2.job.index_feed_generators: listRecords failed repo=did:plc:kuylmoho7zgcwkrsiptoik5k err=HttpError('InvalidRequest: Could not find repo: did:plc:kuylmoho7zgcwkrsiptoik5k')
2026-03-21T18:53:49Z WARNING bsky_collector_v2.job.index_feed_generators: listRecords failed repo=did:plc:npxlkav6fpryh32hvcr7ruej err=HttpError('InvalidRequest: Could not find repo: did:plc:npxlkav6fpryh32hvcr7ruej')
2026-03-21T18:54:06Z WARNING bsky_collector_v2.job.index_feed_generators: listRecords failed repo=did:plc:tim5jtnxjg72xx7b2wztavul err=HttpError('InvalidRequest: Could not find repo: did:plc:tim5jtnxjg72xx7b2wztavul')
2026-03-21T18:54:24Z WARNING bsky_collector_v2.job.index_feed_generators: listRecords failed repo=did:plc:5cwdmjcbltnvwzgxe3bohjgq err=HttpError('InvalidRequest: Could not find repo: did:plc:5cwdmjcbltnvwzgxe3bohjgq')
2026-03-21T18:54:24Z WARNING bsky_collector_v2.job.index_feed_generators: listRecords failed repo=did:plc:fisjnpk4q3czna3mg4fgoqvc err=HttpError('InvalidRequest: Could not find repo: did:plc:fisjnpk4q3czna3mg4fgoqvc')
2026-03-21T18:54:24Z WARNING bsky_collector_v2.job.index_feed_generators: listRecords failed repo=did:plc:hittm7qh6qvjirmacghdwazo err=HttpError('InvalidRequest: Could not find repo: did:plc:hittm7qh6qvjirmacghdwazo')
2026-03-21T18:54:24Z WARNING bsky_collector_v2.job.index_feed_generators: listRecords failed repo=did:plc:kuylmoho7zgcwkrsiptoik5k err=HttpError('InvalidRequest: Could not find repo: did:plc:kuylmoho7zgcwkrsiptoik5k')
2026-03-21T18:54:24Z WARNING bsky_collector_v2.job.index_feed_generators: listRecords failed repo=did:plc:npxlkav6fpryh32hvcr7ruej err=HttpError('InvalidRequest: Could not find repo: did:plc:npxlkav6fpryh32hvcr7ruej')
2026-03-21T18:54:24Z WARNING bsky_collector_v2.job.index_feed_generators: listRecords failed repo=did:plc:tim5jtnxjg72xx7b2wztavul err=HttpError('InvalidRequest: Could not find repo: did:plc:tim5jtnxjg72xx7b2wztavul')
2026-03-21T18:54:24Z WARNING bsky_collector_v2.job.index_feed_generators: listRecords failed repo=did:plc:5cwdmjcbltnvwzgxe3bohjgq err=HttpError('InvalidRequest: Could not find repo: did:plc:5cwdmjcbltnvwzgxe3bohjgq')
2026-03-21T18:54:24Z WARNING bsky_collector_v2.job.index_feed_generators: listRecords failed repo=did:plc:fisjnpk4q3czna3mg4fgoqvc err=HttpError('InvalidRequest: Could not find repo: did:plc:fisjnpk4q3czna3mg4fgoqvc')
2026-03-21T18:54:24Z WARNING bsky_collector_v2.job.index_feed_generators: listRecords failed repo=did:plc:hittm7qh6qvjirmacghdwazo err=HttpError('InvalidRequest: Could not find repo: did:plc:hittm7qh6qvjirmacghdwazo')
2026-03-21T18:54:24Z WARNING bsky_collector_v2.job.index_feed_generators: listRecords failed repo=did:plc:kuylmoho7zgcwkrsiptoik5k err=HttpError('InvalidRequest: Could not find repo: did:plc:kuylmoho7zgcwkrsiptoik5k')
2026-03-21T18:54:24Z WARNING bsky_collector_v2.job.index_feed_generators: listRecords failed repo=did:plc:npxlkav6fpryh32hvcr7ruej err=HttpError('InvalidRequest: Could not find repo: did:plc:npxlkav6fpryh32hvcr7ruej')
2026-03-21T18:54:24Z WARNING bsky_collector_v2.job.index_feed_generators: listRecords failed repo=did:plc:tim5jtnxjg72xx7b2wztavul err=HttpError('InvalidRequest: Could not find repo: did:plc:tim5jtnxjg72xx7b2wztavul')
2026-03-21T18:54:25Z INFO bsky_collector_v2.job.index_feed_generators: enqueued repos page=15 mode=listRepos inserted=500 repos_returned=500 next_cursor=set
2026-03-21T18:54:37Z WARNING bsky_collector_v2.job.index_feed_generators: listRecords failed repo=did:plc:5yumhkgvhmjcqzathedtyjzr err=HttpError('InvalidRequest: Could not find repo: did:plc:5yumhkgvhmjcqzathedtyjzr')
2026-03-21T18:54:55Z WARNING bsky_collector_v2.job.index_feed_generators: listRecords failed repo=did:plc:ek2i6czqoziioqqmdld3dn6s err=HttpError('InvalidRequest: Could not find repo: did:plc:ek2i6czqoziioqqmdld3dn6s')
2026-03-21T18:55:16Z WARNING bsky_collector_v2.job.index_feed_generators: listRecords failed repo=did:plc:ic53d6dianpds7z7bjtso6sk err=HttpError('InvalidRequest: Could not find repo: did:plc:ic53d6dianpds7z7bjtso6sk')
2026-03-21T18:56:14Z WARNING bsky_collector_v2.job.index_feed_generators: listRecords failed repo=did:plc:5yumhkgvhmjcqzathedtyjzr err=HttpError('InvalidRequest: Could not find repo: did:plc:5yumhkgvhmjcqzathedtyjzr')
2026-03-21T18:56:14Z WARNING bsky_collector_v2.job.index_feed_generators: listRecords failed repo=did:plc:ek2i6czqoziioqqmdld3dn6s err=HttpError('InvalidRequest: Could not find repo: did:plc:ek2i6czqoziioqqmdld3dn6s')
2026-03-21T18:56:14Z WARNING bsky_collector_v2.job.index_feed_generators: listRecords failed repo=did:plc:ic53d6dianpds7z7bjtso6sk err=HttpError('InvalidRequest: Could not find repo: did:plc:ic53d6dianpds7z7bjtso6sk')
2026-03-21T18:56:14Z WARNING bsky_collector_v2.job.index_feed_generators: listRecords failed repo=did:plc:5yumhkgvhmjcqzathedtyjzr err=HttpError('InvalidRequest: Could not find repo: did:plc:5yumhkgvhmjcqzathedtyjzr')
2026-03-21T18:56:14Z WARNING bsky_collector_v2.job.index_feed_generators: listRecords failed repo=did:plc:ek2i6czqoziioqqmdld3dn6s err=HttpError('InvalidRequest: Could not find repo: did:plc:ek2i6czqoziioqqmdld3dn6s')
2026-03-21T18:56:14Z WARNING bsky_collector_v2.job.index_feed_generators: listRecords failed repo=did:plc:ic53d6dianpds7z7bjtso6sk err=HttpError('InvalidRequest: Could not find repo: did:plc:ic53d6dianpds7z7bjtso6sk')
2026-03-21T18:56:15Z INFO bsky_collector_v2.job.index_feed_generators: enqueued repos page=16 mode=listRepos inserted=500 repos_returned=500 next_cursor=set
2026-03-21T18:56:27Z WARNING bsky_collector_v2.job.index_feed_generators: listRecords failed repo=did:plc:7oq3wmfu6ecymatwma7cjjsm err=HttpError('InvalidRequest: Could not find repo: did:plc:7oq3wmfu6ecymatwma7cjjsm')
2026-03-21T18:56:51Z WARNING bsky_collector_v2.job.index_feed_generators: listRecords failed repo=did:plc:hy2ud3gxmbworzsnnpli3jas err=HttpError('InvalidRequest: Could not find repo: did:plc:hy2ud3gxmbworzsnnpli3jas')
2026-03-21T18:56:51Z WARNING bsky_collector_v2.job.index_feed_generators: listRecords failed repo=did:plc:i3naohlgr44tf7yc6vhfhwin err=HttpError('InvalidRequest: Could not find repo: did:plc:i3naohlgr44tf7yc6vhfhwin')
2026-03-21T18:56:56Z WARNING bsky_collector_v2.job.index_feed_generators: listRecords failed repo=did:plc:j6xsq2v55xhteewc5zknjh66 err=HttpError('InvalidRequest: Could not find repo: did:plc:j6xsq2v55xhteewc5zknjh66')
2026-03-21T18:56:59Z WARNING bsky_collector_v2.job.index_feed_generators: listRecords failed repo=did:plc:k4cevywwmn64kymcoq3l47kg err=HttpError('InvalidRequest: Could not find repo: did:plc:k4cevywwmn64kymcoq3l47kg')
2026-03-21T18:57:34Z WARNING bsky_collector_v2.job.index_feed_generators: listRecords failed repo=did:plc:wylna7gc4fa5xsrayl7byt2f err=HttpError('InvalidRequest: Could not find repo: did:plc:wylna7gc4fa5xsrayl7byt2f')
2026-03-21T18:57:40Z WARNING bsky_collector_v2.job.index_feed_generators: listRecords failed repo=did:plc:7oq3wmfu6ecymatwma7cjjsm err=HttpError('InvalidRequest: Could not find repo: did:plc:7oq3wmfu6ecymatwma7cjjsm')
2026-03-21T18:57:40Z WARNING bsky_collector_v2.job.index_feed_generators: listRecords failed repo=did:plc:hy2ud3gxmbworzsnnpli3jas err=HttpError('InvalidRequest: Could not find repo: did:plc:hy2ud3gxmbworzsnnpli3jas')
2026-03-21T18:57:41Z WARNING bsky_collector_v2.job.index_feed_generators: listRecords failed repo=did:plc:i3naohlgr44tf7yc6vhfhwin err=HttpError('InvalidRequest: Could not find repo: did:plc:i3naohlgr44tf7yc6vhfhwin')
2026-03-21T18:57:41Z WARNING bsky_collector_v2.job.index_feed_generators: listRecords failed repo=did:plc:j6xsq2v55xhteewc5zknjh66 err=HttpError('InvalidRequest: Could not find repo: did:plc:j6xsq2v55xhteewc5zknjh66')
2026-03-21T18:57:41Z WARNING bsky_collector_v2.job.index_feed_generators: listRecords failed repo=did:plc:k4cevywwmn64kymcoq3l47kg err=HttpError('InvalidRequest: Could not find repo: did:plc:k4cevywwmn64kymcoq3l47kg')
2026-03-21T18:57:41Z WARNING bsky_collector_v2.job.index_feed_generators: listRecords failed repo=did:plc:wylna7gc4fa5xsrayl7byt2f err=HttpError('InvalidRequest: Could not find repo: did:plc:wylna7gc4fa5xsrayl7byt2f')
2026-03-21T18:57:41Z WARNING bsky_collector_v2.job.index_feed_generators: listRecords failed repo=did:plc:7oq3wmfu6ecymatwma7cjjsm err=HttpError('InvalidRequest: Could not find repo: did:plc:7oq3wmfu6ecymatwma7cjjsm')
2026-03-21T18:57:41Z WARNING bsky_collector_v2.job.index_feed_generators: listRecords failed repo=did:plc:hy2ud3gxmbworzsnnpli3jas err=HttpError('InvalidRequest: Could not find repo: did:plc:hy2ud3gxmbworzsnnpli3jas')
2026-03-21T18:57:41Z WARNING bsky_collector_v2.job.index_feed_generators: listRecords failed repo=did:plc:i3naohlgr44tf7yc6vhfhwin err=HttpError('InvalidRequest: Could not find repo: did:plc:i3naohlgr44tf7yc6vhfhwin')
2026-03-21T18:57:41Z WARNING bsky_collector_v2.job.index_feed_generators: listRecords failed repo=did:plc:j6xsq2v55xhteewc5zknjh66 err=HttpError('InvalidRequest: Could not find repo: did:plc:j6xsq2v55xhteewc5zknjh66')
2026-03-21T18:57:41Z WARNING bsky_collector_v2.job.index_feed_generators: listRecords failed repo=did:plc:k4cevywwmn64kymcoq3l47kg err=HttpError('InvalidRequest: Could not find repo: did:plc:k4cevywwmn64kymcoq3l47kg')
2026-03-21T18:57:41Z WARNING bsky_collector_v2.job.index_feed_generators: listRecords failed repo=did:plc:wylna7gc4fa5xsrayl7byt2f err=HttpError('InvalidRequest: Could not find repo: did:plc:wylna7gc4fa5xsrayl7byt2f')
2026-03-21T18:57:42Z INFO bsky_collector_v2.job.index_feed_generators: enqueued repos page=17 mode=listRepos inserted=500 repos_returned=500 next_cursor=set
2026-03-21T18:58:01Z INFO bsky_collector_v2.job.index_feed_generators: indexed repo=did:plc:5ztid3qmue4zgbabywzv7myp part=176 records=1 next_cursor=set
2026-03-21T18:58:14Z WARNING bsky_collector_v2.job.index_feed_generators: listRecords failed repo=did:plc:c7dxyq7qwwudtzmkoaccfuro err=HttpError('InvalidRequest: Could not find repo: did:plc:c7dxyq7qwwudtzmkoaccfuro')
2026-03-21T18:58:14Z WARNING bsky_collector_v2.job.index_feed_generators: listRecords failed repo=did:plc:c7hkmjdqsreodvwzv32tths7 err=HttpError('InvalidRequest: Could not find repo: did:plc:c7hkmjdqsreodvwzv32tths7')
2026-03-21T18:58:26Z INFO bsky_collector_v2.job.index_feed_generators: indexed repo=did:plc:fonkjqavmro73psr22tc4jvt part=177 records=1 next_cursor=set
2026-03-21T18:59:11Z WARNING bsky_collector_v2.job.index_feed_generators: listRecords failed repo=did:plc:vhkpmjlu2lnruyro6uwwzcwx err=HttpError('InvalidRequest: Could not find repo: did:plc:vhkpmjlu2lnruyro6uwwzcwx')
2026-03-21T18:59:13Z INFO bsky_collector_v2.job.index_feed_generators: indexed repo=did:plc:wmuqpg4wvpgizbzqasujcuo2 part=178 records=1 next_cursor=set
2026-03-21T18:59:22Z WARNING bsky_collector_v2.job.index_feed_generators: listRecords failed repo=did:plc:c7dxyq7qwwudtzmkoaccfuro err=HttpError('InvalidRequest: Could not find repo: did:plc:c7dxyq7qwwudtzmkoaccfuro')
2026-03-21T18:59:22Z WARNING bsky_collector_v2.job.index_feed_generators: listRecords failed repo=did:plc:c7hkmjdqsreodvwzv32tths7 err=HttpError('InvalidRequest: Could not find repo: did:plc:c7hkmjdqsreodvwzv32tths7')
2026-03-21T18:59:22Z WARNING bsky_collector_v2.job.index_feed_generators: listRecords failed repo=did:plc:vhkpmjlu2lnruyro6uwwzcwx err=HttpError('InvalidRequest: Could not find repo: did:plc:vhkpmjlu2lnruyro6uwwzcwx')
2026-03-21T18:59:22Z WARNING bsky_collector_v2.job.index_feed_generators: listRecords failed repo=did:plc:c7dxyq7qwwudtzmkoaccfuro err=HttpError('InvalidRequest: Could not find repo: did:plc:c7dxyq7qwwudtzmkoaccfuro')
2026-03-21T18:59:22Z WARNING bsky_collector_v2.job.index_feed_generators: listRecords failed repo=did:plc:c7hkmjdqsreodvwzv32tths7 err=HttpError('InvalidRequest: Could not find repo: did:plc:c7hkmjdqsreodvwzv32tths7')
2026-03-21T18:59:22Z WARNING bsky_collector_v2.job.index_feed_generators: listRecords failed repo=did:plc:vhkpmjlu2lnruyro6uwwzcwx err=HttpError('InvalidRequest: Could not find repo: did:plc:vhkpmjlu2lnruyro6uwwzcwx')
2026-03-21T18:59:23Z INFO bsky_collector_v2.job.index_feed_generators: enqueued repos page=18 mode=listRepos inserted=500 repos_returned=500 next_cursor=set
2026-03-21T18:59:34Z WARNING bsky_collector_v2.job.index_feed_generators: listRecords failed repo=did:plc:5obl4k2ob6zsnik6tfltjl3v err=HttpError('InvalidRequest: Could not find repo: did:plc:5obl4k2ob6zsnik6tfltjl3v')
2026-03-21T18:59:37Z WARNING bsky_collector_v2.job.index_feed_generators: listRecords failed repo=did:plc:6opep6loqskrpeebuh7hnp7z err=HttpError('InvalidRequest: Could not find repo: did:plc:6opep6loqskrpeebuh7hnp7z')
2026-03-21T18:59:38Z WARNING bsky_collector_v2.job.index_feed_generators: listRecords failed repo=did:plc:72xyudvifh5u4xdooqppaurb err=HttpError('InvalidRequest: Could not find repo: did:plc:72xyudvifh5u4xdooqppaurb')
2026-03-21T19:00:10Z WARNING bsky_collector_v2.job.index_feed_generators: listRecords failed repo=did:plc:kyrfe7u4pywbw7utwbsls3bn err=HttpError('InvalidRequest: Could not find repo: did:plc:kyrfe7u4pywbw7utwbsls3bn')
2026-03-21T19:00:13Z WARNING bsky_collector_v2.job.index_feed_generators: listRecords failed repo=did:plc:mf6duazt4atr7ptfzn5crkfd err=HttpError('InvalidRequest: Could not find repo: did:plc:mf6duazt4atr7ptfzn5crkfd')
2026-03-21T19:00:47Z WARNING bsky_collector_v2.job.index_feed_generators: listRecords failed repo=did:plc:5obl4k2ob6zsnik6tfltjl3v err=HttpError('InvalidRequest: Could not find repo: did:plc:5obl4k2ob6zsnik6tfltjl3v')
2026-03-21T19:00:47Z WARNING bsky_collector_v2.job.index_feed_generators: listRecords failed repo=did:plc:6opep6loqskrpeebuh7hnp7z err=HttpError('InvalidRequest: Could not find repo: did:plc:6opep6loqskrpeebuh7hnp7z')
2026-03-21T19:00:47Z WARNING bsky_collector_v2.job.index_feed_generators: listRecords failed repo=did:plc:72xyudvifh5u4xdooqppaurb err=HttpError('InvalidRequest: Could not find repo: did:plc:72xyudvifh5u4xdooqppaurb')
2026-03-21T19:00:48Z WARNING bsky_collector_v2.job.index_feed_generators: listRecords failed repo=did:plc:kyrfe7u4pywbw7utwbsls3bn err=HttpError('InvalidRequest: Could not find repo: did:plc:kyrfe7u4pywbw7utwbsls3bn')
2026-03-21T19:00:48Z WARNING bsky_collector_v2.job.index_feed_generators: listRecords failed repo=did:plc:mf6duazt4atr7ptfzn5crkfd err=HttpError('InvalidRequest: Could not find repo: did:plc:mf6duazt4atr7ptfzn5crkfd')
2026-03-21T19:00:48Z WARNING bsky_collector_v2.job.index_feed_generators: listRecords failed repo=did:plc:5obl4k2ob6zsnik6tfltjl3v err=HttpError('InvalidRequest: Could not find repo: did:plc:5obl4k2ob6zsnik6tfltjl3v')
2026-03-21T19:00:48Z WARNING bsky_collector_v2.job.index_feed_generators: listRecords failed repo=did:plc:6opep6loqskrpeebuh7hnp7z err=HttpError('InvalidRequest: Could not find repo: did:plc:6opep6loqskrpeebuh7hnp7z')
2026-03-21T19:00:48Z WARNING bsky_collector_v2.job.index_feed_generators: listRecords failed repo=did:plc:72xyudvifh5u4xdooqppaurb err=HttpError('InvalidRequest: Could not find repo: did:plc:72xyudvifh5u4xdooqppaurb')
2026-03-21T19:00:48Z WARNING bsky_collector_v2.job.index_feed_generators: listRecords failed repo=did:plc:kyrfe7u4pywbw7utwbsls3bn err=HttpError('InvalidRequest: Could not find repo: did:plc:kyrfe7u4pywbw7utwbsls3bn')
2026-03-21T19:00:48Z WARNING bsky_collector_v2.job.index_feed_generators: listRecords failed repo=did:plc:mf6duazt4atr7ptfzn5crkfd err=HttpError('InvalidRequest: Could not find repo: did:plc:mf6duazt4atr7ptfzn5crkfd')
2026-03-21T19:00:48Z INFO bsky_collector_v2.job.index_feed_generators: enqueued repos page=19 mode=listRepos inserted=500 repos_returned=500 next_cursor=set
2026-03-21T19:02:28Z INFO bsky_collector_v2.job.index_feed_generators: enqueued repos page=20 mode=listRepos inserted=500 repos_returned=500 next_cursor=set
2026-03-21T19:02:32Z WARNING bsky_collector_v2.job.index_feed_generators: listRecords failed repo=did:plc:3ncudxds7ivrnawlnu7hbt7y err=HttpError('InvalidRequest: Could not find repo: did:plc:3ncudxds7ivrnawlnu7hbt7y')
2026-03-21T19:02:38Z WARNING bsky_collector_v2.job.index_feed_generators: listRecords failed repo=did:plc:5opuckkl7zftsk3ittc5i7rf err=HttpError('InvalidRequest: Could not find repo: did:plc:5opuckkl7zftsk3ittc5i7rf')
2026-03-21T19:02:42Z WARNING bsky_collector_v2.job.index_feed_generators: listRecords failed repo=did:plc:6xkkhtl4wfci4oije7v76fxi err=HttpError('InvalidRequest: Could not find repo: did:plc:6xkkhtl4wfci4oije7v76fxi')
2026-03-21T19:02:55Z WARNING bsky_collector_v2.job.index_feed_generators: listRecords failed repo=did:plc:dcqblfblmfwkn6yviuqiruwd err=HttpError('InvalidRequest: Could not find repo: did:plc:dcqblfblmfwkn6yviuqiruwd')
2026-03-21T19:03:37Z WARNING bsky_collector_v2.job.index_feed_generators: listRecords failed repo=did:plc:tzd35b3n6mikizsvlaokdi7q err=HttpError('InvalidRequest: Could not find repo: did:plc:tzd35b3n6mikizsvlaokdi7q')
2026-03-21T19:03:43Z WARNING bsky_collector_v2.job.index_feed_generators: listRecords failed repo=did:plc:wom2izzzvexl5roco4mbtqrp err=HttpError('InvalidRequest: Could not find repo: did:plc:wom2izzzvexl5roco4mbtqrp')
2026-03-21T19:03:54Z WARNING bsky_collector_v2.job.index_feed_generators: listRecords failed repo=did:plc:3ncudxds7ivrnawlnu7hbt7y err=HttpError('InvalidRequest: Could not find repo: did:plc:3ncudxds7ivrnawlnu7hbt7y')
2026-03-21T19:03:54Z WARNING bsky_collector_v2.job.index_feed_generators: listRecords failed repo=did:plc:5opuckkl7zftsk3ittc5i7rf err=HttpError('InvalidRequest: Could not find repo: did:plc:5opuckkl7zftsk3ittc5i7rf')
2026-03-21T19:03:54Z WARNING bsky_collector_v2.job.index_feed_generators: listRecords failed repo=did:plc:6xkkhtl4wfci4oije7v76fxi err=HttpError('InvalidRequest: Could not find repo: did:plc:6xkkhtl4wfci4oije7v76fxi')
2026-03-21T19:03:54Z WARNING bsky_collector_v2.job.index_feed_generators: listRecords failed repo=did:plc:dcqblfblmfwkn6yviuqiruwd err=HttpError('InvalidRequest: Could not find repo: did:plc:dcqblfblmfwkn6yviuqiruwd')
2026-03-21T19:03:54Z WARNING bsky_collector_v2.job.index_feed_generators: listRecords failed repo=did:plc:tzd35b3n6mikizsvlaokdi7q err=HttpError('InvalidRequest: Could not find repo: did:plc:tzd35b3n6mikizsvlaokdi7q')
2026-03-21T19:03:54Z WARNING bsky_collector_v2.job.index_feed_generators: listRecords failed repo=did:plc:wom2izzzvexl5roco4mbtqrp err=HttpError('InvalidRequest: Could not find repo: did:plc:wom2izzzvexl5roco4mbtqrp')
2026-03-21T19:03:54Z WARNING bsky_collector_v2.job.index_feed_generators: listRecords failed repo=did:plc:3ncudxds7ivrnawlnu7hbt7y err=HttpError('InvalidRequest: Could not find repo: did:plc:3ncudxds7ivrnawlnu7hbt7y')
2026-03-21T19:03:54Z WARNING bsky_collector_v2.job.index_feed_generators: listRecords failed repo=did:plc:5opuckkl7zftsk3ittc5i7rf err=HttpError('InvalidRequest: Could not find repo: did:plc:5opuckkl7zftsk3ittc5i7rf')
2026-03-21T19:03:54Z WARNING bsky_collector_v2.job.index_feed_generators: listRecords failed repo=did:plc:6xkkhtl4wfci4oije7v76fxi err=HttpError('InvalidRequest: Could not find repo: did:plc:6xkkhtl4wfci4oije7v76fxi')
2026-03-21T19:03:54Z WARNING bsky_collector_v2.job.index_feed_generators: listRecords failed repo=did:plc:dcqblfblmfwkn6yviuqiruwd err=HttpError('InvalidRequest: Could not find repo: did:plc:dcqblfblmfwkn6yviuqiruwd')
2026-03-21T19:03:54Z WARNING bsky_collector_v2.job.index_feed_generators: listRecords failed repo=did:plc:tzd35b3n6mikizsvlaokdi7q err=HttpError('InvalidRequest: Could not find repo: did:plc:tzd35b3n6mikizsvlaokdi7q')
2026-03-21T19:03:54Z WARNING bsky_collector_v2.job.index_feed_generators: listRecords failed repo=did:plc:wom2izzzvexl5roco4mbtqrp err=HttpError('InvalidRequest: Could not find repo: did:plc:wom2izzzvexl5roco4mbtqrp')
2026-03-21T19:03:55Z INFO bsky_collector_v2.job.index_feed_generators: enqueued repos page=21 mode=listRepos inserted=500 repos_returned=500 next_cursor=set
2026-03-21T19:04:06Z WARNING bsky_collector_v2.job.index_feed_generators: listRecords failed repo=did:plc:5uuijcymvsufheo4mogfygnp err=HttpError('InvalidRequest: Could not find repo: did:plc:5uuijcymvsufheo4mogfygnp')
2026-03-21T19:04:37Z INFO bsky_collector_v2.job.index_feed_generators: indexed repo=did:plc:ixx5jhyx7clus75u5t6l3d74 part=179 records=1 next_cursor=set
2026-03-21T19:04:42Z WARNING bsky_collector_v2.job.index_feed_generators: listRecords failed repo=did:plc:l4to67wtkbu4f2nyx4fvpy2g err=HttpError('InvalidRequest: Could not find repo: did:plc:l4to67wtkbu4f2nyx4fvpy2g')
2026-03-21T19:05:30Z WARNING bsky_collector_v2.job.index_feed_generators: listRecords failed repo=did:plc:5uuijcymvsufheo4mogfygnp err=HttpError('InvalidRequest: Could not find repo: did:plc:5uuijcymvsufheo4mogfygnp')
2026-03-21T19:05:31Z WARNING bsky_collector_v2.job.index_feed_generators: listRecords failed repo=did:plc:l4to67wtkbu4f2nyx4fvpy2g err=HttpError('InvalidRequest: Could not find repo: did:plc:l4to67wtkbu4f2nyx4fvpy2g')
2026-03-21T19:05:32Z WARNING bsky_collector_v2.job.index_feed_generators: listRecords failed repo=did:plc:5uuijcymvsufheo4mogfygnp err=HttpError('InvalidRequest: Could not find repo: did:plc:5uuijcymvsufheo4mogfygnp')
2026-03-21T19:05:32Z WARNING bsky_collector_v2.job.index_feed_generators: listRecords failed repo=did:plc:l4to67wtkbu4f2nyx4fvpy2g err=HttpError('InvalidRequest: Could not find repo: did:plc:l4to67wtkbu4f2nyx4fvpy2g')
2026-03-21T19:05:33Z INFO bsky_collector_v2.job.index_feed_generators: enqueued repos page=22 mode=listRepos inserted=500 repos_returned=500 next_cursor=set
2026-03-21T19:06:14Z WARNING bsky_collector_v2.job.index_feed_generators: listRecords failed repo=did:plc:hghxhmjc2x2cvdtosvnovhn4 err=HttpError('InvalidRequest: Could not find repo: did:plc:hghxhmjc2x2cvdtosvnovhn4')
2026-03-21T19:06:27Z WARNING bsky_collector_v2.job.index_feed_generators: listRecords failed repo=did:plc:l57gmaq4wjhy5bvhszyoq6v6 err=HttpError('InvalidRequest: Could not find repo: did:plc:l57gmaq4wjhy5bvhszyoq6v6')
2026-03-21T19:06:55Z WARNING bsky_collector_v2.job.index_feed_generators: listRecords failed repo=did:plc:wb7v67ujx7enuts36bvno7g6 err=HttpError('InvalidRequest: Could not find repo: did:plc:wb7v67ujx7enuts36bvno7g6')
2026-03-21T19:07:03Z WARNING bsky_collector_v2.job.index_feed_generators: listRecords failed repo=did:plc:zpfvnjtx2w7kawg5y3qfztfd err=HttpError('InvalidRequest: Could not find repo: did:plc:zpfvnjtx2w7kawg5y3qfztfd')
2026-03-21T19:07:04Z WARNING bsky_collector_v2.job.index_feed_generators: listRecords failed repo=did:plc:hghxhmjc2x2cvdtosvnovhn4 err=HttpError('InvalidRequest: Could not find repo: did:plc:hghxhmjc2x2cvdtosvnovhn4')
2026-03-21T19:07:04Z WARNING bsky_collector_v2.job.index_feed_generators: listRecords failed repo=did:plc:l57gmaq4wjhy5bvhszyoq6v6 err=HttpError('InvalidRequest: Could not find repo: did:plc:l57gmaq4wjhy5bvhszyoq6v6')
2026-03-21T19:07:04Z WARNING bsky_collector_v2.job.index_feed_generators: listRecords failed repo=did:plc:wb7v67ujx7enuts36bvno7g6 err=HttpError('InvalidRequest: Could not find repo: did:plc:wb7v67ujx7enuts36bvno7g6')
2026-03-21T19:07:05Z WARNING bsky_collector_v2.job.index_feed_generators: listRecords failed repo=did:plc:zpfvnjtx2w7kawg5y3qfztfd err=HttpError('InvalidRequest: Could not find repo: did:plc:zpfvnjtx2w7kawg5y3qfztfd')
2026-03-21T19:07:05Z WARNING bsky_collector_v2.job.index_feed_generators: listRecords failed repo=did:plc:hghxhmjc2x2cvdtosvnovhn4 err=HttpError('InvalidRequest: Could not find repo: did:plc:hghxhmjc2x2cvdtosvnovhn4')
2026-03-21T19:07:05Z WARNING bsky_collector_v2.job.index_feed_generators: listRecords failed repo=did:plc:l57gmaq4wjhy5bvhszyoq6v6 err=HttpError('InvalidRequest: Could not find repo: did:plc:l57gmaq4wjhy5bvhszyoq6v6')
2026-03-21T19:07:05Z WARNING bsky_collector_v2.job.index_feed_generators: listRecords failed repo=did:plc:wb7v67ujx7enuts36bvno7g6 err=HttpError('InvalidRequest: Could not find repo: did:plc:wb7v67ujx7enuts36bvno7g6')
2026-03-21T19:07:05Z WARNING bsky_collector_v2.job.index_feed_generators: listRecords failed repo=did:plc:zpfvnjtx2w7kawg5y3qfztfd err=HttpError('InvalidRequest: Could not find repo: did:plc:zpfvnjtx2w7kawg5y3qfztfd')
2026-03-21T19:07:05Z INFO bsky_collector_v2.job.index_feed_generators: enqueued repos page=23 mode=listRepos inserted=500 repos_returned=500 next_cursor=set
2026-03-21T19:07:50Z WARNING bsky_collector_v2.job.index_feed_generators: listRecords failed repo=did:plc:hf3psadjdyeob5ql22cjrfo7 err=HttpError('InvalidRequest: Could not find repo: did:plc:hf3psadjdyeob5ql22cjrfo7')
2026-03-21T19:07:51Z INFO bsky_collector_v2.job.index_feed_generators: indexed repo=did:plc:hjlle2qinu3gdkrp2t72pwsb part=180 records=2 next_cursor=set
2026-03-21T19:08:26Z WARNING bsky_collector_v2.job.index_feed_generators: listRecords failed repo=did:plc:tgailjeq23jfpbn4uzqbqata err=HttpError('InvalidRequest: Could not find repo: did:plc:tgailjeq23jfpbn4uzqbqata')
2026-03-21T19:08:36Z WARNING bsky_collector_v2.job.index_feed_generators: listRecords failed repo=did:plc:xdmfihpwptfwgce6bvodw5eb err=HttpError('InvalidRequest: Could not find repo: did:plc:xdmfihpwptfwgce6bvodw5eb')
2026-03-21T19:08:44Z WARNING bsky_collector_v2.job.index_feed_generators: listRecords failed repo=did:plc:hf3psadjdyeob5ql22cjrfo7 err=HttpError('InvalidRequest: Could not find repo: did:plc:hf3psadjdyeob5ql22cjrfo7')
2026-03-21T19:08:45Z WARNING bsky_collector_v2.job.index_feed_generators: listRecords failed repo=did:plc:tgailjeq23jfpbn4uzqbqata err=HttpError('InvalidRequest: Could not find repo: did:plc:tgailjeq23jfpbn4uzqbqata')
2026-03-21T19:08:45Z WARNING bsky_collector_v2.job.index_feed_generators: listRecords failed repo=did:plc:xdmfihpwptfwgce6bvodw5eb err=HttpError('InvalidRequest: Could not find repo: did:plc:xdmfihpwptfwgce6bvodw5eb')
2026-03-21T19:08:45Z WARNING bsky_collector_v2.job.index_feed_generators: listRecords failed repo=did:plc:hf3psadjdyeob5ql22cjrfo7 err=HttpError('InvalidRequest: Could not find repo: did:plc:hf3psadjdyeob5ql22cjrfo7')
2026-03-21T19:08:45Z WARNING bsky_collector_v2.job.index_feed_generators: listRecords failed repo=did:plc:tgailjeq23jfpbn4uzqbqata err=HttpError('InvalidRequest: Could not find repo: did:plc:tgailjeq23jfpbn4uzqbqata')
2026-03-21T19:08:45Z WARNING bsky_collector_v2.job.index_feed_generators: listRecords failed repo=did:plc:xdmfihpwptfwgce6bvodw5eb err=HttpError('InvalidRequest: Could not find repo: did:plc:xdmfihpwptfwgce6bvodw5eb')
2026-03-21T19:08:45Z INFO bsky_collector_v2.job.index_feed_generators: enqueued repos page=24 mode=listRepos inserted=500 repos_returned=500 next_cursor=set
2026-03-21T19:09:00Z WARNING bsky_collector_v2.job.index_feed_generators: listRecords failed repo=did:plc:6n3fhpva2ykqzoe542zduiy3 err=HttpError('InvalidRequest: Could not find repo: did:plc:6n3fhpva2ykqzoe542zduiy3')
2026-03-21T19:09:56Z WARNING bsky_collector_v2.job.index_feed_generators: listRecords failed repo=did:plc:u2a6zosulimzv6xnpyb5ltcm err=HttpError('InvalidRequest: Could not find repo: did:plc:u2a6zosulimzv6xnpyb5ltcm')
2026-03-21T19:09:56Z WARNING bsky_collector_v2.job.index_feed_generators: listRecords failed repo=did:plc:us4xgq73wvt5bmp6glpd4yyg err=HttpError('InvalidRequest: Could not find repo: did:plc:us4xgq73wvt5bmp6glpd4yyg')
2026-03-21T19:10:17Z WARNING bsky_collector_v2.job.index_feed_generators: listRecords failed repo=did:plc:6n3fhpva2ykqzoe542zduiy3 err=HttpError('InvalidRequest: Could not find repo: did:plc:6n3fhpva2ykqzoe542zduiy3')
2026-03-21T19:10:17Z WARNING bsky_collector_v2.job.index_feed_generators: listRecords failed repo=did:plc:u2a6zosulimzv6xnpyb5ltcm err=HttpError('InvalidRequest: Could not find repo: did:plc:u2a6zosulimzv6xnpyb5ltcm')
2026-03-21T19:10:17Z WARNING bsky_collector_v2.job.index_feed_generators: listRecords failed repo=did:plc:us4xgq73wvt5bmp6glpd4yyg err=HttpError('InvalidRequest: Could not find repo: did:plc:us4xgq73wvt5bmp6glpd4yyg')
2026-03-21T19:10:17Z WARNING bsky_collector_v2.job.index_feed_generators: listRecords failed repo=did:plc:6n3fhpva2ykqzoe542zduiy3 err=HttpError('InvalidRequest: Could not find repo: did:plc:6n3fhpva2ykqzoe542zduiy3')
2026-03-21T19:10:18Z WARNING bsky_collector_v2.job.index_feed_generators: listRecords failed repo=did:plc:u2a6zosulimzv6xnpyb5ltcm err=HttpError('InvalidRequest: Could not find repo: did:plc:u2a6zosulimzv6xnpyb5ltcm')
2026-03-21T19:10:18Z WARNING bsky_collector_v2.job.index_feed_generators: listRecords failed repo=did:plc:us4xgq73wvt5bmp6glpd4yyg err=HttpError('InvalidRequest: Could not find repo: did:plc:us4xgq73wvt5bmp6glpd4yyg')
2026-03-21T19:10:19Z INFO bsky_collector_v2.job.index_feed_generators: enqueued repos page=25 mode=listRepos inserted=500 repos_returned=500 next_cursor=set
2026-03-21T19:10:25Z WARNING bsky_collector_v2.job.index_feed_generators: listRecords failed repo=did:plc:3obtnfbg26k72xv2hwahinuu err=HttpError('InvalidRequest: Could not find repo: did:plc:3obtnfbg26k72xv2hwahinuu')
2026-03-21T19:10:26Z WARNING bsky_collector_v2.job.index_feed_generators: listRecords failed repo=did:plc:43bt2xw6pcnicbiaupyhmbpg err=HttpError('InvalidRequest: Could not find repo: did:plc:43bt2xw6pcnicbiaupyhmbpg')
2026-03-21T19:11:07Z WARNING bsky_collector_v2.job.index_feed_generators: listRecords failed repo=did:plc:ha4j64fajhc5qfwio2wgpvch err=HttpError('InvalidRequest: Could not find repo: did:plc:ha4j64fajhc5qfwio2wgpvch')
2026-03-21T19:11:13Z WARNING bsky_collector_v2.job.index_feed_generators: listRecords failed repo=did:plc:isjf57t37sajdnqkpniiihrp err=HttpError('InvalidRequest: Could not find repo: did:plc:isjf57t37sajdnqkpniiihrp')
2026-03-21T19:11:13Z WARNING bsky_collector_v2.job.index_feed_generators: listRecords failed repo=did:plc:ixybjuvnr2jvicnl74umggxz err=HttpError('InvalidRequest: Could not find repo: did:plc:ixybjuvnr2jvicnl74umggxz')
2026-03-21T19:11:34Z WARNING bsky_collector_v2.job.index_feed_generators: listRecords failed repo=did:plc:pxumjc3dsvarrur5umytcnwy err=HttpError('InvalidRequest: Could not find repo: did:plc:pxumjc3dsvarrur5umytcnwy')
2026-03-21T19:11:40Z WARNING bsky_collector_v2.job.index_feed_generators: listRecords failed repo=did:plc:rr3yd45axv5mjix7jo4qt4uq err=HttpError('InvalidRequest: Could not find repo: did:plc:rr3yd45axv5mjix7jo4qt4uq')
2026-03-21T19:11:51Z INFO bsky_collector_v2.job.index_feed_generators: indexed repo=did:plc:wdutsrxcjplxed44crqd6hvn part=181 records=1 next_cursor=set
2026-03-21T19:11:51Z WARNING bsky_collector_v2.job.index_feed_generators: listRecords failed repo=did:plc:wedn2vghss7uhi7bsc3vpyda err=HttpError('InvalidRequest: Could not find repo: did:plc:wedn2vghss7uhi7bsc3vpyda')
2026-03-21T19:11:55Z WARNING bsky_collector_v2.job.index_feed_generators: listRecords failed repo=did:plc:xpf53syqqmna44j36aelbvev err=HttpError('InvalidRequest: Could not find repo: did:plc:xpf53syqqmna44j36aelbvev')
2026-03-21T19:11:58Z WARNING bsky_collector_v2.job.index_feed_generators: listRecords failed repo=did:plc:zvq637ii2tqkmbwryn3rut5p err=HttpError('InvalidRequest: Could not find repo: did:plc:zvq637ii2tqkmbwryn3rut5p')
2026-03-21T19:11:58Z WARNING bsky_collector_v2.job.index_feed_generators: listRecords failed repo=did:plc:3obtnfbg26k72xv2hwahinuu err=HttpError('InvalidRequest: Could not find repo: did:plc:3obtnfbg26k72xv2hwahinuu')
2026-03-21T19:11:58Z WARNING bsky_collector_v2.job.index_feed_generators: listRecords failed repo=did:plc:43bt2xw6pcnicbiaupyhmbpg err=HttpError('InvalidRequest: Could not find repo: did:plc:43bt2xw6pcnicbiaupyhmbpg')
2026-03-21T19:11:58Z WARNING bsky_collector_v2.job.index_feed_generators: listRecords failed repo=did:plc:ha4j64fajhc5qfwio2wgpvch err=HttpError('InvalidRequest: Could not find repo: did:plc:ha4j64fajhc5qfwio2wgpvch')
2026-03-21T19:11:59Z WARNING bsky_collector_v2.job.index_feed_generators: listRecords failed repo=did:plc:isjf57t37sajdnqkpniiihrp err=HttpError('InvalidRequest: Could not find repo: did:plc:isjf57t37sajdnqkpniiihrp')
2026-03-21T19:11:59Z WARNING bsky_collector_v2.job.index_feed_generators: listRecords failed repo=did:plc:ixybjuvnr2jvicnl74umggxz err=HttpError('InvalidRequest: Could not find repo: did:plc:ixybjuvnr2jvicnl74umggxz')
2026-03-21T19:11:59Z WARNING bsky_collector_v2.job.index_feed_generators: listRecords failed repo=did:plc:pxumjc3dsvarrur5umytcnwy err=HttpError('InvalidRequest: Could not find repo: did:plc:pxumjc3dsvarrur5umytcnwy')
2026-03-21T19:11:59Z WARNING bsky_collector_v2.job.index_feed_generators: listRecords failed repo=did:plc:rr3yd45axv5mjix7jo4qt4uq err=HttpError('InvalidRequest: Could not find repo: did:plc:rr3yd45axv5mjix7jo4qt4uq')
2026-03-21T19:11:59Z WARNING bsky_collector_v2.job.index_feed_generators: listRecords failed repo=did:plc:wedn2vghss7uhi7bsc3vpyda err=HttpError('InvalidRequest: Could not find repo: did:plc:wedn2vghss7uhi7bsc3vpyda')
2026-03-21T19:11:59Z WARNING bsky_collector_v2.job.index_feed_generators: listRecords failed repo=did:plc:xpf53syqqmna44j36aelbvev err=HttpError('InvalidRequest: Could not find repo: did:plc:xpf53syqqmna44j36aelbvev')
2026-03-21T19:11:59Z WARNING bsky_collector_v2.job.index_feed_generators: listRecords failed repo=did:plc:zvq637ii2tqkmbwryn3rut5p err=HttpError('InvalidRequest: Could not find repo: did:plc:zvq637ii2tqkmbwryn3rut5p')
2026-03-21T19:11:59Z WARNING bsky_collector_v2.job.index_feed_generators: listRecords failed repo=did:plc:3obtnfbg26k72xv2hwahinuu err=HttpError('InvalidRequest: Could not find repo: did:plc:3obtnfbg26k72xv2hwahinuu')
2026-03-21T19:11:59Z WARNING bsky_collector_v2.job.index_feed_generators: listRecords failed repo=did:plc:43bt2xw6pcnicbiaupyhmbpg err=HttpError('InvalidRequest: Could not find repo: did:plc:43bt2xw6pcnicbiaupyhmbpg')
2026-03-21T19:11:59Z WARNING bsky_collector_v2.job.index_feed_generators: listRecords failed repo=did:plc:ha4j64fajhc5qfwio2wgpvch err=HttpError('InvalidRequest: Could not find repo: did:plc:ha4j64fajhc5qfwio2wgpvch')
2026-03-21T19:11:59Z WARNING bsky_collector_v2.job.index_feed_generators: listRecords failed repo=did:plc:isjf57t37sajdnqkpniiihrp err=HttpError('InvalidRequest: Could not find repo: did:plc:isjf57t37sajdnqkpniiihrp')
2026-03-21T19:12:00Z WARNING bsky_collector_v2.job.index_feed_generators: listRecords failed repo=did:plc:ixybjuvnr2jvicnl74umggxz err=HttpError('InvalidRequest: Could not find repo: did:plc:ixybjuvnr2jvicnl74umggxz')
2026-03-21T19:12:00Z WARNING bsky_collector_v2.job.index_feed_generators: listRecords failed repo=did:plc:pxumjc3dsvarrur5umytcnwy err=HttpError('InvalidRequest: Could not find repo: did:plc:pxumjc3dsvarrur5umytcnwy')
2026-03-21T19:12:00Z WARNING bsky_collector_v2.job.index_feed_generators: listRecords failed repo=did:plc:rr3yd45axv5mjix7jo4qt4uq err=HttpError('InvalidRequest: Could not find repo: did:plc:rr3yd45axv5mjix7jo4qt4uq')
2026-03-21T19:12:00Z WARNING bsky_collector_v2.job.index_feed_generators: listRecords failed repo=did:plc:wedn2vghss7uhi7bsc3vpyda err=HttpError('InvalidRequest: Could not find repo: did:plc:wedn2vghss7uhi7bsc3vpyda')
2026-03-21T19:12:00Z WARNING bsky_collector_v2.job.index_feed_generators: listRecords failed repo=did:plc:xpf53syqqmna44j36aelbvev err=HttpError('InvalidRequest: Could not find repo: did:plc:xpf53syqqmna44j36aelbvev')
2026-03-21T19:12:00Z WARNING bsky_collector_v2.job.index_feed_generators: listRecords failed repo=did:plc:zvq637ii2tqkmbwryn3rut5p err=HttpError('InvalidRequest: Could not find repo: did:plc:zvq637ii2tqkmbwryn3rut5p')
2026-03-21T19:12:01Z INFO bsky_collector_v2.job.index_feed_generators: enqueued repos page=26 mode=listRepos inserted=500 repos_returned=500 next_cursor=set
2026-03-21T19:12:04Z WARNING bsky_collector_v2.job.index_feed_generators: listRecords failed repo=did:plc:3gs6efc2egdko7qbvmuva3je err=HttpError('InvalidRequest: Could not find repo: did:plc:3gs6efc2egdko7qbvmuva3je')
2026-03-21T19:12:32Z WARNING bsky_collector_v2.job.index_feed_generators: listRecords failed repo=did:plc:evosmgkc626dksqhyrmreafb err=HttpError('InvalidRequest: Could not find repo: did:plc:evosmgkc626dksqhyrmreafb')
2026-03-21T19:12:35Z WARNING bsky_collector_v2.job.index_feed_generators: listRecords failed repo=did:plc:gf3omcpbuc5tv5gozsmlcsi6 err=HttpError('InvalidRequest: Could not find repo: did:plc:gf3omcpbuc5tv5gozsmlcsi6')
2026-03-21T19:13:26Z WARNING bsky_collector_v2.job.index_feed_generators: listRecords failed repo=did:plc:voankoyciinp5d3aih3kt3uw err=HttpError('InvalidRequest: Could not find repo: did:plc:voankoyciinp5d3aih3kt3uw')
2026-03-21T19:13:40Z WARNING bsky_collector_v2.job.index_feed_generators: listRecords failed repo=did:plc:3gs6efc2egdko7qbvmuva3je err=HttpError('InvalidRequest: Could not find repo: did:plc:3gs6efc2egdko7qbvmuva3je')
2026-03-21T19:13:40Z WARNING bsky_collector_v2.job.index_feed_generators: listRecords failed repo=did:plc:evosmgkc626dksqhyrmreafb err=HttpError('InvalidRequest: Could not find repo: did:plc:evosmgkc626dksqhyrmreafb')
2026-03-21T19:13:40Z WARNING bsky_collector_v2.job.index_feed_generators: listRecords failed repo=did:plc:gf3omcpbuc5tv5gozsmlcsi6 err=HttpError('InvalidRequest: Could not find repo: did:plc:gf3omcpbuc5tv5gozsmlcsi6')
2026-03-21T19:13:40Z WARNING bsky_collector_v2.job.index_feed_generators: listRecords failed repo=did:plc:voankoyciinp5d3aih3kt3uw err=HttpError('InvalidRequest: Could not find repo: did:plc:voankoyciinp5d3aih3kt3uw')
2026-03-21T19:13:40Z WARNING bsky_collector_v2.job.index_feed_generators: listRecords failed repo=did:plc:3gs6efc2egdko7qbvmuva3je err=HttpError('InvalidRequest: Could not find repo: did:plc:3gs6efc2egdko7qbvmuva3je')
2026-03-21T19:13:40Z WARNING bsky_collector_v2.job.index_feed_generators: listRecords failed repo=did:plc:evosmgkc626dksqhyrmreafb err=HttpError('InvalidRequest: Could not find repo: did:plc:evosmgkc626dksqhyrmreafb')
2026-03-21T19:13:40Z WARNING bsky_collector_v2.job.index_feed_generators: listRecords failed repo=did:plc:gf3omcpbuc5tv5gozsmlcsi6 err=HttpError('InvalidRequest: Could not find repo: did:plc:gf3omcpbuc5tv5gozsmlcsi6')
2026-03-21T19:13:40Z WARNING bsky_collector_v2.job.index_feed_generators: listRecords failed repo=did:plc:voankoyciinp5d3aih3kt3uw err=HttpError('InvalidRequest: Could not find repo: did:plc:voankoyciinp5d3aih3kt3uw')
2026-03-21T19:13:40Z INFO bsky_collector_v2.job.index_feed_generators: enqueued repos page=27 mode=listRepos inserted=500 repos_returned=500 next_cursor=set
2026-03-21T19:13:43Z WARNING bsky_collector_v2.job.index_feed_generators: listRecords failed repo=did:plc:3ka6fgdn7ttmhvrz43uxiptd err=HttpError('InvalidRequest: Could not find repo: did:plc:3ka6fgdn7ttmhvrz43uxiptd')
2026-03-21T19:14:43Z WARNING bsky_collector_v2.job.index_feed_generators: listRecords failed repo=did:plc:qlk5anh7cq5hzferzad5fazv err=HttpError('InvalidRequest: Could not find repo: did:plc:qlk5anh7cq5hzferzad5fazv')
2026-03-21T19:14:54Z WARNING bsky_collector_v2.job.index_feed_generators: listRecords failed repo=did:plc:ulayujxwesemzribtkfgykoa err=HttpError('InvalidRequest: Could not find repo: did:plc:ulayujxwesemzribtkfgykoa')
2026-03-21T19:15:03Z WARNING bsky_collector_v2.job.index_feed_generators: listRecords failed repo=did:plc:vf62e5qpad4e2lrrbodzlyo5 err=HttpError('InvalidRequest: Could not find repo: did:plc:vf62e5qpad4e2lrrbodzlyo5')
2026-03-21T19:15:03Z WARNING bsky_collector_v2.job.index_feed_generators: listRecords failed repo=did:plc:vi7uwyzbnlrsz3bcpe253i24 err=HttpError('InvalidRequest: Could not find repo: did:plc:vi7uwyzbnlrsz3bcpe253i24')
2026-03-21T19:15:23Z WARNING bsky_collector_v2.job.index_feed_generators: listRecords failed repo=did:plc:3ka6fgdn7ttmhvrz43uxiptd err=HttpError('InvalidRequest: Could not find repo: did:plc:3ka6fgdn7ttmhvrz43uxiptd')
2026-03-21T19:15:23Z WARNING bsky_collector_v2.job.index_feed_generators: listRecords failed repo=did:plc:qlk5anh7cq5hzferzad5fazv err=HttpError('InvalidRequest: Could not find repo: did:plc:qlk5anh7cq5hzferzad5fazv')
2026-03-21T19:15:23Z WARNING bsky_collector_v2.job.index_feed_generators: listRecords failed repo=did:plc:ulayujxwesemzribtkfgykoa err=HttpError('InvalidRequest: Could not find repo: did:plc:ulayujxwesemzribtkfgykoa')
2026-03-21T19:15:23Z WARNING bsky_collector_v2.job.index_feed_generators: listRecords failed repo=did:plc:vf62e5qpad4e2lrrbodzlyo5 err=HttpError('InvalidRequest: Could not find repo: did:plc:vf62e5qpad4e2lrrbodzlyo5')
2026-03-21T19:15:23Z WARNING bsky_collector_v2.job.index_feed_generators: listRecords failed repo=did:plc:vi7uwyzbnlrsz3bcpe253i24 err=HttpError('InvalidRequest: Could not find repo: did:plc:vi7uwyzbnlrsz3bcpe253i24')
2026-03-21T19:15:23Z WARNING bsky_collector_v2.job.index_feed_generators: listRecords failed repo=did:plc:3ka6fgdn7ttmhvrz43uxiptd err=HttpError('InvalidRequest: Could not find repo: did:plc:3ka6fgdn7ttmhvrz43uxiptd')
2026-03-21T19:15:23Z WARNING bsky_collector_v2.job.index_feed_generators: listRecords failed repo=did:plc:qlk5anh7cq5hzferzad5fazv err=HttpError('InvalidRequest: Could not find repo: did:plc:qlk5anh7cq5hzferzad5fazv')
2026-03-21T19:15:23Z WARNING bsky_collector_v2.job.index_feed_generators: listRecords failed repo=did:plc:ulayujxwesemzribtkfgykoa err=HttpError('InvalidRequest: Could not find repo: did:plc:ulayujxwesemzribtkfgykoa')
2026-03-21T19:15:23Z WARNING bsky_collector_v2.job.index_feed_generators: listRecords failed repo=did:plc:vf62e5qpad4e2lrrbodzlyo5 err=HttpError('InvalidRequest: Could not find repo: did:plc:vf62e5qpad4e2lrrbodzlyo5')
2026-03-21T19:15:24Z WARNING bsky_collector_v2.job.index_feed_generators: listRecords failed repo=did:plc:vi7uwyzbnlrsz3bcpe253i24 err=HttpError('InvalidRequest: Could not find repo: did:plc:vi7uwyzbnlrsz3bcpe253i24')
2026-03-21T19:15:24Z INFO bsky_collector_v2.job.index_feed_generators: enqueued repos page=28 mode=listRepos inserted=500 repos_returned=500 next_cursor=set
2026-03-21T19:15:37Z WARNING bsky_collector_v2.job.index_feed_generators: listRecords failed repo=did:plc:57g6wzj6bq2tklyeby75qtok err=HttpError('InvalidRequest: Could not find repo: did:plc:57g6wzj6bq2tklyeby75qtok')
2026-03-21T19:17:16Z WARNING bsky_collector_v2.job.index_feed_generators: listRecords failed repo=did:plc:57g6wzj6bq2tklyeby75qtok err=HttpError('InvalidRequest: Could not find repo: did:plc:57g6wzj6bq2tklyeby75qtok')
2026-03-21T19:17:16Z WARNING bsky_collector_v2.job.index_feed_generators: listRecords failed repo=did:plc:57g6wzj6bq2tklyeby75qtok err=HttpError('InvalidRequest: Could not find repo: did:plc:57g6wzj6bq2tklyeby75qtok')
2026-03-21T19:17:17Z INFO bsky_collector_v2.job.index_feed_generators: enqueued repos page=29 mode=listRepos inserted=500 repos_returned=500 next_cursor=set
2026-03-21T19:17:24Z WARNING bsky_collector_v2.job.index_feed_generators: listRecords failed repo=did:plc:4umkd2ezjwnmcsiqzdcnhbgn err=HttpError('InvalidRequest: Could not find repo: did:plc:4umkd2ezjwnmcsiqzdcnhbgn')
2026-03-21T19:17:28Z WARNING bsky_collector_v2.job.index_feed_generators: listRecords failed repo=did:plc:6n6g77jan5qhukm674njo6y5 err=HttpError('InvalidRequest: Could not find repo: did:plc:6n6g77jan5qhukm674njo6y5')
2026-03-21T19:18:33Z WARNING bsky_collector_v2.job.index_feed_generators: listRecords failed repo=did:plc:xwczcwjmngukixyyu5y37znu err=HttpError('InvalidRequest: Could not find repo: did:plc:xwczcwjmngukixyyu5y37znu')
2026-03-21T19:18:43Z WARNING bsky_collector_v2.job.index_feed_generators: listRecords failed repo=did:plc:4umkd2ezjwnmcsiqzdcnhbgn err=HttpError('InvalidRequest: Could not find repo: did:plc:4umkd2ezjwnmcsiqzdcnhbgn')
2026-03-21T19:18:43Z WARNING bsky_collector_v2.job.index_feed_generators: listRecords failed repo=did:plc:6n6g77jan5qhukm674njo6y5 err=HttpError('InvalidRequest: Could not find repo: did:plc:6n6g77jan5qhukm674njo6y5')
2026-03-21T19:18:43Z WARNING bsky_collector_v2.job.index_feed_generators: listRecords failed repo=did:plc:xwczcwjmngukixyyu5y37znu err=HttpError('InvalidRequest: Could not find repo: did:plc:xwczcwjmngukixyyu5y37znu')
2026-03-21T19:18:43Z WARNING bsky_collector_v2.job.index_feed_generators: listRecords failed repo=did:plc:4umkd2ezjwnmcsiqzdcnhbgn err=HttpError('InvalidRequest: Could not find repo: did:plc:4umkd2ezjwnmcsiqzdcnhbgn')
2026-03-21T19:18:43Z WARNING bsky_collector_v2.job.index_feed_generators: listRecords failed repo=did:plc:6n6g77jan5qhukm674njo6y5 err=HttpError('InvalidRequest: Could not find repo: did:plc:6n6g77jan5qhukm674njo6y5')
2026-03-21T19:18:43Z WARNING bsky_collector_v2.job.index_feed_generators: listRecords failed repo=did:plc:xwczcwjmngukixyyu5y37znu err=HttpError('InvalidRequest: Could not find repo: did:plc:xwczcwjmngukixyyu5y37znu')
2026-03-21T19:18:44Z INFO bsky_collector_v2.job.index_feed_generators: enqueued repos page=30 mode=listRepos inserted=500 repos_returned=500 next_cursor=set
2026-03-21T19:19:47Z WARNING bsky_collector_v2.job.index_feed_generators: listRecords failed repo=did:plc:kh7763q4247e5vossfwh2xfv err=HttpError('InvalidRequest: Could not find repo: did:plc:kh7763q4247e5vossfwh2xfv')
2026-03-21T19:19:49Z WARNING bsky_collector_v2.job.index_feed_generators: listRecords failed repo=did:plc:kxqgywfifzwvsrtb3g5gso4n err=HttpError('InvalidRequest: Could not find repo: did:plc:kxqgywfifzwvsrtb3g5gso4n')
2026-03-21T19:19:57Z INFO bsky_collector_v2.job.index_feed_generators: indexed repo=did:plc:nwwahnjfv6i4cosda5adw5j2 part=182 records=1 next_cursor=set
2026-03-21T19:20:05Z WARNING bsky_collector_v2.job.index_feed_generators: listRecords failed repo=did:plc:qwya62pu7z2asmtptreeixji err=HttpError('InvalidRequest: Could not find repo: did:plc:qwya62pu7z2asmtptreeixji')
2026-03-21T19:20:28Z WARNING bsky_collector_v2.job.index_feed_generators: listRecords failed repo=did:plc:kh7763q4247e5vossfwh2xfv err=HttpError('InvalidRequest: Could not find repo: did:plc:kh7763q4247e5vossfwh2xfv')
2026-03-21T19:20:28Z WARNING bsky_collector_v2.job.index_feed_generators: listRecords failed repo=did:plc:kxqgywfifzwvsrtb3g5gso4n err=HttpError('InvalidRequest: Could not find repo: did:plc:kxqgywfifzwvsrtb3g5gso4n')
2026-03-21T19:20:28Z WARNING bsky_collector_v2.job.index_feed_generators: listRecords failed repo=did:plc:qwya62pu7z2asmtptreeixji err=HttpError('InvalidRequest: Could not find repo: did:plc:qwya62pu7z2asmtptreeixji')
2026-03-21T19:20:28Z WARNING bsky_collector_v2.job.index_feed_generators: listRecords failed repo=did:plc:kh7763q4247e5vossfwh2xfv err=HttpError('InvalidRequest: Could not find repo: did:plc:kh7763q4247e5vossfwh2xfv')
2026-03-21T19:20:28Z WARNING bsky_collector_v2.job.index_feed_generators: listRecords failed repo=did:plc:kxqgywfifzwvsrtb3g5gso4n err=HttpError('InvalidRequest: Could not find repo: did:plc:kxqgywfifzwvsrtb3g5gso4n')
2026-03-21T19:20:29Z WARNING bsky_collector_v2.job.index_feed_generators: listRecords failed repo=did:plc:qwya62pu7z2asmtptreeixji err=HttpError('InvalidRequest: Could not find repo: did:plc:qwya62pu7z2asmtptreeixji')
2026-03-21T19:20:29Z INFO bsky_collector_v2.job.index_feed_generators: enqueued repos page=31 mode=listRepos inserted=500 repos_returned=500 next_cursor=set
2026-03-21T19:21:08Z WARNING bsky_collector_v2.job.index_feed_generators: listRecords failed repo=did:plc:hbdzpz3wo5cpyzo62lppdotu err=HttpError('InvalidRequest: Could not find repo: did:plc:hbdzpz3wo5cpyzo62lppdotu')
2026-03-21T19:21:09Z WARNING bsky_collector_v2.job.index_feed_generators: listRecords failed repo=did:plc:hit3kur75kwqexk7nr3tmatm err=HttpError('InvalidRequest: Could not find repo: did:plc:hit3kur75kwqexk7nr3tmatm')
2026-03-21T19:21:35Z WARNING bsky_collector_v2.job.index_feed_generators: listRecords failed repo=did:plc:njdgl6wm7qp5fk4tz6o65zqy err=HttpError('InvalidRequest: Could not find repo: did:plc:njdgl6wm7qp5fk4tz6o65zqy')
2026-03-21T19:22:05Z WARNING bsky_collector_v2.job.index_feed_generators: listRecords failed repo=did:plc:wq7znr4hjcycbgxbkleclxik err=HttpError('InvalidRequest: Could not find repo: did:plc:wq7znr4hjcycbgxbkleclxik')
2026-03-21T19:22:13Z WARNING bsky_collector_v2.job.index_feed_generators: listRecords failed repo=did:plc:hbdzpz3wo5cpyzo62lppdotu err=HttpError('InvalidRequest: Could not find repo: did:plc:hbdzpz3wo5cpyzo62lppdotu')
2026-03-21T19:22:13Z WARNING bsky_collector_v2.job.index_feed_generators: listRecords failed repo=did:plc:hit3kur75kwqexk7nr3tmatm err=HttpError('InvalidRequest: Could not find repo: did:plc:hit3kur75kwqexk7nr3tmatm')
2026-03-21T19:22:13Z WARNING bsky_collector_v2.job.index_feed_generators: listRecords failed repo=did:plc:njdgl6wm7qp5fk4tz6o65zqy err=HttpError('InvalidRequest: Could not find repo: did:plc:njdgl6wm7qp5fk4tz6o65zqy')
2026-03-21T19:22:13Z WARNING bsky_collector_v2.job.index_feed_generators: listRecords failed repo=did:plc:wq7znr4hjcycbgxbkleclxik err=HttpError('InvalidRequest: Could not find repo: did:plc:wq7znr4hjcycbgxbkleclxik')
2026-03-21T19:22:13Z WARNING bsky_collector_v2.job.index_feed_generators: listRecords failed repo=did:plc:hbdzpz3wo5cpyzo62lppdotu err=HttpError('InvalidRequest: Could not find repo: did:plc:hbdzpz3wo5cpyzo62lppdotu')
2026-03-21T19:22:13Z WARNING bsky_collector_v2.job.index_feed_generators: listRecords failed repo=did:plc:hit3kur75kwqexk7nr3tmatm err=HttpError('InvalidRequest: Could not find repo: did:plc:hit3kur75kwqexk7nr3tmatm')
2026-03-21T19:22:13Z WARNING bsky_collector_v2.job.index_feed_generators: listRecords failed repo=did:plc:njdgl6wm7qp5fk4tz6o65zqy err=HttpError('InvalidRequest: Could not find repo: did:plc:njdgl6wm7qp5fk4tz6o65zqy')
2026-03-21T19:22:13Z WARNING bsky_collector_v2.job.index_feed_generators: listRecords failed repo=did:plc:wq7znr4hjcycbgxbkleclxik err=HttpError('InvalidRequest: Could not find repo: did:plc:wq7znr4hjcycbgxbkleclxik')
2026-03-21T19:22:14Z INFO bsky_collector_v2.job.index_feed_generators: enqueued repos page=32 mode=listRepos inserted=500 repos_returned=500 next_cursor=set
2026-03-21T19:22:18Z WARNING bsky_collector_v2.job.index_feed_generators: listRecords failed repo=did:plc:3q4ffnlub6ble75zwzj6wenq err=HttpError('InvalidRequest: Could not find repo: did:plc:3q4ffnlub6ble75zwzj6wenq')
2026-03-21T19:22:26Z WARNING bsky_collector_v2.job.index_feed_generators: listRecords failed repo=did:plc:5yt7c7oqme46vchvgelz3fw7 err=HttpError('InvalidRequest: Could not find repo: did:plc:5yt7c7oqme46vchvgelz3fw7')
2026-03-21T19:22:29Z WARNING bsky_collector_v2.job.index_feed_generators: listRecords failed repo=did:plc:6vlesakhu3mejgyx6cvvuoqd err=HttpError('InvalidRequest: Could not find repo: did:plc:6vlesakhu3mejgyx6cvvuoqd')
2026-03-21T19:22:32Z WARNING bsky_collector_v2.job.index_feed_generators: listRecords failed repo=did:plc:7ojach6mp5oiruo6u7jbvts5 err=HttpError('InvalidRequest: Could not find repo: did:plc:7ojach6mp5oiruo6u7jbvts5')
2026-03-21T19:22:35Z WARNING bsky_collector_v2.job.index_feed_generators: listRecords failed repo=did:plc:b4emq37g3p3ovtcswmvsz4sj err=HttpError('InvalidRequest: Could not find repo: did:plc:b4emq37g3p3ovtcswmvsz4sj')
2026-03-21T19:23:41Z WARNING bsky_collector_v2.job.index_feed_generators: listRecords failed repo=did:plc:v3cji6dkf226njihaqjw4tkb err=HttpError('InvalidRequest: Could not find repo: did:plc:v3cji6dkf226njihaqjw4tkb')
2026-03-21T19:23:55Z WARNING bsky_collector_v2.job.index_feed_generators: listRecords failed repo=did:plc:3q4ffnlub6ble75zwzj6wenq err=HttpError('InvalidRequest: Could not find repo: did:plc:3q4ffnlub6ble75zwzj6wenq')
2026-03-21T19:23:55Z WARNING bsky_collector_v2.job.index_feed_generators: listRecords failed repo=did:plc:5yt7c7oqme46vchvgelz3fw7 err=HttpError('InvalidRequest: Could not find repo: did:plc:5yt7c7oqme46vchvgelz3fw7')
2026-03-21T19:23:55Z WARNING bsky_collector_v2.job.index_feed_generators: listRecords failed repo=did:plc:6vlesakhu3mejgyx6cvvuoqd err=HttpError('InvalidRequest: Could not find repo: did:plc:6vlesakhu3mejgyx6cvvuoqd')
2026-03-21T19:23:56Z WARNING bsky_collector_v2.job.index_feed_generators: listRecords failed repo=did:plc:7ojach6mp5oiruo6u7jbvts5 err=HttpError('InvalidRequest: Could not find repo: did:plc:7ojach6mp5oiruo6u7jbvts5')
2026-03-21T19:23:56Z WARNING bsky_collector_v2.job.index_feed_generators: listRecords failed repo=did:plc:b4emq37g3p3ovtcswmvsz4sj err=HttpError('InvalidRequest: Could not find repo: did:plc:b4emq37g3p3ovtcswmvsz4sj')
2026-03-21T19:23:56Z WARNING bsky_collector_v2.job.index_feed_generators: listRecords failed repo=did:plc:v3cji6dkf226njihaqjw4tkb err=HttpError('InvalidRequest: Could not find repo: did:plc:v3cji6dkf226njihaqjw4tkb')
2026-03-21T19:23:56Z WARNING bsky_collector_v2.job.index_feed_generators: listRecords failed repo=did:plc:3q4ffnlub6ble75zwzj6wenq err=HttpError('InvalidRequest: Could not find repo: did:plc:3q4ffnlub6ble75zwzj6wenq')
2026-03-21T19:23:56Z WARNING bsky_collector_v2.job.index_feed_generators: listRecords failed repo=did:plc:5yt7c7oqme46vchvgelz3fw7 err=HttpError('InvalidRequest: Could not find repo: did:plc:5yt7c7oqme46vchvgelz3fw7')
2026-03-21T19:23:56Z WARNING bsky_collector_v2.job.index_feed_generators: listRecords failed repo=did:plc:6vlesakhu3mejgyx6cvvuoqd err=HttpError('InvalidRequest: Could not find repo: did:plc:6vlesakhu3mejgyx6cvvuoqd')
2026-03-21T19:23:56Z WARNING bsky_collector_v2.job.index_feed_generators: listRecords failed repo=did:plc:7ojach6mp5oiruo6u7jbvts5 err=HttpError('InvalidRequest: Could not find repo: did:plc:7ojach6mp5oiruo6u7jbvts5')
2026-03-21T19:23:56Z WARNING bsky_collector_v2.job.index_feed_generators: listRecords failed repo=did:plc:b4emq37g3p3ovtcswmvsz4sj err=HttpError('InvalidRequest: Could not find repo: did:plc:b4emq37g3p3ovtcswmvsz4sj')
2026-03-21T19:23:56Z WARNING bsky_collector_v2.job.index_feed_generators: listRecords failed repo=did:plc:v3cji6dkf226njihaqjw4tkb err=HttpError('InvalidRequest: Could not find repo: did:plc:v3cji6dkf226njihaqjw4tkb')
2026-03-21T19:23:57Z INFO bsky_collector_v2.job.index_feed_generators: enqueued repos page=33 mode=listRepos inserted=500 repos_returned=500 next_cursor=set
2026-03-21T19:24:09Z INFO bsky_collector_v2.job.index_feed_generators: indexed repo=did:plc:67eoyqtnrprusqdfxeihoxwp part=183 records=1 next_cursor=set
2026-03-21T19:25:19Z WARNING bsky_collector_v2.job.index_feed_generators: listRecords failed repo=did:plc:vwviilulgfarnp3kbdx3xwod err=HttpError('InvalidRequest: Could not find repo: did:plc:vwviilulgfarnp3kbdx3xwod')
2026-03-21T19:25:29Z WARNING bsky_collector_v2.job.index_feed_generators: listRecords failed repo=did:plc:zy6dudzfjxbaejklvmwxbq4q err=HttpError('InvalidRequest: Could not find repo: did:plc:zy6dudzfjxbaejklvmwxbq4q')
2026-03-21T19:25:29Z WARNING bsky_collector_v2.job.index_feed_generators: listRecords failed repo=did:plc:vwviilulgfarnp3kbdx3xwod err=HttpError('InvalidRequest: Could not find repo: did:plc:vwviilulgfarnp3kbdx3xwod')
2026-03-21T19:25:29Z WARNING bsky_collector_v2.job.index_feed_generators: listRecords failed repo=did:plc:zy6dudzfjxbaejklvmwxbq4q err=HttpError('InvalidRequest: Could not find repo: did:plc:zy6dudzfjxbaejklvmwxbq4q')
2026-03-21T19:25:29Z WARNING bsky_collector_v2.job.index_feed_generators: listRecords failed repo=did:plc:vwviilulgfarnp3kbdx3xwod err=HttpError('InvalidRequest: Could not find repo: did:plc:vwviilulgfarnp3kbdx3xwod')
2026-03-21T19:25:30Z WARNING bsky_collector_v2.job.index_feed_generators: listRecords failed repo=did:plc:zy6dudzfjxbaejklvmwxbq4q err=HttpError('InvalidRequest: Could not find repo: did:plc:zy6dudzfjxbaejklvmwxbq4q')
2026-03-21T19:25:30Z INFO bsky_collector_v2.job.index_feed_generators: enqueued repos page=34 mode=listRepos inserted=500 repos_returned=500 next_cursor=set
2026-03-21T19:25:33Z WARNING bsky_collector_v2.job.index_feed_generators: listRecords failed repo=did:plc:35eruteodfvh4bk7y4zny7je err=HttpError('InvalidRequest: Could not find repo: did:plc:35eruteodfvh4bk7y4zny7je')
2026-03-21T19:25:35Z INFO bsky_collector_v2.job.index_feed_generators: indexed repo=did:plc:3yyrr677fe2hscsgxfl5tia4 part=184 records=1 next_cursor=set
2026-03-21T19:25:51Z WARNING bsky_collector_v2.job.index_feed_generators: listRecords failed repo=did:plc:akckmsvn3urknqtqs5nsklic err=HttpError('InvalidRequest: Could not find repo: did:plc:akckmsvn3urknqtqs5nsklic')
2026-03-21T19:25:56Z WARNING bsky_collector_v2.job.index_feed_generators: listRecords failed repo=did:plc:cqd3qsihb3gptryvn5pder7x err=HttpError('InvalidRequest: Could not find repo: did:plc:cqd3qsihb3gptryvn5pder7x')
