2026-02-18T06:32:21Z INFO bsky_collector_v2: out_base ok path=D:\BlueSky\data_v2_full mount=D:\
2026-02-18T06:32:21Z INFO bsky_collector_v2: job start subcommand=index-feed-generators dry_run=False resume=True
2026-02-18T06:32:21Z INFO bsky_collector_v2.job.index_feed_generators: feed generator index hosts relay_host=https://bsky.network records_host=https://bsky.social auth=yes
2026-02-18T06:32:24Z WARNING bsky_collector_v2.job.index_feed_generators: listRecords failed repo=did:plc:mdxysjq3scijvxqiwoci4mlv err=HttpError('InvalidRequest: Could not find repo: did:plc:mdxysjq3scijvxqiwoci4mlv')
2026-02-18T06:32:28Z WARNING bsky_collector_v2.job.index_feed_generators: listRecords failed repo=did:plc:nmc77zslrwafxn75j66mep6o err=HttpError('InvalidRequest: Could not find repo: did:plc:nmc77zslrwafxn75j66mep6o')
2026-02-18T06:32:43Z WARNING bsky_collector_v2.job.index_feed_generators: listRecords failed repo=did:plc:u3od5tfxueq5c54oiwbtoxsv err=HttpError('InvalidRequest: Could not find repo: did:plc:u3od5tfxueq5c54oiwbtoxsv')
2026-02-18T06:32:53Z INFO bsky_collector_v2.job.index_feed_generators: indexed repo=did:plc:xljf53ruupsvhomu4hfy2uzy part=224 records=2 next_cursor=set
2026-02-18T06:32:54Z INFO bsky_collector_v2.job.index_feed_generators: indexed repo=did:plc:y5pa64wjuntq45w4vh6qtel6 part=225 records=1 next_cursor=set
2026-02-18T06:32:56Z INFO bsky_collector_v2.job.index_feed_generators: indexed repo=did:plc:z3knkrbpyl232ej5iz44xwdc part=226 records=2 next_cursor=set
2026-02-18T06:33:00Z WARNING bsky_collector_v2.job.index_feed_generators: listRecords failed repo=did:plc:mdxysjq3scijvxqiwoci4mlv err=HttpError('InvalidRequest: Could not find repo: did:plc:mdxysjq3scijvxqiwoci4mlv')
2026-02-18T06:33:00Z WARNING bsky_collector_v2.job.index_feed_generators: listRecords failed repo=did:plc:nmc77zslrwafxn75j66mep6o err=HttpError('InvalidRequest: Could not find repo: did:plc:nmc77zslrwafxn75j66mep6o')
2026-02-18T06:33:00Z WARNING bsky_collector_v2.job.index_feed_generators: listRecords failed repo=did:plc:u3od5tfxueq5c54oiwbtoxsv err=HttpError('InvalidRequest: Could not find repo: did:plc:u3od5tfxueq5c54oiwbtoxsv')
2026-02-18T06:33:00Z WARNING bsky_collector_v2.job.index_feed_generators: listRecords failed repo=did:plc:mdxysjq3scijvxqiwoci4mlv err=HttpError('InvalidRequest: Could not find repo: did:plc:mdxysjq3scijvxqiwoci4mlv')
2026-02-18T06:33:01Z WARNING bsky_collector_v2.job.index_feed_generators: listRecords failed repo=did:plc:nmc77zslrwafxn75j66mep6o err=HttpError('InvalidRequest: Could not find repo: did:plc:nmc77zslrwafxn75j66mep6o')
2026-02-18T06:33:01Z WARNING bsky_collector_v2.job.index_feed_generators: listRecords failed repo=did:plc:u3od5tfxueq5c54oiwbtoxsv err=HttpError('InvalidRequest: Could not find repo: did:plc:u3od5tfxueq5c54oiwbtoxsv')
2026-02-18T06:33:01Z INFO bsky_collector_v2.job.index_feed_generators: enqueued repos page=1 mode=listRepos inserted=500 repos_returned=500 next_cursor=set
2026-02-18T06:33:04Z INFO bsky_collector_v2.job.index_feed_generators: indexed repo=did:plc:3caszucmpdpl2eeabl6lm6va part=227 records=2 next_cursor=set
2026-02-18T06:33:12Z INFO bsky_collector_v2.job.index_feed_generators: indexed repo=did:plc:6z35ih6ho462727flpe25eaq part=228 records=1 next_cursor=set
2026-02-18T06:33:19Z INFO bsky_collector_v2.job.index_feed_generators: indexed repo=did:plc:cc3zrubhw7bfptqo53mqptbu part=229 records=4 next_cursor=set
2026-02-18T06:33:22Z INFO bsky_collector_v2.job.index_feed_generators: indexed repo=did:plc:dmcnmcqv6qrtzi5a6d25hz4q part=230 records=2 next_cursor=set
2026-02-18T06:33:51Z INFO bsky_collector_v2.job.index_feed_generators: indexed repo=did:plc:mjqyb3a4orkt6ebtcwbxjq2m part=231 records=3 next_cursor=set
2026-02-18T06:34:00Z INFO bsky_collector_v2.job.index_feed_generators: indexed repo=did:plc:oitfljp5ctzmmhq6uhxbakpp part=232 records=2 next_cursor=set
2026-02-18T06:34:06Z INFO bsky_collector_v2.job.index_feed_generators: indexed repo=did:plc:qb4rpp7v666fuhfd23323ips part=233 records=2 next_cursor=set
2026-02-18T06:34:07Z INFO bsky_collector_v2.job.index_feed_generators: indexed repo=did:plc:ql63gck5lqp6dfti3nxfst57 part=234 records=1 next_cursor=set
2026-02-18T06:34:49Z INFO bsky_collector_v2.job.index_feed_generators: enqueued repos page=2 mode=listRepos inserted=500 repos_returned=500 next_cursor=set
2026-02-18T06:34:51Z INFO bsky_collector_v2.job.index_feed_generators: indexed repo=did:plc:2qmmkrr7tfobeeeoyl2eg7dr part=235 records=1 next_cursor=set
2026-02-18T06:34:55Z INFO bsky_collector_v2.job.index_feed_generators: indexed repo=did:plc:4laqbqnfotbynabbdrpvbsd7 part=236 records=1 next_cursor=set
2026-02-18T06:35:02Z INFO bsky_collector_v2.job.index_feed_generators: indexed repo=did:plc:74ovtd54qeddwvty7qf3muvt part=237 records=1 next_cursor=set
2026-02-18T06:35:09Z INFO bsky_collector_v2.job.index_feed_generators: indexed repo=did:plc:b2jpjqzefpmuaabki4vens4r part=238 records=1 next_cursor=set
2026-02-18T06:35:15Z INFO bsky_collector_v2.job.index_feed_generators: indexed repo=did:plc:dyhbttocpq2sniz5kevkhjwb part=239 records=1 next_cursor=set
2026-02-18T06:35:23Z INFO bsky_collector_v2.job.index_feed_generators: indexed repo=did:plc:h4eedgyoxuoebe5nsi6nj7vi part=240 records=1 next_cursor=set
2026-02-18T06:35:23Z INFO bsky_collector_v2.job.index_feed_generators: indexed repo=did:plc:hel67wlkt7c2wgn5vyom4vgk part=241 records=1 next_cursor=set
2026-02-18T06:35:39Z INFO bsky_collector_v2.job.index_feed_generators: indexed repo=did:plc:ookz3ylvc53f7svj3dku6bqu part=242 records=1 next_cursor=set
2026-02-18T06:35:56Z INFO bsky_collector_v2.job.index_feed_generators: indexed repo=did:plc:tt6hghuwna5boh7hnmgxck27 part=243 records=1 next_cursor=set
2026-02-18T06:35:57Z INFO bsky_collector_v2.job.index_feed_generators: indexed repo=did:plc:ucxdc42foqy3cy5gwqjvuac2 part=244 records=2 next_cursor=set
2026-02-18T06:35:58Z INFO bsky_collector_v2.job.index_feed_generators: indexed repo=did:plc:uuuuwyq3tmjl7uif4dngyghc part=245 records=1 next_cursor=set
2026-02-18T06:36:15Z INFO bsky_collector_v2.job.index_feed_generators: enqueued repos page=3 mode=listRepos inserted=500 repos_returned=500 next_cursor=set
2026-02-18T06:36:32Z INFO bsky_collector_v2.job.index_feed_generators: indexed repo=did:plc:aqghv7ld4s6gxsvmawzug4ev part=246 records=1 next_cursor=set
2026-02-18T06:36:33Z INFO bsky_collector_v2.job.index_feed_generators: indexed repo=did:plc:bbbycozmx5eoxrgc4thck54h part=247 records=1 next_cursor=set
2026-02-18T06:36:49Z INFO bsky_collector_v2.job.index_feed_generators: indexed repo=did:plc:i6lk3u3avdton3y3z7ayipiv part=248 records=5 next_cursor=set
2026-02-18T06:37:18Z INFO bsky_collector_v2.job.index_feed_generators: indexed repo=did:plc:sdy3iizxbedjaaxdtytw5l2c part=249 records=1 next_cursor=set
2026-02-18T06:37:40Z INFO bsky_collector_v2.job.index_feed_generators: enqueued repos page=4 mode=listRepos inserted=500 repos_returned=500 next_cursor=set
2026-02-18T06:37:45Z INFO bsky_collector_v2.job.index_feed_generators: indexed repo=did:plc:3fvlhe5v66n6gyztxfs7nquk part=250 records=1 next_cursor=set
2026-02-18T06:37:51Z INFO bsky_collector_v2.job.index_feed_generators: indexed repo=did:plc:5c66cy7z46oiwoz6xjkvaxzj part=251 records=1 next_cursor=set
2026-02-18T06:38:24Z INFO bsky_collector_v2.job.index_feed_generators: indexed repo=did:plc:iv46nliphq4z5t2aja4vruv2 part=252 records=1 next_cursor=set
2026-02-18T06:38:31Z INFO bsky_collector_v2.job.index_feed_generators: indexed repo=did:plc:kz57i2mjtzw7tsxcho5ggdq7 part=253 records=2 next_cursor=set
2026-02-18T06:38:37Z INFO bsky_collector_v2.job.index_feed_generators: indexed repo=did:plc:nin65xmpfflkc32wf7ztxcx2 part=254 records=2 next_cursor=set
2026-02-18T06:39:10Z INFO bsky_collector_v2.job.index_feed_generators: enqueued repos page=5 mode=listRepos inserted=500 repos_returned=500 next_cursor=set
2026-02-18T06:39:15Z INFO bsky_collector_v2.job.index_feed_generators: indexed repo=did:plc:3p3lavk3p47dauzx5lioteun part=255 records=1 next_cursor=set
2026-02-18T06:39:29Z WARNING bsky_collector_v2.job.index_feed_generators: listRecords failed repo=did:plc:cdsdfye47rh6coqkb6ffsya7 err=HttpError('InvalidRequest: Could not find repo: did:plc:cdsdfye47rh6coqkb6ffsya7')
2026-02-18T06:39:35Z INFO bsky_collector_v2.job.index_feed_generators: indexed repo=did:plc:ei2v2qquugt5lavy5rkuclma part=256 records=1 next_cursor=set
2026-02-18T06:39:40Z INFO bsky_collector_v2.job.index_feed_generators: indexed repo=did:plc:guvihz2punrtzam3s4gnipkw part=257 records=1 next_cursor=set
2026-02-18T06:39:42Z INFO bsky_collector_v2.job.index_feed_generators: indexed repo=did:plc:hetha6v6osntcmz7k52hbqum part=258 records=8 next_cursor=set
2026-02-18T06:40:10Z WARNING bsky_collector_v2.job.index_feed_generators: listRecords failed repo=did:plc:strlttkrhhtvmkbnj26nkhi3 err=HttpError('InvalidRequest: Could not find repo: did:plc:strlttkrhhtvmkbnj26nkhi3')
2026-02-18T06:40:13Z INFO bsky_collector_v2.job.index_feed_generators: indexed repo=did:plc:tkobhq2gq5o3penur3vrncyo part=259 records=3 next_cursor=set
2026-02-18T06:40:14Z WARNING bsky_collector_v2.job.index_feed_generators: listRecords failed repo=did:plc:ttpyf227g4qejieajphxejhf err=HttpError('InvalidRequest: Could not find repo: did:plc:ttpyf227g4qejieajphxejhf')
2026-02-18T06:40:32Z WARNING bsky_collector_v2.job.index_feed_generators: listRecords failed repo=did:plc:cdsdfye47rh6coqkb6ffsya7 err=HttpError('InvalidRequest: Could not find repo: did:plc:cdsdfye47rh6coqkb6ffsya7')
2026-02-18T06:40:32Z WARNING bsky_collector_v2.job.index_feed_generators: listRecords failed repo=did:plc:strlttkrhhtvmkbnj26nkhi3 err=HttpError('InvalidRequest: Could not find repo: did:plc:strlttkrhhtvmkbnj26nkhi3')
2026-02-18T06:40:32Z WARNING bsky_collector_v2.job.index_feed_generators: listRecords failed repo=did:plc:ttpyf227g4qejieajphxejhf err=HttpError('InvalidRequest: Could not find repo: did:plc:ttpyf227g4qejieajphxejhf')
2026-02-18T06:40:32Z WARNING bsky_collector_v2.job.index_feed_generators: listRecords failed repo=did:plc:cdsdfye47rh6coqkb6ffsya7 err=HttpError('InvalidRequest: Could not find repo: did:plc:cdsdfye47rh6coqkb6ffsya7')
2026-02-18T06:40:32Z WARNING bsky_collector_v2.job.index_feed_generators: listRecords failed repo=did:plc:strlttkrhhtvmkbnj26nkhi3 err=HttpError('InvalidRequest: Could not find repo: did:plc:strlttkrhhtvmkbnj26nkhi3')
2026-02-18T06:40:32Z WARNING bsky_collector_v2.job.index_feed_generators: listRecords failed repo=did:plc:ttpyf227g4qejieajphxejhf err=HttpError('InvalidRequest: Could not find repo: did:plc:ttpyf227g4qejieajphxejhf')
2026-02-18T06:40:33Z INFO bsky_collector_v2.job.index_feed_generators: enqueued repos page=6 mode=listRepos inserted=500 repos_returned=500 next_cursor=set
2026-02-18T06:41:05Z INFO bsky_collector_v2.job.index_feed_generators: indexed repo=did:plc:eog6xdp6asoekxnf5ptuotwh part=260 records=1 next_cursor=set
2026-02-18T06:41:21Z INFO bsky_collector_v2.job.index_feed_generators: indexed repo=did:plc:mjodwn72ojuahubizbiz2e6z part=261 records=1 next_cursor=set
2026-02-18T06:41:30Z INFO bsky_collector_v2.job.index_feed_generators: indexed repo=did:plc:ph4rhmj3ie2ax54mnvpi2k4a part=262 records=1 next_cursor=set
2026-02-18T06:41:33Z INFO bsky_collector_v2.job.index_feed_generators: indexed repo=did:plc:q7z27obmxsxintdeoiwdz4n4 part=263 records=2 next_cursor=set
2026-02-18T06:41:38Z INFO bsky_collector_v2.job.index_feed_generators: indexed repo=did:plc:rkb5yzyone3pjwiluijlgaud part=264 records=1 next_cursor=set
2026-02-18T06:41:59Z INFO bsky_collector_v2.job.index_feed_generators: indexed repo=did:plc:zr76l5fuqkcm5gar64jz5sty part=265 records=1 next_cursor=set
2026-02-18T06:42:02Z INFO bsky_collector_v2.job.index_feed_generators: enqueued repos page=7 mode=listRepos inserted=500 repos_returned=500 next_cursor=set
2026-02-18T06:42:06Z INFO bsky_collector_v2.job.index_feed_generators: indexed repo=did:plc:3lvdrzzqoqbt7vd6en6gcg6m part=266 records=1 next_cursor=set
2026-02-18T06:42:29Z WARNING bsky_collector_v2.job.index_feed_generators: listRecords failed repo=did:plc:emmtyjjczjdkwxvb2qya76mh err=HttpError('InvalidRequest: Could not find repo: did:plc:emmtyjjczjdkwxvb2qya76mh')
2026-02-18T06:42:33Z INFO bsky_collector_v2.job.index_feed_generators: indexed repo=did:plc:gcb7aguscddqzibd2xijvlxt part=267 records=2 next_cursor=set
2026-02-18T06:43:30Z WARNING bsky_collector_v2.job.index_feed_generators: listRecords failed repo=did:plc:emmtyjjczjdkwxvb2qya76mh err=HttpError('InvalidRequest: Could not find repo: did:plc:emmtyjjczjdkwxvb2qya76mh')
2026-02-18T06:43:31Z WARNING bsky_collector_v2.job.index_feed_generators: listRecords failed repo=did:plc:emmtyjjczjdkwxvb2qya76mh err=HttpError('InvalidRequest: Could not find repo: did:plc:emmtyjjczjdkwxvb2qya76mh')
2026-02-18T06:43:31Z INFO bsky_collector_v2.job.index_feed_generators: enqueued repos page=8 mode=listRepos inserted=500 repos_returned=500 next_cursor=set
2026-02-18T06:43:38Z WARNING bsky_collector_v2.job.index_feed_generators: listRecords failed repo=did:plc:4tjhwwbuggqfskkkgdnwpj23 err=HttpError('InvalidRequest: Could not find repo: did:plc:4tjhwwbuggqfskkkgdnwpj23')
2026-02-18T06:43:59Z INFO bsky_collector_v2.job.index_feed_generators: indexed repo=did:plc:flc3kistvq6sbwwmt2iq3myx part=268 records=2 next_cursor=set
2026-02-18T06:44:01Z INFO bsky_collector_v2.job.index_feed_generators: indexed repo=did:plc:fwoq4y4ddxuoye2io4peagju part=269 records=3 next_cursor=set
2026-02-18T06:44:03Z INFO bsky_collector_v2.job.index_feed_generators: indexed repo=did:plc:gjx6xph7gl4xl5vrewzpphrv part=270 records=2 next_cursor=set
2026-02-18T06:44:05Z INFO bsky_collector_v2.job.index_feed_generators: indexed repo=did:plc:gyafcnrrxzxn5v7cp67rdojb part=271 records=1 next_cursor=set
2026-02-18T06:44:16Z INFO bsky_collector_v2.job.index_feed_generators: indexed repo=did:plc:k7tn2gp6afclph2qlvs2suqa part=272 records=1 next_cursor=set
2026-02-18T06:44:35Z INFO bsky_collector_v2.job.index_feed_generators: indexed repo=did:plc:ri3nir6ymm5vbna3o55ch4vo part=273 records=2 next_cursor=set
2026-02-18T06:44:44Z INFO bsky_collector_v2.job.index_feed_generators: indexed repo=did:plc:uusa3yi2sug3ugmutb5cehyj part=274 records=1 next_cursor=set
2026-02-18T06:44:46Z INFO bsky_collector_v2.job.index_feed_generators: indexed repo=did:plc:vnb24tmlm4rkvqx4ahgms3hz part=275 records=1 next_cursor=set
2026-02-18T06:44:57Z WARNING bsky_collector_v2.job.index_feed_generators: listRecords failed repo=did:plc:4tjhwwbuggqfskkkgdnwpj23 err=HttpError('InvalidRequest: Could not find repo: did:plc:4tjhwwbuggqfskkkgdnwpj23')
2026-02-18T06:44:58Z WARNING bsky_collector_v2.job.index_feed_generators: listRecords failed repo=did:plc:4tjhwwbuggqfskkkgdnwpj23 err=HttpError('InvalidRequest: Could not find repo: did:plc:4tjhwwbuggqfskkkgdnwpj23')
2026-02-18T06:44:59Z INFO bsky_collector_v2.job.index_feed_generators: enqueued repos page=9 mode=listRepos inserted=500 repos_returned=500 next_cursor=set
2026-02-18T06:45:00Z INFO bsky_collector_v2.job.index_feed_generators: indexed repo=did:plc:2qsca6gfljhhxnbocrjcxv5e part=276 records=1 next_cursor=set
2026-02-18T06:45:06Z INFO bsky_collector_v2.job.index_feed_generators: indexed repo=did:plc:5m4u3nackhupi75oallo7m2g part=277 records=1 next_cursor=set
2026-02-18T06:45:41Z INFO bsky_collector_v2.job.index_feed_generators: indexed repo=did:plc:jvp4wra636apndos764glt2p part=278 records=1 next_cursor=set
2026-02-18T06:45:46Z INFO bsky_collector_v2.job.index_feed_generators: indexed repo=did:plc:lhpkdnavpxnq37yertxx4i7y part=279 records=3 next_cursor=set
2026-02-18T06:46:08Z WARNING bsky_collector_v2.job.index_feed_generators: listRecords failed repo=did:plc:sgiffn4rhc6cdvqohj5u5nqk err=HttpError('InvalidRequest: Could not find repo: did:plc:sgiffn4rhc6cdvqohj5u5nqk')
2026-02-18T06:46:13Z INFO bsky_collector_v2.job.index_feed_generators: indexed repo=did:plc:ua3ky7glasqvkc2ox4p4bvt6 part=280 records=1 next_cursor=set
2026-02-18T06:46:17Z INFO bsky_collector_v2.job.index_feed_generators: indexed repo=did:plc:wdmnknwgitykdvkrpn6ir74z part=281 records=1 next_cursor=set
2026-02-18T06:46:20Z INFO bsky_collector_v2.job.index_feed_generators: indexed repo=did:plc:xphtlo3bjyc4bzcpylhq2kx2 part=282 records=1 next_cursor=set
2026-02-18T06:46:26Z WARNING bsky_collector_v2.job.index_feed_generators: listRecords failed repo=did:plc:sgiffn4rhc6cdvqohj5u5nqk err=HttpError('InvalidRequest: Could not find repo: did:plc:sgiffn4rhc6cdvqohj5u5nqk')
2026-02-18T06:46:27Z WARNING bsky_collector_v2.job.index_feed_generators: listRecords failed repo=did:plc:sgiffn4rhc6cdvqohj5u5nqk err=HttpError('InvalidRequest: Could not find repo: did:plc:sgiffn4rhc6cdvqohj5u5nqk')
2026-02-18T06:46:28Z INFO bsky_collector_v2.job.index_feed_generators: enqueued repos page=10 mode=listRepos inserted=500 repos_returned=500 next_cursor=set
2026-02-18T06:46:40Z INFO bsky_collector_v2.job.index_feed_generators: indexed repo=did:plc:6l6jrkscicpfzwjilvipoi43 part=283 records=1 next_cursor=set
2026-02-18T06:46:41Z INFO bsky_collector_v2.job.index_feed_generators: indexed repo=did:plc:7exy72nv6tjhtvpv62j7t6jo part=284 records=1 next_cursor=set
2026-02-18T06:46:45Z INFO bsky_collector_v2.job.index_feed_generators: indexed repo=did:plc:amqptz33zvn7te3ry6qnx7i2 part=285 records=2 next_cursor=set
2026-02-18T06:47:19Z INFO bsky_collector_v2.job.index_feed_generators: indexed repo=did:plc:mz5a34qqqkmdmip3cyqcvc4s part=286 records=1 next_cursor=set
2026-02-18T06:47:20Z INFO bsky_collector_v2.job.index_feed_generators: indexed repo=did:plc:ndxd3keeppekz6mlkp2svra5 part=287 records=1 next_cursor=set
2026-02-18T06:47:26Z INFO bsky_collector_v2.job.index_feed_generators: indexed repo=did:plc:ouyjmjv5zxouypg7drejvop7 part=288 records=1 next_cursor=set
2026-02-18T06:47:30Z INFO bsky_collector_v2.job.index_feed_generators: indexed repo=did:plc:qmckdkio45aenrxsqof77ell part=289 records=1 next_cursor=set
2026-02-18T06:47:33Z INFO bsky_collector_v2.job.index_feed_generators: indexed repo=did:plc:rma4mxkry6alcntv3zaeqx3h part=290 records=1 next_cursor=set
2026-02-18T06:47:44Z INFO bsky_collector_v2.job.index_feed_generators: indexed repo=did:plc:vao23dmph7uezdt3gzk7nxwm part=291 records=3 next_cursor=set
2026-02-18T06:47:49Z INFO bsky_collector_v2.job.index_feed_generators: indexed repo=did:plc:wustl43brnpmenzbm5ncuig2 part=292 records=2 next_cursor=set
2026-02-18T06:47:50Z INFO bsky_collector_v2.job.index_feed_generators: indexed repo=did:plc:wwmazgnj72uzmpjhrj7liuqw part=293 records=1 next_cursor=set
2026-02-18T06:48:01Z INFO bsky_collector_v2.job.index_feed_generators: enqueued repos page=11 mode=listRepos inserted=500 repos_returned=500 next_cursor=set
2026-02-18T06:48:07Z WARNING bsky_collector_v2.job.index_feed_generators: listRecords failed repo=did:plc:47mibr66hvwezghr2stlwjwe err=HttpError('InvalidRequest: Could not find repo: did:plc:47mibr66hvwezghr2stlwjwe')
2026-02-18T06:48:15Z INFO bsky_collector_v2.job.index_feed_generators: indexed repo=did:plc:6qqirv6nskauws6fru2tphbl part=294 records=1 next_cursor=set
2026-02-18T06:48:17Z INFO bsky_collector_v2.job.index_feed_generators: indexed repo=did:plc:7rswox7cejx2njnwr5w7ptoc part=295 records=2 next_cursor=set
2026-02-18T06:48:21Z INFO bsky_collector_v2.job.index_feed_generators: indexed repo=did:plc:b2i646npg4bhu5jorzfbx4h2 part=296 records=4 next_cursor=set
2026-02-18T06:48:35Z WARNING bsky_collector_v2.job.index_feed_generators: listRecords failed repo=did:plc:fvcxvxhk23t3ah7ewgr7acym err=HttpError('InvalidRequest: Could not find repo: did:plc:fvcxvxhk23t3ah7ewgr7acym')
2026-02-18T06:48:46Z INFO bsky_collector_v2.job.index_feed_generators: indexed repo=did:plc:jd6t6k2tgp5eyyehodiii5xc part=297 records=2 next_cursor=set
2026-02-18T06:49:05Z INFO bsky_collector_v2.job.index_feed_generators: indexed repo=did:plc:po6h7vqgoksydeloigi6erqv part=298 records=5 next_cursor=set
2026-02-18T06:49:11Z WARNING bsky_collector_v2.job.index_feed_generators: listRecords failed repo=did:plc:rsbgi62dwoilwh46wlkfc7sw err=HttpError('InvalidRequest: Could not find repo: did:plc:rsbgi62dwoilwh46wlkfc7sw')
2026-02-18T06:49:21Z INFO bsky_collector_v2.job.index_feed_generators: indexed repo=did:plc:vz3vz5lchec665gapfo7ocko part=299 records=2 next_cursor=set
2026-02-18T06:49:23Z WARNING bsky_collector_v2.job.index_feed_generators: listRecords failed repo=did:plc:wwkc6yq4yoebk6q75hjls5qa err=HttpError('InvalidRequest: Could not find repo: did:plc:wwkc6yq4yoebk6q75hjls5qa')
2026-02-18T06:49:27Z INFO bsky_collector_v2.job.index_feed_generators: indexed repo=did:plc:yq2yuw7pihz32nai4k7d56vc part=300 records=1 next_cursor=set
2026-02-18T06:49:31Z WARNING bsky_collector_v2.job.index_feed_generators: listRecords failed repo=did:plc:47mibr66hvwezghr2stlwjwe err=HttpError('InvalidRequest: Could not find repo: did:plc:47mibr66hvwezghr2stlwjwe')
2026-02-18T06:49:31Z WARNING bsky_collector_v2.job.index_feed_generators: listRecords failed repo=did:plc:fvcxvxhk23t3ah7ewgr7acym err=HttpError('InvalidRequest: Could not find repo: did:plc:fvcxvxhk23t3ah7ewgr7acym')
2026-02-18T06:49:32Z WARNING bsky_collector_v2.job.index_feed_generators: listRecords failed repo=did:plc:rsbgi62dwoilwh46wlkfc7sw err=HttpError('InvalidRequest: Could not find repo: did:plc:rsbgi62dwoilwh46wlkfc7sw')
2026-02-18T06:49:32Z WARNING bsky_collector_v2.job.index_feed_generators: listRecords failed repo=did:plc:wwkc6yq4yoebk6q75hjls5qa err=HttpError('InvalidRequest: Could not find repo: did:plc:wwkc6yq4yoebk6q75hjls5qa')
2026-02-18T06:49:32Z WARNING bsky_collector_v2.job.index_feed_generators: listRecords failed repo=did:plc:47mibr66hvwezghr2stlwjwe err=HttpError('InvalidRequest: Could not find repo: did:plc:47mibr66hvwezghr2stlwjwe')
2026-02-18T06:49:32Z WARNING bsky_collector_v2.job.index_feed_generators: listRecords failed repo=did:plc:fvcxvxhk23t3ah7ewgr7acym err=HttpError('InvalidRequest: Could not find repo: did:plc:fvcxvxhk23t3ah7ewgr7acym')
2026-02-18T06:49:32Z WARNING bsky_collector_v2.job.index_feed_generators: listRecords failed repo=did:plc:rsbgi62dwoilwh46wlkfc7sw err=HttpError('InvalidRequest: Could not find repo: did:plc:rsbgi62dwoilwh46wlkfc7sw')
2026-02-18T06:49:32Z WARNING bsky_collector_v2.job.index_feed_generators: listRecords failed repo=did:plc:wwkc6yq4yoebk6q75hjls5qa err=HttpError('InvalidRequest: Could not find repo: did:plc:wwkc6yq4yoebk6q75hjls5qa')
2026-02-18T06:49:33Z INFO bsky_collector_v2.job.index_feed_generators: enqueued repos page=12 mode=listRepos inserted=500 repos_returned=500 next_cursor=set
2026-02-18T06:49:42Z INFO bsky_collector_v2.job.index_feed_generators: indexed repo=did:plc:5nlz5usgiz4csvib2ho5g4d4 part=301 records=1 next_cursor=set
2026-02-18T06:49:54Z INFO bsky_collector_v2.job.index_feed_generators: indexed repo=did:plc:bojdpdviokjhfedou2msqhkk part=302 records=4 next_cursor=set
2026-02-18T06:50:05Z INFO bsky_collector_v2.job.index_feed_generators: indexed repo=did:plc:fo5y7i5nrcjqsiawnxaz6pin part=303 records=2 next_cursor=set
2026-02-18T06:50:08Z WARNING bsky_collector_v2.job.index_feed_generators: listRecords failed repo=did:plc:h4mjdq3jaosashxpouvjqugs err=HttpError('InvalidRequest: Could not find repo: did:plc:h4mjdq3jaosashxpouvjqugs')
2026-02-18T06:50:18Z INFO bsky_collector_v2.job.index_feed_generators: indexed repo=did:plc:ljhaepihe6sfxct3g2pugtkb part=304 records=2 next_cursor=set
2026-02-18T06:50:22Z INFO bsky_collector_v2.job.index_feed_generators: indexed repo=did:plc:mknpzl4aapgpz5th3gwl5lzz part=305 records=2 next_cursor=set
2026-02-18T06:50:36Z INFO bsky_collector_v2.job.index_feed_generators: indexed repo=did:plc:rtvewsfbogrt7utahwbk2ig5 part=306 records=1 next_cursor=set
2026-02-18T06:50:39Z INFO bsky_collector_v2.job.index_feed_generators: indexed repo=did:plc:suruqt6crtu7h7x6t3dnvpkb part=307 records=1 next_cursor=set
2026-02-18T06:50:42Z INFO bsky_collector_v2.job.index_feed_generators: indexed repo=did:plc:trhbcfcjxqe4bpztg6zvf5t5 part=308 records=1 next_cursor=set
2026-02-18T06:50:45Z INFO bsky_collector_v2.job.index_feed_generators: indexed repo=did:plc:unkqvwz6gr6owoqiqrfqhnmv part=309 records=1 next_cursor=set
2026-02-18T06:50:56Z WARNING bsky_collector_v2.job.index_feed_generators: listRecords failed repo=did:plc:h4mjdq3jaosashxpouvjqugs err=HttpError('InvalidRequest: Could not find repo: did:plc:h4mjdq3jaosashxpouvjqugs')
2026-02-18T06:50:57Z WARNING bsky_collector_v2.job.index_feed_generators: listRecords failed repo=did:plc:h4mjdq3jaosashxpouvjqugs err=HttpError('InvalidRequest: Could not find repo: did:plc:h4mjdq3jaosashxpouvjqugs')
2026-02-18T06:50:58Z INFO bsky_collector_v2.job.index_feed_generators: enqueued repos page=13 mode=listRepos inserted=500 repos_returned=500 next_cursor=set
2026-02-18T06:51:01Z INFO bsky_collector_v2.job.index_feed_generators: indexed repo=did:plc:3eesxcx2o66cgwskfgkqth5c part=310 records=1 next_cursor=set
2026-02-18T06:51:05Z INFO bsky_collector_v2.job.index_feed_generators: indexed repo=did:plc:4ntf3yfduqt7bc2catsl37sd part=311 records=1 next_cursor=set
2026-02-18T06:51:21Z INFO bsky_collector_v2.job.index_feed_generators: indexed repo=did:plc:dj2sn52v4unsnjhddgsjfk2n part=312 records=3 next_cursor=set
2026-02-18T06:51:37Z INFO bsky_collector_v2.job.index_feed_generators: indexed repo=did:plc:jteri2yusfdymhetpx7ayop3 part=313 records=1 next_cursor=set
2026-02-18T06:51:43Z INFO bsky_collector_v2.job.index_feed_generators: indexed repo=did:plc:memzu4r45krizhawdhrwhkjy part=314 records=1 next_cursor=set
2026-02-18T06:51:45Z WARNING bsky_collector_v2.job.index_feed_generators: listRecords failed repo=did:plc:n6z5z5kk6ennq4s6kx4wqz3p err=HttpError('InvalidRequest: Could not find repo: did:plc:n6z5z5kk6ennq4s6kx4wqz3p')
2026-02-18T06:51:51Z INFO bsky_collector_v2.job.index_feed_generators: indexed repo=did:plc:oy3wwutjp4ut4estqkd5ujc6 part=315 records=1 next_cursor=set
2026-02-18T06:52:00Z INFO bsky_collector_v2.job.index_feed_generators: indexed repo=did:plc:rplkkgeiyw4ndoqhbuqxotyx part=316 records=1 next_cursor=set
2026-02-18T06:52:15Z INFO bsky_collector_v2.job.index_feed_generators: indexed repo=did:plc:vgzbfonopusmovsuaw2or74x part=317 records=1 next_cursor=set
2026-02-18T06:52:27Z WARNING bsky_collector_v2.job.index_feed_generators: listRecords failed repo=did:plc:n6z5z5kk6ennq4s6kx4wqz3p err=HttpError('InvalidRequest: Could not find repo: did:plc:n6z5z5kk6ennq4s6kx4wqz3p')
2026-02-18T06:52:27Z WARNING bsky_collector_v2.job.index_feed_generators: listRecords failed repo=did:plc:n6z5z5kk6ennq4s6kx4wqz3p err=HttpError('InvalidRequest: Could not find repo: did:plc:n6z5z5kk6ennq4s6kx4wqz3p')
2026-02-18T06:52:28Z INFO bsky_collector_v2.job.index_feed_generators: enqueued repos page=14 mode=listRepos inserted=500 repos_returned=500 next_cursor=set
2026-02-18T06:52:28Z INFO bsky_collector_v2.job.index_feed_generators: indexed repo=did:plc:222ylkfc6x7zqxxdfsnupn3k part=318 records=3 next_cursor=set
2026-02-18T06:52:35Z INFO bsky_collector_v2.job.index_feed_generators: indexed repo=did:plc:3imswyowy2guh5qa3jfyimen part=319 records=3 next_cursor=set
2026-02-18T06:52:57Z INFO bsky_collector_v2.job.index_feed_generators: indexed repo=did:plc:ezp67ko2p7ci22wzsy7gigd5 part=320 records=1 next_cursor=set
2026-02-18T06:52:59Z INFO bsky_collector_v2.job.index_feed_generators: indexed repo=did:plc:fpzltswxufntta2qfbnutp7q part=321 records=5 next_cursor=set
2026-02-18T06:53:15Z WARNING bsky_collector_v2.job.index_feed_generators: listRecords failed repo=did:plc:m6kejyokehrslz2q7sk7cata err=HttpError('InvalidRequest: Could not find repo: did:plc:m6kejyokehrslz2q7sk7cata')
2026-02-18T06:53:28Z INFO bsky_collector_v2.job.index_feed_generators: indexed repo=did:plc:pek57okags63opn2iqawfbmn part=322 records=3 next_cursor=set
2026-02-18T06:53:37Z INFO bsky_collector_v2.job.index_feed_generators: indexed repo=did:plc:svrdouawis47lr2xsfmmzcmi part=323 records=1 next_cursor=set
2026-02-18T06:53:41Z WARNING bsky_collector_v2.job.index_feed_generators: listRecords failed repo=did:plc:unmimf5xppjmbtyclmbrgvur err=HttpError('InvalidRequest: Could not find repo: did:plc:unmimf5xppjmbtyclmbrgvur')
2026-02-18T06:53:43Z INFO bsky_collector_v2.job.index_feed_generators: indexed repo=did:plc:vu5fckup25rzo5dx3ieshccd part=324 records=2 next_cursor=set
2026-02-18T06:53:51Z INFO bsky_collector_v2.job.index_feed_generators: indexed repo=did:plc:zc46jxmlwoptr6pndfyyuxc7 part=325 records=1 next_cursor=set
2026-02-18T06:53:51Z INFO bsky_collector_v2.job.index_feed_generators: indexed repo=did:plc:zgmffpcktisim76xqknsutqi part=326 records=3 next_cursor=set
2026-02-18T06:53:52Z WARNING bsky_collector_v2.job.index_feed_generators: listRecords failed repo=did:plc:m6kejyokehrslz2q7sk7cata err=HttpError('InvalidRequest: Could not find repo: did:plc:m6kejyokehrslz2q7sk7cata')
2026-02-18T06:53:53Z WARNING bsky_collector_v2.job.index_feed_generators: listRecords failed repo=did:plc:unmimf5xppjmbtyclmbrgvur err=HttpError('InvalidRequest: Could not find repo: did:plc:unmimf5xppjmbtyclmbrgvur')
2026-02-18T06:53:53Z WARNING bsky_collector_v2.job.index_feed_generators: listRecords failed repo=did:plc:m6kejyokehrslz2q7sk7cata err=HttpError('InvalidRequest: Could not find repo: did:plc:m6kejyokehrslz2q7sk7cata')
2026-02-18T06:53:53Z WARNING bsky_collector_v2.job.index_feed_generators: listRecords failed repo=did:plc:unmimf5xppjmbtyclmbrgvur err=HttpError('InvalidRequest: Could not find repo: did:plc:unmimf5xppjmbtyclmbrgvur')
2026-02-18T06:53:54Z INFO bsky_collector_v2.job.index_feed_generators: enqueued repos page=15 mode=listRepos inserted=500 repos_returned=500 next_cursor=set
2026-02-18T06:54:01Z INFO bsky_collector_v2.job.index_feed_generators: indexed repo=did:plc:4p23j7rzubq7pjehe26dmw3v part=327 records=1 next_cursor=set
2026-02-18T06:54:07Z INFO bsky_collector_v2.job.index_feed_generators: indexed repo=did:plc:6vdmkn4xfzewqabdcdqkvlmf part=328 records=1 next_cursor=set
2026-02-18T06:54:16Z INFO bsky_collector_v2.job.index_feed_generators: indexed repo=did:plc:cisqvhfa5ips4eegpql27deg part=329 records=1 next_cursor=set
2026-02-18T06:54:17Z INFO bsky_collector_v2.job.index_feed_generators: indexed repo=did:plc:cxuzwp5dzmxkrdr55qh25mgb part=330 records=3 next_cursor=set
2026-02-18T06:54:18Z INFO bsky_collector_v2.job.index_feed_generators: indexed repo=did:plc:dei7o4nb4vvwlovj7vpiiala part=331 records=3 next_cursor=set
2026-02-18T06:54:33Z INFO bsky_collector_v2.job.index_feed_generators: indexed repo=did:plc:jmbuxrj7zvp3gg2loe6z6m25 part=332 records=2 next_cursor=set
2026-02-18T06:54:44Z INFO bsky_collector_v2.job.index_feed_generators: indexed repo=did:plc:nkbswex33gsluewjp4hjiydf part=333 records=3 next_cursor=set
2026-02-18T06:55:05Z INFO bsky_collector_v2.job.index_feed_generators: indexed repo=did:plc:uduohtedqj4gxkq76sah77m4 part=334 records=1 next_cursor=set
2026-02-18T06:55:19Z INFO bsky_collector_v2.job.index_feed_generators: enqueued repos page=16 mode=listRepos inserted=500 repos_returned=500 next_cursor=set
2026-02-18T06:55:27Z INFO bsky_collector_v2.job.index_feed_generators: indexed repo=did:plc:5q7zucpbhglrm3jh6xbnxllg part=335 records=1 next_cursor=set
2026-02-18T06:55:28Z INFO bsky_collector_v2.job.index_feed_generators: indexed repo=did:plc:67fu5pe5yhqmxtwldxhrf3pw part=336 records=1 next_cursor=set
2026-02-18T06:55:41Z INFO bsky_collector_v2.job.index_feed_generators: indexed repo=did:plc:cfs3fxu2y35b43oy4wvbjwae part=337 records=1 next_cursor=set
2026-02-18T06:55:42Z INFO bsky_collector_v2.job.index_feed_generators: indexed repo=did:plc:cs3pyjmnpcowsgvtarlufes7 part=338 records=1 next_cursor=set
2026-02-18T06:55:52Z INFO bsky_collector_v2.job.index_feed_generators: indexed repo=did:plc:feq3c37zobvjnkbw5mq43otn part=339 records=2 next_cursor=set
2026-02-18T06:56:06Z INFO bsky_collector_v2.job.index_feed_generators: indexed repo=did:plc:i4ed2shhwx7hauhlpnho6yg4 part=340 records=3 next_cursor=set
2026-02-18T06:56:23Z INFO bsky_collector_v2.job.index_feed_generators: indexed repo=did:plc:kpghgxqbtk72tlhmtoaby2hx part=341 records=2 next_cursor=set
2026-02-18T06:56:24Z INFO bsky_collector_v2.job.index_feed_generators: indexed repo=did:plc:l45swir6gqniozl65mh5rmry part=342 records=4 next_cursor=set
2026-02-18T06:56:30Z INFO bsky_collector_v2.job.index_feed_generators: indexed repo=did:plc:mwwp2e5r6uqnupr6zw2x5nsa part=343 records=1 next_cursor=set
2026-02-18T06:56:48Z INFO bsky_collector_v2.job.index_feed_generators: indexed repo=did:plc:u6vs6kr72oxgzac65sgmkcat part=344 records=2 next_cursor=set
2026-02-18T06:56:59Z INFO bsky_collector_v2.job.index_feed_generators: indexed repo=did:plc:y64eqxefir666nhrxzit5jle part=345 records=1 next_cursor=set
2026-02-18T06:57:05Z INFO bsky_collector_v2.job.index_feed_generators: enqueued repos page=17 mode=listRepos inserted=500 repos_returned=500 next_cursor=set
2026-02-18T06:57:38Z INFO bsky_collector_v2.job.index_feed_generators: indexed repo=did:plc:fo52veztplqurtvi6ne2zfur part=346 records=3 next_cursor=set
2026-02-18T06:57:38Z WARNING bsky_collector_v2.job.index_feed_generators: listRecords failed repo=did:plc:foq4qkjvzljz4nxh3v5rbrot err=HttpError('InvalidRequest: Could not find repo: did:plc:foq4qkjvzljz4nxh3v5rbrot')
2026-02-18T06:57:43Z INFO bsky_collector_v2.job.index_feed_generators: indexed repo=did:plc:h3n7vlimhdiwlnzbmicmels7 part=347 records=2 next_cursor=set
2026-02-18T06:57:45Z INFO bsky_collector_v2.job.index_feed_generators: indexed repo=did:plc:idkfk2sobkye4mnpsa7vhyec part=348 records=2 next_cursor=set
2026-02-18T06:58:17Z INFO bsky_collector_v2.job.index_feed_generators: indexed repo=did:plc:vdjkf6ti6pwezrabwbdotglx part=349 records=3 next_cursor=set
2026-02-18T06:58:28Z WARNING bsky_collector_v2.job.index_feed_generators: listRecords failed repo=did:plc:foq4qkjvzljz4nxh3v5rbrot err=HttpError('InvalidRequest: Could not find repo: did:plc:foq4qkjvzljz4nxh3v5rbrot')
2026-02-18T06:58:28Z WARNING bsky_collector_v2.job.index_feed_generators: listRecords failed repo=did:plc:foq4qkjvzljz4nxh3v5rbrot err=HttpError('InvalidRequest: Could not find repo: did:plc:foq4qkjvzljz4nxh3v5rbrot')
2026-02-18T06:58:29Z INFO bsky_collector_v2.job.index_feed_generators: enqueued repos page=18 mode=listRepos inserted=500 repos_returned=500 next_cursor=set
2026-02-18T06:59:00Z INFO bsky_collector_v2.job.index_feed_generators: indexed repo=did:plc:ezu37n2mboehwqcb6j6ahprh part=350 records=1 next_cursor=set
2026-02-18T06:59:16Z INFO bsky_collector_v2.job.index_feed_generators: indexed repo=did:plc:lad6wsrvmhmwtj5jfvcd55ct part=351 records=1 next_cursor=set
2026-02-18T06:59:18Z INFO bsky_collector_v2.job.index_feed_generators: indexed repo=did:plc:ln75byldxy7lfvh34jbsqkdr part=352 records=1 next_cursor=set
2026-02-18T06:59:46Z INFO bsky_collector_v2.job.index_feed_generators: indexed repo=did:plc:vw2boimgnm463izm3ieeinu2 part=353 records=1 next_cursor=set
2026-02-18T06:59:58Z INFO bsky_collector_v2.job.index_feed_generators: enqueued repos page=19 mode=listRepos inserted=500 repos_returned=500 next_cursor=set
2026-02-18T07:00:35Z INFO bsky_collector_v2.job.index_feed_generators: indexed repo=did:plc:kazl7e3kxvg5xsid7py64s2j part=354 records=14 next_cursor=set
2026-02-18T07:00:52Z INFO bsky_collector_v2.job.index_feed_generators: indexed repo=did:plc:qxsyuursdjb4kxnqpjt3sgnb part=355 records=1 next_cursor=set
2026-02-18T07:01:02Z INFO bsky_collector_v2.job.index_feed_generators: indexed repo=did:plc:ulmjewbj3o65rolspxf5cdq3 part=356 records=2 next_cursor=set
2026-02-18T07:01:09Z INFO bsky_collector_v2.job.index_feed_generators: indexed repo=did:plc:xcnmbmulx2umy344pygtrcy6 part=357 records=2 next_cursor=set
2026-02-18T07:01:09Z INFO bsky_collector_v2.job.index_feed_generators: indexed repo=did:plc:xhcvy66okdul4qiedqsjzqlc part=358 records=8 next_cursor=set
2026-02-18T07:01:11Z INFO bsky_collector_v2.job.index_feed_generators: indexed repo=did:plc:yb3qx3z4bvo57baqqjqzwcj5 part=359 records=2 next_cursor=set
2026-02-18T07:01:14Z INFO bsky_collector_v2.job.index_feed_generators: indexed repo=did:plc:zffvz7kbkudz3z3oi2q5clgg part=360 records=1 next_cursor=set
2026-02-18T07:01:16Z INFO bsky_collector_v2.job.index_feed_generators: enqueued repos page=20 mode=listRepos inserted=500 repos_returned=500 next_cursor=set
2026-02-18T07:01:30Z INFO bsky_collector_v2.job.index_feed_generators: indexed repo=did:plc:5x673d5dfodst6s62unuy7vc part=361 records=1 next_cursor=set
2026-02-18T07:01:44Z INFO bsky_collector_v2.job.index_feed_generators: indexed repo=did:plc:dmdedwalshnwgpuxdpdproxn part=362 records=1 next_cursor=set
2026-02-18T07:01:51Z INFO bsky_collector_v2.job.index_feed_generators: indexed repo=did:plc:gd5h5nim3f4qwegn77iwzqbm part=363 records=1 next_cursor=set
2026-02-18T07:02:10Z INFO bsky_collector_v2.job.index_feed_generators: indexed repo=did:plc:nroifqbkcjsyaipwvdxfpkel part=364 records=1 next_cursor=set
2026-02-18T07:02:21Z INFO bsky_collector_v2.job.index_feed_generators: indexed repo=did:plc:rbycmcalwjkd3iftuts7pu5a part=365 records=1 next_cursor=set
2026-02-18T07:03:18Z INFO bsky_collector_v2.job.index_feed_generators: indexed repo=did:plc:z3e7lsgxcs6b2q66u3tejtpf part=366 records=1 next_cursor=set
2026-02-18T07:03:22Z INFO bsky_collector_v2.job.index_feed_generators: enqueued repos page=21 mode=listRepos inserted=500 repos_returned=500 next_cursor=set
2026-02-18T07:03:41Z INFO bsky_collector_v2.job.index_feed_generators: indexed repo=did:plc:ajd6eayccqn3vco26h3ibco2 part=367 records=1 next_cursor=set
2026-02-18T07:03:43Z INFO bsky_collector_v2.job.index_feed_generators: indexed repo=did:plc:b6kcgxgykw2lyb45t4bpw5ib part=368 records=4 next_cursor=set
2026-02-18T07:04:14Z INFO bsky_collector_v2.job.index_feed_generators: indexed repo=did:plc:l64jsajqu6trdsrkph5osajc part=369 records=1 next_cursor=set
2026-02-18T07:04:25Z INFO bsky_collector_v2.job.index_feed_generators: indexed repo=did:plc:qyn32a2kfaiomffgecjqtq5a part=370 records=1 next_cursor=set
2026-02-18T07:04:35Z INFO bsky_collector_v2.job.index_feed_generators: indexed repo=did:plc:u7et7kmw7evmiefdmlf2gztd part=371 records=3 next_cursor=set
2026-02-18T07:04:48Z INFO bsky_collector_v2.job.index_feed_generators: indexed repo=did:plc:zkbyta5ylfromlhgnnaembdm part=372 records=1 next_cursor=set
2026-02-18T07:04:51Z INFO bsky_collector_v2.job.index_feed_generators: enqueued repos page=22 mode=listRepos inserted=500 repos_returned=500 next_cursor=set
2026-02-18T07:05:28Z INFO bsky_collector_v2.job.index_feed_generators: indexed repo=did:plc:dnno4vlbxc437hoqhqxhg6xa part=373 records=3 next_cursor=set
2026-02-18T07:05:28Z INFO bsky_collector_v2.job.index_feed_generators: indexed repo=did:plc:dvctykdp3xtunwards4j5mqq part=374 records=1 next_cursor=set
2026-02-18T07:05:31Z INFO bsky_collector_v2.job.index_feed_generators: indexed repo=did:plc:ennfxkmgifne65wp6litknor part=375 records=1 next_cursor=set
2026-02-18T07:05:31Z WARNING bsky_collector_v2.job.index_feed_generators: listRecords failed repo=did:plc:f27vfw5fzsopf67l53xhcxzz err=HttpError('InvalidRequest: Could not find repo: did:plc:f27vfw5fzsopf67l53xhcxzz')
2026-02-18T07:05:42Z WARNING bsky_collector_v2.job.index_feed_generators: listRecords failed repo=did:plc:kevjzvtics2bbo67etivwifl err=HttpError('InvalidRequest: Could not find repo: did:plc:kevjzvtics2bbo67etivwifl')
2026-02-18T07:05:52Z INFO bsky_collector_v2.job.index_feed_generators: indexed repo=did:plc:nmm26ltnxjx4oskwzdue4xvq part=376 records=5 next_cursor=set
2026-02-18T07:05:58Z INFO bsky_collector_v2.job.index_feed_generators: indexed repo=did:plc:q45mqq4rrkkfqe5xuvc4r377 part=377 records=1 next_cursor=set
2026-02-18T07:06:27Z WARNING bsky_collector_v2.job.index_feed_generators: listRecords failed repo=did:plc:f27vfw5fzsopf67l53xhcxzz err=HttpError('InvalidRequest: Could not find repo: did:plc:f27vfw5fzsopf67l53xhcxzz')
2026-02-18T07:06:27Z WARNING bsky_collector_v2.job.index_feed_generators: listRecords failed repo=did:plc:kevjzvtics2bbo67etivwifl err=HttpError('InvalidRequest: Could not find repo: did:plc:kevjzvtics2bbo67etivwifl')
2026-02-18T07:06:27Z WARNING bsky_collector_v2.job.index_feed_generators: listRecords failed repo=did:plc:f27vfw5fzsopf67l53xhcxzz err=HttpError('InvalidRequest: Could not find repo: did:plc:f27vfw5fzsopf67l53xhcxzz')
2026-02-18T07:06:28Z WARNING bsky_collector_v2.job.index_feed_generators: listRecords failed repo=did:plc:kevjzvtics2bbo67etivwifl err=HttpError('InvalidRequest: Could not find repo: did:plc:kevjzvtics2bbo67etivwifl')
2026-02-18T07:06:28Z INFO bsky_collector_v2.job.index_feed_generators: enqueued repos page=23 mode=listRepos inserted=500 repos_returned=500 next_cursor=set
2026-02-18T07:06:30Z INFO bsky_collector_v2.job.index_feed_generators: indexed repo=did:plc:2lfiqxt6j3phcrlfursvnxdy part=378 records=3 next_cursor=set
2026-02-18T07:06:32Z INFO bsky_collector_v2.job.index_feed_generators: indexed repo=did:plc:3hoywmkjlyurqvzj374zhyhe part=379 records=8 next_cursor=set
2026-02-18T07:06:33Z INFO bsky_collector_v2.job.index_feed_generators: indexed repo=did:plc:3ymx6k52ttdcfhm6ukb3vkdc part=380 records=5 next_cursor=set
2026-02-18T07:06:34Z INFO bsky_collector_v2.job.index_feed_generators: indexed repo=did:plc:4ffhpkv7qp4edoljwxpgzqof part=381 records=1 next_cursor=set
2026-02-18T07:06:34Z WARNING bsky_collector_v2.job.index_feed_generators: listRecords failed repo=did:plc:4nsduwlpivpuur4mqkbfvm6a err=HttpError('InvalidRequest: Could not find repo: did:plc:4nsduwlpivpuur4mqkbfvm6a')
2026-02-18T07:06:35Z WARNING bsky_collector_v2.job.index_feed_generators: listRecords failed repo=did:plc:4ysnxi6vujpjhovgtn5k4ztr err=HttpError('InvalidRequest: Could not find repo: did:plc:4ysnxi6vujpjhovgtn5k4ztr')
2026-02-18T07:06:38Z INFO bsky_collector_v2.job.index_feed_generators: indexed repo=did:plc:65isvpdvlh7ttv5tyk5jir4t part=382 records=34 next_cursor=set
2026-02-18T07:06:40Z INFO bsky_collector_v2.job.index_feed_generators: indexed repo=did:plc:7dyylcuyiv4mkyoandvt3g24 part=383 records=5 next_cursor=set
2026-02-18T07:06:47Z INFO bsky_collector_v2.job.index_feed_generators: indexed repo=did:plc:cvlphbn3cygsbgrmfmwwbapr part=384 records=1 next_cursor=set
2026-02-18T07:07:50Z INFO bsky_collector_v2.job.index_feed_generators: indexed repo=did:plc:ygizj3wmagton5dslwvyeh26 part=385 records=2 next_cursor=set
2026-02-18T07:07:56Z WARNING bsky_collector_v2.job.index_feed_generators: listRecords failed repo=did:plc:4nsduwlpivpuur4mqkbfvm6a err=HttpError('InvalidRequest: Could not find repo: did:plc:4nsduwlpivpuur4mqkbfvm6a')
2026-02-18T07:07:56Z WARNING bsky_collector_v2.job.index_feed_generators: listRecords failed repo=did:plc:4ysnxi6vujpjhovgtn5k4ztr err=HttpError('InvalidRequest: Could not find repo: did:plc:4ysnxi6vujpjhovgtn5k4ztr')
2026-02-18T07:07:56Z WARNING bsky_collector_v2.job.index_feed_generators: listRecords failed repo=did:plc:4nsduwlpivpuur4mqkbfvm6a err=HttpError('InvalidRequest: Could not find repo: did:plc:4nsduwlpivpuur4mqkbfvm6a')
2026-02-18T07:07:56Z WARNING bsky_collector_v2.job.index_feed_generators: listRecords failed repo=did:plc:4ysnxi6vujpjhovgtn5k4ztr err=HttpError('InvalidRequest: Could not find repo: did:plc:4ysnxi6vujpjhovgtn5k4ztr')
2026-02-18T07:07:57Z INFO bsky_collector_v2.job.index_feed_generators: enqueued repos page=24 mode=listRepos inserted=500 repos_returned=500 next_cursor=set
2026-02-18T07:08:22Z INFO bsky_collector_v2.job.index_feed_generators: indexed repo=did:plc:3ufdcymzhyxcwq3tvmoqnu4n part=386 records=1 next_cursor=set
2026-02-18T07:08:50Z INFO bsky_collector_v2.job.index_feed_generators: indexed repo=did:plc:5qbbxs4si7qpy4e26y5lbzbp part=387 records=2 next_cursor=set
2026-02-18T07:08:52Z INFO bsky_collector_v2.job.index_feed_generators: indexed repo=did:plc:6m3zbmijv6jhr3nipgqaqha6 part=388 records=1 next_cursor=set
2026-02-18T07:09:47Z INFO bsky_collector_v2.job.index_feed_generators: indexed repo=did:plc:ejsgahcuuo2m6n4nh4goazhj part=389 records=2 next_cursor=set
2026-02-18T07:09:49Z INFO bsky_collector_v2.job.index_feed_generators: indexed repo=did:plc:f7vhhyhjypps6jipd25g7nqo part=390 records=2 next_cursor=set
2026-02-18T07:10:04Z INFO bsky_collector_v2.job.index_feed_generators: indexed repo=did:plc:lkdllzyy3d5wzaumqccrngg6 part=391 records=1 next_cursor=set
2026-02-18T07:10:05Z INFO bsky_collector_v2.job.index_feed_generators: indexed repo=did:plc:lw4zmdwcwuggv6kxxl2nyduy part=392 records=1 next_cursor=set
2026-02-18T07:10:07Z INFO bsky_collector_v2.job.index_feed_generators: indexed repo=did:plc:mnxagsm5vd5rihajl2salo7m part=393 records=2 next_cursor=set
2026-02-18T07:10:16Z INFO bsky_collector_v2.job.index_feed_generators: indexed repo=did:plc:qfno2hq7u4n2vrka3iebvexh part=394 records=2 next_cursor=set
2026-02-18T07:10:26Z INFO bsky_collector_v2.job.index_feed_generators: indexed repo=did:plc:tnnl6qjjj4lquabzmsuu34ip part=395 records=10 next_cursor=set
2026-02-18T07:10:44Z INFO bsky_collector_v2.job.index_feed_generators: enqueued repos page=25 mode=listRepos inserted=500 repos_returned=500 next_cursor=set
2026-02-18T07:10:46Z INFO bsky_collector_v2.job.index_feed_generators: indexed repo=did:plc:2vpafqhhsulruzkduskmgpjp part=396 records=2 next_cursor=set
2026-02-18T07:10:58Z INFO bsky_collector_v2.job.index_feed_generators: indexed repo=did:plc:6lex766uif2o6hcu2cawgxsg part=397 records=1 next_cursor=set
2026-02-18T07:11:07Z INFO bsky_collector_v2.job.index_feed_generators: indexed repo=did:plc:cfnkbysb2rgiwinsmkvkl72q part=398 records=1 next_cursor=set
2026-02-18T07:11:10Z INFO bsky_collector_v2.job.index_feed_generators: indexed repo=did:plc:db3hp5nf2wvmubxgsdpwcw2q part=399 records=1 next_cursor=set
2026-02-18T07:12:41Z INFO bsky_collector_v2.job.index_feed_generators: indexed repo=did:plc:nnffk6m46cmabw3e6cxo2fhj part=400 records=1 next_cursor=set
2026-02-18T07:12:42Z INFO bsky_collector_v2.job.index_feed_generators: indexed repo=did:plc:nzmnuu7z3a3pod4lambkzj6y part=401 records=12 next_cursor=set
2026-02-18T07:12:47Z INFO bsky_collector_v2.job.index_feed_generators: indexed repo=did:plc:p3mognwrt6ldgjan7ofunouo part=402 records=2 next_cursor=set
2026-02-18T07:12:55Z INFO bsky_collector_v2.job.index_feed_generators: indexed repo=did:plc:plpviiolyyfxmopm6cqloy2b part=403 records=6 next_cursor=set
2026-02-18T07:12:58Z INFO bsky_collector_v2.job.index_feed_generators: indexed repo=did:plc:rixbc4xbn54we7klrmzeugpa part=404 records=2 next_cursor=set
2026-02-18T07:13:21Z INFO bsky_collector_v2.job.index_feed_generators: enqueued repos page=26 mode=listRepos inserted=500 repos_returned=500 next_cursor=set
2026-02-18T07:13:21Z INFO bsky_collector_v2.job.index_feed_generators: indexed repo=did:plc:2lhjkdvkncwnqdhwv2xlvwio part=405 records=1 next_cursor=set
2026-02-18T07:13:42Z INFO bsky_collector_v2.job.index_feed_generators: indexed repo=did:plc:aq7nplexqessmai4l7oilacq part=406 records=2 next_cursor=set
2026-02-18T07:14:02Z INFO bsky_collector_v2.job.index_feed_generators: indexed repo=did:plc:iyzmca427kqlaulfv2rylvip part=407 records=1 next_cursor=set
2026-02-18T07:14:03Z INFO bsky_collector_v2.job.index_feed_generators: indexed repo=did:plc:jbhdzztww2hhfn2emd6xf2t6 part=408 records=1 next_cursor=set
2026-02-18T07:14:08Z INFO bsky_collector_v2.job.index_feed_generators: indexed repo=did:plc:l76fecjzckl2m64jr37q5gvf part=409 records=1 next_cursor=set
2026-02-18T07:14:15Z INFO bsky_collector_v2.job.index_feed_generators: indexed repo=did:plc:nkllpnui4m5wb6uncqen42zm part=410 records=4 next_cursor=set
2026-02-18T07:14:20Z WARNING bsky_collector_v2.job.index_feed_generators: listRecords failed repo=did:plc:piuwugzzwezrarcv6yhpjes7 err=HttpError('InvalidRequest: Could not find repo: did:plc:piuwugzzwezrarcv6yhpjes7')
2026-02-18T07:14:35Z INFO bsky_collector_v2.job.index_feed_generators: indexed repo=did:plc:typj76fb2lybdq4otvlyyplz part=411 records=2 next_cursor=set
2026-02-18T07:14:44Z INFO bsky_collector_v2.job.index_feed_generators: indexed repo=did:plc:xqyjxuct5ovd3cyaowxfl3cg part=412 records=1 next_cursor=set
2026-02-18T07:14:45Z INFO bsky_collector_v2.job.index_feed_generators: indexed repo=did:plc:y3dlhgirsheplzhzmpafcc4h part=413 records=2 next_cursor=set
2026-02-18T07:14:52Z WARNING bsky_collector_v2.job.index_feed_generators: listRecords failed repo=did:plc:piuwugzzwezrarcv6yhpjes7 err=HttpError('InvalidRequest: Could not find repo: did:plc:piuwugzzwezrarcv6yhpjes7')
2026-02-18T07:14:53Z WARNING bsky_collector_v2.job.index_feed_generators: listRecords failed repo=did:plc:piuwugzzwezrarcv6yhpjes7 err=HttpError('InvalidRequest: Could not find repo: did:plc:piuwugzzwezrarcv6yhpjes7')
2026-02-18T07:14:53Z INFO bsky_collector_v2.job.index_feed_generators: enqueued repos page=27 mode=listRepos inserted=500 repos_returned=500 next_cursor=set
2026-02-18T07:15:29Z WARNING bsky_collector_v2.job.index_feed_generators: listRecords failed repo=did:plc:6rkuffzwnondvabjbmhi7jem err=HttpError('InvalidRequest: Could not find repo: did:plc:6rkuffzwnondvabjbmhi7jem')
2026-02-18T07:15:33Z INFO bsky_collector_v2.job.index_feed_generators: indexed repo=did:plc:adybqe7qu6js4qccjozkprfy part=414 records=1 next_cursor=set
2026-02-18T07:15:39Z INFO bsky_collector_v2.job.index_feed_generators: indexed repo=did:plc:clgmvkxxrwlr5t5xmy4xlwhb part=415 records=1 next_cursor=set
2026-02-18T07:17:00Z INFO bsky_collector_v2.job.index_feed_generators: indexed repo=did:plc:f3pydbjgim5satpbxdarsubz part=416 records=2 next_cursor=set
2026-02-18T07:17:11Z INFO bsky_collector_v2.job.index_feed_generators: indexed repo=did:plc:hv6l3uzx4pry2vt3tsqriufa part=417 records=2 next_cursor=set
2026-02-18T07:17:11Z WARNING bsky_collector_v2.job.index_feed_generators: listRecords failed repo=did:plc:hvakvedv6byxhufjl23mfmsd err=HttpError('InvalidRequest: Could not find repo: did:plc:hvakvedv6byxhufjl23mfmsd')
2026-02-18T07:17:54Z INFO bsky_collector_v2.job.index_feed_generators: indexed repo=did:plc:vplqzqtiviovu7pioudfegpb part=418 records=11 next_cursor=set
2026-02-18T07:18:10Z INFO bsky_collector_v2.job.index_feed_generators: indexed repo=did:plc:yxxgjy5zyzmi4jr6fbku5fcu part=419 records=1 next_cursor=set
2026-02-18T07:18:15Z WARNING bsky_collector_v2.job.index_feed_generators: listRecords failed repo=did:plc:6rkuffzwnondvabjbmhi7jem err=HttpError('InvalidRequest: Could not find repo: did:plc:6rkuffzwnondvabjbmhi7jem')
2026-02-18T07:18:15Z WARNING bsky_collector_v2.job.index_feed_generators: listRecords failed repo=did:plc:hvakvedv6byxhufjl23mfmsd err=HttpError('InvalidRequest: Could not find repo: did:plc:hvakvedv6byxhufjl23mfmsd')
2026-02-18T07:18:16Z WARNING bsky_collector_v2.job.index_feed_generators: listRecords failed repo=did:plc:6rkuffzwnondvabjbmhi7jem err=HttpError('InvalidRequest: Could not find repo: did:plc:6rkuffzwnondvabjbmhi7jem')
2026-02-18T07:18:16Z WARNING bsky_collector_v2.job.index_feed_generators: listRecords failed repo=did:plc:hvakvedv6byxhufjl23mfmsd err=HttpError('InvalidRequest: Could not find repo: did:plc:hvakvedv6byxhufjl23mfmsd')
2026-02-18T07:18:16Z INFO bsky_collector_v2.job.index_feed_generators: enqueued repos page=28 mode=listRepos inserted=500 repos_returned=500 next_cursor=set
2026-02-18T07:18:31Z INFO bsky_collector_v2.job.index_feed_generators: indexed repo=did:plc:73cyddvnitoqbe22dge7febd part=420 records=3 next_cursor=set
2026-02-18T07:18:34Z INFO bsky_collector_v2.job.index_feed_generators: indexed repo=did:plc:7tz5ejwjbqy5caqb6xy24gsg part=421 records=1 next_cursor=set
2026-02-18T07:18:35Z WARNING bsky_collector_v2.job.index_feed_generators: listRecords failed repo=did:plc:7wz4eoq7dqpdutmytpza7uhk err=HttpError('InvalidRequest: Could not find repo: did:plc:7wz4eoq7dqpdutmytpza7uhk')
2026-02-18T07:18:40Z INFO bsky_collector_v2.job.index_feed_generators: indexed repo=did:plc:bvmapp6wgt4gr7v6dvbd3o53 part=422 records=1 next_cursor=set
2026-02-18T07:18:41Z INFO bsky_collector_v2.job.index_feed_generators: indexed repo=did:plc:cgpreyn3yb7i2zpu6lal2qb7 part=423 records=2 next_cursor=set
2026-02-18T07:18:43Z INFO bsky_collector_v2.job.index_feed_generators: indexed repo=did:plc:cvbtizl7gyrfcrybjjv4yppx part=424 records=1 next_cursor=set
2026-02-18T07:19:12Z INFO bsky_collector_v2.job.index_feed_generators: indexed repo=did:plc:iefqgk5b7yjig4n6rdw45ty7 part=425 records=4 next_cursor=set
2026-02-18T07:19:13Z INFO bsky_collector_v2.job.index_feed_generators: indexed repo=did:plc:jagldyome3h27twtp46nxen7 part=426 records=1 next_cursor=set
2026-02-18T07:19:33Z INFO bsky_collector_v2.job.index_feed_generators: indexed repo=did:plc:r3vqehg5klpjacaj53gl6fih part=427 records=3 next_cursor=set
2026-02-18T07:20:42Z INFO bsky_collector_v2.job.index_feed_generators: indexed repo=did:plc:zqjrqi3rtvmszohtfb45pyda part=428 records=2 next_cursor=set
2026-02-18T07:20:43Z WARNING bsky_collector_v2.job.index_feed_generators: listRecords failed repo=did:plc:7wz4eoq7dqpdutmytpza7uhk err=HttpError('InvalidRequest: Could not find repo: did:plc:7wz4eoq7dqpdutmytpza7uhk')
2026-02-18T07:20:44Z WARNING bsky_collector_v2.job.index_feed_generators: listRecords failed repo=did:plc:7wz4eoq7dqpdutmytpza7uhk err=HttpError('InvalidRequest: Could not find repo: did:plc:7wz4eoq7dqpdutmytpza7uhk')
2026-02-18T07:20:44Z INFO bsky_collector_v2.job.index_feed_generators: enqueued repos page=29 mode=listRepos inserted=500 repos_returned=500 next_cursor=set
2026-02-18T07:21:17Z WARNING bsky_collector_v2.job.index_feed_generators: listRecords failed repo=did:plc:gea43dvjdqehvtuewqvlq3df err=HttpError('InvalidRequest: Could not find repo: did:plc:gea43dvjdqehvtuewqvlq3df')
2026-02-18T07:21:18Z INFO bsky_collector_v2.job.index_feed_generators: indexed repo=did:plc:h3oup45wsozmhi3tndbsrfm2 part=429 records=1 next_cursor=set
2026-02-18T07:21:22Z INFO bsky_collector_v2.job.index_feed_generators: indexed repo=did:plc:hz2kbfxbn6gdj5ocomrmqxir part=430 records=1 next_cursor=set
2026-02-18T07:22:10Z INFO bsky_collector_v2.job.index_feed_generators: indexed repo=did:plc:xdkghab4ulcsejfvhuoxnkuj part=431 records=1 next_cursor=set
2026-02-18T07:22:17Z WARNING bsky_collector_v2.job.index_feed_generators: listRecords failed repo=did:plc:gea43dvjdqehvtuewqvlq3df err=HttpError('InvalidRequest: Could not find repo: did:plc:gea43dvjdqehvtuewqvlq3df')
2026-02-18T07:22:18Z WARNING bsky_collector_v2.job.index_feed_generators: listRecords failed repo=did:plc:gea43dvjdqehvtuewqvlq3df err=HttpError('InvalidRequest: Could not find repo: did:plc:gea43dvjdqehvtuewqvlq3df')
2026-02-18T07:22:18Z INFO bsky_collector_v2.job.index_feed_generators: enqueued repos page=30 mode=listRepos inserted=500 repos_returned=500 next_cursor=set
2026-02-18T07:22:39Z INFO bsky_collector_v2.job.index_feed_generators: indexed repo=did:plc:6q2thhy2ohzog26mmqm4pffk part=432 records=11 next_cursor=set
2026-02-18T07:22:44Z INFO bsky_collector_v2.job.index_feed_generators: indexed repo=did:plc:aaecqq7eo3lvbgtvetsrpsx5 part=433 records=1 next_cursor=set
2026-02-18T07:22:48Z INFO bsky_collector_v2.job.index_feed_generators: indexed repo=did:plc:bdnwyhyzypmzjsclkeg5twje part=434 records=1 next_cursor=set
2026-02-18T07:23:23Z INFO bsky_collector_v2.job.index_feed_generators: indexed repo=did:plc:pymvppz2iqfvyduo3flnz4es part=435 records=1 next_cursor=set
2026-02-18T07:24:22Z INFO bsky_collector_v2.job.index_feed_generators: indexed repo=did:plc:wplqsk2xd2aiievvh37reif2 part=436 records=1 next_cursor=set
2026-02-18T07:24:40Z INFO bsky_collector_v2.job.index_feed_generators: enqueued repos page=31 mode=listRepos inserted=500 repos_returned=500 next_cursor=set
2026-02-18T07:24:51Z INFO bsky_collector_v2.job.index_feed_generators: indexed repo=did:plc:5ronqlr5aruurn7n6fmdyf47 part=437 records=1 next_cursor=set
2026-02-18T07:24:59Z INFO bsky_collector_v2.job.index_feed_generators: indexed repo=did:plc:bf6lpf7dwqp2amc7ixqumw5y part=438 records=1 next_cursor=set
2026-02-18T07:25:07Z INFO bsky_collector_v2.job.index_feed_generators: indexed repo=did:plc:d6krudwzme67ypsoeguwj2dz part=439 records=1 next_cursor=set
2026-02-18T07:25:14Z INFO bsky_collector_v2.job.index_feed_generators: indexed repo=did:plc:gt5xgr5ww3bn5rprym64bmrv part=440 records=1 next_cursor=set
2026-02-18T07:25:34Z INFO bsky_collector_v2.job.index_feed_generators: indexed repo=did:plc:pz2k6mmjx6mrbhbs3wahyjmj part=441 records=1 next_cursor=set
2026-02-18T07:25:37Z INFO bsky_collector_v2.job.index_feed_generators: indexed repo=did:plc:rjxv2fzt2omqtd7qf3lstnwm part=442 records=2 next_cursor=set
2026-02-18T07:25:46Z INFO bsky_collector_v2.job.index_feed_generators: indexed repo=did:plc:ugfjpnirevrvn6kbksifn2xo part=443 records=7 next_cursor=set
2026-02-18T07:26:03Z INFO bsky_collector_v2.job.index_feed_generators: enqueued repos page=32 mode=listRepos inserted=500 repos_returned=500 next_cursor=set
2026-02-18T07:26:06Z INFO bsky_collector_v2.job.index_feed_generators: indexed repo=did:plc:376kd6cpmdik25n4g26o2xfi part=444 records=1 next_cursor=set
2026-02-18T07:26:43Z WARNING bsky_collector_v2.job.index_feed_generators: listRecords failed repo=did:plc:bbcnfknvbgg5dd4kfgdnmtmt err=HttpError('InvalidRequest: Could not find repo: did:plc:bbcnfknvbgg5dd4kfgdnmtmt')
2026-02-18T07:27:17Z INFO bsky_collector_v2.job.index_feed_generators: indexed repo=did:plc:kfnyhjfb3m5scejmw6l6vqle part=445 records=1 next_cursor=set
