2026-03-12T04:36:48Z INFO bsky_collector_v2: out_base ok path=D:\BlueSky\data_v2_full mount=D:\
2026-03-12T04:36:48Z INFO bsky_collector_v2: job start subcommand=index-feed-generators dry_run=False resume=True
2026-03-12T04:36:48Z INFO bsky_collector_v2.job.index_feed_generators: feed generator index hosts relay_host=https://bsky.network records_host=https://bsky.social auth=yes
2026-03-12T04:37:37Z WARNING bsky_collector_v2.job.index_feed_generators: listRecords failed repo=did:plc:2yeo3ggcfgdkhemq6lvbmpzh err=HttpError('InternalServerError: Internal Server Error')
2026-03-12T04:38:54Z WARNING bsky_collector_v2.job.index_feed_generators: listRecords failed repo=did:plc:bagiiogscds6izanw7sb2xun err=HttpError('InternalServerError: Internal Server Error')
2026-03-12T04:39:29Z WARNING bsky_collector_v2.job.index_feed_generators: listRecords failed repo=did:plc:bllz6yzowmdqba3h4bqx3qbs err=HttpError('InternalServerError: Internal Server Error')
2026-03-12T04:41:28Z WARNING bsky_collector_v2.job.index_feed_generators: listRecords failed repo=did:plc:xflwgxlingnp7cj2hh2j553b err=HttpError('InvalidRequest: Could not find repo: did:plc:xflwgxlingnp7cj2hh2j553b')
2026-03-12T04:41:40Z WARNING bsky_collector_v2.job.index_feed_generators: listRecords failed repo=did:plc:xflwgxlingnp7cj2hh2j553b err=HttpError('InvalidRequest: Could not find repo: did:plc:xflwgxlingnp7cj2hh2j553b')
2026-03-12T04:41:40Z WARNING bsky_collector_v2.job.index_feed_generators: listRecords failed repo=did:plc:xflwgxlingnp7cj2hh2j553b err=HttpError('InvalidRequest: Could not find repo: did:plc:xflwgxlingnp7cj2hh2j553b')
2026-03-12T04:41:41Z INFO bsky_collector_v2.job.index_feed_generators: enqueued repos page=1 mode=listRepos inserted=500 repos_returned=500 next_cursor=set
2026-03-12T04:43:47Z WARNING bsky_collector_v2.job.index_feed_generators: listRecords failed repo=did:plc:n4f3wt7m3naugq2vwvffjjvd err=HttpError('InternalServerError: Internal Server Error')
2026-03-12T04:44:40Z INFO bsky_collector_v2.job.index_feed_generators: enqueued repos page=2 mode=listRepos inserted=500 repos_returned=500 next_cursor=set
2026-03-12T04:47:02Z WARNING bsky_collector_v2.job.index_feed_generators: listRecords failed repo=did:plc:ruic63k34cj5o5t6k2qmvjm5 err=HttpError('InvalidRequest: Could not find repo: did:plc:ruic63k34cj5o5t6k2qmvjm5')
2026-03-12T04:47:31Z WARNING bsky_collector_v2.job.index_feed_generators: listRecords failed repo=did:plc:ruic63k34cj5o5t6k2qmvjm5 err=HttpError('InvalidRequest: Could not find repo: did:plc:ruic63k34cj5o5t6k2qmvjm5')
2026-03-12T04:47:31Z WARNING bsky_collector_v2.job.index_feed_generators: listRecords failed repo=did:plc:ruic63k34cj5o5t6k2qmvjm5 err=HttpError('InvalidRequest: Could not find repo: did:plc:ruic63k34cj5o5t6k2qmvjm5')
2026-03-12T04:47:32Z INFO bsky_collector_v2.job.index_feed_generators: enqueued repos page=3 mode=listRepos inserted=500 repos_returned=500 next_cursor=set
2026-03-12T04:47:37Z INFO bsky_collector_v2.job.index_feed_generators: indexed repo=did:plc:36o7vsv3gryomysrbchh7szd part=61 records=27 next_cursor=set
2026-03-12T04:48:39Z WARNING bsky_collector_v2.job.index_feed_generators: listRecords failed repo=did:plc:crir35km7tpm2emv35h4kdjn err=HttpError('InternalServerError: Internal Server Error')
2026-03-12T04:49:04Z WARNING bsky_collector_v2.job.index_feed_generators: listRecords failed repo=did:plc:crtqrvsvebcextpketep5wju err=HttpError('InternalServerError: Internal Server Error')
2026-03-12T04:50:54Z WARNING bsky_collector_v2.job.index_feed_generators: listRecords failed repo=did:plc:qvwfrqvd62rkzm3v5qek7c6e err=HttpError('InternalServerError: Internal Server Error')
2026-03-12T04:52:27Z INFO bsky_collector_v2.job.index_feed_generators: enqueued repos page=4 mode=listRepos inserted=500 repos_returned=500 next_cursor=set
2026-03-12T04:53:07Z INFO bsky_collector_v2.job.index_feed_generators: indexed repo=did:plc:feiluspzlje44qsefyqblytn part=62 records=2 next_cursor=set
2026-03-12T04:53:12Z WARNING bsky_collector_v2.job.index_feed_generators: listRecords failed repo=did:plc:h6cxw3ucjylzyb3azovj2qrr err=HttpError('InvalidRequest: Could not find repo: did:plc:h6cxw3ucjylzyb3azovj2qrr')
2026-03-12T04:55:02Z WARNING bsky_collector_v2.job.index_feed_generators: listRecords failed repo=did:plc:t7sskoborw7g53gt6mfy27e6 err=HttpError('InternalServerError: Internal Server Error')
2026-03-12T04:55:29Z WARNING bsky_collector_v2.job.index_feed_generators: listRecords failed repo=did:plc:h6cxw3ucjylzyb3azovj2qrr err=HttpError('InvalidRequest: Could not find repo: did:plc:h6cxw3ucjylzyb3azovj2qrr')
2026-03-12T04:55:29Z WARNING bsky_collector_v2.job.index_feed_generators: listRecords failed repo=did:plc:h6cxw3ucjylzyb3azovj2qrr err=HttpError('InvalidRequest: Could not find repo: did:plc:h6cxw3ucjylzyb3azovj2qrr')
2026-03-12T04:55:30Z INFO bsky_collector_v2.job.index_feed_generators: enqueued repos page=5 mode=listRepos inserted=500 repos_returned=500 next_cursor=set
2026-03-12T04:55:44Z WARNING bsky_collector_v2.job.index_feed_generators: listRecords failed repo=did:plc:5yxlzjahcfi32a626zxzwjze err=HttpError('InvalidRequest: Could not find repo: did:plc:5yxlzjahcfi32a626zxzwjze')
2026-03-12T04:55:48Z WARNING bsky_collector_v2.job.index_feed_generators: listRecords failed repo=did:plc:6yt4hmq3vnuip62tj27f7wjo err=HttpError('InvalidRequest: Could not find repo: did:plc:6yt4hmq3vnuip62tj27f7wjo')
2026-03-12T04:57:25Z WARNING bsky_collector_v2.job.index_feed_generators: listRecords failed repo=did:plc:5yxlzjahcfi32a626zxzwjze err=HttpError('InvalidRequest: Could not find repo: did:plc:5yxlzjahcfi32a626zxzwjze')
2026-03-12T04:57:25Z WARNING bsky_collector_v2.job.index_feed_generators: listRecords failed repo=did:plc:6yt4hmq3vnuip62tj27f7wjo err=HttpError('InvalidRequest: Could not find repo: did:plc:6yt4hmq3vnuip62tj27f7wjo')
2026-03-12T04:57:26Z WARNING bsky_collector_v2.job.index_feed_generators: listRecords failed repo=did:plc:5yxlzjahcfi32a626zxzwjze err=HttpError('InvalidRequest: Could not find repo: did:plc:5yxlzjahcfi32a626zxzwjze')
2026-03-12T04:57:26Z WARNING bsky_collector_v2.job.index_feed_generators: listRecords failed repo=did:plc:6yt4hmq3vnuip62tj27f7wjo err=HttpError('InvalidRequest: Could not find repo: did:plc:6yt4hmq3vnuip62tj27f7wjo')
2026-03-12T04:57:27Z INFO bsky_collector_v2.job.index_feed_generators: enqueued repos page=6 mode=listRepos inserted=500 repos_returned=500 next_cursor=set
2026-03-12T04:57:32Z WARNING bsky_collector_v2.job.index_feed_generators: listRecords failed repo=did:plc:2g4q4ndq77tuyyxw6b5scgps err=HttpError('InvalidRequest: Could not find repo: did:plc:2g4q4ndq77tuyyxw6b5scgps')
2026-03-12T04:57:50Z INFO bsky_collector_v2.job.index_feed_generators: indexed repo=did:plc:66jlyuroljdnzzy6oeie7afj part=63 records=1 next_cursor=set
2026-03-12T04:59:25Z WARNING bsky_collector_v2.job.index_feed_generators: listRecords failed repo=did:plc:2g4q4ndq77tuyyxw6b5scgps err=HttpError('InvalidRequest: Could not find repo: did:plc:2g4q4ndq77tuyyxw6b5scgps')
2026-03-12T04:59:25Z WARNING bsky_collector_v2.job.index_feed_generators: listRecords failed repo=did:plc:2g4q4ndq77tuyyxw6b5scgps err=HttpError('InvalidRequest: Could not find repo: did:plc:2g4q4ndq77tuyyxw6b5scgps')
2026-03-12T04:59:26Z INFO bsky_collector_v2.job.index_feed_generators: enqueued repos page=7 mode=listRepos inserted=500 repos_returned=500 next_cursor=set
2026-03-12T05:00:16Z WARNING bsky_collector_v2.job.index_feed_generators: listRecords failed repo=did:plc:itei2xcvcitwxqyf4nopxi5e err=HttpError('InvalidRequest: Could not find repo: did:plc:itei2xcvcitwxqyf4nopxi5e')
2026-03-12T05:01:14Z WARNING bsky_collector_v2.job.index_feed_generators: listRecords failed repo=did:plc:qk4dssos76bpnqtusrnv3xez err=HttpError('InternalServerError: Internal Server Error')
2026-03-12T05:02:14Z WARNING bsky_collector_v2.job.index_feed_generators: listRecords failed repo=did:plc:wkvlfmxjclwcklo3b6e6xpfv err=HttpError('InvalidRequest: Could not find repo: did:plc:wkvlfmxjclwcklo3b6e6xpfv')
2026-03-12T05:02:30Z WARNING bsky_collector_v2.job.index_feed_generators: listRecords failed repo=did:plc:itei2xcvcitwxqyf4nopxi5e err=HttpError('InvalidRequest: Could not find repo: did:plc:itei2xcvcitwxqyf4nopxi5e')
2026-03-12T05:02:30Z WARNING bsky_collector_v2.job.index_feed_generators: listRecords failed repo=did:plc:wkvlfmxjclwcklo3b6e6xpfv err=HttpError('InvalidRequest: Could not find repo: did:plc:wkvlfmxjclwcklo3b6e6xpfv')
2026-03-12T05:02:30Z WARNING bsky_collector_v2.job.index_feed_generators: listRecords failed repo=did:plc:itei2xcvcitwxqyf4nopxi5e err=HttpError('InvalidRequest: Could not find repo: did:plc:itei2xcvcitwxqyf4nopxi5e')
2026-03-12T05:02:30Z WARNING bsky_collector_v2.job.index_feed_generators: listRecords failed repo=did:plc:wkvlfmxjclwcklo3b6e6xpfv err=HttpError('InvalidRequest: Could not find repo: did:plc:wkvlfmxjclwcklo3b6e6xpfv')
2026-03-12T05:02:31Z INFO bsky_collector_v2.job.index_feed_generators: enqueued repos page=8 mode=listRepos inserted=500 repos_returned=500 next_cursor=set
2026-03-12T05:02:45Z WARNING bsky_collector_v2.job.index_feed_generators: listRecords failed repo=did:plc:66fcwmh6hndjmef7ix6gwqrk err=HttpError('InvalidRequest: Could not find repo: did:plc:66fcwmh6hndjmef7ix6gwqrk')
2026-03-12T05:03:49Z WARNING bsky_collector_v2.job.index_feed_generators: listRecords failed repo=did:plc:byhqfhsqk53b7yvsc3czjw53 err=HttpError("exhausted retries: ReadTimeout('')")
2026-03-12T05:04:23Z WARNING bsky_collector_v2.job.index_feed_generators: listRecords failed repo=did:plc:c5lqv2d3dfeofsvg2pz4eg3p err=HttpError('InternalServerError: Internal Server Error')
2026-03-12T05:04:57Z WARNING bsky_collector_v2.job.index_feed_generators: listRecords failed repo=did:plc:clht6loht2ompjwlgqbe2xnk err=HttpError('InternalServerError: Internal Server Error')
2026-03-12T05:06:27Z WARNING bsky_collector_v2.job.index_feed_generators: listRecords failed repo=did:plc:66fcwmh6hndjmef7ix6gwqrk err=HttpError('InvalidRequest: Could not find repo: did:plc:66fcwmh6hndjmef7ix6gwqrk')
2026-03-12T05:06:28Z WARNING bsky_collector_v2.job.index_feed_generators: listRecords failed repo=did:plc:66fcwmh6hndjmef7ix6gwqrk err=HttpError('InvalidRequest: Could not find repo: did:plc:66fcwmh6hndjmef7ix6gwqrk')
2026-03-12T05:06:29Z INFO bsky_collector_v2.job.index_feed_generators: enqueued repos page=9 mode=listRepos inserted=500 repos_returned=500 next_cursor=set
2026-03-12T05:08:40Z INFO bsky_collector_v2.job.index_feed_generators: enqueued repos page=10 mode=listRepos inserted=500 repos_returned=500 next_cursor=set
2026-03-12T05:09:52Z WARNING bsky_collector_v2.job.index_feed_generators: listRecords failed repo=did:plc:mce6qht72qttfnhtkbf6os7f err=HttpError('InvalidRequest: Could not find repo: did:plc:mce6qht72qttfnhtkbf6os7f')
2026-03-12T05:10:43Z WARNING bsky_collector_v2.job.index_feed_generators: listRecords failed repo=did:plc:mce6qht72qttfnhtkbf6os7f err=HttpError('InvalidRequest: Could not find repo: did:plc:mce6qht72qttfnhtkbf6os7f')
2026-03-12T05:10:43Z WARNING bsky_collector_v2.job.index_feed_generators: listRecords failed repo=did:plc:mce6qht72qttfnhtkbf6os7f err=HttpError('InvalidRequest: Could not find repo: did:plc:mce6qht72qttfnhtkbf6os7f')
2026-03-12T05:10:44Z INFO bsky_collector_v2.job.index_feed_generators: enqueued repos page=11 mode=listRepos inserted=500 repos_returned=500 next_cursor=set
2026-03-12T05:11:30Z WARNING bsky_collector_v2.job.index_feed_generators: listRecords failed repo=did:plc:d5a4himoaz5fkmus7lxnmnip err=HttpError('InvalidRequest: Could not find repo: did:plc:d5a4himoaz5fkmus7lxnmnip')
2026-03-12T05:11:36Z WARNING bsky_collector_v2.job.index_feed_generators: listRecords failed repo=did:plc:eqefxpzfdhdvoaxsr3cd7jho err=HttpError('InvalidRequest: Could not find repo: did:plc:eqefxpzfdhdvoaxsr3cd7jho')
2026-03-12T05:12:23Z WARNING bsky_collector_v2.job.index_feed_generators: listRecords failed repo=did:plc:rbshxv3tdz2xhusmooedracn err=HttpError('InvalidRequest: Could not find repo: did:plc:rbshxv3tdz2xhusmooedracn')
2026-03-12T05:12:46Z WARNING bsky_collector_v2.job.index_feed_generators: listRecords failed repo=did:plc:xoffo6hb6bqcmltsmtosyiib err=HttpError('InvalidRequest: Could not find repo: did:plc:xoffo6hb6bqcmltsmtosyiib')
2026-03-12T05:12:54Z WARNING bsky_collector_v2.job.index_feed_generators: listRecords failed repo=did:plc:d5a4himoaz5fkmus7lxnmnip err=HttpError('InvalidRequest: Could not find repo: did:plc:d5a4himoaz5fkmus7lxnmnip')
2026-03-12T05:12:54Z WARNING bsky_collector_v2.job.index_feed_generators: listRecords failed repo=did:plc:eqefxpzfdhdvoaxsr3cd7jho err=HttpError('InvalidRequest: Could not find repo: did:plc:eqefxpzfdhdvoaxsr3cd7jho')
2026-03-12T05:12:55Z WARNING bsky_collector_v2.job.index_feed_generators: listRecords failed repo=did:plc:rbshxv3tdz2xhusmooedracn err=HttpError('InvalidRequest: Could not find repo: did:plc:rbshxv3tdz2xhusmooedracn')
2026-03-12T05:12:55Z WARNING bsky_collector_v2.job.index_feed_generators: listRecords failed repo=did:plc:xoffo6hb6bqcmltsmtosyiib err=HttpError('InvalidRequest: Could not find repo: did:plc:xoffo6hb6bqcmltsmtosyiib')
2026-03-12T05:12:55Z WARNING bsky_collector_v2.job.index_feed_generators: listRecords failed repo=did:plc:d5a4himoaz5fkmus7lxnmnip err=HttpError('InvalidRequest: Could not find repo: did:plc:d5a4himoaz5fkmus7lxnmnip')
2026-03-12T05:12:55Z WARNING bsky_collector_v2.job.index_feed_generators: listRecords failed repo=did:plc:eqefxpzfdhdvoaxsr3cd7jho err=HttpError('InvalidRequest: Could not find repo: did:plc:eqefxpzfdhdvoaxsr3cd7jho')
2026-03-12T05:12:55Z WARNING bsky_collector_v2.job.index_feed_generators: listRecords failed repo=did:plc:rbshxv3tdz2xhusmooedracn err=HttpError('InvalidRequest: Could not find repo: did:plc:rbshxv3tdz2xhusmooedracn')
2026-03-12T05:12:55Z WARNING bsky_collector_v2.job.index_feed_generators: listRecords failed repo=did:plc:xoffo6hb6bqcmltsmtosyiib err=HttpError('InvalidRequest: Could not find repo: did:plc:xoffo6hb6bqcmltsmtosyiib')
2026-03-12T05:12:56Z INFO bsky_collector_v2.job.index_feed_generators: enqueued repos page=12 mode=listRepos inserted=500 repos_returned=500 next_cursor=set
2026-03-12T05:14:34Z INFO bsky_collector_v2.job.index_feed_generators: indexed repo=did:plc:xsvyqafbs4hffboswgi2be3v part=64 records=1 next_cursor=set
2026-03-12T05:14:42Z INFO bsky_collector_v2.job.index_feed_generators: enqueued repos page=13 mode=listRepos inserted=500 repos_returned=500 next_cursor=set
2026-03-12T05:15:17Z WARNING bsky_collector_v2.job.index_feed_generators: listRecords failed repo=did:plc:dltnemhjdd2h2mgx3qa7xenr err=HttpError('InvalidRequest: Could not find repo: did:plc:dltnemhjdd2h2mgx3qa7xenr')
2026-03-12T05:16:15Z INFO bsky_collector_v2.job.index_feed_generators: indexed repo=did:plc:vytpfamlotdontbha3qkf73a part=65 records=1 next_cursor=set
2026-03-12T05:16:29Z WARNING bsky_collector_v2.job.index_feed_generators: listRecords failed repo=did:plc:dltnemhjdd2h2mgx3qa7xenr err=HttpError('InvalidRequest: Could not find repo: did:plc:dltnemhjdd2h2mgx3qa7xenr')
2026-03-12T05:16:29Z WARNING bsky_collector_v2.job.index_feed_generators: listRecords failed repo=did:plc:dltnemhjdd2h2mgx3qa7xenr err=HttpError('InvalidRequest: Could not find repo: did:plc:dltnemhjdd2h2mgx3qa7xenr')
2026-03-12T05:16:30Z INFO bsky_collector_v2.job.index_feed_generators: enqueued repos page=14 mode=listRepos inserted=500 repos_returned=500 next_cursor=set
2026-03-12T05:18:12Z WARNING bsky_collector_v2.job.index_feed_generators: listRecords failed repo=did:plc:kqlnxj46bh3ctajoewqtyask err=HttpError("exhausted retries: ConnectError('[Errno 11001] getaddrinfo failed')")
2026-03-12T05:18:26Z WARNING bsky_collector_v2.job.index_feed_generators: listRecords failed repo=did:plc:kxbq6uf7ufjlhszmo7j44uoj err=HttpError("exhausted retries: ConnectError('[Errno 11001] getaddrinfo failed')")
2026-03-12T05:18:42Z WARNING bsky_collector_v2.job.index_feed_generators: listRecords failed repo=did:plc:kxiwkfbsnslrhagbniuznjt5 err=HttpError("exhausted retries: ConnectError('[Errno 11001] getaddrinfo failed')")
2026-03-12T05:18:46Z WARNING bsky_collector_v2.job.index_feed_generators: listRecords failed repo=did:plc:lcjfll4ujki5g75db7mzkjto err=HttpError("exhausted retries: ConnectError('[Errno 11001] getaddrinfo failed')")
2026-03-12T05:19:12Z WARNING bsky_collector_v2.job.index_feed_generators: listRecords failed repo=did:plc:lckc3qs72tt2jgrnaiter2a3 err=HttpError("exhausted retries: ConnectError('[Errno 11001] getaddrinfo failed')")
2026-03-12T05:19:15Z WARNING bsky_collector_v2.job.index_feed_generators: listRecords failed repo=did:plc:lcspj4ugylmbchq225wdjt4n err=HttpError("exhausted retries: ConnectError('[Errno 11001] getaddrinfo failed')")
2026-03-12T05:19:21Z WARNING bsky_collector_v2.job.index_feed_generators: listRecords failed repo=did:plc:lcyna4jgye42djmtfblprlze err=HttpError("exhausted retries: ConnectError('[Errno 11001] getaddrinfo failed')")
2026-03-12T05:19:50Z WARNING bsky_collector_v2.job.index_feed_generators: listRecords failed repo=did:plc:ld4saunl7y5nt4wlfwv5rg6a err=HttpError("exhausted retries: ConnectError('[Errno 11001] getaddrinfo failed')")
2026-03-12T05:20:04Z WARNING bsky_collector_v2.job.index_feed_generators: listRecords failed repo=did:plc:ldz2n55wj6yjtlii2as6q2m6 err=HttpError("exhausted retries: ConnectError('[Errno 11001] getaddrinfo failed')")
2026-03-12T05:20:20Z WARNING bsky_collector_v2.job.index_feed_generators: listRecords failed repo=did:plc:lhuvia4hgs7mdycj2cnpeld5 err=HttpError("exhausted retries: ConnectError('[Errno 11001] getaddrinfo failed')")
2026-03-12T05:20:23Z WARNING bsky_collector_v2.job.index_feed_generators: listRecords failed repo=did:plc:ljy6nj3hxvktt36jrk7dmo5g err=HttpError("exhausted retries: ConnectError('[Errno 11001] getaddrinfo failed')")
2026-03-12T05:20:50Z WARNING bsky_collector_v2.job.index_feed_generators: listRecords failed repo=did:plc:llr5dj7wuh7lc3b6uylgpfot err=HttpError("exhausted retries: ConnectError('[Errno 11001] getaddrinfo failed')")
2026-03-12T05:21:04Z WARNING bsky_collector_v2.job.index_feed_generators: listRecords failed repo=did:plc:loqbzldavbc7bdilyugdhw5u err=HttpError("exhausted retries: ConnectError('[Errno 11001] getaddrinfo failed')")
2026-03-12T05:21:19Z WARNING bsky_collector_v2.job.index_feed_generators: listRecords failed repo=did:plc:lqa3zon3y4picyxchf3s7mm6 err=HttpError("exhausted retries: ConnectError('[Errno 11001] getaddrinfo failed')")
2026-03-12T05:21:23Z WARNING bsky_collector_v2.job.index_feed_generators: listRecords failed repo=did:plc:lzl76urrax67jbp6zlcewe2o err=HttpError("exhausted retries: ConnectError('[Errno 11001] getaddrinfo failed')")
2026-03-12T05:21:28Z WARNING bsky_collector_v2.job.index_feed_generators: listRecords failed repo=did:plc:m5a757ejdcsreewggy57gntp err=HttpError("exhausted retries: ConnectError('[Errno 11001] getaddrinfo failed')")
2026-03-12T05:21:51Z WARNING bsky_collector_v2.job.index_feed_generators: listRecords failed repo=did:plc:mcjvf7yk5iejtl22fptts66o err=HttpError("exhausted retries: ConnectError('[Errno 11001] getaddrinfo failed')")
2026-03-12T05:22:02Z WARNING bsky_collector_v2.job.index_feed_generators: listRecords failed repo=did:plc:mcwtk3u7jd7tgis3gu35kvxo err=HttpError("exhausted retries: ConnectError('[Errno 11001] getaddrinfo failed')")
2026-03-12T05:22:17Z WARNING bsky_collector_v2.job.index_feed_generators: listRecords failed repo=did:plc:mf7xnnvkgd5p3pbmbosi3qil err=HttpError("exhausted retries: ConnectError('[Errno 11001] getaddrinfo failed')")
2026-03-12T05:22:41Z WARNING bsky_collector_v2.job.index_feed_generators: listRecords failed repo=did:plc:mg7tt5qb4crtfawuz2dudth6 err=HttpError("exhausted retries: ConnectError('[Errno 11001] getaddrinfo failed')")
2026-03-12T05:22:45Z WARNING bsky_collector_v2.job.index_feed_generators: listRecords failed repo=did:plc:mgnxrnxadiab3rafllxilrsz err=HttpError("exhausted retries: ConnectError('[Errno 11001] getaddrinfo failed')")
2026-03-12T05:22:50Z WARNING bsky_collector_v2.job.index_feed_generators: listRecords failed repo=did:plc:mgulcimh5pthb2a3wuedopkt err=HttpError("exhausted retries: ConnectError('[Errno 11001] getaddrinfo failed')")
2026-03-12T05:24:16Z INFO bsky_collector_v2.job.index_feed_generators: indexed repo=did:plc:qq4rnht5ochuahczlieysxxo part=66 records=2 next_cursor=set
2026-03-12T05:24:29Z WARNING bsky_collector_v2.job.index_feed_generators: listRecords failed repo=did:plc:ud26mwtgxh7civim7vvmopxg err=HttpError('InvalidRequest: Could not find repo: did:plc:ud26mwtgxh7civim7vvmopxg')
2026-03-12T05:24:55Z WARNING bsky_collector_v2.job.index_feed_generators: listRecords failed repo=did:plc:ud26mwtgxh7civim7vvmopxg err=HttpError('InvalidRequest: Could not find repo: did:plc:ud26mwtgxh7civim7vvmopxg')
2026-03-12T05:24:55Z WARNING bsky_collector_v2.job.index_feed_generators: listRecords failed repo=did:plc:ud26mwtgxh7civim7vvmopxg err=HttpError('InvalidRequest: Could not find repo: did:plc:ud26mwtgxh7civim7vvmopxg')
2026-03-12T05:24:56Z INFO bsky_collector_v2.job.index_feed_generators: enqueued repos page=15 mode=listRepos inserted=500 repos_returned=500 next_cursor=set
2026-03-12T05:25:44Z WARNING bsky_collector_v2.job.index_feed_generators: listRecords failed repo=did:plc:i2cwypu5s33bie5u6pp2zgy4 err=HttpError('InvalidRequest: Could not find repo: did:plc:i2cwypu5s33bie5u6pp2zgy4')
2026-03-12T05:26:42Z WARNING bsky_collector_v2.job.index_feed_generators: listRecords failed repo=did:plc:s44sk5b2mqx3cp3acaa3s2ju err=HttpError('InvalidRequest: Could not find repo: did:plc:s44sk5b2mqx3cp3acaa3s2ju')
2026-03-12T05:27:08Z WARNING bsky_collector_v2.job.index_feed_generators: listRecords failed repo=did:plc:i2cwypu5s33bie5u6pp2zgy4 err=HttpError('InvalidRequest: Could not find repo: did:plc:i2cwypu5s33bie5u6pp2zgy4')
2026-03-12T05:27:08Z WARNING bsky_collector_v2.job.index_feed_generators: listRecords failed repo=did:plc:s44sk5b2mqx3cp3acaa3s2ju err=HttpError('InvalidRequest: Could not find repo: did:plc:s44sk5b2mqx3cp3acaa3s2ju')
2026-03-12T05:27:08Z WARNING bsky_collector_v2.job.index_feed_generators: listRecords failed repo=did:plc:i2cwypu5s33bie5u6pp2zgy4 err=HttpError('InvalidRequest: Could not find repo: did:plc:i2cwypu5s33bie5u6pp2zgy4')
2026-03-12T05:27:09Z WARNING bsky_collector_v2.job.index_feed_generators: listRecords failed repo=did:plc:s44sk5b2mqx3cp3acaa3s2ju err=HttpError('InvalidRequest: Could not find repo: did:plc:s44sk5b2mqx3cp3acaa3s2ju')
2026-03-12T05:27:09Z INFO bsky_collector_v2.job.index_feed_generators: enqueued repos page=16 mode=listRepos inserted=500 repos_returned=500 next_cursor=set
2026-03-12T05:28:10Z WARNING bsky_collector_v2.job.index_feed_generators: listRecords failed repo=did:plc:lxk2o5ofdzl24vqrni3zi2wv err=HttpError('InvalidRequest: Could not find repo: did:plc:lxk2o5ofdzl24vqrni3zi2wv')
2026-03-12T05:28:35Z WARNING bsky_collector_v2.job.index_feed_generators: listRecords failed repo=did:plc:tazmeohzhvmcci2cy7sygwmu err=HttpError('InvalidRequest: Could not find repo: did:plc:tazmeohzhvmcci2cy7sygwmu')
2026-03-12T05:29:04Z WARNING bsky_collector_v2.job.index_feed_generators: listRecords failed repo=did:plc:lxk2o5ofdzl24vqrni3zi2wv err=HttpError('InvalidRequest: Could not find repo: did:plc:lxk2o5ofdzl24vqrni3zi2wv')
2026-03-12T05:29:05Z WARNING bsky_collector_v2.job.index_feed_generators: listRecords failed repo=did:plc:tazmeohzhvmcci2cy7sygwmu err=HttpError('InvalidRequest: Could not find repo: did:plc:tazmeohzhvmcci2cy7sygwmu')
2026-03-12T05:29:05Z WARNING bsky_collector_v2.job.index_feed_generators: listRecords failed repo=did:plc:lxk2o5ofdzl24vqrni3zi2wv err=HttpError('InvalidRequest: Could not find repo: did:plc:lxk2o5ofdzl24vqrni3zi2wv')
2026-03-12T05:29:05Z WARNING bsky_collector_v2.job.index_feed_generators: listRecords failed repo=did:plc:tazmeohzhvmcci2cy7sygwmu err=HttpError('InvalidRequest: Could not find repo: did:plc:tazmeohzhvmcci2cy7sygwmu')
2026-03-12T05:29:06Z INFO bsky_collector_v2.job.index_feed_generators: enqueued repos page=17 mode=listRepos inserted=500 repos_returned=500 next_cursor=set
2026-03-12T05:31:06Z INFO bsky_collector_v2.job.index_feed_generators: enqueued repos page=18 mode=listRepos inserted=500 repos_returned=500 next_cursor=set
2026-03-12T05:31:23Z WARNING bsky_collector_v2.job.index_feed_generators: listRecords failed repo=did:plc:7jsyoobzqexwmmekfhagvphf err=HttpError('InvalidRequest: Could not find repo: did:plc:7jsyoobzqexwmmekfhagvphf')
