2026-03-20T12:19:11Z INFO bsky_collector_v2: out_base ok path=/Volumes/T9/BlueSky/data_v2_full mount=/Volumes/T9
2026-03-20T12:19:11Z INFO bsky_collector_v2: job start subcommand=index-feed-generators dry_run=False resume=True
2026-03-20T12:19:12Z INFO bsky_collector_v2.job.index_feed_generators: feed generator index hosts relay_host=https://bsky.network records_host=https://bsky.social auth=yes
2026-03-20T12:19:33Z INFO bsky_collector_v2.job.index_feed_generators: enqueued repos page=1 mode=listRepos inserted=500 repos_returned=500 next_cursor=set
2026-03-20T12:20:58Z WARNING bsky_collector_v2.job.index_feed_generators: listRecords failed repo=did:plc:uvr4nmn5iqjgn57agp3lloi4 err=HttpError('InvalidRequest: Could not find repo: did:plc:uvr4nmn5iqjgn57agp3lloi4')
2026-03-20T12:21:16Z WARNING bsky_collector_v2.job.index_feed_generators: listRecords failed repo=did:plc:uvr4nmn5iqjgn57agp3lloi4 err=HttpError('InvalidRequest: Could not find repo: did:plc:uvr4nmn5iqjgn57agp3lloi4')
2026-03-20T12:21:16Z WARNING bsky_collector_v2.job.index_feed_generators: listRecords failed repo=did:plc:uvr4nmn5iqjgn57agp3lloi4 err=HttpError('InvalidRequest: Could not find repo: did:plc:uvr4nmn5iqjgn57agp3lloi4')
2026-03-20T12:21:17Z INFO bsky_collector_v2.job.index_feed_generators: enqueued repos page=2 mode=listRepos inserted=500 repos_returned=500 next_cursor=set
2026-03-20T12:22:48Z INFO bsky_collector_v2.job.index_feed_generators: enqueued repos page=3 mode=listRepos inserted=500 repos_returned=500 next_cursor=set
2026-03-20T12:22:56Z WARNING bsky_collector_v2.job.index_feed_generators: listRecords failed repo=did:plc:4zeluqjhl5o7doyvk273hdph err=HttpError('InvalidRequest: Could not find repo: did:plc:4zeluqjhl5o7doyvk273hdph')
2026-03-20T12:24:19Z WARNING bsky_collector_v2.job.index_feed_generators: listRecords failed repo=did:plc:4zeluqjhl5o7doyvk273hdph err=HttpError('InvalidRequest: Could not find repo: did:plc:4zeluqjhl5o7doyvk273hdph')
2026-03-20T12:24:19Z WARNING bsky_collector_v2.job.index_feed_generators: listRecords failed repo=did:plc:4zeluqjhl5o7doyvk273hdph err=HttpError('InvalidRequest: Could not find repo: did:plc:4zeluqjhl5o7doyvk273hdph')
2026-03-20T12:24:20Z INFO bsky_collector_v2.job.index_feed_generators: enqueued repos page=4 mode=listRepos inserted=500 repos_returned=500 next_cursor=set
2026-03-20T12:25:12Z WARNING bsky_collector_v2.job.index_feed_generators: listRecords failed repo=did:plc:lrb6hjouwjdewmc3takzvmr6 err=HttpError('InvalidRequest: Could not find repo: did:plc:lrb6hjouwjdewmc3takzvmr6')
2026-03-20T12:25:51Z WARNING bsky_collector_v2.job.index_feed_generators: listRecords failed repo=did:plc:lrb6hjouwjdewmc3takzvmr6 err=HttpError('InvalidRequest: Could not find repo: did:plc:lrb6hjouwjdewmc3takzvmr6')
2026-03-20T12:25:51Z WARNING bsky_collector_v2.job.index_feed_generators: listRecords failed repo=did:plc:lrb6hjouwjdewmc3takzvmr6 err=HttpError('InvalidRequest: Could not find repo: did:plc:lrb6hjouwjdewmc3takzvmr6')
2026-03-20T12:25:51Z INFO bsky_collector_v2.job.index_feed_generators: enqueued repos page=5 mode=listRepos inserted=500 repos_returned=500 next_cursor=set
2026-03-20T12:26:28Z WARNING bsky_collector_v2.job.index_feed_generators: listRecords failed repo=did:plc:hxj5fs5kz6yvcdj647biepun err=HttpError('InvalidRequest: Could not find repo: did:plc:hxj5fs5kz6yvcdj647biepun')
2026-03-20T12:27:03Z WARNING bsky_collector_v2.job.index_feed_generators: listRecords failed repo=did:plc:vmsy65c6oglqeauxyyyjhexj err=HttpError('InvalidRequest: Could not find repo: did:plc:vmsy65c6oglqeauxyyyjhexj')
2026-03-20T12:27:19Z WARNING bsky_collector_v2.job.index_feed_generators: listRecords failed repo=did:plc:hxj5fs5kz6yvcdj647biepun err=HttpError('InvalidRequest: Could not find repo: did:plc:hxj5fs5kz6yvcdj647biepun')
2026-03-20T12:27:19Z WARNING bsky_collector_v2.job.index_feed_generators: listRecords failed repo=did:plc:vmsy65c6oglqeauxyyyjhexj err=HttpError('InvalidRequest: Could not find repo: did:plc:vmsy65c6oglqeauxyyyjhexj')
2026-03-20T12:27:19Z WARNING bsky_collector_v2.job.index_feed_generators: listRecords failed repo=did:plc:hxj5fs5kz6yvcdj647biepun err=HttpError('InvalidRequest: Could not find repo: did:plc:hxj5fs5kz6yvcdj647biepun')
2026-03-20T12:27:19Z WARNING bsky_collector_v2.job.index_feed_generators: listRecords failed repo=did:plc:vmsy65c6oglqeauxyyyjhexj err=HttpError('InvalidRequest: Could not find repo: did:plc:vmsy65c6oglqeauxyyyjhexj')
2026-03-20T12:27:19Z INFO bsky_collector_v2.job.index_feed_generators: enqueued repos page=6 mode=listRepos inserted=500 repos_returned=500 next_cursor=set
2026-03-20T12:27:50Z WARNING bsky_collector_v2.job.index_feed_generators: listRecords failed repo=did:plc:grgqdugnpgjza7fcp6vvtqmp err=HttpError('InvalidRequest: Could not find repo: did:plc:grgqdugnpgjza7fcp6vvtqmp')
2026-03-20T12:28:43Z WARNING bsky_collector_v2.job.index_feed_generators: listRecords failed repo=did:plc:grgqdugnpgjza7fcp6vvtqmp err=HttpError('InvalidRequest: Could not find repo: did:plc:grgqdugnpgjza7fcp6vvtqmp')
2026-03-20T12:28:43Z WARNING bsky_collector_v2.job.index_feed_generators: listRecords failed repo=did:plc:grgqdugnpgjza7fcp6vvtqmp err=HttpError('InvalidRequest: Could not find repo: did:plc:grgqdugnpgjza7fcp6vvtqmp')
2026-03-20T12:28:44Z INFO bsky_collector_v2.job.index_feed_generators: enqueued repos page=7 mode=listRepos inserted=500 repos_returned=500 next_cursor=set
2026-03-20T12:30:12Z INFO bsky_collector_v2.job.index_feed_generators: enqueued repos page=8 mode=listRepos inserted=500 repos_returned=500 next_cursor=set
2026-03-20T12:31:35Z INFO bsky_collector_v2.job.index_feed_generators: enqueued repos page=9 mode=listRepos inserted=500 repos_returned=500 next_cursor=set
2026-03-20T12:32:15Z WARNING bsky_collector_v2.job.index_feed_generators: listRecords failed repo=did:plc:flt7ict7kptwxcz6tpes6uem err=HttpError('InvalidRequest: Could not find repo: did:plc:flt7ict7kptwxcz6tpes6uem')
2026-03-20T12:33:11Z WARNING bsky_collector_v2.job.index_feed_generators: listRecords failed repo=did:plc:flt7ict7kptwxcz6tpes6uem err=HttpError('InvalidRequest: Could not find repo: did:plc:flt7ict7kptwxcz6tpes6uem')
2026-03-20T12:33:12Z WARNING bsky_collector_v2.job.index_feed_generators: listRecords failed repo=did:plc:flt7ict7kptwxcz6tpes6uem err=HttpError('InvalidRequest: Could not find repo: did:plc:flt7ict7kptwxcz6tpes6uem')
2026-03-20T12:33:12Z INFO bsky_collector_v2.job.index_feed_generators: enqueued repos page=10 mode=listRepos inserted=500 repos_returned=500 next_cursor=set
2026-03-20T12:33:32Z WARNING bsky_collector_v2.job.index_feed_generators: listRecords failed repo=did:plc:bc6qzirpct7vn2wvibn4b2nq err=HttpError('InvalidRequest: Could not find repo: did:plc:bc6qzirpct7vn2wvibn4b2nq')
2026-03-20T12:34:48Z WARNING bsky_collector_v2.job.index_feed_generators: listRecords failed repo=did:plc:bc6qzirpct7vn2wvibn4b2nq err=HttpError('InvalidRequest: Could not find repo: did:plc:bc6qzirpct7vn2wvibn4b2nq')
2026-03-20T12:34:48Z WARNING bsky_collector_v2.job.index_feed_generators: listRecords failed repo=did:plc:bc6qzirpct7vn2wvibn4b2nq err=HttpError('InvalidRequest: Could not find repo: did:plc:bc6qzirpct7vn2wvibn4b2nq')
2026-03-20T12:34:49Z INFO bsky_collector_v2.job.index_feed_generators: enqueued repos page=11 mode=listRepos inserted=500 repos_returned=500 next_cursor=set
2026-03-20T12:34:55Z WARNING bsky_collector_v2.job.index_feed_generators: listRecords failed repo=did:plc:4xubfod7jyg7olakb7pyvpgr err=HttpError('InvalidRequest: Could not find repo: did:plc:4xubfod7jyg7olakb7pyvpgr')
2026-03-20T12:36:13Z INFO bsky_collector_v2.job.index_feed_generators: indexed repo=did:plc:yx7sn7sfh7jvw7d4mcdeygvr part=166 records=2 next_cursor=set
2026-03-20T12:36:14Z WARNING bsky_collector_v2.job.index_feed_generators: listRecords failed repo=did:plc:4xubfod7jyg7olakb7pyvpgr err=HttpError('InvalidRequest: Could not find repo: did:plc:4xubfod7jyg7olakb7pyvpgr')
2026-03-20T12:36:15Z WARNING bsky_collector_v2.job.index_feed_generators: listRecords failed repo=did:plc:4xubfod7jyg7olakb7pyvpgr err=HttpError('InvalidRequest: Could not find repo: did:plc:4xubfod7jyg7olakb7pyvpgr')
2026-03-20T12:36:15Z INFO bsky_collector_v2.job.index_feed_generators: enqueued repos page=12 mode=listRepos inserted=500 repos_returned=500 next_cursor=set
2026-03-20T12:36:52Z INFO bsky_collector_v2.job.index_feed_generators: indexed repo=did:plc:iiervyiit36jqhnrptqiuapq part=167 records=2 next_cursor=set
2026-03-20T12:37:42Z INFO bsky_collector_v2.job.index_feed_generators: enqueued repos page=13 mode=listRepos inserted=500 repos_returned=500 next_cursor=set
2026-03-20T12:39:04Z INFO bsky_collector_v2.job.index_feed_generators: enqueued repos page=14 mode=listRepos inserted=500 repos_returned=500 next_cursor=set
2026-03-20T12:39:40Z WARNING bsky_collector_v2.job.index_feed_generators: listRecords failed repo=did:plc:eioh5xhs3siohfmcvin5dcjb err=HttpError('InvalidRequest: Could not find repo: did:plc:eioh5xhs3siohfmcvin5dcjb')
2026-03-20T12:40:38Z WARNING bsky_collector_v2.job.index_feed_generators: listRecords failed repo=did:plc:eioh5xhs3siohfmcvin5dcjb err=HttpError('InvalidRequest: Could not find repo: did:plc:eioh5xhs3siohfmcvin5dcjb')
2026-03-20T12:40:38Z WARNING bsky_collector_v2.job.index_feed_generators: listRecords failed repo=did:plc:eioh5xhs3siohfmcvin5dcjb err=HttpError('InvalidRequest: Could not find repo: did:plc:eioh5xhs3siohfmcvin5dcjb')
2026-03-20T12:40:39Z INFO bsky_collector_v2.job.index_feed_generators: enqueued repos page=15 mode=listRepos inserted=500 repos_returned=500 next_cursor=set
2026-03-20T12:42:21Z INFO bsky_collector_v2.job.index_feed_generators: enqueued repos page=16 mode=listRepos inserted=500 repos_returned=500 next_cursor=set
2026-03-20T12:43:58Z WARNING bsky_collector_v2.job.index_feed_generators: listRecords failed repo=did:plc:yw3l5wdvqd5kw7lykzvszzrw err=HttpError('InvalidRequest: Could not find repo: did:plc:yw3l5wdvqd5kw7lykzvszzrw')
2026-03-20T12:44:02Z WARNING bsky_collector_v2.job.index_feed_generators: listRecords failed repo=did:plc:yw3l5wdvqd5kw7lykzvszzrw err=HttpError('InvalidRequest: Could not find repo: did:plc:yw3l5wdvqd5kw7lykzvszzrw')
2026-03-20T12:44:02Z WARNING bsky_collector_v2.job.index_feed_generators: listRecords failed repo=did:plc:yw3l5wdvqd5kw7lykzvszzrw err=HttpError('InvalidRequest: Could not find repo: did:plc:yw3l5wdvqd5kw7lykzvszzrw')
2026-03-20T12:44:02Z INFO bsky_collector_v2.job.index_feed_generators: enqueued repos page=17 mode=listRepos inserted=500 repos_returned=500 next_cursor=set
2026-03-20T12:45:38Z INFO bsky_collector_v2.job.index_feed_generators: enqueued repos page=18 mode=listRepos inserted=500 repos_returned=500 next_cursor=set
2026-03-20T12:47:11Z INFO bsky_collector_v2.job.index_feed_generators: enqueued repos page=19 mode=listRepos inserted=500 repos_returned=500 next_cursor=set
2026-03-20T12:48:23Z WARNING bsky_collector_v2.job.index_feed_generators: listRecords failed repo=did:plc:s5yacx7o2xlmgbkimrahsa4i err=HttpError('InvalidRequest: Could not find repo: did:plc:s5yacx7o2xlmgbkimrahsa4i')
2026-03-20T12:48:42Z WARNING bsky_collector_v2.job.index_feed_generators: listRecords failed repo=did:plc:s5yacx7o2xlmgbkimrahsa4i err=HttpError('InvalidRequest: Could not find repo: did:plc:s5yacx7o2xlmgbkimrahsa4i')
2026-03-20T12:48:42Z WARNING bsky_collector_v2.job.index_feed_generators: listRecords failed repo=did:plc:s5yacx7o2xlmgbkimrahsa4i err=HttpError('InvalidRequest: Could not find repo: did:plc:s5yacx7o2xlmgbkimrahsa4i')
2026-03-20T12:48:43Z INFO bsky_collector_v2.job.index_feed_generators: enqueued repos page=20 mode=listRepos inserted=500 repos_returned=500 next_cursor=set
2026-03-20T12:49:10Z INFO bsky_collector_v2.job.index_feed_generators: indexed repo=did:plc:dcu5unmhqw4soovethhylwl7 part=168 records=2 next_cursor=set
2026-03-20T12:49:21Z WARNING bsky_collector_v2.job.index_feed_generators: listRecords failed repo=did:plc:ig4tsygtj7mjqhqcd7ekeiiz err=HttpError('InvalidRequest: Could not find repo: did:plc:ig4tsygtj7mjqhqcd7ekeiiz')
2026-03-20T12:50:15Z WARNING bsky_collector_v2.job.index_feed_generators: listRecords failed repo=did:plc:ig4tsygtj7mjqhqcd7ekeiiz err=HttpError('InvalidRequest: Could not find repo: did:plc:ig4tsygtj7mjqhqcd7ekeiiz')
2026-03-20T12:50:15Z WARNING bsky_collector_v2.job.index_feed_generators: listRecords failed repo=did:plc:ig4tsygtj7mjqhqcd7ekeiiz err=HttpError('InvalidRequest: Could not find repo: did:plc:ig4tsygtj7mjqhqcd7ekeiiz')
2026-03-20T12:50:16Z INFO bsky_collector_v2.job.index_feed_generators: enqueued repos page=21 mode=listRepos inserted=500 repos_returned=500 next_cursor=set
2026-03-20T12:51:25Z WARNING bsky_collector_v2.job.index_feed_generators: listRecords failed repo=did:plc:wlksra4bn2b4c56y4oixywau err=HttpError('InvalidRequest: Could not find repo: did:plc:wlksra4bn2b4c56y4oixywau')
2026-03-20T12:51:35Z WARNING bsky_collector_v2.job.index_feed_generators: listRecords failed repo=did:plc:wlksra4bn2b4c56y4oixywau err=HttpError('InvalidRequest: Could not find repo: did:plc:wlksra4bn2b4c56y4oixywau')
2026-03-20T12:51:35Z WARNING bsky_collector_v2.job.index_feed_generators: listRecords failed repo=did:plc:wlksra4bn2b4c56y4oixywau err=HttpError('InvalidRequest: Could not find repo: did:plc:wlksra4bn2b4c56y4oixywau')
2026-03-20T12:51:35Z INFO bsky_collector_v2.job.index_feed_generators: enqueued repos page=22 mode=listRepos inserted=500 repos_returned=500 next_cursor=set
2026-03-20T12:52:57Z INFO bsky_collector_v2.job.index_feed_generators: enqueued repos page=23 mode=listRepos inserted=500 repos_returned=500 next_cursor=set
2026-03-20T12:54:31Z INFO bsky_collector_v2.job.index_feed_generators: enqueued repos page=24 mode=listRepos inserted=500 repos_returned=500 next_cursor=set
2026-03-20T12:55:02Z WARNING bsky_collector_v2.job.index_feed_generators: listRecords failed repo=did:plc:g4y5eqot3mpcbltodzv7ikbb err=HttpError('InvalidRequest: Could not find repo: did:plc:g4y5eqot3mpcbltodzv7ikbb')
2026-03-20T12:55:37Z INFO bsky_collector_v2.job.index_feed_generators: indexed repo=did:plc:t3sptvyvmqujee3lh5ibirmp part=169 records=1 next_cursor=set
2026-03-20T12:55:55Z WARNING bsky_collector_v2.job.index_feed_generators: listRecords failed repo=did:plc:g4y5eqot3mpcbltodzv7ikbb err=HttpError('InvalidRequest: Could not find repo: did:plc:g4y5eqot3mpcbltodzv7ikbb')
2026-03-20T12:55:55Z WARNING bsky_collector_v2.job.index_feed_generators: listRecords failed repo=did:plc:g4y5eqot3mpcbltodzv7ikbb err=HttpError('InvalidRequest: Could not find repo: did:plc:g4y5eqot3mpcbltodzv7ikbb')
2026-03-20T12:55:55Z INFO bsky_collector_v2.job.index_feed_generators: enqueued repos page=25 mode=listRepos inserted=500 repos_returned=500 next_cursor=set
2026-03-20T12:56:09Z WARNING bsky_collector_v2.job.index_feed_generators: listRecords failed repo=did:plc:6fbwmwp7vpc5x2qhn5pxbowz err=HttpError('InvalidRequest: Could not find repo: did:plc:6fbwmwp7vpc5x2qhn5pxbowz')
2026-03-20T12:56:32Z INFO bsky_collector_v2.job.index_feed_generators: indexed repo=did:plc:f7zilhtge6pqztt2rnlpl7gk part=170 records=1 next_cursor=set
2026-03-20T12:56:53Z WARNING bsky_collector_v2.job.index_feed_generators: listRecords failed repo=did:plc:kaq2grw4xuaskzbiqrxubbiz err=HttpError('InvalidRequest: Could not find repo: did:plc:kaq2grw4xuaskzbiqrxubbiz')
2026-03-20T12:57:57Z WARNING bsky_collector_v2.job.index_feed_generators: listRecords failed repo=did:plc:6fbwmwp7vpc5x2qhn5pxbowz err=HttpError('InvalidRequest: Could not find repo: did:plc:6fbwmwp7vpc5x2qhn5pxbowz')
2026-03-20T12:57:57Z WARNING bsky_collector_v2.job.index_feed_generators: listRecords failed repo=did:plc:kaq2grw4xuaskzbiqrxubbiz err=HttpError('InvalidRequest: Could not find repo: did:plc:kaq2grw4xuaskzbiqrxubbiz')
2026-03-20T12:57:57Z WARNING bsky_collector_v2.job.index_feed_generators: listRecords failed repo=did:plc:6fbwmwp7vpc5x2qhn5pxbowz err=HttpError('InvalidRequest: Could not find repo: did:plc:6fbwmwp7vpc5x2qhn5pxbowz')
2026-03-20T12:57:57Z WARNING bsky_collector_v2.job.index_feed_generators: listRecords failed repo=did:plc:kaq2grw4xuaskzbiqrxubbiz err=HttpError('InvalidRequest: Could not find repo: did:plc:kaq2grw4xuaskzbiqrxubbiz')
2026-03-20T12:57:58Z INFO bsky_collector_v2.job.index_feed_generators: enqueued repos page=26 mode=listRepos inserted=500 repos_returned=500 next_cursor=set
2026-03-20T12:59:27Z INFO bsky_collector_v2.job.index_feed_generators: enqueued repos page=27 mode=listRepos inserted=500 repos_returned=500 next_cursor=set
2026-03-20T13:00:59Z INFO bsky_collector_v2.job.index_feed_generators: enqueued repos page=28 mode=listRepos inserted=500 repos_returned=500 next_cursor=set
2026-03-20T13:01:43Z WARNING bsky_collector_v2.job.index_feed_generators: listRecords failed repo=did:plc:m67zrfg33r5t662rcyhukzve err=HttpError('InvalidRequest: Could not find repo: did:plc:m67zrfg33r5t662rcyhukzve')
2026-03-20T13:02:21Z WARNING bsky_collector_v2.job.index_feed_generators: listRecords failed repo=did:plc:m67zrfg33r5t662rcyhukzve err=HttpError('InvalidRequest: Could not find repo: did:plc:m67zrfg33r5t662rcyhukzve')
2026-03-20T13:02:21Z WARNING bsky_collector_v2.job.index_feed_generators: listRecords failed repo=did:plc:m67zrfg33r5t662rcyhukzve err=HttpError('InvalidRequest: Could not find repo: did:plc:m67zrfg33r5t662rcyhukzve')
2026-03-20T13:02:22Z INFO bsky_collector_v2.job.index_feed_generators: enqueued repos page=29 mode=listRepos inserted=500 repos_returned=500 next_cursor=set
2026-03-20T13:03:34Z WARNING bsky_collector_v2.job.index_feed_generators: listRecords failed repo=did:plc:u24pzlfka7hmhp6uejqxp2jo err=HttpError('InvalidRequest: Could not find repo: did:plc:u24pzlfka7hmhp6uejqxp2jo')
2026-03-20T13:03:48Z WARNING bsky_collector_v2.job.index_feed_generators: listRecords failed repo=did:plc:u24pzlfka7hmhp6uejqxp2jo err=HttpError('InvalidRequest: Could not find repo: did:plc:u24pzlfka7hmhp6uejqxp2jo')
2026-03-20T13:03:48Z WARNING bsky_collector_v2.job.index_feed_generators: listRecords failed repo=did:plc:u24pzlfka7hmhp6uejqxp2jo err=HttpError('InvalidRequest: Could not find repo: did:plc:u24pzlfka7hmhp6uejqxp2jo')
2026-03-20T13:03:49Z INFO bsky_collector_v2.job.index_feed_generators: enqueued repos page=30 mode=listRepos inserted=500 repos_returned=500 next_cursor=set
2026-03-20T13:05:24Z INFO bsky_collector_v2.job.index_feed_generators: enqueued repos page=31 mode=listRepos inserted=500 repos_returned=500 next_cursor=set
2026-03-20T13:05:26Z WARNING bsky_collector_v2.job.index_feed_generators: listRecords failed repo=did:plc:2nrtnm6vzgppgau4a23skd5h err=HttpError('InvalidRequest: Could not find repo: did:plc:2nrtnm6vzgppgau4a23skd5h')
2026-03-20T13:05:30Z WARNING bsky_collector_v2.job.index_feed_generators: listRecords failed repo=did:plc:4u2ij6khz7pnn7gch5xqxpij err=HttpError('InvalidRequest: Could not find repo: did:plc:4u2ij6khz7pnn7gch5xqxpij')
2026-03-20T13:05:32Z WARNING bsky_collector_v2.job.index_feed_generators: listRecords failed repo=did:plc:62sha7ud3gwucnrw7naj75sf err=HttpError('InvalidRequest: Could not find repo: did:plc:62sha7ud3gwucnrw7naj75sf')
2026-03-20T13:05:34Z WARNING bsky_collector_v2.job.index_feed_generators: listRecords failed repo=did:plc:6l5qbh2zf3344wytu3hsw56q err=HttpError('InvalidRequest: Could not find repo: did:plc:6l5qbh2zf3344wytu3hsw56q')
2026-03-20T13:05:37Z WARNING bsky_collector_v2.job.index_feed_generators: listRecords failed repo=did:plc:a6mmgqu6lngxh7fqiafndxhi err=HttpError('InvalidRequest: Could not find repo: did:plc:a6mmgqu6lngxh7fqiafndxhi')
2026-03-20T13:05:51Z WARNING bsky_collector_v2.job.index_feed_generators: listRecords failed repo=did:plc:gejtw72b4v32t23op2um5udy err=HttpError('InvalidRequest: Could not find repo: did:plc:gejtw72b4v32t23op2um5udy')
2026-03-20T13:05:52Z WARNING bsky_collector_v2.job.index_feed_generators: listRecords failed repo=did:plc:gtnkesiceqbfrrc5vg2a47t2 err=HttpError('InvalidRequest: Could not find repo: did:plc:gtnkesiceqbfrrc5vg2a47t2')
2026-03-20T13:05:58Z WARNING bsky_collector_v2.job.index_feed_generators: listRecords failed repo=did:plc:jfhfnsj4yzktfjkzxmvlkqwx err=HttpError('InvalidRequest: Could not find repo: did:plc:jfhfnsj4yzktfjkzxmvlkqwx')
2026-03-20T13:06:08Z WARNING bsky_collector_v2.job.index_feed_generators: listRecords failed repo=did:plc:n2jmhvwucrd5k7fv7lw5mocr err=HttpError('InvalidRequest: Could not find repo: did:plc:n2jmhvwucrd5k7fv7lw5mocr')
2026-03-20T13:06:11Z WARNING bsky_collector_v2.job.index_feed_generators: listRecords failed repo=did:plc:nypgfhgyh3lihu4jsmrvcmsd err=HttpError('InvalidRequest: Could not find repo: did:plc:nypgfhgyh3lihu4jsmrvcmsd')
2026-03-20T13:06:27Z WARNING bsky_collector_v2.job.index_feed_generators: listRecords failed repo=did:plc:u4b2qmtm5zvphqjx7v2nwcfj err=HttpError('InvalidRequest: Could not find repo: did:plc:u4b2qmtm5zvphqjx7v2nwcfj')
2026-03-20T13:06:38Z WARNING bsky_collector_v2.job.index_feed_generators: listRecords failed repo=did:plc:xpp6hxou7rx5qcr7n4yhntop err=HttpError('InvalidRequest: Could not find repo: did:plc:xpp6hxou7rx5qcr7n4yhntop')
2026-03-20T13:06:43Z WARNING bsky_collector_v2.job.index_feed_generators: listRecords failed repo=did:plc:2nrtnm6vzgppgau4a23skd5h err=HttpError('InvalidRequest: Could not find repo: did:plc:2nrtnm6vzgppgau4a23skd5h')
2026-03-20T13:06:43Z WARNING bsky_collector_v2.job.index_feed_generators: listRecords failed repo=did:plc:4u2ij6khz7pnn7gch5xqxpij err=HttpError('InvalidRequest: Could not find repo: did:plc:4u2ij6khz7pnn7gch5xqxpij')
2026-03-20T13:06:43Z WARNING bsky_collector_v2.job.index_feed_generators: listRecords failed repo=did:plc:62sha7ud3gwucnrw7naj75sf err=HttpError('InvalidRequest: Could not find repo: did:plc:62sha7ud3gwucnrw7naj75sf')
2026-03-20T13:06:43Z WARNING bsky_collector_v2.job.index_feed_generators: listRecords failed repo=did:plc:6l5qbh2zf3344wytu3hsw56q err=HttpError('InvalidRequest: Could not find repo: did:plc:6l5qbh2zf3344wytu3hsw56q')
2026-03-20T13:06:43Z WARNING bsky_collector_v2.job.index_feed_generators: listRecords failed repo=did:plc:a6mmgqu6lngxh7fqiafndxhi err=HttpError('InvalidRequest: Could not find repo: did:plc:a6mmgqu6lngxh7fqiafndxhi')
2026-03-20T13:06:43Z WARNING bsky_collector_v2.job.index_feed_generators: listRecords failed repo=did:plc:gejtw72b4v32t23op2um5udy err=HttpError('InvalidRequest: Could not find repo: did:plc:gejtw72b4v32t23op2um5udy')
2026-03-20T13:06:43Z WARNING bsky_collector_v2.job.index_feed_generators: listRecords failed repo=did:plc:gtnkesiceqbfrrc5vg2a47t2 err=HttpError('InvalidRequest: Could not find repo: did:plc:gtnkesiceqbfrrc5vg2a47t2')
2026-03-20T13:06:43Z WARNING bsky_collector_v2.job.index_feed_generators: listRecords failed repo=did:plc:jfhfnsj4yzktfjkzxmvlkqwx err=HttpError('InvalidRequest: Could not find repo: did:plc:jfhfnsj4yzktfjkzxmvlkqwx')
2026-03-20T13:06:43Z WARNING bsky_collector_v2.job.index_feed_generators: listRecords failed repo=did:plc:n2jmhvwucrd5k7fv7lw5mocr err=HttpError('InvalidRequest: Could not find repo: did:plc:n2jmhvwucrd5k7fv7lw5mocr')
2026-03-20T13:06:44Z WARNING bsky_collector_v2.job.index_feed_generators: listRecords failed repo=did:plc:nypgfhgyh3lihu4jsmrvcmsd err=HttpError('InvalidRequest: Could not find repo: did:plc:nypgfhgyh3lihu4jsmrvcmsd')
2026-03-20T13:06:44Z WARNING bsky_collector_v2.job.index_feed_generators: listRecords failed repo=did:plc:u4b2qmtm5zvphqjx7v2nwcfj err=HttpError('InvalidRequest: Could not find repo: did:plc:u4b2qmtm5zvphqjx7v2nwcfj')
2026-03-20T13:06:44Z WARNING bsky_collector_v2.job.index_feed_generators: listRecords failed repo=did:plc:xpp6hxou7rx5qcr7n4yhntop err=HttpError('InvalidRequest: Could not find repo: did:plc:xpp6hxou7rx5qcr7n4yhntop')
2026-03-20T13:06:44Z WARNING bsky_collector_v2.job.index_feed_generators: listRecords failed repo=did:plc:2nrtnm6vzgppgau4a23skd5h err=HttpError('InvalidRequest: Could not find repo: did:plc:2nrtnm6vzgppgau4a23skd5h')
2026-03-20T13:06:44Z WARNING bsky_collector_v2.job.index_feed_generators: listRecords failed repo=did:plc:4u2ij6khz7pnn7gch5xqxpij err=HttpError('InvalidRequest: Could not find repo: did:plc:4u2ij6khz7pnn7gch5xqxpij')
2026-03-20T13:06:44Z WARNING bsky_collector_v2.job.index_feed_generators: listRecords failed repo=did:plc:62sha7ud3gwucnrw7naj75sf err=HttpError('InvalidRequest: Could not find repo: did:plc:62sha7ud3gwucnrw7naj75sf')
2026-03-20T13:06:44Z WARNING bsky_collector_v2.job.index_feed_generators: listRecords failed repo=did:plc:6l5qbh2zf3344wytu3hsw56q err=HttpError('InvalidRequest: Could not find repo: did:plc:6l5qbh2zf3344wytu3hsw56q')
2026-03-20T13:06:44Z WARNING bsky_collector_v2.job.index_feed_generators: listRecords failed repo=did:plc:a6mmgqu6lngxh7fqiafndxhi err=HttpError('InvalidRequest: Could not find repo: did:plc:a6mmgqu6lngxh7fqiafndxhi')
2026-03-20T13:06:44Z WARNING bsky_collector_v2.job.index_feed_generators: listRecords failed repo=did:plc:gejtw72b4v32t23op2um5udy err=HttpError('InvalidRequest: Could not find repo: did:plc:gejtw72b4v32t23op2um5udy')
2026-03-20T13:06:44Z WARNING bsky_collector_v2.job.index_feed_generators: listRecords failed repo=did:plc:gtnkesiceqbfrrc5vg2a47t2 err=HttpError('InvalidRequest: Could not find repo: did:plc:gtnkesiceqbfrrc5vg2a47t2')
2026-03-20T13:06:44Z WARNING bsky_collector_v2.job.index_feed_generators: listRecords failed repo=did:plc:jfhfnsj4yzktfjkzxmvlkqwx err=HttpError('InvalidRequest: Could not find repo: did:plc:jfhfnsj4yzktfjkzxmvlkqwx')
2026-03-20T13:06:44Z WARNING bsky_collector_v2.job.index_feed_generators: listRecords failed repo=did:plc:n2jmhvwucrd5k7fv7lw5mocr err=HttpError('InvalidRequest: Could not find repo: did:plc:n2jmhvwucrd5k7fv7lw5mocr')
2026-03-20T13:06:44Z WARNING bsky_collector_v2.job.index_feed_generators: listRecords failed repo=did:plc:nypgfhgyh3lihu4jsmrvcmsd err=HttpError('InvalidRequest: Could not find repo: did:plc:nypgfhgyh3lihu4jsmrvcmsd')
2026-03-20T13:06:44Z WARNING bsky_collector_v2.job.index_feed_generators: listRecords failed repo=did:plc:u4b2qmtm5zvphqjx7v2nwcfj err=HttpError('InvalidRequest: Could not find repo: did:plc:u4b2qmtm5zvphqjx7v2nwcfj')
2026-03-20T13:06:44Z WARNING bsky_collector_v2.job.index_feed_generators: listRecords failed repo=did:plc:xpp6hxou7rx5qcr7n4yhntop err=HttpError('InvalidRequest: Could not find repo: did:plc:xpp6hxou7rx5qcr7n4yhntop')
2026-03-20T13:06:45Z INFO bsky_collector_v2.job.index_feed_generators: enqueued repos page=32 mode=listRepos inserted=500 repos_returned=500 next_cursor=set
2026-03-20T13:06:46Z WARNING bsky_collector_v2.job.index_feed_generators: listRecords failed repo=did:plc:2yc3q4ljx22xmo4id4wogrcn err=HttpError('InvalidRequest: Could not find repo: did:plc:2yc3q4ljx22xmo4id4wogrcn')
2026-03-20T13:06:50Z WARNING bsky_collector_v2.job.index_feed_generators: listRecords failed repo=did:plc:4iscr4j7ixozaqgpscv4f2we err=HttpError('InvalidRequest: Could not find repo: did:plc:4iscr4j7ixozaqgpscv4f2we')
2026-03-20T13:06:56Z WARNING bsky_collector_v2.job.index_feed_generators: listRecords failed repo=did:plc:6sw62p3hivk3mzyrl5v3cxtm err=HttpError('InvalidRequest: Could not find repo: did:plc:6sw62p3hivk3mzyrl5v3cxtm')
2026-03-20T13:06:57Z WARNING bsky_collector_v2.job.index_feed_generators: listRecords failed repo=did:plc:76co6h72izxzo6thifltqpp5 err=HttpError('InvalidRequest: Could not find repo: did:plc:76co6h72izxzo6thifltqpp5')
2026-03-20T13:07:07Z WARNING bsky_collector_v2.job.index_feed_generators: listRecords failed repo=did:plc:dryffhtrntukoasnoe4kddto err=HttpError('InvalidRequest: Could not find repo: did:plc:dryffhtrntukoasnoe4kddto')
2026-03-20T13:07:12Z WARNING bsky_collector_v2.job.index_feed_generators: listRecords failed repo=did:plc:fpfeee6sbsaijztnuzyyt33c err=HttpError('InvalidRequest: Could not find repo: did:plc:fpfeee6sbsaijztnuzyyt33c')
2026-03-20T13:07:16Z WARNING bsky_collector_v2.job.index_feed_generators: listRecords failed repo=did:plc:hebt6lxe7zlodkou24qpbux2 err=HttpError('InvalidRequest: Could not find repo: did:plc:hebt6lxe7zlodkou24qpbux2')
2026-03-20T13:07:23Z WARNING bsky_collector_v2.job.index_feed_generators: listRecords failed repo=did:plc:jc4ocxj2ccpryh2w6vbniet3 err=HttpError('InvalidRequest: Could not find repo: did:plc:jc4ocxj2ccpryh2w6vbniet3')
2026-03-20T13:07:25Z WARNING bsky_collector_v2.job.index_feed_generators: listRecords failed repo=did:plc:junio7nwkyzwoers6qfsc4vc err=HttpError('InvalidRequest: Could not find repo: did:plc:junio7nwkyzwoers6qfsc4vc')
2026-03-20T13:07:25Z WARNING bsky_collector_v2.job.index_feed_generators: listRecords failed repo=did:plc:jzxkebkot4a3o3gfdme3jr4y err=HttpError('InvalidRequest: Could not find repo: did:plc:jzxkebkot4a3o3gfdme3jr4y')
2026-03-20T13:07:25Z WARNING bsky_collector_v2.job.index_feed_generators: listRecords failed repo=did:plc:k3a7ftrj2o74kykz3ezodv7i err=HttpError('InvalidRequest: Could not find repo: did:plc:k3a7ftrj2o74kykz3ezodv7i')
2026-03-20T13:07:27Z WARNING bsky_collector_v2.job.index_feed_generators: listRecords failed repo=did:plc:kumvnbruulh6l6pyu6c2egla err=HttpError('InvalidRequest: Could not find repo: did:plc:kumvnbruulh6l6pyu6c2egla')
2026-03-20T13:07:43Z WARNING bsky_collector_v2.job.index_feed_generators: listRecords failed repo=did:plc:oj2x6wdfx6zbjstwrv7yw7g4 err=HttpError('InvalidRequest: Could not find repo: did:plc:oj2x6wdfx6zbjstwrv7yw7g4')
2026-03-20T13:07:43Z WARNING bsky_collector_v2.job.index_feed_generators: listRecords failed repo=did:plc:okd5lfij4w5kg3ca77vlodjx err=HttpError('InvalidRequest: Could not find repo: did:plc:okd5lfij4w5kg3ca77vlodjx')
2026-03-20T13:07:54Z WARNING bsky_collector_v2.job.index_feed_generators: listRecords failed repo=did:plc:s5crz3cqicqfgdfhqrim7jjj err=HttpError('InvalidRequest: Could not find repo: did:plc:s5crz3cqicqfgdfhqrim7jjj')
2026-03-20T13:07:56Z WARNING bsky_collector_v2.job.index_feed_generators: listRecords failed repo=did:plc:smzpr3m5ptyccbrfvzryuado err=HttpError('InvalidRequest: Could not find repo: did:plc:smzpr3m5ptyccbrfvzryuado')
2026-03-20T13:07:59Z WARNING bsky_collector_v2.job.index_feed_generators: listRecords failed repo=did:plc:typkvrpqaa6wrlvb3hf34xig err=HttpError('InvalidRequest: Could not find repo: did:plc:typkvrpqaa6wrlvb3hf34xig')
2026-03-20T13:08:00Z WARNING bsky_collector_v2.job.index_feed_generators: listRecords failed repo=did:plc:uai773y4az67cocou2m5mrco err=HttpError('InvalidRequest: Could not find repo: did:plc:uai773y4az67cocou2m5mrco')
2026-03-20T13:08:06Z WARNING bsky_collector_v2.job.index_feed_generators: listRecords failed repo=did:plc:witudwvvzcyba7l6wr53rf43 err=HttpError('InvalidRequest: Could not find repo: did:plc:witudwvvzcyba7l6wr53rf43')
2026-03-20T13:08:17Z WARNING bsky_collector_v2.job.index_feed_generators: listRecords failed repo=did:plc:2yc3q4ljx22xmo4id4wogrcn err=HttpError('InvalidRequest: Could not find repo: did:plc:2yc3q4ljx22xmo4id4wogrcn')
2026-03-20T13:08:17Z WARNING bsky_collector_v2.job.index_feed_generators: listRecords failed repo=did:plc:4iscr4j7ixozaqgpscv4f2we err=HttpError('InvalidRequest: Could not find repo: did:plc:4iscr4j7ixozaqgpscv4f2we')
2026-03-20T13:08:17Z WARNING bsky_collector_v2.job.index_feed_generators: listRecords failed repo=did:plc:6sw62p3hivk3mzyrl5v3cxtm err=HttpError('InvalidRequest: Could not find repo: did:plc:6sw62p3hivk3mzyrl5v3cxtm')
2026-03-20T13:08:17Z WARNING bsky_collector_v2.job.index_feed_generators: listRecords failed repo=did:plc:76co6h72izxzo6thifltqpp5 err=HttpError('InvalidRequest: Could not find repo: did:plc:76co6h72izxzo6thifltqpp5')
2026-03-20T13:08:17Z WARNING bsky_collector_v2.job.index_feed_generators: listRecords failed repo=did:plc:dryffhtrntukoasnoe4kddto err=HttpError('InvalidRequest: Could not find repo: did:plc:dryffhtrntukoasnoe4kddto')
2026-03-20T13:08:17Z WARNING bsky_collector_v2.job.index_feed_generators: listRecords failed repo=did:plc:fpfeee6sbsaijztnuzyyt33c err=HttpError('InvalidRequest: Could not find repo: did:plc:fpfeee6sbsaijztnuzyyt33c')
2026-03-20T13:08:17Z WARNING bsky_collector_v2.job.index_feed_generators: listRecords failed repo=did:plc:hebt6lxe7zlodkou24qpbux2 err=HttpError('InvalidRequest: Could not find repo: did:plc:hebt6lxe7zlodkou24qpbux2')
2026-03-20T13:08:17Z WARNING bsky_collector_v2.job.index_feed_generators: listRecords failed repo=did:plc:jc4ocxj2ccpryh2w6vbniet3 err=HttpError('InvalidRequest: Could not find repo: did:plc:jc4ocxj2ccpryh2w6vbniet3')
2026-03-20T13:08:17Z WARNING bsky_collector_v2.job.index_feed_generators: listRecords failed repo=did:plc:junio7nwkyzwoers6qfsc4vc err=HttpError('InvalidRequest: Could not find repo: did:plc:junio7nwkyzwoers6qfsc4vc')
2026-03-20T13:08:17Z WARNING bsky_collector_v2.job.index_feed_generators: listRecords failed repo=did:plc:jzxkebkot4a3o3gfdme3jr4y err=HttpError('InvalidRequest: Could not find repo: did:plc:jzxkebkot4a3o3gfdme3jr4y')
2026-03-20T13:08:17Z WARNING bsky_collector_v2.job.index_feed_generators: listRecords failed repo=did:plc:k3a7ftrj2o74kykz3ezodv7i err=HttpError('InvalidRequest: Could not find repo: did:plc:k3a7ftrj2o74kykz3ezodv7i')
2026-03-20T13:08:17Z WARNING bsky_collector_v2.job.index_feed_generators: listRecords failed repo=did:plc:kumvnbruulh6l6pyu6c2egla err=HttpError('InvalidRequest: Could not find repo: did:plc:kumvnbruulh6l6pyu6c2egla')
2026-03-20T13:08:17Z WARNING bsky_collector_v2.job.index_feed_generators: listRecords failed repo=did:plc:oj2x6wdfx6zbjstwrv7yw7g4 err=HttpError('InvalidRequest: Could not find repo: did:plc:oj2x6wdfx6zbjstwrv7yw7g4')
2026-03-20T13:08:17Z WARNING bsky_collector_v2.job.index_feed_generators: listRecords failed repo=did:plc:okd5lfij4w5kg3ca77vlodjx err=HttpError('InvalidRequest: Could not find repo: did:plc:okd5lfij4w5kg3ca77vlodjx')
2026-03-20T13:08:17Z WARNING bsky_collector_v2.job.index_feed_generators: listRecords failed repo=did:plc:s5crz3cqicqfgdfhqrim7jjj err=HttpError('InvalidRequest: Could not find repo: did:plc:s5crz3cqicqfgdfhqrim7jjj')
2026-03-20T13:08:17Z WARNING bsky_collector_v2.job.index_feed_generators: listRecords failed repo=did:plc:smzpr3m5ptyccbrfvzryuado err=HttpError('InvalidRequest: Could not find repo: did:plc:smzpr3m5ptyccbrfvzryuado')
2026-03-20T13:08:17Z WARNING bsky_collector_v2.job.index_feed_generators: listRecords failed repo=did:plc:typkvrpqaa6wrlvb3hf34xig err=HttpError('InvalidRequest: Could not find repo: did:plc:typkvrpqaa6wrlvb3hf34xig')
2026-03-20T13:08:17Z WARNING bsky_collector_v2.job.index_feed_generators: listRecords failed repo=did:plc:uai773y4az67cocou2m5mrco err=HttpError('InvalidRequest: Could not find repo: did:plc:uai773y4az67cocou2m5mrco')
2026-03-20T13:08:18Z WARNING bsky_collector_v2.job.index_feed_generators: listRecords failed repo=did:plc:witudwvvzcyba7l6wr53rf43 err=HttpError('InvalidRequest: Could not find repo: did:plc:witudwvvzcyba7l6wr53rf43')
2026-03-20T13:08:18Z WARNING bsky_collector_v2.job.index_feed_generators: listRecords failed repo=did:plc:2yc3q4ljx22xmo4id4wogrcn err=HttpError('InvalidRequest: Could not find repo: did:plc:2yc3q4ljx22xmo4id4wogrcn')
2026-03-20T13:08:18Z WARNING bsky_collector_v2.job.index_feed_generators: listRecords failed repo=did:plc:4iscr4j7ixozaqgpscv4f2we err=HttpError('InvalidRequest: Could not find repo: did:plc:4iscr4j7ixozaqgpscv4f2we')
2026-03-20T13:08:18Z WARNING bsky_collector_v2.job.index_feed_generators: listRecords failed repo=did:plc:6sw62p3hivk3mzyrl5v3cxtm err=HttpError('InvalidRequest: Could not find repo: did:plc:6sw62p3hivk3mzyrl5v3cxtm')
2026-03-20T13:08:18Z WARNING bsky_collector_v2.job.index_feed_generators: listRecords failed repo=did:plc:76co6h72izxzo6thifltqpp5 err=HttpError('InvalidRequest: Could not find repo: did:plc:76co6h72izxzo6thifltqpp5')
2026-03-20T13:08:18Z WARNING bsky_collector_v2.job.index_feed_generators: listRecords failed repo=did:plc:dryffhtrntukoasnoe4kddto err=HttpError('InvalidRequest: Could not find repo: did:plc:dryffhtrntukoasnoe4kddto')
2026-03-20T13:08:18Z WARNING bsky_collector_v2.job.index_feed_generators: listRecords failed repo=did:plc:fpfeee6sbsaijztnuzyyt33c err=HttpError('InvalidRequest: Could not find repo: did:plc:fpfeee6sbsaijztnuzyyt33c')
2026-03-20T13:08:18Z WARNING bsky_collector_v2.job.index_feed_generators: listRecords failed repo=did:plc:hebt6lxe7zlodkou24qpbux2 err=HttpError('InvalidRequest: Could not find repo: did:plc:hebt6lxe7zlodkou24qpbux2')
2026-03-20T13:08:18Z WARNING bsky_collector_v2.job.index_feed_generators: listRecords failed repo=did:plc:jc4ocxj2ccpryh2w6vbniet3 err=HttpError('InvalidRequest: Could not find repo: did:plc:jc4ocxj2ccpryh2w6vbniet3')
2026-03-20T13:08:18Z WARNING bsky_collector_v2.job.index_feed_generators: listRecords failed repo=did:plc:junio7nwkyzwoers6qfsc4vc err=HttpError('InvalidRequest: Could not find repo: did:plc:junio7nwkyzwoers6qfsc4vc')
2026-03-20T13:08:18Z WARNING bsky_collector_v2.job.index_feed_generators: listRecords failed repo=did:plc:jzxkebkot4a3o3gfdme3jr4y err=HttpError('InvalidRequest: Could not find repo: did:plc:jzxkebkot4a3o3gfdme3jr4y')
2026-03-20T13:08:18Z WARNING bsky_collector_v2.job.index_feed_generators: listRecords failed repo=did:plc:k3a7ftrj2o74kykz3ezodv7i err=HttpError('InvalidRequest: Could not find repo: did:plc:k3a7ftrj2o74kykz3ezodv7i')
2026-03-20T13:08:18Z WARNING bsky_collector_v2.job.index_feed_generators: listRecords failed repo=did:plc:kumvnbruulh6l6pyu6c2egla err=HttpError('InvalidRequest: Could not find repo: did:plc:kumvnbruulh6l6pyu6c2egla')
2026-03-20T13:08:18Z WARNING bsky_collector_v2.job.index_feed_generators: listRecords failed repo=did:plc:oj2x6wdfx6zbjstwrv7yw7g4 err=HttpError('InvalidRequest: Could not find repo: did:plc:oj2x6wdfx6zbjstwrv7yw7g4')
2026-03-20T13:08:18Z WARNING bsky_collector_v2.job.index_feed_generators: listRecords failed repo=did:plc:okd5lfij4w5kg3ca77vlodjx err=HttpError('InvalidRequest: Could not find repo: did:plc:okd5lfij4w5kg3ca77vlodjx')
2026-03-20T13:08:18Z WARNING bsky_collector_v2.job.index_feed_generators: listRecords failed repo=did:plc:s5crz3cqicqfgdfhqrim7jjj err=HttpError('InvalidRequest: Could not find repo: did:plc:s5crz3cqicqfgdfhqrim7jjj')
2026-03-20T13:08:18Z WARNING bsky_collector_v2.job.index_feed_generators: listRecords failed repo=did:plc:smzpr3m5ptyccbrfvzryuado err=HttpError('InvalidRequest: Could not find repo: did:plc:smzpr3m5ptyccbrfvzryuado')
2026-03-20T13:08:18Z WARNING bsky_collector_v2.job.index_feed_generators: listRecords failed repo=did:plc:typkvrpqaa6wrlvb3hf34xig err=HttpError('InvalidRequest: Could not find repo: did:plc:typkvrpqaa6wrlvb3hf34xig')
2026-03-20T13:08:18Z WARNING bsky_collector_v2.job.index_feed_generators: listRecords failed repo=did:plc:uai773y4az67cocou2m5mrco err=HttpError('InvalidRequest: Could not find repo: did:plc:uai773y4az67cocou2m5mrco')
2026-03-20T13:08:18Z WARNING bsky_collector_v2.job.index_feed_generators: listRecords failed repo=did:plc:witudwvvzcyba7l6wr53rf43 err=HttpError('InvalidRequest: Could not find repo: did:plc:witudwvvzcyba7l6wr53rf43')
2026-03-20T13:08:19Z INFO bsky_collector_v2.job.index_feed_generators: enqueued repos page=33 mode=listRepos inserted=500 repos_returned=500 next_cursor=set
2026-03-20T13:08:24Z WARNING bsky_collector_v2.job.index_feed_generators: listRecords failed repo=did:plc:3utlap3ew3ltzlqziy4eadgs err=HttpError('InvalidRequest: Could not find repo: did:plc:3utlap3ew3ltzlqziy4eadgs')
2026-03-20T13:08:33Z WARNING bsky_collector_v2.job.index_feed_generators: listRecords failed repo=did:plc:7bwoapzncunvvh3lvjnzdoyv err=HttpError('InvalidRequest: Could not find repo: did:plc:7bwoapzncunvvh3lvjnzdoyv')
2026-03-20T13:08:46Z WARNING bsky_collector_v2.job.index_feed_generators: listRecords failed repo=did:plc:de5ouohtkveh72qcuyr7b6iz err=HttpError('InvalidRequest: Could not find repo: did:plc:de5ouohtkveh72qcuyr7b6iz')
2026-03-20T13:09:54Z WARNING bsky_collector_v2.job.index_feed_generators: listRecords failed repo=did:plc:3utlap3ew3ltzlqziy4eadgs err=HttpError('InvalidRequest: Could not find repo: did:plc:3utlap3ew3ltzlqziy4eadgs')
2026-03-20T13:09:54Z WARNING bsky_collector_v2.job.index_feed_generators: listRecords failed repo=did:plc:7bwoapzncunvvh3lvjnzdoyv err=HttpError('InvalidRequest: Could not find repo: did:plc:7bwoapzncunvvh3lvjnzdoyv')
2026-03-20T13:09:54Z WARNING bsky_collector_v2.job.index_feed_generators: listRecords failed repo=did:plc:de5ouohtkveh72qcuyr7b6iz err=HttpError('InvalidRequest: Could not find repo: did:plc:de5ouohtkveh72qcuyr7b6iz')
2026-03-20T13:09:54Z WARNING bsky_collector_v2.job.index_feed_generators: listRecords failed repo=did:plc:3utlap3ew3ltzlqziy4eadgs err=HttpError('InvalidRequest: Could not find repo: did:plc:3utlap3ew3ltzlqziy4eadgs')
2026-03-20T13:09:54Z WARNING bsky_collector_v2.job.index_feed_generators: listRecords failed repo=did:plc:7bwoapzncunvvh3lvjnzdoyv err=HttpError('InvalidRequest: Could not find repo: did:plc:7bwoapzncunvvh3lvjnzdoyv')
2026-03-20T13:09:54Z WARNING bsky_collector_v2.job.index_feed_generators: listRecords failed repo=did:plc:de5ouohtkveh72qcuyr7b6iz err=HttpError('InvalidRequest: Could not find repo: did:plc:de5ouohtkveh72qcuyr7b6iz')
2026-03-20T13:09:55Z INFO bsky_collector_v2.job.index_feed_generators: enqueued repos page=34 mode=listRepos inserted=500 repos_returned=500 next_cursor=set
2026-03-20T13:10:09Z WARNING bsky_collector_v2.job.index_feed_generators: listRecords failed repo=did:plc:7jgajsxsjmvxkxum66bxkice err=HttpError('InvalidRequest: Could not find repo: did:plc:7jgajsxsjmvxkxum66bxkice')
2026-03-20T13:11:35Z WARNING bsky_collector_v2.job.index_feed_generators: listRecords failed repo=did:plc:7jgajsxsjmvxkxum66bxkice err=HttpError('InvalidRequest: Could not find repo: did:plc:7jgajsxsjmvxkxum66bxkice')
2026-03-20T13:11:36Z WARNING bsky_collector_v2.job.index_feed_generators: listRecords failed repo=did:plc:7jgajsxsjmvxkxum66bxkice err=HttpError('InvalidRequest: Could not find repo: did:plc:7jgajsxsjmvxkxum66bxkice')
2026-03-20T13:11:36Z INFO bsky_collector_v2.job.index_feed_generators: enqueued repos page=35 mode=listRepos inserted=500 repos_returned=500 next_cursor=set
2026-03-20T13:12:04Z INFO bsky_collector_v2.job.index_feed_generators: indexed repo=did:plc:dnodba4ppneodhi6tocgbkcf part=171 records=2 next_cursor=set
2026-03-20T13:12:15Z WARNING bsky_collector_v2.job.index_feed_generators: listRecords failed repo=did:plc:hojeyg4ykoh3gndqao7gs42r err=HttpError('InvalidRequest: Could not find repo: did:plc:hojeyg4ykoh3gndqao7gs42r')
2026-03-20T13:12:25Z WARNING bsky_collector_v2.job.index_feed_generators: listRecords failed repo=did:plc:lbafr3ek57ylf4rauhu76w5g err=HttpError('InvalidRequest: Could not find repo: did:plc:lbafr3ek57ylf4rauhu76w5g')
2026-03-20T13:12:41Z WARNING bsky_collector_v2.job.index_feed_generators: listRecords failed repo=did:plc:stscsvrge2dblwg7cuyudj27 err=HttpError('InvalidRequest: Could not find repo: did:plc:stscsvrge2dblwg7cuyudj27')
2026-03-20T13:13:02Z WARNING bsky_collector_v2.job.index_feed_generators: listRecords failed repo=did:plc:hojeyg4ykoh3gndqao7gs42r err=HttpError('InvalidRequest: Could not find repo: did:plc:hojeyg4ykoh3gndqao7gs42r')
2026-03-20T13:13:02Z WARNING bsky_collector_v2.job.index_feed_generators: listRecords failed repo=did:plc:lbafr3ek57ylf4rauhu76w5g err=HttpError('InvalidRequest: Could not find repo: did:plc:lbafr3ek57ylf4rauhu76w5g')
2026-03-20T13:13:02Z WARNING bsky_collector_v2.job.index_feed_generators: listRecords failed repo=did:plc:stscsvrge2dblwg7cuyudj27 err=HttpError('InvalidRequest: Could not find repo: did:plc:stscsvrge2dblwg7cuyudj27')
2026-03-20T13:13:02Z WARNING bsky_collector_v2.job.index_feed_generators: listRecords failed repo=did:plc:hojeyg4ykoh3gndqao7gs42r err=HttpError('InvalidRequest: Could not find repo: did:plc:hojeyg4ykoh3gndqao7gs42r')
2026-03-20T13:13:02Z WARNING bsky_collector_v2.job.index_feed_generators: listRecords failed repo=did:plc:lbafr3ek57ylf4rauhu76w5g err=HttpError('InvalidRequest: Could not find repo: did:plc:lbafr3ek57ylf4rauhu76w5g')
2026-03-20T13:13:02Z WARNING bsky_collector_v2.job.index_feed_generators: listRecords failed repo=did:plc:stscsvrge2dblwg7cuyudj27 err=HttpError('InvalidRequest: Could not find repo: did:plc:stscsvrge2dblwg7cuyudj27')
2026-03-20T13:13:03Z INFO bsky_collector_v2.job.index_feed_generators: enqueued repos page=36 mode=listRepos inserted=500 repos_returned=500 next_cursor=set
