2026-02-22T18:07:37Z INFO bsky_collector_v2: out_base ok path=D:\BlueSky\data_v2_full mount=D:\
2026-02-22T18:07:37Z INFO bsky_collector_v2: job start subcommand=index-feed-generators dry_run=False resume=True
2026-02-22T18:07:38Z INFO bsky_collector_v2.job.index_feed_generators: feed generator index hosts relay_host=https://bsky.network records_host=https://bsky.social auth=yes
2026-02-22T18:07:41Z INFO bsky_collector_v2.job.index_feed_generators: indexed repo=did:plc:i3qvrwa6veius2pb676popsj part=1050 records=1 next_cursor=set
2026-02-22T18:08:21Z INFO bsky_collector_v2.job.index_feed_generators: indexed repo=did:plc:uaadt6f5bbda6cycbmatcm3z part=1051 records=3 next_cursor=set
2026-02-22T18:08:27Z INFO bsky_collector_v2.job.index_feed_generators: indexed repo=did:plc:vazicz34s73zyimremxbm35z part=1052 records=3 next_cursor=set
2026-02-22T18:08:41Z WARNING bsky_collector_v2.job.index_feed_generators: listRecords failed repo=did:plc:gdj3gszxnhizlvhewgvbjdc6 err=HttpError('InvalidRequest: Could not find repo: did:plc:gdj3gszxnhizlvhewgvbjdc6')
2026-02-22T18:08:41Z WARNING bsky_collector_v2.job.index_feed_generators: listRecords failed repo=did:plc:gdj3gszxnhizlvhewgvbjdc6 err=HttpError('InvalidRequest: Could not find repo: did:plc:gdj3gszxnhizlvhewgvbjdc6')
2026-02-22T18:08:42Z INFO bsky_collector_v2.job.index_feed_generators: enqueued repos page=1 mode=listRepos inserted=500 repos_returned=500 next_cursor=set
2026-02-22T18:10:11Z INFO bsky_collector_v2.job.index_feed_generators: indexed repo=did:plc:xemqzq62z7lq62wkghjzaxeu part=1053 records=3 next_cursor=set
2026-02-22T18:10:12Z INFO bsky_collector_v2.job.index_feed_generators: indexed repo=did:plc:xgjayx2tquzywncxlisy2ma4 part=1054 records=1 next_cursor=set
2026-02-22T18:10:23Z INFO bsky_collector_v2.job.index_feed_generators: enqueued repos page=2 mode=listRepos inserted=500 repos_returned=500 next_cursor=set
2026-02-22T18:10:38Z INFO bsky_collector_v2.job.index_feed_generators: indexed repo=did:plc:7pv7j4vtxr52gjdamlfa4pdk part=1055 records=1 next_cursor=set
2026-02-22T18:10:38Z WARNING bsky_collector_v2.job.index_feed_generators: listRecords failed repo=did:plc:7xfxittud5urvhkpgtnqopxb err=HttpError('InvalidRequest: Could not find repo: did:plc:7xfxittud5urvhkpgtnqopxb')
2026-02-22T18:10:57Z INFO bsky_collector_v2.job.index_feed_generators: indexed repo=did:plc:fieyyzh6ajdb26hs4otivfgj part=1056 records=3 next_cursor=set
2026-02-22T18:11:22Z INFO bsky_collector_v2.job.index_feed_generators: indexed repo=did:plc:mzpydcmmuvqfsw3jnuppjbdg part=1057 records=2 next_cursor=set
2026-02-22T18:11:41Z INFO bsky_collector_v2.job.index_feed_generators: indexed repo=did:plc:skii2xdrbujg3uk2vokubfvu part=1058 records=7 next_cursor=set
2026-02-22T18:11:54Z WARNING bsky_collector_v2.job.index_feed_generators: listRecords failed repo=did:plc:wijswuaf6dubdxqvfirxpmsx err=HttpError('InvalidRequest: Could not find repo: did:plc:wijswuaf6dubdxqvfirxpmsx')
2026-02-22T18:12:00Z WARNING bsky_collector_v2.job.index_feed_generators: listRecords failed repo=did:plc:yk4tvmpmbmsjxntrdrpopa6q err=HttpError('InvalidRequest: Could not find repo: did:plc:yk4tvmpmbmsjxntrdrpopa6q')
2026-02-22T18:12:05Z WARNING bsky_collector_v2.job.index_feed_generators: listRecords failed repo=did:plc:7xfxittud5urvhkpgtnqopxb err=HttpError('InvalidRequest: Could not find repo: did:plc:7xfxittud5urvhkpgtnqopxb')
2026-02-22T18:12:05Z WARNING bsky_collector_v2.job.index_feed_generators: listRecords failed repo=did:plc:wijswuaf6dubdxqvfirxpmsx err=HttpError('InvalidRequest: Could not find repo: did:plc:wijswuaf6dubdxqvfirxpmsx')
2026-02-22T18:12:05Z WARNING bsky_collector_v2.job.index_feed_generators: listRecords failed repo=did:plc:yk4tvmpmbmsjxntrdrpopa6q err=HttpError('InvalidRequest: Could not find repo: did:plc:yk4tvmpmbmsjxntrdrpopa6q')
2026-02-22T18:12:05Z WARNING bsky_collector_v2.job.index_feed_generators: listRecords failed repo=did:plc:7xfxittud5urvhkpgtnqopxb err=HttpError('InvalidRequest: Could not find repo: did:plc:7xfxittud5urvhkpgtnqopxb')
2026-02-22T18:12:06Z WARNING bsky_collector_v2.job.index_feed_generators: listRecords failed repo=did:plc:wijswuaf6dubdxqvfirxpmsx err=HttpError('InvalidRequest: Could not find repo: did:plc:wijswuaf6dubdxqvfirxpmsx')
2026-02-22T18:12:06Z WARNING bsky_collector_v2.job.index_feed_generators: listRecords failed repo=did:plc:yk4tvmpmbmsjxntrdrpopa6q err=HttpError('InvalidRequest: Could not find repo: did:plc:yk4tvmpmbmsjxntrdrpopa6q')
2026-02-22T18:12:06Z INFO bsky_collector_v2.job.index_feed_generators: enqueued repos page=3 mode=listRepos inserted=500 repos_returned=500 next_cursor=set
2026-02-22T18:13:02Z INFO bsky_collector_v2.job.index_feed_generators: indexed repo=did:plc:ipk3axnpiowg25uzduxyboy7 part=1059 records=3 next_cursor=set
2026-02-22T18:13:10Z WARNING bsky_collector_v2.job.index_feed_generators: listRecords failed repo=did:plc:l3mikkwa644iyd2er45asnar err=HttpError('InvalidRequest: Could not find repo: did:plc:l3mikkwa644iyd2er45asnar')
2026-02-22T18:13:19Z INFO bsky_collector_v2.job.index_feed_generators: indexed repo=did:plc:opz4bqfd7bkcmxokfpc6xchl part=1060 records=1 next_cursor=set
2026-02-22T18:13:49Z INFO bsky_collector_v2.job.index_feed_generators: indexed repo=did:plc:wuspejp4dgjdpqpf66r4fcf4 part=1061 records=2 next_cursor=set
2026-02-22T18:13:58Z WARNING bsky_collector_v2.job.index_feed_generators: listRecords failed repo=did:plc:l3mikkwa644iyd2er45asnar err=HttpError('InvalidRequest: Could not find repo: did:plc:l3mikkwa644iyd2er45asnar')
2026-02-22T18:13:58Z WARNING bsky_collector_v2.job.index_feed_generators: listRecords failed repo=did:plc:l3mikkwa644iyd2er45asnar err=HttpError('InvalidRequest: Could not find repo: did:plc:l3mikkwa644iyd2er45asnar')
2026-02-22T18:13:59Z INFO bsky_collector_v2.job.index_feed_generators: enqueued repos page=4 mode=listRepos inserted=500 repos_returned=500 next_cursor=set
2026-02-22T18:14:16Z INFO bsky_collector_v2.job.index_feed_generators: indexed repo=did:plc:6355itzv6pseidqci2gb7rtv part=1062 records=1 next_cursor=set
2026-02-22T18:14:34Z INFO bsky_collector_v2.job.index_feed_generators: indexed repo=did:plc:e45ivacdjd5cuy536tfxiopt part=1063 records=1 next_cursor=set
2026-02-22T18:14:35Z WARNING bsky_collector_v2.job.index_feed_generators: listRecords failed repo=did:plc:ebfkou7aqqwxebae4zoug5zo err=HttpError('InvalidRequest: Could not find repo: did:plc:ebfkou7aqqwxebae4zoug5zo')
2026-02-22T18:15:13Z WARNING bsky_collector_v2.job.index_feed_generators: listRecords failed repo=did:plc:rl3erbcbetqftmjhhok4xepe err=HttpError('InvalidRequest: Could not find repo: did:plc:rl3erbcbetqftmjhhok4xepe')
2026-02-22T18:15:37Z WARNING bsky_collector_v2.job.index_feed_generators: listRecords failed repo=did:plc:ebfkou7aqqwxebae4zoug5zo err=HttpError('InvalidRequest: Could not find repo: did:plc:ebfkou7aqqwxebae4zoug5zo')
2026-02-22T18:15:38Z WARNING bsky_collector_v2.job.index_feed_generators: listRecords failed repo=did:plc:rl3erbcbetqftmjhhok4xepe err=HttpError('InvalidRequest: Could not find repo: did:plc:rl3erbcbetqftmjhhok4xepe')
2026-02-22T18:15:38Z WARNING bsky_collector_v2.job.index_feed_generators: listRecords failed repo=did:plc:ebfkou7aqqwxebae4zoug5zo err=HttpError('InvalidRequest: Could not find repo: did:plc:ebfkou7aqqwxebae4zoug5zo')
2026-02-22T18:15:38Z WARNING bsky_collector_v2.job.index_feed_generators: listRecords failed repo=did:plc:rl3erbcbetqftmjhhok4xepe err=HttpError('InvalidRequest: Could not find repo: did:plc:rl3erbcbetqftmjhhok4xepe')
2026-02-22T18:15:38Z INFO bsky_collector_v2.job.index_feed_generators: enqueued repos page=5 mode=listRepos inserted=500 repos_returned=500 next_cursor=set
2026-02-22T18:15:51Z INFO bsky_collector_v2.job.index_feed_generators: indexed repo=did:plc:6c2fgs5p2d6yb6y3kmwdx5wv part=1064 records=4 next_cursor=set
2026-02-22T18:16:18Z INFO bsky_collector_v2.job.index_feed_generators: indexed repo=did:plc:hv3gnwwedcmhvhb3mldujz2o part=1065 records=2 next_cursor=set
2026-02-22T18:16:26Z INFO bsky_collector_v2.job.index_feed_generators: indexed repo=did:plc:kdwmwcasw6i5e7rx7nuqulse part=1066 records=1 next_cursor=set
2026-02-22T18:17:04Z INFO bsky_collector_v2.job.index_feed_generators: indexed repo=did:plc:x533kpkbmo54kt7dup6cx2eu part=1067 records=1 next_cursor=set
2026-02-22T18:17:17Z INFO bsky_collector_v2.job.index_feed_generators: enqueued repos page=6 mode=listRepos inserted=500 repos_returned=500 next_cursor=set
2026-02-22T18:17:31Z INFO bsky_collector_v2.job.index_feed_generators: indexed repo=did:plc:7awmvywr2mf2xbztughkvlxt part=1068 records=1 next_cursor=set
2026-02-22T18:18:40Z INFO bsky_collector_v2.job.index_feed_generators: indexed repo=did:plc:sf5e4de6t7ufacgl7d4ekpxx part=1069 records=5 next_cursor=set
2026-02-22T18:19:08Z INFO bsky_collector_v2.job.index_feed_generators: enqueued repos page=7 mode=listRepos inserted=500 repos_returned=500 next_cursor=set
2026-02-22T18:19:16Z INFO bsky_collector_v2.job.index_feed_generators: indexed repo=did:plc:33tky5upzpu3eqoexwrpy5v6 part=1070 records=5 next_cursor=set
2026-02-22T18:20:57Z INFO bsky_collector_v2.job.index_feed_generators: enqueued repos page=8 mode=listRepos inserted=500 repos_returned=500 next_cursor=set
2026-02-22T18:22:06Z INFO bsky_collector_v2.job.index_feed_generators: indexed repo=did:plc:mshq34d747nprxpnm3qhq4ia part=1071 records=1 next_cursor=set
2026-02-22T18:22:45Z INFO bsky_collector_v2.job.index_feed_generators: enqueued repos page=9 mode=listRepos inserted=500 repos_returned=500 next_cursor=set
2026-02-22T18:24:42Z INFO bsky_collector_v2.job.index_feed_generators: enqueued repos page=10 mode=listRepos inserted=500 repos_returned=500 next_cursor=set
2026-02-22T18:25:41Z INFO bsky_collector_v2.job.index_feed_generators: indexed repo=did:plc:lzzmskh5l2ypmkgqea6hnjoz part=1072 records=1 next_cursor=set
2026-02-22T18:26:14Z INFO bsky_collector_v2.job.index_feed_generators: indexed repo=did:plc:wqafi43trqbhh3yksliny5n7 part=1073 records=2 next_cursor=set
2026-02-22T18:26:25Z INFO bsky_collector_v2.job.index_feed_generators: enqueued repos page=11 mode=listRepos inserted=500 repos_returned=500 next_cursor=set
2026-02-22T18:27:00Z WARNING bsky_collector_v2.job.index_feed_generators: listRecords failed repo=did:plc:fw7citu4h5ksdx5d5ukk74hi err=HttpError('InvalidRequest: Could not find repo: did:plc:fw7citu4h5ksdx5d5ukk74hi')
2026-02-22T18:27:05Z INFO bsky_collector_v2.job.index_feed_generators: indexed repo=did:plc:hjmoaf4qr27t4afutdegggfh part=1074 records=1 next_cursor=set
2026-02-22T18:27:23Z INFO bsky_collector_v2.job.index_feed_generators: indexed repo=did:plc:o5ogifwxymvgzxaht4vsrkh5 part=1075 records=1 next_cursor=set
2026-02-22T18:27:36Z INFO bsky_collector_v2.job.index_feed_generators: indexed repo=did:plc:rw26jo76crxexcusf7vxfrfr part=1076 records=1 next_cursor=set
2026-02-22T18:28:00Z WARNING bsky_collector_v2.job.index_feed_generators: listRecords failed repo=did:plc:fw7citu4h5ksdx5d5ukk74hi err=HttpError('InvalidRequest: Could not find repo: did:plc:fw7citu4h5ksdx5d5ukk74hi')
2026-02-22T18:28:01Z WARNING bsky_collector_v2.job.index_feed_generators: listRecords failed repo=did:plc:fw7citu4h5ksdx5d5ukk74hi err=HttpError('InvalidRequest: Could not find repo: did:plc:fw7citu4h5ksdx5d5ukk74hi')
2026-02-22T18:28:02Z INFO bsky_collector_v2.job.index_feed_generators: enqueued repos page=12 mode=listRepos inserted=500 repos_returned=500 next_cursor=set
2026-02-22T18:28:07Z INFO bsky_collector_v2.job.index_feed_generators: indexed repo=did:plc:3zeytjhy7wcbjmcp7qqypne4 part=1077 records=2 next_cursor=set
2026-02-22T18:28:16Z INFO bsky_collector_v2.job.index_feed_generators: indexed repo=did:plc:7v7imd6t7zvs2shqygjoc75p part=1078 records=1 next_cursor=set
2026-02-22T18:28:35Z WARNING bsky_collector_v2.job.index_feed_generators: listRecords failed repo=did:plc:gckksq3w47mvvljzgyrt4pj2 err=HttpError('InvalidRequest: Could not find repo: did:plc:gckksq3w47mvvljzgyrt4pj2')
2026-02-22T18:28:47Z WARNING bsky_collector_v2.job.index_feed_generators: listRecords failed repo=did:plc:jrg54l2gkcet23fjft2dai3h err=HttpError('InvalidRequest: Could not find repo: did:plc:jrg54l2gkcet23fjft2dai3h')
2026-02-22T18:29:46Z WARNING bsky_collector_v2.job.index_feed_generators: listRecords failed repo=did:plc:gckksq3w47mvvljzgyrt4pj2 err=HttpError('InvalidRequest: Could not find repo: did:plc:gckksq3w47mvvljzgyrt4pj2')
2026-02-22T18:29:47Z WARNING bsky_collector_v2.job.index_feed_generators: listRecords failed repo=did:plc:jrg54l2gkcet23fjft2dai3h err=HttpError('InvalidRequest: Could not find repo: did:plc:jrg54l2gkcet23fjft2dai3h')
2026-02-22T18:29:47Z WARNING bsky_collector_v2.job.index_feed_generators: listRecords failed repo=did:plc:gckksq3w47mvvljzgyrt4pj2 err=HttpError('InvalidRequest: Could not find repo: did:plc:gckksq3w47mvvljzgyrt4pj2')
2026-02-22T18:29:47Z WARNING bsky_collector_v2.job.index_feed_generators: listRecords failed repo=did:plc:jrg54l2gkcet23fjft2dai3h err=HttpError('InvalidRequest: Could not find repo: did:plc:jrg54l2gkcet23fjft2dai3h')
2026-02-22T18:29:47Z INFO bsky_collector_v2.job.index_feed_generators: enqueued repos page=13 mode=listRepos inserted=500 repos_returned=500 next_cursor=set
2026-02-22T18:29:49Z INFO bsky_collector_v2.job.index_feed_generators: indexed repo=did:plc:2mci5uih2zchbm6ilr25x5m5 part=1079 records=1 next_cursor=set
2026-02-22T18:30:14Z WARNING bsky_collector_v2.job.index_feed_generators: listRecords failed repo=did:plc:crmnv6kgywdagfqsfkjezftx err=HttpError('InvalidRequest: Could not find repo: did:plc:crmnv6kgywdagfqsfkjezftx')
2026-02-22T18:30:19Z WARNING bsky_collector_v2.job.index_feed_generators: listRecords failed repo=did:plc:eimwerrjglvxhgn3tqr2wubw err=HttpError('InvalidRequest: Could not find repo: did:plc:eimwerrjglvxhgn3tqr2wubw')
2026-02-22T18:30:39Z WARNING bsky_collector_v2.job.index_feed_generators: listRecords failed repo=did:plc:lepgvwhxosdsghjylic6qn4a err=HttpError('InvalidRequest: Could not find repo: did:plc:lepgvwhxosdsghjylic6qn4a')
2026-02-22T18:30:47Z WARNING bsky_collector_v2.job.index_feed_generators: listRecords failed repo=did:plc:olbfzxdhxckdf2fwvjzbojqt err=HttpError('InvalidRequest: Could not find repo: did:plc:olbfzxdhxckdf2fwvjzbojqt')
2026-02-22T18:31:29Z WARNING bsky_collector_v2.job.index_feed_generators: listRecords failed repo=did:plc:crmnv6kgywdagfqsfkjezftx err=HttpError('InvalidRequest: Could not find repo: did:plc:crmnv6kgywdagfqsfkjezftx')
2026-02-22T18:31:29Z WARNING bsky_collector_v2.job.index_feed_generators: listRecords failed repo=did:plc:eimwerrjglvxhgn3tqr2wubw err=HttpError('InvalidRequest: Could not find repo: did:plc:eimwerrjglvxhgn3tqr2wubw')
2026-02-22T18:31:30Z WARNING bsky_collector_v2.job.index_feed_generators: listRecords failed repo=did:plc:lepgvwhxosdsghjylic6qn4a err=HttpError('InvalidRequest: Could not find repo: did:plc:lepgvwhxosdsghjylic6qn4a')
2026-02-22T18:31:30Z WARNING bsky_collector_v2.job.index_feed_generators: listRecords failed repo=did:plc:olbfzxdhxckdf2fwvjzbojqt err=HttpError('InvalidRequest: Could not find repo: did:plc:olbfzxdhxckdf2fwvjzbojqt')
2026-02-22T18:31:30Z WARNING bsky_collector_v2.job.index_feed_generators: listRecords failed repo=did:plc:crmnv6kgywdagfqsfkjezftx err=HttpError('InvalidRequest: Could not find repo: did:plc:crmnv6kgywdagfqsfkjezftx')
2026-02-22T18:31:30Z WARNING bsky_collector_v2.job.index_feed_generators: listRecords failed repo=did:plc:eimwerrjglvxhgn3tqr2wubw err=HttpError('InvalidRequest: Could not find repo: did:plc:eimwerrjglvxhgn3tqr2wubw')
2026-02-22T18:31:30Z WARNING bsky_collector_v2.job.index_feed_generators: listRecords failed repo=did:plc:lepgvwhxosdsghjylic6qn4a err=HttpError('InvalidRequest: Could not find repo: did:plc:lepgvwhxosdsghjylic6qn4a')
2026-02-22T18:31:30Z WARNING bsky_collector_v2.job.index_feed_generators: listRecords failed repo=did:plc:olbfzxdhxckdf2fwvjzbojqt err=HttpError('InvalidRequest: Could not find repo: did:plc:olbfzxdhxckdf2fwvjzbojqt')
2026-02-22T18:31:31Z INFO bsky_collector_v2.job.index_feed_generators: enqueued repos page=14 mode=listRepos inserted=500 repos_returned=500 next_cursor=set
2026-02-22T18:31:39Z INFO bsky_collector_v2.job.index_feed_generators: indexed repo=did:plc:3zldmotgfvtovi5oo5i7pq76 part=1080 records=1 next_cursor=set
2026-02-22T18:31:42Z INFO bsky_collector_v2.job.index_feed_generators: indexed repo=did:plc:4nbmhp4tim3vbqzetvtakmjg part=1081 records=1 next_cursor=set
2026-02-22T18:32:01Z INFO bsky_collector_v2.job.index_feed_generators: indexed repo=did:plc:cvk7i3vriides3r5ykg45c6r part=1082 records=1 next_cursor=set
2026-02-22T18:32:12Z WARNING bsky_collector_v2.job.index_feed_generators: listRecords failed repo=did:plc:ghhtgekjnoq4xh2rxmoyr33j err=HttpError('InvalidRequest: Could not find repo: did:plc:ghhtgekjnoq4xh2rxmoyr33j')
2026-02-22T18:32:12Z WARNING bsky_collector_v2.job.index_feed_generators: listRecords failed repo=did:plc:goai5mv4amyogrstln7jn37c err=HttpError('InvalidRequest: Could not find repo: did:plc:goai5mv4amyogrstln7jn37c')
2026-02-22T18:32:24Z INFO bsky_collector_v2.job.index_feed_generators: indexed repo=did:plc:lsv4uchbyrw63x4sw5dhkfng part=1083 records=1 next_cursor=set
2026-02-22T18:32:39Z WARNING bsky_collector_v2.job.index_feed_generators: listRecords failed repo=did:plc:r4xcmhbsg34fkrnslf7ddbkq err=HttpError('InvalidRequest: Could not find repo: did:plc:r4xcmhbsg34fkrnslf7ddbkq')
2026-02-22T18:33:03Z INFO bsky_collector_v2.job.index_feed_generators: indexed repo=did:plc:yn4yw5jvjgbhl5ttpyhbmptt part=1084 records=1 next_cursor=set
2026-02-22T18:33:07Z WARNING bsky_collector_v2.job.index_feed_generators: listRecords failed repo=did:plc:ghhtgekjnoq4xh2rxmoyr33j err=HttpError('InvalidRequest: Could not find repo: did:plc:ghhtgekjnoq4xh2rxmoyr33j')
2026-02-22T18:33:07Z WARNING bsky_collector_v2.job.index_feed_generators: listRecords failed repo=did:plc:goai5mv4amyogrstln7jn37c err=HttpError('InvalidRequest: Could not find repo: did:plc:goai5mv4amyogrstln7jn37c')
2026-02-22T18:33:07Z WARNING bsky_collector_v2.job.index_feed_generators: listRecords failed repo=did:plc:r4xcmhbsg34fkrnslf7ddbkq err=HttpError('InvalidRequest: Could not find repo: did:plc:r4xcmhbsg34fkrnslf7ddbkq')
2026-02-22T18:33:08Z WARNING bsky_collector_v2.job.index_feed_generators: listRecords failed repo=did:plc:ghhtgekjnoq4xh2rxmoyr33j err=HttpError('InvalidRequest: Could not find repo: did:plc:ghhtgekjnoq4xh2rxmoyr33j')
2026-02-22T18:33:08Z WARNING bsky_collector_v2.job.index_feed_generators: listRecords failed repo=did:plc:goai5mv4amyogrstln7jn37c err=HttpError('InvalidRequest: Could not find repo: did:plc:goai5mv4amyogrstln7jn37c')
2026-02-22T18:33:08Z WARNING bsky_collector_v2.job.index_feed_generators: listRecords failed repo=did:plc:r4xcmhbsg34fkrnslf7ddbkq err=HttpError('InvalidRequest: Could not find repo: did:plc:r4xcmhbsg34fkrnslf7ddbkq')
2026-02-22T18:33:08Z INFO bsky_collector_v2.job.index_feed_generators: enqueued repos page=15 mode=listRepos inserted=500 repos_returned=500 next_cursor=set
2026-02-22T18:33:22Z WARNING bsky_collector_v2.job.index_feed_generators: listRecords failed repo=did:plc:7grkfxa6t6saszksdvrojmak err=HttpError('InvalidRequest: Could not find repo: did:plc:7grkfxa6t6saszksdvrojmak')
2026-02-22T18:33:50Z INFO bsky_collector_v2.job.index_feed_generators: indexed repo=did:plc:ir25ssrtlfp7uxmxn7krh5zr part=1085 records=1 next_cursor=set
2026-02-22T18:34:16Z WARNING bsky_collector_v2.job.index_feed_generators: listRecords failed repo=did:plc:rdq54pfoiuyztovjeyhn262t err=HttpError('InvalidRequest: Could not find repo: did:plc:rdq54pfoiuyztovjeyhn262t')
2026-02-22T18:34:41Z WARNING bsky_collector_v2.job.index_feed_generators: listRecords failed repo=did:plc:7grkfxa6t6saszksdvrojmak err=HttpError('InvalidRequest: Could not find repo: did:plc:7grkfxa6t6saszksdvrojmak')
2026-02-22T18:34:41Z WARNING bsky_collector_v2.job.index_feed_generators: listRecords failed repo=did:plc:rdq54pfoiuyztovjeyhn262t err=HttpError('InvalidRequest: Could not find repo: did:plc:rdq54pfoiuyztovjeyhn262t')
2026-02-22T18:34:41Z WARNING bsky_collector_v2.job.index_feed_generators: listRecords failed repo=did:plc:7grkfxa6t6saszksdvrojmak err=HttpError('InvalidRequest: Could not find repo: did:plc:7grkfxa6t6saszksdvrojmak')
2026-02-22T18:34:41Z WARNING bsky_collector_v2.job.index_feed_generators: listRecords failed repo=did:plc:rdq54pfoiuyztovjeyhn262t err=HttpError('InvalidRequest: Could not find repo: did:plc:rdq54pfoiuyztovjeyhn262t')
2026-02-22T18:34:42Z INFO bsky_collector_v2.job.index_feed_generators: enqueued repos page=16 mode=listRepos inserted=500 repos_returned=500 next_cursor=set
2026-02-22T18:36:15Z WARNING bsky_collector_v2.job.index_feed_generators: listRecords failed repo=did:plc:wbdlaotiecqv55m53vhyvimf err=HttpError('InvalidRequest: Could not find repo: did:plc:wbdlaotiecqv55m53vhyvimf')
2026-02-22T18:36:26Z WARNING bsky_collector_v2.job.index_feed_generators: listRecords failed repo=did:plc:zmcy6buogqfxvjgfkj5eqjj6 err=HttpError('InvalidRequest: Could not find repo: did:plc:zmcy6buogqfxvjgfkj5eqjj6')
2026-02-22T18:36:28Z WARNING bsky_collector_v2.job.index_feed_generators: listRecords failed repo=did:plc:wbdlaotiecqv55m53vhyvimf err=HttpError('InvalidRequest: Could not find repo: did:plc:wbdlaotiecqv55m53vhyvimf')
2026-02-22T18:36:28Z WARNING bsky_collector_v2.job.index_feed_generators: listRecords failed repo=did:plc:zmcy6buogqfxvjgfkj5eqjj6 err=HttpError('InvalidRequest: Could not find repo: did:plc:zmcy6buogqfxvjgfkj5eqjj6')
2026-02-22T18:36:28Z WARNING bsky_collector_v2.job.index_feed_generators: listRecords failed repo=did:plc:wbdlaotiecqv55m53vhyvimf err=HttpError('InvalidRequest: Could not find repo: did:plc:wbdlaotiecqv55m53vhyvimf')
2026-02-22T18:36:28Z WARNING bsky_collector_v2.job.index_feed_generators: listRecords failed repo=did:plc:zmcy6buogqfxvjgfkj5eqjj6 err=HttpError('InvalidRequest: Could not find repo: did:plc:zmcy6buogqfxvjgfkj5eqjj6')
2026-02-22T18:36:29Z INFO bsky_collector_v2.job.index_feed_generators: enqueued repos page=17 mode=listRepos inserted=500 repos_returned=500 next_cursor=set
2026-02-22T18:36:40Z INFO bsky_collector_v2.job.index_feed_generators: indexed repo=did:plc:535vs6xrtsye55jl7p2gki3t part=1086 records=1 next_cursor=set
2026-02-22T18:36:40Z INFO bsky_collector_v2.job.index_feed_generators: indexed repo=did:plc:5czgnb5wwkj2jlu7mdqciavg part=1087 records=1 next_cursor=set
2026-02-22T18:37:11Z INFO bsky_collector_v2.job.index_feed_generators: indexed repo=did:plc:cvohvkqjrvovgnhyr62c3yuy part=1088 records=1 next_cursor=set
2026-02-22T18:37:28Z WARNING bsky_collector_v2.job.index_feed_generators: listRecords failed repo=did:plc:j76dqe2vrmpkoxobphlq5v4n err=HttpError('InvalidRequest: Could not find repo: did:plc:j76dqe2vrmpkoxobphlq5v4n')
2026-02-22T18:37:48Z INFO bsky_collector_v2.job.index_feed_generators: indexed repo=did:plc:psmvkpameoxmk7njocrumiua part=1089 records=1 next_cursor=set
2026-02-22T18:38:17Z WARNING bsky_collector_v2.job.index_feed_generators: listRecords failed repo=did:plc:j76dqe2vrmpkoxobphlq5v4n err=HttpError('InvalidRequest: Could not find repo: did:plc:j76dqe2vrmpkoxobphlq5v4n')
2026-02-22T18:38:17Z WARNING bsky_collector_v2.job.index_feed_generators: listRecords failed repo=did:plc:j76dqe2vrmpkoxobphlq5v4n err=HttpError('InvalidRequest: Could not find repo: did:plc:j76dqe2vrmpkoxobphlq5v4n')
2026-02-22T18:38:18Z INFO bsky_collector_v2.job.index_feed_generators: enqueued repos page=18 mode=listRepos inserted=500 repos_returned=500 next_cursor=set
2026-02-22T18:38:55Z WARNING bsky_collector_v2.job.index_feed_generators: listRecords failed repo=did:plc:fj3dk3smqffwc2qanz27kdmi err=HttpError('InvalidRequest: Could not find repo: did:plc:fj3dk3smqffwc2qanz27kdmi')
2026-02-22T18:39:33Z INFO bsky_collector_v2.job.index_feed_generators: indexed repo=did:plc:t7cdsyq7a7kkfojokzkycdsw part=1090 records=1 next_cursor=set
2026-02-22T18:39:36Z INFO bsky_collector_v2.job.index_feed_generators: indexed repo=did:plc:tz5xvaojld775eqsdxjqfmru part=1091 records=1 next_cursor=set
2026-02-22T18:39:53Z WARNING bsky_collector_v2.job.index_feed_generators: listRecords failed repo=did:plc:fj3dk3smqffwc2qanz27kdmi err=HttpError('InvalidRequest: Could not find repo: did:plc:fj3dk3smqffwc2qanz27kdmi')
2026-02-22T18:39:54Z WARNING bsky_collector_v2.job.index_feed_generators: listRecords failed repo=did:plc:fj3dk3smqffwc2qanz27kdmi err=HttpError('InvalidRequest: Could not find repo: did:plc:fj3dk3smqffwc2qanz27kdmi')
2026-02-22T18:39:54Z INFO bsky_collector_v2.job.index_feed_generators: enqueued repos page=19 mode=listRepos inserted=500 repos_returned=500 next_cursor=set
2026-02-22T18:40:08Z INFO bsky_collector_v2.job.index_feed_generators: indexed repo=did:plc:7fg6u4xyzkgwtrmhp5bg3aqh part=1092 records=2 next_cursor=set
2026-02-22T18:40:45Z INFO bsky_collector_v2.job.index_feed_generators: indexed repo=did:plc:mh3c6w2vh5qmul5u457po3qt part=1093 records=3 next_cursor=set
2026-02-22T18:41:19Z WARNING bsky_collector_v2.job.index_feed_generators: listRecords failed repo=did:plc:xaoxzns5x7ng6j34y5ka5nrg err=HttpError('InvalidRequest: Could not find repo: did:plc:xaoxzns5x7ng6j34y5ka5nrg')
2026-02-22T18:41:30Z WARNING bsky_collector_v2.job.index_feed_generators: listRecords failed repo=did:plc:xaoxzns5x7ng6j34y5ka5nrg err=HttpError('InvalidRequest: Could not find repo: did:plc:xaoxzns5x7ng6j34y5ka5nrg')
2026-02-22T18:41:30Z WARNING bsky_collector_v2.job.index_feed_generators: listRecords failed repo=did:plc:xaoxzns5x7ng6j34y5ka5nrg err=HttpError('InvalidRequest: Could not find repo: did:plc:xaoxzns5x7ng6j34y5ka5nrg')
2026-02-22T18:41:31Z INFO bsky_collector_v2.job.index_feed_generators: enqueued repos page=20 mode=listRepos inserted=500 repos_returned=500 next_cursor=set
2026-02-22T18:41:31Z INFO bsky_collector_v2.job.index_feed_generators: indexed repo=did:plc:23s4t4ejcuntbnjmlhpob2s6 part=1094 records=1 next_cursor=set
2026-02-22T18:42:30Z INFO bsky_collector_v2.job.index_feed_generators: indexed repo=did:plc:nbkyumkowj6j6sukfuh3vb2e part=1095 records=1 next_cursor=set
2026-02-22T18:42:34Z INFO bsky_collector_v2.job.index_feed_generators: indexed repo=did:plc:oiu5btmnzsg3lhan6w72x543 part=1096 records=1 next_cursor=set
2026-02-22T18:42:56Z WARNING bsky_collector_v2.job.index_feed_generators: listRecords failed repo=did:plc:wksqfjey6qipdbf77l553hxg err=HttpError('InvalidRequest: Could not find repo: did:plc:wksqfjey6qipdbf77l553hxg')
2026-02-22T18:42:57Z INFO bsky_collector_v2.job.index_feed_generators: indexed repo=did:plc:wnrd4dagucdlu4yge7mhtk4a part=1097 records=1 next_cursor=set
2026-02-22T18:43:06Z WARNING bsky_collector_v2.job.index_feed_generators: listRecords failed repo=did:plc:wksqfjey6qipdbf77l553hxg err=HttpError('InvalidRequest: Could not find repo: did:plc:wksqfjey6qipdbf77l553hxg')
2026-02-22T18:43:06Z WARNING bsky_collector_v2.job.index_feed_generators: listRecords failed repo=did:plc:wksqfjey6qipdbf77l553hxg err=HttpError('InvalidRequest: Could not find repo: did:plc:wksqfjey6qipdbf77l553hxg')
2026-02-22T18:43:07Z INFO bsky_collector_v2.job.index_feed_generators: enqueued repos page=21 mode=listRepos inserted=500 repos_returned=500 next_cursor=set
2026-02-22T18:43:24Z INFO bsky_collector_v2.job.index_feed_generators: indexed repo=did:plc:a4sefybznm6qf4g7ivyaus6l part=1098 records=1 next_cursor=set
2026-02-22T18:43:48Z INFO bsky_collector_v2.job.index_feed_generators: indexed repo=did:plc:ifdridwutvggsgjn746cjwh2 part=1099 records=3 next_cursor=set
2026-02-22T18:43:57Z WARNING bsky_collector_v2.job.index_feed_generators: listRecords failed repo=did:plc:knigxqcozpabviyy73z5urbl err=HttpError('InvalidRequest: Could not find repo: did:plc:knigxqcozpabviyy73z5urbl')
2026-02-22T18:44:51Z WARNING bsky_collector_v2.job.index_feed_generators: listRecords failed repo=did:plc:knigxqcozpabviyy73z5urbl err=HttpError('InvalidRequest: Could not find repo: did:plc:knigxqcozpabviyy73z5urbl')
2026-02-22T18:44:51Z WARNING bsky_collector_v2.job.index_feed_generators: listRecords failed repo=did:plc:knigxqcozpabviyy73z5urbl err=HttpError('InvalidRequest: Could not find repo: did:plc:knigxqcozpabviyy73z5urbl')
2026-02-22T18:44:52Z INFO bsky_collector_v2.job.index_feed_generators: enqueued repos page=22 mode=listRepos inserted=500 repos_returned=500 next_cursor=set
2026-02-22T18:44:59Z INFO bsky_collector_v2.job.index_feed_generators: indexed repo=did:plc:4irb7zy2p6fipmkrmovfhqvi part=1100 records=3 next_cursor=set
2026-02-22T18:45:06Z WARNING bsky_collector_v2.job.index_feed_generators: listRecords failed repo=did:plc:6qn2qcrgb4dqtrucwad3cuhg err=HttpError('InvalidRequest: Could not find repo: did:plc:6qn2qcrgb4dqtrucwad3cuhg')
2026-02-22T18:45:15Z WARNING bsky_collector_v2.job.index_feed_generators: listRecords failed repo=did:plc:c6cq3tnwrepgr2a52gqsrfvk err=HttpError('InvalidRequest: Could not find repo: did:plc:c6cq3tnwrepgr2a52gqsrfvk')
2026-02-22T18:45:16Z WARNING bsky_collector_v2.job.index_feed_generators: listRecords failed repo=did:plc:cfgatdrhnggmncszwbcxmnel err=HttpError('InvalidRequest: Could not find repo: did:plc:cfgatdrhnggmncszwbcxmnel')
2026-02-22T18:45:32Z INFO bsky_collector_v2.job.index_feed_generators: indexed repo=did:plc:h6zvg5fojpf2fjx5b24f3t2v part=1101 records=6 next_cursor=set
2026-02-22T18:45:38Z INFO bsky_collector_v2.job.index_feed_generators: indexed repo=did:plc:ia3daelvirz7eprimewhacru part=1102 records=1 next_cursor=set
2026-02-22T18:46:06Z INFO bsky_collector_v2.job.index_feed_generators: indexed repo=did:plc:s4denofgkfkc22fsq7vbpqwe part=1103 records=1 next_cursor=set
2026-02-22T18:46:24Z INFO bsky_collector_v2.job.index_feed_generators: indexed repo=did:plc:y3ysdcewyx274v625dsc5h7c part=1104 records=1 next_cursor=set
2026-02-22T18:46:30Z WARNING bsky_collector_v2.job.index_feed_generators: listRecords failed repo=did:plc:6qn2qcrgb4dqtrucwad3cuhg err=HttpError('InvalidRequest: Could not find repo: did:plc:6qn2qcrgb4dqtrucwad3cuhg')
2026-02-22T18:46:31Z WARNING bsky_collector_v2.job.index_feed_generators: listRecords failed repo=did:plc:c6cq3tnwrepgr2a52gqsrfvk err=HttpError('InvalidRequest: Could not find repo: did:plc:c6cq3tnwrepgr2a52gqsrfvk')
2026-02-22T18:46:31Z WARNING bsky_collector_v2.job.index_feed_generators: listRecords failed repo=did:plc:cfgatdrhnggmncszwbcxmnel err=HttpError('InvalidRequest: Could not find repo: did:plc:cfgatdrhnggmncszwbcxmnel')
2026-02-22T18:46:31Z WARNING bsky_collector_v2.job.index_feed_generators: listRecords failed repo=did:plc:6qn2qcrgb4dqtrucwad3cuhg err=HttpError('InvalidRequest: Could not find repo: did:plc:6qn2qcrgb4dqtrucwad3cuhg')
2026-02-22T18:46:31Z WARNING bsky_collector_v2.job.index_feed_generators: listRecords failed repo=did:plc:c6cq3tnwrepgr2a52gqsrfvk err=HttpError('InvalidRequest: Could not find repo: did:plc:c6cq3tnwrepgr2a52gqsrfvk')
2026-02-22T18:46:31Z WARNING bsky_collector_v2.job.index_feed_generators: listRecords failed repo=did:plc:cfgatdrhnggmncszwbcxmnel err=HttpError('InvalidRequest: Could not find repo: did:plc:cfgatdrhnggmncszwbcxmnel')
2026-02-22T18:46:32Z INFO bsky_collector_v2.job.index_feed_generators: enqueued repos page=23 mode=listRepos inserted=500 repos_returned=500 next_cursor=set
2026-02-22T18:46:58Z INFO bsky_collector_v2.job.index_feed_generators: indexed repo=did:plc:ear3oxi6scqctp7rso2c2ohe part=1105 records=2 next_cursor=set
2026-02-22T18:47:01Z WARNING bsky_collector_v2.job.index_feed_generators: listRecords failed repo=did:plc:euzrdyeivjya7d2irfxjnaoh err=HttpError('InvalidRequest: Could not find repo: did:plc:euzrdyeivjya7d2irfxjnaoh')
2026-02-22T18:47:14Z INFO bsky_collector_v2.job.index_feed_generators: indexed repo=did:plc:itin2g2uumhbpw4borqejqgl part=1106 records=1 next_cursor=set
2026-02-22T18:47:27Z INFO bsky_collector_v2.job.index_feed_generators: indexed repo=did:plc:ner62x6vzemaegwjqp2llh4z part=1107 records=1 next_cursor=set
2026-02-22T18:47:27Z INFO bsky_collector_v2.job.index_feed_generators: indexed repo=did:plc:nf7o4tmevlipsuwwonaqxsbj part=1108 records=2 next_cursor=set
2026-02-22T18:48:03Z WARNING bsky_collector_v2.job.index_feed_generators: listRecords failed repo=did:plc:euzrdyeivjya7d2irfxjnaoh err=HttpError('InvalidRequest: Could not find repo: did:plc:euzrdyeivjya7d2irfxjnaoh')
2026-02-22T18:48:04Z WARNING bsky_collector_v2.job.index_feed_generators: listRecords failed repo=did:plc:euzrdyeivjya7d2irfxjnaoh err=HttpError('InvalidRequest: Could not find repo: did:plc:euzrdyeivjya7d2irfxjnaoh')
2026-02-22T18:48:04Z INFO bsky_collector_v2.job.index_feed_generators: enqueued repos page=24 mode=listRepos inserted=500 repos_returned=500 next_cursor=set
2026-02-22T18:48:07Z WARNING bsky_collector_v2.job.index_feed_generators: listRecords failed repo=did:plc:3fod4vkqnwale4e4eiekukpb err=HttpError('InvalidRequest: Could not find repo: did:plc:3fod4vkqnwale4e4eiekukpb')
2026-02-22T18:49:46Z WARNING bsky_collector_v2.job.index_feed_generators: listRecords failed repo=did:plc:3fod4vkqnwale4e4eiekukpb err=HttpError('InvalidRequest: Could not find repo: did:plc:3fod4vkqnwale4e4eiekukpb')
2026-02-22T18:49:46Z WARNING bsky_collector_v2.job.index_feed_generators: listRecords failed repo=did:plc:3fod4vkqnwale4e4eiekukpb err=HttpError('InvalidRequest: Could not find repo: did:plc:3fod4vkqnwale4e4eiekukpb')
2026-02-22T18:49:47Z INFO bsky_collector_v2.job.index_feed_generators: enqueued repos page=25 mode=listRepos inserted=500 repos_returned=500 next_cursor=set
2026-02-22T18:49:52Z WARNING bsky_collector_v2.job.index_feed_generators: listRecords failed repo=did:plc:3shxfk5nvqg2v2wq45fuqqzo err=HttpError('InvalidRequest: Could not find repo: did:plc:3shxfk5nvqg2v2wq45fuqqzo')
2026-02-22T18:50:08Z WARNING bsky_collector_v2.job.index_feed_generators: listRecords failed repo=did:plc:btbwgeth3ux6tvyzreiyxjm4 err=HttpError('InvalidRequest: Could not find repo: did:plc:btbwgeth3ux6tvyzreiyxjm4')
2026-02-22T18:51:30Z WARNING bsky_collector_v2.job.index_feed_generators: listRecords failed repo=did:plc:3shxfk5nvqg2v2wq45fuqqzo err=HttpError('InvalidRequest: Could not find repo: did:plc:3shxfk5nvqg2v2wq45fuqqzo')
2026-02-22T18:51:31Z WARNING bsky_collector_v2.job.index_feed_generators: listRecords failed repo=did:plc:btbwgeth3ux6tvyzreiyxjm4 err=HttpError('InvalidRequest: Could not find repo: did:plc:btbwgeth3ux6tvyzreiyxjm4')
2026-02-22T18:51:31Z WARNING bsky_collector_v2.job.index_feed_generators: listRecords failed repo=did:plc:3shxfk5nvqg2v2wq45fuqqzo err=HttpError('InvalidRequest: Could not find repo: did:plc:3shxfk5nvqg2v2wq45fuqqzo')
2026-02-22T18:51:31Z WARNING bsky_collector_v2.job.index_feed_generators: listRecords failed repo=did:plc:btbwgeth3ux6tvyzreiyxjm4 err=HttpError('InvalidRequest: Could not find repo: did:plc:btbwgeth3ux6tvyzreiyxjm4')
2026-02-22T18:51:31Z INFO bsky_collector_v2.job.index_feed_generators: enqueued repos page=26 mode=listRepos inserted=500 repos_returned=500 next_cursor=set
2026-02-22T18:51:41Z WARNING bsky_collector_v2.job.index_feed_generators: listRecords failed repo=did:plc:4utxrvufdnh6ovcsjfepts3y err=HttpError('InvalidRequest: Could not find repo: did:plc:4utxrvufdnh6ovcsjfepts3y')
2026-02-22T18:51:51Z WARNING bsky_collector_v2.job.index_feed_generators: listRecords failed repo=did:plc:7mookk4bus3qth5h2f5hwqof err=HttpError('InvalidRequest: Could not find repo: did:plc:7mookk4bus3qth5h2f5hwqof')
2026-02-22T18:52:26Z INFO bsky_collector_v2.job.index_feed_generators: indexed repo=did:plc:l4hczhaw6ninhi2tjza6eteb part=1109 records=1 next_cursor=set
2026-02-22T18:52:37Z WARNING bsky_collector_v2.job.index_feed_generators: listRecords failed repo=did:plc:phdk34pnimiato33irm4libu err=HttpError('InvalidRequest: Could not find repo: did:plc:phdk34pnimiato33irm4libu')
2026-02-22T18:52:54Z INFO bsky_collector_v2.job.index_feed_generators: indexed repo=did:plc:wkg5zes3odz73uu765zzarui part=1110 records=1 next_cursor=set
2026-02-22T18:53:02Z WARNING bsky_collector_v2.job.index_feed_generators: listRecords failed repo=did:plc:z44jd4vo3jag34p7g5d3e7qj err=HttpError('InvalidRequest: Could not find repo: did:plc:z44jd4vo3jag34p7g5d3e7qj')
2026-02-22T18:53:04Z WARNING bsky_collector_v2.job.index_feed_generators: listRecords failed repo=did:plc:4utxrvufdnh6ovcsjfepts3y err=HttpError('InvalidRequest: Could not find repo: did:plc:4utxrvufdnh6ovcsjfepts3y')
2026-02-22T18:53:04Z WARNING bsky_collector_v2.job.index_feed_generators: listRecords failed repo=did:plc:7mookk4bus3qth5h2f5hwqof err=HttpError('InvalidRequest: Could not find repo: did:plc:7mookk4bus3qth5h2f5hwqof')
2026-02-22T18:53:04Z WARNING bsky_collector_v2.job.index_feed_generators: listRecords failed repo=did:plc:phdk34pnimiato33irm4libu err=HttpError('InvalidRequest: Could not find repo: did:plc:phdk34pnimiato33irm4libu')
2026-02-22T18:53:05Z WARNING bsky_collector_v2.job.index_feed_generators: listRecords failed repo=did:plc:z44jd4vo3jag34p7g5d3e7qj err=HttpError('InvalidRequest: Could not find repo: did:plc:z44jd4vo3jag34p7g5d3e7qj')
2026-02-22T18:53:05Z WARNING bsky_collector_v2.job.index_feed_generators: listRecords failed repo=did:plc:4utxrvufdnh6ovcsjfepts3y err=HttpError('InvalidRequest: Could not find repo: did:plc:4utxrvufdnh6ovcsjfepts3y')
2026-02-22T18:53:05Z WARNING bsky_collector_v2.job.index_feed_generators: listRecords failed repo=did:plc:7mookk4bus3qth5h2f5hwqof err=HttpError('InvalidRequest: Could not find repo: did:plc:7mookk4bus3qth5h2f5hwqof')
2026-02-22T18:53:05Z WARNING bsky_collector_v2.job.index_feed_generators: listRecords failed repo=did:plc:phdk34pnimiato33irm4libu err=HttpError('InvalidRequest: Could not find repo: did:plc:phdk34pnimiato33irm4libu')
2026-02-22T18:53:05Z WARNING bsky_collector_v2.job.index_feed_generators: listRecords failed repo=did:plc:z44jd4vo3jag34p7g5d3e7qj err=HttpError('InvalidRequest: Could not find repo: did:plc:z44jd4vo3jag34p7g5d3e7qj')
2026-02-22T18:53:06Z INFO bsky_collector_v2.job.index_feed_generators: enqueued repos page=27 mode=listRepos inserted=500 repos_returned=500 next_cursor=set
2026-02-22T18:54:46Z WARNING bsky_collector_v2.job.index_feed_generators: listRecords failed repo=did:plc:xmbmohhnog65bglpfvduwpl7 err=HttpError('InvalidRequest: Could not find repo: did:plc:xmbmohhnog65bglpfvduwpl7')
2026-02-22T18:54:54Z WARNING bsky_collector_v2.job.index_feed_generators: listRecords failed repo=did:plc:xmbmohhnog65bglpfvduwpl7 err=HttpError('InvalidRequest: Could not find repo: did:plc:xmbmohhnog65bglpfvduwpl7')
2026-02-22T18:54:54Z WARNING bsky_collector_v2.job.index_feed_generators: listRecords failed repo=did:plc:xmbmohhnog65bglpfvduwpl7 err=HttpError('InvalidRequest: Could not find repo: did:plc:xmbmohhnog65bglpfvduwpl7')
2026-02-22T18:54:54Z INFO bsky_collector_v2.job.index_feed_generators: enqueued repos page=28 mode=listRepos inserted=500 repos_returned=500 next_cursor=set
2026-02-22T18:54:59Z WARNING bsky_collector_v2.job.index_feed_generators: listRecords failed repo=did:plc:3qi6n3spbys75jgnv4qghrdr err=HttpError('InvalidRequest: Could not find repo: did:plc:3qi6n3spbys75jgnv4qghrdr')
2026-02-22T18:55:08Z WARNING bsky_collector_v2.job.index_feed_generators: listRecords failed repo=did:plc:74jzlsioyctuze4qwdmqk76y err=HttpError('InvalidRequest: Could not find repo: did:plc:74jzlsioyctuze4qwdmqk76y')
2026-02-22T18:55:13Z INFO bsky_collector_v2.job.index_feed_generators: indexed repo=did:plc:avzkk7olowyiberkt7v3usum part=1111 records=1 next_cursor=set
2026-02-22T18:56:05Z WARNING bsky_collector_v2.job.index_feed_generators: listRecords failed repo=did:plc:pbcgfhicusoxjv5oytpbz3ku err=HttpError('InvalidRequest: Could not find repo: did:plc:pbcgfhicusoxjv5oytpbz3ku')
2026-02-22T18:56:25Z WARNING bsky_collector_v2.job.index_feed_generators: listRecords failed repo=did:plc:vbaeeavloyo6qncpz5tphtpc err=HttpError('InvalidRequest: Could not find repo: did:plc:vbaeeavloyo6qncpz5tphtpc')
2026-02-22T18:56:38Z WARNING bsky_collector_v2.job.index_feed_generators: listRecords failed repo=did:plc:3qi6n3spbys75jgnv4qghrdr err=HttpError('InvalidRequest: Could not find repo: did:plc:3qi6n3spbys75jgnv4qghrdr')
2026-02-22T18:56:38Z WARNING bsky_collector_v2.job.index_feed_generators: listRecords failed repo=did:plc:74jzlsioyctuze4qwdmqk76y err=HttpError('InvalidRequest: Could not find repo: did:plc:74jzlsioyctuze4qwdmqk76y')
2026-02-22T18:56:38Z WARNING bsky_collector_v2.job.index_feed_generators: listRecords failed repo=did:plc:pbcgfhicusoxjv5oytpbz3ku err=HttpError('InvalidRequest: Could not find repo: did:plc:pbcgfhicusoxjv5oytpbz3ku')
2026-02-22T18:56:38Z WARNING bsky_collector_v2.job.index_feed_generators: listRecords failed repo=did:plc:vbaeeavloyo6qncpz5tphtpc err=HttpError('InvalidRequest: Could not find repo: did:plc:vbaeeavloyo6qncpz5tphtpc')
2026-02-22T18:56:38Z WARNING bsky_collector_v2.job.index_feed_generators: listRecords failed repo=did:plc:3qi6n3spbys75jgnv4qghrdr err=HttpError('InvalidRequest: Could not find repo: did:plc:3qi6n3spbys75jgnv4qghrdr')
2026-02-22T18:56:38Z WARNING bsky_collector_v2.job.index_feed_generators: listRecords failed repo=did:plc:74jzlsioyctuze4qwdmqk76y err=HttpError('InvalidRequest: Could not find repo: did:plc:74jzlsioyctuze4qwdmqk76y')
2026-02-22T18:56:38Z WARNING bsky_collector_v2.job.index_feed_generators: listRecords failed repo=did:plc:pbcgfhicusoxjv5oytpbz3ku err=HttpError('InvalidRequest: Could not find repo: did:plc:pbcgfhicusoxjv5oytpbz3ku')
2026-02-22T18:56:38Z WARNING bsky_collector_v2.job.index_feed_generators: listRecords failed repo=did:plc:vbaeeavloyo6qncpz5tphtpc err=HttpError('InvalidRequest: Could not find repo: did:plc:vbaeeavloyo6qncpz5tphtpc')
2026-02-22T18:56:39Z INFO bsky_collector_v2.job.index_feed_generators: enqueued repos page=29 mode=listRepos inserted=500 repos_returned=500 next_cursor=set
2026-02-22T18:56:49Z INFO bsky_collector_v2.job.index_feed_generators: indexed repo=did:plc:5cizngh2664q3c7t3zmo7ler part=1112 records=3 next_cursor=set
2026-02-22T18:56:49Z INFO bsky_collector_v2.job.index_feed_generators: indexed repo=did:plc:5l7bzr4ybsgaelc6gh5etoxk part=1113 records=3 next_cursor=set
2026-02-22T18:57:30Z INFO bsky_collector_v2.job.index_feed_generators: indexed repo=did:plc:jyhh5t24e3w6n6d33e3skj3j part=1114 records=2 next_cursor=set
2026-02-22T18:57:47Z INFO bsky_collector_v2.job.index_feed_generators: indexed repo=did:plc:qjzggd3of5e3mhszko3uwkb4 part=1115 records=1 next_cursor=set
2026-02-22T18:58:02Z WARNING bsky_collector_v2.job.index_feed_generators: listRecords failed repo=did:plc:vau2evlsamhi7rexnsbazztj err=HttpError('InvalidRequest: Could not find repo: did:plc:vau2evlsamhi7rexnsbazztj')
2026-02-22T18:58:16Z WARNING bsky_collector_v2.job.index_feed_generators: listRecords failed repo=did:plc:vau2evlsamhi7rexnsbazztj err=HttpError('InvalidRequest: Could not find repo: did:plc:vau2evlsamhi7rexnsbazztj')
2026-02-22T18:58:16Z WARNING bsky_collector_v2.job.index_feed_generators: listRecords failed repo=did:plc:vau2evlsamhi7rexnsbazztj err=HttpError('InvalidRequest: Could not find repo: did:plc:vau2evlsamhi7rexnsbazztj')
2026-02-22T18:58:16Z INFO bsky_collector_v2.job.index_feed_generators: enqueued repos page=30 mode=listRepos inserted=500 repos_returned=500 next_cursor=set
2026-02-22T18:58:34Z INFO bsky_collector_v2.job.index_feed_generators: indexed repo=did:plc:73xmsedzb3ttyapozxj2kqtl part=1116 records=2 next_cursor=set
2026-02-22T18:59:08Z INFO bsky_collector_v2.job.index_feed_generators: indexed repo=did:plc:kgspgwjxenrnqpa4aa7putja part=1117 records=1 next_cursor=set
2026-02-22T18:59:52Z INFO bsky_collector_v2.job.index_feed_generators: enqueued repos page=31 mode=listRepos inserted=500 repos_returned=500 next_cursor=set
2026-02-22T19:01:23Z INFO bsky_collector_v2.job.index_feed_generators: indexed repo=did:plc:vbl377crqutzvy5rsmresb2n part=1118 records=2 next_cursor=set
2026-02-22T19:01:30Z INFO bsky_collector_v2.job.index_feed_generators: indexed repo=did:plc:xrqsn3xh74f7xzzenay26hpj part=1119 records=1 next_cursor=set
2026-02-22T19:01:35Z INFO bsky_collector_v2.job.index_feed_generators: indexed repo=did:plc:zxlpw66c3egl64cfbp5p5hq3 part=1120 records=2 next_cursor=set
2026-02-22T19:01:36Z INFO bsky_collector_v2.job.index_feed_generators: enqueued repos page=32 mode=listRepos inserted=500 repos_returned=500 next_cursor=set
2026-02-22T19:02:16Z INFO bsky_collector_v2.job.index_feed_generators: indexed repo=did:plc:iki3p2r2glnousyahfzrb4oz part=1121 records=1 next_cursor=set
2026-02-22T19:02:18Z INFO bsky_collector_v2.job.index_feed_generators: indexed repo=did:plc:j2xmqxdxvifewjb73oahldd5 part=1122 records=1 next_cursor=set
2026-02-22T19:02:29Z INFO bsky_collector_v2.job.index_feed_generators: indexed repo=did:plc:mbrpzncnh4hzxe7xup5tc2ok part=1123 records=1 next_cursor=set
