2026-03-30T10:23:11Z INFO bsky_collector_v2: out_base ok path=/Volumes/T9/BlueSky/data_v2_full mount=/Volumes/T9
2026-03-30T10:23:11Z INFO bsky_collector_v2: job start subcommand=index-feed-generators dry_run=False resume=True
2026-03-30T10:23:11Z INFO bsky_collector_v2.job.index_feed_generators: feed generator index hosts relay_host=https://bsky.network records_host=https://bsky.social auth=yes
2026-03-30T10:24:30Z INFO bsky_collector_v2.job.index_feed_generators: enqueued repos page=1 mode=listRepos inserted=500 repos_returned=500 next_cursor=set
2026-03-30T10:24:32Z WARNING bsky_collector_v2.job.index_feed_generators: listRecords failed repo=did:plc:33sf2bvh3vwfiwbbhktqgiym err=HttpError('InvalidRequest: Could not find repo: did:plc:33sf2bvh3vwfiwbbhktqgiym')
2026-03-30T10:24:36Z WARNING bsky_collector_v2.job.index_feed_generators: listRecords failed repo=did:plc:3mgygtgldjqszfatj3icy5ev err=HttpError('InvalidRequest: Could not find repo: did:plc:3mgygtgldjqszfatj3icy5ev')
2026-03-30T10:25:14Z WARNING bsky_collector_v2.job.index_feed_generators: listRecords failed repo=did:plc:grssbp35uu4ehcezbed24ynp err=HttpError('InvalidRequest: Could not find repo: did:plc:grssbp35uu4ehcezbed24ynp')
2026-03-30T10:25:49Z WARNING bsky_collector_v2.job.index_feed_generators: listRecords failed repo=did:plc:snab4iqz7nbzpdw6zcay6o2o err=HttpError('InvalidRequest: Could not find repo: did:plc:snab4iqz7nbzpdw6zcay6o2o')
2026-03-30T10:25:53Z WARNING bsky_collector_v2.job.index_feed_generators: listRecords failed repo=did:plc:u5hjpi34rrqmjbglh7wfxzcf err=HttpError('InvalidRequest: Could not find repo: did:plc:u5hjpi34rrqmjbglh7wfxzcf')
2026-03-30T10:25:55Z WARNING bsky_collector_v2.job.index_feed_generators: listRecords failed repo=did:plc:uzxpxmga36xlkise3lnausj5 err=HttpError('InvalidRequest: Could not find repo: did:plc:uzxpxmga36xlkise3lnausj5')
2026-03-30T10:26:08Z WARNING bsky_collector_v2.job.index_feed_generators: listRecords failed repo=did:plc:33sf2bvh3vwfiwbbhktqgiym err=HttpError('InvalidRequest: Could not find repo: did:plc:33sf2bvh3vwfiwbbhktqgiym')
2026-03-30T10:26:08Z WARNING bsky_collector_v2.job.index_feed_generators: listRecords failed repo=did:plc:3mgygtgldjqszfatj3icy5ev err=HttpError('InvalidRequest: Could not find repo: did:plc:3mgygtgldjqszfatj3icy5ev')
2026-03-30T10:26:08Z WARNING bsky_collector_v2.job.index_feed_generators: listRecords failed repo=did:plc:grssbp35uu4ehcezbed24ynp err=HttpError('InvalidRequest: Could not find repo: did:plc:grssbp35uu4ehcezbed24ynp')
2026-03-30T10:26:08Z WARNING bsky_collector_v2.job.index_feed_generators: listRecords failed repo=did:plc:snab4iqz7nbzpdw6zcay6o2o err=HttpError('InvalidRequest: Could not find repo: did:plc:snab4iqz7nbzpdw6zcay6o2o')
2026-03-30T10:26:08Z WARNING bsky_collector_v2.job.index_feed_generators: listRecords failed repo=did:plc:u5hjpi34rrqmjbglh7wfxzcf err=HttpError('InvalidRequest: Could not find repo: did:plc:u5hjpi34rrqmjbglh7wfxzcf')
2026-03-30T10:26:08Z WARNING bsky_collector_v2.job.index_feed_generators: listRecords failed repo=did:plc:uzxpxmga36xlkise3lnausj5 err=HttpError('InvalidRequest: Could not find repo: did:plc:uzxpxmga36xlkise3lnausj5')
2026-03-30T10:26:08Z WARNING bsky_collector_v2.job.index_feed_generators: listRecords failed repo=did:plc:33sf2bvh3vwfiwbbhktqgiym err=HttpError('InvalidRequest: Could not find repo: did:plc:33sf2bvh3vwfiwbbhktqgiym')
2026-03-30T10:26:08Z WARNING bsky_collector_v2.job.index_feed_generators: listRecords failed repo=did:plc:3mgygtgldjqszfatj3icy5ev err=HttpError('InvalidRequest: Could not find repo: did:plc:3mgygtgldjqszfatj3icy5ev')
2026-03-30T10:26:08Z WARNING bsky_collector_v2.job.index_feed_generators: listRecords failed repo=did:plc:grssbp35uu4ehcezbed24ynp err=HttpError('InvalidRequest: Could not find repo: did:plc:grssbp35uu4ehcezbed24ynp')
2026-03-30T10:26:08Z WARNING bsky_collector_v2.job.index_feed_generators: listRecords failed repo=did:plc:snab4iqz7nbzpdw6zcay6o2o err=HttpError('InvalidRequest: Could not find repo: did:plc:snab4iqz7nbzpdw6zcay6o2o')
2026-03-30T10:26:08Z WARNING bsky_collector_v2.job.index_feed_generators: listRecords failed repo=did:plc:u5hjpi34rrqmjbglh7wfxzcf err=HttpError('InvalidRequest: Could not find repo: did:plc:u5hjpi34rrqmjbglh7wfxzcf')
2026-03-30T10:26:08Z WARNING bsky_collector_v2.job.index_feed_generators: listRecords failed repo=did:plc:uzxpxmga36xlkise3lnausj5 err=HttpError('InvalidRequest: Could not find repo: did:plc:uzxpxmga36xlkise3lnausj5')
2026-03-30T10:26:09Z INFO bsky_collector_v2.job.index_feed_generators: enqueued repos page=2 mode=listRepos inserted=500 repos_returned=500 next_cursor=set
2026-03-30T10:26:25Z WARNING bsky_collector_v2.job.index_feed_generators: listRecords failed repo=did:plc:a3k6swc7ahiyzle36klezjle err=HttpError('InvalidRequest: Could not find repo: did:plc:a3k6swc7ahiyzle36klezjle')
2026-03-30T10:26:38Z INFO bsky_collector_v2.job.index_feed_generators: indexed repo=did:plc:eh3s26zb35kkgtbr62vmn3rt part=92 records=1 next_cursor=set
2026-03-30T10:26:44Z WARNING bsky_collector_v2.job.index_feed_generators: listRecords failed repo=did:plc:h7rc5mpc2q7z3dpalzismyav err=HttpError('InvalidRequest: Could not find repo: did:plc:h7rc5mpc2q7z3dpalzismyav')
2026-03-30T10:26:49Z WARNING bsky_collector_v2.job.index_feed_generators: listRecords failed repo=did:plc:jgnzv42gd24ctjyz5moaljsm err=HttpError('InvalidRequest: Could not find repo: did:plc:jgnzv42gd24ctjyz5moaljsm')
2026-03-30T10:27:14Z WARNING bsky_collector_v2.job.index_feed_generators: listRecords failed repo=did:plc:txjxnxo3jjncbt63m6mye5ll err=HttpError('InvalidRequest: Could not find repo: did:plc:txjxnxo3jjncbt63m6mye5ll')
2026-03-30T10:27:18Z WARNING bsky_collector_v2.job.index_feed_generators: listRecords failed repo=did:plc:vc7stu2tlrze2nedveyjvu4t err=HttpError('InvalidRequest: Could not find repo: did:plc:vc7stu2tlrze2nedveyjvu4t')
2026-03-30T10:27:31Z WARNING bsky_collector_v2.job.index_feed_generators: listRecords failed repo=did:web:hold01.atcr.io err=HttpError('InvalidRequest: Could not find repo: did:web:hold01.atcr.io')
2026-03-30T10:27:31Z WARNING bsky_collector_v2.job.index_feed_generators: listRecords failed repo=did:plc:a3k6swc7ahiyzle36klezjle err=HttpError('InvalidRequest: Could not find repo: did:plc:a3k6swc7ahiyzle36klezjle')
2026-03-30T10:27:32Z WARNING bsky_collector_v2.job.index_feed_generators: listRecords failed repo=did:plc:h7rc5mpc2q7z3dpalzismyav err=HttpError('InvalidRequest: Could not find repo: did:plc:h7rc5mpc2q7z3dpalzismyav')
2026-03-30T10:27:32Z WARNING bsky_collector_v2.job.index_feed_generators: listRecords failed repo=did:plc:jgnzv42gd24ctjyz5moaljsm err=HttpError('InvalidRequest: Could not find repo: did:plc:jgnzv42gd24ctjyz5moaljsm')
2026-03-30T10:27:32Z WARNING bsky_collector_v2.job.index_feed_generators: listRecords failed repo=did:plc:txjxnxo3jjncbt63m6mye5ll err=HttpError('InvalidRequest: Could not find repo: did:plc:txjxnxo3jjncbt63m6mye5ll')
2026-03-30T10:27:32Z WARNING bsky_collector_v2.job.index_feed_generators: listRecords failed repo=did:plc:vc7stu2tlrze2nedveyjvu4t err=HttpError('InvalidRequest: Could not find repo: did:plc:vc7stu2tlrze2nedveyjvu4t')
2026-03-30T10:27:32Z WARNING bsky_collector_v2.job.index_feed_generators: listRecords failed repo=did:web:hold01.atcr.io err=HttpError('InvalidRequest: Could not find repo: did:web:hold01.atcr.io')
2026-03-30T10:27:32Z WARNING bsky_collector_v2.job.index_feed_generators: listRecords failed repo=did:plc:a3k6swc7ahiyzle36klezjle err=HttpError('InvalidRequest: Could not find repo: did:plc:a3k6swc7ahiyzle36klezjle')
2026-03-30T10:27:32Z WARNING bsky_collector_v2.job.index_feed_generators: listRecords failed repo=did:plc:h7rc5mpc2q7z3dpalzismyav err=HttpError('InvalidRequest: Could not find repo: did:plc:h7rc5mpc2q7z3dpalzismyav')
2026-03-30T10:27:32Z WARNING bsky_collector_v2.job.index_feed_generators: listRecords failed repo=did:plc:jgnzv42gd24ctjyz5moaljsm err=HttpError('InvalidRequest: Could not find repo: did:plc:jgnzv42gd24ctjyz5moaljsm')
2026-03-30T10:27:32Z WARNING bsky_collector_v2.job.index_feed_generators: listRecords failed repo=did:plc:txjxnxo3jjncbt63m6mye5ll err=HttpError('InvalidRequest: Could not find repo: did:plc:txjxnxo3jjncbt63m6mye5ll')
2026-03-30T10:27:32Z WARNING bsky_collector_v2.job.index_feed_generators: listRecords failed repo=did:plc:vc7stu2tlrze2nedveyjvu4t err=HttpError('InvalidRequest: Could not find repo: did:plc:vc7stu2tlrze2nedveyjvu4t')
2026-03-30T10:27:32Z WARNING bsky_collector_v2.job.index_feed_generators: listRecords failed repo=did:web:hold01.atcr.io err=HttpError('InvalidRequest: Could not find repo: did:web:hold01.atcr.io')
2026-03-30T10:27:33Z INFO bsky_collector_v2.job.index_feed_generators: enqueued repos page=3 mode=listRepos inserted=500 repos_returned=500 next_cursor=set
2026-03-30T10:28:58Z WARNING bsky_collector_v2.job.index_feed_generators: listRecords failed repo=did:plc:oqja72pkzuzva22l6kz7qoxw err=HttpError('InvalidRequest: Could not find repo: did:plc:oqja72pkzuzva22l6kz7qoxw')
2026-03-30T10:29:21Z WARNING bsky_collector_v2.job.index_feed_generators: listRecords failed repo=did:plc:vvgxoinvjd6fgbd7a65yiq7a err=HttpError('InvalidRequest: Could not find repo: did:plc:vvgxoinvjd6fgbd7a65yiq7a')
2026-03-30T10:29:22Z WARNING bsky_collector_v2.job.index_feed_generators: listRecords failed repo=did:plc:w2cc5ptupiesdp4ig6vodjmc err=HttpError('InvalidRequest: Could not find repo: did:plc:w2cc5ptupiesdp4ig6vodjmc')
2026-03-30T10:29:32Z WARNING bsky_collector_v2.job.index_feed_generators: listRecords failed repo=did:plc:oqja72pkzuzva22l6kz7qoxw err=HttpError('InvalidRequest: Could not find repo: did:plc:oqja72pkzuzva22l6kz7qoxw')
2026-03-30T10:29:32Z WARNING bsky_collector_v2.job.index_feed_generators: listRecords failed repo=did:plc:vvgxoinvjd6fgbd7a65yiq7a err=HttpError('InvalidRequest: Could not find repo: did:plc:vvgxoinvjd6fgbd7a65yiq7a')
2026-03-30T10:29:32Z WARNING bsky_collector_v2.job.index_feed_generators: listRecords failed repo=did:plc:w2cc5ptupiesdp4ig6vodjmc err=HttpError('InvalidRequest: Could not find repo: did:plc:w2cc5ptupiesdp4ig6vodjmc')
2026-03-30T10:29:32Z WARNING bsky_collector_v2.job.index_feed_generators: listRecords failed repo=did:plc:oqja72pkzuzva22l6kz7qoxw err=HttpError('InvalidRequest: Could not find repo: did:plc:oqja72pkzuzva22l6kz7qoxw')
2026-03-30T10:29:32Z WARNING bsky_collector_v2.job.index_feed_generators: listRecords failed repo=did:plc:vvgxoinvjd6fgbd7a65yiq7a err=HttpError('InvalidRequest: Could not find repo: did:plc:vvgxoinvjd6fgbd7a65yiq7a')
2026-03-30T10:29:32Z WARNING bsky_collector_v2.job.index_feed_generators: listRecords failed repo=did:plc:w2cc5ptupiesdp4ig6vodjmc err=HttpError('InvalidRequest: Could not find repo: did:plc:w2cc5ptupiesdp4ig6vodjmc')
2026-03-30T10:29:33Z INFO bsky_collector_v2.job.index_feed_generators: enqueued repos page=4 mode=listRepos inserted=500 repos_returned=500 next_cursor=set
2026-03-30T10:29:41Z INFO bsky_collector_v2.job.index_feed_generators: indexed repo=did:plc:463xuhhk6rwl7gducdmdqiwk part=93 records=1 next_cursor=set
2026-03-30T10:31:00Z INFO bsky_collector_v2.job.index_feed_generators: enqueued repos page=5 mode=listRepos inserted=500 repos_returned=500 next_cursor=set
2026-03-30T10:31:58Z WARNING bsky_collector_v2.job.index_feed_generators: listRecords failed repo=did:plc:kcjlpjsusgt2us5nrnlbw45x err=HttpError('InvalidRequest: Could not find repo: did:plc:kcjlpjsusgt2us5nrnlbw45x')
2026-03-30T10:32:34Z INFO bsky_collector_v2.job.index_feed_generators: indexed repo=did:plc:yslgpvpoes5igwvnhqgxll4t part=94 records=1 next_cursor=set
2026-03-30T10:32:38Z WARNING bsky_collector_v2.job.index_feed_generators: listRecords failed repo=did:plc:kcjlpjsusgt2us5nrnlbw45x err=HttpError('InvalidRequest: Could not find repo: did:plc:kcjlpjsusgt2us5nrnlbw45x')
2026-03-30T10:32:46Z WARNING bsky_collector_v2.job.index_feed_generators: listRecords failed repo=did:plc:kcjlpjsusgt2us5nrnlbw45x err=HttpError('InvalidRequest: Could not find repo: did:plc:kcjlpjsusgt2us5nrnlbw45x')
2026-03-30T10:32:47Z INFO bsky_collector_v2.job.index_feed_generators: enqueued repos page=6 mode=listRepos inserted=500 repos_returned=500 next_cursor=set
2026-03-30T10:32:52Z WARNING bsky_collector_v2.job.index_feed_generators: listRecords failed repo=did:plc:47hg7m35ulnomphrxque24is err=HttpError('InvalidRequest: Could not find repo: did:plc:47hg7m35ulnomphrxque24is')
2026-03-30T10:33:22Z WARNING bsky_collector_v2.job.index_feed_generators: listRecords failed repo=did:plc:i5qe5p33ku2as4i6fabndaya err=HttpError('InvalidRequest: Could not find repo: did:plc:i5qe5p33ku2as4i6fabndaya')
2026-03-30T10:34:04Z WARNING bsky_collector_v2.job.index_feed_generators: listRecords failed repo=did:plc:rmnnik6yzhqypzf6wlaqmukv err=HttpError('InvalidRequest: Could not find repo: did:plc:rmnnik6yzhqypzf6wlaqmukv')
2026-03-30T10:34:30Z WARNING bsky_collector_v2.job.index_feed_generators: listRecords failed repo=did:plc:xxnqpggeddhpyg4gpseoslbu err=HttpError('InvalidRequest: Could not find repo: did:plc:xxnqpggeddhpyg4gpseoslbu')
2026-03-30T10:34:32Z WARNING bsky_collector_v2.job.index_feed_generators: listRecords failed repo=did:plc:yxblytmni7gq3ipbgr73tab5 err=HttpError('InvalidRequest: Could not find repo: did:plc:yxblytmni7gq3ipbgr73tab5')
2026-03-30T10:34:35Z WARNING bsky_collector_v2.job.index_feed_generators: listRecords failed repo=did:plc:47hg7m35ulnomphrxque24is err=HttpError('InvalidRequest: Could not find repo: did:plc:47hg7m35ulnomphrxque24is')
2026-03-30T10:34:35Z WARNING bsky_collector_v2.job.index_feed_generators: listRecords failed repo=did:plc:i5qe5p33ku2as4i6fabndaya err=HttpError('InvalidRequest: Could not find repo: did:plc:i5qe5p33ku2as4i6fabndaya')
2026-03-30T10:34:35Z WARNING bsky_collector_v2.job.index_feed_generators: listRecords failed repo=did:plc:rmnnik6yzhqypzf6wlaqmukv err=HttpError('InvalidRequest: Could not find repo: did:plc:rmnnik6yzhqypzf6wlaqmukv')
2026-03-30T10:34:35Z WARNING bsky_collector_v2.job.index_feed_generators: listRecords failed repo=did:plc:xxnqpggeddhpyg4gpseoslbu err=HttpError('InvalidRequest: Could not find repo: did:plc:xxnqpggeddhpyg4gpseoslbu')
2026-03-30T10:34:35Z WARNING bsky_collector_v2.job.index_feed_generators: listRecords failed repo=did:plc:yxblytmni7gq3ipbgr73tab5 err=HttpError('InvalidRequest: Could not find repo: did:plc:yxblytmni7gq3ipbgr73tab5')
2026-03-30T10:34:35Z WARNING bsky_collector_v2.job.index_feed_generators: listRecords failed repo=did:plc:47hg7m35ulnomphrxque24is err=HttpError('InvalidRequest: Could not find repo: did:plc:47hg7m35ulnomphrxque24is')
2026-03-30T10:34:35Z WARNING bsky_collector_v2.job.index_feed_generators: listRecords failed repo=did:plc:i5qe5p33ku2as4i6fabndaya err=HttpError('InvalidRequest: Could not find repo: did:plc:i5qe5p33ku2as4i6fabndaya')
2026-03-30T10:34:35Z WARNING bsky_collector_v2.job.index_feed_generators: listRecords failed repo=did:plc:rmnnik6yzhqypzf6wlaqmukv err=HttpError('InvalidRequest: Could not find repo: did:plc:rmnnik6yzhqypzf6wlaqmukv')
2026-03-30T10:34:35Z WARNING bsky_collector_v2.job.index_feed_generators: listRecords failed repo=did:plc:xxnqpggeddhpyg4gpseoslbu err=HttpError('InvalidRequest: Could not find repo: did:plc:xxnqpggeddhpyg4gpseoslbu')
2026-03-30T10:34:35Z WARNING bsky_collector_v2.job.index_feed_generators: listRecords failed repo=did:plc:yxblytmni7gq3ipbgr73tab5 err=HttpError('InvalidRequest: Could not find repo: did:plc:yxblytmni7gq3ipbgr73tab5')
2026-03-30T10:34:36Z INFO bsky_collector_v2.job.index_feed_generators: enqueued repos page=7 mode=listRepos inserted=500 repos_returned=500 next_cursor=set
2026-03-30T10:35:07Z WARNING bsky_collector_v2.job.index_feed_generators: listRecords failed repo=did:plc:b4cz6ltttvv46kp5hu42tll3 err=HttpError('InvalidRequest: Could not find repo: did:plc:b4cz6ltttvv46kp5hu42tll3')
2026-03-30T10:35:10Z WARNING bsky_collector_v2.job.index_feed_generators: listRecords failed repo=did:plc:byfdiiou4ebcrf7lrgwxlnjv err=HttpError('InvalidRequest: Could not find repo: did:plc:byfdiiou4ebcrf7lrgwxlnjv')
2026-03-30T10:35:55Z WARNING bsky_collector_v2.job.index_feed_generators: listRecords failed repo=did:plc:pl5kb7oqdhxrkbeya5qh53r7 err=HttpError('InvalidRequest: Could not find repo: did:plc:pl5kb7oqdhxrkbeya5qh53r7')
2026-03-30T10:36:23Z WARNING bsky_collector_v2.job.index_feed_generators: listRecords failed repo=did:plc:b4cz6ltttvv46kp5hu42tll3 err=HttpError('InvalidRequest: Could not find repo: did:plc:b4cz6ltttvv46kp5hu42tll3')
2026-03-30T10:36:23Z WARNING bsky_collector_v2.job.index_feed_generators: listRecords failed repo=did:plc:byfdiiou4ebcrf7lrgwxlnjv err=HttpError('InvalidRequest: Could not find repo: did:plc:byfdiiou4ebcrf7lrgwxlnjv')
2026-03-30T10:36:23Z WARNING bsky_collector_v2.job.index_feed_generators: listRecords failed repo=did:plc:pl5kb7oqdhxrkbeya5qh53r7 err=HttpError('InvalidRequest: Could not find repo: did:plc:pl5kb7oqdhxrkbeya5qh53r7')
2026-03-30T10:36:24Z WARNING bsky_collector_v2.job.index_feed_generators: listRecords failed repo=did:plc:b4cz6ltttvv46kp5hu42tll3 err=HttpError('InvalidRequest: Could not find repo: did:plc:b4cz6ltttvv46kp5hu42tll3')
2026-03-30T10:36:24Z WARNING bsky_collector_v2.job.index_feed_generators: listRecords failed repo=did:plc:byfdiiou4ebcrf7lrgwxlnjv err=HttpError('InvalidRequest: Could not find repo: did:plc:byfdiiou4ebcrf7lrgwxlnjv')
2026-03-30T10:36:24Z WARNING bsky_collector_v2.job.index_feed_generators: listRecords failed repo=did:plc:pl5kb7oqdhxrkbeya5qh53r7 err=HttpError('InvalidRequest: Could not find repo: did:plc:pl5kb7oqdhxrkbeya5qh53r7')
2026-03-30T10:36:24Z INFO bsky_collector_v2.job.index_feed_generators: enqueued repos page=8 mode=listRepos inserted=500 repos_returned=500 next_cursor=set
2026-03-30T10:36:27Z WARNING bsky_collector_v2.job.index_feed_generators: listRecords failed repo=did:plc:2wyv5t6uw3v2nyfxpyoxitnf err=HttpError('InvalidRequest: Could not find repo: did:plc:2wyv5t6uw3v2nyfxpyoxitnf')
2026-03-30T10:37:38Z WARNING bsky_collector_v2.job.index_feed_generators: listRecords failed repo=did:plc:uxakhaxbnacnrxio3dcx5djh err=HttpError('InvalidRequest: Could not find repo: did:plc:uxakhaxbnacnrxio3dcx5djh')
2026-03-30T10:37:43Z INFO bsky_collector_v2.job.index_feed_generators: indexed repo=did:plc:wvdjzao2oksk6phvdksoynzq part=95 records=23 next_cursor=set
2026-03-30T10:37:51Z WARNING bsky_collector_v2.job.index_feed_generators: listRecords failed repo=did:plc:2wyv5t6uw3v2nyfxpyoxitnf err=HttpError('InvalidRequest: Could not find repo: did:plc:2wyv5t6uw3v2nyfxpyoxitnf')
2026-03-30T10:37:51Z WARNING bsky_collector_v2.job.index_feed_generators: listRecords failed repo=did:plc:uxakhaxbnacnrxio3dcx5djh err=HttpError('InvalidRequest: Could not find repo: did:plc:uxakhaxbnacnrxio3dcx5djh')
2026-03-30T10:37:52Z WARNING bsky_collector_v2.job.index_feed_generators: listRecords failed repo=did:plc:2wyv5t6uw3v2nyfxpyoxitnf err=HttpError('InvalidRequest: Could not find repo: did:plc:2wyv5t6uw3v2nyfxpyoxitnf')
2026-03-30T10:37:52Z WARNING bsky_collector_v2.job.index_feed_generators: listRecords failed repo=did:plc:uxakhaxbnacnrxio3dcx5djh err=HttpError('InvalidRequest: Could not find repo: did:plc:uxakhaxbnacnrxio3dcx5djh')
2026-03-30T10:37:52Z INFO bsky_collector_v2.job.index_feed_generators: enqueued repos page=9 mode=listRepos inserted=500 repos_returned=500 next_cursor=set
2026-03-30T10:38:12Z WARNING bsky_collector_v2.job.index_feed_generators: listRecords failed repo=did:plc:auhqbq4zam5qbqcjankfosee err=HttpError('InvalidRequest: Could not find repo: did:plc:auhqbq4zam5qbqcjankfosee')
2026-03-30T10:38:27Z WARNING bsky_collector_v2.job.index_feed_generators: listRecords failed repo=did:plc:gigvthymbxjtqycd7ummxedm err=HttpError('InvalidRequest: Could not find repo: did:plc:gigvthymbxjtqycd7ummxedm')
2026-03-30T10:38:30Z WARNING bsky_collector_v2.job.index_feed_generators: listRecords failed repo=did:plc:hydipejjf3zbb65nv2nqsdfx err=HttpError('InvalidRequest: Could not find repo: did:plc:hydipejjf3zbb65nv2nqsdfx')
2026-03-30T10:38:40Z WARNING bsky_collector_v2.job.index_feed_generators: listRecords failed repo=did:plc:lbnoxitggtceo3pqkeyfzjcs err=HttpError('InvalidRequest: Could not find repo: did:plc:lbnoxitggtceo3pqkeyfzjcs')
2026-03-30T10:38:48Z INFO bsky_collector_v2.job.index_feed_generators: indexed repo=did:plc:ofplyu2qgcbvhcpjsblgtbe2 part=96 records=1 next_cursor=set
2026-03-30T10:39:25Z WARNING bsky_collector_v2.job.index_feed_generators: listRecords failed repo=did:plc:auhqbq4zam5qbqcjankfosee err=HttpError('InvalidRequest: Could not find repo: did:plc:auhqbq4zam5qbqcjankfosee')
2026-03-30T10:39:25Z WARNING bsky_collector_v2.job.index_feed_generators: listRecords failed repo=did:plc:gigvthymbxjtqycd7ummxedm err=HttpError('InvalidRequest: Could not find repo: did:plc:gigvthymbxjtqycd7ummxedm')
2026-03-30T10:39:25Z WARNING bsky_collector_v2.job.index_feed_generators: listRecords failed repo=did:plc:hydipejjf3zbb65nv2nqsdfx err=HttpError('InvalidRequest: Could not find repo: did:plc:hydipejjf3zbb65nv2nqsdfx')
2026-03-30T10:39:25Z WARNING bsky_collector_v2.job.index_feed_generators: listRecords failed repo=did:plc:lbnoxitggtceo3pqkeyfzjcs err=HttpError('InvalidRequest: Could not find repo: did:plc:lbnoxitggtceo3pqkeyfzjcs')
2026-03-30T10:39:25Z WARNING bsky_collector_v2.job.index_feed_generators: listRecords failed repo=did:plc:auhqbq4zam5qbqcjankfosee err=HttpError('InvalidRequest: Could not find repo: did:plc:auhqbq4zam5qbqcjankfosee')
2026-03-30T10:39:25Z WARNING bsky_collector_v2.job.index_feed_generators: listRecords failed repo=did:plc:gigvthymbxjtqycd7ummxedm err=HttpError('InvalidRequest: Could not find repo: did:plc:gigvthymbxjtqycd7ummxedm')
2026-03-30T10:39:25Z WARNING bsky_collector_v2.job.index_feed_generators: listRecords failed repo=did:plc:hydipejjf3zbb65nv2nqsdfx err=HttpError('InvalidRequest: Could not find repo: did:plc:hydipejjf3zbb65nv2nqsdfx')
2026-03-30T10:39:25Z WARNING bsky_collector_v2.job.index_feed_generators: listRecords failed repo=did:plc:lbnoxitggtceo3pqkeyfzjcs err=HttpError('InvalidRequest: Could not find repo: did:plc:lbnoxitggtceo3pqkeyfzjcs')
2026-03-30T10:39:26Z INFO bsky_collector_v2.job.index_feed_generators: enqueued repos page=10 mode=listRepos inserted=500 repos_returned=500 next_cursor=set
2026-03-30T10:39:32Z WARNING bsky_collector_v2.job.index_feed_generators: listRecords failed repo=did:plc:3x75a4vxfwrgfvc4sgtknnb5 err=HttpError('InvalidRequest: Could not find repo: did:plc:3x75a4vxfwrgfvc4sgtknnb5')
2026-03-30T10:39:33Z WARNING bsky_collector_v2.job.index_feed_generators: listRecords failed repo=did:plc:45vxdij4mxyjbk4v7be5etli err=HttpError('InvalidRequest: Could not find repo: did:plc:45vxdij4mxyjbk4v7be5etli')
2026-03-30T10:39:58Z WARNING bsky_collector_v2.job.index_feed_generators: listRecords failed repo=did:plc:din4qmymr42f5wtr2b7exoi7 err=HttpError('InvalidRequest: Could not find repo: did:plc:din4qmymr42f5wtr2b7exoi7')
2026-03-30T10:40:57Z WARNING bsky_collector_v2.job.index_feed_generators: listRecords failed repo=did:plc:ueu34j2m7zz4dev2zs3vxojm err=HttpError('InvalidRequest: Could not find repo: did:plc:ueu34j2m7zz4dev2zs3vxojm')
2026-03-30T10:41:14Z WARNING bsky_collector_v2.job.index_feed_generators: listRecords failed repo=did:plc:x3morecym5haafdpl65p323f err=HttpError('InvalidRequest: Could not find repo: did:plc:x3morecym5haafdpl65p323f')
2026-03-30T10:41:16Z WARNING bsky_collector_v2.job.index_feed_generators: listRecords failed repo=did:plc:y7bhlyd7jr74t4uuropozj6b err=HttpError('InvalidRequest: Could not find repo: did:plc:y7bhlyd7jr74t4uuropozj6b')
2026-03-30T10:41:20Z WARNING bsky_collector_v2.job.index_feed_generators: listRecords failed repo=did:plc:3x75a4vxfwrgfvc4sgtknnb5 err=HttpError('InvalidRequest: Could not find repo: did:plc:3x75a4vxfwrgfvc4sgtknnb5')
2026-03-30T10:41:20Z WARNING bsky_collector_v2.job.index_feed_generators: listRecords failed repo=did:plc:45vxdij4mxyjbk4v7be5etli err=HttpError('InvalidRequest: Could not find repo: did:plc:45vxdij4mxyjbk4v7be5etli')
2026-03-30T10:41:20Z WARNING bsky_collector_v2.job.index_feed_generators: listRecords failed repo=did:plc:din4qmymr42f5wtr2b7exoi7 err=HttpError('InvalidRequest: Could not find repo: did:plc:din4qmymr42f5wtr2b7exoi7')
2026-03-30T10:41:20Z WARNING bsky_collector_v2.job.index_feed_generators: listRecords failed repo=did:plc:ueu34j2m7zz4dev2zs3vxojm err=HttpError('InvalidRequest: Could not find repo: did:plc:ueu34j2m7zz4dev2zs3vxojm')
2026-03-30T10:41:20Z WARNING bsky_collector_v2.job.index_feed_generators: listRecords failed repo=did:plc:x3morecym5haafdpl65p323f err=HttpError('InvalidRequest: Could not find repo: did:plc:x3morecym5haafdpl65p323f')
2026-03-30T10:41:20Z WARNING bsky_collector_v2.job.index_feed_generators: listRecords failed repo=did:plc:y7bhlyd7jr74t4uuropozj6b err=HttpError('InvalidRequest: Could not find repo: did:plc:y7bhlyd7jr74t4uuropozj6b')
2026-03-30T10:41:21Z WARNING bsky_collector_v2.job.index_feed_generators: listRecords failed repo=did:plc:3x75a4vxfwrgfvc4sgtknnb5 err=HttpError('InvalidRequest: Could not find repo: did:plc:3x75a4vxfwrgfvc4sgtknnb5')
2026-03-30T10:41:21Z WARNING bsky_collector_v2.job.index_feed_generators: listRecords failed repo=did:plc:45vxdij4mxyjbk4v7be5etli err=HttpError('InvalidRequest: Could not find repo: did:plc:45vxdij4mxyjbk4v7be5etli')
2026-03-30T10:41:21Z WARNING bsky_collector_v2.job.index_feed_generators: listRecords failed repo=did:plc:din4qmymr42f5wtr2b7exoi7 err=HttpError('InvalidRequest: Could not find repo: did:plc:din4qmymr42f5wtr2b7exoi7')
2026-03-30T10:41:21Z WARNING bsky_collector_v2.job.index_feed_generators: listRecords failed repo=did:plc:ueu34j2m7zz4dev2zs3vxojm err=HttpError('InvalidRequest: Could not find repo: did:plc:ueu34j2m7zz4dev2zs3vxojm')
2026-03-30T10:41:21Z WARNING bsky_collector_v2.job.index_feed_generators: listRecords failed repo=did:plc:x3morecym5haafdpl65p323f err=HttpError('InvalidRequest: Could not find repo: did:plc:x3morecym5haafdpl65p323f')
2026-03-30T10:41:21Z WARNING bsky_collector_v2.job.index_feed_generators: listRecords failed repo=did:plc:y7bhlyd7jr74t4uuropozj6b err=HttpError('InvalidRequest: Could not find repo: did:plc:y7bhlyd7jr74t4uuropozj6b')
2026-03-30T10:41:21Z INFO bsky_collector_v2.job.index_feed_generators: enqueued repos page=11 mode=listRepos inserted=500 repos_returned=500 next_cursor=set
2026-03-30T10:42:46Z WARNING bsky_collector_v2.job.index_feed_generators: listRecords failed repo=did:plc:zqcpalisqaggvwlysd3f7t7a err=HttpError('InvalidRequest: Could not find repo: did:plc:zqcpalisqaggvwlysd3f7t7a')
2026-03-30T10:42:47Z WARNING bsky_collector_v2.job.index_feed_generators: listRecords failed repo=did:plc:zqcpalisqaggvwlysd3f7t7a err=HttpError('InvalidRequest: Could not find repo: did:plc:zqcpalisqaggvwlysd3f7t7a')
2026-03-30T10:42:47Z WARNING bsky_collector_v2.job.index_feed_generators: listRecords failed repo=did:plc:zqcpalisqaggvwlysd3f7t7a err=HttpError('InvalidRequest: Could not find repo: did:plc:zqcpalisqaggvwlysd3f7t7a')
2026-03-30T10:42:48Z INFO bsky_collector_v2.job.index_feed_generators: enqueued repos page=12 mode=listRepos inserted=500 repos_returned=500 next_cursor=set
2026-03-30T10:42:55Z WARNING bsky_collector_v2.job.index_feed_generators: listRecords failed repo=did:plc:42zfh36njlxpmtpjr25ynepq err=HttpError('InvalidRequest: Could not find repo: did:plc:42zfh36njlxpmtpjr25ynepq')
2026-03-30T10:43:03Z WARNING bsky_collector_v2.job.index_feed_generators: listRecords failed repo=did:plc:73q5kigh6e4x7mgd2bvqikll err=HttpError('InvalidRequest: Could not find repo: did:plc:73q5kigh6e4x7mgd2bvqikll')
2026-03-30T10:43:35Z WARNING bsky_collector_v2.job.index_feed_generators: listRecords failed repo=did:plc:lt6ebze7fazaaqnpx72ojt4k err=HttpError('InvalidRequest: Could not find repo: did:plc:lt6ebze7fazaaqnpx72ojt4k')
2026-03-30T10:44:11Z WARNING bsky_collector_v2.job.index_feed_generators: listRecords failed repo=did:plc:42zfh36njlxpmtpjr25ynepq err=HttpError('InvalidRequest: Could not find repo: did:plc:42zfh36njlxpmtpjr25ynepq')
2026-03-30T10:44:11Z WARNING bsky_collector_v2.job.index_feed_generators: listRecords failed repo=did:plc:73q5kigh6e4x7mgd2bvqikll err=HttpError('InvalidRequest: Could not find repo: did:plc:73q5kigh6e4x7mgd2bvqikll')
2026-03-30T10:44:11Z WARNING bsky_collector_v2.job.index_feed_generators: listRecords failed repo=did:plc:lt6ebze7fazaaqnpx72ojt4k err=HttpError('InvalidRequest: Could not find repo: did:plc:lt6ebze7fazaaqnpx72ojt4k')
2026-03-30T10:44:11Z WARNING bsky_collector_v2.job.index_feed_generators: listRecords failed repo=did:plc:42zfh36njlxpmtpjr25ynepq err=HttpError('InvalidRequest: Could not find repo: did:plc:42zfh36njlxpmtpjr25ynepq')
2026-03-30T10:44:11Z WARNING bsky_collector_v2.job.index_feed_generators: listRecords failed repo=did:plc:73q5kigh6e4x7mgd2bvqikll err=HttpError('InvalidRequest: Could not find repo: did:plc:73q5kigh6e4x7mgd2bvqikll')
2026-03-30T10:44:11Z WARNING bsky_collector_v2.job.index_feed_generators: listRecords failed repo=did:plc:lt6ebze7fazaaqnpx72ojt4k err=HttpError('InvalidRequest: Could not find repo: did:plc:lt6ebze7fazaaqnpx72ojt4k')
2026-03-30T10:44:12Z INFO bsky_collector_v2.job.index_feed_generators: enqueued repos page=13 mode=listRepos inserted=500 repos_returned=500 next_cursor=set
2026-03-30T10:44:15Z WARNING bsky_collector_v2.job.index_feed_generators: listRecords failed repo=did:plc:3eb5bahzn3h4cg2avbkdng32 err=HttpError('InvalidRequest: Could not find repo: did:plc:3eb5bahzn3h4cg2avbkdng32')
2026-03-30T10:45:38Z WARNING bsky_collector_v2.job.index_feed_generators: listRecords failed repo=did:plc:3eb5bahzn3h4cg2avbkdng32 err=HttpError('InvalidRequest: Could not find repo: did:plc:3eb5bahzn3h4cg2avbkdng32')
2026-03-30T10:45:38Z WARNING bsky_collector_v2.job.index_feed_generators: listRecords failed repo=did:plc:3eb5bahzn3h4cg2avbkdng32 err=HttpError('InvalidRequest: Could not find repo: did:plc:3eb5bahzn3h4cg2avbkdng32')
2026-03-30T10:45:39Z INFO bsky_collector_v2.job.index_feed_generators: enqueued repos page=14 mode=listRepos inserted=500 repos_returned=500 next_cursor=set
2026-03-30T10:47:14Z WARNING bsky_collector_v2.job.index_feed_generators: listRecords failed repo=did:plc:zf636xf24o5jtncyicihvakd err=HttpError('InvalidRequest: Could not find repo: did:plc:zf636xf24o5jtncyicihvakd')
2026-03-30T10:47:16Z WARNING bsky_collector_v2.job.index_feed_generators: listRecords failed repo=did:plc:zf636xf24o5jtncyicihvakd err=HttpError('InvalidRequest: Could not find repo: did:plc:zf636xf24o5jtncyicihvakd')
2026-03-30T10:47:16Z WARNING bsky_collector_v2.job.index_feed_generators: listRecords failed repo=did:plc:zf636xf24o5jtncyicihvakd err=HttpError('InvalidRequest: Could not find repo: did:plc:zf636xf24o5jtncyicihvakd')
2026-03-30T10:47:17Z INFO bsky_collector_v2.job.index_feed_generators: enqueued repos page=15 mode=listRepos inserted=500 repos_returned=500 next_cursor=set
2026-03-30T10:47:20Z WARNING bsky_collector_v2.job.index_feed_generators: listRecords failed repo=did:plc:3eoqh5ktzyecq6m742tms77f err=HttpError('InvalidRequest: Could not find repo: did:plc:3eoqh5ktzyecq6m742tms77f')
2026-03-30T10:48:36Z WARNING bsky_collector_v2.job.index_feed_generators: listRecords failed repo=did:plc:vduepnepjzvnoxfjtwkhgwfi err=HttpError('InvalidRequest: Could not find repo: did:plc:vduepnepjzvnoxfjtwkhgwfi')
2026-03-30T10:48:41Z WARNING bsky_collector_v2.job.index_feed_generators: listRecords failed repo=did:plc:wummrb7ikhqo6kxkwjnrt6f2 err=HttpError('InvalidRequest: Could not find repo: did:plc:wummrb7ikhqo6kxkwjnrt6f2')
2026-03-30T10:48:49Z WARNING bsky_collector_v2.job.index_feed_generators: listRecords failed repo=did:plc:3eoqh5ktzyecq6m742tms77f err=HttpError('InvalidRequest: Could not find repo: did:plc:3eoqh5ktzyecq6m742tms77f')
2026-03-30T10:48:49Z WARNING bsky_collector_v2.job.index_feed_generators: listRecords failed repo=did:plc:vduepnepjzvnoxfjtwkhgwfi err=HttpError('InvalidRequest: Could not find repo: did:plc:vduepnepjzvnoxfjtwkhgwfi')
2026-03-30T10:48:49Z WARNING bsky_collector_v2.job.index_feed_generators: listRecords failed repo=did:plc:wummrb7ikhqo6kxkwjnrt6f2 err=HttpError('InvalidRequest: Could not find repo: did:plc:wummrb7ikhqo6kxkwjnrt6f2')
2026-03-30T10:48:49Z WARNING bsky_collector_v2.job.index_feed_generators: listRecords failed repo=did:plc:3eoqh5ktzyecq6m742tms77f err=HttpError('InvalidRequest: Could not find repo: did:plc:3eoqh5ktzyecq6m742tms77f')
2026-03-30T10:48:49Z WARNING bsky_collector_v2.job.index_feed_generators: listRecords failed repo=did:plc:vduepnepjzvnoxfjtwkhgwfi err=HttpError('InvalidRequest: Could not find repo: did:plc:vduepnepjzvnoxfjtwkhgwfi')
2026-03-30T10:48:49Z WARNING bsky_collector_v2.job.index_feed_generators: listRecords failed repo=did:plc:wummrb7ikhqo6kxkwjnrt6f2 err=HttpError('InvalidRequest: Could not find repo: did:plc:wummrb7ikhqo6kxkwjnrt6f2')
2026-03-30T10:48:50Z INFO bsky_collector_v2.job.index_feed_generators: enqueued repos page=16 mode=listRepos inserted=500 repos_returned=500 next_cursor=set
2026-03-30T10:49:22Z WARNING bsky_collector_v2.job.index_feed_generators: listRecords failed repo=did:plc:e7jm67tyqwiish4o2e2xftts err=HttpError('InvalidRequest: Could not find repo: did:plc:e7jm67tyqwiish4o2e2xftts')
2026-03-30T10:50:20Z WARNING bsky_collector_v2.job.index_feed_generators: listRecords failed repo=did:plc:e7jm67tyqwiish4o2e2xftts err=HttpError('InvalidRequest: Could not find repo: did:plc:e7jm67tyqwiish4o2e2xftts')
2026-03-30T10:50:20Z WARNING bsky_collector_v2.job.index_feed_generators: listRecords failed repo=did:plc:e7jm67tyqwiish4o2e2xftts err=HttpError('InvalidRequest: Could not find repo: did:plc:e7jm67tyqwiish4o2e2xftts')
2026-03-30T10:50:20Z INFO bsky_collector_v2.job.index_feed_generators: enqueued repos page=17 mode=listRepos inserted=500 repos_returned=500 next_cursor=set
2026-03-30T10:50:39Z WARNING bsky_collector_v2.job.index_feed_generators: listRecords failed repo=did:plc:ajqtqsgro4brci3chin5pxvi err=HttpError('InvalidRequest: Could not find repo: did:plc:ajqtqsgro4brci3chin5pxvi')
2026-03-30T10:51:20Z WARNING bsky_collector_v2.job.index_feed_generators: listRecords failed repo=did:plc:nolmzqw3lk3pfb4gtapoe7jc err=HttpError('InvalidRequest: Could not find repo: did:plc:nolmzqw3lk3pfb4gtapoe7jc')
2026-03-30T10:52:01Z WARNING bsky_collector_v2.job.index_feed_generators: listRecords failed repo=did:plc:ajqtqsgro4brci3chin5pxvi err=HttpError('InvalidRequest: Could not find repo: did:plc:ajqtqsgro4brci3chin5pxvi')
2026-03-30T10:52:01Z WARNING bsky_collector_v2.job.index_feed_generators: listRecords failed repo=did:plc:nolmzqw3lk3pfb4gtapoe7jc err=HttpError('InvalidRequest: Could not find repo: did:plc:nolmzqw3lk3pfb4gtapoe7jc')
2026-03-30T10:52:01Z WARNING bsky_collector_v2.job.index_feed_generators: listRecords failed repo=did:plc:ajqtqsgro4brci3chin5pxvi err=HttpError('InvalidRequest: Could not find repo: did:plc:ajqtqsgro4brci3chin5pxvi')
2026-03-30T10:52:01Z WARNING bsky_collector_v2.job.index_feed_generators: listRecords failed repo=did:plc:nolmzqw3lk3pfb4gtapoe7jc err=HttpError('InvalidRequest: Could not find repo: did:plc:nolmzqw3lk3pfb4gtapoe7jc')
2026-03-30T10:52:02Z INFO bsky_collector_v2.job.index_feed_generators: enqueued repos page=18 mode=listRepos inserted=500 repos_returned=500 next_cursor=set
2026-03-30T10:52:08Z WARNING bsky_collector_v2.job.index_feed_generators: listRecords failed repo=did:plc:3r3aasrp6drvfm4sfgurye43 err=HttpError('InvalidRequest: Could not find repo: did:plc:3r3aasrp6drvfm4sfgurye43')
2026-03-30T10:52:13Z WARNING bsky_collector_v2.job.index_feed_generators: listRecords failed repo=did:plc:5l4r5bflmq5jz3nxcmxdcw3d err=HttpError('InvalidRequest: Could not find repo: did:plc:5l4r5bflmq5jz3nxcmxdcw3d')
2026-03-30T10:53:19Z WARNING bsky_collector_v2.job.index_feed_generators: listRecords failed repo=did:plc:ol2dshhf5gfosy2sekgmcfgw err=HttpError('InvalidRequest: Could not find repo: did:plc:ol2dshhf5gfosy2sekgmcfgw')
2026-03-30T10:53:56Z WARNING bsky_collector_v2.job.index_feed_generators: listRecords failed repo=did:plc:3r3aasrp6drvfm4sfgurye43 err=HttpError('InvalidRequest: Could not find repo: did:plc:3r3aasrp6drvfm4sfgurye43')
2026-03-30T10:53:56Z WARNING bsky_collector_v2.job.index_feed_generators: listRecords failed repo=did:plc:5l4r5bflmq5jz3nxcmxdcw3d err=HttpError('InvalidRequest: Could not find repo: did:plc:5l4r5bflmq5jz3nxcmxdcw3d')
2026-03-30T10:53:56Z WARNING bsky_collector_v2.job.index_feed_generators: listRecords failed repo=did:plc:ol2dshhf5gfosy2sekgmcfgw err=HttpError('InvalidRequest: Could not find repo: did:plc:ol2dshhf5gfosy2sekgmcfgw')
2026-03-30T10:53:56Z WARNING bsky_collector_v2.job.index_feed_generators: listRecords failed repo=did:plc:3r3aasrp6drvfm4sfgurye43 err=HttpError('InvalidRequest: Could not find repo: did:plc:3r3aasrp6drvfm4sfgurye43')
2026-03-30T10:53:57Z WARNING bsky_collector_v2.job.index_feed_generators: listRecords failed repo=did:plc:5l4r5bflmq5jz3nxcmxdcw3d err=HttpError('InvalidRequest: Could not find repo: did:plc:5l4r5bflmq5jz3nxcmxdcw3d')
2026-03-30T10:53:57Z WARNING bsky_collector_v2.job.index_feed_generators: listRecords failed repo=did:plc:ol2dshhf5gfosy2sekgmcfgw err=HttpError('InvalidRequest: Could not find repo: did:plc:ol2dshhf5gfosy2sekgmcfgw')
2026-03-30T10:53:57Z INFO bsky_collector_v2.job.index_feed_generators: enqueued repos page=19 mode=listRepos inserted=500 repos_returned=500 next_cursor=set
2026-03-30T10:54:25Z WARNING bsky_collector_v2.job.index_feed_generators: listRecords failed repo=did:plc:dwfj7jhnc2fdbcfgmmpbimch err=HttpError('InvalidRequest: Could not find repo: did:plc:dwfj7jhnc2fdbcfgmmpbimch')
2026-03-30T10:54:31Z WARNING bsky_collector_v2.job.index_feed_generators: listRecords failed repo=did:plc:g6jmblar2uda7klw3jye4yzi err=HttpError('InvalidRequest: Could not find repo: did:plc:g6jmblar2uda7klw3jye4yzi')
2026-03-30T10:55:04Z WARNING bsky_collector_v2.job.index_feed_generators: listRecords failed repo=did:plc:qnniz5ogngdixo32t7u6cj6i err=HttpError('InvalidRequest: Could not find repo: did:plc:qnniz5ogngdixo32t7u6cj6i')
2026-03-30T10:55:21Z WARNING bsky_collector_v2.job.index_feed_generators: listRecords failed repo=did:plc:uwfe5oxmkwizgaulgwma4tbu err=HttpError('InvalidRequest: Could not find repo: did:plc:uwfe5oxmkwizgaulgwma4tbu')
2026-03-30T10:55:34Z WARNING bsky_collector_v2.job.index_feed_generators: listRecords failed repo=did:plc:dwfj7jhnc2fdbcfgmmpbimch err=HttpError('InvalidRequest: Could not find repo: did:plc:dwfj7jhnc2fdbcfgmmpbimch')
2026-03-30T10:55:34Z WARNING bsky_collector_v2.job.index_feed_generators: listRecords failed repo=did:plc:g6jmblar2uda7klw3jye4yzi err=HttpError('InvalidRequest: Could not find repo: did:plc:g6jmblar2uda7klw3jye4yzi')
2026-03-30T10:55:34Z WARNING bsky_collector_v2.job.index_feed_generators: listRecords failed repo=did:plc:qnniz5ogngdixo32t7u6cj6i err=HttpError('InvalidRequest: Could not find repo: did:plc:qnniz5ogngdixo32t7u6cj6i')
2026-03-30T10:55:34Z WARNING bsky_collector_v2.job.index_feed_generators: listRecords failed repo=did:plc:uwfe5oxmkwizgaulgwma4tbu err=HttpError('InvalidRequest: Could not find repo: did:plc:uwfe5oxmkwizgaulgwma4tbu')
2026-03-30T10:55:34Z WARNING bsky_collector_v2.job.index_feed_generators: listRecords failed repo=did:plc:dwfj7jhnc2fdbcfgmmpbimch err=HttpError('InvalidRequest: Could not find repo: did:plc:dwfj7jhnc2fdbcfgmmpbimch')
2026-03-30T10:55:34Z WARNING bsky_collector_v2.job.index_feed_generators: listRecords failed repo=did:plc:g6jmblar2uda7klw3jye4yzi err=HttpError('InvalidRequest: Could not find repo: did:plc:g6jmblar2uda7klw3jye4yzi')
2026-03-30T10:55:34Z WARNING bsky_collector_v2.job.index_feed_generators: listRecords failed repo=did:plc:qnniz5ogngdixo32t7u6cj6i err=HttpError('InvalidRequest: Could not find repo: did:plc:qnniz5ogngdixo32t7u6cj6i')
2026-03-30T10:55:35Z WARNING bsky_collector_v2.job.index_feed_generators: listRecords failed repo=did:plc:uwfe5oxmkwizgaulgwma4tbu err=HttpError('InvalidRequest: Could not find repo: did:plc:uwfe5oxmkwizgaulgwma4tbu')
2026-03-30T10:55:35Z INFO bsky_collector_v2.job.index_feed_generators: enqueued repos page=20 mode=listRepos inserted=500 repos_returned=500 next_cursor=set
2026-03-30T10:55:38Z INFO bsky_collector_v2.job.index_feed_generators: indexed repo=did:plc:3pgpuuobocrcd4jringivswt part=97 records=3 next_cursor=set
2026-03-30T10:55:47Z WARNING bsky_collector_v2.job.index_feed_generators: listRecords failed repo=did:plc:6v6pwirlwriqatz56hmvbgbj err=HttpError('InvalidRequest: Could not find repo: did:plc:6v6pwirlwriqatz56hmvbgbj')
2026-03-30T10:56:07Z WARNING bsky_collector_v2.job.index_feed_generators: listRecords failed repo=did:plc:g5isvzm5b34eqbnfi5bweqys err=HttpError('InvalidRequest: Could not find repo: did:plc:g5isvzm5b34eqbnfi5bweqys')
2026-03-30T10:56:24Z WARNING bsky_collector_v2.job.index_feed_generators: listRecords failed repo=did:plc:mgvf4idehtwzgb7n22j3n3sg err=HttpError('InvalidRequest: Could not find repo: did:plc:mgvf4idehtwzgb7n22j3n3sg')
2026-03-30T10:56:59Z WARNING bsky_collector_v2.job.index_feed_generators: listRecords failed repo=did:plc:6v6pwirlwriqatz56hmvbgbj err=HttpError('InvalidRequest: Could not find repo: did:plc:6v6pwirlwriqatz56hmvbgbj')
2026-03-30T10:56:59Z WARNING bsky_collector_v2.job.index_feed_generators: listRecords failed repo=did:plc:g5isvzm5b34eqbnfi5bweqys err=HttpError('InvalidRequest: Could not find repo: did:plc:g5isvzm5b34eqbnfi5bweqys')
2026-03-30T10:56:59Z WARNING bsky_collector_v2.job.index_feed_generators: listRecords failed repo=did:plc:mgvf4idehtwzgb7n22j3n3sg err=HttpError('InvalidRequest: Could not find repo: did:plc:mgvf4idehtwzgb7n22j3n3sg')
2026-03-30T10:56:59Z WARNING bsky_collector_v2.job.index_feed_generators: listRecords failed repo=did:plc:6v6pwirlwriqatz56hmvbgbj err=HttpError('InvalidRequest: Could not find repo: did:plc:6v6pwirlwriqatz56hmvbgbj')
2026-03-30T10:56:59Z WARNING bsky_collector_v2.job.index_feed_generators: listRecords failed repo=did:plc:g5isvzm5b34eqbnfi5bweqys err=HttpError('InvalidRequest: Could not find repo: did:plc:g5isvzm5b34eqbnfi5bweqys')
2026-03-30T10:56:59Z WARNING bsky_collector_v2.job.index_feed_generators: listRecords failed repo=did:plc:mgvf4idehtwzgb7n22j3n3sg err=HttpError('InvalidRequest: Could not find repo: did:plc:mgvf4idehtwzgb7n22j3n3sg')
2026-03-30T10:57:00Z INFO bsky_collector_v2.job.index_feed_generators: enqueued repos page=21 mode=listRepos inserted=500 repos_returned=500 next_cursor=set
2026-03-30T10:58:45Z INFO bsky_collector_v2.job.index_feed_generators: enqueued repos page=22 mode=listRepos inserted=500 repos_returned=500 next_cursor=set
2026-03-30T10:58:58Z WARNING bsky_collector_v2.job.index_feed_generators: listRecords failed repo=did:plc:7jrdo3vtmnlr3vftfcjkjnah err=HttpError('InvalidRequest: Could not find repo: did:plc:7jrdo3vtmnlr3vftfcjkjnah')
2026-03-30T10:59:46Z WARNING bsky_collector_v2.job.index_feed_generators: listRecords failed repo=did:plc:o5ffhelqj4y5ecuwvvg54gx5 err=HttpError('InvalidRequest: Could not find repo: did:plc:o5ffhelqj4y5ecuwvvg54gx5')
2026-03-30T11:00:19Z WARNING bsky_collector_v2.job.index_feed_generators: listRecords failed repo=did:plc:7jrdo3vtmnlr3vftfcjkjnah err=HttpError('InvalidRequest: Could not find repo: did:plc:7jrdo3vtmnlr3vftfcjkjnah')
2026-03-30T11:00:19Z WARNING bsky_collector_v2.job.index_feed_generators: listRecords failed repo=did:plc:o5ffhelqj4y5ecuwvvg54gx5 err=HttpError('InvalidRequest: Could not find repo: did:plc:o5ffhelqj4y5ecuwvvg54gx5')
2026-03-30T11:00:20Z WARNING bsky_collector_v2.job.index_feed_generators: listRecords failed repo=did:plc:7jrdo3vtmnlr3vftfcjkjnah err=HttpError('InvalidRequest: Could not find repo: did:plc:7jrdo3vtmnlr3vftfcjkjnah')
2026-03-30T11:00:20Z WARNING bsky_collector_v2.job.index_feed_generators: listRecords failed repo=did:plc:o5ffhelqj4y5ecuwvvg54gx5 err=HttpError('InvalidRequest: Could not find repo: did:plc:o5ffhelqj4y5ecuwvvg54gx5')
2026-03-30T11:00:20Z INFO bsky_collector_v2.job.index_feed_generators: enqueued repos page=23 mode=listRepos inserted=500 repos_returned=500 next_cursor=set
2026-03-30T11:02:00Z INFO bsky_collector_v2.job.index_feed_generators: enqueued repos page=24 mode=listRepos inserted=500 repos_returned=500 next_cursor=set
2026-03-30T11:02:12Z WARNING bsky_collector_v2.job.index_feed_generators: listRecords failed repo=did:plc:5azgcs5iy2uie4u7tcjhyrcy err=HttpError('InvalidRequest: Could not find repo: did:plc:5azgcs5iy2uie4u7tcjhyrcy')
2026-03-30T11:03:05Z WARNING bsky_collector_v2.job.index_feed_generators: listRecords failed repo=did:plc:regmjirbsl3bhpu4icc4x4xg err=HttpError('InvalidRequest: Could not find repo: did:plc:regmjirbsl3bhpu4icc4x4xg')
2026-03-30T11:03:15Z INFO bsky_collector_v2.job.index_feed_generators: indexed repo=did:plc:vml6y4pccqnwzin3uaux4fuo part=98 records=1 next_cursor=set
2026-03-30T11:03:27Z WARNING bsky_collector_v2.job.index_feed_generators: listRecords failed repo=did:plc:5azgcs5iy2uie4u7tcjhyrcy err=HttpError('InvalidRequest: Could not find repo: did:plc:5azgcs5iy2uie4u7tcjhyrcy')
2026-03-30T11:03:27Z WARNING bsky_collector_v2.job.index_feed_generators: listRecords failed repo=did:plc:regmjirbsl3bhpu4icc4x4xg err=HttpError('InvalidRequest: Could not find repo: did:plc:regmjirbsl3bhpu4icc4x4xg')
2026-03-30T11:03:28Z WARNING bsky_collector_v2.job.index_feed_generators: listRecords failed repo=did:plc:5azgcs5iy2uie4u7tcjhyrcy err=HttpError('InvalidRequest: Could not find repo: did:plc:5azgcs5iy2uie4u7tcjhyrcy')
2026-03-30T11:03:28Z WARNING bsky_collector_v2.job.index_feed_generators: listRecords failed repo=did:plc:regmjirbsl3bhpu4icc4x4xg err=HttpError('InvalidRequest: Could not find repo: did:plc:regmjirbsl3bhpu4icc4x4xg')
2026-03-30T11:03:28Z INFO bsky_collector_v2.job.index_feed_generators: enqueued repos page=25 mode=listRepos inserted=500 repos_returned=500 next_cursor=set
2026-03-30T11:04:16Z INFO bsky_collector_v2.job.index_feed_generators: indexed repo=did:plc:is3l3adkwaocbbrfcutow446 part=99 records=2 next_cursor=set
2026-03-30T11:04:30Z WARNING bsky_collector_v2.job.index_feed_generators: listRecords failed repo=did:plc:o3ywfo56jp233nnh6dsqic2h err=HttpError('InvalidRequest: Could not find repo: did:plc:o3ywfo56jp233nnh6dsqic2h')
2026-03-30T11:04:51Z INFO bsky_collector_v2.job.index_feed_generators: indexed repo=did:plc:uzx4qtl7q3jibkcysovoqnmd part=100 records=8 next_cursor=set
2026-03-30T11:05:10Z INFO bsky_collector_v2.job.index_feed_generators: indexed repo=did:plc:y6ft3b3xsny22xgkou4hcg2p part=101 records=1 next_cursor=set
2026-03-30T11:05:20Z WARNING bsky_collector_v2.job.index_feed_generators: listRecords failed repo=did:plc:o3ywfo56jp233nnh6dsqic2h err=HttpError('InvalidRequest: Could not find repo: did:plc:o3ywfo56jp233nnh6dsqic2h')
2026-03-30T11:05:21Z WARNING bsky_collector_v2.job.index_feed_generators: listRecords failed repo=did:plc:o3ywfo56jp233nnh6dsqic2h err=HttpError('InvalidRequest: Could not find repo: did:plc:o3ywfo56jp233nnh6dsqic2h')
2026-03-30T11:05:21Z INFO bsky_collector_v2.job.index_feed_generators: enqueued repos page=26 mode=listRepos inserted=500 repos_returned=500 next_cursor=set
2026-03-30T11:05:31Z WARNING bsky_collector_v2.job.index_feed_generators: listRecords failed repo=did:plc:4hxx4inzhnlluuup3ibzrdfc err=HttpError('InvalidRequest: Could not find repo: did:plc:4hxx4inzhnlluuup3ibzrdfc')
2026-03-30T11:05:32Z WARNING bsky_collector_v2.job.index_feed_generators: listRecords failed repo=did:plc:55jbxyrot2bjpscybht5vfvp err=HttpError('InvalidRequest: Could not find repo: did:plc:55jbxyrot2bjpscybht5vfvp')
2026-03-30T11:05:43Z WARNING bsky_collector_v2.job.index_feed_generators: listRecords failed repo=did:plc:apii3xiajdgjjnitpowllffu err=HttpError('InvalidRequest: Could not find repo: did:plc:apii3xiajdgjjnitpowllffu')
2026-03-30T11:05:46Z WARNING bsky_collector_v2.job.index_feed_generators: listRecords failed repo=did:plc:chq5gsie66nzg4c7p5ikrnpf err=HttpError('InvalidRequest: Could not find repo: did:plc:chq5gsie66nzg4c7p5ikrnpf')
2026-03-30T11:05:56Z WARNING bsky_collector_v2.job.index_feed_generators: listRecords failed repo=did:plc:fi3m3lucagpju3kxjnadjkyy err=HttpError('InvalidRequest: Could not find repo: did:plc:fi3m3lucagpju3kxjnadjkyy')
2026-03-30T11:06:24Z INFO bsky_collector_v2.job.index_feed_generators: indexed repo=did:plc:r36vlvkntmnbs6nsbmqqbajm part=102 records=1 next_cursor=set
2026-03-30T11:06:35Z WARNING bsky_collector_v2.job.index_feed_generators: listRecords failed repo=did:plc:vbs6j4vy4rycbmadcwm5j754 err=HttpError('InvalidRequest: Could not find repo: did:plc:vbs6j4vy4rycbmadcwm5j754')
2026-03-30T11:06:35Z WARNING bsky_collector_v2.job.index_feed_generators: listRecords failed repo=did:plc:vgiigvrqstk5anz3cyt7uyk7 err=HttpError('InvalidRequest: Could not find repo: did:plc:vgiigvrqstk5anz3cyt7uyk7')
2026-03-30T11:06:49Z WARNING bsky_collector_v2.job.index_feed_generators: listRecords failed repo=did:plc:4hxx4inzhnlluuup3ibzrdfc err=HttpError('InvalidRequest: Could not find repo: did:plc:4hxx4inzhnlluuup3ibzrdfc')
2026-03-30T11:06:49Z WARNING bsky_collector_v2.job.index_feed_generators: listRecords failed repo=did:plc:55jbxyrot2bjpscybht5vfvp err=HttpError('InvalidRequest: Could not find repo: did:plc:55jbxyrot2bjpscybht5vfvp')
2026-03-30T11:06:49Z WARNING bsky_collector_v2.job.index_feed_generators: listRecords failed repo=did:plc:apii3xiajdgjjnitpowllffu err=HttpError('InvalidRequest: Could not find repo: did:plc:apii3xiajdgjjnitpowllffu')
2026-03-30T11:06:49Z WARNING bsky_collector_v2.job.index_feed_generators: listRecords failed repo=did:plc:chq5gsie66nzg4c7p5ikrnpf err=HttpError('InvalidRequest: Could not find repo: did:plc:chq5gsie66nzg4c7p5ikrnpf')
2026-03-30T11:06:49Z WARNING bsky_collector_v2.job.index_feed_generators: listRecords failed repo=did:plc:fi3m3lucagpju3kxjnadjkyy err=HttpError('InvalidRequest: Could not find repo: did:plc:fi3m3lucagpju3kxjnadjkyy')
2026-03-30T11:06:49Z WARNING bsky_collector_v2.job.index_feed_generators: listRecords failed repo=did:plc:vbs6j4vy4rycbmadcwm5j754 err=HttpError('InvalidRequest: Could not find repo: did:plc:vbs6j4vy4rycbmadcwm5j754')
2026-03-30T11:06:49Z WARNING bsky_collector_v2.job.index_feed_generators: listRecords failed repo=did:plc:vgiigvrqstk5anz3cyt7uyk7 err=HttpError('InvalidRequest: Could not find repo: did:plc:vgiigvrqstk5anz3cyt7uyk7')
2026-03-30T11:06:49Z WARNING bsky_collector_v2.job.index_feed_generators: listRecords failed repo=did:plc:4hxx4inzhnlluuup3ibzrdfc err=HttpError('InvalidRequest: Could not find repo: did:plc:4hxx4inzhnlluuup3ibzrdfc')
2026-03-30T11:06:49Z WARNING bsky_collector_v2.job.index_feed_generators: listRecords failed repo=did:plc:55jbxyrot2bjpscybht5vfvp err=HttpError('InvalidRequest: Could not find repo: did:plc:55jbxyrot2bjpscybht5vfvp')
2026-03-30T11:06:49Z WARNING bsky_collector_v2.job.index_feed_generators: listRecords failed repo=did:plc:apii3xiajdgjjnitpowllffu err=HttpError('InvalidRequest: Could not find repo: did:plc:apii3xiajdgjjnitpowllffu')
2026-03-30T11:06:49Z WARNING bsky_collector_v2.job.index_feed_generators: listRecords failed repo=did:plc:chq5gsie66nzg4c7p5ikrnpf err=HttpError('InvalidRequest: Could not find repo: did:plc:chq5gsie66nzg4c7p5ikrnpf')
2026-03-30T11:06:49Z WARNING bsky_collector_v2.job.index_feed_generators: listRecords failed repo=did:plc:fi3m3lucagpju3kxjnadjkyy err=HttpError('InvalidRequest: Could not find repo: did:plc:fi3m3lucagpju3kxjnadjkyy')
2026-03-30T11:06:50Z WARNING bsky_collector_v2.job.index_feed_generators: listRecords failed repo=did:plc:vbs6j4vy4rycbmadcwm5j754 err=HttpError('InvalidRequest: Could not find repo: did:plc:vbs6j4vy4rycbmadcwm5j754')
2026-03-30T11:06:50Z WARNING bsky_collector_v2.job.index_feed_generators: listRecords failed repo=did:plc:vgiigvrqstk5anz3cyt7uyk7 err=HttpError('InvalidRequest: Could not find repo: did:plc:vgiigvrqstk5anz3cyt7uyk7')
2026-03-30T11:06:50Z INFO bsky_collector_v2.job.index_feed_generators: enqueued repos page=27 mode=listRepos inserted=500 repos_returned=500 next_cursor=set
2026-03-30T11:06:55Z WARNING bsky_collector_v2.job.index_feed_generators: listRecords failed repo=did:plc:3sdy2ktxpirs5tnudewyfys3 err=HttpError('InvalidRequest: Could not find repo: did:plc:3sdy2ktxpirs5tnudewyfys3')
2026-03-30T11:06:55Z WARNING bsky_collector_v2.job.index_feed_generators: listRecords failed repo=did:plc:3tyl4anfgpn7y2ibf27v4icy err=HttpError('InvalidRequest: Could not find repo: did:plc:3tyl4anfgpn7y2ibf27v4icy')
2026-03-30T11:07:40Z WARNING bsky_collector_v2.job.index_feed_generators: listRecords failed repo=did:plc:nvi2uraukxfxp7fivm3r7u5v err=HttpError('InvalidRequest: Could not find repo: did:plc:nvi2uraukxfxp7fivm3r7u5v')
2026-03-30T11:07:44Z WARNING bsky_collector_v2.job.index_feed_generators: listRecords failed repo=did:plc:p3bldbs22wzpfccbwfguckrq err=HttpError('InvalidRequest: Could not find repo: did:plc:p3bldbs22wzpfccbwfguckrq')
2026-03-30T11:08:10Z WARNING bsky_collector_v2.job.index_feed_generators: listRecords failed repo=did:plc:updzdjklgqo63csnku6dtn7c err=HttpError('InvalidRequest: Could not find repo: did:plc:updzdjklgqo63csnku6dtn7c')
2026-03-30T11:08:10Z WARNING bsky_collector_v2.job.index_feed_generators: listRecords failed repo=did:plc:uuczjig4fq35cufplpblrwj7 err=HttpError('InvalidRequest: Could not find repo: did:plc:uuczjig4fq35cufplpblrwj7')
2026-03-30T11:08:14Z INFO bsky_collector_v2.job.index_feed_generators: indexed repo=did:plc:w4s5oblpayktn3p5rn6k6zbp part=103 records=1 next_cursor=set
2026-03-30T11:08:26Z WARNING bsky_collector_v2.job.index_feed_generators: listRecords failed repo=did:plc:3sdy2ktxpirs5tnudewyfys3 err=HttpError('InvalidRequest: Could not find repo: did:plc:3sdy2ktxpirs5tnudewyfys3')
2026-03-30T11:08:26Z WARNING bsky_collector_v2.job.index_feed_generators: listRecords failed repo=did:plc:3tyl4anfgpn7y2ibf27v4icy err=HttpError('InvalidRequest: Could not find repo: did:plc:3tyl4anfgpn7y2ibf27v4icy')
2026-03-30T11:08:26Z WARNING bsky_collector_v2.job.index_feed_generators: listRecords failed repo=did:plc:nvi2uraukxfxp7fivm3r7u5v err=HttpError('InvalidRequest: Could not find repo: did:plc:nvi2uraukxfxp7fivm3r7u5v')
2026-03-30T11:08:26Z WARNING bsky_collector_v2.job.index_feed_generators: listRecords failed repo=did:plc:p3bldbs22wzpfccbwfguckrq err=HttpError('InvalidRequest: Could not find repo: did:plc:p3bldbs22wzpfccbwfguckrq')
2026-03-30T11:08:26Z WARNING bsky_collector_v2.job.index_feed_generators: listRecords failed repo=did:plc:updzdjklgqo63csnku6dtn7c err=HttpError('InvalidRequest: Could not find repo: did:plc:updzdjklgqo63csnku6dtn7c')
2026-03-30T11:08:26Z WARNING bsky_collector_v2.job.index_feed_generators: listRecords failed repo=did:plc:uuczjig4fq35cufplpblrwj7 err=HttpError('InvalidRequest: Could not find repo: did:plc:uuczjig4fq35cufplpblrwj7')
2026-03-30T11:08:26Z WARNING bsky_collector_v2.job.index_feed_generators: listRecords failed repo=did:plc:3sdy2ktxpirs5tnudewyfys3 err=HttpError('InvalidRequest: Could not find repo: did:plc:3sdy2ktxpirs5tnudewyfys3')
2026-03-30T11:08:26Z WARNING bsky_collector_v2.job.index_feed_generators: listRecords failed repo=did:plc:3tyl4anfgpn7y2ibf27v4icy err=HttpError('InvalidRequest: Could not find repo: did:plc:3tyl4anfgpn7y2ibf27v4icy')
2026-03-30T11:08:26Z WARNING bsky_collector_v2.job.index_feed_generators: listRecords failed repo=did:plc:nvi2uraukxfxp7fivm3r7u5v err=HttpError('InvalidRequest: Could not find repo: did:plc:nvi2uraukxfxp7fivm3r7u5v')
2026-03-30T11:08:26Z WARNING bsky_collector_v2.job.index_feed_generators: listRecords failed repo=did:plc:p3bldbs22wzpfccbwfguckrq err=HttpError('InvalidRequest: Could not find repo: did:plc:p3bldbs22wzpfccbwfguckrq')
2026-03-30T11:08:26Z WARNING bsky_collector_v2.job.index_feed_generators: listRecords failed repo=did:plc:updzdjklgqo63csnku6dtn7c err=HttpError('InvalidRequest: Could not find repo: did:plc:updzdjklgqo63csnku6dtn7c')
2026-03-30T11:08:26Z WARNING bsky_collector_v2.job.index_feed_generators: listRecords failed repo=did:plc:uuczjig4fq35cufplpblrwj7 err=HttpError('InvalidRequest: Could not find repo: did:plc:uuczjig4fq35cufplpblrwj7')
2026-03-30T11:08:27Z INFO bsky_collector_v2.job.index_feed_generators: enqueued repos page=28 mode=listRepos inserted=500 repos_returned=500 next_cursor=set
2026-03-30T11:09:07Z WARNING bsky_collector_v2.job.index_feed_generators: listRecords failed repo=did:plc:esf243qi25bqujwfq7nlrnqq err=HttpError('InvalidRequest: Could not find repo: did:plc:esf243qi25bqujwfq7nlrnqq')
2026-03-30T11:09:44Z WARNING bsky_collector_v2.job.index_feed_generators: listRecords failed repo=did:plc:sr2ujegplrifb7tun3gxrgew err=HttpError('InvalidRequest: Could not find repo: did:plc:sr2ujegplrifb7tun3gxrgew')
2026-03-30T11:10:04Z WARNING bsky_collector_v2.job.index_feed_generators: listRecords failed repo=did:plc:esf243qi25bqujwfq7nlrnqq err=HttpError('InvalidRequest: Could not find repo: did:plc:esf243qi25bqujwfq7nlrnqq')
2026-03-30T11:10:04Z WARNING bsky_collector_v2.job.index_feed_generators: listRecords failed repo=did:plc:sr2ujegplrifb7tun3gxrgew err=HttpError('InvalidRequest: Could not find repo: did:plc:sr2ujegplrifb7tun3gxrgew')
2026-03-30T11:10:04Z WARNING bsky_collector_v2.job.index_feed_generators: listRecords failed repo=did:plc:esf243qi25bqujwfq7nlrnqq err=HttpError('InvalidRequest: Could not find repo: did:plc:esf243qi25bqujwfq7nlrnqq')
2026-03-30T11:10:04Z WARNING bsky_collector_v2.job.index_feed_generators: listRecords failed repo=did:plc:sr2ujegplrifb7tun3gxrgew err=HttpError('InvalidRequest: Could not find repo: did:plc:sr2ujegplrifb7tun3gxrgew')
2026-03-30T11:10:05Z INFO bsky_collector_v2.job.index_feed_generators: enqueued repos page=29 mode=listRepos inserted=500 repos_returned=500 next_cursor=set
2026-03-30T11:11:13Z WARNING bsky_collector_v2.job.index_feed_generators: listRecords failed repo=did:plc:prpiqjt7lwcyozasavhydkhr err=HttpError('InvalidRequest: Could not find repo: did:plc:prpiqjt7lwcyozasavhydkhr')
2026-03-30T11:11:53Z WARNING bsky_collector_v2.job.index_feed_generators: listRecords failed repo=did:plc:prpiqjt7lwcyozasavhydkhr err=HttpError('InvalidRequest: Could not find repo: did:plc:prpiqjt7lwcyozasavhydkhr')
2026-03-30T11:11:53Z WARNING bsky_collector_v2.job.index_feed_generators: listRecords failed repo=did:plc:prpiqjt7lwcyozasavhydkhr err=HttpError('InvalidRequest: Could not find repo: did:plc:prpiqjt7lwcyozasavhydkhr')
2026-03-30T11:11:54Z INFO bsky_collector_v2.job.index_feed_generators: enqueued repos page=30 mode=listRepos inserted=500 repos_returned=500 next_cursor=set
2026-03-30T11:12:03Z WARNING bsky_collector_v2.job.index_feed_generators: listRecords failed repo=did:plc:5nqjpq7ycyabmye4b42ezwpm err=HttpError('InvalidRequest: Could not find repo: did:plc:5nqjpq7ycyabmye4b42ezwpm')
2026-03-30T11:12:46Z WARNING bsky_collector_v2.job.index_feed_generators: listRecords failed repo=did:plc:nieuu4gp2s5s4kwfufpuk2hk err=HttpError('InvalidRequest: Could not find repo: did:plc:nieuu4gp2s5s4kwfufpuk2hk')
2026-03-30T11:12:57Z WARNING bsky_collector_v2.job.index_feed_generators: listRecords failed repo=did:plc:rh66w2ovjr6y3ec5rdevfuyg err=HttpError('InvalidRequest: Could not find repo: did:plc:rh66w2ovjr6y3ec5rdevfuyg')
2026-03-30T11:13:00Z WARNING bsky_collector_v2.job.index_feed_generators: listRecords failed repo=did:plc:sbhhkrerpaq6wmgcq2h2wu6c err=HttpError('InvalidRequest: Could not find repo: did:plc:sbhhkrerpaq6wmgcq2h2wu6c')
2026-03-30T11:13:07Z WARNING bsky_collector_v2.job.index_feed_generators: listRecords failed repo=did:plc:tbul433sn3yjgxomq62x62rb err=HttpError('InvalidRequest: Could not find repo: did:plc:tbul433sn3yjgxomq62x62rb')
2026-03-30T11:13:35Z WARNING bsky_collector_v2.job.index_feed_generators: listRecords failed repo=did:plc:5nqjpq7ycyabmye4b42ezwpm err=HttpError('InvalidRequest: Could not find repo: did:plc:5nqjpq7ycyabmye4b42ezwpm')
2026-03-30T11:13:35Z WARNING bsky_collector_v2.job.index_feed_generators: listRecords failed repo=did:plc:nieuu4gp2s5s4kwfufpuk2hk err=HttpError('InvalidRequest: Could not find repo: did:plc:nieuu4gp2s5s4kwfufpuk2hk')
2026-03-30T11:13:35Z WARNING bsky_collector_v2.job.index_feed_generators: listRecords failed repo=did:plc:rh66w2ovjr6y3ec5rdevfuyg err=HttpError('InvalidRequest: Could not find repo: did:plc:rh66w2ovjr6y3ec5rdevfuyg')
2026-03-30T11:13:36Z WARNING bsky_collector_v2.job.index_feed_generators: listRecords failed repo=did:plc:sbhhkrerpaq6wmgcq2h2wu6c err=HttpError('InvalidRequest: Could not find repo: did:plc:sbhhkrerpaq6wmgcq2h2wu6c')
2026-03-30T11:13:36Z WARNING bsky_collector_v2.job.index_feed_generators: listRecords failed repo=did:plc:tbul433sn3yjgxomq62x62rb err=HttpError('InvalidRequest: Could not find repo: did:plc:tbul433sn3yjgxomq62x62rb')
2026-03-30T11:13:36Z WARNING bsky_collector_v2.job.index_feed_generators: listRecords failed repo=did:plc:5nqjpq7ycyabmye4b42ezwpm err=HttpError('InvalidRequest: Could not find repo: did:plc:5nqjpq7ycyabmye4b42ezwpm')
2026-03-30T11:13:36Z WARNING bsky_collector_v2.job.index_feed_generators: listRecords failed repo=did:plc:nieuu4gp2s5s4kwfufpuk2hk err=HttpError('InvalidRequest: Could not find repo: did:plc:nieuu4gp2s5s4kwfufpuk2hk')
2026-03-30T11:13:36Z WARNING bsky_collector_v2.job.index_feed_generators: listRecords failed repo=did:plc:rh66w2ovjr6y3ec5rdevfuyg err=HttpError('InvalidRequest: Could not find repo: did:plc:rh66w2ovjr6y3ec5rdevfuyg')
2026-03-30T11:13:36Z WARNING bsky_collector_v2.job.index_feed_generators: listRecords failed repo=did:plc:sbhhkrerpaq6wmgcq2h2wu6c err=HttpError('InvalidRequest: Could not find repo: did:plc:sbhhkrerpaq6wmgcq2h2wu6c')
2026-03-30T11:13:36Z WARNING bsky_collector_v2.job.index_feed_generators: listRecords failed repo=did:plc:tbul433sn3yjgxomq62x62rb err=HttpError('InvalidRequest: Could not find repo: did:plc:tbul433sn3yjgxomq62x62rb')
2026-03-30T11:13:36Z INFO bsky_collector_v2.job.index_feed_generators: enqueued repos page=31 mode=listRepos inserted=500 repos_returned=500 next_cursor=set
2026-03-30T11:14:05Z WARNING bsky_collector_v2.job.index_feed_generators: listRecords failed repo=did:plc:dcowzmsljrzvamjqbaauurrh err=HttpError('InvalidRequest: Could not find repo: did:plc:dcowzmsljrzvamjqbaauurrh')
2026-03-30T11:14:32Z WARNING bsky_collector_v2.job.index_feed_generators: listRecords failed repo=did:plc:o4xntirwiih5bi3nwsqxkeyq err=HttpError('InvalidRequest: Could not find repo: did:plc:o4xntirwiih5bi3nwsqxkeyq')
2026-03-30T11:15:00Z WARNING bsky_collector_v2.job.index_feed_generators: listRecords failed repo=did:plc:dcowzmsljrzvamjqbaauurrh err=HttpError('InvalidRequest: Could not find repo: did:plc:dcowzmsljrzvamjqbaauurrh')
2026-03-30T11:15:00Z WARNING bsky_collector_v2.job.index_feed_generators: listRecords failed repo=did:plc:o4xntirwiih5bi3nwsqxkeyq err=HttpError('InvalidRequest: Could not find repo: did:plc:o4xntirwiih5bi3nwsqxkeyq')
2026-03-30T11:15:00Z WARNING bsky_collector_v2.job.index_feed_generators: listRecords failed repo=did:plc:dcowzmsljrzvamjqbaauurrh err=HttpError('InvalidRequest: Could not find repo: did:plc:dcowzmsljrzvamjqbaauurrh')
2026-03-30T11:15:00Z WARNING bsky_collector_v2.job.index_feed_generators: listRecords failed repo=did:plc:o4xntirwiih5bi3nwsqxkeyq err=HttpError('InvalidRequest: Could not find repo: did:plc:o4xntirwiih5bi3nwsqxkeyq')
2026-03-30T11:15:01Z INFO bsky_collector_v2.job.index_feed_generators: enqueued repos page=32 mode=listRepos inserted=500 repos_returned=500 next_cursor=set
2026-03-30T11:15:25Z WARNING bsky_collector_v2.job.index_feed_generators: listRecords failed repo=did:plc:ctr7by2ovx2ynsa7n4mhkd4r err=HttpError('InvalidRequest: Could not find repo: did:plc:ctr7by2ovx2ynsa7n4mhkd4r')
2026-03-30T11:15:30Z WARNING bsky_collector_v2.job.index_feed_generators: listRecords failed repo=did:plc:eferuurwaeetunkb6sv2kah3 err=HttpError('InvalidRequest: Could not find repo: did:plc:eferuurwaeetunkb6sv2kah3')
2026-03-30T11:16:19Z WARNING bsky_collector_v2.job.index_feed_generators: listRecords failed repo=did:plc:ctr7by2ovx2ynsa7n4mhkd4r err=HttpError('InvalidRequest: Could not find repo: did:plc:ctr7by2ovx2ynsa7n4mhkd4r')
2026-03-30T11:16:19Z WARNING bsky_collector_v2.job.index_feed_generators: listRecords failed repo=did:plc:eferuurwaeetunkb6sv2kah3 err=HttpError('InvalidRequest: Could not find repo: did:plc:eferuurwaeetunkb6sv2kah3')
2026-03-30T11:16:19Z WARNING bsky_collector_v2.job.index_feed_generators: listRecords failed repo=did:plc:ctr7by2ovx2ynsa7n4mhkd4r err=HttpError('InvalidRequest: Could not find repo: did:plc:ctr7by2ovx2ynsa7n4mhkd4r')
2026-03-30T11:16:19Z WARNING bsky_collector_v2.job.index_feed_generators: listRecords failed repo=did:plc:eferuurwaeetunkb6sv2kah3 err=HttpError('InvalidRequest: Could not find repo: did:plc:eferuurwaeetunkb6sv2kah3')
2026-03-30T11:16:19Z INFO bsky_collector_v2.job.index_feed_generators: enqueued repos page=33 mode=listRepos inserted=500 repos_returned=500 next_cursor=set
2026-03-30T11:17:55Z INFO bsky_collector_v2.job.index_feed_generators: enqueued repos page=34 mode=listRepos inserted=500 repos_returned=500 next_cursor=set
2026-03-30T11:17:56Z WARNING bsky_collector_v2.job.index_feed_generators: listRecords failed repo=did:plc:2i3umswkuux73eoh5xdv6eom err=HttpError('InvalidRequest: Could not find repo: did:plc:2i3umswkuux73eoh5xdv6eom')
