2026-02-22T11:06:47Z INFO bsky_collector_v2: out_base ok path=D:\BlueSky\data_v2_full mount=D:\
2026-02-22T11:06:47Z INFO bsky_collector_v2: job start subcommand=index-feed-generators dry_run=False resume=True
2026-02-22T11:06:48Z INFO bsky_collector_v2.job.index_feed_generators: feed generator index hosts relay_host=https://bsky.network records_host=https://bsky.social auth=yes
2026-02-22T11:06:51Z WARNING bsky_collector_v2.job.index_feed_generators: listRecords failed repo=did:plc:je3kb4zkakd33zhstdsu4njw err=HttpError('InvalidRequest: Could not find repo: did:plc:je3kb4zkakd33zhstdsu4njw')
2026-02-22T11:07:31Z INFO bsky_collector_v2.job.index_feed_generators: indexed repo=did:plc:vxi4jyf3l2tvby34fvqc6pvf part=479 records=2 next_cursor=set
2026-02-22T11:07:39Z INFO bsky_collector_v2.job.index_feed_generators: indexed repo=did:plc:ygzpu6opu776gck3l2xekgwz part=480 records=1 next_cursor=set
2026-02-22T11:07:45Z WARNING bsky_collector_v2.job.index_feed_generators: listRecords failed repo=did:plc:je3kb4zkakd33zhstdsu4njw err=HttpError('InvalidRequest: Could not find repo: did:plc:je3kb4zkakd33zhstdsu4njw')
2026-02-22T11:07:45Z WARNING bsky_collector_v2.job.index_feed_generators: listRecords failed repo=did:plc:je3kb4zkakd33zhstdsu4njw err=HttpError('InvalidRequest: Could not find repo: did:plc:je3kb4zkakd33zhstdsu4njw')
2026-02-22T11:07:46Z INFO bsky_collector_v2.job.index_feed_generators: enqueued repos page=1 mode=listRepos inserted=500 repos_returned=500 next_cursor=set
2026-02-22T11:08:00Z INFO bsky_collector_v2.job.index_feed_generators: indexed repo=did:plc:7dch4xttjkr5pkmbhxldu467 part=481 records=2 next_cursor=set
2026-02-22T11:08:09Z INFO bsky_collector_v2.job.index_feed_generators: indexed repo=did:plc:ck5cy2e23p4e76gpjmcpgobo part=482 records=4 next_cursor=set
2026-02-22T11:09:17Z INFO bsky_collector_v2.job.index_feed_generators: indexed repo=did:plc:ypskphlunit4mbk37f33aura part=483 records=3 next_cursor=set
2026-02-22T11:09:22Z INFO bsky_collector_v2.job.index_feed_generators: enqueued repos page=2 mode=listRepos inserted=500 repos_returned=500 next_cursor=set
2026-02-22T11:10:00Z WARNING bsky_collector_v2.job.index_feed_generators: listRecords failed repo=did:plc:fwj3pbyqv5npgnknhat6m2ro err=HttpError('InvalidRequest: Could not find repo: did:plc:fwj3pbyqv5npgnknhat6m2ro')
2026-02-22T11:10:37Z INFO bsky_collector_v2.job.index_feed_generators: indexed repo=did:plc:sllukxin4krslhbb2jnjaio3 part=484 records=2 next_cursor=set
2026-02-22T11:10:47Z WARNING bsky_collector_v2.job.index_feed_generators: listRecords failed repo=did:plc:ve4orxzvvx5ihnbxsvum5aig err=HttpError('InvalidRequest: Could not find repo: did:plc:ve4orxzvvx5ihnbxsvum5aig')
2026-02-22T11:10:57Z INFO bsky_collector_v2.job.index_feed_generators: indexed repo=did:plc:ztydnmcfsnmch6pfpkbtqzzv part=485 records=3 next_cursor=set
2026-02-22T11:10:58Z WARNING bsky_collector_v2.job.index_feed_generators: listRecords failed repo=did:plc:fwj3pbyqv5npgnknhat6m2ro err=HttpError('InvalidRequest: Could not find repo: did:plc:fwj3pbyqv5npgnknhat6m2ro')
2026-02-22T11:10:58Z WARNING bsky_collector_v2.job.index_feed_generators: listRecords failed repo=did:plc:ve4orxzvvx5ihnbxsvum5aig err=HttpError('InvalidRequest: Could not find repo: did:plc:ve4orxzvvx5ihnbxsvum5aig')
2026-02-22T11:10:58Z WARNING bsky_collector_v2.job.index_feed_generators: listRecords failed repo=did:plc:fwj3pbyqv5npgnknhat6m2ro err=HttpError('InvalidRequest: Could not find repo: did:plc:fwj3pbyqv5npgnknhat6m2ro')
2026-02-22T11:10:58Z WARNING bsky_collector_v2.job.index_feed_generators: listRecords failed repo=did:plc:ve4orxzvvx5ihnbxsvum5aig err=HttpError('InvalidRequest: Could not find repo: did:plc:ve4orxzvvx5ihnbxsvum5aig')
2026-02-22T11:10:59Z INFO bsky_collector_v2.job.index_feed_generators: enqueued repos page=3 mode=listRepos inserted=500 repos_returned=500 next_cursor=set
2026-02-22T11:11:10Z WARNING bsky_collector_v2.job.index_feed_generators: listRecords failed repo=did:plc:4x5jaxon7u6lmfjenli4a2zy err=HttpError('InvalidRequest: Could not find repo: did:plc:4x5jaxon7u6lmfjenli4a2zy')
2026-02-22T11:11:42Z INFO bsky_collector_v2.job.index_feed_generators: indexed repo=did:plc:guutz3lw7l3vc3m6jvwq3zjh part=486 records=1 next_cursor=set
2026-02-22T11:12:28Z INFO bsky_collector_v2.job.index_feed_generators: indexed repo=did:plc:wiickb4qmcmjgcvpn6lquczp part=487 records=1 next_cursor=set
2026-02-22T11:12:35Z WARNING bsky_collector_v2.job.index_feed_generators: listRecords failed repo=did:plc:4x5jaxon7u6lmfjenli4a2zy err=HttpError('InvalidRequest: Could not find repo: did:plc:4x5jaxon7u6lmfjenli4a2zy')
2026-02-22T11:12:36Z WARNING bsky_collector_v2.job.index_feed_generators: listRecords failed repo=did:plc:4x5jaxon7u6lmfjenli4a2zy err=HttpError('InvalidRequest: Could not find repo: did:plc:4x5jaxon7u6lmfjenli4a2zy')
2026-02-22T11:12:37Z INFO bsky_collector_v2.job.index_feed_generators: enqueued repos page=4 mode=listRepos inserted=500 repos_returned=500 next_cursor=set
2026-02-22T11:13:41Z WARNING bsky_collector_v2.job.index_feed_generators: listRecords failed repo=did:plc:kwdl5fguhaffuxng7pse4dzl err=HttpError('InvalidRequest: Could not find repo: did:plc:kwdl5fguhaffuxng7pse4dzl')
2026-02-22T11:13:52Z WARNING bsky_collector_v2.job.index_feed_generators: listRecords failed repo=did:plc:nzfazcifiplqpjf2hwgnznr4 err=HttpError('InvalidRequest: Could not find repo: did:plc:nzfazcifiplqpjf2hwgnznr4')
2026-02-22T11:14:06Z INFO bsky_collector_v2.job.index_feed_generators: indexed repo=did:plc:qutkexbss2bmfsvqfttxvnjp part=488 records=3 next_cursor=set
2026-02-22T11:14:23Z INFO bsky_collector_v2.job.index_feed_generators: indexed repo=did:plc:vkd6msphswcs6jvgp4mk2p3b part=489 records=1 next_cursor=set
2026-02-22T11:14:35Z INFO bsky_collector_v2.job.index_feed_generators: indexed repo=did:plc:zqwwbz5uumdwknzjti3ks7bm part=490 records=1 next_cursor=set
2026-02-22T11:14:36Z WARNING bsky_collector_v2.job.index_feed_generators: listRecords failed repo=did:plc:kwdl5fguhaffuxng7pse4dzl err=HttpError('InvalidRequest: Could not find repo: did:plc:kwdl5fguhaffuxng7pse4dzl')
2026-02-22T11:14:36Z WARNING bsky_collector_v2.job.index_feed_generators: listRecords failed repo=did:plc:nzfazcifiplqpjf2hwgnznr4 err=HttpError('InvalidRequest: Could not find repo: did:plc:nzfazcifiplqpjf2hwgnznr4')
2026-02-22T11:14:37Z WARNING bsky_collector_v2.job.index_feed_generators: listRecords failed repo=did:plc:kwdl5fguhaffuxng7pse4dzl err=HttpError('InvalidRequest: Could not find repo: did:plc:kwdl5fguhaffuxng7pse4dzl')
2026-02-22T11:14:37Z WARNING bsky_collector_v2.job.index_feed_generators: listRecords failed repo=did:plc:nzfazcifiplqpjf2hwgnznr4 err=HttpError('InvalidRequest: Could not find repo: did:plc:nzfazcifiplqpjf2hwgnznr4')
2026-02-22T11:14:38Z INFO bsky_collector_v2.job.index_feed_generators: enqueued repos page=5 mode=listRepos inserted=500 repos_returned=500 next_cursor=set
2026-02-22T11:14:57Z INFO bsky_collector_v2.job.index_feed_generators: indexed repo=did:plc:aszwpanptsvecepywdt5hewa part=491 records=3 next_cursor=set
2026-02-22T11:15:11Z INFO bsky_collector_v2.job.index_feed_generators: indexed repo=did:plc:fqpayl6g3r7xhjor77o6emn5 part=492 records=1 next_cursor=set
2026-02-22T11:15:25Z WARNING bsky_collector_v2.job.index_feed_generators: listRecords failed repo=did:plc:kd3nx6djxibli234m64runbu err=HttpError('InvalidRequest: Could not find repo: did:plc:kd3nx6djxibli234m64runbu')
2026-02-22T11:16:12Z WARNING bsky_collector_v2.job.index_feed_generators: listRecords failed repo=did:plc:kd3nx6djxibli234m64runbu err=HttpError('InvalidRequest: Could not find repo: did:plc:kd3nx6djxibli234m64runbu')
2026-02-22T11:16:12Z WARNING bsky_collector_v2.job.index_feed_generators: listRecords failed repo=did:plc:kd3nx6djxibli234m64runbu err=HttpError('InvalidRequest: Could not find repo: did:plc:kd3nx6djxibli234m64runbu')
2026-02-22T11:16:13Z INFO bsky_collector_v2.job.index_feed_generators: enqueued repos page=6 mode=listRepos inserted=500 repos_returned=500 next_cursor=set
2026-02-22T11:16:51Z INFO bsky_collector_v2.job.index_feed_generators: indexed repo=did:plc:hvz5lte5qu5f5k2zhbfhm3vd part=493 records=2 next_cursor=set
2026-02-22T11:17:18Z WARNING bsky_collector_v2.job.index_feed_generators: listRecords failed repo=did:plc:pn6pisnhglaisb7dotyn3s43 err=HttpError('InvalidRequest: Could not find repo: did:plc:pn6pisnhglaisb7dotyn3s43')
2026-02-22T11:17:53Z WARNING bsky_collector_v2.job.index_feed_generators: listRecords failed repo=did:plc:pn6pisnhglaisb7dotyn3s43 err=HttpError('InvalidRequest: Could not find repo: did:plc:pn6pisnhglaisb7dotyn3s43')
2026-02-22T11:17:53Z WARNING bsky_collector_v2.job.index_feed_generators: listRecords failed repo=did:plc:pn6pisnhglaisb7dotyn3s43 err=HttpError('InvalidRequest: Could not find repo: did:plc:pn6pisnhglaisb7dotyn3s43')
2026-02-22T11:17:53Z INFO bsky_collector_v2.job.index_feed_generators: enqueued repos page=7 mode=listRepos inserted=500 repos_returned=500 next_cursor=set
2026-02-22T11:18:03Z WARNING bsky_collector_v2.job.index_feed_generators: listRecords failed repo=did:plc:6a7gzxwv4mc2hecg4c5c3fgq err=HttpError('InvalidRequest: Could not find repo: did:plc:6a7gzxwv4mc2hecg4c5c3fgq')
2026-02-22T11:18:45Z INFO bsky_collector_v2.job.index_feed_generators: indexed repo=did:plc:loel7kmlfrekwulepwyv7lx4 part=494 records=1 next_cursor=set
2026-02-22T11:19:20Z INFO bsky_collector_v2.job.index_feed_generators: indexed repo=did:plc:xkcqhycmsqq3axb3t6zpumrj part=495 records=1 next_cursor=set
2026-02-22T11:19:21Z INFO bsky_collector_v2.job.index_feed_generators: indexed repo=did:plc:y5bi4bbtdxwqkwrdagl6x4ib part=496 records=2 next_cursor=set
2026-02-22T11:19:28Z WARNING bsky_collector_v2.job.index_feed_generators: listRecords failed repo=did:plc:6a7gzxwv4mc2hecg4c5c3fgq err=HttpError('InvalidRequest: Could not find repo: did:plc:6a7gzxwv4mc2hecg4c5c3fgq')
2026-02-22T11:19:28Z WARNING bsky_collector_v2.job.index_feed_generators: listRecords failed repo=did:plc:6a7gzxwv4mc2hecg4c5c3fgq err=HttpError('InvalidRequest: Could not find repo: did:plc:6a7gzxwv4mc2hecg4c5c3fgq')
2026-02-22T11:19:29Z INFO bsky_collector_v2.job.index_feed_generators: enqueued repos page=8 mode=listRepos inserted=500 repos_returned=500 next_cursor=set
2026-02-22T11:19:40Z WARNING bsky_collector_v2.job.index_feed_generators: listRecords failed repo=did:plc:5bxdtt7l324eiue2gt5vxk56 err=HttpError('InvalidRequest: Could not find repo: did:plc:5bxdtt7l324eiue2gt5vxk56')
2026-02-22T11:19:46Z INFO bsky_collector_v2.job.index_feed_generators: indexed repo=did:plc:7lonuuptey2abiechzb3h4wo part=497 records=1 next_cursor=set
2026-02-22T11:20:04Z INFO bsky_collector_v2.job.index_feed_generators: indexed repo=did:plc:g7qot2i5ieghnibof6abao4f part=498 records=1 next_cursor=set
2026-02-22T11:21:06Z WARNING bsky_collector_v2.job.index_feed_generators: listRecords failed repo=did:plc:5bxdtt7l324eiue2gt5vxk56 err=HttpError('InvalidRequest: Could not find repo: did:plc:5bxdtt7l324eiue2gt5vxk56')
2026-02-22T11:21:07Z WARNING bsky_collector_v2.job.index_feed_generators: listRecords failed repo=did:plc:5bxdtt7l324eiue2gt5vxk56 err=HttpError('InvalidRequest: Could not find repo: did:plc:5bxdtt7l324eiue2gt5vxk56')
2026-02-22T11:21:07Z INFO bsky_collector_v2.job.index_feed_generators: enqueued repos page=9 mode=listRepos inserted=500 repos_returned=500 next_cursor=set
2026-02-22T11:21:20Z INFO bsky_collector_v2.job.index_feed_generators: indexed repo=did:plc:6l2a5o3i376mnygcskdxrqrm part=499 records=2 next_cursor=set
2026-02-22T11:21:42Z WARNING bsky_collector_v2.job.index_feed_generators: listRecords failed repo=did:plc:fwjyqkcw6hehvkagk5dcgefh err=HttpError('InvalidRequest: Could not find repo: did:plc:fwjyqkcw6hehvkagk5dcgefh')
2026-02-22T11:21:49Z INFO bsky_collector_v2.job.index_feed_generators: indexed repo=did:plc:iqfhxim65jur3d4z5im2qfzl part=500 records=1 next_cursor=set
2026-02-22T11:21:54Z WARNING bsky_collector_v2.job.index_feed_generators: listRecords failed repo=did:plc:kepd67qfqt2ptdwrtsfvhsmp err=HttpError('InvalidRequest: Could not find repo: did:plc:kepd67qfqt2ptdwrtsfvhsmp')
2026-02-22T11:21:54Z INFO bsky_collector_v2.job.index_feed_generators: indexed repo=did:plc:kgpy7gyywmzrlzpvnczjbcbg part=501 records=1 next_cursor=set
2026-02-22T11:22:00Z INFO bsky_collector_v2.job.index_feed_generators: indexed repo=did:plc:m456tmsyftvfchybcafnfpuy part=502 records=1 next_cursor=set
2026-02-22T11:22:18Z WARNING bsky_collector_v2.job.index_feed_generators: listRecords failed repo=did:plc:rysclex4qpmqbelsyu6smogg err=HttpError('InvalidRequest: Could not find repo: did:plc:rysclex4qpmqbelsyu6smogg')
2026-02-22T11:22:23Z WARNING bsky_collector_v2.job.index_feed_generators: listRecords failed repo=did:plc:ttvhq7yreq2s4z7wli3g37xp err=HttpError('InvalidRequest: Could not find repo: did:plc:ttvhq7yreq2s4z7wli3g37xp')
2026-02-22T11:22:41Z WARNING bsky_collector_v2.job.index_feed_generators: listRecords failed repo=did:plc:fwjyqkcw6hehvkagk5dcgefh err=HttpError('InvalidRequest: Could not find repo: did:plc:fwjyqkcw6hehvkagk5dcgefh')
2026-02-22T11:22:41Z WARNING bsky_collector_v2.job.index_feed_generators: listRecords failed repo=did:plc:kepd67qfqt2ptdwrtsfvhsmp err=HttpError('InvalidRequest: Could not find repo: did:plc:kepd67qfqt2ptdwrtsfvhsmp')
2026-02-22T11:22:41Z WARNING bsky_collector_v2.job.index_feed_generators: listRecords failed repo=did:plc:rysclex4qpmqbelsyu6smogg err=HttpError('InvalidRequest: Could not find repo: did:plc:rysclex4qpmqbelsyu6smogg')
2026-02-22T11:22:42Z WARNING bsky_collector_v2.job.index_feed_generators: listRecords failed repo=did:plc:ttvhq7yreq2s4z7wli3g37xp err=HttpError('InvalidRequest: Could not find repo: did:plc:ttvhq7yreq2s4z7wli3g37xp')
2026-02-22T11:22:42Z WARNING bsky_collector_v2.job.index_feed_generators: listRecords failed repo=did:plc:fwjyqkcw6hehvkagk5dcgefh err=HttpError('InvalidRequest: Could not find repo: did:plc:fwjyqkcw6hehvkagk5dcgefh')
2026-02-22T11:22:42Z WARNING bsky_collector_v2.job.index_feed_generators: listRecords failed repo=did:plc:kepd67qfqt2ptdwrtsfvhsmp err=HttpError('InvalidRequest: Could not find repo: did:plc:kepd67qfqt2ptdwrtsfvhsmp')
2026-02-22T11:22:42Z WARNING bsky_collector_v2.job.index_feed_generators: listRecords failed repo=did:plc:rysclex4qpmqbelsyu6smogg err=HttpError('InvalidRequest: Could not find repo: did:plc:rysclex4qpmqbelsyu6smogg')
2026-02-22T11:22:42Z WARNING bsky_collector_v2.job.index_feed_generators: listRecords failed repo=did:plc:ttvhq7yreq2s4z7wli3g37xp err=HttpError('InvalidRequest: Could not find repo: did:plc:ttvhq7yreq2s4z7wli3g37xp')
2026-02-22T11:22:42Z INFO bsky_collector_v2.job.index_feed_generators: enqueued repos page=10 mode=listRepos inserted=500 repos_returned=500 next_cursor=set
2026-02-22T11:22:49Z WARNING bsky_collector_v2.job.index_feed_generators: listRecords failed repo=did:plc:3qboksg4rizydfngssavsbog err=HttpError('InvalidRequest: Could not find repo: did:plc:3qboksg4rizydfngssavsbog')
2026-02-22T11:22:52Z INFO bsky_collector_v2.job.index_feed_generators: indexed repo=did:plc:4jhtcd275ikpucwarol6hll6 part=503 records=1 next_cursor=set
2026-02-22T11:24:06Z WARNING bsky_collector_v2.job.index_feed_generators: listRecords failed repo=did:plc:ttg7yycxoqe3zri6j5vebmub err=HttpError('InvalidRequest: Could not find repo: did:plc:ttg7yycxoqe3zri6j5vebmub')
2026-02-22T11:24:20Z INFO bsky_collector_v2.job.index_feed_generators: indexed repo=did:plc:z72i7hdynmk6r22z27h6tvur part=504 records=7 next_cursor=set
2026-02-22T11:24:21Z WARNING bsky_collector_v2.job.index_feed_generators: listRecords failed repo=did:plc:3qboksg4rizydfngssavsbog err=HttpError('InvalidRequest: Could not find repo: did:plc:3qboksg4rizydfngssavsbog')
2026-02-22T11:24:21Z WARNING bsky_collector_v2.job.index_feed_generators: listRecords failed repo=did:plc:ttg7yycxoqe3zri6j5vebmub err=HttpError('InvalidRequest: Could not find repo: did:plc:ttg7yycxoqe3zri6j5vebmub')
2026-02-22T11:24:21Z WARNING bsky_collector_v2.job.index_feed_generators: listRecords failed repo=did:plc:3qboksg4rizydfngssavsbog err=HttpError('InvalidRequest: Could not find repo: did:plc:3qboksg4rizydfngssavsbog')
2026-02-22T11:24:21Z WARNING bsky_collector_v2.job.index_feed_generators: listRecords failed repo=did:plc:ttg7yycxoqe3zri6j5vebmub err=HttpError('InvalidRequest: Could not find repo: did:plc:ttg7yycxoqe3zri6j5vebmub')
2026-02-22T11:24:22Z INFO bsky_collector_v2.job.index_feed_generators: enqueued repos page=11 mode=listRepos inserted=500 repos_returned=500 next_cursor=set
2026-02-22T11:25:12Z INFO bsky_collector_v2.job.index_feed_generators: indexed repo=did:plc:hme4qj6m2bjvqxx6sehodouk part=505 records=4 next_cursor=set
2026-02-22T11:25:27Z INFO bsky_collector_v2.job.index_feed_generators: indexed repo=did:plc:mfyvoiacugzkeg6llf4qzndj part=506 records=1 next_cursor=set
2026-02-22T11:25:36Z INFO bsky_collector_v2.job.index_feed_generators: indexed repo=did:plc:pam5vuq5xog67ylzkzc2nbf3 part=507 records=1 next_cursor=set
2026-02-22T11:25:48Z WARNING bsky_collector_v2.job.index_feed_generators: listRecords failed repo=did:plc:timnq6ct3niamtfcszix4umv err=HttpError('InvalidRequest: Could not find repo: did:plc:timnq6ct3niamtfcszix4umv')
2026-02-22T11:26:04Z WARNING bsky_collector_v2.job.index_feed_generators: listRecords failed repo=did:plc:yudveuqzbeaa7f6h6tdreovw err=HttpError('InvalidRequest: Could not find repo: did:plc:yudveuqzbeaa7f6h6tdreovw')
2026-02-22T11:26:09Z WARNING bsky_collector_v2.job.index_feed_generators: listRecords failed repo=did:plc:timnq6ct3niamtfcszix4umv err=HttpError('InvalidRequest: Could not find repo: did:plc:timnq6ct3niamtfcszix4umv')
2026-02-22T11:26:09Z WARNING bsky_collector_v2.job.index_feed_generators: listRecords failed repo=did:plc:yudveuqzbeaa7f6h6tdreovw err=HttpError('InvalidRequest: Could not find repo: did:plc:yudveuqzbeaa7f6h6tdreovw')
2026-02-22T11:26:09Z WARNING bsky_collector_v2.job.index_feed_generators: listRecords failed repo=did:plc:timnq6ct3niamtfcszix4umv err=HttpError('InvalidRequest: Could not find repo: did:plc:timnq6ct3niamtfcszix4umv')
2026-02-22T11:26:09Z WARNING bsky_collector_v2.job.index_feed_generators: listRecords failed repo=did:plc:yudveuqzbeaa7f6h6tdreovw err=HttpError('InvalidRequest: Could not find repo: did:plc:yudveuqzbeaa7f6h6tdreovw')
2026-02-22T11:26:10Z INFO bsky_collector_v2.job.index_feed_generators: enqueued repos page=12 mode=listRepos inserted=500 repos_returned=500 next_cursor=set
2026-02-22T11:26:22Z INFO bsky_collector_v2.job.index_feed_generators: indexed repo=did:plc:5b3mhd62lblahwfp7nuynhtv part=508 records=3 next_cursor=set
2026-02-22T11:26:40Z INFO bsky_collector_v2.job.index_feed_generators: indexed repo=did:plc:dmh3tbr3tnwysrxvunywgxw7 part=509 records=1 next_cursor=set
2026-02-22T11:26:48Z INFO bsky_collector_v2.job.index_feed_generators: indexed repo=did:plc:go4b7zduspvcwyxjf7p2lu5j part=510 records=1 next_cursor=set
2026-02-22T11:26:52Z INFO bsky_collector_v2.job.index_feed_generators: indexed repo=did:plc:iyirxony5d743b524xjtadih part=511 records=2 next_cursor=set
2026-02-22T11:27:46Z INFO bsky_collector_v2.job.index_feed_generators: enqueued repos page=13 mode=listRepos inserted=500 repos_returned=500 next_cursor=set
2026-02-22T11:28:18Z INFO bsky_collector_v2.job.index_feed_generators: indexed repo=did:plc:fio3p5z6xd4mlwtzvhcvsz7y part=512 records=2 next_cursor=set
2026-02-22T11:28:27Z WARNING bsky_collector_v2.job.index_feed_generators: listRecords failed repo=did:plc:iix6r3ur466nclxkir4qosi3 err=HttpError('InvalidRequest: Could not find repo: did:plc:iix6r3ur466nclxkir4qosi3')
2026-02-22T11:28:28Z WARNING bsky_collector_v2.job.index_feed_generators: listRecords failed repo=did:plc:inddgxq7earno2evydb6ttrm err=HttpError('InvalidRequest: Could not find repo: did:plc:inddgxq7earno2evydb6ttrm')
2026-02-22T11:28:43Z INFO bsky_collector_v2.job.index_feed_generators: indexed repo=did:plc:o7b5ntalttr4mpvq2hqjkjic part=513 records=2 next_cursor=set
2026-02-22T11:29:00Z INFO bsky_collector_v2.job.index_feed_generators: indexed repo=did:plc:tww5r7oaiqeuvbwkjhtjh72t part=514 records=1 next_cursor=set
2026-02-22T11:29:09Z INFO bsky_collector_v2.job.index_feed_generators: indexed repo=did:plc:webw3fcmevqrijei32tss37q part=515 records=1 next_cursor=set
2026-02-22T11:29:20Z WARNING bsky_collector_v2.job.index_feed_generators: listRecords failed repo=did:plc:iix6r3ur466nclxkir4qosi3 err=HttpError('InvalidRequest: Could not find repo: did:plc:iix6r3ur466nclxkir4qosi3')
2026-02-22T11:29:21Z WARNING bsky_collector_v2.job.index_feed_generators: listRecords failed repo=did:plc:inddgxq7earno2evydb6ttrm err=HttpError('InvalidRequest: Could not find repo: did:plc:inddgxq7earno2evydb6ttrm')
2026-02-22T11:29:22Z WARNING bsky_collector_v2.job.index_feed_generators: listRecords failed repo=did:plc:iix6r3ur466nclxkir4qosi3 err=HttpError('InvalidRequest: Could not find repo: did:plc:iix6r3ur466nclxkir4qosi3')
2026-02-22T11:29:22Z WARNING bsky_collector_v2.job.index_feed_generators: listRecords failed repo=did:plc:inddgxq7earno2evydb6ttrm err=HttpError('InvalidRequest: Could not find repo: did:plc:inddgxq7earno2evydb6ttrm')
2026-02-22T11:29:22Z INFO bsky_collector_v2.job.index_feed_generators: enqueued repos page=14 mode=listRepos inserted=500 repos_returned=500 next_cursor=set
2026-02-22T11:29:26Z INFO bsky_collector_v2.job.index_feed_generators: indexed repo=did:plc:2yysyamiqltzfrpofrdlvoyh part=516 records=2 next_cursor=set
2026-02-22T11:29:32Z INFO bsky_collector_v2.job.index_feed_generators: indexed repo=did:plc:62zzvtnzwqocilcjc6b7ll3c part=517 records=2 next_cursor=set
2026-02-22T11:30:12Z INFO bsky_collector_v2.job.index_feed_generators: indexed repo=did:plc:m5gefazzi3cgdclxlz6a4afe part=518 records=1 next_cursor=set
2026-02-22T11:30:22Z INFO bsky_collector_v2.job.index_feed_generators: indexed repo=did:plc:psyep2fij35xezmdikpvgwv4 part=519 records=3 next_cursor=set
2026-02-22T11:30:35Z INFO bsky_collector_v2.job.index_feed_generators: indexed repo=did:plc:ti6zkp5xq4pfiacokqlyj7a3 part=520 records=1 next_cursor=set
2026-02-22T11:30:55Z INFO bsky_collector_v2.job.index_feed_generators: enqueued repos page=15 mode=listRepos inserted=500 repos_returned=500 next_cursor=set
2026-02-22T11:31:10Z WARNING bsky_collector_v2.job.index_feed_generators: listRecords failed repo=did:plc:6jtvbrbab7ekrsqlmvljfusv err=HttpError('InvalidRequest: Could not find repo: did:plc:6jtvbrbab7ekrsqlmvljfusv')
2026-02-22T11:31:21Z INFO bsky_collector_v2.job.index_feed_generators: indexed repo=did:plc:c5l6xsubq6aikuk7rpvisaib part=521 records=1 next_cursor=set
2026-02-22T11:31:39Z INFO bsky_collector_v2.job.index_feed_generators: indexed repo=did:plc:izezav52chqgjmf5j4gy6vtt part=522 records=2 next_cursor=set
2026-02-22T11:32:01Z INFO bsky_collector_v2.job.index_feed_generators: indexed repo=did:plc:rcwiffhudjkejdds73o7btlh part=523 records=1 next_cursor=set
2026-02-22T11:32:12Z INFO bsky_collector_v2.job.index_feed_generators: indexed repo=did:plc:v357h2rzmxvnbjpen23zk44l part=524 records=2 next_cursor=set
2026-02-22T11:32:27Z WARNING bsky_collector_v2.job.index_feed_generators: listRecords failed repo=did:plc:6jtvbrbab7ekrsqlmvljfusv err=HttpError('InvalidRequest: Could not find repo: did:plc:6jtvbrbab7ekrsqlmvljfusv')
2026-02-22T11:32:28Z WARNING bsky_collector_v2.job.index_feed_generators: listRecords failed repo=did:plc:6jtvbrbab7ekrsqlmvljfusv err=HttpError('InvalidRequest: Could not find repo: did:plc:6jtvbrbab7ekrsqlmvljfusv')
2026-02-22T11:32:29Z INFO bsky_collector_v2.job.index_feed_generators: enqueued repos page=16 mode=listRepos inserted=500 repos_returned=500 next_cursor=set
2026-02-22T11:32:44Z INFO bsky_collector_v2.job.index_feed_generators: indexed repo=did:plc:ad5xle2qgou67s33g5svvyyn part=525 records=1 next_cursor=set
2026-02-22T11:32:55Z WARNING bsky_collector_v2.job.index_feed_generators: listRecords failed repo=did:plc:dqdqw5film5qfnbrr5phdwss err=HttpError('InvalidRequest: Could not find repo: did:plc:dqdqw5film5qfnbrr5phdwss')
2026-02-22T11:33:08Z WARNING bsky_collector_v2.job.index_feed_generators: listRecords failed repo=did:plc:i4bjcxmxpmtxxcyw6vuzcbl4 err=HttpError('InvalidRequest: Could not find repo: did:plc:i4bjcxmxpmtxxcyw6vuzcbl4')
2026-02-22T11:33:25Z WARNING bsky_collector_v2.job.index_feed_generators: listRecords failed repo=did:plc:np3ke6bfgqqkfvtgobpd3o7a err=HttpError('InvalidRequest: Could not find repo: did:plc:np3ke6bfgqqkfvtgobpd3o7a')
2026-02-22T11:34:04Z WARNING bsky_collector_v2.job.index_feed_generators: listRecords failed repo=did:plc:dqdqw5film5qfnbrr5phdwss err=HttpError('InvalidRequest: Could not find repo: did:plc:dqdqw5film5qfnbrr5phdwss')
2026-02-22T11:34:04Z WARNING bsky_collector_v2.job.index_feed_generators: listRecords failed repo=did:plc:i4bjcxmxpmtxxcyw6vuzcbl4 err=HttpError('InvalidRequest: Could not find repo: did:plc:i4bjcxmxpmtxxcyw6vuzcbl4')
2026-02-22T11:34:04Z WARNING bsky_collector_v2.job.index_feed_generators: listRecords failed repo=did:plc:np3ke6bfgqqkfvtgobpd3o7a err=HttpError('InvalidRequest: Could not find repo: did:plc:np3ke6bfgqqkfvtgobpd3o7a')
2026-02-22T11:34:04Z WARNING bsky_collector_v2.job.index_feed_generators: listRecords failed repo=did:plc:dqdqw5film5qfnbrr5phdwss err=HttpError('InvalidRequest: Could not find repo: did:plc:dqdqw5film5qfnbrr5phdwss')
2026-02-22T11:34:05Z WARNING bsky_collector_v2.job.index_feed_generators: listRecords failed repo=did:plc:i4bjcxmxpmtxxcyw6vuzcbl4 err=HttpError('InvalidRequest: Could not find repo: did:plc:i4bjcxmxpmtxxcyw6vuzcbl4')
2026-02-22T11:34:05Z WARNING bsky_collector_v2.job.index_feed_generators: listRecords failed repo=did:plc:np3ke6bfgqqkfvtgobpd3o7a err=HttpError('InvalidRequest: Could not find repo: did:plc:np3ke6bfgqqkfvtgobpd3o7a')
2026-02-22T11:34:05Z INFO bsky_collector_v2.job.index_feed_generators: enqueued repos page=17 mode=listRepos inserted=500 repos_returned=500 next_cursor=set
2026-02-22T11:34:08Z WARNING bsky_collector_v2.job.index_feed_generators: listRecords failed repo=did:plc:2zy6pbjys2esu5mgxkff722g err=HttpError('InvalidRequest: Could not find repo: did:plc:2zy6pbjys2esu5mgxkff722g')
2026-02-22T11:34:21Z INFO bsky_collector_v2.job.index_feed_generators: indexed repo=did:plc:7flx37pfe6new6caybzhc7dc part=526 records=1 next_cursor=set
2026-02-22T11:34:26Z WARNING bsky_collector_v2.job.index_feed_generators: listRecords failed repo=did:plc:bbmapgy6t6gyodsxs2wgqr7n err=HttpError('InvalidRequest: Could not find repo: did:plc:bbmapgy6t6gyodsxs2wgqr7n')
2026-02-22T11:35:10Z INFO bsky_collector_v2.job.index_feed_generators: indexed repo=did:plc:oiikk5muiqk6av2z6i6lizvg part=527 records=1 next_cursor=set
2026-02-22T11:35:45Z WARNING bsky_collector_v2.job.index_feed_generators: listRecords failed repo=did:plc:2zy6pbjys2esu5mgxkff722g err=HttpError('InvalidRequest: Could not find repo: did:plc:2zy6pbjys2esu5mgxkff722g')
2026-02-22T11:35:46Z WARNING bsky_collector_v2.job.index_feed_generators: listRecords failed repo=did:plc:bbmapgy6t6gyodsxs2wgqr7n err=HttpError('InvalidRequest: Could not find repo: did:plc:bbmapgy6t6gyodsxs2wgqr7n')
2026-02-22T11:35:47Z WARNING bsky_collector_v2.job.index_feed_generators: listRecords failed repo=did:plc:2zy6pbjys2esu5mgxkff722g err=HttpError('InvalidRequest: Could not find repo: did:plc:2zy6pbjys2esu5mgxkff722g')
2026-02-22T11:35:47Z WARNING bsky_collector_v2.job.index_feed_generators: listRecords failed repo=did:plc:bbmapgy6t6gyodsxs2wgqr7n err=HttpError('InvalidRequest: Could not find repo: did:plc:bbmapgy6t6gyodsxs2wgqr7n')
2026-02-22T11:35:47Z INFO bsky_collector_v2.job.index_feed_generators: enqueued repos page=18 mode=listRepos inserted=500 repos_returned=500 next_cursor=set
2026-02-22T11:36:29Z INFO bsky_collector_v2.job.index_feed_generators: indexed repo=did:plc:eocngv63il4h66v6rfrhkaba part=528 records=1 next_cursor=set
2026-02-22T11:36:35Z INFO bsky_collector_v2.job.index_feed_generators: indexed repo=did:plc:grtxxz5h4geauhfuqfldpunb part=529 records=1 next_cursor=set
2026-02-22T11:37:08Z INFO bsky_collector_v2.job.index_feed_generators: indexed repo=did:plc:pd6gm3d2mrsbxt77luvb2afn part=530 records=1 next_cursor=set
2026-02-22T11:37:24Z INFO bsky_collector_v2.job.index_feed_generators: indexed repo=did:plc:ufflwd4mukybnswxhisafgk2 part=531 records=1 next_cursor=set
2026-02-22T11:37:40Z INFO bsky_collector_v2.job.index_feed_generators: enqueued repos page=19 mode=listRepos inserted=500 repos_returned=500 next_cursor=set
2026-02-22T11:37:48Z INFO bsky_collector_v2.job.index_feed_generators: indexed repo=did:plc:5giz5r7s3hnwb7b4dr6bcf7o part=532 records=1 next_cursor=set
2026-02-22T11:37:52Z INFO bsky_collector_v2.job.index_feed_generators: indexed repo=did:plc:6lariivlf5gxcg4crxnantjn part=533 records=1 next_cursor=set
2026-02-22T11:37:53Z INFO bsky_collector_v2.job.index_feed_generators: indexed repo=did:plc:6t3cxpzy4cokjaodyie2i5b6 part=534 records=2 next_cursor=set
2026-02-22T11:37:58Z WARNING bsky_collector_v2.job.index_feed_generators: listRecords failed repo=did:plc:azqw3gjod5ztew356oafvejx err=HttpError('InvalidRequest: Could not find repo: did:plc:azqw3gjod5ztew356oafvejx')
2026-02-22T11:39:10Z WARNING bsky_collector_v2.job.index_feed_generators: listRecords failed repo=did:plc:azqw3gjod5ztew356oafvejx err=HttpError('InvalidRequest: Could not find repo: did:plc:azqw3gjod5ztew356oafvejx')
2026-02-22T11:39:10Z WARNING bsky_collector_v2.job.index_feed_generators: listRecords failed repo=did:plc:azqw3gjod5ztew356oafvejx err=HttpError('InvalidRequest: Could not find repo: did:plc:azqw3gjod5ztew356oafvejx')
2026-02-22T11:39:11Z INFO bsky_collector_v2.job.index_feed_generators: enqueued repos page=20 mode=listRepos inserted=500 repos_returned=500 next_cursor=set
2026-02-22T11:39:11Z INFO bsky_collector_v2.job.index_feed_generators: indexed repo=did:plc:27jbxowxyyh4io5ytlmbagqs part=535 records=1 next_cursor=set
2026-02-22T11:39:19Z INFO bsky_collector_v2.job.index_feed_generators: indexed repo=did:plc:4lbulil67tfnunmqx6pxmrpb part=536 records=1 next_cursor=set
2026-02-22T11:39:51Z INFO bsky_collector_v2.job.index_feed_generators: indexed repo=did:plc:hfsqq5xxfbwaiprhg4uadc7v part=537 records=1 next_cursor=set
2026-02-22T11:40:30Z INFO bsky_collector_v2.job.index_feed_generators: indexed repo=did:plc:vksaar6jvyyowlzwzwzrsbrp part=538 records=1 next_cursor=set
2026-02-22T11:40:41Z INFO bsky_collector_v2.job.index_feed_generators: enqueued repos page=21 mode=listRepos inserted=500 repos_returned=500 next_cursor=set
2026-02-22T11:40:59Z WARNING bsky_collector_v2.job.index_feed_generators: listRecords failed repo=did:plc:7mfdp2t62y2n523syofrzste err=HttpError('InvalidRequest: Could not find repo: did:plc:7mfdp2t62y2n523syofrzste')
2026-02-22T11:41:03Z WARNING bsky_collector_v2.job.index_feed_generators: listRecords failed repo=did:plc:b55h6fstucackn7g3ep64jop err=HttpError('InvalidRequest: Could not find repo: did:plc:b55h6fstucackn7g3ep64jop')
2026-02-22T11:41:04Z INFO bsky_collector_v2.job.index_feed_generators: indexed repo=did:plc:bqvxstkcolvjijpxlhwtqy75 part=539 records=1 next_cursor=set
2026-02-22T11:41:24Z INFO bsky_collector_v2.job.index_feed_generators: indexed repo=did:plc:iqtr62dudmuhoxciv4566xzr part=540 records=1 next_cursor=set
2026-02-22T11:41:51Z WARNING bsky_collector_v2.job.index_feed_generators: listRecords failed repo=did:plc:owkexvqdkextyawwenkzdapx err=HttpError('InvalidRequest: Could not find repo: did:plc:owkexvqdkextyawwenkzdapx')
2026-02-22T11:42:08Z INFO bsky_collector_v2.job.index_feed_generators: indexed repo=did:plc:tyfpx5v3qdaez5tg2v6pqe3r part=541 records=1 next_cursor=set
2026-02-22T11:42:30Z WARNING bsky_collector_v2.job.index_feed_generators: listRecords failed repo=did:plc:7mfdp2t62y2n523syofrzste err=HttpError('InvalidRequest: Could not find repo: did:plc:7mfdp2t62y2n523syofrzste')
2026-02-22T11:42:30Z WARNING bsky_collector_v2.job.index_feed_generators: listRecords failed repo=did:plc:b55h6fstucackn7g3ep64jop err=HttpError('InvalidRequest: Could not find repo: did:plc:b55h6fstucackn7g3ep64jop')
2026-02-22T11:42:31Z WARNING bsky_collector_v2.job.index_feed_generators: listRecords failed repo=did:plc:owkexvqdkextyawwenkzdapx err=HttpError('InvalidRequest: Could not find repo: did:plc:owkexvqdkextyawwenkzdapx')
2026-02-22T11:42:31Z WARNING bsky_collector_v2.job.index_feed_generators: listRecords failed repo=did:plc:7mfdp2t62y2n523syofrzste err=HttpError('InvalidRequest: Could not find repo: did:plc:7mfdp2t62y2n523syofrzste')
2026-02-22T11:42:32Z WARNING bsky_collector_v2.job.index_feed_generators: listRecords failed repo=did:plc:b55h6fstucackn7g3ep64jop err=HttpError('InvalidRequest: Could not find repo: did:plc:b55h6fstucackn7g3ep64jop')
2026-02-22T11:42:32Z WARNING bsky_collector_v2.job.index_feed_generators: listRecords failed repo=did:plc:owkexvqdkextyawwenkzdapx err=HttpError('InvalidRequest: Could not find repo: did:plc:owkexvqdkextyawwenkzdapx')
2026-02-22T11:42:32Z INFO bsky_collector_v2.job.index_feed_generators: enqueued repos page=22 mode=listRepos inserted=500 repos_returned=500 next_cursor=set
2026-02-22T11:42:40Z INFO bsky_collector_v2.job.index_feed_generators: indexed repo=did:plc:4jetgfrv6js5l364lswgj2vn part=542 records=2 next_cursor=set
2026-02-22T11:43:17Z INFO bsky_collector_v2.job.index_feed_generators: indexed repo=did:plc:hnco6w3z5abz3jr4jku6p6mp part=543 records=1 next_cursor=set
2026-02-22T11:43:38Z INFO bsky_collector_v2.job.index_feed_generators: indexed repo=did:plc:op6yuwmvg5uji2yrfujtkozh part=544 records=1 next_cursor=set
2026-02-22T11:44:01Z WARNING bsky_collector_v2.job.index_feed_generators: listRecords failed repo=did:plc:wbg364vphh7rerjm2wlfbqvy err=HttpError('InvalidRequest: Could not find repo: did:plc:wbg364vphh7rerjm2wlfbqvy')
2026-02-22T11:44:13Z WARNING bsky_collector_v2.job.index_feed_generators: listRecords failed repo=did:plc:wbg364vphh7rerjm2wlfbqvy err=HttpError('InvalidRequest: Could not find repo: did:plc:wbg364vphh7rerjm2wlfbqvy')
2026-02-22T11:44:13Z WARNING bsky_collector_v2.job.index_feed_generators: listRecords failed repo=did:plc:wbg364vphh7rerjm2wlfbqvy err=HttpError('InvalidRequest: Could not find repo: did:plc:wbg364vphh7rerjm2wlfbqvy')
2026-02-22T11:44:13Z INFO bsky_collector_v2.job.index_feed_generators: enqueued repos page=23 mode=listRepos inserted=500 repos_returned=500 next_cursor=set
2026-02-22T11:44:35Z INFO bsky_collector_v2.job.index_feed_generators: indexed repo=did:plc:biuihx7dqkqgscl4mojyd7pu part=545 records=3 next_cursor=set
2026-02-22T11:45:47Z INFO bsky_collector_v2.job.index_feed_generators: enqueued repos page=24 mode=listRepos inserted=500 repos_returned=500 next_cursor=set
2026-02-22T11:46:15Z INFO bsky_collector_v2.job.index_feed_generators: indexed repo=did:plc:eunre4hihjm7yjczvubobyqh part=546 records=2 next_cursor=set
2026-02-22T11:46:19Z INFO bsky_collector_v2.job.index_feed_generators: indexed repo=did:plc:fuvvigi2lsyybwxfkkwlh7vg part=547 records=3 next_cursor=set
2026-02-22T11:47:05Z INFO bsky_collector_v2.job.index_feed_generators: indexed repo=did:plc:w2xilka5y36tex5tzctgrqdz part=548 records=1 next_cursor=set
2026-02-22T11:47:06Z WARNING bsky_collector_v2.job.index_feed_generators: listRecords failed repo=did:plc:wptifopeossc4dgpz7o2ofwt err=HttpError('InvalidRequest: Could not find repo: did:plc:wptifopeossc4dgpz7o2ofwt')
2026-02-22T11:47:19Z WARNING bsky_collector_v2.job.index_feed_generators: listRecords failed repo=did:plc:wptifopeossc4dgpz7o2ofwt err=HttpError('InvalidRequest: Could not find repo: did:plc:wptifopeossc4dgpz7o2ofwt')
2026-02-22T11:47:19Z WARNING bsky_collector_v2.job.index_feed_generators: listRecords failed repo=did:plc:wptifopeossc4dgpz7o2ofwt err=HttpError('InvalidRequest: Could not find repo: did:plc:wptifopeossc4dgpz7o2ofwt')
2026-02-22T11:47:20Z INFO bsky_collector_v2.job.index_feed_generators: enqueued repos page=25 mode=listRepos inserted=500 repos_returned=500 next_cursor=set
2026-02-22T11:47:25Z INFO bsky_collector_v2.job.index_feed_generators: indexed repo=did:plc:3ns33fvb6u5xv6jrwfcr2qsa part=549 records=9 next_cursor=set
2026-02-22T11:47:30Z INFO bsky_collector_v2.job.index_feed_generators: indexed repo=did:plc:5hcm37xq7t3s2wwsa4uu5h4y part=550 records=1 next_cursor=set
2026-02-22T11:49:06Z INFO bsky_collector_v2.job.index_feed_generators: enqueued repos page=26 mode=listRepos inserted=500 repos_returned=500 next_cursor=set
2026-02-22T11:49:28Z INFO bsky_collector_v2.job.index_feed_generators: indexed repo=did:plc:bjry5vvvgb4ewmdr5lssc6ya part=551 records=2 next_cursor=set
2026-02-22T11:49:45Z WARNING bsky_collector_v2.job.index_feed_generators: listRecords failed repo=did:plc:frnyehrnfpvuxtaewc63yoaj err=HttpError('InvalidRequest: Could not find repo: did:plc:frnyehrnfpvuxtaewc63yoaj')
2026-02-22T11:49:59Z WARNING bsky_collector_v2.job.index_feed_generators: listRecords failed repo=did:plc:lokg3c7oi43rnrdltjp56ulh err=HttpError('InvalidRequest: Could not find repo: did:plc:lokg3c7oi43rnrdltjp56ulh')
2026-02-22T11:50:01Z WARNING bsky_collector_v2.job.index_feed_generators: listRecords failed repo=did:plc:mgmkg5q5kc5e7fqxl5edhoz7 err=HttpError('InvalidRequest: Could not find repo: did:plc:mgmkg5q5kc5e7fqxl5edhoz7')
2026-02-22T11:50:30Z WARNING bsky_collector_v2.job.index_feed_generators: listRecords failed repo=did:plc:vzbwmh3ekcxeg4ishdfrreif err=HttpError('InvalidRequest: Could not find repo: did:plc:vzbwmh3ekcxeg4ishdfrreif')
2026-02-22T11:50:40Z WARNING bsky_collector_v2.job.index_feed_generators: listRecords failed repo=did:plc:frnyehrnfpvuxtaewc63yoaj err=HttpError('InvalidRequest: Could not find repo: did:plc:frnyehrnfpvuxtaewc63yoaj')
2026-02-22T11:50:40Z WARNING bsky_collector_v2.job.index_feed_generators: listRecords failed repo=did:plc:lokg3c7oi43rnrdltjp56ulh err=HttpError('InvalidRequest: Could not find repo: did:plc:lokg3c7oi43rnrdltjp56ulh')
2026-02-22T11:50:40Z WARNING bsky_collector_v2.job.index_feed_generators: listRecords failed repo=did:plc:mgmkg5q5kc5e7fqxl5edhoz7 err=HttpError('InvalidRequest: Could not find repo: did:plc:mgmkg5q5kc5e7fqxl5edhoz7')
2026-02-22T11:50:40Z WARNING bsky_collector_v2.job.index_feed_generators: listRecords failed repo=did:plc:vzbwmh3ekcxeg4ishdfrreif err=HttpError('InvalidRequest: Could not find repo: did:plc:vzbwmh3ekcxeg4ishdfrreif')
2026-02-22T11:50:40Z WARNING bsky_collector_v2.job.index_feed_generators: listRecords failed repo=did:plc:frnyehrnfpvuxtaewc63yoaj err=HttpError('InvalidRequest: Could not find repo: did:plc:frnyehrnfpvuxtaewc63yoaj')
2026-02-22T11:50:40Z WARNING bsky_collector_v2.job.index_feed_generators: listRecords failed repo=did:plc:lokg3c7oi43rnrdltjp56ulh err=HttpError('InvalidRequest: Could not find repo: did:plc:lokg3c7oi43rnrdltjp56ulh')
2026-02-22T11:50:40Z WARNING bsky_collector_v2.job.index_feed_generators: listRecords failed repo=did:plc:mgmkg5q5kc5e7fqxl5edhoz7 err=HttpError('InvalidRequest: Could not find repo: did:plc:mgmkg5q5kc5e7fqxl5edhoz7')
2026-02-22T11:50:41Z WARNING bsky_collector_v2.job.index_feed_generators: listRecords failed repo=did:plc:vzbwmh3ekcxeg4ishdfrreif err=HttpError('InvalidRequest: Could not find repo: did:plc:vzbwmh3ekcxeg4ishdfrreif')
2026-02-22T11:50:41Z INFO bsky_collector_v2.job.index_feed_generators: enqueued repos page=27 mode=listRepos inserted=500 repos_returned=500 next_cursor=set
2026-02-22T11:51:13Z INFO bsky_collector_v2.job.index_feed_generators: indexed repo=did:plc:el2rtxefoxcg2ffeo5pon246 part=552 records=3 next_cursor=set
2026-02-22T11:51:31Z INFO bsky_collector_v2.job.index_feed_generators: indexed repo=did:plc:libfnrzqapkb4ivpqojekkqx part=553 records=2 next_cursor=set
2026-02-22T11:51:56Z INFO bsky_collector_v2.job.index_feed_generators: indexed repo=did:plc:t57o5t3ax2ltrcrij5n6bs2g part=554 records=1 next_cursor=set
2026-02-22T11:52:17Z INFO bsky_collector_v2.job.index_feed_generators: enqueued repos page=28 mode=listRepos inserted=500 repos_returned=500 next_cursor=set
2026-02-22T11:52:58Z INFO bsky_collector_v2.job.index_feed_generators: indexed repo=did:plc:ftrndqmohoqgzf7poaeaa2cc part=555 records=3 next_cursor=set
2026-02-22T11:52:59Z WARNING bsky_collector_v2.job.index_feed_generators: listRecords failed repo=did:plc:gmql2k4x6zkwxdnmz4wpc3c3 err=HttpError('InvalidRequest: Could not find repo: did:plc:gmql2k4x6zkwxdnmz4wpc3c3')
2026-02-22T11:53:42Z WARNING bsky_collector_v2.job.index_feed_generators: listRecords failed repo=did:plc:qmfmuqomzzo2l2realakka3j err=HttpError('InvalidRequest: Could not find repo: did:plc:qmfmuqomzzo2l2realakka3j')
2026-02-22T11:53:45Z WARNING bsky_collector_v2.job.index_feed_generators: listRecords failed repo=did:plc:s67yfzejjqlkunhaql24gulh err=HttpError('InvalidRequest: Could not find repo: did:plc:s67yfzejjqlkunhaql24gulh')
2026-02-22T11:53:53Z WARNING bsky_collector_v2.job.index_feed_generators: listRecords failed repo=did:plc:uxgbtrzaqxz4e6h4zqhb5ff6 err=HttpError('InvalidRequest: Could not find repo: did:plc:uxgbtrzaqxz4e6h4zqhb5ff6')
2026-02-22T11:54:06Z WARNING bsky_collector_v2.job.index_feed_generators: listRecords failed repo=did:plc:gmql2k4x6zkwxdnmz4wpc3c3 err=HttpError('InvalidRequest: Could not find repo: did:plc:gmql2k4x6zkwxdnmz4wpc3c3')
2026-02-22T11:54:06Z WARNING bsky_collector_v2.job.index_feed_generators: listRecords failed repo=did:plc:qmfmuqomzzo2l2realakka3j err=HttpError('InvalidRequest: Could not find repo: did:plc:qmfmuqomzzo2l2realakka3j')
2026-02-22T11:54:06Z WARNING bsky_collector_v2.job.index_feed_generators: listRecords failed repo=did:plc:s67yfzejjqlkunhaql24gulh err=HttpError('InvalidRequest: Could not find repo: did:plc:s67yfzejjqlkunhaql24gulh')
2026-02-22T11:54:07Z WARNING bsky_collector_v2.job.index_feed_generators: listRecords failed repo=did:plc:uxgbtrzaqxz4e6h4zqhb5ff6 err=HttpError('InvalidRequest: Could not find repo: did:plc:uxgbtrzaqxz4e6h4zqhb5ff6')
2026-02-22T11:54:07Z WARNING bsky_collector_v2.job.index_feed_generators: listRecords failed repo=did:plc:gmql2k4x6zkwxdnmz4wpc3c3 err=HttpError('InvalidRequest: Could not find repo: did:plc:gmql2k4x6zkwxdnmz4wpc3c3')
2026-02-22T11:54:07Z WARNING bsky_collector_v2.job.index_feed_generators: listRecords failed repo=did:plc:qmfmuqomzzo2l2realakka3j err=HttpError('InvalidRequest: Could not find repo: did:plc:qmfmuqomzzo2l2realakka3j')
2026-02-22T11:54:07Z WARNING bsky_collector_v2.job.index_feed_generators: listRecords failed repo=did:plc:s67yfzejjqlkunhaql24gulh err=HttpError('InvalidRequest: Could not find repo: did:plc:s67yfzejjqlkunhaql24gulh')
2026-02-22T11:54:07Z WARNING bsky_collector_v2.job.index_feed_generators: listRecords failed repo=did:plc:uxgbtrzaqxz4e6h4zqhb5ff6 err=HttpError('InvalidRequest: Could not find repo: did:plc:uxgbtrzaqxz4e6h4zqhb5ff6')
2026-02-22T11:54:08Z INFO bsky_collector_v2.job.index_feed_generators: enqueued repos page=29 mode=listRepos inserted=500 repos_returned=500 next_cursor=set
2026-02-22T11:54:20Z INFO bsky_collector_v2.job.index_feed_generators: indexed repo=did:plc:66vkik5sdwunutv2jbs6k4ck part=556 records=3 next_cursor=set
2026-02-22T11:54:25Z WARNING bsky_collector_v2.job.index_feed_generators: listRecords failed repo=did:plc:7kmpnox2adlai4inrc6zggc2 err=HttpError('InvalidRequest: Could not find repo: did:plc:7kmpnox2adlai4inrc6zggc2')
2026-02-22T11:54:53Z INFO bsky_collector_v2.job.index_feed_generators: indexed repo=did:plc:kdq4febsgfynlus56vscdeaj part=557 records=2 next_cursor=set
2026-02-22T11:55:01Z INFO bsky_collector_v2.job.index_feed_generators: indexed repo=did:plc:mykqjcrxa3cmt5c5vkv5a7ld part=558 records=1 next_cursor=set
2026-02-22T11:55:22Z INFO bsky_collector_v2.job.index_feed_generators: indexed repo=did:plc:s4zbgkhocqfwyd2uaioe52rd part=559 records=1 next_cursor=set
2026-02-22T11:55:25Z INFO bsky_collector_v2.job.index_feed_generators: indexed repo=did:plc:sxj3tzrbsq6diahfflk3iux5 part=560 records=4 next_cursor=set
2026-02-22T11:55:45Z WARNING bsky_collector_v2.job.index_feed_generators: listRecords failed repo=did:plc:7kmpnox2adlai4inrc6zggc2 err=HttpError('InvalidRequest: Could not find repo: did:plc:7kmpnox2adlai4inrc6zggc2')
2026-02-22T11:55:46Z WARNING bsky_collector_v2.job.index_feed_generators: listRecords failed repo=did:plc:7kmpnox2adlai4inrc6zggc2 err=HttpError('InvalidRequest: Could not find repo: did:plc:7kmpnox2adlai4inrc6zggc2')
2026-02-22T11:55:47Z INFO bsky_collector_v2.job.index_feed_generators: enqueued repos page=30 mode=listRepos inserted=500 repos_returned=500 next_cursor=set
2026-02-22T11:56:06Z INFO bsky_collector_v2.job.index_feed_generators: indexed repo=did:plc:7spj7mjorudp6wmjqnoxihuc part=561 records=1 next_cursor=set
2026-02-22T11:57:01Z INFO bsky_collector_v2.job.index_feed_generators: indexed repo=did:plc:sjyiajfki34aa3xr6rwp7tcp part=562 records=1 next_cursor=set
2026-02-22T11:57:12Z WARNING bsky_collector_v2.job.index_feed_generators: listRecords failed repo=did:plc:w24re5dlldvpokgxpts66tke err=HttpError('InvalidRequest: Could not find repo: did:plc:w24re5dlldvpokgxpts66tke')
2026-02-22T11:57:14Z WARNING bsky_collector_v2.job.index_feed_generators: listRecords failed repo=did:plc:wlw3ujolot43bn46okrmkgop err=HttpError('InvalidRequest: Could not find repo: did:plc:wlw3ujolot43bn46okrmkgop')
2026-02-22T11:57:24Z WARNING bsky_collector_v2.job.index_feed_generators: listRecords failed repo=did:plc:w24re5dlldvpokgxpts66tke err=HttpError('InvalidRequest: Could not find repo: did:plc:w24re5dlldvpokgxpts66tke')
2026-02-22T11:57:24Z WARNING bsky_collector_v2.job.index_feed_generators: listRecords failed repo=did:plc:wlw3ujolot43bn46okrmkgop err=HttpError('InvalidRequest: Could not find repo: did:plc:wlw3ujolot43bn46okrmkgop')
2026-02-22T11:57:24Z WARNING bsky_collector_v2.job.index_feed_generators: listRecords failed repo=did:plc:w24re5dlldvpokgxpts66tke err=HttpError('InvalidRequest: Could not find repo: did:plc:w24re5dlldvpokgxpts66tke')
2026-02-22T11:57:24Z WARNING bsky_collector_v2.job.index_feed_generators: listRecords failed repo=did:plc:wlw3ujolot43bn46okrmkgop err=HttpError('InvalidRequest: Could not find repo: did:plc:wlw3ujolot43bn46okrmkgop')
2026-02-22T11:57:25Z INFO bsky_collector_v2.job.index_feed_generators: enqueued repos page=31 mode=listRepos inserted=500 repos_returned=500 next_cursor=set
2026-02-22T11:57:57Z WARNING bsky_collector_v2.job.index_feed_generators: listRecords failed repo=did:plc:d4g35vhmu5mp7puopfijuxc2 err=HttpError('InvalidRequest: Could not find repo: did:plc:d4g35vhmu5mp7puopfijuxc2')
2026-02-22T11:58:07Z INFO bsky_collector_v2.job.index_feed_generators: indexed repo=did:plc:fqkcrp2ue4el5rzwofujvlxy part=563 records=1 next_cursor=set
2026-02-22T11:58:38Z INFO bsky_collector_v2.job.index_feed_generators: indexed repo=did:plc:rodxrasy763fkapw7xllszgz part=564 records=1 next_cursor=set
2026-02-22T11:58:46Z WARNING bsky_collector_v2.job.index_feed_generators: listRecords failed repo=did:plc:twhcjfxcolwgr3x73v37evb7 err=HttpError('InvalidRequest: Could not find repo: did:plc:twhcjfxcolwgr3x73v37evb7')
2026-02-22T11:58:48Z WARNING bsky_collector_v2.job.index_feed_generators: listRecords failed repo=did:plc:usziiyyz4lvkgfci4wsdrl5i err=HttpError('InvalidRequest: Could not find repo: did:plc:usziiyyz4lvkgfci4wsdrl5i')
2026-02-22T11:59:02Z WARNING bsky_collector_v2.job.index_feed_generators: listRecords failed repo=did:plc:d4g35vhmu5mp7puopfijuxc2 err=HttpError('InvalidRequest: Could not find repo: did:plc:d4g35vhmu5mp7puopfijuxc2')
2026-02-22T11:59:03Z WARNING bsky_collector_v2.job.index_feed_generators: listRecords failed repo=did:plc:twhcjfxcolwgr3x73v37evb7 err=HttpError('InvalidRequest: Could not find repo: did:plc:twhcjfxcolwgr3x73v37evb7')
2026-02-22T11:59:03Z WARNING bsky_collector_v2.job.index_feed_generators: listRecords failed repo=did:plc:usziiyyz4lvkgfci4wsdrl5i err=HttpError('InvalidRequest: Could not find repo: did:plc:usziiyyz4lvkgfci4wsdrl5i')
2026-02-22T11:59:03Z WARNING bsky_collector_v2.job.index_feed_generators: listRecords failed repo=did:plc:d4g35vhmu5mp7puopfijuxc2 err=HttpError('InvalidRequest: Could not find repo: did:plc:d4g35vhmu5mp7puopfijuxc2')
2026-02-22T11:59:03Z WARNING bsky_collector_v2.job.index_feed_generators: listRecords failed repo=did:plc:twhcjfxcolwgr3x73v37evb7 err=HttpError('InvalidRequest: Could not find repo: did:plc:twhcjfxcolwgr3x73v37evb7')
2026-02-22T11:59:03Z WARNING bsky_collector_v2.job.index_feed_generators: listRecords failed repo=did:plc:usziiyyz4lvkgfci4wsdrl5i err=HttpError('InvalidRequest: Could not find repo: did:plc:usziiyyz4lvkgfci4wsdrl5i')
2026-02-22T11:59:04Z INFO bsky_collector_v2.job.index_feed_generators: enqueued repos page=32 mode=listRepos inserted=500 repos_returned=500 next_cursor=set
2026-02-22T11:59:30Z WARNING bsky_collector_v2.job.index_feed_generators: listRecords failed repo=did:plc:blf4tbxp4gc33qyoey6f2ibf err=HttpError('InvalidRequest: Could not find repo: did:plc:blf4tbxp4gc33qyoey6f2ibf')
2026-02-22T11:59:38Z INFO bsky_collector_v2.job.index_feed_generators: indexed repo=did:plc:ectvwgwibbjabzqqdqsa5j4g part=565 records=1 next_cursor=set
2026-02-22T11:59:43Z INFO bsky_collector_v2.job.index_feed_generators: indexed repo=did:plc:hcpy5el257oj2dgmx4hwp2v4 part=566 records=1 next_cursor=set
2026-02-22T12:00:12Z INFO bsky_collector_v2.job.index_feed_generators: indexed repo=did:plc:r6b6rccuacslzzqkzmvdlvpo part=567 records=1 next_cursor=set
2026-02-22T12:00:51Z WARNING bsky_collector_v2.job.index_feed_generators: listRecords failed repo=did:plc:blf4tbxp4gc33qyoey6f2ibf err=HttpError('InvalidRequest: Could not find repo: did:plc:blf4tbxp4gc33qyoey6f2ibf')
2026-02-22T12:00:51Z WARNING bsky_collector_v2.job.index_feed_generators: listRecords failed repo=did:plc:blf4tbxp4gc33qyoey6f2ibf err=HttpError('InvalidRequest: Could not find repo: did:plc:blf4tbxp4gc33qyoey6f2ibf')
2026-02-22T12:00:52Z INFO bsky_collector_v2.job.index_feed_generators: enqueued repos page=33 mode=listRepos inserted=500 repos_returned=500 next_cursor=set
2026-02-22T12:01:07Z WARNING bsky_collector_v2.job.index_feed_generators: listRecords failed repo=did:plc:6v36thlobwc642ukunuwezop err=HttpError('InvalidRequest: Could not find repo: did:plc:6v36thlobwc642ukunuwezop')
