2026-02-26T02:17:02Z INFO bsky_collector_v2: out_base ok path=D:\BlueSky\data_v2_full mount=D:\
2026-02-26T02:17:02Z INFO bsky_collector_v2: job start subcommand=index-feed-generators dry_run=False resume=True
2026-02-26T02:17:02Z INFO bsky_collector_v2.job.index_feed_generators: feed generator index hosts relay_host=https://bsky.network records_host=https://bsky.social auth=yes
2026-02-26T02:17:18Z INFO bsky_collector_v2.job.index_feed_generators: indexed repo=did:plc:pdwohy7rvxyfcu2cmwsiwukh part=126 records=1 next_cursor=set
2026-02-26T02:17:49Z WARNING bsky_collector_v2.job.index_feed_generators: listRecords failed repo=did:web:matt.rows.io err=HttpError('InvalidRequest: Could not find repo: did:web:matt.rows.io')
2026-02-26T02:17:50Z WARNING bsky_collector_v2.job.index_feed_generators: listRecords failed repo=did:web:matt.rows.io err=HttpError('InvalidRequest: Could not find repo: did:web:matt.rows.io')
2026-02-26T02:17:50Z WARNING bsky_collector_v2.job.index_feed_generators: listRecords failed repo=did:web:matt.rows.io err=HttpError('InvalidRequest: Could not find repo: did:web:matt.rows.io')
2026-02-26T02:17:50Z INFO bsky_collector_v2.job.index_feed_generators: enqueued repos page=1 mode=listRepos inserted=500 repos_returned=500 next_cursor=set
2026-02-26T02:19:09Z INFO bsky_collector_v2.job.index_feed_generators: indexed repo=did:plc:thxwvmxs3rhcy3mzfwjfjfl4 part=127 records=1 next_cursor=set
2026-02-26T02:19:11Z INFO bsky_collector_v2.job.index_feed_generators: indexed repo=did:plc:u2uh5dwzkwrj64pufwjd7vqi part=128 records=2 next_cursor=set
2026-02-26T02:19:30Z INFO bsky_collector_v2.job.index_feed_generators: enqueued repos page=2 mode=listRepos inserted=500 repos_returned=500 next_cursor=set
2026-02-26T02:19:34Z INFO bsky_collector_v2.job.index_feed_generators: indexed repo=did:plc:3jxrsjojgdifpsllkp5g6ibd part=129 records=1 next_cursor=set
2026-02-26T02:19:53Z WARNING bsky_collector_v2.job.index_feed_generators: listRecords failed repo=did:plc:bnmpwb4r2zck2q5v4gh3yu7n err=HttpError('InvalidRequest: Could not find repo: did:plc:bnmpwb4r2zck2q5v4gh3yu7n')
2026-02-26T02:20:01Z INFO bsky_collector_v2.job.index_feed_generators: indexed repo=did:plc:d5sibnwo4jfibstru7dpf3m3 part=130 records=1 next_cursor=set
2026-02-26T02:20:23Z WARNING bsky_collector_v2.job.index_feed_generators: listRecords failed repo=did:plc:jpjbx37cyvbgd255uyun5otw err=HttpError('InvalidRequest: Could not find repo: did:plc:jpjbx37cyvbgd255uyun5otw')
2026-02-26T02:20:43Z INFO bsky_collector_v2.job.index_feed_generators: indexed repo=did:plc:qeulhuljwee5ph2v4goehwnc part=131 records=1 next_cursor=set
2026-02-26T02:21:16Z INFO bsky_collector_v2.job.index_feed_generators: indexed repo=did:plc:y24nqcremtqwlawcbjct5qhy part=132 records=1 next_cursor=set
2026-02-26T02:21:24Z WARNING bsky_collector_v2.job.index_feed_generators: listRecords failed repo=did:plc:bnmpwb4r2zck2q5v4gh3yu7n err=HttpError('InvalidRequest: Could not find repo: did:plc:bnmpwb4r2zck2q5v4gh3yu7n')
2026-02-26T02:21:25Z WARNING bsky_collector_v2.job.index_feed_generators: listRecords failed repo=did:plc:jpjbx37cyvbgd255uyun5otw err=HttpError('InvalidRequest: Could not find repo: did:plc:jpjbx37cyvbgd255uyun5otw')
2026-02-26T02:21:25Z WARNING bsky_collector_v2.job.index_feed_generators: listRecords failed repo=did:plc:bnmpwb4r2zck2q5v4gh3yu7n err=HttpError('InvalidRequest: Could not find repo: did:plc:bnmpwb4r2zck2q5v4gh3yu7n')
2026-02-26T02:21:25Z WARNING bsky_collector_v2.job.index_feed_generators: listRecords failed repo=did:plc:jpjbx37cyvbgd255uyun5otw err=HttpError('InvalidRequest: Could not find repo: did:plc:jpjbx37cyvbgd255uyun5otw')
2026-02-26T02:21:26Z INFO bsky_collector_v2.job.index_feed_generators: enqueued repos page=3 mode=listRepos inserted=500 repos_returned=500 next_cursor=set
2026-02-26T02:22:01Z INFO bsky_collector_v2.job.index_feed_generators: indexed repo=did:plc:fnoeunr5ke7au4u63ktych34 part=133 records=1 next_cursor=set
2026-02-26T02:23:13Z INFO bsky_collector_v2.job.index_feed_generators: enqueued repos page=4 mode=listRepos inserted=500 repos_returned=500 next_cursor=set
2026-02-26T02:24:07Z INFO bsky_collector_v2.job.index_feed_generators: indexed repo=did:plc:livgppvr3srge4zdlp7ho6ft part=134 records=4 next_cursor=set
2026-02-26T02:24:18Z INFO bsky_collector_v2.job.index_feed_generators: indexed repo=did:plc:odpzvuppmlhj6j4vdt7vuups part=135 records=3 next_cursor=set
2026-02-26T02:24:42Z INFO bsky_collector_v2.job.index_feed_generators: indexed repo=did:plc:vwyucn2g2edskky5yv5peevs part=136 records=3 next_cursor=set
2026-02-26T02:24:54Z INFO bsky_collector_v2.job.index_feed_generators: enqueued repos page=5 mode=listRepos inserted=500 repos_returned=500 next_cursor=set
2026-02-26T02:24:55Z INFO bsky_collector_v2.job.index_feed_generators: indexed repo=did:plc:2c2lzkzalw5gapzib7biusim part=137 records=1 next_cursor=set
2026-02-26T02:25:16Z WARNING bsky_collector_v2.job.index_feed_generators: listRecords failed repo=did:plc:6ozkoq32icgo3hfounjvzow4 err=HttpError('InvalidRequest: Could not find repo: did:plc:6ozkoq32icgo3hfounjvzow4')
2026-02-26T02:25:37Z WARNING bsky_collector_v2.job.index_feed_generators: listRecords failed repo=did:plc:ep7d7ewgue3e6gnav6n65kno err=HttpError('InvalidRequest: Could not find repo: did:plc:ep7d7ewgue3e6gnav6n65kno')
2026-02-26T02:26:40Z WARNING bsky_collector_v2.job.index_feed_generators: listRecords failed repo=did:plc:6ozkoq32icgo3hfounjvzow4 err=HttpError('InvalidRequest: Could not find repo: did:plc:6ozkoq32icgo3hfounjvzow4')
2026-02-26T02:26:40Z WARNING bsky_collector_v2.job.index_feed_generators: listRecords failed repo=did:plc:ep7d7ewgue3e6gnav6n65kno err=HttpError('InvalidRequest: Could not find repo: did:plc:ep7d7ewgue3e6gnav6n65kno')
2026-02-26T02:26:40Z WARNING bsky_collector_v2.job.index_feed_generators: listRecords failed repo=did:plc:6ozkoq32icgo3hfounjvzow4 err=HttpError('InvalidRequest: Could not find repo: did:plc:6ozkoq32icgo3hfounjvzow4')
2026-02-26T02:26:40Z WARNING bsky_collector_v2.job.index_feed_generators: listRecords failed repo=did:plc:ep7d7ewgue3e6gnav6n65kno err=HttpError('InvalidRequest: Could not find repo: did:plc:ep7d7ewgue3e6gnav6n65kno')
2026-02-26T02:26:41Z INFO bsky_collector_v2.job.index_feed_generators: enqueued repos page=6 mode=listRepos inserted=500 repos_returned=500 next_cursor=set
2026-02-26T02:26:43Z INFO bsky_collector_v2.job.index_feed_generators: indexed repo=did:plc:2phbibmks7dam4g7iqs7os7z part=138 records=1 next_cursor=set
2026-02-26T02:26:59Z INFO bsky_collector_v2.job.index_feed_generators: indexed repo=did:plc:7q2nogofcocucf6sxo25qjoo part=139 records=1 next_cursor=set
2026-02-26T02:28:30Z INFO bsky_collector_v2.job.index_feed_generators: enqueued repos page=7 mode=listRepos inserted=500 repos_returned=500 next_cursor=set
2026-02-26T02:30:09Z INFO bsky_collector_v2.job.index_feed_generators: indexed repo=did:plc:z4pq7x25qllwhfrz6swhye24 part=140 records=1 next_cursor=set
2026-02-26T02:30:12Z INFO bsky_collector_v2.job.index_feed_generators: enqueued repos page=8 mode=listRepos inserted=500 repos_returned=500 next_cursor=set
2026-02-26T02:30:14Z INFO bsky_collector_v2.job.index_feed_generators: indexed repo=did:plc:2oukxlyvplme3wbvgajg3z6e part=141 records=2 next_cursor=set
2026-02-26T02:30:36Z WARNING bsky_collector_v2.job.index_feed_generators: listRecords failed repo=did:plc:c5ttlhsslrzfroeyuoe4kz7p err=HttpError('InvalidRequest: Could not find repo: did:plc:c5ttlhsslrzfroeyuoe4kz7p')
2026-02-26T02:30:45Z INFO bsky_collector_v2.job.index_feed_generators: indexed repo=did:plc:exwyfsln3hzlp3gdg5x4z22x part=142 records=1 next_cursor=set
2026-02-26T02:32:03Z WARNING bsky_collector_v2.job.index_feed_generators: listRecords failed repo=did:plc:c5ttlhsslrzfroeyuoe4kz7p err=HttpError('InvalidRequest: Could not find repo: did:plc:c5ttlhsslrzfroeyuoe4kz7p')
2026-02-26T02:32:03Z WARNING bsky_collector_v2.job.index_feed_generators: listRecords failed repo=did:plc:c5ttlhsslrzfroeyuoe4kz7p err=HttpError('InvalidRequest: Could not find repo: did:plc:c5ttlhsslrzfroeyuoe4kz7p')
2026-02-26T02:32:04Z INFO bsky_collector_v2.job.index_feed_generators: enqueued repos page=9 mode=listRepos inserted=500 repos_returned=500 next_cursor=set
2026-02-26T02:32:10Z INFO bsky_collector_v2.job.index_feed_generators: indexed repo=did:plc:3m5c2aiko7heyjmwbrkp3ym5 part=143 records=6 next_cursor=set
2026-02-26T02:32:17Z INFO bsky_collector_v2.job.index_feed_generators: indexed repo=did:plc:62gcffeslfyittoilllw4ntv part=144 records=2 next_cursor=set
2026-02-26T02:33:32Z WARNING bsky_collector_v2.job.index_feed_generators: listRecords failed repo=did:plc:svwr6wm3izziyii6lxr4ntfq err=HttpError('InvalidRequest: Could not find repo: did:plc:svwr6wm3izziyii6lxr4ntfq')
2026-02-26T02:33:54Z WARNING bsky_collector_v2.job.index_feed_generators: listRecords failed repo=did:plc:svwr6wm3izziyii6lxr4ntfq err=HttpError('InvalidRequest: Could not find repo: did:plc:svwr6wm3izziyii6lxr4ntfq')
2026-02-26T02:33:54Z WARNING bsky_collector_v2.job.index_feed_generators: listRecords failed repo=did:plc:svwr6wm3izziyii6lxr4ntfq err=HttpError('InvalidRequest: Could not find repo: did:plc:svwr6wm3izziyii6lxr4ntfq')
2026-02-26T02:33:55Z INFO bsky_collector_v2.job.index_feed_generators: enqueued repos page=10 mode=listRepos inserted=500 repos_returned=500 next_cursor=set
2026-02-26T02:34:23Z WARNING bsky_collector_v2.job.index_feed_generators: listRecords failed repo=did:plc:cedlcd4hcgy4l3c35zv4rfqp err=HttpError('InvalidRequest: Could not find repo: did:plc:cedlcd4hcgy4l3c35zv4rfqp')
2026-02-26T02:34:48Z INFO bsky_collector_v2.job.index_feed_generators: indexed repo=did:plc:hsk4fjvwwvjrf4ia7yxiht36 part=145 records=1 next_cursor=set
2026-02-26T02:35:07Z INFO bsky_collector_v2.job.index_feed_generators: indexed repo=did:plc:nktbzbo6jaguxf4o2jg363nf part=146 records=1 next_cursor=set
2026-02-26T02:35:08Z WARNING bsky_collector_v2.job.index_feed_generators: listRecords failed repo=did:plc:noualvzwbycsn554tqpenxe7 err=HttpError('InvalidRequest: Could not find repo: did:plc:noualvzwbycsn554tqpenxe7')
2026-02-26T02:35:25Z INFO bsky_collector_v2.job.index_feed_generators: indexed repo=did:plc:sioabdpf77ssa3msjlnlas32 part=147 records=2 next_cursor=set
2026-02-26T02:35:44Z WARNING bsky_collector_v2.job.index_feed_generators: listRecords failed repo=did:plc:cedlcd4hcgy4l3c35zv4rfqp err=HttpError('InvalidRequest: Could not find repo: did:plc:cedlcd4hcgy4l3c35zv4rfqp')
2026-02-26T02:35:45Z WARNING bsky_collector_v2.job.index_feed_generators: listRecords failed repo=did:plc:noualvzwbycsn554tqpenxe7 err=HttpError('InvalidRequest: Could not find repo: did:plc:noualvzwbycsn554tqpenxe7')
2026-02-26T02:35:45Z WARNING bsky_collector_v2.job.index_feed_generators: listRecords failed repo=did:plc:cedlcd4hcgy4l3c35zv4rfqp err=HttpError('InvalidRequest: Could not find repo: did:plc:cedlcd4hcgy4l3c35zv4rfqp')
2026-02-26T02:35:45Z WARNING bsky_collector_v2.job.index_feed_generators: listRecords failed repo=did:plc:noualvzwbycsn554tqpenxe7 err=HttpError('InvalidRequest: Could not find repo: did:plc:noualvzwbycsn554tqpenxe7')
2026-02-26T02:35:46Z INFO bsky_collector_v2.job.index_feed_generators: enqueued repos page=11 mode=listRepos inserted=500 repos_returned=500 next_cursor=set
2026-02-26T02:36:35Z INFO bsky_collector_v2.job.index_feed_generators: indexed repo=did:plc:lescd4renb2ehjnnu6wmznwm part=148 records=1 next_cursor=set
2026-02-26T02:37:20Z INFO bsky_collector_v2.job.index_feed_generators: enqueued repos page=12 mode=listRepos inserted=500 repos_returned=500 next_cursor=set
2026-02-26T02:38:55Z INFO bsky_collector_v2.job.index_feed_generators: enqueued repos page=13 mode=listRepos inserted=500 repos_returned=500 next_cursor=set
2026-02-26T02:40:06Z INFO bsky_collector_v2.job.index_feed_generators: indexed repo=did:plc:rvztrcxlyrgnh6l53zzadfrw part=149 records=1 next_cursor=set
2026-02-26T02:40:10Z INFO bsky_collector_v2.job.index_feed_generators: indexed repo=did:plc:swftx5pk4g4vivdwwrvy7f2t part=150 records=2 next_cursor=set
2026-02-26T02:40:15Z INFO bsky_collector_v2.job.index_feed_generators: indexed repo=did:plc:u5gfvvoa6rz4lpltifbfukom part=151 records=1 next_cursor=set
2026-02-26T02:40:19Z INFO bsky_collector_v2.job.index_feed_generators: indexed repo=did:plc:wgo2dnspdwaxtrgfrb7vxqbf part=152 records=1 next_cursor=set
2026-02-26T02:40:20Z INFO bsky_collector_v2.job.index_feed_generators: indexed repo=did:plc:wyika7bu32dnkm3qxf3zt4zu part=153 records=1 next_cursor=set
2026-02-26T02:40:32Z INFO bsky_collector_v2.job.index_feed_generators: enqueued repos page=14 mode=listRepos inserted=500 repos_returned=500 next_cursor=set
2026-02-26T02:40:54Z WARNING bsky_collector_v2.job.index_feed_generators: listRecords failed repo=did:plc:c52wep6lj4sfbsqiz3yvb55h err=HttpError('InvalidRequest: Could not find repo: did:plc:c52wep6lj4sfbsqiz3yvb55h')
2026-02-26T02:41:00Z INFO bsky_collector_v2.job.index_feed_generators: indexed repo=did:plc:eer3lzb3ts7a5grk43qgq43h part=154 records=9 next_cursor=set
2026-02-26T02:41:18Z WARNING bsky_collector_v2.job.index_feed_generators: listRecords failed repo=did:plc:jg5jbc73ma45yb5kuz7ytukv err=HttpError('InvalidRequest: Could not find repo: did:plc:jg5jbc73ma45yb5kuz7ytukv')
2026-02-26T02:42:14Z WARNING bsky_collector_v2.job.index_feed_generators: listRecords failed repo=did:plc:c52wep6lj4sfbsqiz3yvb55h err=HttpError('InvalidRequest: Could not find repo: did:plc:c52wep6lj4sfbsqiz3yvb55h')
2026-02-26T02:42:14Z WARNING bsky_collector_v2.job.index_feed_generators: listRecords failed repo=did:plc:jg5jbc73ma45yb5kuz7ytukv err=HttpError('InvalidRequest: Could not find repo: did:plc:jg5jbc73ma45yb5kuz7ytukv')
2026-02-26T02:42:14Z WARNING bsky_collector_v2.job.index_feed_generators: listRecords failed repo=did:plc:c52wep6lj4sfbsqiz3yvb55h err=HttpError('InvalidRequest: Could not find repo: did:plc:c52wep6lj4sfbsqiz3yvb55h')
2026-02-26T02:42:14Z WARNING bsky_collector_v2.job.index_feed_generators: listRecords failed repo=did:plc:jg5jbc73ma45yb5kuz7ytukv err=HttpError('InvalidRequest: Could not find repo: did:plc:jg5jbc73ma45yb5kuz7ytukv')
2026-02-26T02:42:15Z INFO bsky_collector_v2.job.index_feed_generators: enqueued repos page=15 mode=listRepos inserted=500 repos_returned=500 next_cursor=set
2026-02-26T02:43:02Z INFO bsky_collector_v2.job.index_feed_generators: indexed repo=did:plc:l2t6pe2ds73l3uyeymcy2zue part=155 records=1 next_cursor=set
2026-02-26T02:43:53Z INFO bsky_collector_v2.job.index_feed_generators: enqueued repos page=16 mode=listRepos inserted=500 repos_returned=500 next_cursor=set
2026-02-26T02:44:11Z INFO bsky_collector_v2.job.index_feed_generators: indexed repo=did:plc:7r73yjkvsbo2psq7msmnk2ij part=156 records=1 next_cursor=set
2026-02-26T02:44:56Z INFO bsky_collector_v2.job.index_feed_generators: indexed repo=did:plc:ocd54jhgipnf43oelt4t2tmn part=157 records=1 next_cursor=set
2026-02-26T02:45:36Z INFO bsky_collector_v2.job.index_feed_generators: enqueued repos page=17 mode=listRepos inserted=500 repos_returned=500 next_cursor=set
2026-02-26T02:46:08Z INFO bsky_collector_v2.job.index_feed_generators: indexed repo=did:plc:bul3rliup5sdxsazhvh4yiup part=158 records=2 next_cursor=set
2026-02-26T02:46:30Z INFO bsky_collector_v2.job.index_feed_generators: indexed repo=did:plc:hsvquje7ldzm6dqv7neveq7y part=159 records=1 next_cursor=set
2026-02-26T02:47:04Z INFO bsky_collector_v2.job.index_feed_generators: indexed repo=did:plc:uamkztn32m3yasaezoo66rrn part=160 records=1 next_cursor=set
2026-02-26T02:47:19Z INFO bsky_collector_v2.job.index_feed_generators: indexed repo=did:plc:zjj57ssonxv4laxoajl6czcc part=161 records=1 next_cursor=set
2026-02-26T02:47:21Z INFO bsky_collector_v2.job.index_feed_generators: enqueued repos page=18 mode=listRepos inserted=500 repos_returned=500 next_cursor=set
2026-02-26T02:47:32Z WARNING bsky_collector_v2.job.index_feed_generators: listRecords failed repo=did:plc:562eh4nqn2r3no2rwslrz3sf err=HttpError('InvalidRequest: Could not find repo: did:plc:562eh4nqn2r3no2rwslrz3sf')
2026-02-26T02:49:09Z WARNING bsky_collector_v2.job.index_feed_generators: listRecords failed repo=did:plc:562eh4nqn2r3no2rwslrz3sf err=HttpError('InvalidRequest: Could not find repo: did:plc:562eh4nqn2r3no2rwslrz3sf')
2026-02-26T02:49:09Z WARNING bsky_collector_v2.job.index_feed_generators: listRecords failed repo=did:plc:562eh4nqn2r3no2rwslrz3sf err=HttpError('InvalidRequest: Could not find repo: did:plc:562eh4nqn2r3no2rwslrz3sf')
2026-02-26T02:49:09Z INFO bsky_collector_v2.job.index_feed_generators: enqueued repos page=19 mode=listRepos inserted=500 repos_returned=500 next_cursor=set
2026-02-26T02:49:13Z WARNING bsky_collector_v2.job.index_feed_generators: listRecords failed repo=did:plc:2saeaffcfuyp4uikdh42np4x err=HttpError('InvalidRequest: Could not find repo: did:plc:2saeaffcfuyp4uikdh42np4x')
2026-02-26T02:49:29Z INFO bsky_collector_v2.job.index_feed_generators: indexed repo=did:plc:7swk636m4u5mjs7xu5rvapyf part=162 records=3 next_cursor=set
2026-02-26T02:50:18Z INFO bsky_collector_v2.job.index_feed_generators: indexed repo=did:plc:rkarjzxz46ceskwmvli7my6g part=163 records=1 next_cursor=set
2026-02-26T02:50:44Z WARNING bsky_collector_v2.job.index_feed_generators: listRecords failed repo=did:plc:2saeaffcfuyp4uikdh42np4x err=HttpError('InvalidRequest: Could not find repo: did:plc:2saeaffcfuyp4uikdh42np4x')
2026-02-26T02:50:44Z WARNING bsky_collector_v2.job.index_feed_generators: listRecords failed repo=did:plc:2saeaffcfuyp4uikdh42np4x err=HttpError('InvalidRequest: Could not find repo: did:plc:2saeaffcfuyp4uikdh42np4x')
2026-02-26T02:50:44Z INFO bsky_collector_v2.job.index_feed_generators: enqueued repos page=20 mode=listRepos inserted=500 repos_returned=500 next_cursor=set
2026-02-26T02:50:50Z WARNING bsky_collector_v2.job.index_feed_generators: listRecords failed repo=did:plc:3jdsmaszyasdbewusydxctdu err=HttpError('InvalidRequest: Could not find repo: did:plc:3jdsmaszyasdbewusydxctdu')
2026-02-26T02:51:03Z WARNING bsky_collector_v2.job.index_feed_generators: listRecords failed repo=did:plc:7c6y6tjz3gvjtlmu4pujsimq err=HttpError('InvalidRequest: Could not find repo: did:plc:7c6y6tjz3gvjtlmu4pujsimq')
2026-02-26T02:51:22Z INFO bsky_collector_v2.job.index_feed_generators: indexed repo=did:plc:gbxzvymftb3gizy5yv2z6tle part=164 records=1 next_cursor=set
2026-02-26T02:52:20Z WARNING bsky_collector_v2.job.index_feed_generators: listRecords failed repo=did:plc:3jdsmaszyasdbewusydxctdu err=HttpError('InvalidRequest: Could not find repo: did:plc:3jdsmaszyasdbewusydxctdu')
2026-02-26T02:52:21Z WARNING bsky_collector_v2.job.index_feed_generators: listRecords failed repo=did:plc:7c6y6tjz3gvjtlmu4pujsimq err=HttpError('InvalidRequest: Could not find repo: did:plc:7c6y6tjz3gvjtlmu4pujsimq')
2026-02-26T02:52:21Z WARNING bsky_collector_v2.job.index_feed_generators: listRecords failed repo=did:plc:3jdsmaszyasdbewusydxctdu err=HttpError('InvalidRequest: Could not find repo: did:plc:3jdsmaszyasdbewusydxctdu')
2026-02-26T02:52:21Z WARNING bsky_collector_v2.job.index_feed_generators: listRecords failed repo=did:plc:7c6y6tjz3gvjtlmu4pujsimq err=HttpError('InvalidRequest: Could not find repo: did:plc:7c6y6tjz3gvjtlmu4pujsimq')
2026-02-26T02:52:21Z INFO bsky_collector_v2.job.index_feed_generators: enqueued repos page=21 mode=listRepos inserted=500 repos_returned=500 next_cursor=set
2026-02-26T02:53:03Z INFO bsky_collector_v2.job.index_feed_generators: indexed repo=did:plc:j3mklx7xcoek7ijag4wsrjt5 part=165 records=1 next_cursor=set
2026-02-26T02:54:04Z INFO bsky_collector_v2.job.index_feed_generators: enqueued repos page=22 mode=listRepos inserted=500 repos_returned=500 next_cursor=set
2026-02-26T02:55:43Z INFO bsky_collector_v2.job.index_feed_generators: enqueued repos page=23 mode=listRepos inserted=500 repos_returned=500 next_cursor=set
2026-02-26T02:56:23Z WARNING bsky_collector_v2.job.index_feed_generators: listRecords failed repo=did:plc:ghvtdys7xt3ici2l25vrabrt err=HttpError('InvalidRequest: Could not find repo: did:plc:ghvtdys7xt3ici2l25vrabrt')
2026-02-26T02:57:21Z WARNING bsky_collector_v2.job.index_feed_generators: listRecords failed repo=did:plc:ghvtdys7xt3ici2l25vrabrt err=HttpError('InvalidRequest: Could not find repo: did:plc:ghvtdys7xt3ici2l25vrabrt')
2026-02-26T02:57:21Z WARNING bsky_collector_v2.job.index_feed_generators: listRecords failed repo=did:plc:ghvtdys7xt3ici2l25vrabrt err=HttpError('InvalidRequest: Could not find repo: did:plc:ghvtdys7xt3ici2l25vrabrt')
2026-02-26T02:57:22Z INFO bsky_collector_v2.job.index_feed_generators: enqueued repos page=24 mode=listRepos inserted=500 repos_returned=500 next_cursor=set
2026-02-26T02:57:29Z INFO bsky_collector_v2.job.index_feed_generators: indexed repo=did:plc:3thm7oikrvmq34qlxrcq3czi part=166 records=2 next_cursor=set
2026-02-26T02:57:35Z INFO bsky_collector_v2.job.index_feed_generators: indexed repo=did:plc:6f7q2k3pteixd5my3owm4xr7 part=167 records=1 next_cursor=set
2026-02-26T02:57:49Z WARNING bsky_collector_v2.job.index_feed_generators: listRecords failed repo=did:plc:d5fnxwskloett4pb7dicp6c6 err=HttpError('InvalidRequest: Could not find repo: did:plc:d5fnxwskloett4pb7dicp6c6')
2026-02-26T02:57:58Z WARNING bsky_collector_v2.job.index_feed_generators: listRecords failed repo=did:plc:gfjllo7z3zvmaeveeai4uiko err=HttpError('InvalidRequest: Could not find repo: did:plc:gfjllo7z3zvmaeveeai4uiko')
2026-02-26T02:58:17Z INFO bsky_collector_v2.job.index_feed_generators: indexed repo=did:plc:mb5lse76zt75sigigbdeshvy part=168 records=4 next_cursor=set
2026-02-26T02:58:22Z INFO bsky_collector_v2.job.index_feed_generators: indexed repo=did:plc:o6o3payjpf57txbblnweqah3 part=169 records=1 next_cursor=set
2026-02-26T02:59:08Z WARNING bsky_collector_v2.job.index_feed_generators: listRecords failed repo=did:plc:d5fnxwskloett4pb7dicp6c6 err=HttpError('InvalidRequest: Could not find repo: did:plc:d5fnxwskloett4pb7dicp6c6')
2026-02-26T02:59:08Z WARNING bsky_collector_v2.job.index_feed_generators: listRecords failed repo=did:plc:gfjllo7z3zvmaeveeai4uiko err=HttpError('InvalidRequest: Could not find repo: did:plc:gfjllo7z3zvmaeveeai4uiko')
2026-02-26T02:59:09Z WARNING bsky_collector_v2.job.index_feed_generators: listRecords failed repo=did:plc:d5fnxwskloett4pb7dicp6c6 err=HttpError('InvalidRequest: Could not find repo: did:plc:d5fnxwskloett4pb7dicp6c6')
2026-02-26T02:59:09Z WARNING bsky_collector_v2.job.index_feed_generators: listRecords failed repo=did:plc:gfjllo7z3zvmaeveeai4uiko err=HttpError('InvalidRequest: Could not find repo: did:plc:gfjllo7z3zvmaeveeai4uiko')
2026-02-26T02:59:09Z INFO bsky_collector_v2.job.index_feed_generators: enqueued repos page=25 mode=listRepos inserted=500 repos_returned=500 next_cursor=set
2026-02-26T02:59:54Z INFO bsky_collector_v2.job.index_feed_generators: indexed repo=did:plc:ev3u7ye3ktd7gdat4s3elrvs part=170 records=1 next_cursor=set
2026-02-26T03:00:58Z INFO bsky_collector_v2.job.index_feed_generators: enqueued repos page=26 mode=listRepos inserted=500 repos_returned=500 next_cursor=set
2026-02-26T03:02:04Z WARNING bsky_collector_v2.job.index_feed_generators: listRecords failed repo=did:plc:mhkf2u6sdhbdzok7qt45txvu err=HttpError('InvalidRequest: Could not find repo: did:plc:mhkf2u6sdhbdzok7qt45txvu')
2026-02-26T03:02:14Z INFO bsky_collector_v2.job.index_feed_generators: indexed repo=did:plc:oppw4qr3hmkm7g26cn74ct2p part=171 records=1 next_cursor=set
2026-02-26T03:02:44Z WARNING bsky_collector_v2.job.index_feed_generators: listRecords failed repo=did:plc:mhkf2u6sdhbdzok7qt45txvu err=HttpError('InvalidRequest: Could not find repo: did:plc:mhkf2u6sdhbdzok7qt45txvu')
2026-02-26T03:02:44Z WARNING bsky_collector_v2.job.index_feed_generators: listRecords failed repo=did:plc:mhkf2u6sdhbdzok7qt45txvu err=HttpError('InvalidRequest: Could not find repo: did:plc:mhkf2u6sdhbdzok7qt45txvu')
2026-02-26T03:02:44Z INFO bsky_collector_v2.job.index_feed_generators: enqueued repos page=27 mode=listRepos inserted=500 repos_returned=500 next_cursor=set
2026-02-26T03:03:08Z WARNING bsky_collector_v2.job.index_feed_generators: listRecords failed repo=did:plc:bp57ubhmnxsonsuuqhzy7i54 err=HttpError('InvalidRequest: Could not find repo: did:plc:bp57ubhmnxsonsuuqhzy7i54')
2026-02-26T03:04:35Z WARNING bsky_collector_v2.job.index_feed_generators: listRecords failed repo=did:plc:bp57ubhmnxsonsuuqhzy7i54 err=HttpError('InvalidRequest: Could not find repo: did:plc:bp57ubhmnxsonsuuqhzy7i54')
2026-02-26T03:04:35Z WARNING bsky_collector_v2.job.index_feed_generators: listRecords failed repo=did:plc:bp57ubhmnxsonsuuqhzy7i54 err=HttpError('InvalidRequest: Could not find repo: did:plc:bp57ubhmnxsonsuuqhzy7i54')
2026-02-26T03:04:36Z INFO bsky_collector_v2.job.index_feed_generators: enqueued repos page=28 mode=listRepos inserted=500 repos_returned=500 next_cursor=set
2026-02-26T03:05:49Z INFO bsky_collector_v2.job.index_feed_generators: indexed repo=did:plc:nkluqdfcrb3prs2rhgl5ed73 part=172 records=1 next_cursor=set
2026-02-26T03:06:26Z INFO bsky_collector_v2.job.index_feed_generators: enqueued repos page=29 mode=listRepos inserted=500 repos_returned=500 next_cursor=set
2026-02-26T03:08:01Z INFO bsky_collector_v2.job.index_feed_generators: enqueued repos page=30 mode=listRepos inserted=500 repos_returned=500 next_cursor=set
2026-02-26T03:08:01Z INFO bsky_collector_v2.job.index_feed_generators: indexed repo=did:plc:23af6ygd3szlelp5ch5vbxxb part=173 records=5 next_cursor=set
2026-02-26T03:08:13Z WARNING bsky_collector_v2.job.index_feed_generators: listRecords failed repo=did:plc:5osfpckp4tkq3uwyzqxkvz7v err=HttpError('InvalidRequest: Could not find repo: did:plc:5osfpckp4tkq3uwyzqxkvz7v')
2026-02-26T03:08:58Z WARNING bsky_collector_v2.job.index_feed_generators: listRecords failed repo=did:plc:j5eeuy4zfosn2eu6klaeyidv err=HttpError('InvalidRequest: Could not find repo: did:plc:j5eeuy4zfosn2eu6klaeyidv')
2026-02-26T03:09:05Z INFO bsky_collector_v2.job.index_feed_generators: indexed repo=did:plc:krmr2myifa6b5sai36bkvqjn part=174 records=1 next_cursor=set
2026-02-26T03:09:13Z INFO bsky_collector_v2.job.index_feed_generators: indexed repo=did:plc:mvb2prctcnsv3si64j6p2g7i part=175 records=6 next_cursor=set
2026-02-26T03:09:50Z WARNING bsky_collector_v2.job.index_feed_generators: listRecords failed repo=did:plc:5osfpckp4tkq3uwyzqxkvz7v err=HttpError('InvalidRequest: Could not find repo: did:plc:5osfpckp4tkq3uwyzqxkvz7v')
2026-02-26T03:09:50Z WARNING bsky_collector_v2.job.index_feed_generators: listRecords failed repo=did:plc:j5eeuy4zfosn2eu6klaeyidv err=HttpError('InvalidRequest: Could not find repo: did:plc:j5eeuy4zfosn2eu6klaeyidv')
2026-02-26T03:09:50Z WARNING bsky_collector_v2.job.index_feed_generators: listRecords failed repo=did:plc:5osfpckp4tkq3uwyzqxkvz7v err=HttpError('InvalidRequest: Could not find repo: did:plc:5osfpckp4tkq3uwyzqxkvz7v')
2026-02-26T03:09:51Z WARNING bsky_collector_v2.job.index_feed_generators: listRecords failed repo=did:plc:j5eeuy4zfosn2eu6klaeyidv err=HttpError('InvalidRequest: Could not find repo: did:plc:j5eeuy4zfosn2eu6klaeyidv')
2026-02-26T03:09:51Z INFO bsky_collector_v2.job.index_feed_generators: enqueued repos page=31 mode=listRepos inserted=500 repos_returned=500 next_cursor=set
2026-02-26T03:11:23Z INFO bsky_collector_v2.job.index_feed_generators: indexed repo=did:plc:wntgeu7raa7v5t6v32u4dxdb part=176 records=9 next_cursor=set
2026-02-26T03:11:41Z INFO bsky_collector_v2.job.index_feed_generators: enqueued repos page=32 mode=listRepos inserted=500 repos_returned=500 next_cursor=set
