2026-03-25T16:12:31Z INFO bsky_collector_v2: out_base ok path=/Volumes/T9/BlueSky/data_v2_full mount=/Volumes/T9
2026-03-25T16:12:31Z INFO bsky_collector_v2: job start subcommand=index-feed-generators dry_run=False resume=True
2026-03-25T16:12:32Z INFO bsky_collector_v2.job.index_feed_generators: feed generator index hosts relay_host=https://bsky.network records_host=https://bsky.social auth=yes
2026-03-25T16:12:43Z WARNING bsky_collector_v2.job.index_feed_generators: listRecords failed repo=did:plc:4yzyp5skdgn3h7vbb266xlqi err=HttpError('InvalidRequest: Could not find repo: did:plc:4yzyp5skdgn3h7vbb266xlqi')
2026-03-25T16:12:46Z INFO bsky_collector_v2.job.index_feed_generators: indexed repo=did:plc:5rtzk24vqmdwg6apcqjkz3uy part=0 records=1 next_cursor=set
2026-03-25T16:12:53Z WARNING bsky_collector_v2.job.index_feed_generators: listRecords failed repo=did:plc:beabuohtoh2pp473h7rdosz5 err=HttpError('InvalidRequest: Could not find repo: did:plc:beabuohtoh2pp473h7rdosz5')
2026-03-25T16:13:04Z WARNING bsky_collector_v2.job.index_feed_generators: listRecords failed repo=did:plc:g2tkcgssxr7i2lhu42o2e43z err=HttpError('InvalidRequest: Could not find repo: did:plc:g2tkcgssxr7i2lhu42o2e43z')
2026-03-25T16:13:07Z INFO bsky_collector_v2.job.index_feed_generators: indexed repo=did:plc:hauyaqsq56q6qsw66dqxkqkn part=1 records=1 next_cursor=set
2026-03-25T16:13:49Z WARNING bsky_collector_v2.job.index_feed_generators: listRecords failed repo=did:plc:4yzyp5skdgn3h7vbb266xlqi err=HttpError('InvalidRequest: Could not find repo: did:plc:4yzyp5skdgn3h7vbb266xlqi')
2026-03-25T16:13:49Z WARNING bsky_collector_v2.job.index_feed_generators: listRecords failed repo=did:plc:beabuohtoh2pp473h7rdosz5 err=HttpError('InvalidRequest: Could not find repo: did:plc:beabuohtoh2pp473h7rdosz5')
2026-03-25T16:13:49Z WARNING bsky_collector_v2.job.index_feed_generators: listRecords failed repo=did:plc:g2tkcgssxr7i2lhu42o2e43z err=HttpError('InvalidRequest: Could not find repo: did:plc:g2tkcgssxr7i2lhu42o2e43z')
2026-03-25T16:13:49Z WARNING bsky_collector_v2.job.index_feed_generators: listRecords failed repo=did:plc:4yzyp5skdgn3h7vbb266xlqi err=HttpError('InvalidRequest: Could not find repo: did:plc:4yzyp5skdgn3h7vbb266xlqi')
2026-03-25T16:13:49Z WARNING bsky_collector_v2.job.index_feed_generators: listRecords failed repo=did:plc:beabuohtoh2pp473h7rdosz5 err=HttpError('InvalidRequest: Could not find repo: did:plc:beabuohtoh2pp473h7rdosz5')
2026-03-25T16:13:49Z WARNING bsky_collector_v2.job.index_feed_generators: listRecords failed repo=did:plc:g2tkcgssxr7i2lhu42o2e43z err=HttpError('InvalidRequest: Could not find repo: did:plc:g2tkcgssxr7i2lhu42o2e43z')
2026-03-25T16:13:50Z INFO bsky_collector_v2.job.index_feed_generators: enqueued repos page=1 mode=listRepos inserted=500 repos_returned=500 next_cursor=set
2026-03-25T16:13:57Z WARNING bsky_collector_v2.job.index_feed_generators: listRecords failed repo=did:plc:4dun6cg7tktspkufuur47x67 err=HttpError('InvalidRequest: Could not find repo: did:plc:4dun6cg7tktspkufuur47x67')
2026-03-25T16:14:09Z WARNING bsky_collector_v2.job.index_feed_generators: listRecords failed repo=did:plc:b527xezgjg2timdklzdmizfg err=HttpError('InvalidRequest: Could not find repo: did:plc:b527xezgjg2timdklzdmizfg')
2026-03-25T16:14:42Z INFO bsky_collector_v2.job.index_feed_generators: indexed repo=did:plc:kj64tphi4sauxrwkfcan33ux part=2 records=1 next_cursor=set
2026-03-25T16:14:58Z WARNING bsky_collector_v2.job.index_feed_generators: listRecords failed repo=did:plc:r5hlegpkakp4a45nelb76bw5 err=HttpError('InvalidRequest: Could not find repo: did:plc:r5hlegpkakp4a45nelb76bw5')
2026-03-25T16:15:14Z WARNING bsky_collector_v2.job.index_feed_generators: listRecords failed repo=did:plc:4dun6cg7tktspkufuur47x67 err=HttpError('InvalidRequest: Could not find repo: did:plc:4dun6cg7tktspkufuur47x67')
2026-03-25T16:15:14Z WARNING bsky_collector_v2.job.index_feed_generators: listRecords failed repo=did:plc:b527xezgjg2timdklzdmizfg err=HttpError('InvalidRequest: Could not find repo: did:plc:b527xezgjg2timdklzdmizfg')
2026-03-25T16:15:14Z WARNING bsky_collector_v2.job.index_feed_generators: listRecords failed repo=did:plc:r5hlegpkakp4a45nelb76bw5 err=HttpError('InvalidRequest: Could not find repo: did:plc:r5hlegpkakp4a45nelb76bw5')
2026-03-25T16:15:14Z WARNING bsky_collector_v2.job.index_feed_generators: listRecords failed repo=did:plc:4dun6cg7tktspkufuur47x67 err=HttpError('InvalidRequest: Could not find repo: did:plc:4dun6cg7tktspkufuur47x67')
2026-03-25T16:15:14Z WARNING bsky_collector_v2.job.index_feed_generators: listRecords failed repo=did:plc:b527xezgjg2timdklzdmizfg err=HttpError('InvalidRequest: Could not find repo: did:plc:b527xezgjg2timdklzdmizfg')
2026-03-25T16:15:14Z WARNING bsky_collector_v2.job.index_feed_generators: listRecords failed repo=did:plc:r5hlegpkakp4a45nelb76bw5 err=HttpError('InvalidRequest: Could not find repo: did:plc:r5hlegpkakp4a45nelb76bw5')
2026-03-25T16:15:15Z INFO bsky_collector_v2.job.index_feed_generators: enqueued repos page=2 mode=listRepos inserted=500 repos_returned=500 next_cursor=set
2026-03-25T16:15:27Z WARNING bsky_collector_v2.job.index_feed_generators: listRecords failed repo=did:plc:6wfqgzj6jnwuqebbcra2lhmm err=HttpError('InvalidRequest: Could not find repo: did:plc:6wfqgzj6jnwuqebbcra2lhmm')
2026-03-25T16:15:50Z WARNING bsky_collector_v2.job.index_feed_generators: listRecords failed repo=did:plc:kexdid3isi4vlxllu64fuq7e err=HttpError('InvalidRequest: Could not find repo: did:plc:kexdid3isi4vlxllu64fuq7e')
2026-03-25T16:15:50Z WARNING bsky_collector_v2.job.index_feed_generators: listRecords failed repo=did:plc:kq2zip6cwhgqiu2dr4oad2ha err=HttpError('InvalidRequest: Could not find repo: did:plc:kq2zip6cwhgqiu2dr4oad2ha')
2026-03-25T16:16:13Z WARNING bsky_collector_v2.job.index_feed_generators: listRecords failed repo=did:plc:u4k3oyz5kdylif3uhpxdega5 err=HttpError('InvalidRequest: Could not find repo: did:plc:u4k3oyz5kdylif3uhpxdega5')
2026-03-25T16:16:15Z WARNING bsky_collector_v2.job.index_feed_generators: listRecords failed repo=did:plc:urhowjd22rakhg5wuzmk6rpn err=HttpError('InvalidRequest: Could not find repo: did:plc:urhowjd22rakhg5wuzmk6rpn')
2026-03-25T16:16:33Z WARNING bsky_collector_v2.job.index_feed_generators: listRecords failed repo=did:plc:6wfqgzj6jnwuqebbcra2lhmm err=HttpError('InvalidRequest: Could not find repo: did:plc:6wfqgzj6jnwuqebbcra2lhmm')
2026-03-25T16:16:33Z WARNING bsky_collector_v2.job.index_feed_generators: listRecords failed repo=did:plc:kexdid3isi4vlxllu64fuq7e err=HttpError('InvalidRequest: Could not find repo: did:plc:kexdid3isi4vlxllu64fuq7e')
2026-03-25T16:16:33Z WARNING bsky_collector_v2.job.index_feed_generators: listRecords failed repo=did:plc:kq2zip6cwhgqiu2dr4oad2ha err=HttpError('InvalidRequest: Could not find repo: did:plc:kq2zip6cwhgqiu2dr4oad2ha')
2026-03-25T16:16:33Z WARNING bsky_collector_v2.job.index_feed_generators: listRecords failed repo=did:plc:u4k3oyz5kdylif3uhpxdega5 err=HttpError('InvalidRequest: Could not find repo: did:plc:u4k3oyz5kdylif3uhpxdega5')
2026-03-25T16:16:33Z WARNING bsky_collector_v2.job.index_feed_generators: listRecords failed repo=did:plc:urhowjd22rakhg5wuzmk6rpn err=HttpError('InvalidRequest: Could not find repo: did:plc:urhowjd22rakhg5wuzmk6rpn')
2026-03-25T16:16:33Z WARNING bsky_collector_v2.job.index_feed_generators: listRecords failed repo=did:plc:6wfqgzj6jnwuqebbcra2lhmm err=HttpError('InvalidRequest: Could not find repo: did:plc:6wfqgzj6jnwuqebbcra2lhmm')
2026-03-25T16:16:33Z WARNING bsky_collector_v2.job.index_feed_generators: listRecords failed repo=did:plc:kexdid3isi4vlxllu64fuq7e err=HttpError('InvalidRequest: Could not find repo: did:plc:kexdid3isi4vlxllu64fuq7e')
2026-03-25T16:16:33Z WARNING bsky_collector_v2.job.index_feed_generators: listRecords failed repo=did:plc:kq2zip6cwhgqiu2dr4oad2ha err=HttpError('InvalidRequest: Could not find repo: did:plc:kq2zip6cwhgqiu2dr4oad2ha')
2026-03-25T16:16:33Z WARNING bsky_collector_v2.job.index_feed_generators: listRecords failed repo=did:plc:u4k3oyz5kdylif3uhpxdega5 err=HttpError('InvalidRequest: Could not find repo: did:plc:u4k3oyz5kdylif3uhpxdega5')
2026-03-25T16:16:33Z WARNING bsky_collector_v2.job.index_feed_generators: listRecords failed repo=did:plc:urhowjd22rakhg5wuzmk6rpn err=HttpError('InvalidRequest: Could not find repo: did:plc:urhowjd22rakhg5wuzmk6rpn')
2026-03-25T16:16:34Z INFO bsky_collector_v2.job.index_feed_generators: enqueued repos page=3 mode=listRepos inserted=500 repos_returned=500 next_cursor=set
2026-03-25T16:16:55Z WARNING bsky_collector_v2.job.index_feed_generators: listRecords failed repo=did:plc:bnqmkvnxpbmtqzjfddwijagq err=HttpError('InvalidRequest: Could not find repo: did:plc:bnqmkvnxpbmtqzjfddwijagq')
2026-03-25T16:17:00Z WARNING bsky_collector_v2.job.index_feed_generators: listRecords failed repo=did:plc:fcvyjvoanfdsmivnbz6qwngs err=HttpError('InvalidRequest: Could not find repo: did:plc:fcvyjvoanfdsmivnbz6qwngs')
2026-03-25T16:17:59Z WARNING bsky_collector_v2.job.index_feed_generators: listRecords failed repo=did:plc:ysgrahhwlts6kbwooiyhvfrb err=HttpError('InvalidRequest: Could not find repo: did:plc:ysgrahhwlts6kbwooiyhvfrb')
2026-03-25T16:18:01Z WARNING bsky_collector_v2.job.index_feed_generators: listRecords failed repo=did:plc:bnqmkvnxpbmtqzjfddwijagq err=HttpError('InvalidRequest: Could not find repo: did:plc:bnqmkvnxpbmtqzjfddwijagq')
2026-03-25T16:18:01Z WARNING bsky_collector_v2.job.index_feed_generators: listRecords failed repo=did:plc:fcvyjvoanfdsmivnbz6qwngs err=HttpError('InvalidRequest: Could not find repo: did:plc:fcvyjvoanfdsmivnbz6qwngs')
2026-03-25T16:18:01Z WARNING bsky_collector_v2.job.index_feed_generators: listRecords failed repo=did:plc:ysgrahhwlts6kbwooiyhvfrb err=HttpError('InvalidRequest: Could not find repo: did:plc:ysgrahhwlts6kbwooiyhvfrb')
2026-03-25T16:18:02Z WARNING bsky_collector_v2.job.index_feed_generators: listRecords failed repo=did:plc:bnqmkvnxpbmtqzjfddwijagq err=HttpError('InvalidRequest: Could not find repo: did:plc:bnqmkvnxpbmtqzjfddwijagq')
2026-03-25T16:18:02Z WARNING bsky_collector_v2.job.index_feed_generators: listRecords failed repo=did:plc:fcvyjvoanfdsmivnbz6qwngs err=HttpError('InvalidRequest: Could not find repo: did:plc:fcvyjvoanfdsmivnbz6qwngs')
2026-03-25T16:18:02Z WARNING bsky_collector_v2.job.index_feed_generators: listRecords failed repo=did:plc:ysgrahhwlts6kbwooiyhvfrb err=HttpError('InvalidRequest: Could not find repo: did:plc:ysgrahhwlts6kbwooiyhvfrb')
2026-03-25T16:18:02Z INFO bsky_collector_v2.job.index_feed_generators: enqueued repos page=4 mode=listRepos inserted=500 repos_returned=500 next_cursor=set
2026-03-25T16:18:33Z INFO bsky_collector_v2.job.index_feed_generators: indexed repo=did:plc:hsiazpsfeiferw75xepeexvp part=3 records=1 next_cursor=set
2026-03-25T16:18:50Z WARNING bsky_collector_v2.job.index_feed_generators: listRecords failed repo=did:plc:q663gfyokwr53z7i26nkb64v err=HttpError('InvalidRequest: Could not find repo: did:plc:q663gfyokwr53z7i26nkb64v')
2026-03-25T16:19:06Z WARNING bsky_collector_v2.job.index_feed_generators: listRecords failed repo=did:plc:xknqpsigdrtlacu7afgsmfq5 err=HttpError('InvalidRequest: Could not find repo: did:plc:xknqpsigdrtlacu7afgsmfq5')
2026-03-25T16:19:11Z WARNING bsky_collector_v2.job.index_feed_generators: listRecords failed repo=did:plc:q663gfyokwr53z7i26nkb64v err=HttpError('InvalidRequest: Could not find repo: did:plc:q663gfyokwr53z7i26nkb64v')
2026-03-25T16:19:11Z WARNING bsky_collector_v2.job.index_feed_generators: listRecords failed repo=did:plc:xknqpsigdrtlacu7afgsmfq5 err=HttpError('InvalidRequest: Could not find repo: did:plc:xknqpsigdrtlacu7afgsmfq5')
2026-03-25T16:19:11Z WARNING bsky_collector_v2.job.index_feed_generators: listRecords failed repo=did:plc:q663gfyokwr53z7i26nkb64v err=HttpError('InvalidRequest: Could not find repo: did:plc:q663gfyokwr53z7i26nkb64v')
2026-03-25T16:19:12Z WARNING bsky_collector_v2.job.index_feed_generators: listRecords failed repo=did:plc:xknqpsigdrtlacu7afgsmfq5 err=HttpError('InvalidRequest: Could not find repo: did:plc:xknqpsigdrtlacu7afgsmfq5')
2026-03-25T16:19:12Z INFO bsky_collector_v2.job.index_feed_generators: enqueued repos page=5 mode=listRepos inserted=500 repos_returned=500 next_cursor=set
2026-03-25T16:20:14Z WARNING bsky_collector_v2.job.index_feed_generators: listRecords failed repo=did:plc:qbx256b77v4geb4lqt6e3i5e err=HttpError('InvalidRequest: Could not find repo: did:plc:qbx256b77v4geb4lqt6e3i5e')
2026-03-25T16:20:42Z WARNING bsky_collector_v2.job.index_feed_generators: listRecords failed repo=did:plc:y5gazb6lrsk3j4riiro62zjn err=HttpError('InvalidRequest: Could not find repo: did:plc:y5gazb6lrsk3j4riiro62zjn')
2026-03-25T16:20:48Z WARNING bsky_collector_v2.job.index_feed_generators: listRecords failed repo=did:plc:qbx256b77v4geb4lqt6e3i5e err=HttpError('InvalidRequest: Could not find repo: did:plc:qbx256b77v4geb4lqt6e3i5e')
2026-03-25T16:20:48Z WARNING bsky_collector_v2.job.index_feed_generators: listRecords failed repo=did:plc:y5gazb6lrsk3j4riiro62zjn err=HttpError('InvalidRequest: Could not find repo: did:plc:y5gazb6lrsk3j4riiro62zjn')
2026-03-25T16:20:48Z WARNING bsky_collector_v2.job.index_feed_generators: listRecords failed repo=did:plc:qbx256b77v4geb4lqt6e3i5e err=HttpError('InvalidRequest: Could not find repo: did:plc:qbx256b77v4geb4lqt6e3i5e')
2026-03-25T16:20:48Z WARNING bsky_collector_v2.job.index_feed_generators: listRecords failed repo=did:plc:y5gazb6lrsk3j4riiro62zjn err=HttpError('InvalidRequest: Could not find repo: did:plc:y5gazb6lrsk3j4riiro62zjn')
2026-03-25T16:20:48Z INFO bsky_collector_v2.job.index_feed_generators: enqueued repos page=6 mode=listRepos inserted=500 repos_returned=500 next_cursor=set
2026-03-25T16:22:02Z INFO bsky_collector_v2.job.index_feed_generators: enqueued repos page=7 mode=listRepos inserted=500 repos_returned=500 next_cursor=set
2026-03-25T16:22:41Z WARNING bsky_collector_v2.job.index_feed_generators: listRecords failed repo=did:plc:lejw7s6hfri4dsfdh2pmm4ri err=HttpError('InvalidRequest: Could not find repo: did:plc:lejw7s6hfri4dsfdh2pmm4ri')
2026-03-25T16:23:27Z WARNING bsky_collector_v2.job.index_feed_generators: listRecords failed repo=did:plc:lejw7s6hfri4dsfdh2pmm4ri err=HttpError('InvalidRequest: Could not find repo: did:plc:lejw7s6hfri4dsfdh2pmm4ri')
2026-03-25T16:23:27Z WARNING bsky_collector_v2.job.index_feed_generators: listRecords failed repo=did:plc:lejw7s6hfri4dsfdh2pmm4ri err=HttpError('InvalidRequest: Could not find repo: did:plc:lejw7s6hfri4dsfdh2pmm4ri')
2026-03-25T16:23:27Z INFO bsky_collector_v2.job.index_feed_generators: enqueued repos page=8 mode=listRepos inserted=500 repos_returned=500 next_cursor=set
2026-03-25T16:23:31Z WARNING bsky_collector_v2.job.index_feed_generators: listRecords failed repo=did:plc:3n2dy7l25zw6hbg7erqewq4t err=HttpError('InvalidRequest: Could not find repo: did:plc:3n2dy7l25zw6hbg7erqewq4t')
2026-03-25T16:23:41Z WARNING bsky_collector_v2.job.index_feed_generators: listRecords failed repo=did:plc:6im53k5tyhecqddrklcu3zgc err=HttpError('InvalidRequest: Could not find repo: did:plc:6im53k5tyhecqddrklcu3zgc')
2026-03-25T16:23:47Z WARNING bsky_collector_v2.job.index_feed_generators: listRecords failed repo=did:plc:auj36mrzl2dyvy3foqcd5vab err=HttpError('InvalidRequest: Could not find repo: did:plc:auj36mrzl2dyvy3foqcd5vab')
2026-03-25T16:24:48Z WARNING bsky_collector_v2.job.index_feed_generators: listRecords failed repo=did:plc:3n2dy7l25zw6hbg7erqewq4t err=HttpError('InvalidRequest: Could not find repo: did:plc:3n2dy7l25zw6hbg7erqewq4t')
2026-03-25T16:24:48Z WARNING bsky_collector_v2.job.index_feed_generators: listRecords failed repo=did:plc:6im53k5tyhecqddrklcu3zgc err=HttpError('InvalidRequest: Could not find repo: did:plc:6im53k5tyhecqddrklcu3zgc')
2026-03-25T16:24:48Z WARNING bsky_collector_v2.job.index_feed_generators: listRecords failed repo=did:plc:auj36mrzl2dyvy3foqcd5vab err=HttpError('InvalidRequest: Could not find repo: did:plc:auj36mrzl2dyvy3foqcd5vab')
2026-03-25T16:24:48Z WARNING bsky_collector_v2.job.index_feed_generators: listRecords failed repo=did:plc:3n2dy7l25zw6hbg7erqewq4t err=HttpError('InvalidRequest: Could not find repo: did:plc:3n2dy7l25zw6hbg7erqewq4t')
2026-03-25T16:24:48Z WARNING bsky_collector_v2.job.index_feed_generators: listRecords failed repo=did:plc:6im53k5tyhecqddrklcu3zgc err=HttpError('InvalidRequest: Could not find repo: did:plc:6im53k5tyhecqddrklcu3zgc')
2026-03-25T16:24:48Z WARNING bsky_collector_v2.job.index_feed_generators: listRecords failed repo=did:plc:auj36mrzl2dyvy3foqcd5vab err=HttpError('InvalidRequest: Could not find repo: did:plc:auj36mrzl2dyvy3foqcd5vab')
2026-03-25T16:24:49Z INFO bsky_collector_v2.job.index_feed_generators: enqueued repos page=9 mode=listRepos inserted=500 repos_returned=500 next_cursor=set
2026-03-25T16:25:12Z WARNING bsky_collector_v2.job.index_feed_generators: listRecords failed repo=did:plc:e6hlx6hxwwb44cswulkhfyil err=HttpError('InvalidRequest: Could not find repo: did:plc:e6hlx6hxwwb44cswulkhfyil')
2026-03-25T16:26:27Z WARNING bsky_collector_v2.job.index_feed_generators: listRecords failed repo=did:plc:e6hlx6hxwwb44cswulkhfyil err=HttpError('InvalidRequest: Could not find repo: did:plc:e6hlx6hxwwb44cswulkhfyil')
2026-03-25T16:26:27Z WARNING bsky_collector_v2.job.index_feed_generators: listRecords failed repo=did:plc:e6hlx6hxwwb44cswulkhfyil err=HttpError('InvalidRequest: Could not find repo: did:plc:e6hlx6hxwwb44cswulkhfyil')
2026-03-25T16:26:28Z INFO bsky_collector_v2.job.index_feed_generators: enqueued repos page=10 mode=listRepos inserted=500 repos_returned=500 next_cursor=set
2026-03-25T16:26:58Z WARNING bsky_collector_v2.job.index_feed_generators: listRecords failed repo=did:plc:dfko4abukv3lfy7e3atmghmq err=HttpError('InvalidRequest: Could not find repo: did:plc:dfko4abukv3lfy7e3atmghmq')
2026-03-25T16:27:18Z WARNING bsky_collector_v2.job.index_feed_generators: listRecords failed repo=did:plc:ku4ns7t5qvbuiar6nr7ei6bv err=HttpError('InvalidRequest: Could not find repo: did:plc:ku4ns7t5qvbuiar6nr7ei6bv')
2026-03-25T16:27:21Z WARNING bsky_collector_v2.job.index_feed_generators: listRecords failed repo=did:plc:lywvid6hzc5zu4udrkw5uvbr err=HttpError('InvalidRequest: Could not find repo: did:plc:lywvid6hzc5zu4udrkw5uvbr')
2026-03-25T16:27:45Z WARNING bsky_collector_v2.job.index_feed_generators: listRecords failed repo=did:plc:ubhltw7uxxlipm47il3jryub err=HttpError('InvalidRequest: Could not find repo: did:plc:ubhltw7uxxlipm47il3jryub')
2026-03-25T16:28:03Z WARNING bsky_collector_v2.job.index_feed_generators: listRecords failed repo=did:plc:dfko4abukv3lfy7e3atmghmq err=HttpError('InvalidRequest: Could not find repo: did:plc:dfko4abukv3lfy7e3atmghmq')
2026-03-25T16:28:03Z WARNING bsky_collector_v2.job.index_feed_generators: listRecords failed repo=did:plc:ku4ns7t5qvbuiar6nr7ei6bv err=HttpError('InvalidRequest: Could not find repo: did:plc:ku4ns7t5qvbuiar6nr7ei6bv')
2026-03-25T16:28:03Z WARNING bsky_collector_v2.job.index_feed_generators: listRecords failed repo=did:plc:lywvid6hzc5zu4udrkw5uvbr err=HttpError('InvalidRequest: Could not find repo: did:plc:lywvid6hzc5zu4udrkw5uvbr')
2026-03-25T16:28:03Z WARNING bsky_collector_v2.job.index_feed_generators: listRecords failed repo=did:plc:ubhltw7uxxlipm47il3jryub err=HttpError('InvalidRequest: Could not find repo: did:plc:ubhltw7uxxlipm47il3jryub')
2026-03-25T16:28:03Z WARNING bsky_collector_v2.job.index_feed_generators: listRecords failed repo=did:plc:dfko4abukv3lfy7e3atmghmq err=HttpError('InvalidRequest: Could not find repo: did:plc:dfko4abukv3lfy7e3atmghmq')
2026-03-25T16:28:03Z WARNING bsky_collector_v2.job.index_feed_generators: listRecords failed repo=did:plc:ku4ns7t5qvbuiar6nr7ei6bv err=HttpError('InvalidRequest: Could not find repo: did:plc:ku4ns7t5qvbuiar6nr7ei6bv')
2026-03-25T16:28:03Z WARNING bsky_collector_v2.job.index_feed_generators: listRecords failed repo=did:plc:lywvid6hzc5zu4udrkw5uvbr err=HttpError('InvalidRequest: Could not find repo: did:plc:lywvid6hzc5zu4udrkw5uvbr')
2026-03-25T16:28:03Z WARNING bsky_collector_v2.job.index_feed_generators: listRecords failed repo=did:plc:ubhltw7uxxlipm47il3jryub err=HttpError('InvalidRequest: Could not find repo: did:plc:ubhltw7uxxlipm47il3jryub')
2026-03-25T16:28:04Z INFO bsky_collector_v2.job.index_feed_generators: enqueued repos page=11 mode=listRepos inserted=500 repos_returned=500 next_cursor=set
2026-03-25T16:28:16Z INFO bsky_collector_v2.job.index_feed_generators: indexed repo=did:plc:abgjcuusgcoqalf2frxgvx4p part=4 records=1 next_cursor=set
2026-03-25T16:28:20Z WARNING bsky_collector_v2.job.index_feed_generators: listRecords failed repo=did:plc:bu2isywkmpthi7orjt2bro6s err=HttpError('InvalidRequest: Could not find repo: did:plc:bu2isywkmpthi7orjt2bro6s')
2026-03-25T16:28:50Z WARNING bsky_collector_v2.job.index_feed_generators: listRecords failed repo=did:plc:qrsux5klciuemipqjdfkpkqw err=HttpError('InvalidRequest: Could not find repo: did:plc:qrsux5klciuemipqjdfkpkqw')
2026-03-25T16:28:59Z INFO bsky_collector_v2.job.index_feed_generators: indexed repo=did:plc:uh4ypydoghcjqjt3ginvdyfu part=5 records=1 next_cursor=set
2026-03-25T16:28:59Z WARNING bsky_collector_v2.job.index_feed_generators: listRecords failed repo=did:plc:uie3ltmda2fa4w5djfuaw47q err=HttpError('InvalidRequest: Could not find repo: did:plc:uie3ltmda2fa4w5djfuaw47q')
2026-03-25T16:29:13Z WARNING bsky_collector_v2.job.index_feed_generators: listRecords failed repo=did:plc:bu2isywkmpthi7orjt2bro6s err=HttpError('InvalidRequest: Could not find repo: did:plc:bu2isywkmpthi7orjt2bro6s')
2026-03-25T16:29:13Z WARNING bsky_collector_v2.job.index_feed_generators: listRecords failed repo=did:plc:qrsux5klciuemipqjdfkpkqw err=HttpError('InvalidRequest: Could not find repo: did:plc:qrsux5klciuemipqjdfkpkqw')
2026-03-25T16:29:13Z WARNING bsky_collector_v2.job.index_feed_generators: listRecords failed repo=did:plc:uie3ltmda2fa4w5djfuaw47q err=HttpError('InvalidRequest: Could not find repo: did:plc:uie3ltmda2fa4w5djfuaw47q')
2026-03-25T16:29:13Z WARNING bsky_collector_v2.job.index_feed_generators: listRecords failed repo=did:plc:bu2isywkmpthi7orjt2bro6s err=HttpError('InvalidRequest: Could not find repo: did:plc:bu2isywkmpthi7orjt2bro6s')
2026-03-25T16:29:13Z WARNING bsky_collector_v2.job.index_feed_generators: listRecords failed repo=did:plc:qrsux5klciuemipqjdfkpkqw err=HttpError('InvalidRequest: Could not find repo: did:plc:qrsux5klciuemipqjdfkpkqw')
2026-03-25T16:29:13Z WARNING bsky_collector_v2.job.index_feed_generators: listRecords failed repo=did:plc:uie3ltmda2fa4w5djfuaw47q err=HttpError('InvalidRequest: Could not find repo: did:plc:uie3ltmda2fa4w5djfuaw47q')
2026-03-25T16:29:14Z INFO bsky_collector_v2.job.index_feed_generators: enqueued repos page=12 mode=listRepos inserted=500 repos_returned=500 next_cursor=set
2026-03-25T16:29:42Z WARNING bsky_collector_v2.job.index_feed_generators: listRecords failed repo=did:plc:h4pek3dsazfwmmbhrf27gfg3 err=HttpError('InvalidRequest: Could not find repo: did:plc:h4pek3dsazfwmmbhrf27gfg3')
2026-03-25T16:29:55Z WARNING bsky_collector_v2.job.index_feed_generators: listRecords failed repo=did:plc:mr4yar2zy6w6nzgy3j6kicet err=HttpError('InvalidRequest: Could not find repo: did:plc:mr4yar2zy6w6nzgy3j6kicet')
2026-03-25T16:30:24Z WARNING bsky_collector_v2.job.index_feed_generators: listRecords failed repo=did:plc:h4pek3dsazfwmmbhrf27gfg3 err=HttpError('InvalidRequest: Could not find repo: did:plc:h4pek3dsazfwmmbhrf27gfg3')
2026-03-25T16:30:24Z WARNING bsky_collector_v2.job.index_feed_generators: listRecords failed repo=did:plc:mr4yar2zy6w6nzgy3j6kicet err=HttpError('InvalidRequest: Could not find repo: did:plc:mr4yar2zy6w6nzgy3j6kicet')
2026-03-25T16:30:24Z WARNING bsky_collector_v2.job.index_feed_generators: listRecords failed repo=did:plc:h4pek3dsazfwmmbhrf27gfg3 err=HttpError('InvalidRequest: Could not find repo: did:plc:h4pek3dsazfwmmbhrf27gfg3')
2026-03-25T16:30:24Z WARNING bsky_collector_v2.job.index_feed_generators: listRecords failed repo=did:plc:mr4yar2zy6w6nzgy3j6kicet err=HttpError('InvalidRequest: Could not find repo: did:plc:mr4yar2zy6w6nzgy3j6kicet')
2026-03-25T16:30:25Z INFO bsky_collector_v2.job.index_feed_generators: enqueued repos page=13 mode=listRepos inserted=500 repos_returned=500 next_cursor=set
2026-03-25T16:31:53Z WARNING bsky_collector_v2.job.index_feed_generators: listRecords failed repo=did:plc:utogxs4sby2fnpvoshnqtxkm err=HttpError('InvalidRequest: Could not find repo: did:plc:utogxs4sby2fnpvoshnqtxkm')
2026-03-25T16:32:03Z WARNING bsky_collector_v2.job.index_feed_generators: listRecords failed repo=did:plc:utogxs4sby2fnpvoshnqtxkm err=HttpError('InvalidRequest: Could not find repo: did:plc:utogxs4sby2fnpvoshnqtxkm')
2026-03-25T16:32:03Z WARNING bsky_collector_v2.job.index_feed_generators: listRecords failed repo=did:plc:utogxs4sby2fnpvoshnqtxkm err=HttpError('InvalidRequest: Could not find repo: did:plc:utogxs4sby2fnpvoshnqtxkm')
2026-03-25T16:32:03Z INFO bsky_collector_v2.job.index_feed_generators: enqueued repos page=14 mode=listRepos inserted=500 repos_returned=500 next_cursor=set
2026-03-25T16:32:45Z WARNING bsky_collector_v2.job.index_feed_generators: listRecords failed repo=did:plc:k4kgllwxecw2jqjcfsacuwce err=HttpError('InvalidRequest: Could not find repo: did:plc:k4kgllwxecw2jqjcfsacuwce')
2026-03-25T16:33:10Z WARNING bsky_collector_v2.job.index_feed_generators: listRecords failed repo=did:plc:tnwxzlwodymadgj3tpnhjeun err=HttpError('InvalidRequest: Could not find repo: did:plc:tnwxzlwodymadgj3tpnhjeun')
2026-03-25T16:33:16Z WARNING bsky_collector_v2.job.index_feed_generators: listRecords failed repo=did:plc:vvdndhb3xk26puvr4lox5n5h err=HttpError('InvalidRequest: Could not find repo: did:plc:vvdndhb3xk26puvr4lox5n5h')
2026-03-25T16:33:26Z WARNING bsky_collector_v2.job.index_feed_generators: listRecords failed repo=did:plc:k4kgllwxecw2jqjcfsacuwce err=HttpError('InvalidRequest: Could not find repo: did:plc:k4kgllwxecw2jqjcfsacuwce')
2026-03-25T16:33:26Z WARNING bsky_collector_v2.job.index_feed_generators: listRecords failed repo=did:plc:tnwxzlwodymadgj3tpnhjeun err=HttpError('InvalidRequest: Could not find repo: did:plc:tnwxzlwodymadgj3tpnhjeun')
2026-03-25T16:33:26Z WARNING bsky_collector_v2.job.index_feed_generators: listRecords failed repo=did:plc:vvdndhb3xk26puvr4lox5n5h err=HttpError('InvalidRequest: Could not find repo: did:plc:vvdndhb3xk26puvr4lox5n5h')
2026-03-25T16:33:26Z WARNING bsky_collector_v2.job.index_feed_generators: listRecords failed repo=did:plc:k4kgllwxecw2jqjcfsacuwce err=HttpError('InvalidRequest: Could not find repo: did:plc:k4kgllwxecw2jqjcfsacuwce')
2026-03-25T16:33:26Z WARNING bsky_collector_v2.job.index_feed_generators: listRecords failed repo=did:plc:tnwxzlwodymadgj3tpnhjeun err=HttpError('InvalidRequest: Could not find repo: did:plc:tnwxzlwodymadgj3tpnhjeun')
2026-03-25T16:33:26Z WARNING bsky_collector_v2.job.index_feed_generators: listRecords failed repo=did:plc:vvdndhb3xk26puvr4lox5n5h err=HttpError('InvalidRequest: Could not find repo: did:plc:vvdndhb3xk26puvr4lox5n5h')
2026-03-25T16:33:26Z INFO bsky_collector_v2.job.index_feed_generators: enqueued repos page=15 mode=listRepos inserted=500 repos_returned=500 next_cursor=set
2026-03-25T16:33:56Z WARNING bsky_collector_v2.job.index_feed_generators: listRecords failed repo=did:plc:g72iz63vig3yjnrzegsp2o6g err=HttpError('InvalidRequest: Could not find repo: did:plc:g72iz63vig3yjnrzegsp2o6g')
2026-03-25T16:34:23Z WARNING bsky_collector_v2.job.index_feed_generators: listRecords failed repo=did:plc:qtykh53esbinleacnur5gxck err=HttpError('InvalidRequest: Could not find repo: did:plc:qtykh53esbinleacnur5gxck')
2026-03-25T16:34:50Z WARNING bsky_collector_v2.job.index_feed_generators: listRecords failed repo=did:plc:xu7x5nf5zhuaqpsbskjqorrc err=HttpError('InvalidRequest: Could not find repo: did:plc:xu7x5nf5zhuaqpsbskjqorrc')
2026-03-25T16:34:55Z WARNING bsky_collector_v2.job.index_feed_generators: listRecords failed repo=did:plc:g72iz63vig3yjnrzegsp2o6g err=HttpError('InvalidRequest: Could not find repo: did:plc:g72iz63vig3yjnrzegsp2o6g')
2026-03-25T16:34:55Z WARNING bsky_collector_v2.job.index_feed_generators: listRecords failed repo=did:plc:qtykh53esbinleacnur5gxck err=HttpError('InvalidRequest: Could not find repo: did:plc:qtykh53esbinleacnur5gxck')
2026-03-25T16:34:55Z WARNING bsky_collector_v2.job.index_feed_generators: listRecords failed repo=did:plc:xu7x5nf5zhuaqpsbskjqorrc err=HttpError('InvalidRequest: Could not find repo: did:plc:xu7x5nf5zhuaqpsbskjqorrc')
2026-03-25T16:34:55Z WARNING bsky_collector_v2.job.index_feed_generators: listRecords failed repo=did:plc:g72iz63vig3yjnrzegsp2o6g err=HttpError('InvalidRequest: Could not find repo: did:plc:g72iz63vig3yjnrzegsp2o6g')
2026-03-25T16:34:55Z WARNING bsky_collector_v2.job.index_feed_generators: listRecords failed repo=did:plc:qtykh53esbinleacnur5gxck err=HttpError('InvalidRequest: Could not find repo: did:plc:qtykh53esbinleacnur5gxck')
2026-03-25T16:34:55Z WARNING bsky_collector_v2.job.index_feed_generators: listRecords failed repo=did:plc:xu7x5nf5zhuaqpsbskjqorrc err=HttpError('InvalidRequest: Could not find repo: did:plc:xu7x5nf5zhuaqpsbskjqorrc')
2026-03-25T16:34:56Z INFO bsky_collector_v2.job.index_feed_generators: enqueued repos page=16 mode=listRepos inserted=500 repos_returned=500 next_cursor=set
2026-03-25T16:35:20Z WARNING bsky_collector_v2.job.index_feed_generators: listRecords failed repo=did:plc:g6hqgolrtey4wemqjin4yoca err=HttpError('InvalidRequest: Could not find repo: did:plc:g6hqgolrtey4wemqjin4yoca')
2026-03-25T16:36:04Z WARNING bsky_collector_v2.job.index_feed_generators: listRecords failed repo=did:plc:g6hqgolrtey4wemqjin4yoca err=HttpError('InvalidRequest: Could not find repo: did:plc:g6hqgolrtey4wemqjin4yoca')
2026-03-25T16:36:04Z WARNING bsky_collector_v2.job.index_feed_generators: listRecords failed repo=did:plc:g6hqgolrtey4wemqjin4yoca err=HttpError('InvalidRequest: Could not find repo: did:plc:g6hqgolrtey4wemqjin4yoca')
2026-03-25T16:36:04Z INFO bsky_collector_v2.job.index_feed_generators: enqueued repos page=17 mode=listRepos inserted=500 repos_returned=500 next_cursor=set
2026-03-25T16:36:06Z WARNING bsky_collector_v2.job.index_feed_generators: listRecords failed repo=did:plc:2wikvb6c43h6a6m767zjx6mz err=HttpError('InvalidRequest: Could not find repo: did:plc:2wikvb6c43h6a6m767zjx6mz')
2026-03-25T16:36:21Z WARNING bsky_collector_v2.job.index_feed_generators: listRecords failed repo=did:plc:bvimctut7oaehjq3w3zkbm2i err=HttpError('InvalidRequest: Could not find repo: did:plc:bvimctut7oaehjq3w3zkbm2i')
2026-03-25T16:36:33Z INFO bsky_collector_v2.job.index_feed_generators: indexed repo=did:plc:hl3lirhdw2nkpew4ozg2ll5z part=6 records=1 next_cursor=set
2026-03-25T16:36:51Z INFO bsky_collector_v2.job.index_feed_generators: indexed repo=did:plc:na4xfoi5juzjkoproskdlosy part=7 records=1 next_cursor=set
2026-03-25T16:37:20Z WARNING bsky_collector_v2.job.index_feed_generators: listRecords failed repo=did:plc:xnddzerkfbkh6k2kkpuk5es6 err=HttpError('InvalidRequest: Could not find repo: did:plc:xnddzerkfbkh6k2kkpuk5es6')
2026-03-25T16:37:25Z WARNING bsky_collector_v2.job.index_feed_generators: listRecords failed repo=did:plc:2wikvb6c43h6a6m767zjx6mz err=HttpError('InvalidRequest: Could not find repo: did:plc:2wikvb6c43h6a6m767zjx6mz')
2026-03-25T16:37:25Z WARNING bsky_collector_v2.job.index_feed_generators: listRecords failed repo=did:plc:bvimctut7oaehjq3w3zkbm2i err=HttpError('InvalidRequest: Could not find repo: did:plc:bvimctut7oaehjq3w3zkbm2i')
2026-03-25T16:37:25Z WARNING bsky_collector_v2.job.index_feed_generators: listRecords failed repo=did:plc:xnddzerkfbkh6k2kkpuk5es6 err=HttpError('InvalidRequest: Could not find repo: did:plc:xnddzerkfbkh6k2kkpuk5es6')
2026-03-25T16:37:25Z WARNING bsky_collector_v2.job.index_feed_generators: listRecords failed repo=did:plc:2wikvb6c43h6a6m767zjx6mz err=HttpError('InvalidRequest: Could not find repo: did:plc:2wikvb6c43h6a6m767zjx6mz')
2026-03-25T16:37:25Z WARNING bsky_collector_v2.job.index_feed_generators: listRecords failed repo=did:plc:bvimctut7oaehjq3w3zkbm2i err=HttpError('InvalidRequest: Could not find repo: did:plc:bvimctut7oaehjq3w3zkbm2i')
2026-03-25T16:37:25Z WARNING bsky_collector_v2.job.index_feed_generators: listRecords failed repo=did:plc:xnddzerkfbkh6k2kkpuk5es6 err=HttpError('InvalidRequest: Could not find repo: did:plc:xnddzerkfbkh6k2kkpuk5es6')
2026-03-25T16:37:26Z INFO bsky_collector_v2.job.index_feed_generators: enqueued repos page=18 mode=listRepos inserted=500 repos_returned=500 next_cursor=set
2026-03-25T16:37:32Z WARNING bsky_collector_v2.job.index_feed_generators: listRecords failed repo=did:plc:4fuodweeinbamj56jv56gk4q err=HttpError('InvalidRequest: Could not find repo: did:plc:4fuodweeinbamj56jv56gk4q')
2026-03-25T16:38:47Z WARNING bsky_collector_v2.job.index_feed_generators: listRecords failed repo=did:plc:4fuodweeinbamj56jv56gk4q err=HttpError('InvalidRequest: Could not find repo: did:plc:4fuodweeinbamj56jv56gk4q')
2026-03-25T16:38:47Z WARNING bsky_collector_v2.job.index_feed_generators: listRecords failed repo=did:plc:4fuodweeinbamj56jv56gk4q err=HttpError('InvalidRequest: Could not find repo: did:plc:4fuodweeinbamj56jv56gk4q')
2026-03-25T16:38:47Z INFO bsky_collector_v2.job.index_feed_generators: enqueued repos page=19 mode=listRepos inserted=500 repos_returned=500 next_cursor=set
2026-03-25T16:39:45Z WARNING bsky_collector_v2.job.index_feed_generators: listRecords failed repo=did:plc:owsypsufov4ck32johudv76v err=HttpError('InvalidRequest: Could not find repo: did:plc:owsypsufov4ck32johudv76v')
2026-03-25T16:39:54Z WARNING bsky_collector_v2.job.index_feed_generators: listRecords failed repo=did:plc:roawikpr4hroshvvvxmc3gb4 err=HttpError('InvalidRequest: Could not find repo: did:plc:roawikpr4hroshvvvxmc3gb4')
2026-03-25T16:40:13Z WARNING bsky_collector_v2.job.index_feed_generators: listRecords failed repo=did:plc:owsypsufov4ck32johudv76v err=HttpError('InvalidRequest: Could not find repo: did:plc:owsypsufov4ck32johudv76v')
2026-03-25T16:40:13Z WARNING bsky_collector_v2.job.index_feed_generators: listRecords failed repo=did:plc:roawikpr4hroshvvvxmc3gb4 err=HttpError('InvalidRequest: Could not find repo: did:plc:roawikpr4hroshvvvxmc3gb4')
2026-03-25T16:40:13Z WARNING bsky_collector_v2.job.index_feed_generators: listRecords failed repo=did:plc:owsypsufov4ck32johudv76v err=HttpError('InvalidRequest: Could not find repo: did:plc:owsypsufov4ck32johudv76v')
2026-03-25T16:40:13Z WARNING bsky_collector_v2.job.index_feed_generators: listRecords failed repo=did:plc:roawikpr4hroshvvvxmc3gb4 err=HttpError('InvalidRequest: Could not find repo: did:plc:roawikpr4hroshvvvxmc3gb4')
2026-03-25T16:40:13Z INFO bsky_collector_v2.job.index_feed_generators: enqueued repos page=20 mode=listRepos inserted=500 repos_returned=500 next_cursor=set
2026-03-25T16:40:23Z WARNING bsky_collector_v2.job.index_feed_generators: listRecords failed repo=did:plc:7725ddzvxab4424ozk7j2tqs err=HttpError('InvalidRequest: Could not find repo: did:plc:7725ddzvxab4424ozk7j2tqs')
2026-03-25T16:40:36Z WARNING bsky_collector_v2.job.index_feed_generators: listRecords failed repo=did:plc:cwadb7okjskcwnzkhify6pqg err=HttpError('InvalidRequest: Could not find repo: did:plc:cwadb7okjskcwnzkhify6pqg')
2026-03-25T16:40:46Z INFO bsky_collector_v2.job.index_feed_generators: indexed repo=did:plc:fbylphfqp2qzt6xqyh3d3qtb part=8 records=1 next_cursor=set
2026-03-25T16:41:33Z WARNING bsky_collector_v2.job.index_feed_generators: listRecords failed repo=did:plc:7725ddzvxab4424ozk7j2tqs err=HttpError('InvalidRequest: Could not find repo: did:plc:7725ddzvxab4424ozk7j2tqs')
2026-03-25T16:41:33Z WARNING bsky_collector_v2.job.index_feed_generators: listRecords failed repo=did:plc:cwadb7okjskcwnzkhify6pqg err=HttpError('InvalidRequest: Could not find repo: did:plc:cwadb7okjskcwnzkhify6pqg')
2026-03-25T16:41:33Z WARNING bsky_collector_v2.job.index_feed_generators: listRecords failed repo=did:plc:7725ddzvxab4424ozk7j2tqs err=HttpError('InvalidRequest: Could not find repo: did:plc:7725ddzvxab4424ozk7j2tqs')
2026-03-25T16:41:33Z WARNING bsky_collector_v2.job.index_feed_generators: listRecords failed repo=did:plc:cwadb7okjskcwnzkhify6pqg err=HttpError('InvalidRequest: Could not find repo: did:plc:cwadb7okjskcwnzkhify6pqg')
2026-03-25T16:41:34Z INFO bsky_collector_v2.job.index_feed_generators: enqueued repos page=21 mode=listRepos inserted=500 repos_returned=500 next_cursor=set
2026-03-25T16:41:45Z INFO bsky_collector_v2.job.index_feed_generators: indexed repo=did:plc:6pv2k7ddbveopvquae24lbej part=9 records=1 next_cursor=set
2026-03-25T16:42:08Z WARNING bsky_collector_v2.job.index_feed_generators: listRecords failed repo=did:plc:iks6phssbm5uigv4vw7il2hp err=HttpError('InvalidRequest: Could not find repo: did:plc:iks6phssbm5uigv4vw7il2hp')
2026-03-25T16:42:20Z WARNING bsky_collector_v2.job.index_feed_generators: listRecords failed repo=did:plc:nwclolz7use2q7y7yu7ni6l4 err=HttpError('InvalidRequest: Could not find repo: did:plc:nwclolz7use2q7y7yu7ni6l4')
2026-03-25T16:42:57Z WARNING bsky_collector_v2.job.index_feed_generators: listRecords failed repo=did:plc:iks6phssbm5uigv4vw7il2hp err=HttpError('InvalidRequest: Could not find repo: did:plc:iks6phssbm5uigv4vw7il2hp')
2026-03-25T16:42:57Z WARNING bsky_collector_v2.job.index_feed_generators: listRecords failed repo=did:plc:nwclolz7use2q7y7yu7ni6l4 err=HttpError('InvalidRequest: Could not find repo: did:plc:nwclolz7use2q7y7yu7ni6l4')
2026-03-25T16:42:57Z WARNING bsky_collector_v2.job.index_feed_generators: listRecords failed repo=did:plc:iks6phssbm5uigv4vw7il2hp err=HttpError('InvalidRequest: Could not find repo: did:plc:iks6phssbm5uigv4vw7il2hp')
2026-03-25T16:42:57Z WARNING bsky_collector_v2.job.index_feed_generators: listRecords failed repo=did:plc:nwclolz7use2q7y7yu7ni6l4 err=HttpError('InvalidRequest: Could not find repo: did:plc:nwclolz7use2q7y7yu7ni6l4')
2026-03-25T16:42:57Z INFO bsky_collector_v2.job.index_feed_generators: enqueued repos page=22 mode=listRepos inserted=500 repos_returned=500 next_cursor=set
2026-03-25T16:43:09Z WARNING bsky_collector_v2.job.index_feed_generators: listRecords failed repo=did:plc:6fqon662ewmeavbckduu2mzp err=HttpError('InvalidRequest: Could not find repo: did:plc:6fqon662ewmeavbckduu2mzp')
2026-03-25T16:43:19Z WARNING bsky_collector_v2.job.index_feed_generators: listRecords failed repo=did:plc:dgls4mq7nwa7a7sy63nkoafr err=HttpError('InvalidRequest: Could not find repo: did:plc:dgls4mq7nwa7a7sy63nkoafr')
2026-03-25T16:43:50Z WARNING bsky_collector_v2.job.index_feed_generators: listRecords failed repo=did:plc:n62np5wffhxsxw5uor2z2rpv err=HttpError('InvalidRequest: Could not find repo: did:plc:n62np5wffhxsxw5uor2z2rpv')
2026-03-25T16:44:06Z WARNING bsky_collector_v2.job.index_feed_generators: listRecords failed repo=did:plc:txwrn2lep3uzshnm72z6letb err=HttpError('InvalidRequest: Could not find repo: did:plc:txwrn2lep3uzshnm72z6letb')
2026-03-25T16:44:09Z INFO bsky_collector_v2.job.index_feed_generators: indexed repo=did:plc:vjs4wl7v5so35uyswinuuege part=10 records=1 next_cursor=set
2026-03-25T16:44:12Z WARNING bsky_collector_v2.job.index_feed_generators: listRecords failed repo=did:plc:wufzv5gxjot4tdxh2rhsrmai err=HttpError('InvalidRequest: Could not find repo: did:plc:wufzv5gxjot4tdxh2rhsrmai')
2026-03-25T16:44:20Z WARNING bsky_collector_v2.job.index_feed_generators: listRecords failed repo=did:plc:6fqon662ewmeavbckduu2mzp err=HttpError('InvalidRequest: Could not find repo: did:plc:6fqon662ewmeavbckduu2mzp')
2026-03-25T16:44:20Z WARNING bsky_collector_v2.job.index_feed_generators: listRecords failed repo=did:plc:dgls4mq7nwa7a7sy63nkoafr err=HttpError('InvalidRequest: Could not find repo: did:plc:dgls4mq7nwa7a7sy63nkoafr')
2026-03-25T16:44:20Z WARNING bsky_collector_v2.job.index_feed_generators: listRecords failed repo=did:plc:n62np5wffhxsxw5uor2z2rpv err=HttpError('InvalidRequest: Could not find repo: did:plc:n62np5wffhxsxw5uor2z2rpv')
2026-03-25T16:44:20Z WARNING bsky_collector_v2.job.index_feed_generators: listRecords failed repo=did:plc:txwrn2lep3uzshnm72z6letb err=HttpError('InvalidRequest: Could not find repo: did:plc:txwrn2lep3uzshnm72z6letb')
2026-03-25T16:44:20Z WARNING bsky_collector_v2.job.index_feed_generators: listRecords failed repo=did:plc:wufzv5gxjot4tdxh2rhsrmai err=HttpError('InvalidRequest: Could not find repo: did:plc:wufzv5gxjot4tdxh2rhsrmai')
2026-03-25T16:44:20Z WARNING bsky_collector_v2.job.index_feed_generators: listRecords failed repo=did:plc:6fqon662ewmeavbckduu2mzp err=HttpError('InvalidRequest: Could not find repo: did:plc:6fqon662ewmeavbckduu2mzp')
2026-03-25T16:44:20Z WARNING bsky_collector_v2.job.index_feed_generators: listRecords failed repo=did:plc:dgls4mq7nwa7a7sy63nkoafr err=HttpError('InvalidRequest: Could not find repo: did:plc:dgls4mq7nwa7a7sy63nkoafr')
2026-03-25T16:44:20Z WARNING bsky_collector_v2.job.index_feed_generators: listRecords failed repo=did:plc:n62np5wffhxsxw5uor2z2rpv err=HttpError('InvalidRequest: Could not find repo: did:plc:n62np5wffhxsxw5uor2z2rpv')
2026-03-25T16:44:20Z WARNING bsky_collector_v2.job.index_feed_generators: listRecords failed repo=did:plc:txwrn2lep3uzshnm72z6letb err=HttpError('InvalidRequest: Could not find repo: did:plc:txwrn2lep3uzshnm72z6letb')
2026-03-25T16:44:20Z WARNING bsky_collector_v2.job.index_feed_generators: listRecords failed repo=did:plc:wufzv5gxjot4tdxh2rhsrmai err=HttpError('InvalidRequest: Could not find repo: did:plc:wufzv5gxjot4tdxh2rhsrmai')
2026-03-25T16:44:21Z INFO bsky_collector_v2.job.index_feed_generators: enqueued repos page=23 mode=listRepos inserted=500 repos_returned=500 next_cursor=set
2026-03-25T16:44:42Z WARNING bsky_collector_v2.job.index_feed_generators: listRecords failed repo=did:plc:djsmbxvlvywtciu3pnhmvcjy err=HttpError('InvalidRequest: Could not find repo: did:plc:djsmbxvlvywtciu3pnhmvcjy')
2026-03-25T16:45:07Z WARNING bsky_collector_v2.job.index_feed_generators: listRecords failed repo=did:plc:kdnof6gui4tsobomd7mn37tu err=HttpError('InvalidRequest: Could not find repo: did:plc:kdnof6gui4tsobomd7mn37tu')
2026-03-25T16:45:41Z WARNING bsky_collector_v2.job.index_feed_generators: listRecords failed repo=did:plc:szbu2fl2ruawuflhdaratete err=HttpError('InvalidRequest: Could not find repo: did:plc:szbu2fl2ruawuflhdaratete')
2026-03-25T16:45:57Z WARNING bsky_collector_v2.job.index_feed_generators: listRecords failed repo=did:plc:djsmbxvlvywtciu3pnhmvcjy err=HttpError('InvalidRequest: Could not find repo: did:plc:djsmbxvlvywtciu3pnhmvcjy')
2026-03-25T16:45:57Z WARNING bsky_collector_v2.job.index_feed_generators: listRecords failed repo=did:plc:kdnof6gui4tsobomd7mn37tu err=HttpError('InvalidRequest: Could not find repo: did:plc:kdnof6gui4tsobomd7mn37tu')
2026-03-25T16:45:57Z WARNING bsky_collector_v2.job.index_feed_generators: listRecords failed repo=did:plc:szbu2fl2ruawuflhdaratete err=HttpError('InvalidRequest: Could not find repo: did:plc:szbu2fl2ruawuflhdaratete')
2026-03-25T16:45:57Z WARNING bsky_collector_v2.job.index_feed_generators: listRecords failed repo=did:plc:djsmbxvlvywtciu3pnhmvcjy err=HttpError('InvalidRequest: Could not find repo: did:plc:djsmbxvlvywtciu3pnhmvcjy')
2026-03-25T16:45:57Z WARNING bsky_collector_v2.job.index_feed_generators: listRecords failed repo=did:plc:kdnof6gui4tsobomd7mn37tu err=HttpError('InvalidRequest: Could not find repo: did:plc:kdnof6gui4tsobomd7mn37tu')
2026-03-25T16:45:57Z WARNING bsky_collector_v2.job.index_feed_generators: listRecords failed repo=did:plc:szbu2fl2ruawuflhdaratete err=HttpError('InvalidRequest: Could not find repo: did:plc:szbu2fl2ruawuflhdaratete')
2026-03-25T16:45:58Z INFO bsky_collector_v2.job.index_feed_generators: enqueued repos page=24 mode=listRepos inserted=500 repos_returned=500 next_cursor=set
2026-03-25T16:46:00Z WARNING bsky_collector_v2.job.index_feed_generators: listRecords failed repo=did:plc:2zuajcexk5zy642hk6n2grv7 err=HttpError('InvalidRequest: Could not find repo: did:plc:2zuajcexk5zy642hk6n2grv7')
2026-03-25T16:47:10Z WARNING bsky_collector_v2.job.index_feed_generators: listRecords failed repo=did:plc:ujbx24jasai6jcoj2r6wqve6 err=HttpError('InvalidRequest: Could not find repo: did:plc:ujbx24jasai6jcoj2r6wqve6')
2026-03-25T16:47:18Z WARNING bsky_collector_v2.job.index_feed_generators: listRecords failed repo=did:plc:wototcongh24koomm5b3dy47 err=HttpError('InvalidRequest: Could not find repo: did:plc:wototcongh24koomm5b3dy47')
2026-03-25T16:47:28Z WARNING bsky_collector_v2.job.index_feed_generators: listRecords failed repo=did:plc:2zuajcexk5zy642hk6n2grv7 err=HttpError('InvalidRequest: Could not find repo: did:plc:2zuajcexk5zy642hk6n2grv7')
2026-03-25T16:47:28Z WARNING bsky_collector_v2.job.index_feed_generators: listRecords failed repo=did:plc:ujbx24jasai6jcoj2r6wqve6 err=HttpError('InvalidRequest: Could not find repo: did:plc:ujbx24jasai6jcoj2r6wqve6')
2026-03-25T16:47:28Z WARNING bsky_collector_v2.job.index_feed_generators: listRecords failed repo=did:plc:wototcongh24koomm5b3dy47 err=HttpError('InvalidRequest: Could not find repo: did:plc:wototcongh24koomm5b3dy47')
2026-03-25T16:47:28Z WARNING bsky_collector_v2.job.index_feed_generators: listRecords failed repo=did:plc:2zuajcexk5zy642hk6n2grv7 err=HttpError('InvalidRequest: Could not find repo: did:plc:2zuajcexk5zy642hk6n2grv7')
2026-03-25T16:47:28Z WARNING bsky_collector_v2.job.index_feed_generators: listRecords failed repo=did:plc:ujbx24jasai6jcoj2r6wqve6 err=HttpError('InvalidRequest: Could not find repo: did:plc:ujbx24jasai6jcoj2r6wqve6')
2026-03-25T16:47:28Z WARNING bsky_collector_v2.job.index_feed_generators: listRecords failed repo=did:plc:wototcongh24koomm5b3dy47 err=HttpError('InvalidRequest: Could not find repo: did:plc:wototcongh24koomm5b3dy47')
2026-03-25T16:47:28Z INFO bsky_collector_v2.job.index_feed_generators: enqueued repos page=25 mode=listRepos inserted=500 repos_returned=500 next_cursor=set
2026-03-25T16:47:36Z WARNING bsky_collector_v2.job.index_feed_generators: listRecords failed repo=did:plc:54eyvznt4vfzbs5w7gdsi5bb err=HttpError('InvalidRequest: Could not find repo: did:plc:54eyvznt4vfzbs5w7gdsi5bb')
2026-03-25T16:48:13Z WARNING bsky_collector_v2.job.index_feed_generators: listRecords failed repo=did:plc:ommguwj5mujq4xl356dcb3gp err=HttpError('InvalidRequest: Could not find repo: did:plc:ommguwj5mujq4xl356dcb3gp')
2026-03-25T16:48:14Z WARNING bsky_collector_v2.job.index_feed_generators: listRecords failed repo=did:plc:p6u3m555izr52m66hhowfrza err=HttpError('InvalidRequest: Could not find repo: did:plc:p6u3m555izr52m66hhowfrza')
2026-03-25T16:48:26Z WARNING bsky_collector_v2.job.index_feed_generators: listRecords failed repo=did:plc:uxjoupew5vy2y7kygdstaoel err=HttpError('InvalidRequest: Could not find repo: did:plc:uxjoupew5vy2y7kygdstaoel')
2026-03-25T16:48:36Z WARNING bsky_collector_v2.job.index_feed_generators: listRecords failed repo=did:plc:54eyvznt4vfzbs5w7gdsi5bb err=HttpError('InvalidRequest: Could not find repo: did:plc:54eyvznt4vfzbs5w7gdsi5bb')
2026-03-25T16:48:36Z WARNING bsky_collector_v2.job.index_feed_generators: listRecords failed repo=did:plc:ommguwj5mujq4xl356dcb3gp err=HttpError('InvalidRequest: Could not find repo: did:plc:ommguwj5mujq4xl356dcb3gp')
2026-03-25T16:48:36Z WARNING bsky_collector_v2.job.index_feed_generators: listRecords failed repo=did:plc:p6u3m555izr52m66hhowfrza err=HttpError('InvalidRequest: Could not find repo: did:plc:p6u3m555izr52m66hhowfrza')
2026-03-25T16:48:37Z WARNING bsky_collector_v2.job.index_feed_generators: listRecords failed repo=did:plc:uxjoupew5vy2y7kygdstaoel err=HttpError('InvalidRequest: Could not find repo: did:plc:uxjoupew5vy2y7kygdstaoel')
2026-03-25T16:48:37Z WARNING bsky_collector_v2.job.index_feed_generators: listRecords failed repo=did:plc:54eyvznt4vfzbs5w7gdsi5bb err=HttpError('InvalidRequest: Could not find repo: did:plc:54eyvznt4vfzbs5w7gdsi5bb')
2026-03-25T16:48:37Z WARNING bsky_collector_v2.job.index_feed_generators: listRecords failed repo=did:plc:ommguwj5mujq4xl356dcb3gp err=HttpError('InvalidRequest: Could not find repo: did:plc:ommguwj5mujq4xl356dcb3gp')
2026-03-25T16:48:37Z WARNING bsky_collector_v2.job.index_feed_generators: listRecords failed repo=did:plc:p6u3m555izr52m66hhowfrza err=HttpError('InvalidRequest: Could not find repo: did:plc:p6u3m555izr52m66hhowfrza')
2026-03-25T16:48:37Z WARNING bsky_collector_v2.job.index_feed_generators: listRecords failed repo=did:plc:uxjoupew5vy2y7kygdstaoel err=HttpError('InvalidRequest: Could not find repo: did:plc:uxjoupew5vy2y7kygdstaoel')
2026-03-25T16:48:37Z INFO bsky_collector_v2.job.index_feed_generators: enqueued repos page=26 mode=listRepos inserted=500 repos_returned=500 next_cursor=set
2026-03-25T16:48:37Z WARNING bsky_collector_v2.job.index_feed_generators: listRecords failed repo=did:plc:2cchcwikmxmewscx4373jhqe err=HttpError('InvalidRequest: Could not find repo: did:plc:2cchcwikmxmewscx4373jhqe')
2026-03-25T16:48:44Z INFO bsky_collector_v2.job.index_feed_generators: indexed repo=did:plc:5gyymn6wjrulq2au5eniscod part=11 records=1 next_cursor=set
2026-03-25T16:49:50Z WARNING bsky_collector_v2.job.index_feed_generators: listRecords failed repo=did:plc:2cchcwikmxmewscx4373jhqe err=HttpError('InvalidRequest: Could not find repo: did:plc:2cchcwikmxmewscx4373jhqe')
2026-03-25T16:49:51Z WARNING bsky_collector_v2.job.index_feed_generators: listRecords failed repo=did:plc:2cchcwikmxmewscx4373jhqe err=HttpError('InvalidRequest: Could not find repo: did:plc:2cchcwikmxmewscx4373jhqe')
2026-03-25T16:49:51Z INFO bsky_collector_v2.job.index_feed_generators: enqueued repos page=27 mode=listRepos inserted=500 repos_returned=500 next_cursor=set
2026-03-25T16:51:07Z WARNING bsky_collector_v2.job.index_feed_generators: listRecords failed repo=did:plc:v2qyzfdv65zlx7yu6ppt7zvx err=HttpError('InvalidRequest: Could not find repo: did:plc:v2qyzfdv65zlx7yu6ppt7zvx')
2026-03-25T16:51:16Z WARNING bsky_collector_v2.job.index_feed_generators: listRecords failed repo=did:plc:v2qyzfdv65zlx7yu6ppt7zvx err=HttpError('InvalidRequest: Could not find repo: did:plc:v2qyzfdv65zlx7yu6ppt7zvx')
2026-03-25T16:51:16Z WARNING bsky_collector_v2.job.index_feed_generators: listRecords failed repo=did:plc:v2qyzfdv65zlx7yu6ppt7zvx err=HttpError('InvalidRequest: Could not find repo: did:plc:v2qyzfdv65zlx7yu6ppt7zvx')
2026-03-25T16:51:17Z INFO bsky_collector_v2.job.index_feed_generators: enqueued repos page=28 mode=listRepos inserted=500 repos_returned=500 next_cursor=set
2026-03-25T16:51:48Z WARNING bsky_collector_v2.job.index_feed_generators: listRecords failed repo=did:plc:iw7wzpq63zuojf75aszjjvmf err=HttpError('InvalidRequest: Could not find repo: did:plc:iw7wzpq63zuojf75aszjjvmf')
2026-03-25T16:52:42Z WARNING bsky_collector_v2.job.index_feed_generators: listRecords failed repo=did:plc:iw7wzpq63zuojf75aszjjvmf err=HttpError('InvalidRequest: Could not find repo: did:plc:iw7wzpq63zuojf75aszjjvmf')
2026-03-25T16:52:42Z WARNING bsky_collector_v2.job.index_feed_generators: listRecords failed repo=did:plc:iw7wzpq63zuojf75aszjjvmf err=HttpError('InvalidRequest: Could not find repo: did:plc:iw7wzpq63zuojf75aszjjvmf')
2026-03-25T16:52:43Z INFO bsky_collector_v2.job.index_feed_generators: enqueued repos page=29 mode=listRepos inserted=500 repos_returned=500 next_cursor=set
2026-03-25T16:53:59Z INFO bsky_collector_v2.job.index_feed_generators: enqueued repos page=30 mode=listRepos inserted=500 repos_returned=500 next_cursor=set
2026-03-25T16:55:13Z INFO bsky_collector_v2.job.index_feed_generators: enqueued repos page=31 mode=listRepos inserted=500 repos_returned=500 next_cursor=set
2026-03-25T16:56:19Z INFO bsky_collector_v2.job.index_feed_generators: enqueued repos page=32 mode=listRepos inserted=500 repos_returned=500 next_cursor=set
2026-03-25T16:56:24Z WARNING bsky_collector_v2.job.index_feed_generators: listRecords failed repo=did:plc:4q4q7durnikfndbrekfhxbop err=HttpError('InvalidRequest: Could not find repo: did:plc:4q4q7durnikfndbrekfhxbop')
2026-03-25T16:56:26Z INFO bsky_collector_v2.job.index_feed_generators: indexed repo=did:plc:5nuogq64rr527dz643w35324 part=12 records=1 next_cursor=set
2026-03-25T16:56:34Z WARNING bsky_collector_v2.job.index_feed_generators: listRecords failed repo=did:plc:ajzisquluhxz4tlky22j7bju err=HttpError('InvalidRequest: Could not find repo: did:plc:ajzisquluhxz4tlky22j7bju')
2026-03-25T16:56:35Z WARNING bsky_collector_v2.job.index_feed_generators: listRecords failed repo=did:plc:aze54ah4rnrzdrjwc45shmfj err=HttpError('InvalidRequest: Could not find repo: did:plc:aze54ah4rnrzdrjwc45shmfj')
2026-03-25T16:56:38Z WARNING bsky_collector_v2.job.index_feed_generators: listRecords failed repo=did:plc:d4vl6xk4zearjvcx2f6ehrit err=HttpError('InvalidRequest: Could not find repo: did:plc:d4vl6xk4zearjvcx2f6ehrit')
2026-03-25T16:57:31Z WARNING bsky_collector_v2.job.index_feed_generators: listRecords failed repo=did:plc:4q4q7durnikfndbrekfhxbop err=HttpError('InvalidRequest: Could not find repo: did:plc:4q4q7durnikfndbrekfhxbop')
2026-03-25T16:57:31Z WARNING bsky_collector_v2.job.index_feed_generators: listRecords failed repo=did:plc:ajzisquluhxz4tlky22j7bju err=HttpError('InvalidRequest: Could not find repo: did:plc:ajzisquluhxz4tlky22j7bju')
2026-03-25T16:57:31Z WARNING bsky_collector_v2.job.index_feed_generators: listRecords failed repo=did:plc:aze54ah4rnrzdrjwc45shmfj err=HttpError('InvalidRequest: Could not find repo: did:plc:aze54ah4rnrzdrjwc45shmfj')
2026-03-25T16:57:31Z WARNING bsky_collector_v2.job.index_feed_generators: listRecords failed repo=did:plc:d4vl6xk4zearjvcx2f6ehrit err=HttpError('InvalidRequest: Could not find repo: did:plc:d4vl6xk4zearjvcx2f6ehrit')
2026-03-25T16:57:31Z WARNING bsky_collector_v2.job.index_feed_generators: listRecords failed repo=did:plc:4q4q7durnikfndbrekfhxbop err=HttpError('InvalidRequest: Could not find repo: did:plc:4q4q7durnikfndbrekfhxbop')
2026-03-25T16:57:31Z WARNING bsky_collector_v2.job.index_feed_generators: listRecords failed repo=did:plc:ajzisquluhxz4tlky22j7bju err=HttpError('InvalidRequest: Could not find repo: did:plc:ajzisquluhxz4tlky22j7bju')
2026-03-25T16:57:31Z WARNING bsky_collector_v2.job.index_feed_generators: listRecords failed repo=did:plc:aze54ah4rnrzdrjwc45shmfj err=HttpError('InvalidRequest: Could not find repo: did:plc:aze54ah4rnrzdrjwc45shmfj')
2026-03-25T16:57:31Z WARNING bsky_collector_v2.job.index_feed_generators: listRecords failed repo=did:plc:d4vl6xk4zearjvcx2f6ehrit err=HttpError('InvalidRequest: Could not find repo: did:plc:d4vl6xk4zearjvcx2f6ehrit')
2026-03-25T16:57:32Z INFO bsky_collector_v2.job.index_feed_generators: enqueued repos page=33 mode=listRepos inserted=500 repos_returned=500 next_cursor=set
2026-03-25T16:57:59Z WARNING bsky_collector_v2.job.index_feed_generators: listRecords failed repo=did:plc:fmx2qncqrpfwjgovfl5rap75 err=HttpError('InvalidRequest: Could not find repo: did:plc:fmx2qncqrpfwjgovfl5rap75')
2026-03-25T16:58:41Z WARNING bsky_collector_v2.job.index_feed_generators: listRecords failed repo=did:plc:fmx2qncqrpfwjgovfl5rap75 err=HttpError('InvalidRequest: Could not find repo: did:plc:fmx2qncqrpfwjgovfl5rap75')
2026-03-25T16:58:41Z WARNING bsky_collector_v2.job.index_feed_generators: listRecords failed repo=did:plc:fmx2qncqrpfwjgovfl5rap75 err=HttpError('InvalidRequest: Could not find repo: did:plc:fmx2qncqrpfwjgovfl5rap75')
2026-03-25T16:58:42Z INFO bsky_collector_v2.job.index_feed_generators: enqueued repos page=34 mode=listRepos inserted=500 repos_returned=500 next_cursor=set
2026-03-25T16:58:42Z WARNING bsky_collector_v2.job.index_feed_generators: listRecords failed repo=did:plc:2atxkygwmrcvty227e7j3tvr err=HttpError('InvalidRequest: Could not find repo: did:plc:2atxkygwmrcvty227e7j3tvr')
2026-03-25T16:59:21Z WARNING bsky_collector_v2.job.index_feed_generators: listRecords failed repo=did:plc:iie3puhvxhvh75qa6txskpqy err=HttpError('InvalidRequest: Could not find repo: did:plc:iie3puhvxhvh75qa6txskpqy')
2026-03-25T17:00:21Z WARNING bsky_collector_v2.job.index_feed_generators: listRecords failed repo=did:plc:2atxkygwmrcvty227e7j3tvr err=HttpError('InvalidRequest: Could not find repo: did:plc:2atxkygwmrcvty227e7j3tvr')
2026-03-25T17:00:21Z WARNING bsky_collector_v2.job.index_feed_generators: listRecords failed repo=did:plc:iie3puhvxhvh75qa6txskpqy err=HttpError('InvalidRequest: Could not find repo: did:plc:iie3puhvxhvh75qa6txskpqy')
2026-03-25T17:00:21Z WARNING bsky_collector_v2.job.index_feed_generators: listRecords failed repo=did:plc:2atxkygwmrcvty227e7j3tvr err=HttpError('InvalidRequest: Could not find repo: did:plc:2atxkygwmrcvty227e7j3tvr')
2026-03-25T17:00:21Z WARNING bsky_collector_v2.job.index_feed_generators: listRecords failed repo=did:plc:iie3puhvxhvh75qa6txskpqy err=HttpError('InvalidRequest: Could not find repo: did:plc:iie3puhvxhvh75qa6txskpqy')
2026-03-25T17:00:22Z INFO bsky_collector_v2.job.index_feed_generators: enqueued repos page=35 mode=listRepos inserted=500 repos_returned=500 next_cursor=set
2026-03-25T17:00:32Z WARNING bsky_collector_v2.job.index_feed_generators: listRecords failed repo=did:plc:4mcvlud4oqoks7fgvtwqk3ni err=HttpError('InvalidRequest: Could not find repo: did:plc:4mcvlud4oqoks7fgvtwqk3ni')
2026-03-25T17:00:50Z WARNING bsky_collector_v2.job.index_feed_generators: listRecords failed repo=did:plc:ft675ah2bshrsvsxjoa5bxix err=HttpError('InvalidRequest: Could not find repo: did:plc:ft675ah2bshrsvsxjoa5bxix')
2026-03-25T17:01:01Z INFO bsky_collector_v2.job.index_feed_generators: indexed repo=did:plc:mdugoklgfy32roymrkpzsuef part=13 records=1 next_cursor=set
2026-03-25T17:01:27Z WARNING bsky_collector_v2.job.index_feed_generators: listRecords failed repo=did:plc:wocje2vjm6f4pbtkwjurjly7 err=HttpError('InvalidRequest: Could not find repo: did:plc:wocje2vjm6f4pbtkwjurjly7')
2026-03-25T17:01:31Z INFO bsky_collector_v2.job.index_feed_generators: indexed repo=did:plc:xnamdc7ijw2uzpzsnr7f4nf4 part=14 records=1 next_cursor=set
2026-03-25T17:01:37Z WARNING bsky_collector_v2.job.index_feed_generators: listRecords failed repo=did:plc:4mcvlud4oqoks7fgvtwqk3ni err=HttpError('InvalidRequest: Could not find repo: did:plc:4mcvlud4oqoks7fgvtwqk3ni')
2026-03-25T17:01:37Z WARNING bsky_collector_v2.job.index_feed_generators: listRecords failed repo=did:plc:ft675ah2bshrsvsxjoa5bxix err=HttpError('InvalidRequest: Could not find repo: did:plc:ft675ah2bshrsvsxjoa5bxix')
2026-03-25T17:01:38Z WARNING bsky_collector_v2.job.index_feed_generators: listRecords failed repo=did:plc:wocje2vjm6f4pbtkwjurjly7 err=HttpError('InvalidRequest: Could not find repo: did:plc:wocje2vjm6f4pbtkwjurjly7')
2026-03-25T17:01:38Z WARNING bsky_collector_v2.job.index_feed_generators: listRecords failed repo=did:plc:4mcvlud4oqoks7fgvtwqk3ni err=HttpError('InvalidRequest: Could not find repo: did:plc:4mcvlud4oqoks7fgvtwqk3ni')
2026-03-25T17:01:38Z WARNING bsky_collector_v2.job.index_feed_generators: listRecords failed repo=did:plc:ft675ah2bshrsvsxjoa5bxix err=HttpError('InvalidRequest: Could not find repo: did:plc:ft675ah2bshrsvsxjoa5bxix')
2026-03-25T17:01:38Z WARNING bsky_collector_v2.job.index_feed_generators: listRecords failed repo=did:plc:wocje2vjm6f4pbtkwjurjly7 err=HttpError('InvalidRequest: Could not find repo: did:plc:wocje2vjm6f4pbtkwjurjly7')
2026-03-25T17:01:38Z INFO bsky_collector_v2.job.index_feed_generators: enqueued repos page=36 mode=listRepos inserted=500 repos_returned=500 next_cursor=set
2026-03-25T17:01:45Z WARNING bsky_collector_v2.job.index_feed_generators: listRecords failed repo=did:plc:4zbtpdh67bmceyacpxnzjqf4 err=HttpError('InvalidRequest: Could not find repo: did:plc:4zbtpdh67bmceyacpxnzjqf4')
2026-03-25T17:01:46Z WARNING bsky_collector_v2.job.index_feed_generators: listRecords failed repo=did:plc:5rxpfgfw3nf4fp6tptmsuybn err=HttpError('InvalidRequest: Could not find repo: did:plc:5rxpfgfw3nf4fp6tptmsuybn')
2026-03-25T17:01:53Z WARNING bsky_collector_v2.job.index_feed_generators: listRecords failed repo=did:plc:aa7nq3p3lve6ksphdhjva6rz err=HttpError('InvalidRequest: Could not find repo: did:plc:aa7nq3p3lve6ksphdhjva6rz')
2026-03-25T17:01:56Z WARNING bsky_collector_v2.job.index_feed_generators: listRecords failed repo=did:plc:bjnr7cl5k7jryudncpzlpy3c err=HttpError('InvalidRequest: Could not find repo: did:plc:bjnr7cl5k7jryudncpzlpy3c')
2026-03-25T17:02:28Z WARNING bsky_collector_v2.job.index_feed_generators: listRecords failed repo=did:plc:qmxnvur2nikoh3vaieai6got err=HttpError('InvalidRequest: Could not find repo: did:plc:qmxnvur2nikoh3vaieai6got')
2026-03-25T17:02:30Z WARNING bsky_collector_v2.job.index_feed_generators: listRecords failed repo=did:plc:r27a2ibspnwlgbw66uqg22yv err=HttpError('InvalidRequest: Could not find repo: did:plc:r27a2ibspnwlgbw66uqg22yv')
2026-03-25T17:02:34Z WARNING bsky_collector_v2.job.index_feed_generators: listRecords failed repo=did:plc:spvwt5vj5dvezdcbdkg5lwnp err=HttpError('InvalidRequest: Could not find repo: did:plc:spvwt5vj5dvezdcbdkg5lwnp')
2026-03-25T17:02:47Z WARNING bsky_collector_v2.job.index_feed_generators: listRecords failed repo=did:plc:4zbtpdh67bmceyacpxnzjqf4 err=HttpError('InvalidRequest: Could not find repo: did:plc:4zbtpdh67bmceyacpxnzjqf4')
2026-03-25T17:02:47Z WARNING bsky_collector_v2.job.index_feed_generators: listRecords failed repo=did:plc:5rxpfgfw3nf4fp6tptmsuybn err=HttpError('InvalidRequest: Could not find repo: did:plc:5rxpfgfw3nf4fp6tptmsuybn')
2026-03-25T17:02:47Z WARNING bsky_collector_v2.job.index_feed_generators: listRecords failed repo=did:plc:aa7nq3p3lve6ksphdhjva6rz err=HttpError('InvalidRequest: Could not find repo: did:plc:aa7nq3p3lve6ksphdhjva6rz')
2026-03-25T17:02:47Z WARNING bsky_collector_v2.job.index_feed_generators: listRecords failed repo=did:plc:bjnr7cl5k7jryudncpzlpy3c err=HttpError('InvalidRequest: Could not find repo: did:plc:bjnr7cl5k7jryudncpzlpy3c')
2026-03-25T17:02:48Z WARNING bsky_collector_v2.job.index_feed_generators: listRecords failed repo=did:plc:qmxnvur2nikoh3vaieai6got err=HttpError('InvalidRequest: Could not find repo: did:plc:qmxnvur2nikoh3vaieai6got')
2026-03-25T17:02:48Z WARNING bsky_collector_v2.job.index_feed_generators: listRecords failed repo=did:plc:r27a2ibspnwlgbw66uqg22yv err=HttpError('InvalidRequest: Could not find repo: did:plc:r27a2ibspnwlgbw66uqg22yv')
2026-03-25T17:02:48Z WARNING bsky_collector_v2.job.index_feed_generators: listRecords failed repo=did:plc:spvwt5vj5dvezdcbdkg5lwnp err=HttpError('InvalidRequest: Could not find repo: did:plc:spvwt5vj5dvezdcbdkg5lwnp')
2026-03-25T17:02:48Z WARNING bsky_collector_v2.job.index_feed_generators: listRecords failed repo=did:plc:4zbtpdh67bmceyacpxnzjqf4 err=HttpError('InvalidRequest: Could not find repo: did:plc:4zbtpdh67bmceyacpxnzjqf4')
2026-03-25T17:02:48Z WARNING bsky_collector_v2.job.index_feed_generators: listRecords failed repo=did:plc:5rxpfgfw3nf4fp6tptmsuybn err=HttpError('InvalidRequest: Could not find repo: did:plc:5rxpfgfw3nf4fp6tptmsuybn')
2026-03-25T17:02:48Z WARNING bsky_collector_v2.job.index_feed_generators: listRecords failed repo=did:plc:aa7nq3p3lve6ksphdhjva6rz err=HttpError('InvalidRequest: Could not find repo: did:plc:aa7nq3p3lve6ksphdhjva6rz')
2026-03-25T17:02:48Z WARNING bsky_collector_v2.job.index_feed_generators: listRecords failed repo=did:plc:bjnr7cl5k7jryudncpzlpy3c err=HttpError('InvalidRequest: Could not find repo: did:plc:bjnr7cl5k7jryudncpzlpy3c')
2026-03-25T17:02:48Z WARNING bsky_collector_v2.job.index_feed_generators: listRecords failed repo=did:plc:qmxnvur2nikoh3vaieai6got err=HttpError('InvalidRequest: Could not find repo: did:plc:qmxnvur2nikoh3vaieai6got')
2026-03-25T17:02:48Z WARNING bsky_collector_v2.job.index_feed_generators: listRecords failed repo=did:plc:r27a2ibspnwlgbw66uqg22yv err=HttpError('InvalidRequest: Could not find repo: did:plc:r27a2ibspnwlgbw66uqg22yv')
2026-03-25T17:02:48Z WARNING bsky_collector_v2.job.index_feed_generators: listRecords failed repo=did:plc:spvwt5vj5dvezdcbdkg5lwnp err=HttpError('InvalidRequest: Could not find repo: did:plc:spvwt5vj5dvezdcbdkg5lwnp')
2026-03-25T17:02:49Z INFO bsky_collector_v2.job.index_feed_generators: enqueued repos page=37 mode=listRepos inserted=500 repos_returned=500 next_cursor=set
2026-03-25T17:02:54Z WARNING bsky_collector_v2.job.index_feed_generators: listRecords failed repo=did:plc:4gefbstq6dx2zubwzquhyika err=HttpError('InvalidRequest: Could not find repo: did:plc:4gefbstq6dx2zubwzquhyika')
2026-03-25T17:02:57Z WARNING bsky_collector_v2.job.index_feed_generators: listRecords failed repo=did:plc:5q3n7kilsyzl3u6xfaci7dpb err=HttpError('InvalidRequest: Could not find repo: did:plc:5q3n7kilsyzl3u6xfaci7dpb')
2026-03-25T17:03:15Z WARNING bsky_collector_v2.job.index_feed_generators: listRecords failed repo=did:plc:hesro6khbsqymylmr4mkxa4r err=HttpError('InvalidRequest: Could not find repo: did:plc:hesro6khbsqymylmr4mkxa4r')
2026-03-25T17:03:30Z WARNING bsky_collector_v2.job.index_feed_generators: listRecords failed repo=did:plc:owolywfpwbfggrbkbxqnyc25 err=HttpError('InvalidRequest: Could not find repo: did:plc:owolywfpwbfggrbkbxqnyc25')
2026-03-25T17:03:43Z WARNING bsky_collector_v2.job.index_feed_generators: listRecords failed repo=did:plc:uqt6ckyevkwzwcd74twr4bai err=HttpError('InvalidRequest: Could not find repo: did:plc:uqt6ckyevkwzwcd74twr4bai')
2026-03-25T17:03:44Z WARNING bsky_collector_v2.job.index_feed_generators: listRecords failed repo=did:plc:v26a2xd4gqpa7trwcbchnjpc err=HttpError('InvalidRequest: Could not find repo: did:plc:v26a2xd4gqpa7trwcbchnjpc')
2026-03-25T17:03:54Z WARNING bsky_collector_v2.job.index_feed_generators: listRecords failed repo=did:plc:4gefbstq6dx2zubwzquhyika err=HttpError('InvalidRequest: Could not find repo: did:plc:4gefbstq6dx2zubwzquhyika')
2026-03-25T17:03:54Z WARNING bsky_collector_v2.job.index_feed_generators: listRecords failed repo=did:plc:5q3n7kilsyzl3u6xfaci7dpb err=HttpError('InvalidRequest: Could not find repo: did:plc:5q3n7kilsyzl3u6xfaci7dpb')
2026-03-25T17:03:54Z WARNING bsky_collector_v2.job.index_feed_generators: listRecords failed repo=did:plc:hesro6khbsqymylmr4mkxa4r err=HttpError('InvalidRequest: Could not find repo: did:plc:hesro6khbsqymylmr4mkxa4r')
2026-03-25T17:03:54Z WARNING bsky_collector_v2.job.index_feed_generators: listRecords failed repo=did:plc:owolywfpwbfggrbkbxqnyc25 err=HttpError('InvalidRequest: Could not find repo: did:plc:owolywfpwbfggrbkbxqnyc25')
2026-03-25T17:03:54Z WARNING bsky_collector_v2.job.index_feed_generators: listRecords failed repo=did:plc:uqt6ckyevkwzwcd74twr4bai err=HttpError('InvalidRequest: Could not find repo: did:plc:uqt6ckyevkwzwcd74twr4bai')
2026-03-25T17:03:54Z WARNING bsky_collector_v2.job.index_feed_generators: listRecords failed repo=did:plc:v26a2xd4gqpa7trwcbchnjpc err=HttpError('InvalidRequest: Could not find repo: did:plc:v26a2xd4gqpa7trwcbchnjpc')
2026-03-25T17:03:54Z WARNING bsky_collector_v2.job.index_feed_generators: listRecords failed repo=did:plc:4gefbstq6dx2zubwzquhyika err=HttpError('InvalidRequest: Could not find repo: did:plc:4gefbstq6dx2zubwzquhyika')
2026-03-25T17:03:54Z WARNING bsky_collector_v2.job.index_feed_generators: listRecords failed repo=did:plc:5q3n7kilsyzl3u6xfaci7dpb err=HttpError('InvalidRequest: Could not find repo: did:plc:5q3n7kilsyzl3u6xfaci7dpb')
2026-03-25T17:03:54Z WARNING bsky_collector_v2.job.index_feed_generators: listRecords failed repo=did:plc:hesro6khbsqymylmr4mkxa4r err=HttpError('InvalidRequest: Could not find repo: did:plc:hesro6khbsqymylmr4mkxa4r')
2026-03-25T17:03:54Z WARNING bsky_collector_v2.job.index_feed_generators: listRecords failed repo=did:plc:owolywfpwbfggrbkbxqnyc25 err=HttpError('InvalidRequest: Could not find repo: did:plc:owolywfpwbfggrbkbxqnyc25')
2026-03-25T17:03:54Z WARNING bsky_collector_v2.job.index_feed_generators: listRecords failed repo=did:plc:uqt6ckyevkwzwcd74twr4bai err=HttpError('InvalidRequest: Could not find repo: did:plc:uqt6ckyevkwzwcd74twr4bai')
2026-03-25T17:03:54Z WARNING bsky_collector_v2.job.index_feed_generators: listRecords failed repo=did:plc:v26a2xd4gqpa7trwcbchnjpc err=HttpError('InvalidRequest: Could not find repo: did:plc:v26a2xd4gqpa7trwcbchnjpc')
2026-03-25T17:03:55Z INFO bsky_collector_v2.job.index_feed_generators: enqueued repos page=38 mode=listRepos inserted=500 repos_returned=500 next_cursor=set
2026-03-25T17:04:16Z WARNING bsky_collector_v2.job.index_feed_generators: listRecords failed repo=did:plc:dctpnrdjpqbag6eg4azsibxo err=HttpError('InvalidRequest: Could not find repo: did:plc:dctpnrdjpqbag6eg4azsibxo')
2026-03-25T17:04:38Z WARNING bsky_collector_v2.job.index_feed_generators: listRecords failed repo=did:plc:mrxppnvcr3ygeleclqfgiasy err=HttpError('InvalidRequest: Could not find repo: did:plc:mrxppnvcr3ygeleclqfgiasy')
2026-03-25T17:04:45Z WARNING bsky_collector_v2.job.index_feed_generators: listRecords failed repo=did:plc:psz35l45oxuyfcx6rsiw66h2 err=HttpError('InvalidRequest: Could not find repo: did:plc:psz35l45oxuyfcx6rsiw66h2')
2026-03-25T17:04:50Z WARNING bsky_collector_v2.job.index_feed_generators: listRecords failed repo=did:plc:snfywl6xeyhybimljs5wfauk err=HttpError('InvalidRequest: Could not find repo: did:plc:snfywl6xeyhybimljs5wfauk')
2026-03-25T17:05:06Z WARNING bsky_collector_v2.job.index_feed_generators: listRecords failed repo=did:plc:dctpnrdjpqbag6eg4azsibxo err=HttpError('InvalidRequest: Could not find repo: did:plc:dctpnrdjpqbag6eg4azsibxo')
2026-03-25T17:05:06Z WARNING bsky_collector_v2.job.index_feed_generators: listRecords failed repo=did:plc:mrxppnvcr3ygeleclqfgiasy err=HttpError('InvalidRequest: Could not find repo: did:plc:mrxppnvcr3ygeleclqfgiasy')
2026-03-25T17:05:06Z WARNING bsky_collector_v2.job.index_feed_generators: listRecords failed repo=did:plc:psz35l45oxuyfcx6rsiw66h2 err=HttpError('InvalidRequest: Could not find repo: did:plc:psz35l45oxuyfcx6rsiw66h2')
2026-03-25T17:05:06Z WARNING bsky_collector_v2.job.index_feed_generators: listRecords failed repo=did:plc:snfywl6xeyhybimljs5wfauk err=HttpError('InvalidRequest: Could not find repo: did:plc:snfywl6xeyhybimljs5wfauk')
2026-03-25T17:05:06Z WARNING bsky_collector_v2.job.index_feed_generators: listRecords failed repo=did:plc:dctpnrdjpqbag6eg4azsibxo err=HttpError('InvalidRequest: Could not find repo: did:plc:dctpnrdjpqbag6eg4azsibxo')
2026-03-25T17:05:06Z WARNING bsky_collector_v2.job.index_feed_generators: listRecords failed repo=did:plc:mrxppnvcr3ygeleclqfgiasy err=HttpError('InvalidRequest: Could not find repo: did:plc:mrxppnvcr3ygeleclqfgiasy')
2026-03-25T17:05:06Z WARNING bsky_collector_v2.job.index_feed_generators: listRecords failed repo=did:plc:psz35l45oxuyfcx6rsiw66h2 err=HttpError('InvalidRequest: Could not find repo: did:plc:psz35l45oxuyfcx6rsiw66h2')
2026-03-25T17:05:06Z WARNING bsky_collector_v2.job.index_feed_generators: listRecords failed repo=did:plc:snfywl6xeyhybimljs5wfauk err=HttpError('InvalidRequest: Could not find repo: did:plc:snfywl6xeyhybimljs5wfauk')
2026-03-25T17:05:06Z INFO bsky_collector_v2.job.index_feed_generators: enqueued repos page=39 mode=listRepos inserted=500 repos_returned=500 next_cursor=set
2026-03-25T17:05:57Z INFO bsky_collector_v2.job.index_feed_generators: indexed repo=did:plc:safkmcpdwrpiu3ooeolmq65p part=15 records=1 next_cursor=set
2026-03-25T17:06:00Z WARNING bsky_collector_v2.job.index_feed_generators: listRecords failed repo=did:plc:telzp2hodvni3yqnyiqc2icl err=HttpError('InvalidRequest: Could not find repo: did:plc:telzp2hodvni3yqnyiqc2icl')
2026-03-25T17:06:08Z WARNING bsky_collector_v2.job.index_feed_generators: listRecords failed repo=did:plc:x7kqsu4txziyrz2jjkaixzpu err=HttpError('InvalidRequest: Could not find repo: did:plc:x7kqsu4txziyrz2jjkaixzpu')
2026-03-25T17:06:12Z INFO bsky_collector_v2.job.index_feed_generators: indexed repo=did:plc:zeougdpmvrh3jorth4lgtiz4 part=16 records=1 next_cursor=set
2026-03-25T17:06:13Z WARNING bsky_collector_v2.job.index_feed_generators: listRecords failed repo=did:plc:telzp2hodvni3yqnyiqc2icl err=HttpError('InvalidRequest: Could not find repo: did:plc:telzp2hodvni3yqnyiqc2icl')
2026-03-25T17:06:13Z WARNING bsky_collector_v2.job.index_feed_generators: listRecords failed repo=did:plc:x7kqsu4txziyrz2jjkaixzpu err=HttpError('InvalidRequest: Could not find repo: did:plc:x7kqsu4txziyrz2jjkaixzpu')
2026-03-25T17:06:13Z WARNING bsky_collector_v2.job.index_feed_generators: listRecords failed repo=did:plc:telzp2hodvni3yqnyiqc2icl err=HttpError('InvalidRequest: Could not find repo: did:plc:telzp2hodvni3yqnyiqc2icl')
2026-03-25T17:06:13Z WARNING bsky_collector_v2.job.index_feed_generators: listRecords failed repo=did:plc:x7kqsu4txziyrz2jjkaixzpu err=HttpError('InvalidRequest: Could not find repo: did:plc:x7kqsu4txziyrz2jjkaixzpu')
2026-03-25T17:06:14Z INFO bsky_collector_v2.job.index_feed_generators: enqueued repos page=40 mode=listRepos inserted=500 repos_returned=500 next_cursor=set
2026-03-25T17:06:15Z WARNING bsky_collector_v2.job.index_feed_generators: listRecords failed repo=did:plc:2tcli4bblsafikiuyvx33zj6 err=HttpError('InvalidRequest: Could not find repo: did:plc:2tcli4bblsafikiuyvx33zj6')
2026-03-25T17:07:23Z WARNING bsky_collector_v2.job.index_feed_generators: listRecords failed repo=did:plc:2tcli4bblsafikiuyvx33zj6 err=HttpError('InvalidRequest: Could not find repo: did:plc:2tcli4bblsafikiuyvx33zj6')
2026-03-25T17:07:23Z WARNING bsky_collector_v2.job.index_feed_generators: listRecords failed repo=did:plc:2tcli4bblsafikiuyvx33zj6 err=HttpError('InvalidRequest: Could not find repo: did:plc:2tcli4bblsafikiuyvx33zj6')
2026-03-25T17:07:23Z INFO bsky_collector_v2.job.index_feed_generators: enqueued repos page=41 mode=listRepos inserted=500 repos_returned=500 next_cursor=set
