2026-03-26T08:35:47Z INFO bsky_collector_v2: out_base ok path=/Volumes/T9/BlueSky/data_v2_full mount=/Volumes/T9
2026-03-26T08:35:47Z INFO bsky_collector_v2: job start subcommand=index-feed-generators dry_run=False resume=True
2026-03-26T08:35:47Z INFO bsky_collector_v2.job.index_feed_generators: feed generator index hosts relay_host=https://bsky.network records_host=https://bsky.social auth=yes
2026-03-26T08:36:39Z INFO bsky_collector_v2.job.index_feed_generators: indexed repo=did:plc:v4vazc6jm7q3g525ndrj2z6h part=71 records=1 next_cursor=set
2026-03-26T08:36:57Z WARNING bsky_collector_v2.job.index_feed_generators: listRecords failed repo=did:plc:2ti7b7nlk5jr2vhx4fbi2vqo err=HttpError('InvalidRequest: Could not find repo: did:plc:2ti7b7nlk5jr2vhx4fbi2vqo')
2026-03-26T08:36:57Z WARNING bsky_collector_v2.job.index_feed_generators: listRecords failed repo=did:plc:2ti7b7nlk5jr2vhx4fbi2vqo err=HttpError('InvalidRequest: Could not find repo: did:plc:2ti7b7nlk5jr2vhx4fbi2vqo')
2026-03-26T08:36:58Z INFO bsky_collector_v2.job.index_feed_generators: enqueued repos page=1 mode=listRepos inserted=500 repos_returned=500 next_cursor=set
2026-03-26T08:37:05Z WARNING bsky_collector_v2.job.index_feed_generators: listRecords failed repo=did:plc:3eaioxgydwxfrvdc35z322ot err=HttpError('InvalidRequest: Could not find repo: did:plc:3eaioxgydwxfrvdc35z322ot')
2026-03-26T08:37:21Z WARNING bsky_collector_v2.job.index_feed_generators: listRecords failed repo=did:plc:azer7igy736ulp4xlzubd63a err=HttpError('InvalidRequest: Could not find repo: did:plc:azer7igy736ulp4xlzubd63a')
2026-03-26T08:39:00Z WARNING bsky_collector_v2.job.index_feed_generators: listRecords failed repo=did:plc:3eaioxgydwxfrvdc35z322ot err=HttpError('InvalidRequest: Could not find repo: did:plc:3eaioxgydwxfrvdc35z322ot')
2026-03-26T08:39:00Z WARNING bsky_collector_v2.job.index_feed_generators: listRecords failed repo=did:plc:azer7igy736ulp4xlzubd63a err=HttpError('InvalidRequest: Could not find repo: did:plc:azer7igy736ulp4xlzubd63a')
2026-03-26T08:39:00Z WARNING bsky_collector_v2.job.index_feed_generators: listRecords failed repo=did:plc:3eaioxgydwxfrvdc35z322ot err=HttpError('InvalidRequest: Could not find repo: did:plc:3eaioxgydwxfrvdc35z322ot')
2026-03-26T08:39:00Z WARNING bsky_collector_v2.job.index_feed_generators: listRecords failed repo=did:plc:azer7igy736ulp4xlzubd63a err=HttpError('InvalidRequest: Could not find repo: did:plc:azer7igy736ulp4xlzubd63a')
2026-03-26T08:39:01Z INFO bsky_collector_v2.job.index_feed_generators: enqueued repos page=2 mode=listRepos inserted=500 repos_returned=500 next_cursor=set
2026-03-26T08:40:21Z WARNING bsky_collector_v2.job.index_feed_generators: listRecords failed repo=did:plc:mikzexntptlf6fclmz7evxdg err=HttpError('InvalidRequest: Could not find repo: did:plc:mikzexntptlf6fclmz7evxdg')
2026-03-26T08:40:59Z WARNING bsky_collector_v2.job.index_feed_generators: listRecords failed repo=did:plc:mikzexntptlf6fclmz7evxdg err=HttpError('InvalidRequest: Could not find repo: did:plc:mikzexntptlf6fclmz7evxdg')
2026-03-26T08:40:59Z WARNING bsky_collector_v2.job.index_feed_generators: listRecords failed repo=did:plc:mikzexntptlf6fclmz7evxdg err=HttpError('InvalidRequest: Could not find repo: did:plc:mikzexntptlf6fclmz7evxdg')
2026-03-26T08:41:00Z INFO bsky_collector_v2.job.index_feed_generators: enqueued repos page=3 mode=listRepos inserted=500 repos_returned=500 next_cursor=set
2026-03-26T08:43:29Z INFO bsky_collector_v2.job.index_feed_generators: enqueued repos page=4 mode=listRepos inserted=500 repos_returned=500 next_cursor=set
2026-03-26T08:44:53Z WARNING bsky_collector_v2.job.index_feed_generators: listRecords failed repo=did:plc:wv4cr642gtcajmjfedt5xcgy err=HttpError('InvalidRequest: Could not find repo: did:plc:wv4cr642gtcajmjfedt5xcgy')
2026-03-26T08:45:03Z WARNING bsky_collector_v2.job.index_feed_generators: listRecords failed repo=did:plc:wv4cr642gtcajmjfedt5xcgy err=HttpError('InvalidRequest: Could not find repo: did:plc:wv4cr642gtcajmjfedt5xcgy')
2026-03-26T08:45:03Z WARNING bsky_collector_v2.job.index_feed_generators: listRecords failed repo=did:plc:wv4cr642gtcajmjfedt5xcgy err=HttpError('InvalidRequest: Could not find repo: did:plc:wv4cr642gtcajmjfedt5xcgy')
2026-03-26T08:45:04Z INFO bsky_collector_v2.job.index_feed_generators: enqueued repos page=5 mode=listRepos inserted=500 repos_returned=500 next_cursor=set
2026-03-26T08:45:46Z INFO bsky_collector_v2.job.index_feed_generators: indexed repo=did:plc:fn3wmrkkeic2zkfp5u4jwz4a part=72 records=1 next_cursor=set
2026-03-26T08:47:28Z INFO bsky_collector_v2.job.index_feed_generators: enqueued repos page=6 mode=listRepos inserted=500 repos_returned=500 next_cursor=set
2026-03-26T08:47:50Z WARNING bsky_collector_v2.job.index_feed_generators: listRecords failed repo=did:plc:bwuabrtt34a54373h3545ql5 err=HttpError('InvalidRequest: Could not find repo: did:plc:bwuabrtt34a54373h3545ql5')
2026-03-26T08:48:32Z WARNING bsky_collector_v2.job.index_feed_generators: listRecords failed repo=did:plc:qkkwinbs3jyqtzrvh53dtj4u err=HttpError('InvalidRequest: Could not find repo: did:plc:qkkwinbs3jyqtzrvh53dtj4u')
2026-03-26T08:49:01Z WARNING bsky_collector_v2.job.index_feed_generators: listRecords failed repo=did:plc:bwuabrtt34a54373h3545ql5 err=HttpError('InvalidRequest: Could not find repo: did:plc:bwuabrtt34a54373h3545ql5')
2026-03-26T08:49:01Z WARNING bsky_collector_v2.job.index_feed_generators: listRecords failed repo=did:plc:qkkwinbs3jyqtzrvh53dtj4u err=HttpError('InvalidRequest: Could not find repo: did:plc:qkkwinbs3jyqtzrvh53dtj4u')
2026-03-26T08:49:01Z WARNING bsky_collector_v2.job.index_feed_generators: listRecords failed repo=did:plc:bwuabrtt34a54373h3545ql5 err=HttpError('InvalidRequest: Could not find repo: did:plc:bwuabrtt34a54373h3545ql5')
2026-03-26T08:49:01Z WARNING bsky_collector_v2.job.index_feed_generators: listRecords failed repo=did:plc:qkkwinbs3jyqtzrvh53dtj4u err=HttpError('InvalidRequest: Could not find repo: did:plc:qkkwinbs3jyqtzrvh53dtj4u')
2026-03-26T08:49:02Z INFO bsky_collector_v2.job.index_feed_generators: enqueued repos page=7 mode=listRepos inserted=500 repos_returned=500 next_cursor=set
2026-03-26T08:50:17Z WARNING bsky_collector_v2.job.index_feed_generators: listRecords failed repo=did:plc:fjg3ynccjp27tgbfyxsplxks err=HttpError('InvalidRequest: Could not find repo: did:plc:fjg3ynccjp27tgbfyxsplxks')
2026-03-26T08:51:31Z WARNING bsky_collector_v2.job.index_feed_generators: listRecords failed repo=did:plc:fjg3ynccjp27tgbfyxsplxks err=HttpError('InvalidRequest: Could not find repo: did:plc:fjg3ynccjp27tgbfyxsplxks')
2026-03-26T08:51:31Z WARNING bsky_collector_v2.job.index_feed_generators: listRecords failed repo=did:plc:fjg3ynccjp27tgbfyxsplxks err=HttpError('InvalidRequest: Could not find repo: did:plc:fjg3ynccjp27tgbfyxsplxks')
2026-03-26T08:51:32Z INFO bsky_collector_v2.job.index_feed_generators: enqueued repos page=8 mode=listRepos inserted=500 repos_returned=500 next_cursor=set
2026-03-26T08:51:44Z WARNING bsky_collector_v2.job.index_feed_generators: listRecords failed repo=did:plc:6mrw2r7igozucrsjpk3eqxdp err=HttpError('InvalidRequest: Could not find repo: did:plc:6mrw2r7igozucrsjpk3eqxdp')
2026-03-26T08:51:46Z WARNING bsky_collector_v2.job.index_feed_generators: listRecords failed repo=did:plc:7cmes3ghrmfii7xs56mraarc err=HttpError('InvalidRequest: Could not find repo: did:plc:7cmes3ghrmfii7xs56mraarc')
2026-03-26T08:52:20Z WARNING bsky_collector_v2.job.index_feed_generators: listRecords failed repo=did:plc:ilyq2wxpjgedxgix446imzao err=HttpError('InvalidRequest: Could not find repo: did:plc:ilyq2wxpjgedxgix446imzao')
2026-03-26T08:53:21Z WARNING bsky_collector_v2.job.index_feed_generators: listRecords failed repo=did:plc:6mrw2r7igozucrsjpk3eqxdp err=HttpError('InvalidRequest: Could not find repo: did:plc:6mrw2r7igozucrsjpk3eqxdp')
2026-03-26T08:53:21Z WARNING bsky_collector_v2.job.index_feed_generators: listRecords failed repo=did:plc:7cmes3ghrmfii7xs56mraarc err=HttpError('InvalidRequest: Could not find repo: did:plc:7cmes3ghrmfii7xs56mraarc')
2026-03-26T08:53:21Z WARNING bsky_collector_v2.job.index_feed_generators: listRecords failed repo=did:plc:ilyq2wxpjgedxgix446imzao err=HttpError('InvalidRequest: Could not find repo: did:plc:ilyq2wxpjgedxgix446imzao')
2026-03-26T08:53:21Z WARNING bsky_collector_v2.job.index_feed_generators: listRecords failed repo=did:plc:6mrw2r7igozucrsjpk3eqxdp err=HttpError('InvalidRequest: Could not find repo: did:plc:6mrw2r7igozucrsjpk3eqxdp')
2026-03-26T08:53:22Z WARNING bsky_collector_v2.job.index_feed_generators: listRecords failed repo=did:plc:7cmes3ghrmfii7xs56mraarc err=HttpError('InvalidRequest: Could not find repo: did:plc:7cmes3ghrmfii7xs56mraarc')
2026-03-26T08:53:22Z WARNING bsky_collector_v2.job.index_feed_generators: listRecords failed repo=did:plc:ilyq2wxpjgedxgix446imzao err=HttpError('InvalidRequest: Could not find repo: did:plc:ilyq2wxpjgedxgix446imzao')
2026-03-26T08:53:22Z INFO bsky_collector_v2.job.index_feed_generators: enqueued repos page=9 mode=listRepos inserted=500 repos_returned=500 next_cursor=set
2026-03-26T08:55:19Z INFO bsky_collector_v2.job.index_feed_generators: enqueued repos page=10 mode=listRepos inserted=500 repos_returned=500 next_cursor=set
2026-03-26T08:56:08Z WARNING bsky_collector_v2.job.index_feed_generators: listRecords failed repo=did:plc:ikauoct7jwgvcd5aqfacykry err=HttpError('InvalidRequest: Could not find repo: did:plc:ikauoct7jwgvcd5aqfacykry')
2026-03-26T08:56:12Z INFO bsky_collector_v2.job.index_feed_generators: indexed repo=did:plc:k4didtq3epseywgnwny3qzgk part=73 records=2 next_cursor=set
2026-03-26T08:56:25Z WARNING bsky_collector_v2.job.index_feed_generators: listRecords failed repo=did:plc:oanz2rtjob6ugkei3cekfvzf err=HttpError('InvalidRequest: Could not find repo: did:plc:oanz2rtjob6ugkei3cekfvzf')
2026-03-26T08:56:28Z WARNING bsky_collector_v2.job.index_feed_generators: listRecords failed repo=did:plc:otl7egrzlt6ob427hsnftdcr err=HttpError('InvalidRequest: Could not find repo: did:plc:otl7egrzlt6ob427hsnftdcr')
2026-03-26T08:56:54Z WARNING bsky_collector_v2.job.index_feed_generators: listRecords failed repo=did:plc:ikauoct7jwgvcd5aqfacykry err=HttpError('InvalidRequest: Could not find repo: did:plc:ikauoct7jwgvcd5aqfacykry')
2026-03-26T08:56:54Z WARNING bsky_collector_v2.job.index_feed_generators: listRecords failed repo=did:plc:oanz2rtjob6ugkei3cekfvzf err=HttpError('InvalidRequest: Could not find repo: did:plc:oanz2rtjob6ugkei3cekfvzf')
2026-03-26T08:56:54Z WARNING bsky_collector_v2.job.index_feed_generators: listRecords failed repo=did:plc:otl7egrzlt6ob427hsnftdcr err=HttpError('InvalidRequest: Could not find repo: did:plc:otl7egrzlt6ob427hsnftdcr')
2026-03-26T08:56:55Z WARNING bsky_collector_v2.job.index_feed_generators: listRecords failed repo=did:plc:ikauoct7jwgvcd5aqfacykry err=HttpError('InvalidRequest: Could not find repo: did:plc:ikauoct7jwgvcd5aqfacykry')
2026-03-26T08:56:55Z WARNING bsky_collector_v2.job.index_feed_generators: listRecords failed repo=did:plc:oanz2rtjob6ugkei3cekfvzf err=HttpError('InvalidRequest: Could not find repo: did:plc:oanz2rtjob6ugkei3cekfvzf')
2026-03-26T08:56:55Z WARNING bsky_collector_v2.job.index_feed_generators: listRecords failed repo=did:plc:otl7egrzlt6ob427hsnftdcr err=HttpError('InvalidRequest: Could not find repo: did:plc:otl7egrzlt6ob427hsnftdcr')
2026-03-26T08:56:55Z INFO bsky_collector_v2.job.index_feed_generators: enqueued repos page=11 mode=listRepos inserted=500 repos_returned=500 next_cursor=set
2026-03-26T08:58:29Z INFO bsky_collector_v2.job.index_feed_generators: enqueued repos page=12 mode=listRepos inserted=500 repos_returned=500 next_cursor=set
2026-03-26T08:59:46Z WARNING bsky_collector_v2.job.index_feed_generators: listRecords failed repo=did:plc:witntsxyccvz274fbv6cebkb err=HttpError('InvalidRequest: Could not find repo: did:plc:witntsxyccvz274fbv6cebkb')
2026-03-26T08:59:58Z WARNING bsky_collector_v2.job.index_feed_generators: listRecords failed repo=did:plc:witntsxyccvz274fbv6cebkb err=HttpError('InvalidRequest: Could not find repo: did:plc:witntsxyccvz274fbv6cebkb')
2026-03-26T08:59:58Z WARNING bsky_collector_v2.job.index_feed_generators: listRecords failed repo=did:plc:witntsxyccvz274fbv6cebkb err=HttpError('InvalidRequest: Could not find repo: did:plc:witntsxyccvz274fbv6cebkb')
2026-03-26T08:59:59Z INFO bsky_collector_v2.job.index_feed_generators: enqueued repos page=13 mode=listRepos inserted=500 repos_returned=500 next_cursor=set
2026-03-26T09:00:55Z WARNING bsky_collector_v2.job.index_feed_generators: listRecords failed repo=did:plc:itfsrarug7pc7z2xhlvnqjl4 err=HttpError('InvalidRequest: Could not find repo: did:plc:itfsrarug7pc7z2xhlvnqjl4')
2026-03-26T09:01:43Z WARNING bsky_collector_v2.job.index_feed_generators: listRecords failed repo=did:plc:ug6eqqcs4kiwal5x3fon5wdz err=HttpError('InvalidRequest: Could not find repo: did:plc:ug6eqqcs4kiwal5x3fon5wdz')
2026-03-26T09:01:57Z WARNING bsky_collector_v2.job.index_feed_generators: listRecords failed repo=did:plc:yiykszjfm3hexvoxmhwtvipl err=HttpError('InvalidRequest: Could not find repo: did:plc:yiykszjfm3hexvoxmhwtvipl')
2026-03-26T09:02:02Z WARNING bsky_collector_v2.job.index_feed_generators: listRecords failed repo=did:plc:itfsrarug7pc7z2xhlvnqjl4 err=HttpError('InvalidRequest: Could not find repo: did:plc:itfsrarug7pc7z2xhlvnqjl4')
2026-03-26T09:02:02Z WARNING bsky_collector_v2.job.index_feed_generators: listRecords failed repo=did:plc:ug6eqqcs4kiwal5x3fon5wdz err=HttpError('InvalidRequest: Could not find repo: did:plc:ug6eqqcs4kiwal5x3fon5wdz')
2026-03-26T09:02:02Z WARNING bsky_collector_v2.job.index_feed_generators: listRecords failed repo=did:plc:yiykszjfm3hexvoxmhwtvipl err=HttpError('InvalidRequest: Could not find repo: did:plc:yiykszjfm3hexvoxmhwtvipl')
2026-03-26T09:02:02Z WARNING bsky_collector_v2.job.index_feed_generators: listRecords failed repo=did:plc:itfsrarug7pc7z2xhlvnqjl4 err=HttpError('InvalidRequest: Could not find repo: did:plc:itfsrarug7pc7z2xhlvnqjl4')
2026-03-26T09:02:02Z WARNING bsky_collector_v2.job.index_feed_generators: listRecords failed repo=did:plc:ug6eqqcs4kiwal5x3fon5wdz err=HttpError('InvalidRequest: Could not find repo: did:plc:ug6eqqcs4kiwal5x3fon5wdz')
2026-03-26T09:02:02Z WARNING bsky_collector_v2.job.index_feed_generators: listRecords failed repo=did:plc:yiykszjfm3hexvoxmhwtvipl err=HttpError('InvalidRequest: Could not find repo: did:plc:yiykszjfm3hexvoxmhwtvipl')
2026-03-26T09:02:03Z INFO bsky_collector_v2.job.index_feed_generators: enqueued repos page=14 mode=listRepos inserted=500 repos_returned=500 next_cursor=set
2026-03-26T09:03:17Z WARNING bsky_collector_v2.job.index_feed_generators: listRecords failed repo=did:plc:sxpe24c7tfrwn25ityrv3g5o err=HttpError('InvalidRequest: Could not find repo: did:plc:sxpe24c7tfrwn25ityrv3g5o')
2026-03-26T09:03:35Z WARNING bsky_collector_v2.job.index_feed_generators: listRecords failed repo=did:plc:sxpe24c7tfrwn25ityrv3g5o err=HttpError('InvalidRequest: Could not find repo: did:plc:sxpe24c7tfrwn25ityrv3g5o')
2026-03-26T09:03:35Z WARNING bsky_collector_v2.job.index_feed_generators: listRecords failed repo=did:plc:sxpe24c7tfrwn25ityrv3g5o err=HttpError('InvalidRequest: Could not find repo: did:plc:sxpe24c7tfrwn25ityrv3g5o')
2026-03-26T09:03:36Z INFO bsky_collector_v2.job.index_feed_generators: enqueued repos page=15 mode=listRepos inserted=500 repos_returned=500 next_cursor=set
2026-03-26T09:04:12Z INFO bsky_collector_v2.job.index_feed_generators: indexed repo=did:plc:fqptbdbe5rogphzym3jd7efz part=74 records=1 next_cursor=set
2026-03-26T09:04:15Z WARNING bsky_collector_v2.job.index_feed_generators: listRecords failed repo=did:plc:gb5wolzfg3l6gfmenbv6elsp err=HttpError('InvalidRequest: Could not find repo: did:plc:gb5wolzfg3l6gfmenbv6elsp')
2026-03-26T09:05:10Z WARNING bsky_collector_v2.job.index_feed_generators: listRecords failed repo=did:plc:zcod2m7tkwlbial3kcmy7zjd err=HttpError('InvalidRequest: Could not find repo: did:plc:zcod2m7tkwlbial3kcmy7zjd')
2026-03-26T09:05:13Z WARNING bsky_collector_v2.job.index_feed_generators: listRecords failed repo=did:plc:gb5wolzfg3l6gfmenbv6elsp err=HttpError('InvalidRequest: Could not find repo: did:plc:gb5wolzfg3l6gfmenbv6elsp')
2026-03-26T09:05:13Z WARNING bsky_collector_v2.job.index_feed_generators: listRecords failed repo=did:plc:zcod2m7tkwlbial3kcmy7zjd err=HttpError('InvalidRequest: Could not find repo: did:plc:zcod2m7tkwlbial3kcmy7zjd')
2026-03-26T09:05:13Z WARNING bsky_collector_v2.job.index_feed_generators: listRecords failed repo=did:plc:gb5wolzfg3l6gfmenbv6elsp err=HttpError('InvalidRequest: Could not find repo: did:plc:gb5wolzfg3l6gfmenbv6elsp')
2026-03-26T09:05:13Z WARNING bsky_collector_v2.job.index_feed_generators: listRecords failed repo=did:plc:zcod2m7tkwlbial3kcmy7zjd err=HttpError('InvalidRequest: Could not find repo: did:plc:zcod2m7tkwlbial3kcmy7zjd')
2026-03-26T09:05:13Z INFO bsky_collector_v2.job.index_feed_generators: enqueued repos page=16 mode=listRepos inserted=500 repos_returned=500 next_cursor=set
2026-03-26T09:05:53Z WARNING bsky_collector_v2.job.index_feed_generators: listRecords failed repo=did:plc:eyvrg4agbkmwedc7wjzlejkw err=HttpError('InvalidRequest: Could not find repo: did:plc:eyvrg4agbkmwedc7wjzlejkw')
2026-03-26T09:06:11Z WARNING bsky_collector_v2.job.index_feed_generators: listRecords failed repo=did:plc:j4q3hru4czonrrtafurryrdq err=HttpError('InvalidRequest: Could not find repo: did:plc:j4q3hru4czonrrtafurryrdq')
2026-03-26T09:06:56Z WARNING bsky_collector_v2.job.index_feed_generators: listRecords failed repo=did:plc:eyvrg4agbkmwedc7wjzlejkw err=HttpError('InvalidRequest: Could not find repo: did:plc:eyvrg4agbkmwedc7wjzlejkw')
2026-03-26T09:06:56Z WARNING bsky_collector_v2.job.index_feed_generators: listRecords failed repo=did:plc:j4q3hru4czonrrtafurryrdq err=HttpError('InvalidRequest: Could not find repo: did:plc:j4q3hru4czonrrtafurryrdq')
2026-03-26T09:06:56Z WARNING bsky_collector_v2.job.index_feed_generators: listRecords failed repo=did:plc:eyvrg4agbkmwedc7wjzlejkw err=HttpError('InvalidRequest: Could not find repo: did:plc:eyvrg4agbkmwedc7wjzlejkw')
2026-03-26T09:06:56Z WARNING bsky_collector_v2.job.index_feed_generators: listRecords failed repo=did:plc:j4q3hru4czonrrtafurryrdq err=HttpError('InvalidRequest: Could not find repo: did:plc:j4q3hru4czonrrtafurryrdq')
2026-03-26T09:06:57Z INFO bsky_collector_v2.job.index_feed_generators: enqueued repos page=17 mode=listRepos inserted=500 repos_returned=500 next_cursor=set
2026-03-26T09:08:35Z INFO bsky_collector_v2.job.index_feed_generators: indexed repo=did:plc:wtlip3jdhupwxx345kp447kq part=75 records=1 next_cursor=set
2026-03-26T09:08:43Z INFO bsky_collector_v2.job.index_feed_generators: indexed repo=did:plc:zt4poao6l5qcyk33xo7asp2v part=76 records=1 next_cursor=set
2026-03-26T09:08:45Z INFO bsky_collector_v2.job.index_feed_generators: enqueued repos page=18 mode=listRepos inserted=500 repos_returned=500 next_cursor=set
2026-03-26T09:09:06Z WARNING bsky_collector_v2.job.index_feed_generators: listRecords failed repo=did:plc:bzmcwsqjvl3b33x25dlaverg err=HttpError('InvalidRequest: Could not find repo: did:plc:bzmcwsqjvl3b33x25dlaverg')
2026-03-26T09:09:32Z WARNING bsky_collector_v2.job.index_feed_generators: listRecords failed repo=did:plc:l6zdawmy4n6qlrvrbnmrrbd6 err=HttpError('InvalidRequest: Could not find repo: did:plc:l6zdawmy4n6qlrvrbnmrrbd6')
2026-03-26T09:10:13Z WARNING bsky_collector_v2.job.index_feed_generators: listRecords failed repo=did:plc:bzmcwsqjvl3b33x25dlaverg err=HttpError('InvalidRequest: Could not find repo: did:plc:bzmcwsqjvl3b33x25dlaverg')
2026-03-26T09:10:13Z WARNING bsky_collector_v2.job.index_feed_generators: listRecords failed repo=did:plc:l6zdawmy4n6qlrvrbnmrrbd6 err=HttpError('InvalidRequest: Could not find repo: did:plc:l6zdawmy4n6qlrvrbnmrrbd6')
2026-03-26T09:10:13Z WARNING bsky_collector_v2.job.index_feed_generators: listRecords failed repo=did:plc:bzmcwsqjvl3b33x25dlaverg err=HttpError('InvalidRequest: Could not find repo: did:plc:bzmcwsqjvl3b33x25dlaverg')
2026-03-26T09:10:13Z WARNING bsky_collector_v2.job.index_feed_generators: listRecords failed repo=did:plc:l6zdawmy4n6qlrvrbnmrrbd6 err=HttpError('InvalidRequest: Could not find repo: did:plc:l6zdawmy4n6qlrvrbnmrrbd6')
2026-03-26T09:10:14Z INFO bsky_collector_v2.job.index_feed_generators: enqueued repos page=19 mode=listRepos inserted=500 repos_returned=500 next_cursor=set
2026-03-26T09:10:15Z WARNING bsky_collector_v2.job.index_feed_generators: listRecords failed repo=did:plc:2kgyzex76ix35bp6pq3gzf6h err=HttpError('InvalidRequest: Could not find repo: did:plc:2kgyzex76ix35bp6pq3gzf6h')
2026-03-26T09:12:01Z WARNING bsky_collector_v2.job.index_feed_generators: listRecords failed repo=did:plc:y4n62jd63rcinajy7pctg7rb err=HttpError('InvalidRequest: Could not find repo: did:plc:y4n62jd63rcinajy7pctg7rb')
2026-03-26T09:12:06Z WARNING bsky_collector_v2.job.index_feed_generators: listRecords failed repo=did:plc:2kgyzex76ix35bp6pq3gzf6h err=HttpError('InvalidRequest: Could not find repo: did:plc:2kgyzex76ix35bp6pq3gzf6h')
2026-03-26T09:12:06Z WARNING bsky_collector_v2.job.index_feed_generators: listRecords failed repo=did:plc:y4n62jd63rcinajy7pctg7rb err=HttpError('InvalidRequest: Could not find repo: did:plc:y4n62jd63rcinajy7pctg7rb')
2026-03-26T09:12:06Z WARNING bsky_collector_v2.job.index_feed_generators: listRecords failed repo=did:plc:2kgyzex76ix35bp6pq3gzf6h err=HttpError('InvalidRequest: Could not find repo: did:plc:2kgyzex76ix35bp6pq3gzf6h')
2026-03-26T09:12:06Z WARNING bsky_collector_v2.job.index_feed_generators: listRecords failed repo=did:plc:y4n62jd63rcinajy7pctg7rb err=HttpError('InvalidRequest: Could not find repo: did:plc:y4n62jd63rcinajy7pctg7rb')
2026-03-26T09:12:07Z INFO bsky_collector_v2.job.index_feed_generators: enqueued repos page=20 mode=listRepos inserted=500 repos_returned=500 next_cursor=set
2026-03-26T09:13:10Z WARNING bsky_collector_v2.job.index_feed_generators: listRecords failed repo=did:plc:ltvhzgnxr2a7dv4av7rxxc4t err=HttpError('InvalidRequest: Could not find repo: did:plc:ltvhzgnxr2a7dv4av7rxxc4t')
2026-03-26T09:14:08Z WARNING bsky_collector_v2.job.index_feed_generators: listRecords failed repo=did:plc:ltvhzgnxr2a7dv4av7rxxc4t err=HttpError('InvalidRequest: Could not find repo: did:plc:ltvhzgnxr2a7dv4av7rxxc4t')
2026-03-26T09:14:08Z WARNING bsky_collector_v2.job.index_feed_generators: listRecords failed repo=did:plc:ltvhzgnxr2a7dv4av7rxxc4t err=HttpError('InvalidRequest: Could not find repo: did:plc:ltvhzgnxr2a7dv4av7rxxc4t')
2026-03-26T09:14:09Z INFO bsky_collector_v2.job.index_feed_generators: enqueued repos page=21 mode=listRepos inserted=500 repos_returned=500 next_cursor=set
2026-03-26T09:15:31Z INFO bsky_collector_v2.job.index_feed_generators: enqueued repos page=22 mode=listRepos inserted=500 repos_returned=500 next_cursor=set
2026-03-26T09:15:44Z WARNING bsky_collector_v2.job.index_feed_generators: listRecords failed repo=did:plc:aa5kpsayn7tzqhy32ym6vckl err=HttpError('InvalidRequest: Could not find repo: did:plc:aa5kpsayn7tzqhy32ym6vckl')
2026-03-26T09:17:02Z WARNING bsky_collector_v2.job.index_feed_generators: listRecords failed repo=did:plc:aa5kpsayn7tzqhy32ym6vckl err=HttpError('InvalidRequest: Could not find repo: did:plc:aa5kpsayn7tzqhy32ym6vckl')
2026-03-26T09:17:02Z WARNING bsky_collector_v2.job.index_feed_generators: listRecords failed repo=did:plc:aa5kpsayn7tzqhy32ym6vckl err=HttpError('InvalidRequest: Could not find repo: did:plc:aa5kpsayn7tzqhy32ym6vckl')
2026-03-26T09:17:03Z INFO bsky_collector_v2.job.index_feed_generators: enqueued repos page=23 mode=listRepos inserted=500 repos_returned=500 next_cursor=set
2026-03-26T09:18:38Z INFO bsky_collector_v2.job.index_feed_generators: enqueued repos page=24 mode=listRepos inserted=500 repos_returned=500 next_cursor=set
2026-03-26T09:19:16Z INFO bsky_collector_v2.job.index_feed_generators: indexed repo=did:plc:hqhm722w7u53nup2nezg5uol part=77 records=1 next_cursor=set
2026-03-26T09:20:12Z INFO bsky_collector_v2.job.index_feed_generators: enqueued repos page=25 mode=listRepos inserted=500 repos_returned=500 next_cursor=set
2026-03-26T09:20:24Z WARNING bsky_collector_v2.job.index_feed_generators: listRecords failed repo=did:plc:6juulikkuedz4y22cyj6ndgn err=HttpError('InvalidRequest: Could not find repo: did:plc:6juulikkuedz4y22cyj6ndgn')
2026-03-26T09:20:37Z WARNING bsky_collector_v2.job.index_feed_generators: listRecords failed repo=did:plc:e7ayahuquxbs5w62lwfuztho err=HttpError('InvalidRequest: Could not find repo: did:plc:e7ayahuquxbs5w62lwfuztho')
2026-03-26T09:21:45Z WARNING bsky_collector_v2.job.index_feed_generators: listRecords failed repo=did:plc:6juulikkuedz4y22cyj6ndgn err=HttpError('InvalidRequest: Could not find repo: did:plc:6juulikkuedz4y22cyj6ndgn')
2026-03-26T09:21:45Z WARNING bsky_collector_v2.job.index_feed_generators: listRecords failed repo=did:plc:e7ayahuquxbs5w62lwfuztho err=HttpError('InvalidRequest: Could not find repo: did:plc:e7ayahuquxbs5w62lwfuztho')
2026-03-26T09:21:45Z WARNING bsky_collector_v2.job.index_feed_generators: listRecords failed repo=did:plc:6juulikkuedz4y22cyj6ndgn err=HttpError('InvalidRequest: Could not find repo: did:plc:6juulikkuedz4y22cyj6ndgn')
2026-03-26T09:21:45Z WARNING bsky_collector_v2.job.index_feed_generators: listRecords failed repo=did:plc:e7ayahuquxbs5w62lwfuztho err=HttpError('InvalidRequest: Could not find repo: did:plc:e7ayahuquxbs5w62lwfuztho')
2026-03-26T09:21:46Z INFO bsky_collector_v2.job.index_feed_generators: enqueued repos page=26 mode=listRepos inserted=500 repos_returned=500 next_cursor=set
2026-03-26T09:23:31Z INFO bsky_collector_v2.job.index_feed_generators: enqueued repos page=27 mode=listRepos inserted=500 repos_returned=500 next_cursor=set
2026-03-26T09:23:38Z WARNING bsky_collector_v2.job.index_feed_generators: listRecords failed repo=did:plc:4ybct2gwukw7hlpenlscxazw err=HttpError('InvalidRequest: Could not find repo: did:plc:4ybct2gwukw7hlpenlscxazw')
2026-03-26T09:24:23Z INFO bsky_collector_v2.job.index_feed_generators: indexed repo=did:plc:omtt52vh3wgsboynpafq7i7w part=78 records=1 next_cursor=set
2026-03-26T09:24:54Z WARNING bsky_collector_v2.job.index_feed_generators: listRecords failed repo=did:plc:4ybct2gwukw7hlpenlscxazw err=HttpError('InvalidRequest: Could not find repo: did:plc:4ybct2gwukw7hlpenlscxazw')
2026-03-26T09:24:54Z WARNING bsky_collector_v2.job.index_feed_generators: listRecords failed repo=did:plc:4ybct2gwukw7hlpenlscxazw err=HttpError('InvalidRequest: Could not find repo: did:plc:4ybct2gwukw7hlpenlscxazw')
2026-03-26T09:24:55Z INFO bsky_collector_v2.job.index_feed_generators: enqueued repos page=28 mode=listRepos inserted=500 repos_returned=500 next_cursor=set
2026-03-26T09:25:19Z WARNING bsky_collector_v2.job.index_feed_generators: listRecords failed repo=did:plc:bzrs2ezjjmtigekujlf2gymp err=HttpError('InvalidRequest: Could not find repo: did:plc:bzrs2ezjjmtigekujlf2gymp')
2026-03-26T09:26:17Z WARNING bsky_collector_v2.job.index_feed_generators: listRecords failed repo=did:plc:tj5gsayqohiqplo3po3mq4le err=HttpError('InvalidRequest: Could not find repo: did:plc:tj5gsayqohiqplo3po3mq4le')
2026-03-26T09:26:39Z WARNING bsky_collector_v2.job.index_feed_generators: listRecords failed repo=did:plc:bzrs2ezjjmtigekujlf2gymp err=HttpError('InvalidRequest: Could not find repo: did:plc:bzrs2ezjjmtigekujlf2gymp')
2026-03-26T09:26:39Z WARNING bsky_collector_v2.job.index_feed_generators: listRecords failed repo=did:plc:tj5gsayqohiqplo3po3mq4le err=HttpError('InvalidRequest: Could not find repo: did:plc:tj5gsayqohiqplo3po3mq4le')
2026-03-26T09:26:39Z WARNING bsky_collector_v2.job.index_feed_generators: listRecords failed repo=did:plc:bzrs2ezjjmtigekujlf2gymp err=HttpError('InvalidRequest: Could not find repo: did:plc:bzrs2ezjjmtigekujlf2gymp')
2026-03-26T09:26:39Z WARNING bsky_collector_v2.job.index_feed_generators: listRecords failed repo=did:plc:tj5gsayqohiqplo3po3mq4le err=HttpError('InvalidRequest: Could not find repo: did:plc:tj5gsayqohiqplo3po3mq4le')
2026-03-26T09:26:40Z INFO bsky_collector_v2.job.index_feed_generators: enqueued repos page=29 mode=listRepos inserted=500 repos_returned=500 next_cursor=set
2026-03-26T09:27:04Z INFO bsky_collector_v2.job.index_feed_generators: indexed repo=did:plc:cjbh4j3gi2rmsqgtri5uhnrw part=79 records=1 next_cursor=set
2026-03-26T09:28:05Z WARNING bsky_collector_v2.job.index_feed_generators: listRecords failed repo=did:plc:th57pildmiwvekdieylgnfnk err=HttpError('InvalidRequest: Could not find repo: did:plc:th57pildmiwvekdieylgnfnk')
2026-03-26T09:28:22Z WARNING bsky_collector_v2.job.index_feed_generators: listRecords failed repo=did:plc:th57pildmiwvekdieylgnfnk err=HttpError('InvalidRequest: Could not find repo: did:plc:th57pildmiwvekdieylgnfnk')
2026-03-26T09:28:22Z WARNING bsky_collector_v2.job.index_feed_generators: listRecords failed repo=did:plc:th57pildmiwvekdieylgnfnk err=HttpError('InvalidRequest: Could not find repo: did:plc:th57pildmiwvekdieylgnfnk')
2026-03-26T09:28:23Z INFO bsky_collector_v2.job.index_feed_generators: enqueued repos page=30 mode=listRepos inserted=500 repos_returned=500 next_cursor=set
2026-03-26T09:28:41Z WARNING bsky_collector_v2.job.index_feed_generators: listRecords failed repo=did:plc:5yyhil3tqnmj7a5kmjn5mgzt err=HttpError('InvalidRequest: Could not find repo: did:plc:5yyhil3tqnmj7a5kmjn5mgzt')
2026-03-26T09:29:05Z INFO bsky_collector_v2.job.index_feed_generators: indexed repo=did:plc:fw2zxhteucseayk2mvqb57pk part=80 records=1 next_cursor=set
2026-03-26T09:29:13Z WARNING bsky_collector_v2.job.index_feed_generators: listRecords failed repo=did:plc:jlg3ut7bwlbmxchekufgx7d5 err=HttpError('InvalidRequest: Could not find repo: did:plc:jlg3ut7bwlbmxchekufgx7d5')
2026-03-26T09:29:33Z WARNING bsky_collector_v2.job.index_feed_generators: listRecords failed repo=did:plc:qxnxsllfgvtvj563rwidvlbl err=HttpError('InvalidRequest: Could not find repo: did:plc:qxnxsllfgvtvj563rwidvlbl')
2026-03-26T09:30:08Z WARNING bsky_collector_v2.job.index_feed_generators: listRecords failed repo=did:plc:5yyhil3tqnmj7a5kmjn5mgzt err=HttpError('InvalidRequest: Could not find repo: did:plc:5yyhil3tqnmj7a5kmjn5mgzt')
2026-03-26T09:30:08Z WARNING bsky_collector_v2.job.index_feed_generators: listRecords failed repo=did:plc:jlg3ut7bwlbmxchekufgx7d5 err=HttpError('InvalidRequest: Could not find repo: did:plc:jlg3ut7bwlbmxchekufgx7d5')
2026-03-26T09:30:08Z WARNING bsky_collector_v2.job.index_feed_generators: listRecords failed repo=did:plc:qxnxsllfgvtvj563rwidvlbl err=HttpError('InvalidRequest: Could not find repo: did:plc:qxnxsllfgvtvj563rwidvlbl')
2026-03-26T09:30:08Z WARNING bsky_collector_v2.job.index_feed_generators: listRecords failed repo=did:plc:5yyhil3tqnmj7a5kmjn5mgzt err=HttpError('InvalidRequest: Could not find repo: did:plc:5yyhil3tqnmj7a5kmjn5mgzt')
2026-03-26T09:30:08Z WARNING bsky_collector_v2.job.index_feed_generators: listRecords failed repo=did:plc:jlg3ut7bwlbmxchekufgx7d5 err=HttpError('InvalidRequest: Could not find repo: did:plc:jlg3ut7bwlbmxchekufgx7d5')
2026-03-26T09:30:08Z WARNING bsky_collector_v2.job.index_feed_generators: listRecords failed repo=did:plc:qxnxsllfgvtvj563rwidvlbl err=HttpError('InvalidRequest: Could not find repo: did:plc:qxnxsllfgvtvj563rwidvlbl')
2026-03-26T09:30:09Z INFO bsky_collector_v2.job.index_feed_generators: enqueued repos page=31 mode=listRepos inserted=500 repos_returned=500 next_cursor=set
2026-03-26T09:30:19Z WARNING bsky_collector_v2.job.index_feed_generators: listRecords failed repo=did:plc:67zh3k3lkizhnzr6xwpozpta err=HttpError('InvalidRequest: Could not find repo: did:plc:67zh3k3lkizhnzr6xwpozpta')
2026-03-26T09:30:26Z WARNING bsky_collector_v2.job.index_feed_generators: listRecords failed repo=did:plc:bgvx2iasatokjyqjxficul6q err=HttpError('InvalidRequest: Could not find repo: did:plc:bgvx2iasatokjyqjxficul6q')
