2026-03-01T17:04:28Z INFO bsky_collector_v2: out_base ok path=D:\BlueSky\data_v2_full mount=D:\
2026-03-01T17:04:28Z INFO bsky_collector_v2: job start subcommand=index-feed-generators dry_run=False resume=True
2026-03-01T17:04:29Z INFO bsky_collector_v2.job.index_feed_generators: feed generator index hosts relay_host=https://bsky.network records_host=https://bsky.social auth=yes
2026-03-01T17:04:30Z WARNING bsky_collector_v2.job.index_feed_generators: listRecords failed repo=did:plc:noxlwnc5pcqwxz6bci27llik err=HttpError('InvalidRequest: Could not find repo: did:plc:noxlwnc5pcqwxz6bci27llik')
2026-03-01T17:04:30Z WARNING bsky_collector_v2.job.index_feed_generators: listRecords failed repo=did:plc:noxlwnc5pcqwxz6bci27llik err=HttpError('InvalidRequest: Could not find repo: did:plc:noxlwnc5pcqwxz6bci27llik')
2026-03-01T17:04:31Z INFO bsky_collector_v2.job.index_feed_generators: enqueued repos page=1 mode=listRepos inserted=500 repos_returned=500 next_cursor=set
2026-03-01T17:06:23Z INFO bsky_collector_v2.job.index_feed_generators: enqueued repos page=2 mode=listRepos inserted=500 repos_returned=500 next_cursor=set
2026-03-01T17:06:28Z INFO bsky_collector_v2.job.index_feed_generators: indexed repo=did:plc:3hdm46xykynpx7rm6riyxhfk part=675 records=2 next_cursor=set
2026-03-01T17:07:58Z INFO bsky_collector_v2.job.index_feed_generators: indexed repo=did:plc:ud3icj4prnn2ywrakmq5cxir part=676 records=1 next_cursor=set
2026-03-01T17:08:16Z INFO bsky_collector_v2.job.index_feed_generators: enqueued repos page=3 mode=listRepos inserted=500 repos_returned=500 next_cursor=set
2026-03-01T17:09:33Z INFO bsky_collector_v2.job.index_feed_generators: indexed repo=did:plc:qqinx7wi55nvv73jaubhoahw part=677 records=1 next_cursor=set
2026-03-01T17:09:35Z INFO bsky_collector_v2.job.index_feed_generators: indexed repo=did:plc:qwirehda2jb2ifmptqe4tn35 part=678 records=1 next_cursor=set
2026-03-01T17:10:00Z INFO bsky_collector_v2.job.index_feed_generators: enqueued repos page=4 mode=listRepos inserted=500 repos_returned=500 next_cursor=set
2026-03-01T17:10:34Z WARNING bsky_collector_v2.job.index_feed_generators: listRecords failed repo=did:plc:e2aawjmzjgvcc53zczramf2r err=HttpError('InvalidRequest: Could not find repo: did:plc:e2aawjmzjgvcc53zczramf2r')
2026-03-01T17:11:49Z WARNING bsky_collector_v2.job.index_feed_generators: listRecords failed repo=did:plc:z4c3bjkncndqxdztkfd5mvsu err=HttpError('InvalidRequest: Could not find repo: did:plc:z4c3bjkncndqxdztkfd5mvsu')
2026-03-01T17:11:51Z WARNING bsky_collector_v2.job.index_feed_generators: listRecords failed repo=did:plc:e2aawjmzjgvcc53zczramf2r err=HttpError('InvalidRequest: Could not find repo: did:plc:e2aawjmzjgvcc53zczramf2r')
2026-03-01T17:11:51Z WARNING bsky_collector_v2.job.index_feed_generators: listRecords failed repo=did:plc:z4c3bjkncndqxdztkfd5mvsu err=HttpError('InvalidRequest: Could not find repo: did:plc:z4c3bjkncndqxdztkfd5mvsu')
2026-03-01T17:11:52Z WARNING bsky_collector_v2.job.index_feed_generators: listRecords failed repo=did:plc:e2aawjmzjgvcc53zczramf2r err=HttpError('InvalidRequest: Could not find repo: did:plc:e2aawjmzjgvcc53zczramf2r')
2026-03-01T17:11:52Z WARNING bsky_collector_v2.job.index_feed_generators: listRecords failed repo=did:plc:z4c3bjkncndqxdztkfd5mvsu err=HttpError('InvalidRequest: Could not find repo: did:plc:z4c3bjkncndqxdztkfd5mvsu')
2026-03-01T17:11:52Z INFO bsky_collector_v2.job.index_feed_generators: enqueued repos page=5 mode=listRepos inserted=500 repos_returned=500 next_cursor=set
2026-03-01T17:13:51Z INFO bsky_collector_v2.job.index_feed_generators: indexed repo=did:plc:y7iqhkoc77yt2g77p4fs7d63 part=679 records=3 next_cursor=set
2026-03-01T17:14:01Z INFO bsky_collector_v2.job.index_feed_generators: enqueued repos page=6 mode=listRepos inserted=500 repos_returned=500 next_cursor=set
2026-03-01T17:15:13Z INFO bsky_collector_v2.job.index_feed_generators: indexed repo=did:plc:oqdfee5mn4mp4vigcr2t7quf part=680 records=2 next_cursor=set
2026-03-01T17:15:14Z WARNING bsky_collector_v2.job.index_feed_generators: listRecords failed repo=did:plc:oszf7dt4jm5rrbrmguc3uxxi err=HttpError('InvalidRequest: Could not find repo: did:plc:oszf7dt4jm5rrbrmguc3uxxi')
2026-03-01T17:15:44Z WARNING bsky_collector_v2.job.index_feed_generators: listRecords failed repo=did:plc:oszf7dt4jm5rrbrmguc3uxxi err=HttpError('InvalidRequest: Could not find repo: did:plc:oszf7dt4jm5rrbrmguc3uxxi')
2026-03-01T17:15:44Z WARNING bsky_collector_v2.job.index_feed_generators: listRecords failed repo=did:plc:oszf7dt4jm5rrbrmguc3uxxi err=HttpError('InvalidRequest: Could not find repo: did:plc:oszf7dt4jm5rrbrmguc3uxxi')
2026-03-01T17:15:45Z INFO bsky_collector_v2.job.index_feed_generators: enqueued repos page=7 mode=listRepos inserted=500 repos_returned=500 next_cursor=set
2026-03-01T17:15:52Z WARNING bsky_collector_v2.job.index_feed_generators: listRecords failed repo=did:plc:4s23mb7dimjkt6yjs6o26o66 err=HttpError('InvalidRequest: Could not find repo: did:plc:4s23mb7dimjkt6yjs6o26o66')
2026-03-01T17:15:53Z INFO bsky_collector_v2.job.index_feed_generators: indexed repo=did:plc:5ew2tuhjzyfizlhfusphybgo part=681 records=6 next_cursor=set
2026-03-01T17:15:54Z WARNING bsky_collector_v2.job.index_feed_generators: listRecords failed repo=did:plc:5mymeqnn7hoykn2ucyzqehdl err=HttpError('InvalidRequest: Could not find repo: did:plc:5mymeqnn7hoykn2ucyzqehdl')
2026-03-01T17:15:58Z WARNING bsky_collector_v2.job.index_feed_generators: listRecords failed repo=did:plc:6xu7xmcrebhdyetjkme6ocuf err=HttpError('InvalidRequest: Could not find repo: did:plc:6xu7xmcrebhdyetjkme6ocuf')
2026-03-01T17:16:19Z WARNING bsky_collector_v2.job.index_feed_generators: listRecords failed repo=did:plc:dlzfp6ttejlzzm4pdzvz4u4c err=HttpError('InvalidRequest: Could not find repo: did:plc:dlzfp6ttejlzzm4pdzvz4u4c')
2026-03-01T17:16:30Z WARNING bsky_collector_v2.job.index_feed_generators: listRecords failed repo=did:plc:gwyi6fqqmymoqo37cixj2xma err=HttpError('InvalidRequest: Could not find repo: did:plc:gwyi6fqqmymoqo37cixj2xma')
2026-03-01T17:16:33Z WARNING bsky_collector_v2.job.index_feed_generators: listRecords failed repo=did:plc:hpwgg6u6cg4tld6r5mbr7xg6 err=HttpError('InvalidRequest: Could not find repo: did:plc:hpwgg6u6cg4tld6r5mbr7xg6')
2026-03-01T17:16:36Z WARNING bsky_collector_v2.job.index_feed_generators: listRecords failed repo=did:plc:ims5g3g66536descrzgbvoqm err=HttpError('InvalidRequest: Could not find repo: did:plc:ims5g3g66536descrzgbvoqm')
2026-03-01T17:16:47Z WARNING bsky_collector_v2.job.index_feed_generators: listRecords failed repo=did:plc:mhvynzulfcqijq3cnbfc2phz err=HttpError('InvalidRequest: Could not find repo: did:plc:mhvynzulfcqijq3cnbfc2phz')
2026-03-01T17:16:52Z WARNING bsky_collector_v2.job.index_feed_generators: listRecords failed repo=did:plc:oedyn7qzq23wozwand7zvqdo err=HttpError('InvalidRequest: Could not find repo: did:plc:oedyn7qzq23wozwand7zvqdo')
2026-03-01T17:17:02Z WARNING bsky_collector_v2.job.index_feed_generators: listRecords failed repo=did:plc:rnbkwnlrtorqblfqj57harl4 err=HttpError('InvalidRequest: Could not find repo: did:plc:rnbkwnlrtorqblfqj57harl4')
2026-03-01T17:17:06Z INFO bsky_collector_v2.job.index_feed_generators: indexed repo=did:plc:siefj77z4if76ol4tmggzxs5 part=682 records=5 next_cursor=set
2026-03-01T17:17:12Z WARNING bsky_collector_v2.job.index_feed_generators: listRecords failed repo=did:plc:uo4i4qbpyzyrdlzazps6vo66 err=HttpError('InvalidRequest: Could not find repo: did:plc:uo4i4qbpyzyrdlzazps6vo66')
2026-03-01T17:17:35Z WARNING bsky_collector_v2.job.index_feed_generators: listRecords failed repo=did:plc:4s23mb7dimjkt6yjs6o26o66 err=HttpError('InvalidRequest: Could not find repo: did:plc:4s23mb7dimjkt6yjs6o26o66')
2026-03-01T17:17:35Z WARNING bsky_collector_v2.job.index_feed_generators: listRecords failed repo=did:plc:5mymeqnn7hoykn2ucyzqehdl err=HttpError('InvalidRequest: Could not find repo: did:plc:5mymeqnn7hoykn2ucyzqehdl')
2026-03-01T17:17:35Z WARNING bsky_collector_v2.job.index_feed_generators: listRecords failed repo=did:plc:6xu7xmcrebhdyetjkme6ocuf err=HttpError('InvalidRequest: Could not find repo: did:plc:6xu7xmcrebhdyetjkme6ocuf')
2026-03-01T17:17:36Z WARNING bsky_collector_v2.job.index_feed_generators: listRecords failed repo=did:plc:dlzfp6ttejlzzm4pdzvz4u4c err=HttpError('InvalidRequest: Could not find repo: did:plc:dlzfp6ttejlzzm4pdzvz4u4c')
2026-03-01T17:17:36Z WARNING bsky_collector_v2.job.index_feed_generators: listRecords failed repo=did:plc:gwyi6fqqmymoqo37cixj2xma err=HttpError('InvalidRequest: Could not find repo: did:plc:gwyi6fqqmymoqo37cixj2xma')
2026-03-01T17:17:36Z WARNING bsky_collector_v2.job.index_feed_generators: listRecords failed repo=did:plc:hpwgg6u6cg4tld6r5mbr7xg6 err=HttpError('InvalidRequest: Could not find repo: did:plc:hpwgg6u6cg4tld6r5mbr7xg6')
2026-03-01T17:17:36Z WARNING bsky_collector_v2.job.index_feed_generators: listRecords failed repo=did:plc:ims5g3g66536descrzgbvoqm err=HttpError('InvalidRequest: Could not find repo: did:plc:ims5g3g66536descrzgbvoqm')
2026-03-01T17:17:36Z WARNING bsky_collector_v2.job.index_feed_generators: listRecords failed repo=did:plc:mhvynzulfcqijq3cnbfc2phz err=HttpError('InvalidRequest: Could not find repo: did:plc:mhvynzulfcqijq3cnbfc2phz')
2026-03-01T17:17:36Z WARNING bsky_collector_v2.job.index_feed_generators: listRecords failed repo=did:plc:oedyn7qzq23wozwand7zvqdo err=HttpError('InvalidRequest: Could not find repo: did:plc:oedyn7qzq23wozwand7zvqdo')
2026-03-01T17:17:36Z WARNING bsky_collector_v2.job.index_feed_generators: listRecords failed repo=did:plc:rnbkwnlrtorqblfqj57harl4 err=HttpError('InvalidRequest: Could not find repo: did:plc:rnbkwnlrtorqblfqj57harl4')
2026-03-01T17:17:37Z WARNING bsky_collector_v2.job.index_feed_generators: listRecords failed repo=did:plc:uo4i4qbpyzyrdlzazps6vo66 err=HttpError('InvalidRequest: Could not find repo: did:plc:uo4i4qbpyzyrdlzazps6vo66')
2026-03-01T17:17:37Z WARNING bsky_collector_v2.job.index_feed_generators: listRecords failed repo=did:plc:4s23mb7dimjkt6yjs6o26o66 err=HttpError('InvalidRequest: Could not find repo: did:plc:4s23mb7dimjkt6yjs6o26o66')
2026-03-01T17:17:37Z WARNING bsky_collector_v2.job.index_feed_generators: listRecords failed repo=did:plc:5mymeqnn7hoykn2ucyzqehdl err=HttpError('InvalidRequest: Could not find repo: did:plc:5mymeqnn7hoykn2ucyzqehdl')
2026-03-01T17:17:37Z WARNING bsky_collector_v2.job.index_feed_generators: listRecords failed repo=did:plc:6xu7xmcrebhdyetjkme6ocuf err=HttpError('InvalidRequest: Could not find repo: did:plc:6xu7xmcrebhdyetjkme6ocuf')
2026-03-01T17:17:37Z WARNING bsky_collector_v2.job.index_feed_generators: listRecords failed repo=did:plc:dlzfp6ttejlzzm4pdzvz4u4c err=HttpError('InvalidRequest: Could not find repo: did:plc:dlzfp6ttejlzzm4pdzvz4u4c')
2026-03-01T17:17:37Z WARNING bsky_collector_v2.job.index_feed_generators: listRecords failed repo=did:plc:gwyi6fqqmymoqo37cixj2xma err=HttpError('InvalidRequest: Could not find repo: did:plc:gwyi6fqqmymoqo37cixj2xma')
2026-03-01T17:17:37Z WARNING bsky_collector_v2.job.index_feed_generators: listRecords failed repo=did:plc:hpwgg6u6cg4tld6r5mbr7xg6 err=HttpError('InvalidRequest: Could not find repo: did:plc:hpwgg6u6cg4tld6r5mbr7xg6')
2026-03-01T17:17:37Z WARNING bsky_collector_v2.job.index_feed_generators: listRecords failed repo=did:plc:ims5g3g66536descrzgbvoqm err=HttpError('InvalidRequest: Could not find repo: did:plc:ims5g3g66536descrzgbvoqm')
2026-03-01T17:17:37Z WARNING bsky_collector_v2.job.index_feed_generators: listRecords failed repo=did:plc:mhvynzulfcqijq3cnbfc2phz err=HttpError('InvalidRequest: Could not find repo: did:plc:mhvynzulfcqijq3cnbfc2phz')
2026-03-01T17:17:37Z WARNING bsky_collector_v2.job.index_feed_generators: listRecords failed repo=did:plc:oedyn7qzq23wozwand7zvqdo err=HttpError('InvalidRequest: Could not find repo: did:plc:oedyn7qzq23wozwand7zvqdo')
2026-03-01T17:17:38Z WARNING bsky_collector_v2.job.index_feed_generators: listRecords failed repo=did:plc:rnbkwnlrtorqblfqj57harl4 err=HttpError('InvalidRequest: Could not find repo: did:plc:rnbkwnlrtorqblfqj57harl4')
2026-03-01T17:17:38Z WARNING bsky_collector_v2.job.index_feed_generators: listRecords failed repo=did:plc:uo4i4qbpyzyrdlzazps6vo66 err=HttpError('InvalidRequest: Could not find repo: did:plc:uo4i4qbpyzyrdlzazps6vo66')
2026-03-01T17:17:38Z INFO bsky_collector_v2.job.index_feed_generators: enqueued repos page=8 mode=listRepos inserted=500 repos_returned=500 next_cursor=set
2026-03-01T17:17:44Z WARNING bsky_collector_v2.job.index_feed_generators: listRecords failed repo=did:plc:3jagy6n54rk3histqrtoqivb err=HttpError('InvalidRequest: Could not find repo: did:plc:3jagy6n54rk3histqrtoqivb')
2026-03-01T17:17:49Z WARNING bsky_collector_v2.job.index_feed_generators: listRecords failed repo=did:plc:57bqie4tmct4zn6eb6izfsx3 err=HttpError('InvalidRequest: Could not find repo: did:plc:57bqie4tmct4zn6eb6izfsx3')
2026-03-01T17:17:50Z WARNING bsky_collector_v2.job.index_feed_generators: listRecords failed repo=did:plc:5l65vbr4jqtmvbpyetvb5yqd err=HttpError('InvalidRequest: Could not find repo: did:plc:5l65vbr4jqtmvbpyetvb5yqd')
2026-03-01T17:17:52Z WARNING bsky_collector_v2.job.index_feed_generators: listRecords failed repo=did:plc:64ei5x7j2dlsjoqtzlxnlknx err=HttpError('InvalidRequest: Could not find repo: did:plc:64ei5x7j2dlsjoqtzlxnlknx')
2026-03-01T17:17:53Z WARNING bsky_collector_v2.job.index_feed_generators: listRecords failed repo=did:plc:6xafvxt6gpm3x4jud6b4t42r err=HttpError('InvalidRequest: Could not find repo: did:plc:6xafvxt6gpm3x4jud6b4t42r')
2026-03-01T17:18:02Z WARNING bsky_collector_v2.job.index_feed_generators: listRecords failed repo=did:plc:cv74hpyze3yi3jwdxhrx6tpq err=HttpError('InvalidRequest: Could not find repo: did:plc:cv74hpyze3yi3jwdxhrx6tpq')
2026-03-01T17:18:05Z WARNING bsky_collector_v2.job.index_feed_generators: listRecords failed repo=did:plc:e5te3nfamtnverb3d5ywq77z err=HttpError('InvalidRequest: Could not find repo: did:plc:e5te3nfamtnverb3d5ywq77z')
2026-03-01T17:18:06Z WARNING bsky_collector_v2.job.index_feed_generators: listRecords failed repo=did:plc:etavubxlrr6tzcmyqxouvgqz err=HttpError('InvalidRequest: Could not find repo: did:plc:etavubxlrr6tzcmyqxouvgqz')
2026-03-01T17:18:10Z WARNING bsky_collector_v2.job.index_feed_generators: listRecords failed repo=did:plc:fivltjij4afdsesxcepq326c err=HttpError('InvalidRequest: Could not find repo: did:plc:fivltjij4afdsesxcepq326c')
2026-03-01T17:18:17Z WARNING bsky_collector_v2.job.index_feed_generators: listRecords failed repo=did:plc:htxrcz6634eemefar3ngjqy3 err=HttpError('InvalidRequest: Could not find repo: did:plc:htxrcz6634eemefar3ngjqy3')
2026-03-01T17:18:25Z WARNING bsky_collector_v2.job.index_feed_generators: listRecords failed repo=did:plc:kl4zzaj6p3nlp7bzgw5hllvd err=HttpError('InvalidRequest: Could not find repo: did:plc:kl4zzaj6p3nlp7bzgw5hllvd')
2026-03-01T17:18:26Z WARNING bsky_collector_v2.job.index_feed_generators: listRecords failed repo=did:plc:l2wnzssnpngq3i2knrpnanud err=HttpError('InvalidRequest: Could not find repo: did:plc:l2wnzssnpngq3i2knrpnanud')
2026-03-01T17:18:26Z WARNING bsky_collector_v2.job.index_feed_generators: listRecords failed repo=did:plc:l5fldoulvbmjft3rj46yswgb err=HttpError('InvalidRequest: Could not find repo: did:plc:l5fldoulvbmjft3rj46yswgb')
2026-03-01T17:18:27Z WARNING bsky_collector_v2.job.index_feed_generators: listRecords failed repo=did:plc:lf4xnxs5loxvp7aujl7otxf6 err=HttpError('InvalidRequest: Could not find repo: did:plc:lf4xnxs5loxvp7aujl7otxf6')
2026-03-01T17:18:31Z WARNING bsky_collector_v2.job.index_feed_generators: listRecords failed repo=did:plc:mfnlcidvu5guqryti3xnpzhd err=HttpError('InvalidRequest: Could not find repo: did:plc:mfnlcidvu5guqryti3xnpzhd')
2026-03-01T17:18:35Z WARNING bsky_collector_v2.job.index_feed_generators: listRecords failed repo=did:plc:ntj4ghrzbuhgedn4wb4zlkhm err=HttpError('InvalidRequest: Could not find repo: did:plc:ntj4ghrzbuhgedn4wb4zlkhm')
2026-03-01T17:18:41Z WARNING bsky_collector_v2.job.index_feed_generators: listRecords failed repo=did:plc:q7ymd4e7iwxycjykodznreng err=HttpError('InvalidRequest: Could not find repo: did:plc:q7ymd4e7iwxycjykodznreng')
2026-03-01T17:18:42Z WARNING bsky_collector_v2.job.index_feed_generators: listRecords failed repo=did:plc:qlxv4led7jknlrh4v6stthyk err=HttpError('InvalidRequest: Could not find repo: did:plc:qlxv4led7jknlrh4v6stthyk')
2026-03-01T17:18:46Z WARNING bsky_collector_v2.job.index_feed_generators: listRecords failed repo=did:plc:s7qneh5m2vxdbbcuflq365h4 err=HttpError('InvalidRequest: Could not find repo: did:plc:s7qneh5m2vxdbbcuflq365h4')
2026-03-01T17:18:55Z WARNING bsky_collector_v2.job.index_feed_generators: listRecords failed repo=did:plc:uwgptc5fnkdsxwcsmtf7o52w err=HttpError('InvalidRequest: Could not find repo: did:plc:uwgptc5fnkdsxwcsmtf7o52w')
2026-03-01T17:18:57Z WARNING bsky_collector_v2.job.index_feed_generators: listRecords failed repo=did:plc:vlthie2nc33koldwzaj22g7i err=HttpError('InvalidRequest: Could not find repo: did:plc:vlthie2nc33koldwzaj22g7i')
2026-03-01T17:18:59Z WARNING bsky_collector_v2.job.index_feed_generators: listRecords failed repo=did:plc:wnhr6feb4kbvkvzs2gg4h6r2 err=HttpError('InvalidRequest: Could not find repo: did:plc:wnhr6feb4kbvkvzs2gg4h6r2')
2026-03-01T17:19:04Z WARNING bsky_collector_v2.job.index_feed_generators: listRecords failed repo=did:plc:y7btivo3npvk5zhycagxzoon err=HttpError('InvalidRequest: Could not find repo: did:plc:y7btivo3npvk5zhycagxzoon')
2026-03-01T17:19:05Z WARNING bsky_collector_v2.job.index_feed_generators: listRecords failed repo=did:plc:ykurj5qosewlgesmegxkigpm err=HttpError('InvalidRequest: Could not find repo: did:plc:ykurj5qosewlgesmegxkigpm')
2026-03-01T17:19:09Z WARNING bsky_collector_v2.job.index_feed_generators: listRecords failed repo=did:plc:3jagy6n54rk3histqrtoqivb err=HttpError('InvalidRequest: Could not find repo: did:plc:3jagy6n54rk3histqrtoqivb')
2026-03-01T17:19:09Z WARNING bsky_collector_v2.job.index_feed_generators: listRecords failed repo=did:plc:57bqie4tmct4zn6eb6izfsx3 err=HttpError('InvalidRequest: Could not find repo: did:plc:57bqie4tmct4zn6eb6izfsx3')
2026-03-01T17:19:09Z WARNING bsky_collector_v2.job.index_feed_generators: listRecords failed repo=did:plc:5l65vbr4jqtmvbpyetvb5yqd err=HttpError('InvalidRequest: Could not find repo: did:plc:5l65vbr4jqtmvbpyetvb5yqd')
2026-03-01T17:19:09Z WARNING bsky_collector_v2.job.index_feed_generators: listRecords failed repo=did:plc:64ei5x7j2dlsjoqtzlxnlknx err=HttpError('InvalidRequest: Could not find repo: did:plc:64ei5x7j2dlsjoqtzlxnlknx')
2026-03-01T17:19:09Z WARNING bsky_collector_v2.job.index_feed_generators: listRecords failed repo=did:plc:6xafvxt6gpm3x4jud6b4t42r err=HttpError('InvalidRequest: Could not find repo: did:plc:6xafvxt6gpm3x4jud6b4t42r')
2026-03-01T17:19:09Z WARNING bsky_collector_v2.job.index_feed_generators: listRecords failed repo=did:plc:cv74hpyze3yi3jwdxhrx6tpq err=HttpError('InvalidRequest: Could not find repo: did:plc:cv74hpyze3yi3jwdxhrx6tpq')
2026-03-01T17:19:09Z WARNING bsky_collector_v2.job.index_feed_generators: listRecords failed repo=did:plc:e5te3nfamtnverb3d5ywq77z err=HttpError('InvalidRequest: Could not find repo: did:plc:e5te3nfamtnverb3d5ywq77z')
2026-03-01T17:19:09Z WARNING bsky_collector_v2.job.index_feed_generators: listRecords failed repo=did:plc:etavubxlrr6tzcmyqxouvgqz err=HttpError('InvalidRequest: Could not find repo: did:plc:etavubxlrr6tzcmyqxouvgqz')
2026-03-01T17:19:09Z WARNING bsky_collector_v2.job.index_feed_generators: listRecords failed repo=did:plc:fivltjij4afdsesxcepq326c err=HttpError('InvalidRequest: Could not find repo: did:plc:fivltjij4afdsesxcepq326c')
2026-03-01T17:19:09Z WARNING bsky_collector_v2.job.index_feed_generators: listRecords failed repo=did:plc:htxrcz6634eemefar3ngjqy3 err=HttpError('InvalidRequest: Could not find repo: did:plc:htxrcz6634eemefar3ngjqy3')
2026-03-01T17:19:09Z WARNING bsky_collector_v2.job.index_feed_generators: listRecords failed repo=did:plc:kl4zzaj6p3nlp7bzgw5hllvd err=HttpError('InvalidRequest: Could not find repo: did:plc:kl4zzaj6p3nlp7bzgw5hllvd')
2026-03-01T17:19:10Z WARNING bsky_collector_v2.job.index_feed_generators: listRecords failed repo=did:plc:l2wnzssnpngq3i2knrpnanud err=HttpError('InvalidRequest: Could not find repo: did:plc:l2wnzssnpngq3i2knrpnanud')
2026-03-01T17:19:10Z WARNING bsky_collector_v2.job.index_feed_generators: listRecords failed repo=did:plc:l5fldoulvbmjft3rj46yswgb err=HttpError('InvalidRequest: Could not find repo: did:plc:l5fldoulvbmjft3rj46yswgb')
2026-03-01T17:19:10Z WARNING bsky_collector_v2.job.index_feed_generators: listRecords failed repo=did:plc:lf4xnxs5loxvp7aujl7otxf6 err=HttpError('InvalidRequest: Could not find repo: did:plc:lf4xnxs5loxvp7aujl7otxf6')
2026-03-01T17:19:10Z WARNING bsky_collector_v2.job.index_feed_generators: listRecords failed repo=did:plc:mfnlcidvu5guqryti3xnpzhd err=HttpError('InvalidRequest: Could not find repo: did:plc:mfnlcidvu5guqryti3xnpzhd')
2026-03-01T17:19:10Z WARNING bsky_collector_v2.job.index_feed_generators: listRecords failed repo=did:plc:ntj4ghrzbuhgedn4wb4zlkhm err=HttpError('InvalidRequest: Could not find repo: did:plc:ntj4ghrzbuhgedn4wb4zlkhm')
2026-03-01T17:19:10Z WARNING bsky_collector_v2.job.index_feed_generators: listRecords failed repo=did:plc:q7ymd4e7iwxycjykodznreng err=HttpError('InvalidRequest: Could not find repo: did:plc:q7ymd4e7iwxycjykodznreng')
2026-03-01T17:19:10Z WARNING bsky_collector_v2.job.index_feed_generators: listRecords failed repo=did:plc:qlxv4led7jknlrh4v6stthyk err=HttpError('InvalidRequest: Could not find repo: did:plc:qlxv4led7jknlrh4v6stthyk')
2026-03-01T17:19:10Z WARNING bsky_collector_v2.job.index_feed_generators: listRecords failed repo=did:plc:s7qneh5m2vxdbbcuflq365h4 err=HttpError('InvalidRequest: Could not find repo: did:plc:s7qneh5m2vxdbbcuflq365h4')
2026-03-01T17:19:10Z WARNING bsky_collector_v2.job.index_feed_generators: listRecords failed repo=did:plc:uwgptc5fnkdsxwcsmtf7o52w err=HttpError('InvalidRequest: Could not find repo: did:plc:uwgptc5fnkdsxwcsmtf7o52w')
2026-03-01T17:19:10Z WARNING bsky_collector_v2.job.index_feed_generators: listRecords failed repo=did:plc:vlthie2nc33koldwzaj22g7i err=HttpError('InvalidRequest: Could not find repo: did:plc:vlthie2nc33koldwzaj22g7i')
2026-03-01T17:19:10Z WARNING bsky_collector_v2.job.index_feed_generators: listRecords failed repo=did:plc:wnhr6feb4kbvkvzs2gg4h6r2 err=HttpError('InvalidRequest: Could not find repo: did:plc:wnhr6feb4kbvkvzs2gg4h6r2')
2026-03-01T17:19:10Z WARNING bsky_collector_v2.job.index_feed_generators: listRecords failed repo=did:plc:y7btivo3npvk5zhycagxzoon err=HttpError('InvalidRequest: Could not find repo: did:plc:y7btivo3npvk5zhycagxzoon')
2026-03-01T17:19:10Z WARNING bsky_collector_v2.job.index_feed_generators: listRecords failed repo=did:plc:ykurj5qosewlgesmegxkigpm err=HttpError('InvalidRequest: Could not find repo: did:plc:ykurj5qosewlgesmegxkigpm')
2026-03-01T17:19:11Z WARNING bsky_collector_v2.job.index_feed_generators: listRecords failed repo=did:plc:3jagy6n54rk3histqrtoqivb err=HttpError('InvalidRequest: Could not find repo: did:plc:3jagy6n54rk3histqrtoqivb')
2026-03-01T17:19:11Z WARNING bsky_collector_v2.job.index_feed_generators: listRecords failed repo=did:plc:57bqie4tmct4zn6eb6izfsx3 err=HttpError('InvalidRequest: Could not find repo: did:plc:57bqie4tmct4zn6eb6izfsx3')
2026-03-01T17:19:11Z WARNING bsky_collector_v2.job.index_feed_generators: listRecords failed repo=did:plc:5l65vbr4jqtmvbpyetvb5yqd err=HttpError('InvalidRequest: Could not find repo: did:plc:5l65vbr4jqtmvbpyetvb5yqd')
2026-03-01T17:19:11Z WARNING bsky_collector_v2.job.index_feed_generators: listRecords failed repo=did:plc:64ei5x7j2dlsjoqtzlxnlknx err=HttpError('InvalidRequest: Could not find repo: did:plc:64ei5x7j2dlsjoqtzlxnlknx')
2026-03-01T17:19:11Z WARNING bsky_collector_v2.job.index_feed_generators: listRecords failed repo=did:plc:6xafvxt6gpm3x4jud6b4t42r err=HttpError('InvalidRequest: Could not find repo: did:plc:6xafvxt6gpm3x4jud6b4t42r')
2026-03-01T17:19:11Z WARNING bsky_collector_v2.job.index_feed_generators: listRecords failed repo=did:plc:cv74hpyze3yi3jwdxhrx6tpq err=HttpError('InvalidRequest: Could not find repo: did:plc:cv74hpyze3yi3jwdxhrx6tpq')
2026-03-01T17:19:11Z WARNING bsky_collector_v2.job.index_feed_generators: listRecords failed repo=did:plc:e5te3nfamtnverb3d5ywq77z err=HttpError('InvalidRequest: Could not find repo: did:plc:e5te3nfamtnverb3d5ywq77z')
2026-03-01T17:19:11Z WARNING bsky_collector_v2.job.index_feed_generators: listRecords failed repo=did:plc:etavubxlrr6tzcmyqxouvgqz err=HttpError('InvalidRequest: Could not find repo: did:plc:etavubxlrr6tzcmyqxouvgqz')
2026-03-01T17:19:11Z WARNING bsky_collector_v2.job.index_feed_generators: listRecords failed repo=did:plc:fivltjij4afdsesxcepq326c err=HttpError('InvalidRequest: Could not find repo: did:plc:fivltjij4afdsesxcepq326c')
2026-03-01T17:19:11Z WARNING bsky_collector_v2.job.index_feed_generators: listRecords failed repo=did:plc:htxrcz6634eemefar3ngjqy3 err=HttpError('InvalidRequest: Could not find repo: did:plc:htxrcz6634eemefar3ngjqy3')
2026-03-01T17:19:11Z WARNING bsky_collector_v2.job.index_feed_generators: listRecords failed repo=did:plc:kl4zzaj6p3nlp7bzgw5hllvd err=HttpError('InvalidRequest: Could not find repo: did:plc:kl4zzaj6p3nlp7bzgw5hllvd')
2026-03-01T17:19:11Z WARNING bsky_collector_v2.job.index_feed_generators: listRecords failed repo=did:plc:l2wnzssnpngq3i2knrpnanud err=HttpError('InvalidRequest: Could not find repo: did:plc:l2wnzssnpngq3i2knrpnanud')
2026-03-01T17:19:12Z WARNING bsky_collector_v2.job.index_feed_generators: listRecords failed repo=did:plc:l5fldoulvbmjft3rj46yswgb err=HttpError('InvalidRequest: Could not find repo: did:plc:l5fldoulvbmjft3rj46yswgb')
2026-03-01T17:19:12Z WARNING bsky_collector_v2.job.index_feed_generators: listRecords failed repo=did:plc:lf4xnxs5loxvp7aujl7otxf6 err=HttpError('InvalidRequest: Could not find repo: did:plc:lf4xnxs5loxvp7aujl7otxf6')
2026-03-01T17:19:12Z WARNING bsky_collector_v2.job.index_feed_generators: listRecords failed repo=did:plc:mfnlcidvu5guqryti3xnpzhd err=HttpError('InvalidRequest: Could not find repo: did:plc:mfnlcidvu5guqryti3xnpzhd')
2026-03-01T17:19:12Z WARNING bsky_collector_v2.job.index_feed_generators: listRecords failed repo=did:plc:ntj4ghrzbuhgedn4wb4zlkhm err=HttpError('InvalidRequest: Could not find repo: did:plc:ntj4ghrzbuhgedn4wb4zlkhm')
2026-03-01T17:19:12Z WARNING bsky_collector_v2.job.index_feed_generators: listRecords failed repo=did:plc:q7ymd4e7iwxycjykodznreng err=HttpError('InvalidRequest: Could not find repo: did:plc:q7ymd4e7iwxycjykodznreng')
2026-03-01T17:19:12Z WARNING bsky_collector_v2.job.index_feed_generators: listRecords failed repo=did:plc:qlxv4led7jknlrh4v6stthyk err=HttpError('InvalidRequest: Could not find repo: did:plc:qlxv4led7jknlrh4v6stthyk')
2026-03-01T17:19:12Z WARNING bsky_collector_v2.job.index_feed_generators: listRecords failed repo=did:plc:s7qneh5m2vxdbbcuflq365h4 err=HttpError('InvalidRequest: Could not find repo: did:plc:s7qneh5m2vxdbbcuflq365h4')
2026-03-01T17:19:12Z WARNING bsky_collector_v2.job.index_feed_generators: listRecords failed repo=did:plc:uwgptc5fnkdsxwcsmtf7o52w err=HttpError('InvalidRequest: Could not find repo: did:plc:uwgptc5fnkdsxwcsmtf7o52w')
2026-03-01T17:19:12Z WARNING bsky_collector_v2.job.index_feed_generators: listRecords failed repo=did:plc:vlthie2nc33koldwzaj22g7i err=HttpError('InvalidRequest: Could not find repo: did:plc:vlthie2nc33koldwzaj22g7i')
2026-03-01T17:19:12Z WARNING bsky_collector_v2.job.index_feed_generators: listRecords failed repo=did:plc:wnhr6feb4kbvkvzs2gg4h6r2 err=HttpError('InvalidRequest: Could not find repo: did:plc:wnhr6feb4kbvkvzs2gg4h6r2')
2026-03-01T17:19:12Z WARNING bsky_collector_v2.job.index_feed_generators: listRecords failed repo=did:plc:y7btivo3npvk5zhycagxzoon err=HttpError('InvalidRequest: Could not find repo: did:plc:y7btivo3npvk5zhycagxzoon')
2026-03-01T17:19:12Z WARNING bsky_collector_v2.job.index_feed_generators: listRecords failed repo=did:plc:ykurj5qosewlgesmegxkigpm err=HttpError('InvalidRequest: Could not find repo: did:plc:ykurj5qosewlgesmegxkigpm')
2026-03-01T17:19:13Z INFO bsky_collector_v2.job.index_feed_generators: enqueued repos page=9 mode=listRepos inserted=500 repos_returned=500 next_cursor=set
2026-03-01T17:19:23Z INFO bsky_collector_v2.job.index_feed_generators: indexed repo=did:plc:4y25v6oe2mpxzqpbj5wf7qi4 part=683 records=1 next_cursor=set
2026-03-01T17:20:31Z WARNING bsky_collector_v2.job.index_feed_generators: listRecords failed repo=did:plc:u3w253mqhqmqb67ulgszvrhm err=HttpError('InvalidRequest: Could not find repo: did:plc:u3w253mqhqmqb67ulgszvrhm')
2026-03-01T17:20:57Z WARNING bsky_collector_v2.job.index_feed_generators: listRecords failed repo=did:plc:u3w253mqhqmqb67ulgszvrhm err=HttpError('InvalidRequest: Could not find repo: did:plc:u3w253mqhqmqb67ulgszvrhm')
2026-03-01T17:20:57Z WARNING bsky_collector_v2.job.index_feed_generators: listRecords failed repo=did:plc:u3w253mqhqmqb67ulgszvrhm err=HttpError('InvalidRequest: Could not find repo: did:plc:u3w253mqhqmqb67ulgszvrhm')
2026-03-01T17:20:57Z INFO bsky_collector_v2.job.index_feed_generators: enqueued repos page=10 mode=listRepos inserted=500 repos_returned=500 next_cursor=set
2026-03-01T17:21:58Z INFO bsky_collector_v2.job.index_feed_generators: indexed repo=did:plc:o2ekppzqc3d3ksr7c4ahigo2 part=684 records=1 next_cursor=set
2026-03-01T17:22:41Z INFO bsky_collector_v2.job.index_feed_generators: enqueued repos page=11 mode=listRepos inserted=500 repos_returned=500 next_cursor=set
2026-03-01T17:24:28Z INFO bsky_collector_v2.job.index_feed_generators: enqueued repos page=12 mode=listRepos inserted=500 repos_returned=500 next_cursor=set
2026-03-01T17:26:02Z INFO bsky_collector_v2.job.index_feed_generators: enqueued repos page=13 mode=listRepos inserted=500 repos_returned=500 next_cursor=set
2026-03-01T17:26:11Z INFO bsky_collector_v2.job.index_feed_generators: indexed repo=did:plc:4rha3hsqnbmpp42u72c3fyme part=685 records=1 next_cursor=set
2026-03-01T17:26:18Z WARNING bsky_collector_v2.job.index_feed_generators: listRecords failed repo=did:plc:6zemrigucj4uwigunb6n4hbg err=HttpError('InvalidRequest: Could not find repo: did:plc:6zemrigucj4uwigunb6n4hbg')
2026-03-01T17:26:24Z WARNING bsky_collector_v2.job.index_feed_generators: listRecords failed repo=did:plc:bheowrfrgt55dzgditoxpm4c err=HttpError('InvalidRequest: Could not find repo: did:plc:bheowrfrgt55dzgditoxpm4c')
2026-03-01T17:26:39Z WARNING bsky_collector_v2.job.index_feed_generators: listRecords failed repo=did:plc:dud7qrv6m3cyh7zhl4rj2jdx err=HttpError('InvalidRequest: Could not find repo: did:plc:dud7qrv6m3cyh7zhl4rj2jdx')
2026-03-01T17:26:41Z WARNING bsky_collector_v2.job.index_feed_generators: listRecords failed repo=did:plc:eexmorcohjhl2kwavtqfxvex err=HttpError('InvalidRequest: Could not find repo: did:plc:eexmorcohjhl2kwavtqfxvex')
2026-03-01T17:26:47Z WARNING bsky_collector_v2.job.index_feed_generators: listRecords failed repo=did:plc:fbot3rrduhieewwd2icwbv4x err=HttpError('InvalidRequest: Could not find repo: did:plc:fbot3rrduhieewwd2icwbv4x')
2026-03-01T17:27:43Z WARNING bsky_collector_v2.job.index_feed_generators: listRecords failed repo=did:plc:6zemrigucj4uwigunb6n4hbg err=HttpError('InvalidRequest: Could not find repo: did:plc:6zemrigucj4uwigunb6n4hbg')
2026-03-01T17:27:43Z WARNING bsky_collector_v2.job.index_feed_generators: listRecords failed repo=did:plc:bheowrfrgt55dzgditoxpm4c err=HttpError('InvalidRequest: Could not find repo: did:plc:bheowrfrgt55dzgditoxpm4c')
2026-03-01T17:27:43Z WARNING bsky_collector_v2.job.index_feed_generators: listRecords failed repo=did:plc:dud7qrv6m3cyh7zhl4rj2jdx err=HttpError('InvalidRequest: Could not find repo: did:plc:dud7qrv6m3cyh7zhl4rj2jdx')
2026-03-01T17:27:43Z WARNING bsky_collector_v2.job.index_feed_generators: listRecords failed repo=did:plc:eexmorcohjhl2kwavtqfxvex err=HttpError('InvalidRequest: Could not find repo: did:plc:eexmorcohjhl2kwavtqfxvex')
2026-03-01T17:27:43Z WARNING bsky_collector_v2.job.index_feed_generators: listRecords failed repo=did:plc:fbot3rrduhieewwd2icwbv4x err=HttpError('InvalidRequest: Could not find repo: did:plc:fbot3rrduhieewwd2icwbv4x')
2026-03-01T17:27:43Z WARNING bsky_collector_v2.job.index_feed_generators: listRecords failed repo=did:plc:6zemrigucj4uwigunb6n4hbg err=HttpError('InvalidRequest: Could not find repo: did:plc:6zemrigucj4uwigunb6n4hbg')
2026-03-01T17:27:43Z WARNING bsky_collector_v2.job.index_feed_generators: listRecords failed repo=did:plc:bheowrfrgt55dzgditoxpm4c err=HttpError('InvalidRequest: Could not find repo: did:plc:bheowrfrgt55dzgditoxpm4c')
2026-03-01T17:27:43Z WARNING bsky_collector_v2.job.index_feed_generators: listRecords failed repo=did:plc:dud7qrv6m3cyh7zhl4rj2jdx err=HttpError('InvalidRequest: Could not find repo: did:plc:dud7qrv6m3cyh7zhl4rj2jdx')
2026-03-01T17:27:43Z WARNING bsky_collector_v2.job.index_feed_generators: listRecords failed repo=did:plc:eexmorcohjhl2kwavtqfxvex err=HttpError('InvalidRequest: Could not find repo: did:plc:eexmorcohjhl2kwavtqfxvex')
2026-03-01T17:27:43Z WARNING bsky_collector_v2.job.index_feed_generators: listRecords failed repo=did:plc:fbot3rrduhieewwd2icwbv4x err=HttpError('InvalidRequest: Could not find repo: did:plc:fbot3rrduhieewwd2icwbv4x')
2026-03-01T17:27:44Z INFO bsky_collector_v2.job.index_feed_generators: enqueued repos page=14 mode=listRepos inserted=500 repos_returned=500 next_cursor=set
2026-03-01T17:27:48Z WARNING bsky_collector_v2.job.index_feed_generators: listRecords failed repo=did:plc:3mejsnrcaliif64u3cptm56j err=HttpError('InvalidRequest: Could not find repo: did:plc:3mejsnrcaliif64u3cptm56j')
2026-03-01T17:27:56Z INFO bsky_collector_v2.job.index_feed_generators: indexed repo=did:plc:6f64lkolgzne3sl3aggl6utd part=686 records=2 next_cursor=set
2026-03-01T17:28:00Z WARNING bsky_collector_v2.job.index_feed_generators: listRecords failed repo=did:plc:a5cuoxgwbhfclehwxdrt44ec err=HttpError('InvalidRequest: Could not find repo: did:plc:a5cuoxgwbhfclehwxdrt44ec')
2026-03-01T17:28:05Z WARNING bsky_collector_v2.job.index_feed_generators: listRecords failed repo=did:plc:b5qug22jwwb4ozg6eiu5dsq4 err=HttpError('InvalidRequest: Could not find repo: did:plc:b5qug22jwwb4ozg6eiu5dsq4')
2026-03-01T17:28:15Z WARNING bsky_collector_v2.job.index_feed_generators: listRecords failed repo=did:plc:ex7tk2rkqbbyinn5i6v3tioa err=HttpError('InvalidRequest: Could not find repo: did:plc:ex7tk2rkqbbyinn5i6v3tioa')
2026-03-01T17:28:22Z WARNING bsky_collector_v2.job.index_feed_generators: listRecords failed repo=did:plc:hhnbyhd2x5eau6s6hhgb2o73 err=HttpError('InvalidRequest: Could not find repo: did:plc:hhnbyhd2x5eau6s6hhgb2o73')
2026-03-01T17:28:29Z WARNING bsky_collector_v2.job.index_feed_generators: listRecords failed repo=did:plc:jqzwfjytmqtq3cafqb6fnd2u err=HttpError('InvalidRequest: Could not find repo: did:plc:jqzwfjytmqtq3cafqb6fnd2u')
2026-03-01T17:28:32Z WARNING bsky_collector_v2.job.index_feed_generators: listRecords failed repo=did:plc:l2axic56aivtri6ql4dyabzf err=HttpError('InvalidRequest: Could not find repo: did:plc:l2axic56aivtri6ql4dyabzf')
2026-03-01T17:28:42Z WARNING bsky_collector_v2.job.index_feed_generators: listRecords failed repo=did:plc:ozwnjgrjvymypouc7wehcav5 err=HttpError('InvalidRequest: Could not find repo: did:plc:ozwnjgrjvymypouc7wehcav5')
2026-03-01T17:28:53Z WARNING bsky_collector_v2.job.index_feed_generators: listRecords failed repo=did:plc:tlrjusanlnozxsh72i3drcav err=HttpError('InvalidRequest: Could not find repo: did:plc:tlrjusanlnozxsh72i3drcav')
2026-03-01T17:29:05Z WARNING bsky_collector_v2.job.index_feed_generators: listRecords failed repo=did:plc:wni4zxk3dd3fkq7dl34c3q2r err=HttpError('InvalidRequest: Could not find repo: did:plc:wni4zxk3dd3fkq7dl34c3q2r')
2026-03-01T17:29:11Z WARNING bsky_collector_v2.job.index_feed_generators: listRecords failed repo=did:plc:ydxgxuonoxb6ieb6ck7kyzti err=HttpError('InvalidRequest: Could not find repo: did:plc:ydxgxuonoxb6ieb6ck7kyzti')
2026-03-01T17:29:16Z WARNING bsky_collector_v2.job.index_feed_generators: listRecords failed repo=did:plc:3mejsnrcaliif64u3cptm56j err=HttpError('InvalidRequest: Could not find repo: did:plc:3mejsnrcaliif64u3cptm56j')
2026-03-01T17:29:16Z WARNING bsky_collector_v2.job.index_feed_generators: listRecords failed repo=did:plc:a5cuoxgwbhfclehwxdrt44ec err=HttpError('InvalidRequest: Could not find repo: did:plc:a5cuoxgwbhfclehwxdrt44ec')
2026-03-01T17:29:16Z WARNING bsky_collector_v2.job.index_feed_generators: listRecords failed repo=did:plc:b5qug22jwwb4ozg6eiu5dsq4 err=HttpError('InvalidRequest: Could not find repo: did:plc:b5qug22jwwb4ozg6eiu5dsq4')
2026-03-01T17:29:16Z WARNING bsky_collector_v2.job.index_feed_generators: listRecords failed repo=did:plc:ex7tk2rkqbbyinn5i6v3tioa err=HttpError('InvalidRequest: Could not find repo: did:plc:ex7tk2rkqbbyinn5i6v3tioa')
2026-03-01T17:29:16Z WARNING bsky_collector_v2.job.index_feed_generators: listRecords failed repo=did:plc:hhnbyhd2x5eau6s6hhgb2o73 err=HttpError('InvalidRequest: Could not find repo: did:plc:hhnbyhd2x5eau6s6hhgb2o73')
2026-03-01T17:29:16Z WARNING bsky_collector_v2.job.index_feed_generators: listRecords failed repo=did:plc:jqzwfjytmqtq3cafqb6fnd2u err=HttpError('InvalidRequest: Could not find repo: did:plc:jqzwfjytmqtq3cafqb6fnd2u')
2026-03-01T17:29:17Z WARNING bsky_collector_v2.job.index_feed_generators: listRecords failed repo=did:plc:l2axic56aivtri6ql4dyabzf err=HttpError('InvalidRequest: Could not find repo: did:plc:l2axic56aivtri6ql4dyabzf')
2026-03-01T17:29:17Z WARNING bsky_collector_v2.job.index_feed_generators: listRecords failed repo=did:plc:ozwnjgrjvymypouc7wehcav5 err=HttpError('InvalidRequest: Could not find repo: did:plc:ozwnjgrjvymypouc7wehcav5')
2026-03-01T17:29:17Z WARNING bsky_collector_v2.job.index_feed_generators: listRecords failed repo=did:plc:tlrjusanlnozxsh72i3drcav err=HttpError('InvalidRequest: Could not find repo: did:plc:tlrjusanlnozxsh72i3drcav')
2026-03-01T17:29:17Z WARNING bsky_collector_v2.job.index_feed_generators: listRecords failed repo=did:plc:wni4zxk3dd3fkq7dl34c3q2r err=HttpError('InvalidRequest: Could not find repo: did:plc:wni4zxk3dd3fkq7dl34c3q2r')
2026-03-01T17:29:17Z WARNING bsky_collector_v2.job.index_feed_generators: listRecords failed repo=did:plc:ydxgxuonoxb6ieb6ck7kyzti err=HttpError('InvalidRequest: Could not find repo: did:plc:ydxgxuonoxb6ieb6ck7kyzti')
2026-03-01T17:29:17Z WARNING bsky_collector_v2.job.index_feed_generators: listRecords failed repo=did:plc:3mejsnrcaliif64u3cptm56j err=HttpError('InvalidRequest: Could not find repo: did:plc:3mejsnrcaliif64u3cptm56j')
2026-03-01T17:29:17Z WARNING bsky_collector_v2.job.index_feed_generators: listRecords failed repo=did:plc:a5cuoxgwbhfclehwxdrt44ec err=HttpError('InvalidRequest: Could not find repo: did:plc:a5cuoxgwbhfclehwxdrt44ec')
2026-03-01T17:29:17Z WARNING bsky_collector_v2.job.index_feed_generators: listRecords failed repo=did:plc:b5qug22jwwb4ozg6eiu5dsq4 err=HttpError('InvalidRequest: Could not find repo: did:plc:b5qug22jwwb4ozg6eiu5dsq4')
2026-03-01T17:29:17Z WARNING bsky_collector_v2.job.index_feed_generators: listRecords failed repo=did:plc:ex7tk2rkqbbyinn5i6v3tioa err=HttpError('InvalidRequest: Could not find repo: did:plc:ex7tk2rkqbbyinn5i6v3tioa')
2026-03-01T17:29:17Z WARNING bsky_collector_v2.job.index_feed_generators: listRecords failed repo=did:plc:hhnbyhd2x5eau6s6hhgb2o73 err=HttpError('InvalidRequest: Could not find repo: did:plc:hhnbyhd2x5eau6s6hhgb2o73')
2026-03-01T17:29:17Z WARNING bsky_collector_v2.job.index_feed_generators: listRecords failed repo=did:plc:jqzwfjytmqtq3cafqb6fnd2u err=HttpError('InvalidRequest: Could not find repo: did:plc:jqzwfjytmqtq3cafqb6fnd2u')
2026-03-01T17:29:17Z WARNING bsky_collector_v2.job.index_feed_generators: listRecords failed repo=did:plc:l2axic56aivtri6ql4dyabzf err=HttpError('InvalidRequest: Could not find repo: did:plc:l2axic56aivtri6ql4dyabzf')
2026-03-01T17:29:18Z WARNING bsky_collector_v2.job.index_feed_generators: listRecords failed repo=did:plc:ozwnjgrjvymypouc7wehcav5 err=HttpError('InvalidRequest: Could not find repo: did:plc:ozwnjgrjvymypouc7wehcav5')
2026-03-01T17:29:18Z WARNING bsky_collector_v2.job.index_feed_generators: listRecords failed repo=did:plc:tlrjusanlnozxsh72i3drcav err=HttpError('InvalidRequest: Could not find repo: did:plc:tlrjusanlnozxsh72i3drcav')
2026-03-01T17:29:18Z WARNING bsky_collector_v2.job.index_feed_generators: listRecords failed repo=did:plc:wni4zxk3dd3fkq7dl34c3q2r err=HttpError('InvalidRequest: Could not find repo: did:plc:wni4zxk3dd3fkq7dl34c3q2r')
2026-03-01T17:29:18Z WARNING bsky_collector_v2.job.index_feed_generators: listRecords failed repo=did:plc:ydxgxuonoxb6ieb6ck7kyzti err=HttpError('InvalidRequest: Could not find repo: did:plc:ydxgxuonoxb6ieb6ck7kyzti')
2026-03-01T17:29:18Z INFO bsky_collector_v2.job.index_feed_generators: enqueued repos page=15 mode=listRepos inserted=500 repos_returned=500 next_cursor=set
2026-03-01T17:29:37Z WARNING bsky_collector_v2.job.index_feed_generators: listRecords failed repo=did:plc:77buqvdt76acenbrv7ath5sj err=HttpError('InvalidRequest: Could not find repo: did:plc:77buqvdt76acenbrv7ath5sj')
2026-03-01T17:29:58Z WARNING bsky_collector_v2.job.index_feed_generators: listRecords failed repo=did:plc:ghj6r3g3icpsv7j5bty5lx5z err=HttpError('InvalidRequest: Could not find repo: did:plc:ghj6r3g3icpsv7j5bty5lx5z')
2026-03-01T17:30:12Z WARNING bsky_collector_v2.job.index_feed_generators: listRecords failed repo=did:plc:lkjbj264vgman23roi54t4qw err=HttpError('InvalidRequest: Could not find repo: did:plc:lkjbj264vgman23roi54t4qw')
2026-03-01T17:30:13Z WARNING bsky_collector_v2.job.index_feed_generators: listRecords failed repo=did:plc:lwwrbrhr4hojm37voikvixjp err=HttpError('InvalidRequest: Could not find repo: did:plc:lwwrbrhr4hojm37voikvixjp')
2026-03-01T17:30:20Z WARNING bsky_collector_v2.job.index_feed_generators: listRecords failed repo=did:plc:ogmmd4uqheykcbnwoegfdbbu err=HttpError('InvalidRequest: Could not find repo: did:plc:ogmmd4uqheykcbnwoegfdbbu')
2026-03-01T17:30:26Z WARNING bsky_collector_v2.job.index_feed_generators: listRecords failed repo=did:plc:qaqnjbhoa62vlnyzwcq5p5cl err=HttpError('InvalidRequest: Could not find repo: did:plc:qaqnjbhoa62vlnyzwcq5p5cl')
2026-03-01T17:30:51Z WARNING bsky_collector_v2.job.index_feed_generators: listRecords failed repo=did:plc:zn5b6646dism5qocleowdbvv err=HttpError('InvalidRequest: Could not find repo: did:plc:zn5b6646dism5qocleowdbvv')
2026-03-01T17:30:52Z WARNING bsky_collector_v2.job.index_feed_generators: listRecords failed repo=did:plc:77buqvdt76acenbrv7ath5sj err=HttpError('InvalidRequest: Could not find repo: did:plc:77buqvdt76acenbrv7ath5sj')
2026-03-01T17:30:52Z WARNING bsky_collector_v2.job.index_feed_generators: listRecords failed repo=did:plc:ghj6r3g3icpsv7j5bty5lx5z err=HttpError('InvalidRequest: Could not find repo: did:plc:ghj6r3g3icpsv7j5bty5lx5z')
2026-03-01T17:30:52Z WARNING bsky_collector_v2.job.index_feed_generators: listRecords failed repo=did:plc:lkjbj264vgman23roi54t4qw err=HttpError('InvalidRequest: Could not find repo: did:plc:lkjbj264vgman23roi54t4qw')
2026-03-01T17:30:52Z WARNING bsky_collector_v2.job.index_feed_generators: listRecords failed repo=did:plc:lwwrbrhr4hojm37voikvixjp err=HttpError('InvalidRequest: Could not find repo: did:plc:lwwrbrhr4hojm37voikvixjp')
2026-03-01T17:30:52Z WARNING bsky_collector_v2.job.index_feed_generators: listRecords failed repo=did:plc:ogmmd4uqheykcbnwoegfdbbu err=HttpError('InvalidRequest: Could not find repo: did:plc:ogmmd4uqheykcbnwoegfdbbu')
2026-03-01T17:30:52Z WARNING bsky_collector_v2.job.index_feed_generators: listRecords failed repo=did:plc:qaqnjbhoa62vlnyzwcq5p5cl err=HttpError('InvalidRequest: Could not find repo: did:plc:qaqnjbhoa62vlnyzwcq5p5cl')
2026-03-01T17:30:52Z WARNING bsky_collector_v2.job.index_feed_generators: listRecords failed repo=did:plc:zn5b6646dism5qocleowdbvv err=HttpError('InvalidRequest: Could not find repo: did:plc:zn5b6646dism5qocleowdbvv')
2026-03-01T17:30:53Z WARNING bsky_collector_v2.job.index_feed_generators: listRecords failed repo=did:plc:77buqvdt76acenbrv7ath5sj err=HttpError('InvalidRequest: Could not find repo: did:plc:77buqvdt76acenbrv7ath5sj')
2026-03-01T17:30:53Z WARNING bsky_collector_v2.job.index_feed_generators: listRecords failed repo=did:plc:ghj6r3g3icpsv7j5bty5lx5z err=HttpError('InvalidRequest: Could not find repo: did:plc:ghj6r3g3icpsv7j5bty5lx5z')
2026-03-01T17:30:53Z WARNING bsky_collector_v2.job.index_feed_generators: listRecords failed repo=did:plc:lkjbj264vgman23roi54t4qw err=HttpError('InvalidRequest: Could not find repo: did:plc:lkjbj264vgman23roi54t4qw')
2026-03-01T17:30:53Z WARNING bsky_collector_v2.job.index_feed_generators: listRecords failed repo=did:plc:lwwrbrhr4hojm37voikvixjp err=HttpError('InvalidRequest: Could not find repo: did:plc:lwwrbrhr4hojm37voikvixjp')
2026-03-01T17:30:53Z WARNING bsky_collector_v2.job.index_feed_generators: listRecords failed repo=did:plc:ogmmd4uqheykcbnwoegfdbbu err=HttpError('InvalidRequest: Could not find repo: did:plc:ogmmd4uqheykcbnwoegfdbbu')
2026-03-01T17:30:53Z WARNING bsky_collector_v2.job.index_feed_generators: listRecords failed repo=did:plc:qaqnjbhoa62vlnyzwcq5p5cl err=HttpError('InvalidRequest: Could not find repo: did:plc:qaqnjbhoa62vlnyzwcq5p5cl')
2026-03-01T17:30:53Z WARNING bsky_collector_v2.job.index_feed_generators: listRecords failed repo=did:plc:zn5b6646dism5qocleowdbvv err=HttpError('InvalidRequest: Could not find repo: did:plc:zn5b6646dism5qocleowdbvv')
2026-03-01T17:30:54Z INFO bsky_collector_v2.job.index_feed_generators: enqueued repos page=16 mode=listRepos inserted=500 repos_returned=500 next_cursor=set
2026-03-01T17:31:08Z WARNING bsky_collector_v2.job.index_feed_generators: listRecords failed repo=did:plc:6t3w6hl5kdx72dbvwgf5xlnq err=HttpError('InvalidRequest: Could not find repo: did:plc:6t3w6hl5kdx72dbvwgf5xlnq')
2026-03-01T17:31:10Z WARNING bsky_collector_v2.job.index_feed_generators: listRecords failed repo=did:plc:72ctjgm7l3fn66vchknvs3ra err=HttpError('InvalidRequest: Could not find repo: did:plc:72ctjgm7l3fn66vchknvs3ra')
2026-03-01T17:31:15Z INFO bsky_collector_v2.job.index_feed_generators: indexed repo=did:plc:afl6enkdammgvvim4frgyimq part=687 records=1 next_cursor=set
2026-03-01T17:31:16Z WARNING bsky_collector_v2.job.index_feed_generators: listRecords failed repo=did:plc:axaoveknanowltnu2keszomq err=HttpError('InvalidRequest: Could not find repo: did:plc:axaoveknanowltnu2keszomq')
2026-03-01T17:31:21Z WARNING bsky_collector_v2.job.index_feed_generators: listRecords failed repo=did:plc:c6agye4dcn4f45f6hrphgwor err=HttpError('InvalidRequest: Could not find repo: did:plc:c6agye4dcn4f45f6hrphgwor')
2026-03-01T17:31:33Z WARNING bsky_collector_v2.job.index_feed_generators: listRecords failed repo=did:plc:gkpb2kdq67zlaf2jukhl7vvv err=HttpError('InvalidRequest: Could not find repo: did:plc:gkpb2kdq67zlaf2jukhl7vvv')
2026-03-01T17:31:36Z WARNING bsky_collector_v2.job.index_feed_generators: listRecords failed repo=did:plc:hrchhosz72abusia6zr4zrsj err=HttpError('InvalidRequest: Could not find repo: did:plc:hrchhosz72abusia6zr4zrsj')
2026-03-01T17:31:39Z WARNING bsky_collector_v2.job.index_feed_generators: listRecords failed repo=did:plc:iq3yc7x7jrbxiqijow7x575c err=HttpError('InvalidRequest: Could not find repo: did:plc:iq3yc7x7jrbxiqijow7x575c')
2026-03-01T17:31:48Z WARNING bsky_collector_v2.job.index_feed_generators: listRecords failed repo=did:plc:lkmiet3c5agyse7jbsrlbsun err=HttpError('InvalidRequest: Could not find repo: did:plc:lkmiet3c5agyse7jbsrlbsun')
2026-03-01T17:31:52Z WARNING bsky_collector_v2.job.index_feed_generators: listRecords failed repo=did:plc:mquaa6imnrpzxr7x5hg3jn3l err=HttpError('InvalidRequest: Could not find repo: did:plc:mquaa6imnrpzxr7x5hg3jn3l')
2026-03-01T17:32:01Z WARNING bsky_collector_v2.job.index_feed_generators: listRecords failed repo=did:plc:qkyyaqgqbw7bd7uwaasw7g7d err=HttpError('InvalidRequest: Could not find repo: did:plc:qkyyaqgqbw7bd7uwaasw7g7d')
2026-03-01T17:32:07Z WARNING bsky_collector_v2.job.index_feed_generators: listRecords failed repo=did:plc:thdooim4ed24cnok7ldw7ecb err=HttpError('InvalidRequest: Could not find repo: did:plc:thdooim4ed24cnok7ldw7ecb')
2026-03-01T17:32:08Z WARNING bsky_collector_v2.job.index_feed_generators: listRecords failed repo=did:plc:tlil7lc4hoibwpb3syrcdvfh err=HttpError('InvalidRequest: Could not find repo: did:plc:tlil7lc4hoibwpb3syrcdvfh')
2026-03-01T17:32:12Z WARNING bsky_collector_v2.job.index_feed_generators: listRecords failed repo=did:plc:utzyb5tvvombk6ywq5kniydo err=HttpError('InvalidRequest: Could not find repo: did:plc:utzyb5tvvombk6ywq5kniydo')
2026-03-01T17:32:15Z WARNING bsky_collector_v2.job.index_feed_generators: listRecords failed repo=did:plc:vtytlhtwueoiawnjhex3kjsn err=HttpError('InvalidRequest: Could not find repo: did:plc:vtytlhtwueoiawnjhex3kjsn')
2026-03-01T17:32:15Z WARNING bsky_collector_v2.job.index_feed_generators: listRecords failed repo=did:plc:vwlzd7i6sx5fniz5fuko2r4t err=HttpError('InvalidRequest: Could not find repo: did:plc:vwlzd7i6sx5fniz5fuko2r4t')
2026-03-01T17:32:19Z WARNING bsky_collector_v2.job.index_feed_generators: listRecords failed repo=did:plc:wye5ryt2qpdp2l4hsez63exw err=HttpError('InvalidRequest: Could not find repo: did:plc:wye5ryt2qpdp2l4hsez63exw')
2026-03-01T17:32:25Z WARNING bsky_collector_v2.job.index_feed_generators: listRecords failed repo=did:plc:6t3w6hl5kdx72dbvwgf5xlnq err=HttpError('InvalidRequest: Could not find repo: did:plc:6t3w6hl5kdx72dbvwgf5xlnq')
2026-03-01T17:32:25Z WARNING bsky_collector_v2.job.index_feed_generators: listRecords failed repo=did:plc:72ctjgm7l3fn66vchknvs3ra err=HttpError('InvalidRequest: Could not find repo: did:plc:72ctjgm7l3fn66vchknvs3ra')
2026-03-01T17:32:25Z WARNING bsky_collector_v2.job.index_feed_generators: listRecords failed repo=did:plc:axaoveknanowltnu2keszomq err=HttpError('InvalidRequest: Could not find repo: did:plc:axaoveknanowltnu2keszomq')
2026-03-01T17:32:25Z WARNING bsky_collector_v2.job.index_feed_generators: listRecords failed repo=did:plc:c6agye4dcn4f45f6hrphgwor err=HttpError('InvalidRequest: Could not find repo: did:plc:c6agye4dcn4f45f6hrphgwor')
2026-03-01T17:32:25Z WARNING bsky_collector_v2.job.index_feed_generators: listRecords failed repo=did:plc:gkpb2kdq67zlaf2jukhl7vvv err=HttpError('InvalidRequest: Could not find repo: did:plc:gkpb2kdq67zlaf2jukhl7vvv')
2026-03-01T17:32:25Z WARNING bsky_collector_v2.job.index_feed_generators: listRecords failed repo=did:plc:hrchhosz72abusia6zr4zrsj err=HttpError('InvalidRequest: Could not find repo: did:plc:hrchhosz72abusia6zr4zrsj')
2026-03-01T17:32:26Z WARNING bsky_collector_v2.job.index_feed_generators: listRecords failed repo=did:plc:iq3yc7x7jrbxiqijow7x575c err=HttpError('InvalidRequest: Could not find repo: did:plc:iq3yc7x7jrbxiqijow7x575c')
2026-03-01T17:32:26Z WARNING bsky_collector_v2.job.index_feed_generators: listRecords failed repo=did:plc:lkmiet3c5agyse7jbsrlbsun err=HttpError('InvalidRequest: Could not find repo: did:plc:lkmiet3c5agyse7jbsrlbsun')
2026-03-01T17:32:26Z WARNING bsky_collector_v2.job.index_feed_generators: listRecords failed repo=did:plc:mquaa6imnrpzxr7x5hg3jn3l err=HttpError('InvalidRequest: Could not find repo: did:plc:mquaa6imnrpzxr7x5hg3jn3l')
2026-03-01T17:32:26Z WARNING bsky_collector_v2.job.index_feed_generators: listRecords failed repo=did:plc:qkyyaqgqbw7bd7uwaasw7g7d err=HttpError('InvalidRequest: Could not find repo: did:plc:qkyyaqgqbw7bd7uwaasw7g7d')
2026-03-01T17:32:26Z WARNING bsky_collector_v2.job.index_feed_generators: listRecords failed repo=did:plc:thdooim4ed24cnok7ldw7ecb err=HttpError('InvalidRequest: Could not find repo: did:plc:thdooim4ed24cnok7ldw7ecb')
2026-03-01T17:32:26Z WARNING bsky_collector_v2.job.index_feed_generators: listRecords failed repo=did:plc:tlil7lc4hoibwpb3syrcdvfh err=HttpError('InvalidRequest: Could not find repo: did:plc:tlil7lc4hoibwpb3syrcdvfh')
2026-03-01T17:32:26Z WARNING bsky_collector_v2.job.index_feed_generators: listRecords failed repo=did:plc:utzyb5tvvombk6ywq5kniydo err=HttpError('InvalidRequest: Could not find repo: did:plc:utzyb5tvvombk6ywq5kniydo')
2026-03-01T17:32:26Z WARNING bsky_collector_v2.job.index_feed_generators: listRecords failed repo=did:plc:vtytlhtwueoiawnjhex3kjsn err=HttpError('InvalidRequest: Could not find repo: did:plc:vtytlhtwueoiawnjhex3kjsn')
2026-03-01T17:32:26Z WARNING bsky_collector_v2.job.index_feed_generators: listRecords failed repo=did:plc:vwlzd7i6sx5fniz5fuko2r4t err=HttpError('InvalidRequest: Could not find repo: did:plc:vwlzd7i6sx5fniz5fuko2r4t')
2026-03-01T17:32:26Z WARNING bsky_collector_v2.job.index_feed_generators: listRecords failed repo=did:plc:wye5ryt2qpdp2l4hsez63exw err=HttpError('InvalidRequest: Could not find repo: did:plc:wye5ryt2qpdp2l4hsez63exw')
2026-03-01T17:32:26Z WARNING bsky_collector_v2.job.index_feed_generators: listRecords failed repo=did:plc:6t3w6hl5kdx72dbvwgf5xlnq err=HttpError('InvalidRequest: Could not find repo: did:plc:6t3w6hl5kdx72dbvwgf5xlnq')
2026-03-01T17:32:26Z WARNING bsky_collector_v2.job.index_feed_generators: listRecords failed repo=did:plc:72ctjgm7l3fn66vchknvs3ra err=HttpError('InvalidRequest: Could not find repo: did:plc:72ctjgm7l3fn66vchknvs3ra')
2026-03-01T17:32:27Z WARNING bsky_collector_v2.job.index_feed_generators: listRecords failed repo=did:plc:axaoveknanowltnu2keszomq err=HttpError('InvalidRequest: Could not find repo: did:plc:axaoveknanowltnu2keszomq')
2026-03-01T17:32:27Z WARNING bsky_collector_v2.job.index_feed_generators: listRecords failed repo=did:plc:c6agye4dcn4f45f6hrphgwor err=HttpError('InvalidRequest: Could not find repo: did:plc:c6agye4dcn4f45f6hrphgwor')
2026-03-01T17:32:27Z WARNING bsky_collector_v2.job.index_feed_generators: listRecords failed repo=did:plc:gkpb2kdq67zlaf2jukhl7vvv err=HttpError('InvalidRequest: Could not find repo: did:plc:gkpb2kdq67zlaf2jukhl7vvv')
2026-03-01T17:32:27Z WARNING bsky_collector_v2.job.index_feed_generators: listRecords failed repo=did:plc:hrchhosz72abusia6zr4zrsj err=HttpError('InvalidRequest: Could not find repo: did:plc:hrchhosz72abusia6zr4zrsj')
2026-03-01T17:32:27Z WARNING bsky_collector_v2.job.index_feed_generators: listRecords failed repo=did:plc:iq3yc7x7jrbxiqijow7x575c err=HttpError('InvalidRequest: Could not find repo: did:plc:iq3yc7x7jrbxiqijow7x575c')
2026-03-01T17:32:27Z WARNING bsky_collector_v2.job.index_feed_generators: listRecords failed repo=did:plc:lkmiet3c5agyse7jbsrlbsun err=HttpError('InvalidRequest: Could not find repo: did:plc:lkmiet3c5agyse7jbsrlbsun')
2026-03-01T17:32:27Z WARNING bsky_collector_v2.job.index_feed_generators: listRecords failed repo=did:plc:mquaa6imnrpzxr7x5hg3jn3l err=HttpError('InvalidRequest: Could not find repo: did:plc:mquaa6imnrpzxr7x5hg3jn3l')
2026-03-01T17:32:27Z WARNING bsky_collector_v2.job.index_feed_generators: listRecords failed repo=did:plc:qkyyaqgqbw7bd7uwaasw7g7d err=HttpError('InvalidRequest: Could not find repo: did:plc:qkyyaqgqbw7bd7uwaasw7g7d')
2026-03-01T17:32:27Z WARNING bsky_collector_v2.job.index_feed_generators: listRecords failed repo=did:plc:thdooim4ed24cnok7ldw7ecb err=HttpError('InvalidRequest: Could not find repo: did:plc:thdooim4ed24cnok7ldw7ecb')
2026-03-01T17:32:27Z WARNING bsky_collector_v2.job.index_feed_generators: listRecords failed repo=did:plc:tlil7lc4hoibwpb3syrcdvfh err=HttpError('InvalidRequest: Could not find repo: did:plc:tlil7lc4hoibwpb3syrcdvfh')
2026-03-01T17:32:27Z WARNING bsky_collector_v2.job.index_feed_generators: listRecords failed repo=did:plc:utzyb5tvvombk6ywq5kniydo err=HttpError('InvalidRequest: Could not find repo: did:plc:utzyb5tvvombk6ywq5kniydo')
2026-03-01T17:32:27Z WARNING bsky_collector_v2.job.index_feed_generators: listRecords failed repo=did:plc:vtytlhtwueoiawnjhex3kjsn err=HttpError('InvalidRequest: Could not find repo: did:plc:vtytlhtwueoiawnjhex3kjsn')
2026-03-01T17:32:27Z WARNING bsky_collector_v2.job.index_feed_generators: listRecords failed repo=did:plc:vwlzd7i6sx5fniz5fuko2r4t err=HttpError('InvalidRequest: Could not find repo: did:plc:vwlzd7i6sx5fniz5fuko2r4t')
2026-03-01T17:32:28Z WARNING bsky_collector_v2.job.index_feed_generators: listRecords failed repo=did:plc:wye5ryt2qpdp2l4hsez63exw err=HttpError('InvalidRequest: Could not find repo: did:plc:wye5ryt2qpdp2l4hsez63exw')
2026-03-01T17:32:28Z INFO bsky_collector_v2.job.index_feed_generators: enqueued repos page=17 mode=listRepos inserted=500 repos_returned=500 next_cursor=set
2026-03-01T17:32:33Z WARNING bsky_collector_v2.job.index_feed_generators: listRecords failed repo=did:plc:3aze3pif2avunym5gl3hr3av err=HttpError('InvalidRequest: Could not find repo: did:plc:3aze3pif2avunym5gl3hr3av')
2026-03-01T17:32:38Z WARNING bsky_collector_v2.job.index_feed_generators: listRecords failed repo=did:plc:4hjtoc4uczc6ems3w2uemaet err=HttpError('InvalidRequest: Could not find repo: did:plc:4hjtoc4uczc6ems3w2uemaet')
2026-03-01T17:32:43Z WARNING bsky_collector_v2.job.index_feed_generators: listRecords failed repo=did:plc:6fzpjhhkdoy2uomb6u6lziea err=HttpError('InvalidRequest: Could not find repo: did:plc:6fzpjhhkdoy2uomb6u6lziea')
2026-03-01T17:32:45Z WARNING bsky_collector_v2.job.index_feed_generators: listRecords failed repo=did:plc:76dkunu273c2dt2hseqfc65f err=HttpError('InvalidRequest: Could not find repo: did:plc:76dkunu273c2dt2hseqfc65f')
2026-03-01T17:32:46Z WARNING bsky_collector_v2.job.index_feed_generators: listRecords failed repo=did:plc:7zelsgfwri3potdd6bklbvvo err=HttpError('InvalidRequest: Could not find repo: did:plc:7zelsgfwri3potdd6bklbvvo')
2026-03-01T17:32:51Z WARNING bsky_collector_v2.job.index_feed_generators: listRecords failed repo=did:plc:bgk5zaiwdptwufz5k2c7s25g err=HttpError('InvalidRequest: Could not find repo: did:plc:bgk5zaiwdptwufz5k2c7s25g')
2026-03-01T17:32:51Z INFO bsky_collector_v2.job.index_feed_generators: indexed repo=did:plc:bhlym2nwkjjab62zbayz2gbl part=688 records=1 next_cursor=set
2026-03-01T17:32:54Z WARNING bsky_collector_v2.job.index_feed_generators: listRecords failed repo=did:plc:d3b5admnkxee3etbljyxgk6f err=HttpError('InvalidRequest: Could not find repo: did:plc:d3b5admnkxee3etbljyxgk6f')
2026-03-01T17:32:56Z WARNING bsky_collector_v2.job.index_feed_generators: listRecords failed repo=did:plc:dfke7e3b2t3vzf5belxzu2rq err=HttpError('InvalidRequest: Could not find repo: did:plc:dfke7e3b2t3vzf5belxzu2rq')
2026-03-01T17:33:12Z WARNING bsky_collector_v2.job.index_feed_generators: listRecords failed repo=did:plc:isezdi4srdrkeythpnau4syf err=HttpError('InvalidRequest: Could not find repo: did:plc:isezdi4srdrkeythpnau4syf')
2026-03-01T17:33:17Z WARNING bsky_collector_v2.job.index_feed_generators: listRecords failed repo=did:plc:l2rjbdfvlk5bok5hjph5ka3u err=HttpError('InvalidRequest: Could not find repo: did:plc:l2rjbdfvlk5bok5hjph5ka3u')
2026-03-01T17:33:23Z WARNING bsky_collector_v2.job.index_feed_generators: listRecords failed repo=did:plc:muzmpph5hwy2jilvtxh5sfob err=HttpError('InvalidRequest: Could not find repo: did:plc:muzmpph5hwy2jilvtxh5sfob')
2026-03-01T17:33:30Z WARNING bsky_collector_v2.job.index_feed_generators: listRecords failed repo=did:plc:omnixhb5tsjjjtr44prvvsve err=HttpError('InvalidRequest: Could not find repo: did:plc:omnixhb5tsjjjtr44prvvsve')
2026-03-01T17:33:39Z WARNING bsky_collector_v2.job.index_feed_generators: listRecords failed repo=did:plc:rhbuhmpnmaoqyoahan2fpe46 err=HttpError('InvalidRequest: Could not find repo: did:plc:rhbuhmpnmaoqyoahan2fpe46')
2026-03-01T17:33:47Z WARNING bsky_collector_v2.job.index_feed_generators: listRecords failed repo=did:plc:urd7uife5q4gngp6uv7ollhq err=HttpError('InvalidRequest: Could not find repo: did:plc:urd7uife5q4gngp6uv7ollhq')
2026-03-01T17:33:48Z WARNING bsky_collector_v2.job.index_feed_generators: listRecords failed repo=did:plc:v2t3hqtcbujfof4dybssdba3 err=HttpError('InvalidRequest: Could not find repo: did:plc:v2t3hqtcbujfof4dybssdba3')
2026-03-01T17:33:55Z WARNING bsky_collector_v2.job.index_feed_generators: listRecords failed repo=did:plc:xttwrt72lga6xpiclj45gcc7 err=HttpError('InvalidRequest: Could not find repo: did:plc:xttwrt72lga6xpiclj45gcc7')
2026-03-01T17:34:02Z WARNING bsky_collector_v2.job.index_feed_generators: listRecords failed repo=did:plc:3aze3pif2avunym5gl3hr3av err=HttpError('InvalidRequest: Could not find repo: did:plc:3aze3pif2avunym5gl3hr3av')
2026-03-01T17:34:02Z WARNING bsky_collector_v2.job.index_feed_generators: listRecords failed repo=did:plc:4hjtoc4uczc6ems3w2uemaet err=HttpError('InvalidRequest: Could not find repo: did:plc:4hjtoc4uczc6ems3w2uemaet')
2026-03-01T17:34:02Z WARNING bsky_collector_v2.job.index_feed_generators: listRecords failed repo=did:plc:6fzpjhhkdoy2uomb6u6lziea err=HttpError('InvalidRequest: Could not find repo: did:plc:6fzpjhhkdoy2uomb6u6lziea')
2026-03-01T17:34:02Z WARNING bsky_collector_v2.job.index_feed_generators: listRecords failed repo=did:plc:76dkunu273c2dt2hseqfc65f err=HttpError('InvalidRequest: Could not find repo: did:plc:76dkunu273c2dt2hseqfc65f')
2026-03-01T17:34:03Z WARNING bsky_collector_v2.job.index_feed_generators: listRecords failed repo=did:plc:7zelsgfwri3potdd6bklbvvo err=HttpError('InvalidRequest: Could not find repo: did:plc:7zelsgfwri3potdd6bklbvvo')
2026-03-01T17:34:03Z WARNING bsky_collector_v2.job.index_feed_generators: listRecords failed repo=did:plc:bgk5zaiwdptwufz5k2c7s25g err=HttpError('InvalidRequest: Could not find repo: did:plc:bgk5zaiwdptwufz5k2c7s25g')
2026-03-01T17:34:03Z WARNING bsky_collector_v2.job.index_feed_generators: listRecords failed repo=did:plc:d3b5admnkxee3etbljyxgk6f err=HttpError('InvalidRequest: Could not find repo: did:plc:d3b5admnkxee3etbljyxgk6f')
2026-03-01T17:34:03Z WARNING bsky_collector_v2.job.index_feed_generators: listRecords failed repo=did:plc:dfke7e3b2t3vzf5belxzu2rq err=HttpError('InvalidRequest: Could not find repo: did:plc:dfke7e3b2t3vzf5belxzu2rq')
2026-03-01T17:34:03Z WARNING bsky_collector_v2.job.index_feed_generators: listRecords failed repo=did:plc:isezdi4srdrkeythpnau4syf err=HttpError('InvalidRequest: Could not find repo: did:plc:isezdi4srdrkeythpnau4syf')
2026-03-01T17:34:03Z WARNING bsky_collector_v2.job.index_feed_generators: listRecords failed repo=did:plc:l2rjbdfvlk5bok5hjph5ka3u err=HttpError('InvalidRequest: Could not find repo: did:plc:l2rjbdfvlk5bok5hjph5ka3u')
2026-03-01T17:34:03Z WARNING bsky_collector_v2.job.index_feed_generators: listRecords failed repo=did:plc:muzmpph5hwy2jilvtxh5sfob err=HttpError('InvalidRequest: Could not find repo: did:plc:muzmpph5hwy2jilvtxh5sfob')
2026-03-01T17:34:03Z WARNING bsky_collector_v2.job.index_feed_generators: listRecords failed repo=did:plc:omnixhb5tsjjjtr44prvvsve err=HttpError('InvalidRequest: Could not find repo: did:plc:omnixhb5tsjjjtr44prvvsve')
2026-03-01T17:34:03Z WARNING bsky_collector_v2.job.index_feed_generators: listRecords failed repo=did:plc:rhbuhmpnmaoqyoahan2fpe46 err=HttpError('InvalidRequest: Could not find repo: did:plc:rhbuhmpnmaoqyoahan2fpe46')
2026-03-01T17:34:03Z WARNING bsky_collector_v2.job.index_feed_generators: listRecords failed repo=did:plc:urd7uife5q4gngp6uv7ollhq err=HttpError('InvalidRequest: Could not find repo: did:plc:urd7uife5q4gngp6uv7ollhq')
2026-03-01T17:34:03Z WARNING bsky_collector_v2.job.index_feed_generators: listRecords failed repo=did:plc:v2t3hqtcbujfof4dybssdba3 err=HttpError('InvalidRequest: Could not find repo: did:plc:v2t3hqtcbujfof4dybssdba3')
2026-03-01T17:34:04Z WARNING bsky_collector_v2.job.index_feed_generators: listRecords failed repo=did:plc:xttwrt72lga6xpiclj45gcc7 err=HttpError('InvalidRequest: Could not find repo: did:plc:xttwrt72lga6xpiclj45gcc7')
2026-03-01T17:34:04Z WARNING bsky_collector_v2.job.index_feed_generators: listRecords failed repo=did:plc:3aze3pif2avunym5gl3hr3av err=HttpError('InvalidRequest: Could not find repo: did:plc:3aze3pif2avunym5gl3hr3av')
2026-03-01T17:34:04Z WARNING bsky_collector_v2.job.index_feed_generators: listRecords failed repo=did:plc:4hjtoc4uczc6ems3w2uemaet err=HttpError('InvalidRequest: Could not find repo: did:plc:4hjtoc4uczc6ems3w2uemaet')
2026-03-01T17:34:04Z WARNING bsky_collector_v2.job.index_feed_generators: listRecords failed repo=did:plc:6fzpjhhkdoy2uomb6u6lziea err=HttpError('InvalidRequest: Could not find repo: did:plc:6fzpjhhkdoy2uomb6u6lziea')
2026-03-01T17:34:04Z WARNING bsky_collector_v2.job.index_feed_generators: listRecords failed repo=did:plc:76dkunu273c2dt2hseqfc65f err=HttpError('InvalidRequest: Could not find repo: did:plc:76dkunu273c2dt2hseqfc65f')
2026-03-01T17:34:04Z WARNING bsky_collector_v2.job.index_feed_generators: listRecords failed repo=did:plc:7zelsgfwri3potdd6bklbvvo err=HttpError('InvalidRequest: Could not find repo: did:plc:7zelsgfwri3potdd6bklbvvo')
2026-03-01T17:34:04Z WARNING bsky_collector_v2.job.index_feed_generators: listRecords failed repo=did:plc:bgk5zaiwdptwufz5k2c7s25g err=HttpError('InvalidRequest: Could not find repo: did:plc:bgk5zaiwdptwufz5k2c7s25g')
2026-03-01T17:34:04Z WARNING bsky_collector_v2.job.index_feed_generators: listRecords failed repo=did:plc:d3b5admnkxee3etbljyxgk6f err=HttpError('InvalidRequest: Could not find repo: did:plc:d3b5admnkxee3etbljyxgk6f')
2026-03-01T17:34:04Z WARNING bsky_collector_v2.job.index_feed_generators: listRecords failed repo=did:plc:dfke7e3b2t3vzf5belxzu2rq err=HttpError('InvalidRequest: Could not find repo: did:plc:dfke7e3b2t3vzf5belxzu2rq')
2026-03-01T17:34:04Z WARNING bsky_collector_v2.job.index_feed_generators: listRecords failed repo=did:plc:isezdi4srdrkeythpnau4syf err=HttpError('InvalidRequest: Could not find repo: did:plc:isezdi4srdrkeythpnau4syf')
2026-03-01T17:34:04Z WARNING bsky_collector_v2.job.index_feed_generators: listRecords failed repo=did:plc:l2rjbdfvlk5bok5hjph5ka3u err=HttpError('InvalidRequest: Could not find repo: did:plc:l2rjbdfvlk5bok5hjph5ka3u')
2026-03-01T17:34:04Z WARNING bsky_collector_v2.job.index_feed_generators: listRecords failed repo=did:plc:muzmpph5hwy2jilvtxh5sfob err=HttpError('InvalidRequest: Could not find repo: did:plc:muzmpph5hwy2jilvtxh5sfob')
2026-03-01T17:34:05Z WARNING bsky_collector_v2.job.index_feed_generators: listRecords failed repo=did:plc:omnixhb5tsjjjtr44prvvsve err=HttpError('InvalidRequest: Could not find repo: did:plc:omnixhb5tsjjjtr44prvvsve')
2026-03-01T17:34:05Z WARNING bsky_collector_v2.job.index_feed_generators: listRecords failed repo=did:plc:rhbuhmpnmaoqyoahan2fpe46 err=HttpError('InvalidRequest: Could not find repo: did:plc:rhbuhmpnmaoqyoahan2fpe46')
2026-03-01T17:34:05Z WARNING bsky_collector_v2.job.index_feed_generators: listRecords failed repo=did:plc:urd7uife5q4gngp6uv7ollhq err=HttpError('InvalidRequest: Could not find repo: did:plc:urd7uife5q4gngp6uv7ollhq')
2026-03-01T17:34:05Z WARNING bsky_collector_v2.job.index_feed_generators: listRecords failed repo=did:plc:v2t3hqtcbujfof4dybssdba3 err=HttpError('InvalidRequest: Could not find repo: did:plc:v2t3hqtcbujfof4dybssdba3')
2026-03-01T17:34:05Z WARNING bsky_collector_v2.job.index_feed_generators: listRecords failed repo=did:plc:xttwrt72lga6xpiclj45gcc7 err=HttpError('InvalidRequest: Could not find repo: did:plc:xttwrt72lga6xpiclj45gcc7')
2026-03-01T17:34:05Z INFO bsky_collector_v2.job.index_feed_generators: enqueued repos page=18 mode=listRepos inserted=500 repos_returned=500 next_cursor=set
2026-03-01T17:34:08Z WARNING bsky_collector_v2.job.index_feed_generators: listRecords failed repo=did:plc:2snigmzgj2j2okwb6xkxguko err=HttpError('InvalidRequest: Could not find repo: did:plc:2snigmzgj2j2okwb6xkxguko')
2026-03-01T17:34:14Z WARNING bsky_collector_v2.job.index_feed_generators: listRecords failed repo=did:plc:4rde2a3y6g2woha2rbkptuq3 err=HttpError('InvalidRequest: Could not find repo: did:plc:4rde2a3y6g2woha2rbkptuq3')
2026-03-01T17:34:16Z WARNING bsky_collector_v2.job.index_feed_generators: listRecords failed repo=did:plc:5ccm3sei3rdsrcgyk5oeibbf err=HttpError('InvalidRequest: Could not find repo: did:plc:5ccm3sei3rdsrcgyk5oeibbf')
2026-03-01T17:34:21Z WARNING bsky_collector_v2.job.index_feed_generators: listRecords failed repo=did:plc:6mscetd5px57anbnvrflb3s3 err=HttpError('InvalidRequest: Could not find repo: did:plc:6mscetd5px57anbnvrflb3s3')
2026-03-01T17:34:56Z WARNING bsky_collector_v2.job.index_feed_generators: listRecords failed repo=did:plc:knj7r2t3mfxigljy3wmekgrn err=HttpError('InvalidRequest: Could not find repo: did:plc:knj7r2t3mfxigljy3wmekgrn')
2026-03-01T17:35:06Z WARNING bsky_collector_v2.job.index_feed_generators: listRecords failed repo=did:plc:nqh66q5gzf3xd5jdlyp2t6fd err=HttpError('InvalidRequest: Could not find repo: did:plc:nqh66q5gzf3xd5jdlyp2t6fd')
2026-03-01T17:35:14Z WARNING bsky_collector_v2.job.index_feed_generators: listRecords failed repo=did:plc:qeg4zijmv26gunxb7x3htojs err=HttpError('InvalidRequest: Could not find repo: did:plc:qeg4zijmv26gunxb7x3htojs')
2026-03-01T17:35:18Z WARNING bsky_collector_v2.job.index_feed_generators: listRecords failed repo=did:plc:ru2b3iaeazwqjvfe5ubua2dy err=HttpError('InvalidRequest: Could not find repo: did:plc:ru2b3iaeazwqjvfe5ubua2dy')
2026-03-01T17:35:24Z WARNING bsky_collector_v2.job.index_feed_generators: listRecords failed repo=did:plc:tq7vsm4lhsqx3xopu4dbfgw5 err=HttpError('InvalidRequest: Could not find repo: did:plc:tq7vsm4lhsqx3xopu4dbfgw5')
2026-03-01T17:35:26Z WARNING bsky_collector_v2.job.index_feed_generators: listRecords failed repo=did:plc:uo2negsxtuufozpicgvx4odn err=HttpError('InvalidRequest: Could not find repo: did:plc:uo2negsxtuufozpicgvx4odn')
2026-03-01T17:35:26Z WARNING bsky_collector_v2.job.index_feed_generators: listRecords failed repo=did:plc:uzyxwo24lav2ugkajehuzr5h err=HttpError('InvalidRequest: Could not find repo: did:plc:uzyxwo24lav2ugkajehuzr5h')
2026-03-01T17:35:32Z WARNING bsky_collector_v2.job.index_feed_generators: listRecords failed repo=did:plc:wtra7rq4uefj35svmb7mre6r err=HttpError('InvalidRequest: Could not find repo: did:plc:wtra7rq4uefj35svmb7mre6r')
2026-03-01T17:35:35Z WARNING bsky_collector_v2.job.index_feed_generators: listRecords failed repo=did:plc:ykhimbv2vxhjm6pawmkeovkf err=HttpError('InvalidRequest: Could not find repo: did:plc:ykhimbv2vxhjm6pawmkeovkf')
2026-03-01T17:35:36Z WARNING bsky_collector_v2.job.index_feed_generators: listRecords failed repo=did:plc:ywplk477xqqa5brzcupxp4ed err=HttpError('InvalidRequest: Could not find repo: did:plc:ywplk477xqqa5brzcupxp4ed')
2026-03-01T17:35:38Z WARNING bsky_collector_v2.job.index_feed_generators: listRecords failed repo=did:plc:2snigmzgj2j2okwb6xkxguko err=HttpError('InvalidRequest: Could not find repo: did:plc:2snigmzgj2j2okwb6xkxguko')
2026-03-01T17:35:38Z WARNING bsky_collector_v2.job.index_feed_generators: listRecords failed repo=did:plc:4rde2a3y6g2woha2rbkptuq3 err=HttpError('InvalidRequest: Could not find repo: did:plc:4rde2a3y6g2woha2rbkptuq3')
2026-03-01T17:35:38Z WARNING bsky_collector_v2.job.index_feed_generators: listRecords failed repo=did:plc:5ccm3sei3rdsrcgyk5oeibbf err=HttpError('InvalidRequest: Could not find repo: did:plc:5ccm3sei3rdsrcgyk5oeibbf')
2026-03-01T17:35:38Z WARNING bsky_collector_v2.job.index_feed_generators: listRecords failed repo=did:plc:6mscetd5px57anbnvrflb3s3 err=HttpError('InvalidRequest: Could not find repo: did:plc:6mscetd5px57anbnvrflb3s3')
2026-03-01T17:35:38Z WARNING bsky_collector_v2.job.index_feed_generators: listRecords failed repo=did:plc:knj7r2t3mfxigljy3wmekgrn err=HttpError('InvalidRequest: Could not find repo: did:plc:knj7r2t3mfxigljy3wmekgrn')
2026-03-01T17:35:38Z WARNING bsky_collector_v2.job.index_feed_generators: listRecords failed repo=did:plc:nqh66q5gzf3xd5jdlyp2t6fd err=HttpError('InvalidRequest: Could not find repo: did:plc:nqh66q5gzf3xd5jdlyp2t6fd')
2026-03-01T17:35:38Z WARNING bsky_collector_v2.job.index_feed_generators: listRecords failed repo=did:plc:qeg4zijmv26gunxb7x3htojs err=HttpError('InvalidRequest: Could not find repo: did:plc:qeg4zijmv26gunxb7x3htojs')
2026-03-01T17:35:38Z WARNING bsky_collector_v2.job.index_feed_generators: listRecords failed repo=did:plc:ru2b3iaeazwqjvfe5ubua2dy err=HttpError('InvalidRequest: Could not find repo: did:plc:ru2b3iaeazwqjvfe5ubua2dy')
2026-03-01T17:35:38Z WARNING bsky_collector_v2.job.index_feed_generators: listRecords failed repo=did:plc:tq7vsm4lhsqx3xopu4dbfgw5 err=HttpError('InvalidRequest: Could not find repo: did:plc:tq7vsm4lhsqx3xopu4dbfgw5')
2026-03-01T17:35:39Z WARNING bsky_collector_v2.job.index_feed_generators: listRecords failed repo=did:plc:uo2negsxtuufozpicgvx4odn err=HttpError('InvalidRequest: Could not find repo: did:plc:uo2negsxtuufozpicgvx4odn')
2026-03-01T17:35:39Z WARNING bsky_collector_v2.job.index_feed_generators: listRecords failed repo=did:plc:uzyxwo24lav2ugkajehuzr5h err=HttpError('InvalidRequest: Could not find repo: did:plc:uzyxwo24lav2ugkajehuzr5h')
2026-03-01T17:35:39Z WARNING bsky_collector_v2.job.index_feed_generators: listRecords failed repo=did:plc:wtra7rq4uefj35svmb7mre6r err=HttpError('InvalidRequest: Could not find repo: did:plc:wtra7rq4uefj35svmb7mre6r')
2026-03-01T17:35:39Z WARNING bsky_collector_v2.job.index_feed_generators: listRecords failed repo=did:plc:ykhimbv2vxhjm6pawmkeovkf err=HttpError('InvalidRequest: Could not find repo: did:plc:ykhimbv2vxhjm6pawmkeovkf')
2026-03-01T17:35:39Z WARNING bsky_collector_v2.job.index_feed_generators: listRecords failed repo=did:plc:ywplk477xqqa5brzcupxp4ed err=HttpError('InvalidRequest: Could not find repo: did:plc:ywplk477xqqa5brzcupxp4ed')
2026-03-01T17:35:39Z WARNING bsky_collector_v2.job.index_feed_generators: listRecords failed repo=did:plc:2snigmzgj2j2okwb6xkxguko err=HttpError('InvalidRequest: Could not find repo: did:plc:2snigmzgj2j2okwb6xkxguko')
2026-03-01T17:35:39Z WARNING bsky_collector_v2.job.index_feed_generators: listRecords failed repo=did:plc:4rde2a3y6g2woha2rbkptuq3 err=HttpError('InvalidRequest: Could not find repo: did:plc:4rde2a3y6g2woha2rbkptuq3')
2026-03-01T17:35:39Z WARNING bsky_collector_v2.job.index_feed_generators: listRecords failed repo=did:plc:5ccm3sei3rdsrcgyk5oeibbf err=HttpError('InvalidRequest: Could not find repo: did:plc:5ccm3sei3rdsrcgyk5oeibbf')
2026-03-01T17:35:39Z WARNING bsky_collector_v2.job.index_feed_generators: listRecords failed repo=did:plc:6mscetd5px57anbnvrflb3s3 err=HttpError('InvalidRequest: Could not find repo: did:plc:6mscetd5px57anbnvrflb3s3')
2026-03-01T17:35:39Z WARNING bsky_collector_v2.job.index_feed_generators: listRecords failed repo=did:plc:knj7r2t3mfxigljy3wmekgrn err=HttpError('InvalidRequest: Could not find repo: did:plc:knj7r2t3mfxigljy3wmekgrn')
2026-03-01T17:35:39Z WARNING bsky_collector_v2.job.index_feed_generators: listRecords failed repo=did:plc:nqh66q5gzf3xd5jdlyp2t6fd err=HttpError('InvalidRequest: Could not find repo: did:plc:nqh66q5gzf3xd5jdlyp2t6fd')
2026-03-01T17:35:39Z WARNING bsky_collector_v2.job.index_feed_generators: listRecords failed repo=did:plc:qeg4zijmv26gunxb7x3htojs err=HttpError('InvalidRequest: Could not find repo: did:plc:qeg4zijmv26gunxb7x3htojs')
2026-03-01T17:35:40Z WARNING bsky_collector_v2.job.index_feed_generators: listRecords failed repo=did:plc:ru2b3iaeazwqjvfe5ubua2dy err=HttpError('InvalidRequest: Could not find repo: did:plc:ru2b3iaeazwqjvfe5ubua2dy')
2026-03-01T17:35:40Z WARNING bsky_collector_v2.job.index_feed_generators: listRecords failed repo=did:plc:tq7vsm4lhsqx3xopu4dbfgw5 err=HttpError('InvalidRequest: Could not find repo: did:plc:tq7vsm4lhsqx3xopu4dbfgw5')
2026-03-01T17:35:40Z WARNING bsky_collector_v2.job.index_feed_generators: listRecords failed repo=did:plc:uo2negsxtuufozpicgvx4odn err=HttpError('InvalidRequest: Could not find repo: did:plc:uo2negsxtuufozpicgvx4odn')
2026-03-01T17:35:40Z WARNING bsky_collector_v2.job.index_feed_generators: listRecords failed repo=did:plc:uzyxwo24lav2ugkajehuzr5h err=HttpError('InvalidRequest: Could not find repo: did:plc:uzyxwo24lav2ugkajehuzr5h')
2026-03-01T17:35:40Z WARNING bsky_collector_v2.job.index_feed_generators: listRecords failed repo=did:plc:wtra7rq4uefj35svmb7mre6r err=HttpError('InvalidRequest: Could not find repo: did:plc:wtra7rq4uefj35svmb7mre6r')
2026-03-01T17:35:40Z WARNING bsky_collector_v2.job.index_feed_generators: listRecords failed repo=did:plc:ykhimbv2vxhjm6pawmkeovkf err=HttpError('InvalidRequest: Could not find repo: did:plc:ykhimbv2vxhjm6pawmkeovkf')
2026-03-01T17:35:40Z WARNING bsky_collector_v2.job.index_feed_generators: listRecords failed repo=did:plc:ywplk477xqqa5brzcupxp4ed err=HttpError('InvalidRequest: Could not find repo: did:plc:ywplk477xqqa5brzcupxp4ed')
2026-03-01T17:35:41Z INFO bsky_collector_v2.job.index_feed_generators: enqueued repos page=19 mode=listRepos inserted=500 repos_returned=500 next_cursor=set
2026-03-01T17:36:01Z INFO bsky_collector_v2.job.index_feed_generators: indexed repo=did:plc:akwirvgrsfb43io55jgbb5bg part=689 records=1 next_cursor=set
2026-03-01T17:36:25Z WARNING bsky_collector_v2.job.index_feed_generators: listRecords failed repo=did:plc:i4ewqdo44443fvdodtwhf3go err=HttpError('InvalidRequest: Could not find repo: did:plc:i4ewqdo44443fvdodtwhf3go')
2026-03-01T17:36:31Z INFO bsky_collector_v2.job.index_feed_generators: indexed repo=did:plc:kdnfhbiot6tv4su3paszqnkw part=690 records=4 next_cursor=set
2026-03-01T17:36:45Z INFO bsky_collector_v2.job.index_feed_generators: indexed repo=did:plc:osy4sgzsufdj45qro5jprgyr part=691 records=1 next_cursor=set
2026-03-01T17:37:27Z WARNING bsky_collector_v2.job.index_feed_generators: listRecords failed repo=did:plc:i4ewqdo44443fvdodtwhf3go err=HttpError('InvalidRequest: Could not find repo: did:plc:i4ewqdo44443fvdodtwhf3go')
2026-03-01T17:37:27Z WARNING bsky_collector_v2.job.index_feed_generators: listRecords failed repo=did:plc:i4ewqdo44443fvdodtwhf3go err=HttpError('InvalidRequest: Could not find repo: did:plc:i4ewqdo44443fvdodtwhf3go')
2026-03-01T17:37:28Z INFO bsky_collector_v2.job.index_feed_generators: enqueued repos page=20 mode=listRepos inserted=500 repos_returned=500 next_cursor=set
2026-03-01T17:38:55Z INFO bsky_collector_v2.job.index_feed_generators: indexed repo=did:plc:y2olshu5saojditmx5kcfhfb part=692 records=4 next_cursor=set
2026-03-01T17:39:03Z INFO bsky_collector_v2.job.index_feed_generators: enqueued repos page=21 mode=listRepos inserted=500 repos_returned=500 next_cursor=set
2026-03-01T17:39:37Z WARNING bsky_collector_v2.job.index_feed_generators: listRecords failed repo=did:plc:f7onfv66atwzwmvwo46jcptt err=HttpError('InvalidRequest: Could not find repo: did:plc:f7onfv66atwzwmvwo46jcptt')
2026-03-01T17:40:03Z WARNING bsky_collector_v2.job.index_feed_generators: listRecords failed repo=did:plc:nxsc6xnqvsu6qustnlc6t5l2 err=HttpError('InvalidRequest: Could not find repo: did:plc:nxsc6xnqvsu6qustnlc6t5l2')
2026-03-01T17:40:35Z WARNING bsky_collector_v2.job.index_feed_generators: listRecords failed repo=did:plc:f7onfv66atwzwmvwo46jcptt err=HttpError('InvalidRequest: Could not find repo: did:plc:f7onfv66atwzwmvwo46jcptt')
2026-03-01T17:40:36Z WARNING bsky_collector_v2.job.index_feed_generators: listRecords failed repo=did:plc:nxsc6xnqvsu6qustnlc6t5l2 err=HttpError('InvalidRequest: Could not find repo: did:plc:nxsc6xnqvsu6qustnlc6t5l2')
2026-03-01T17:40:36Z WARNING bsky_collector_v2.job.index_feed_generators: listRecords failed repo=did:plc:f7onfv66atwzwmvwo46jcptt err=HttpError('InvalidRequest: Could not find repo: did:plc:f7onfv66atwzwmvwo46jcptt')
2026-03-01T17:40:36Z WARNING bsky_collector_v2.job.index_feed_generators: listRecords failed repo=did:plc:nxsc6xnqvsu6qustnlc6t5l2 err=HttpError('InvalidRequest: Could not find repo: did:plc:nxsc6xnqvsu6qustnlc6t5l2')
2026-03-01T17:40:36Z INFO bsky_collector_v2.job.index_feed_generators: enqueued repos page=22 mode=listRepos inserted=500 repos_returned=500 next_cursor=set
2026-03-01T17:42:08Z INFO bsky_collector_v2.job.index_feed_generators: enqueued repos page=23 mode=listRepos inserted=500 repos_returned=500 next_cursor=set
2026-03-01T17:42:24Z INFO bsky_collector_v2.job.index_feed_generators: indexed repo=did:plc:7ae2xvzgs6g5t5pyf6gfmq3k part=693 records=2 next_cursor=set
2026-03-01T17:42:56Z WARNING bsky_collector_v2.job.index_feed_generators: listRecords failed repo=did:plc:kibddr3poxwthmc7gqoc3mgc err=HttpError('InvalidRequest: Could not find repo: did:plc:kibddr3poxwthmc7gqoc3mgc')
2026-03-01T17:43:02Z INFO bsky_collector_v2.job.index_feed_generators: indexed repo=did:plc:lw2hg3vwqa2bxki6tcsmn5jk part=694 records=1 next_cursor=set
2026-03-01T17:43:45Z WARNING bsky_collector_v2.job.index_feed_generators: listRecords failed repo=did:plc:kibddr3poxwthmc7gqoc3mgc err=HttpError('InvalidRequest: Could not find repo: did:plc:kibddr3poxwthmc7gqoc3mgc')
2026-03-01T17:43:45Z WARNING bsky_collector_v2.job.index_feed_generators: listRecords failed repo=did:plc:kibddr3poxwthmc7gqoc3mgc err=HttpError('InvalidRequest: Could not find repo: did:plc:kibddr3poxwthmc7gqoc3mgc')
2026-03-01T17:43:45Z INFO bsky_collector_v2.job.index_feed_generators: enqueued repos page=24 mode=listRepos inserted=500 repos_returned=500 next_cursor=set
2026-03-01T17:45:18Z INFO bsky_collector_v2.job.index_feed_generators: enqueued repos page=25 mode=listRepos inserted=500 repos_returned=500 next_cursor=set
2026-03-01T17:47:02Z INFO bsky_collector_v2.job.index_feed_generators: enqueued repos page=26 mode=listRepos inserted=500 repos_returned=500 next_cursor=set
2026-03-01T17:47:12Z INFO bsky_collector_v2.job.index_feed_generators: indexed repo=did:plc:56om4cgchqixmdpwpocrdc5f part=695 records=3 next_cursor=set
2026-03-01T17:47:13Z WARNING bsky_collector_v2.job.index_feed_generators: listRecords failed repo=did:plc:5lgpahz5igss3fszd6sn2ib3 err=HttpError('InvalidRequest: Could not find repo: did:plc:5lgpahz5igss3fszd6sn2ib3')
2026-03-01T17:47:25Z WARNING bsky_collector_v2.job.index_feed_generators: listRecords failed repo=did:plc:ayszesla77mdqdsb34dxlfm2 err=HttpError('InvalidRequest: Could not find repo: did:plc:ayszesla77mdqdsb34dxlfm2')
2026-03-01T17:48:14Z INFO bsky_collector_v2.job.index_feed_generators: indexed repo=did:plc:nkce2nfytteubp4q32zmn3ho part=696 records=1 next_cursor=set
2026-03-01T17:48:20Z INFO bsky_collector_v2.job.index_feed_generators: indexed repo=did:plc:ouidbpy64wjrnzpqkqvaccdd part=697 records=4 next_cursor=set
2026-03-01T17:48:51Z WARNING bsky_collector_v2.job.index_feed_generators: listRecords failed repo=did:plc:5lgpahz5igss3fszd6sn2ib3 err=HttpError('InvalidRequest: Could not find repo: did:plc:5lgpahz5igss3fszd6sn2ib3')
2026-03-01T17:48:51Z WARNING bsky_collector_v2.job.index_feed_generators: listRecords failed repo=did:plc:ayszesla77mdqdsb34dxlfm2 err=HttpError('InvalidRequest: Could not find repo: did:plc:ayszesla77mdqdsb34dxlfm2')
2026-03-01T17:48:52Z WARNING bsky_collector_v2.job.index_feed_generators: listRecords failed repo=did:plc:5lgpahz5igss3fszd6sn2ib3 err=HttpError('InvalidRequest: Could not find repo: did:plc:5lgpahz5igss3fszd6sn2ib3')
2026-03-01T17:48:52Z WARNING bsky_collector_v2.job.index_feed_generators: listRecords failed repo=did:plc:ayszesla77mdqdsb34dxlfm2 err=HttpError('InvalidRequest: Could not find repo: did:plc:ayszesla77mdqdsb34dxlfm2')
2026-03-01T17:48:53Z INFO bsky_collector_v2.job.index_feed_generators: enqueued repos page=27 mode=listRepos inserted=500 repos_returned=500 next_cursor=set
2026-03-01T17:49:59Z INFO bsky_collector_v2.job.index_feed_generators: indexed repo=did:plc:rjict4sbsm2a47ntwbfibp62 part=698 records=1 next_cursor=set
2026-03-01T17:50:01Z INFO bsky_collector_v2.job.index_feed_generators: indexed repo=did:plc:s2nj6aokzzhfhdrggi2cvf23 part=699 records=3 next_cursor=set
2026-03-01T17:50:27Z INFO bsky_collector_v2.job.index_feed_generators: enqueued repos page=28 mode=listRepos inserted=500 repos_returned=500 next_cursor=set
2026-03-01T17:52:13Z INFO bsky_collector_v2.job.index_feed_generators: enqueued repos page=29 mode=listRepos inserted=500 repos_returned=500 next_cursor=set
2026-03-01T17:52:47Z WARNING bsky_collector_v2.job.index_feed_generators: listRecords failed repo=did:plc:db7od2snbxaqsglw6daowlqu err=HttpError('InvalidRequest: Could not find repo: did:plc:db7od2snbxaqsglw6daowlqu')
2026-03-01T17:53:51Z WARNING bsky_collector_v2.job.index_feed_generators: listRecords failed repo=did:plc:db7od2snbxaqsglw6daowlqu err=HttpError('InvalidRequest: Could not find repo: did:plc:db7od2snbxaqsglw6daowlqu')
2026-03-01T17:53:51Z WARNING bsky_collector_v2.job.index_feed_generators: listRecords failed repo=did:plc:db7od2snbxaqsglw6daowlqu err=HttpError('InvalidRequest: Could not find repo: did:plc:db7od2snbxaqsglw6daowlqu')
2026-03-01T17:53:51Z INFO bsky_collector_v2.job.index_feed_generators: enqueued repos page=30 mode=listRepos inserted=500 repos_returned=500 next_cursor=set
2026-03-01T17:55:18Z INFO bsky_collector_v2.job.index_feed_generators: indexed repo=did:plc:teaetavhzcdyzbrqgdtpoh4o part=700 records=1 next_cursor=set
2026-03-01T17:55:34Z INFO bsky_collector_v2.job.index_feed_generators: enqueued repos page=31 mode=listRepos inserted=500 repos_returned=500 next_cursor=set
2026-03-01T17:57:15Z INFO bsky_collector_v2.job.index_feed_generators: enqueued repos page=32 mode=listRepos inserted=500 repos_returned=500 next_cursor=set
2026-03-01T17:57:41Z WARNING bsky_collector_v2.job.index_feed_generators: listRecords failed repo=did:plc:ce7rdyeq6xnmo4piczjalxfs err=HttpError('InvalidRequest: Could not find repo: did:plc:ce7rdyeq6xnmo4piczjalxfs')
2026-03-01T17:58:40Z WARNING bsky_collector_v2.job.index_feed_generators: listRecords failed repo=did:plc:vvfxcuisvpydkwu6dis47uq4 err=HttpError('InvalidRequest: Could not find repo: did:plc:vvfxcuisvpydkwu6dis47uq4')
2026-03-01T17:58:52Z WARNING bsky_collector_v2.job.index_feed_generators: listRecords failed repo=did:plc:ce7rdyeq6xnmo4piczjalxfs err=HttpError('InvalidRequest: Could not find repo: did:plc:ce7rdyeq6xnmo4piczjalxfs')
2026-03-01T17:58:52Z WARNING bsky_collector_v2.job.index_feed_generators: listRecords failed repo=did:plc:vvfxcuisvpydkwu6dis47uq4 err=HttpError('InvalidRequest: Could not find repo: did:plc:vvfxcuisvpydkwu6dis47uq4')
2026-03-01T17:58:52Z WARNING bsky_collector_v2.job.index_feed_generators: listRecords failed repo=did:plc:ce7rdyeq6xnmo4piczjalxfs err=HttpError('InvalidRequest: Could not find repo: did:plc:ce7rdyeq6xnmo4piczjalxfs')
2026-03-01T17:58:52Z WARNING bsky_collector_v2.job.index_feed_generators: listRecords failed repo=did:plc:vvfxcuisvpydkwu6dis47uq4 err=HttpError('InvalidRequest: Could not find repo: did:plc:vvfxcuisvpydkwu6dis47uq4')
2026-03-01T17:58:52Z INFO bsky_collector_v2.job.index_feed_generators: enqueued repos page=33 mode=listRepos inserted=500 repos_returned=500 next_cursor=set
2026-03-01T17:59:02Z WARNING bsky_collector_v2.job.index_feed_generators: listRecords failed repo=did:plc:4fly7hdiwyh4h4fa7dw3u4g3 err=HttpError('InvalidRequest: Could not find repo: did:plc:4fly7hdiwyh4h4fa7dw3u4g3')
2026-03-01T17:59:12Z WARNING bsky_collector_v2.job.index_feed_generators: listRecords failed repo=did:plc:7fxey67kbmjfiehaf64pabj6 err=HttpError('InvalidRequest: Could not find repo: did:plc:7fxey67kbmjfiehaf64pabj6')
