2026-03-03T03:17:48Z INFO bsky_collector_v2: out_base ok path=D:\BlueSky\data_v2_full mount=D:\
2026-03-03T03:17:48Z INFO bsky_collector_v2: job start subcommand=index-feed-generators dry_run=False resume=True
2026-03-03T03:17:49Z INFO bsky_collector_v2.job.index_feed_generators: feed generator index hosts relay_host=https://bsky.network records_host=https://bsky.social auth=yes
2026-03-03T03:18:32Z WARNING bsky_collector_v2.job.index_feed_generators: listRecords failed repo=did:plc:t6o75kodpm2gyhxqrkygsbbb err=HttpError('InvalidRequest: Could not find repo: did:plc:t6o75kodpm2gyhxqrkygsbbb')
2026-03-03T03:18:52Z WARNING bsky_collector_v2.job.index_feed_generators: listRecords failed repo=did:plc:t6o75kodpm2gyhxqrkygsbbb err=HttpError('InvalidRequest: Could not find repo: did:plc:t6o75kodpm2gyhxqrkygsbbb')
2026-03-03T03:18:53Z WARNING bsky_collector_v2.job.index_feed_generators: listRecords failed repo=did:plc:t6o75kodpm2gyhxqrkygsbbb err=HttpError('InvalidRequest: Could not find repo: did:plc:t6o75kodpm2gyhxqrkygsbbb')
2026-03-03T03:18:53Z INFO bsky_collector_v2.job.index_feed_generators: enqueued repos page=1 mode=listRepos inserted=500 repos_returned=500 next_cursor=set
2026-03-03T03:19:36Z INFO bsky_collector_v2.job.index_feed_generators: indexed repo=did:plc:jaja5ov4zozmjgdolqup4tdw part=76 records=2 next_cursor=set
2026-03-03T03:20:13Z INFO bsky_collector_v2.job.index_feed_generators: indexed repo=did:plc:vopwfo4kwxvq5uocqa65m5mh part=77 records=7 next_cursor=set
2026-03-03T03:20:36Z INFO bsky_collector_v2.job.index_feed_generators: enqueued repos page=2 mode=listRepos inserted=500 repos_returned=500 next_cursor=set
2026-03-03T03:22:10Z INFO bsky_collector_v2.job.index_feed_generators: enqueued repos page=3 mode=listRepos inserted=500 repos_returned=500 next_cursor=set
2026-03-03T03:22:30Z WARNING bsky_collector_v2.job.index_feed_generators: listRecords failed repo=did:plc:bfi6pzevnftt5q2ctditkrpb err=HttpError('InvalidRequest: Could not find repo: did:plc:bfi6pzevnftt5q2ctditkrpb')
2026-03-03T03:23:05Z INFO bsky_collector_v2.job.index_feed_generators: indexed repo=did:plc:nvmh7mu3kudvyr4wltq45pyq part=78 records=1 next_cursor=set
2026-03-03T03:23:47Z WARNING bsky_collector_v2.job.index_feed_generators: listRecords failed repo=did:plc:bfi6pzevnftt5q2ctditkrpb err=HttpError('InvalidRequest: Could not find repo: did:plc:bfi6pzevnftt5q2ctditkrpb')
2026-03-03T03:23:48Z WARNING bsky_collector_v2.job.index_feed_generators: listRecords failed repo=did:plc:bfi6pzevnftt5q2ctditkrpb err=HttpError('InvalidRequest: Could not find repo: did:plc:bfi6pzevnftt5q2ctditkrpb')
2026-03-03T03:23:48Z INFO bsky_collector_v2.job.index_feed_generators: enqueued repos page=4 mode=listRepos inserted=500 repos_returned=500 next_cursor=set
2026-03-03T03:24:46Z INFO bsky_collector_v2.job.index_feed_generators: indexed repo=did:plc:klnevjqzkl5xu5k7ulap5vn5 part=79 records=3 next_cursor=set
2026-03-03T03:25:00Z INFO bsky_collector_v2.job.index_feed_generators: indexed repo=did:plc:p4l2tnneuatrnwgisuguvtab part=80 records=3 next_cursor=set
2026-03-03T03:25:30Z INFO bsky_collector_v2.job.index_feed_generators: indexed repo=did:plc:yw6shahoksjagndsytzvvamw part=81 records=1 next_cursor=set
2026-03-03T03:25:33Z INFO bsky_collector_v2.job.index_feed_generators: enqueued repos page=5 mode=listRepos inserted=500 repos_returned=500 next_cursor=set
2026-03-03T03:27:10Z INFO bsky_collector_v2.job.index_feed_generators: enqueued repos page=6 mode=listRepos inserted=500 repos_returned=500 next_cursor=set
2026-03-03T03:27:52Z INFO bsky_collector_v2.job.index_feed_generators: indexed repo=did:plc:gzouxc5yz7f7fayf2kti5oyx part=82 records=3 next_cursor=set
2026-03-03T03:28:12Z WARNING bsky_collector_v2.job.index_feed_generators: listRecords failed repo=did:plc:o6zbxtepjglwjqmfj35hstzn err=HttpError('InvalidRequest: Could not find repo: did:plc:o6zbxtepjglwjqmfj35hstzn')
2026-03-03T03:28:28Z INFO bsky_collector_v2.job.index_feed_generators: indexed repo=did:plc:tcrnhighlao6xdle555yzl2n part=83 records=1 next_cursor=set
2026-03-03T03:28:47Z WARNING bsky_collector_v2.job.index_feed_generators: listRecords failed repo=did:plc:o6zbxtepjglwjqmfj35hstzn err=HttpError('InvalidRequest: Could not find repo: did:plc:o6zbxtepjglwjqmfj35hstzn')
2026-03-03T03:28:47Z WARNING bsky_collector_v2.job.index_feed_generators: listRecords failed repo=did:plc:o6zbxtepjglwjqmfj35hstzn err=HttpError('InvalidRequest: Could not find repo: did:plc:o6zbxtepjglwjqmfj35hstzn')
2026-03-03T03:28:48Z INFO bsky_collector_v2.job.index_feed_generators: enqueued repos page=7 mode=listRepos inserted=500 repos_returned=500 next_cursor=set
2026-03-03T03:30:21Z INFO bsky_collector_v2.job.index_feed_generators: enqueued repos page=8 mode=listRepos inserted=500 repos_returned=500 next_cursor=set
2026-03-03T03:30:36Z WARNING bsky_collector_v2.job.index_feed_generators: listRecords failed repo=did:plc:5xcyacmgdnwe3nsa55eax4k7 err=HttpError('InvalidRequest: Could not find repo: did:plc:5xcyacmgdnwe3nsa55eax4k7')
2026-03-03T03:30:54Z INFO bsky_collector_v2.job.index_feed_generators: indexed repo=did:plc:erq3mmbt3tl2o6d6yqjkme4o part=84 records=1 next_cursor=set
2026-03-03T03:31:52Z WARNING bsky_collector_v2.job.index_feed_generators: listRecords failed repo=did:plc:5xcyacmgdnwe3nsa55eax4k7 err=HttpError('InvalidRequest: Could not find repo: did:plc:5xcyacmgdnwe3nsa55eax4k7')
2026-03-03T03:31:52Z WARNING bsky_collector_v2.job.index_feed_generators: listRecords failed repo=did:plc:5xcyacmgdnwe3nsa55eax4k7 err=HttpError('InvalidRequest: Could not find repo: did:plc:5xcyacmgdnwe3nsa55eax4k7')
2026-03-03T03:31:53Z INFO bsky_collector_v2.job.index_feed_generators: enqueued repos page=9 mode=listRepos inserted=500 repos_returned=500 next_cursor=set
2026-03-03T03:33:42Z INFO bsky_collector_v2.job.index_feed_generators: enqueued repos page=10 mode=listRepos inserted=500 repos_returned=500 next_cursor=set
2026-03-03T03:34:07Z INFO bsky_collector_v2.job.index_feed_generators: indexed repo=did:plc:ccmpjuh36kzdgl5oagyptdp2 part=85 records=1 next_cursor=set
2026-03-03T03:34:27Z INFO bsky_collector_v2.job.index_feed_generators: indexed repo=did:plc:j2n4ii4ibes3vghga4x43hm6 part=86 records=4 next_cursor=set
2026-03-03T03:34:48Z INFO bsky_collector_v2.job.index_feed_generators: indexed repo=did:plc:oyw4d7n3pxikd4umjohzatft part=87 records=2 next_cursor=set
2026-03-03T03:35:22Z INFO bsky_collector_v2.job.index_feed_generators: enqueued repos page=11 mode=listRepos inserted=500 repos_returned=500 next_cursor=set
2026-03-03T03:35:42Z WARNING bsky_collector_v2.job.index_feed_generators: listRecords failed repo=did:plc:aim3fg2hpodpapavxufsdamw err=HttpError('InvalidRequest: Could not find repo: did:plc:aim3fg2hpodpapavxufsdamw')
2026-03-03T03:36:01Z INFO bsky_collector_v2.job.index_feed_generators: indexed repo=did:plc:h2slevoltisopgkun4cpbewr part=88 records=1 next_cursor=set
2026-03-03T03:36:12Z INFO bsky_collector_v2.job.index_feed_generators: indexed repo=did:plc:jtitmtmzwyxomnkgqpu4wztb part=89 records=5 next_cursor=set
2026-03-03T03:36:56Z WARNING bsky_collector_v2.job.index_feed_generators: listRecords failed repo=did:plc:aim3fg2hpodpapavxufsdamw err=HttpError('InvalidRequest: Could not find repo: did:plc:aim3fg2hpodpapavxufsdamw')
2026-03-03T03:36:57Z WARNING bsky_collector_v2.job.index_feed_generators: listRecords failed repo=did:plc:aim3fg2hpodpapavxufsdamw err=HttpError('InvalidRequest: Could not find repo: did:plc:aim3fg2hpodpapavxufsdamw')
2026-03-03T03:36:57Z INFO bsky_collector_v2.job.index_feed_generators: enqueued repos page=12 mode=listRepos inserted=500 repos_returned=500 next_cursor=set
2026-03-03T03:38:35Z INFO bsky_collector_v2.job.index_feed_generators: enqueued repos page=13 mode=listRepos inserted=500 repos_returned=500 next_cursor=set
2026-03-03T03:40:07Z INFO bsky_collector_v2.job.index_feed_generators: indexed repo=did:plc:yzfgjrplskmukhnaqn7xn7e3 part=90 records=4 next_cursor=set
2026-03-03T03:40:10Z INFO bsky_collector_v2.job.index_feed_generators: enqueued repos page=14 mode=listRepos inserted=500 repos_returned=500 next_cursor=set
2026-03-03T03:40:21Z INFO bsky_collector_v2.job.index_feed_generators: indexed repo=did:plc:62mnz4qe2ge3ew6kvcv74gvf part=91 records=2 next_cursor=set
2026-03-03T03:41:18Z INFO bsky_collector_v2.job.index_feed_generators: indexed repo=did:plc:t4vh4ghrskeskvgsmubo2p5w part=92 records=3 next_cursor=set
2026-03-03T03:41:41Z INFO bsky_collector_v2.job.index_feed_generators: enqueued repos page=15 mode=listRepos inserted=500 repos_returned=500 next_cursor=set
2026-03-03T03:41:47Z INFO bsky_collector_v2.job.index_feed_generators: indexed repo=did:plc:4ddmh5dhjdxz347b3bvqfmok part=93 records=1 next_cursor=set
2026-03-03T03:43:04Z INFO bsky_collector_v2.job.index_feed_generators: indexed repo=did:plc:vl3ygcehtd6aktupdxzo6wsl part=94 records=1 next_cursor=set
2026-03-03T03:43:28Z INFO bsky_collector_v2.job.index_feed_generators: enqueued repos page=16 mode=listRepos inserted=500 repos_returned=500 next_cursor=set
2026-03-03T03:44:14Z INFO bsky_collector_v2.job.index_feed_generators: indexed repo=did:plc:hdhbwf2fcuz6rwyhyyxq7et7 part=95 records=1 next_cursor=set
2026-03-03T03:45:19Z INFO bsky_collector_v2.job.index_feed_generators: enqueued repos page=17 mode=listRepos inserted=500 repos_returned=500 next_cursor=set
2026-03-03T03:46:30Z INFO bsky_collector_v2.job.index_feed_generators: indexed repo=did:plc:rzdc4rw466zslyevwy36d63c part=96 records=3 next_cursor=set
2026-03-03T03:46:55Z INFO bsky_collector_v2.job.index_feed_generators: enqueued repos page=18 mode=listRepos inserted=500 repos_returned=500 next_cursor=set
2026-03-03T03:48:20Z INFO bsky_collector_v2.job.index_feed_generators: enqueued repos page=19 mode=listRepos inserted=500 repos_returned=500 next_cursor=set
2026-03-03T03:50:06Z INFO bsky_collector_v2.job.index_feed_generators: enqueued repos page=20 mode=listRepos inserted=500 repos_returned=500 next_cursor=set
2026-03-03T03:51:44Z INFO bsky_collector_v2.job.index_feed_generators: enqueued repos page=21 mode=listRepos inserted=500 repos_returned=500 next_cursor=set
2026-03-03T03:53:31Z INFO bsky_collector_v2.job.index_feed_generators: enqueued repos page=22 mode=listRepos inserted=500 repos_returned=500 next_cursor=set
2026-03-03T03:53:37Z INFO bsky_collector_v2.job.index_feed_generators: indexed repo=did:plc:3tlob3ivi7egphtwwh6yx6gu part=97 records=2 next_cursor=set
2026-03-03T03:55:06Z INFO bsky_collector_v2.job.index_feed_generators: enqueued repos page=23 mode=listRepos inserted=500 repos_returned=500 next_cursor=set
2026-03-03T03:55:18Z WARNING bsky_collector_v2.job.index_feed_generators: listRecords failed repo=did:plc:6qyecktefllvenje24fcxnie err=HttpError('InvalidRequest: Could not find repo: did:plc:6qyecktefllvenje24fcxnie')
2026-03-03T03:56:07Z INFO bsky_collector_v2.job.index_feed_generators: indexed repo=did:plc:okt4lcyywlraytbqdrkfcfdx part=98 records=2 next_cursor=set
2026-03-03T03:56:27Z INFO bsky_collector_v2.job.index_feed_generators: indexed repo=did:plc:vrwqwpquhmjozbqkhcknvgzs part=99 records=1 next_cursor=set
2026-03-03T03:56:47Z WARNING bsky_collector_v2.job.index_feed_generators: listRecords failed repo=did:plc:6qyecktefllvenje24fcxnie err=HttpError('InvalidRequest: Could not find repo: did:plc:6qyecktefllvenje24fcxnie')
2026-03-03T03:56:48Z WARNING bsky_collector_v2.job.index_feed_generators: listRecords failed repo=did:plc:6qyecktefllvenje24fcxnie err=HttpError('InvalidRequest: Could not find repo: did:plc:6qyecktefllvenje24fcxnie')
2026-03-03T03:56:48Z INFO bsky_collector_v2.job.index_feed_generators: enqueued repos page=24 mode=listRepos inserted=500 repos_returned=500 next_cursor=set
2026-03-03T03:57:12Z WARNING bsky_collector_v2.job.index_feed_generators: listRecords failed repo=did:plc:aoybkiy6cdg4oa2c3hrr4gwq err=HttpError('InvalidRequest: Could not find repo: did:plc:aoybkiy6cdg4oa2c3hrr4gwq')
2026-03-03T03:58:39Z WARNING bsky_collector_v2.job.index_feed_generators: listRecords failed repo=did:plc:aoybkiy6cdg4oa2c3hrr4gwq err=HttpError('InvalidRequest: Could not find repo: did:plc:aoybkiy6cdg4oa2c3hrr4gwq')
2026-03-03T03:58:39Z WARNING bsky_collector_v2.job.index_feed_generators: listRecords failed repo=did:plc:aoybkiy6cdg4oa2c3hrr4gwq err=HttpError('InvalidRequest: Could not find repo: did:plc:aoybkiy6cdg4oa2c3hrr4gwq')
2026-03-03T03:58:40Z INFO bsky_collector_v2.job.index_feed_generators: enqueued repos page=25 mode=listRepos inserted=500 repos_returned=500 next_cursor=set
2026-03-03T04:00:17Z INFO bsky_collector_v2.job.index_feed_generators: enqueued repos page=26 mode=listRepos inserted=500 repos_returned=500 next_cursor=set
2026-03-03T04:00:47Z INFO bsky_collector_v2.job.index_feed_generators: indexed repo=did:plc:eicsti36sobiztf5zqcmpfuk part=100 records=4 next_cursor=set
2026-03-03T04:01:58Z INFO bsky_collector_v2.job.index_feed_generators: enqueued repos page=27 mode=listRepos inserted=500 repos_returned=500 next_cursor=set
2026-03-03T04:02:11Z INFO bsky_collector_v2.job.index_feed_generators: indexed repo=did:plc:6cpakvbydqnn5jygcpllkh5f part=101 records=2 next_cursor=set
2026-03-03T04:03:05Z INFO bsky_collector_v2.job.index_feed_generators: indexed repo=did:plc:lszdgjwtwawephjm7ihb3xyj part=102 records=1 next_cursor=set
2026-03-03T04:03:12Z INFO bsky_collector_v2.job.index_feed_generators: indexed repo=did:plc:obj4d3arjz37hqqf6e5f2qmu part=103 records=1 next_cursor=set
2026-03-03T04:03:50Z INFO bsky_collector_v2.job.index_feed_generators: enqueued repos page=28 mode=listRepos inserted=500 repos_returned=500 next_cursor=set
2026-03-03T04:03:55Z WARNING bsky_collector_v2.job.index_feed_generators: listRecords failed repo=did:plc:2pyqyt6q446sszs44tuo7nvj err=HttpError('InvalidRequest: Could not find repo: did:plc:2pyqyt6q446sszs44tuo7nvj')
2026-03-03T04:04:36Z WARNING bsky_collector_v2.job.index_feed_generators: listRecords failed repo=did:plc:hpshmd7jwfuv6x5fi2uo6jex err=HttpError('InvalidRequest: Could not find repo: did:plc:hpshmd7jwfuv6x5fi2uo6jex')
2026-03-03T04:04:42Z INFO bsky_collector_v2.job.index_feed_generators: indexed repo=did:plc:k4xa2gut7bf6dmclwqg6pfhu part=104 records=1 next_cursor=set
2026-03-03T04:05:37Z WARNING bsky_collector_v2.job.index_feed_generators: listRecords failed repo=did:plc:2pyqyt6q446sszs44tuo7nvj err=HttpError('InvalidRequest: Could not find repo: did:plc:2pyqyt6q446sszs44tuo7nvj')
2026-03-03T04:05:37Z WARNING bsky_collector_v2.job.index_feed_generators: listRecords failed repo=did:plc:hpshmd7jwfuv6x5fi2uo6jex err=HttpError('InvalidRequest: Could not find repo: did:plc:hpshmd7jwfuv6x5fi2uo6jex')
2026-03-03T04:05:37Z WARNING bsky_collector_v2.job.index_feed_generators: listRecords failed repo=did:plc:2pyqyt6q446sszs44tuo7nvj err=HttpError('InvalidRequest: Could not find repo: did:plc:2pyqyt6q446sszs44tuo7nvj')
2026-03-03T04:05:37Z WARNING bsky_collector_v2.job.index_feed_generators: listRecords failed repo=did:plc:hpshmd7jwfuv6x5fi2uo6jex err=HttpError('InvalidRequest: Could not find repo: did:plc:hpshmd7jwfuv6x5fi2uo6jex')
2026-03-03T04:05:38Z INFO bsky_collector_v2.job.index_feed_generators: enqueued repos page=29 mode=listRepos inserted=500 repos_returned=500 next_cursor=set
2026-03-03T04:06:04Z INFO bsky_collector_v2.job.index_feed_generators: indexed repo=did:plc:c33ycqrfdabjvsobymiikog4 part=105 records=1 next_cursor=set
2026-03-03T04:07:15Z INFO bsky_collector_v2.job.index_feed_generators: enqueued repos page=30 mode=listRepos inserted=500 repos_returned=500 next_cursor=set
2026-03-03T04:07:18Z WARNING bsky_collector_v2.job.index_feed_generators: listRecords failed repo=did:plc:2mecivqq3iu4vyocs77cfdqd err=HttpError('InvalidRequest: Could not find repo: did:plc:2mecivqq3iu4vyocs77cfdqd')
2026-03-03T04:07:22Z WARNING bsky_collector_v2.job.index_feed_generators: listRecords failed repo=did:plc:4jkol7ffskc2626n3piymv4r err=HttpError('InvalidRequest: Could not find repo: did:plc:4jkol7ffskc2626n3piymv4r')
2026-03-03T04:08:17Z INFO bsky_collector_v2.job.index_feed_generators: indexed repo=did:plc:kumdv2llqpgtc2vp3ljeabk7 part=106 records=3 next_cursor=set
2026-03-03T04:08:30Z WARNING bsky_collector_v2.job.index_feed_generators: listRecords failed repo=did:plc:oq6ncm46ffkf3e2bdkmejybu err=HttpError('InvalidRequest: Could not find repo: did:plc:oq6ncm46ffkf3e2bdkmejybu')
2026-03-03T04:09:01Z WARNING bsky_collector_v2.job.index_feed_generators: listRecords failed repo=did:plc:2mecivqq3iu4vyocs77cfdqd err=HttpError('InvalidRequest: Could not find repo: did:plc:2mecivqq3iu4vyocs77cfdqd')
2026-03-03T04:09:01Z WARNING bsky_collector_v2.job.index_feed_generators: listRecords failed repo=did:plc:4jkol7ffskc2626n3piymv4r err=HttpError('InvalidRequest: Could not find repo: did:plc:4jkol7ffskc2626n3piymv4r')
2026-03-03T04:09:01Z WARNING bsky_collector_v2.job.index_feed_generators: listRecords failed repo=did:plc:oq6ncm46ffkf3e2bdkmejybu err=HttpError('InvalidRequest: Could not find repo: did:plc:oq6ncm46ffkf3e2bdkmejybu')
2026-03-03T04:09:01Z WARNING bsky_collector_v2.job.index_feed_generators: listRecords failed repo=did:plc:2mecivqq3iu4vyocs77cfdqd err=HttpError('InvalidRequest: Could not find repo: did:plc:2mecivqq3iu4vyocs77cfdqd')
2026-03-03T04:09:01Z WARNING bsky_collector_v2.job.index_feed_generators: listRecords failed repo=did:plc:4jkol7ffskc2626n3piymv4r err=HttpError('InvalidRequest: Could not find repo: did:plc:4jkol7ffskc2626n3piymv4r')
2026-03-03T04:09:01Z WARNING bsky_collector_v2.job.index_feed_generators: listRecords failed repo=did:plc:oq6ncm46ffkf3e2bdkmejybu err=HttpError('InvalidRequest: Could not find repo: did:plc:oq6ncm46ffkf3e2bdkmejybu')
2026-03-03T04:09:02Z INFO bsky_collector_v2.job.index_feed_generators: enqueued repos page=31 mode=listRepos inserted=500 repos_returned=500 next_cursor=set
2026-03-03T04:09:32Z WARNING bsky_collector_v2.job.index_feed_generators: listRecords failed repo=did:plc:cpmikjipw3ahdgo24ha2y4xz err=HttpError('InvalidRequest: Could not find repo: did:plc:cpmikjipw3ahdgo24ha2y4xz')
2026-03-03T04:09:40Z INFO bsky_collector_v2.job.index_feed_generators: indexed repo=did:plc:e6bsanc253qvz7bznfgygu6e part=107 records=1 next_cursor=set
2026-03-03T04:10:22Z WARNING bsky_collector_v2.job.index_feed_generators: listRecords failed repo=did:plc:okf43dmwttik2kj5474ofyjw err=HttpError('InvalidRequest: Could not find repo: did:plc:okf43dmwttik2kj5474ofyjw')
2026-03-03T04:10:45Z WARNING bsky_collector_v2.job.index_feed_generators: listRecords failed repo=did:plc:uyph544frlqtwfjhazkrhure err=HttpError('InvalidRequest: Could not find repo: did:plc:uyph544frlqtwfjhazkrhure')
2026-03-03T04:10:45Z WARNING bsky_collector_v2.job.index_feed_generators: listRecords failed repo=did:plc:uzn7bv2fnbaicvo4dwojwoqf err=HttpError('InvalidRequest: Could not find repo: did:plc:uzn7bv2fnbaicvo4dwojwoqf')
2026-03-03T04:10:49Z WARNING bsky_collector_v2.job.index_feed_generators: listRecords failed repo=did:plc:whxexfeueotrz5wgshb64tie err=HttpError('InvalidRequest: Could not find repo: did:plc:whxexfeueotrz5wgshb64tie')
2026-03-03T04:10:52Z WARNING bsky_collector_v2.job.index_feed_generators: listRecords failed repo=did:plc:xpwvnofnezeowihasvt35d4p err=HttpError('InvalidRequest: Could not find repo: did:plc:xpwvnofnezeowihasvt35d4p')
2026-03-03T04:10:52Z WARNING bsky_collector_v2.job.index_feed_generators: listRecords failed repo=did:plc:xramjv6llfu5nen5uc2cggdr err=HttpError('InvalidRequest: Could not find repo: did:plc:xramjv6llfu5nen5uc2cggdr')
2026-03-03T04:11:01Z WARNING bsky_collector_v2.job.index_feed_generators: listRecords failed repo=did:plc:cpmikjipw3ahdgo24ha2y4xz err=HttpError('InvalidRequest: Could not find repo: did:plc:cpmikjipw3ahdgo24ha2y4xz')
2026-03-03T04:11:02Z WARNING bsky_collector_v2.job.index_feed_generators: listRecords failed repo=did:plc:okf43dmwttik2kj5474ofyjw err=HttpError('InvalidRequest: Could not find repo: did:plc:okf43dmwttik2kj5474ofyjw')
2026-03-03T04:11:02Z WARNING bsky_collector_v2.job.index_feed_generators: listRecords failed repo=did:plc:uyph544frlqtwfjhazkrhure err=HttpError('InvalidRequest: Could not find repo: did:plc:uyph544frlqtwfjhazkrhure')
2026-03-03T04:11:03Z WARNING bsky_collector_v2.job.index_feed_generators: listRecords failed repo=did:plc:uzn7bv2fnbaicvo4dwojwoqf err=HttpError('InvalidRequest: Could not find repo: did:plc:uzn7bv2fnbaicvo4dwojwoqf')
2026-03-03T04:11:03Z WARNING bsky_collector_v2.job.index_feed_generators: listRecords failed repo=did:plc:whxexfeueotrz5wgshb64tie err=HttpError('InvalidRequest: Could not find repo: did:plc:whxexfeueotrz5wgshb64tie')
2026-03-03T04:11:03Z WARNING bsky_collector_v2.job.index_feed_generators: listRecords failed repo=did:plc:xpwvnofnezeowihasvt35d4p err=HttpError('InvalidRequest: Could not find repo: did:plc:xpwvnofnezeowihasvt35d4p')
2026-03-03T04:11:04Z WARNING bsky_collector_v2.job.index_feed_generators: listRecords failed repo=did:plc:xramjv6llfu5nen5uc2cggdr err=HttpError('InvalidRequest: Could not find repo: did:plc:xramjv6llfu5nen5uc2cggdr')
2026-03-03T04:11:04Z WARNING bsky_collector_v2.job.index_feed_generators: listRecords failed repo=did:plc:cpmikjipw3ahdgo24ha2y4xz err=HttpError('InvalidRequest: Could not find repo: did:plc:cpmikjipw3ahdgo24ha2y4xz')
2026-03-03T04:11:04Z WARNING bsky_collector_v2.job.index_feed_generators: listRecords failed repo=did:plc:okf43dmwttik2kj5474ofyjw err=HttpError('InvalidRequest: Could not find repo: did:plc:okf43dmwttik2kj5474ofyjw')
2026-03-03T04:11:04Z WARNING bsky_collector_v2.job.index_feed_generators: listRecords failed repo=did:plc:uyph544frlqtwfjhazkrhure err=HttpError('InvalidRequest: Could not find repo: did:plc:uyph544frlqtwfjhazkrhure')
2026-03-03T04:11:05Z WARNING bsky_collector_v2.job.index_feed_generators: listRecords failed repo=did:plc:uzn7bv2fnbaicvo4dwojwoqf err=HttpError('InvalidRequest: Could not find repo: did:plc:uzn7bv2fnbaicvo4dwojwoqf')
2026-03-03T04:11:05Z WARNING bsky_collector_v2.job.index_feed_generators: listRecords failed repo=did:plc:whxexfeueotrz5wgshb64tie err=HttpError('InvalidRequest: Could not find repo: did:plc:whxexfeueotrz5wgshb64tie')
2026-03-03T04:11:05Z WARNING bsky_collector_v2.job.index_feed_generators: listRecords failed repo=did:plc:xpwvnofnezeowihasvt35d4p err=HttpError('InvalidRequest: Could not find repo: did:plc:xpwvnofnezeowihasvt35d4p')
2026-03-03T04:11:05Z WARNING bsky_collector_v2.job.index_feed_generators: listRecords failed repo=did:plc:xramjv6llfu5nen5uc2cggdr err=HttpError('InvalidRequest: Could not find repo: did:plc:xramjv6llfu5nen5uc2cggdr')
2026-03-03T04:11:06Z INFO bsky_collector_v2.job.index_feed_generators: enqueued repos page=32 mode=listRepos inserted=500 repos_returned=500 next_cursor=set
2026-03-03T04:11:39Z WARNING bsky_collector_v2.job.index_feed_generators: listRecords failed repo=did:plc:b2woddkw3day5ccf65ei3rpy err=HttpError('InvalidRequest: Could not find repo: did:plc:b2woddkw3day5ccf65ei3rpy')
2026-03-03T04:12:13Z INFO bsky_collector_v2.job.index_feed_generators: indexed repo=did:plc:m5no2nzuineynuxxokiimony part=108 records=1 next_cursor=set
2026-03-03T04:12:16Z WARNING bsky_collector_v2.job.index_feed_generators: listRecords failed repo=did:plc:nlwhyfwo52uxtudv5aif6da4 err=HttpError('InvalidRequest: Could not find repo: did:plc:nlwhyfwo52uxtudv5aif6da4')
2026-03-03T04:12:41Z WARNING bsky_collector_v2.job.index_feed_generators: listRecords failed repo=did:plc:veyvfv4szlom3zjdpjhisorb err=HttpError('InvalidRequest: Could not find repo: did:plc:veyvfv4szlom3zjdpjhisorb')
