2026-03-23T13:49:27Z INFO bsky_collector_v2: out_base ok path=/Volumes/T9/BlueSky/data_v2_full mount=/Volumes/T9
2026-03-23T13:49:27Z INFO bsky_collector_v2: job start subcommand=index-feed-generators dry_run=False resume=True
2026-03-23T13:49:28Z INFO bsky_collector_v2.job.index_feed_generators: feed generator index hosts relay_host=https://bsky.network records_host=https://bsky.social auth=yes
2026-03-23T13:50:17Z WARNING bsky_collector_v2.job.index_feed_generators: listRecords failed repo=did:web:pipe.hukoubook.com err=HttpError('InvalidRequest: Could not find repo: did:web:pipe.hukoubook.com')
2026-03-23T13:50:17Z WARNING bsky_collector_v2.job.index_feed_generators: listRecords failed repo=did:web:pipe.hukoubook.com err=HttpError('InvalidRequest: Could not find repo: did:web:pipe.hukoubook.com')
2026-03-23T13:50:17Z WARNING bsky_collector_v2.job.index_feed_generators: listRecords failed repo=did:web:pipe.hukoubook.com err=HttpError('InvalidRequest: Could not find repo: did:web:pipe.hukoubook.com')
2026-03-23T13:50:18Z INFO bsky_collector_v2.job.index_feed_generators: enqueued repos page=1 mode=listRepos inserted=500 repos_returned=500 next_cursor=set
2026-03-23T13:50:26Z WARNING bsky_collector_v2.job.index_feed_generators: listRecords failed repo=did:plc:4v2hxhpb7yxuniqsafxvlcld err=HttpError('InvalidRequest: Could not find repo: did:plc:4v2hxhpb7yxuniqsafxvlcld')
2026-03-23T13:50:33Z WARNING bsky_collector_v2.job.index_feed_generators: listRecords failed repo=did:plc:6hjsreaqxbnlsyzzj2xu5ne7 err=HttpError('InvalidRequest: Could not find repo: did:plc:6hjsreaqxbnlsyzzj2xu5ne7')
2026-03-23T13:50:44Z WARNING bsky_collector_v2.job.index_feed_generators: listRecords failed repo=did:plc:b543nvpksxg6pd2sgyxvont4 err=HttpError('InvalidRequest: Could not find repo: did:plc:b543nvpksxg6pd2sgyxvont4')
2026-03-23T13:52:07Z WARNING bsky_collector_v2.job.index_feed_generators: listRecords failed repo=did:plc:4v2hxhpb7yxuniqsafxvlcld err=HttpError('InvalidRequest: Could not find repo: did:plc:4v2hxhpb7yxuniqsafxvlcld')
2026-03-23T13:52:08Z WARNING bsky_collector_v2.job.index_feed_generators: listRecords failed repo=did:plc:6hjsreaqxbnlsyzzj2xu5ne7 err=HttpError('InvalidRequest: Could not find repo: did:plc:6hjsreaqxbnlsyzzj2xu5ne7')
2026-03-23T13:52:08Z WARNING bsky_collector_v2.job.index_feed_generators: listRecords failed repo=did:plc:b543nvpksxg6pd2sgyxvont4 err=HttpError('InvalidRequest: Could not find repo: did:plc:b543nvpksxg6pd2sgyxvont4')
2026-03-23T13:52:08Z WARNING bsky_collector_v2.job.index_feed_generators: listRecords failed repo=did:plc:4v2hxhpb7yxuniqsafxvlcld err=HttpError('InvalidRequest: Could not find repo: did:plc:4v2hxhpb7yxuniqsafxvlcld')
2026-03-23T13:52:08Z WARNING bsky_collector_v2.job.index_feed_generators: listRecords failed repo=did:plc:6hjsreaqxbnlsyzzj2xu5ne7 err=HttpError('InvalidRequest: Could not find repo: did:plc:6hjsreaqxbnlsyzzj2xu5ne7')
2026-03-23T13:52:08Z WARNING bsky_collector_v2.job.index_feed_generators: listRecords failed repo=did:plc:b543nvpksxg6pd2sgyxvont4 err=HttpError('InvalidRequest: Could not find repo: did:plc:b543nvpksxg6pd2sgyxvont4')
2026-03-23T13:52:08Z INFO bsky_collector_v2.job.index_feed_generators: enqueued repos page=2 mode=listRepos inserted=500 repos_returned=500 next_cursor=set
2026-03-23T13:52:17Z WARNING bsky_collector_v2.job.index_feed_generators: listRecords failed repo=did:plc:5azkal4ylhczulsjufdvz2tr err=HttpError('InvalidRequest: Could not find repo: did:plc:5azkal4ylhczulsjufdvz2tr')
2026-03-23T13:52:23Z WARNING bsky_collector_v2.job.index_feed_generators: listRecords failed repo=did:plc:7dsnfwx7fbjcnoajpfx6pm6r err=HttpError('InvalidRequest: Could not find repo: did:plc:7dsnfwx7fbjcnoajpfx6pm6r')
2026-03-23T13:52:23Z WARNING bsky_collector_v2.job.index_feed_generators: listRecords failed repo=did:plc:7mpqe7aksocb3egijugl6y2q err=HttpError('InvalidRequest: Could not find repo: did:plc:7mpqe7aksocb3egijugl6y2q')
2026-03-23T13:52:58Z INFO bsky_collector_v2.job.index_feed_generators: indexed repo=did:plc:meyxjlgjqgwmfpnu5iysrtvc part=152 records=5 next_cursor=set
2026-03-23T13:53:17Z WARNING bsky_collector_v2.job.index_feed_generators: listRecords failed repo=did:plc:pzjfsjcn2525fxtdfgsv5rr2 err=HttpError('InvalidRequest: Could not find repo: did:plc:pzjfsjcn2525fxtdfgsv5rr2')
2026-03-23T13:53:27Z WARNING bsky_collector_v2.job.index_feed_generators: listRecords failed repo=did:plc:sjc36rguvbqftwma7of3coue err=HttpError('InvalidRequest: Could not find repo: did:plc:sjc36rguvbqftwma7of3coue')
2026-03-23T13:53:48Z WARNING bsky_collector_v2.job.index_feed_generators: listRecords failed repo=did:plc:5azkal4ylhczulsjufdvz2tr err=HttpError('InvalidRequest: Could not find repo: did:plc:5azkal4ylhczulsjufdvz2tr')
2026-03-23T13:53:48Z WARNING bsky_collector_v2.job.index_feed_generators: listRecords failed repo=did:plc:7dsnfwx7fbjcnoajpfx6pm6r err=HttpError('InvalidRequest: Could not find repo: did:plc:7dsnfwx7fbjcnoajpfx6pm6r')
2026-03-23T13:53:48Z WARNING bsky_collector_v2.job.index_feed_generators: listRecords failed repo=did:plc:7mpqe7aksocb3egijugl6y2q err=HttpError('InvalidRequest: Could not find repo: did:plc:7mpqe7aksocb3egijugl6y2q')
2026-03-23T13:53:48Z WARNING bsky_collector_v2.job.index_feed_generators: listRecords failed repo=did:plc:pzjfsjcn2525fxtdfgsv5rr2 err=HttpError('InvalidRequest: Could not find repo: did:plc:pzjfsjcn2525fxtdfgsv5rr2')
2026-03-23T13:53:48Z WARNING bsky_collector_v2.job.index_feed_generators: listRecords failed repo=did:plc:sjc36rguvbqftwma7of3coue err=HttpError('InvalidRequest: Could not find repo: did:plc:sjc36rguvbqftwma7of3coue')
2026-03-23T13:53:48Z WARNING bsky_collector_v2.job.index_feed_generators: listRecords failed repo=did:plc:5azkal4ylhczulsjufdvz2tr err=HttpError('InvalidRequest: Could not find repo: did:plc:5azkal4ylhczulsjufdvz2tr')
2026-03-23T13:53:48Z WARNING bsky_collector_v2.job.index_feed_generators: listRecords failed repo=did:plc:7dsnfwx7fbjcnoajpfx6pm6r err=HttpError('InvalidRequest: Could not find repo: did:plc:7dsnfwx7fbjcnoajpfx6pm6r')
2026-03-23T13:53:48Z WARNING bsky_collector_v2.job.index_feed_generators: listRecords failed repo=did:plc:7mpqe7aksocb3egijugl6y2q err=HttpError('InvalidRequest: Could not find repo: did:plc:7mpqe7aksocb3egijugl6y2q')
2026-03-23T13:53:48Z WARNING bsky_collector_v2.job.index_feed_generators: listRecords failed repo=did:plc:pzjfsjcn2525fxtdfgsv5rr2 err=HttpError('InvalidRequest: Could not find repo: did:plc:pzjfsjcn2525fxtdfgsv5rr2')
2026-03-23T13:53:48Z WARNING bsky_collector_v2.job.index_feed_generators: listRecords failed repo=did:plc:sjc36rguvbqftwma7of3coue err=HttpError('InvalidRequest: Could not find repo: did:plc:sjc36rguvbqftwma7of3coue')
2026-03-23T13:53:49Z INFO bsky_collector_v2.job.index_feed_generators: enqueued repos page=3 mode=listRepos inserted=500 repos_returned=500 next_cursor=set
2026-03-23T13:54:05Z INFO bsky_collector_v2.job.index_feed_generators: indexed repo=did:plc:7tdmoarvjxn44tmfu76s2hwr part=153 records=1 next_cursor=set
2026-03-23T13:54:22Z INFO bsky_collector_v2.job.index_feed_generators: indexed repo=did:plc:g2d5wjydfxoey4yp4gbtsqcm part=154 records=1 next_cursor=set
2026-03-23T13:55:21Z INFO bsky_collector_v2.job.index_feed_generators: enqueued repos page=4 mode=listRepos inserted=500 repos_returned=500 next_cursor=set
2026-03-23T13:57:00Z INFO bsky_collector_v2.job.index_feed_generators: enqueued repos page=5 mode=listRepos inserted=500 repos_returned=500 next_cursor=set
2026-03-23T13:57:11Z INFO bsky_collector_v2.job.index_feed_generators: indexed repo=did:plc:6j72cqisg7yrmca7fii2ntni part=155 records=1 next_cursor=set
2026-03-23T13:58:52Z INFO bsky_collector_v2.job.index_feed_generators: enqueued repos page=6 mode=listRepos inserted=500 repos_returned=500 next_cursor=set
2026-03-23T13:59:24Z WARNING bsky_collector_v2.job.index_feed_generators: listRecords failed repo=did:plc:fcxhlbh2hv6kuqi4a7lkczwp err=HttpError('InvalidRequest: Could not find repo: did:plc:fcxhlbh2hv6kuqi4a7lkczwp')
2026-03-23T13:59:31Z INFO bsky_collector_v2.job.index_feed_generators: indexed repo=did:plc:hobbccqaaeyxvxdxuzulhphd part=156 records=1 next_cursor=set
2026-03-23T13:59:53Z WARNING bsky_collector_v2.job.index_feed_generators: listRecords failed repo=did:plc:opfio6ovlsrjeggeaysnei4d err=HttpError('InvalidRequest: Could not find repo: did:plc:opfio6ovlsrjeggeaysnei4d')
2026-03-23T14:00:22Z WARNING bsky_collector_v2.job.index_feed_generators: listRecords failed repo=did:plc:fcxhlbh2hv6kuqi4a7lkczwp err=HttpError('InvalidRequest: Could not find repo: did:plc:fcxhlbh2hv6kuqi4a7lkczwp')
2026-03-23T14:00:24Z WARNING bsky_collector_v2.job.index_feed_generators: listRecords failed repo=did:plc:opfio6ovlsrjeggeaysnei4d err=HttpError('InvalidRequest: Could not find repo: did:plc:opfio6ovlsrjeggeaysnei4d')
2026-03-23T14:00:24Z WARNING bsky_collector_v2.job.index_feed_generators: listRecords failed repo=did:plc:fcxhlbh2hv6kuqi4a7lkczwp err=HttpError('InvalidRequest: Could not find repo: did:plc:fcxhlbh2hv6kuqi4a7lkczwp')
2026-03-23T14:00:25Z WARNING bsky_collector_v2.job.index_feed_generators: listRecords failed repo=did:plc:opfio6ovlsrjeggeaysnei4d err=HttpError('InvalidRequest: Could not find repo: did:plc:opfio6ovlsrjeggeaysnei4d')
2026-03-23T14:00:25Z INFO bsky_collector_v2.job.index_feed_generators: enqueued repos page=7 mode=listRepos inserted=500 repos_returned=500 next_cursor=set
2026-03-23T14:00:27Z WARNING bsky_collector_v2.job.index_feed_generators: listRecords failed repo=did:plc:2drcxm7nza7b7ifiyt37uya3 err=HttpError('InvalidRequest: Could not find repo: did:plc:2drcxm7nza7b7ifiyt37uya3')
2026-03-23T14:00:31Z WARNING bsky_collector_v2.job.index_feed_generators: listRecords failed repo=did:plc:2vy5dtmxkyaz56h6joqvfyin err=HttpError('InvalidRequest: Could not find repo: did:plc:2vy5dtmxkyaz56h6joqvfyin')
2026-03-23T14:01:10Z WARNING bsky_collector_v2.job.index_feed_generators: listRecords failed repo=did:plc:jlzgm6kq6xhlf2kjpdywtnfu err=HttpError('InvalidRequest: Could not find repo: did:plc:jlzgm6kq6xhlf2kjpdywtnfu')
2026-03-23T14:01:15Z WARNING bsky_collector_v2.job.index_feed_generators: listRecords failed repo=did:plc:lqpugcpzq4qamijvf43uynkk err=HttpError('InvalidRequest: Could not find repo: did:plc:lqpugcpzq4qamijvf43uynkk')
2026-03-23T14:01:16Z WARNING bsky_collector_v2.job.index_feed_generators: listRecords failed repo=did:plc:ltkbraf5rgr246x7l27opuv7 err=HttpError('InvalidRequest: Could not find repo: did:plc:ltkbraf5rgr246x7l27opuv7')
2026-03-23T14:01:53Z WARNING bsky_collector_v2.job.index_feed_generators: listRecords failed repo=did:plc:yce4r6m56ui5vo6s52p4mxsu err=HttpError('InvalidRequest: Could not find repo: did:plc:yce4r6m56ui5vo6s52p4mxsu')
2026-03-23T14:01:59Z WARNING bsky_collector_v2.job.index_feed_generators: listRecords failed repo=did:plc:2drcxm7nza7b7ifiyt37uya3 err=HttpError('InvalidRequest: Could not find repo: did:plc:2drcxm7nza7b7ifiyt37uya3')
2026-03-23T14:01:59Z WARNING bsky_collector_v2.job.index_feed_generators: listRecords failed repo=did:plc:2vy5dtmxkyaz56h6joqvfyin err=HttpError('InvalidRequest: Could not find repo: did:plc:2vy5dtmxkyaz56h6joqvfyin')
2026-03-23T14:01:59Z WARNING bsky_collector_v2.job.index_feed_generators: listRecords failed repo=did:plc:jlzgm6kq6xhlf2kjpdywtnfu err=HttpError('InvalidRequest: Could not find repo: did:plc:jlzgm6kq6xhlf2kjpdywtnfu')
2026-03-23T14:02:00Z WARNING bsky_collector_v2.job.index_feed_generators: listRecords failed repo=did:plc:lqpugcpzq4qamijvf43uynkk err=HttpError('InvalidRequest: Could not find repo: did:plc:lqpugcpzq4qamijvf43uynkk')
2026-03-23T14:02:00Z WARNING bsky_collector_v2.job.index_feed_generators: listRecords failed repo=did:plc:ltkbraf5rgr246x7l27opuv7 err=HttpError('InvalidRequest: Could not find repo: did:plc:ltkbraf5rgr246x7l27opuv7')
2026-03-23T14:02:00Z WARNING bsky_collector_v2.job.index_feed_generators: listRecords failed repo=did:plc:yce4r6m56ui5vo6s52p4mxsu err=HttpError('InvalidRequest: Could not find repo: did:plc:yce4r6m56ui5vo6s52p4mxsu')
2026-03-23T14:02:00Z WARNING bsky_collector_v2.job.index_feed_generators: listRecords failed repo=did:plc:2drcxm7nza7b7ifiyt37uya3 err=HttpError('InvalidRequest: Could not find repo: did:plc:2drcxm7nza7b7ifiyt37uya3')
2026-03-23T14:02:00Z WARNING bsky_collector_v2.job.index_feed_generators: listRecords failed repo=did:plc:2vy5dtmxkyaz56h6joqvfyin err=HttpError('InvalidRequest: Could not find repo: did:plc:2vy5dtmxkyaz56h6joqvfyin')
2026-03-23T14:02:00Z WARNING bsky_collector_v2.job.index_feed_generators: listRecords failed repo=did:plc:jlzgm6kq6xhlf2kjpdywtnfu err=HttpError('InvalidRequest: Could not find repo: did:plc:jlzgm6kq6xhlf2kjpdywtnfu')
2026-03-23T14:02:00Z WARNING bsky_collector_v2.job.index_feed_generators: listRecords failed repo=did:plc:lqpugcpzq4qamijvf43uynkk err=HttpError('InvalidRequest: Could not find repo: did:plc:lqpugcpzq4qamijvf43uynkk')
2026-03-23T14:02:00Z WARNING bsky_collector_v2.job.index_feed_generators: listRecords failed repo=did:plc:ltkbraf5rgr246x7l27opuv7 err=HttpError('InvalidRequest: Could not find repo: did:plc:ltkbraf5rgr246x7l27opuv7')
2026-03-23T14:02:00Z WARNING bsky_collector_v2.job.index_feed_generators: listRecords failed repo=did:plc:yce4r6m56ui5vo6s52p4mxsu err=HttpError('InvalidRequest: Could not find repo: did:plc:yce4r6m56ui5vo6s52p4mxsu')
2026-03-23T14:02:01Z INFO bsky_collector_v2.job.index_feed_generators: enqueued repos page=8 mode=listRepos inserted=500 repos_returned=500 next_cursor=set
2026-03-23T14:02:21Z INFO bsky_collector_v2.job.index_feed_generators: indexed repo=did:plc:bd7psnfs7oiyvnvne3sc66g7 part=157 records=1 next_cursor=set
2026-03-23T14:03:07Z WARNING bsky_collector_v2.job.index_feed_generators: listRecords failed repo=did:plc:sa3gg5lvmbrc7o6dyh5blp6f err=HttpError('InvalidRequest: Could not find repo: did:plc:sa3gg5lvmbrc7o6dyh5blp6f')
2026-03-23T14:03:16Z WARNING bsky_collector_v2.job.index_feed_generators: listRecords failed repo=did:plc:un3uybumcngxltgsozizcesf err=HttpError('InvalidRequest: Could not find repo: did:plc:un3uybumcngxltgsozizcesf')
2026-03-23T14:03:33Z WARNING bsky_collector_v2.job.index_feed_generators: listRecords failed repo=did:plc:sa3gg5lvmbrc7o6dyh5blp6f err=HttpError('InvalidRequest: Could not find repo: did:plc:sa3gg5lvmbrc7o6dyh5blp6f')
2026-03-23T14:03:33Z WARNING bsky_collector_v2.job.index_feed_generators: listRecords failed repo=did:plc:un3uybumcngxltgsozizcesf err=HttpError('InvalidRequest: Could not find repo: did:plc:un3uybumcngxltgsozizcesf')
2026-03-23T14:03:33Z WARNING bsky_collector_v2.job.index_feed_generators: listRecords failed repo=did:plc:sa3gg5lvmbrc7o6dyh5blp6f err=HttpError('InvalidRequest: Could not find repo: did:plc:sa3gg5lvmbrc7o6dyh5blp6f')
2026-03-23T14:03:33Z WARNING bsky_collector_v2.job.index_feed_generators: listRecords failed repo=did:plc:un3uybumcngxltgsozizcesf err=HttpError('InvalidRequest: Could not find repo: did:plc:un3uybumcngxltgsozizcesf')
2026-03-23T14:03:34Z INFO bsky_collector_v2.job.index_feed_generators: enqueued repos page=9 mode=listRepos inserted=500 repos_returned=500 next_cursor=set
2026-03-23T14:03:49Z WARNING bsky_collector_v2.job.index_feed_generators: listRecords failed repo=did:plc:aa5kuhkxfdywbvauolfxhkwh err=HttpError('InvalidRequest: Could not find repo: did:plc:aa5kuhkxfdywbvauolfxhkwh')
2026-03-23T14:04:57Z WARNING bsky_collector_v2.job.index_feed_generators: listRecords failed repo=did:plc:tb3ctb64gcppt6epg4eknlxo err=HttpError('InvalidRequest: Could not find repo: did:plc:tb3ctb64gcppt6epg4eknlxo')
2026-03-23T14:05:22Z WARNING bsky_collector_v2.job.index_feed_generators: listRecords failed repo=did:plc:aa5kuhkxfdywbvauolfxhkwh err=HttpError('InvalidRequest: Could not find repo: did:plc:aa5kuhkxfdywbvauolfxhkwh')
2026-03-23T14:05:23Z WARNING bsky_collector_v2.job.index_feed_generators: listRecords failed repo=did:plc:tb3ctb64gcppt6epg4eknlxo err=HttpError('InvalidRequest: Could not find repo: did:plc:tb3ctb64gcppt6epg4eknlxo')
2026-03-23T14:05:23Z WARNING bsky_collector_v2.job.index_feed_generators: listRecords failed repo=did:plc:aa5kuhkxfdywbvauolfxhkwh err=HttpError('InvalidRequest: Could not find repo: did:plc:aa5kuhkxfdywbvauolfxhkwh')
2026-03-23T14:05:23Z WARNING bsky_collector_v2.job.index_feed_generators: listRecords failed repo=did:plc:tb3ctb64gcppt6epg4eknlxo err=HttpError('InvalidRequest: Could not find repo: did:plc:tb3ctb64gcppt6epg4eknlxo')
2026-03-23T14:05:23Z INFO bsky_collector_v2.job.index_feed_generators: enqueued repos page=10 mode=listRepos inserted=500 repos_returned=500 next_cursor=set
2026-03-23T14:05:36Z WARNING bsky_collector_v2.job.index_feed_generators: listRecords failed repo=did:plc:55gpbwfssndu2heiwit5ciab err=HttpError('InvalidRequest: Could not find repo: did:plc:55gpbwfssndu2heiwit5ciab')
2026-03-23T14:05:50Z WARNING bsky_collector_v2.job.index_feed_generators: listRecords failed repo=did:plc:cbjnyrnttvdxgfw6ij3tlyty err=HttpError('InvalidRequest: Could not find repo: did:plc:cbjnyrnttvdxgfw6ij3tlyty')
2026-03-23T14:05:52Z WARNING bsky_collector_v2.job.index_feed_generators: listRecords failed repo=did:plc:cqgafggqq3nze6fnjez2yrqa err=HttpError('InvalidRequest: Could not find repo: did:plc:cqgafggqq3nze6fnjez2yrqa')
2026-03-23T14:06:06Z INFO bsky_collector_v2.job.index_feed_generators: indexed repo=did:plc:i5u63de77cknlzuzwfvibud5 part=158 records=2 next_cursor=set
2026-03-23T14:06:12Z WARNING bsky_collector_v2.job.index_feed_generators: listRecords failed repo=did:plc:kdj5cn24wov7vthbz5fmb4xp err=HttpError('InvalidRequest: Could not find repo: did:plc:kdj5cn24wov7vthbz5fmb4xp')
2026-03-23T14:06:15Z WARNING bsky_collector_v2.job.index_feed_generators: listRecords failed repo=did:plc:loxvcuciimr4qcujp2vu3psv err=HttpError('InvalidRequest: Could not find repo: did:plc:loxvcuciimr4qcujp2vu3psv')
2026-03-23T14:07:02Z WARNING bsky_collector_v2.job.index_feed_generators: listRecords failed repo=did:plc:55gpbwfssndu2heiwit5ciab err=HttpError('InvalidRequest: Could not find repo: did:plc:55gpbwfssndu2heiwit5ciab')
2026-03-23T14:07:02Z WARNING bsky_collector_v2.job.index_feed_generators: listRecords failed repo=did:plc:cbjnyrnttvdxgfw6ij3tlyty err=HttpError('InvalidRequest: Could not find repo: did:plc:cbjnyrnttvdxgfw6ij3tlyty')
2026-03-23T14:07:02Z WARNING bsky_collector_v2.job.index_feed_generators: listRecords failed repo=did:plc:cqgafggqq3nze6fnjez2yrqa err=HttpError('InvalidRequest: Could not find repo: did:plc:cqgafggqq3nze6fnjez2yrqa')
2026-03-23T14:07:02Z WARNING bsky_collector_v2.job.index_feed_generators: listRecords failed repo=did:plc:kdj5cn24wov7vthbz5fmb4xp err=HttpError('InvalidRequest: Could not find repo: did:plc:kdj5cn24wov7vthbz5fmb4xp')
2026-03-23T14:07:03Z WARNING bsky_collector_v2.job.index_feed_generators: listRecords failed repo=did:plc:loxvcuciimr4qcujp2vu3psv err=HttpError('InvalidRequest: Could not find repo: did:plc:loxvcuciimr4qcujp2vu3psv')
2026-03-23T14:07:03Z WARNING bsky_collector_v2.job.index_feed_generators: listRecords failed repo=did:plc:55gpbwfssndu2heiwit5ciab err=HttpError('InvalidRequest: Could not find repo: did:plc:55gpbwfssndu2heiwit5ciab')
2026-03-23T14:07:03Z WARNING bsky_collector_v2.job.index_feed_generators: listRecords failed repo=did:plc:cbjnyrnttvdxgfw6ij3tlyty err=HttpError('InvalidRequest: Could not find repo: did:plc:cbjnyrnttvdxgfw6ij3tlyty')
2026-03-23T14:07:03Z WARNING bsky_collector_v2.job.index_feed_generators: listRecords failed repo=did:plc:cqgafggqq3nze6fnjez2yrqa err=HttpError('InvalidRequest: Could not find repo: did:plc:cqgafggqq3nze6fnjez2yrqa')
2026-03-23T14:07:03Z WARNING bsky_collector_v2.job.index_feed_generators: listRecords failed repo=did:plc:kdj5cn24wov7vthbz5fmb4xp err=HttpError('InvalidRequest: Could not find repo: did:plc:kdj5cn24wov7vthbz5fmb4xp')
2026-03-23T14:07:03Z WARNING bsky_collector_v2.job.index_feed_generators: listRecords failed repo=did:plc:loxvcuciimr4qcujp2vu3psv err=HttpError('InvalidRequest: Could not find repo: did:plc:loxvcuciimr4qcujp2vu3psv')
2026-03-23T14:07:04Z INFO bsky_collector_v2.job.index_feed_generators: enqueued repos page=11 mode=listRepos inserted=500 repos_returned=500 next_cursor=set
2026-03-23T14:07:11Z WARNING bsky_collector_v2.job.index_feed_generators: listRecords failed repo=did:plc:4pw7cz5awfp5m2a3wqus2f34 err=HttpError('InvalidRequest: Could not find repo: did:plc:4pw7cz5awfp5m2a3wqus2f34')
2026-03-23T14:07:15Z WARNING bsky_collector_v2.job.index_feed_generators: listRecords failed repo=did:plc:6aiw2ygsjwcmau6mmj5cbymp err=HttpError('InvalidRequest: Could not find repo: did:plc:6aiw2ygsjwcmau6mmj5cbymp')
2026-03-23T14:07:29Z WARNING bsky_collector_v2.job.index_feed_generators: listRecords failed repo=did:plc:cjd4ais4ch36lmsyk7fo345j err=HttpError('InvalidRequest: Could not find repo: did:plc:cjd4ais4ch36lmsyk7fo345j')
2026-03-23T14:07:43Z WARNING bsky_collector_v2.job.index_feed_generators: listRecords failed repo=did:plc:hnhzlyzxuxmfm3qfylb4qqji err=HttpError('InvalidRequest: Could not find repo: did:plc:hnhzlyzxuxmfm3qfylb4qqji')
2026-03-23T14:08:06Z WARNING bsky_collector_v2.job.index_feed_generators: listRecords failed repo=did:plc:qeyyrszduc7gxwkr426wr2kq err=HttpError('InvalidRequest: Could not find repo: did:plc:qeyyrszduc7gxwkr426wr2kq')
2026-03-23T14:08:33Z WARNING bsky_collector_v2.job.index_feed_generators: listRecords failed repo=did:plc:4pw7cz5awfp5m2a3wqus2f34 err=HttpError('InvalidRequest: Could not find repo: did:plc:4pw7cz5awfp5m2a3wqus2f34')
2026-03-23T14:08:33Z WARNING bsky_collector_v2.job.index_feed_generators: listRecords failed repo=did:plc:6aiw2ygsjwcmau6mmj5cbymp err=HttpError('InvalidRequest: Could not find repo: did:plc:6aiw2ygsjwcmau6mmj5cbymp')
2026-03-23T14:08:33Z WARNING bsky_collector_v2.job.index_feed_generators: listRecords failed repo=did:plc:cjd4ais4ch36lmsyk7fo345j err=HttpError('InvalidRequest: Could not find repo: did:plc:cjd4ais4ch36lmsyk7fo345j')
2026-03-23T14:08:33Z WARNING bsky_collector_v2.job.index_feed_generators: listRecords failed repo=did:plc:hnhzlyzxuxmfm3qfylb4qqji err=HttpError('InvalidRequest: Could not find repo: did:plc:hnhzlyzxuxmfm3qfylb4qqji')
2026-03-23T14:08:33Z WARNING bsky_collector_v2.job.index_feed_generators: listRecords failed repo=did:plc:qeyyrszduc7gxwkr426wr2kq err=HttpError('InvalidRequest: Could not find repo: did:plc:qeyyrszduc7gxwkr426wr2kq')
2026-03-23T14:08:33Z WARNING bsky_collector_v2.job.index_feed_generators: listRecords failed repo=did:plc:4pw7cz5awfp5m2a3wqus2f34 err=HttpError('InvalidRequest: Could not find repo: did:plc:4pw7cz5awfp5m2a3wqus2f34')
2026-03-23T14:08:33Z WARNING bsky_collector_v2.job.index_feed_generators: listRecords failed repo=did:plc:6aiw2ygsjwcmau6mmj5cbymp err=HttpError('InvalidRequest: Could not find repo: did:plc:6aiw2ygsjwcmau6mmj5cbymp')
2026-03-23T14:08:33Z WARNING bsky_collector_v2.job.index_feed_generators: listRecords failed repo=did:plc:cjd4ais4ch36lmsyk7fo345j err=HttpError('InvalidRequest: Could not find repo: did:plc:cjd4ais4ch36lmsyk7fo345j')
2026-03-23T14:08:33Z WARNING bsky_collector_v2.job.index_feed_generators: listRecords failed repo=did:plc:hnhzlyzxuxmfm3qfylb4qqji err=HttpError('InvalidRequest: Could not find repo: did:plc:hnhzlyzxuxmfm3qfylb4qqji')
2026-03-23T14:08:33Z WARNING bsky_collector_v2.job.index_feed_generators: listRecords failed repo=did:plc:qeyyrszduc7gxwkr426wr2kq err=HttpError('InvalidRequest: Could not find repo: did:plc:qeyyrszduc7gxwkr426wr2kq')
2026-03-23T14:08:34Z INFO bsky_collector_v2.job.index_feed_generators: enqueued repos page=12 mode=listRepos inserted=500 repos_returned=500 next_cursor=set
2026-03-23T14:09:18Z WARNING bsky_collector_v2.job.index_feed_generators: listRecords failed repo=did:plc:jsbil3ngkt6vhz2xmymvtv37 err=HttpError('InvalidRequest: Could not find repo: did:plc:jsbil3ngkt6vhz2xmymvtv37')
2026-03-23T14:09:41Z WARNING bsky_collector_v2.job.index_feed_generators: listRecords failed repo=did:plc:rydlnbdechbbrfs4hj4uivwi err=HttpError('InvalidRequest: Could not find repo: did:plc:rydlnbdechbbrfs4hj4uivwi')
2026-03-23T14:10:04Z WARNING bsky_collector_v2.job.index_feed_generators: listRecords failed repo=did:plc:jsbil3ngkt6vhz2xmymvtv37 err=HttpError('InvalidRequest: Could not find repo: did:plc:jsbil3ngkt6vhz2xmymvtv37')
2026-03-23T14:10:04Z WARNING bsky_collector_v2.job.index_feed_generators: listRecords failed repo=did:plc:rydlnbdechbbrfs4hj4uivwi err=HttpError('InvalidRequest: Could not find repo: did:plc:rydlnbdechbbrfs4hj4uivwi')
2026-03-23T14:10:04Z WARNING bsky_collector_v2.job.index_feed_generators: listRecords failed repo=did:plc:jsbil3ngkt6vhz2xmymvtv37 err=HttpError('InvalidRequest: Could not find repo: did:plc:jsbil3ngkt6vhz2xmymvtv37')
2026-03-23T14:10:04Z WARNING bsky_collector_v2.job.index_feed_generators: listRecords failed repo=did:plc:rydlnbdechbbrfs4hj4uivwi err=HttpError('InvalidRequest: Could not find repo: did:plc:rydlnbdechbbrfs4hj4uivwi')
2026-03-23T14:10:05Z INFO bsky_collector_v2.job.index_feed_generators: enqueued repos page=13 mode=listRepos inserted=500 repos_returned=500 next_cursor=set
2026-03-23T14:10:54Z INFO bsky_collector_v2.job.index_feed_generators: indexed repo=did:plc:ir7pte7jblj6rirwc2ziw6uo part=159 records=2 next_cursor=set
2026-03-23T14:11:14Z WARNING bsky_collector_v2.job.index_feed_generators: listRecords failed repo=did:plc:opcr7tzmk3mclwiljibjmxwx err=HttpError('InvalidRequest: Could not find repo: did:plc:opcr7tzmk3mclwiljibjmxwx')
2026-03-23T14:11:51Z WARNING bsky_collector_v2.job.index_feed_generators: listRecords failed repo=did:plc:opcr7tzmk3mclwiljibjmxwx err=HttpError('InvalidRequest: Could not find repo: did:plc:opcr7tzmk3mclwiljibjmxwx')
2026-03-23T14:11:51Z WARNING bsky_collector_v2.job.index_feed_generators: listRecords failed repo=did:plc:opcr7tzmk3mclwiljibjmxwx err=HttpError('InvalidRequest: Could not find repo: did:plc:opcr7tzmk3mclwiljibjmxwx')
2026-03-23T14:11:52Z INFO bsky_collector_v2.job.index_feed_generators: enqueued repos page=14 mode=listRepos inserted=500 repos_returned=500 next_cursor=set
2026-03-23T14:12:36Z WARNING bsky_collector_v2.job.index_feed_generators: listRecords failed repo=did:plc:hxrm6ykjpcwtkluhz6svqns7 err=HttpError('InvalidRequest: Could not find repo: did:plc:hxrm6ykjpcwtkluhz6svqns7')
2026-03-23T14:12:39Z WARNING bsky_collector_v2.job.index_feed_generators: listRecords failed repo=did:plc:ie46jvrpldoxewo4ilho5zoz err=HttpError('InvalidRequest: Could not find repo: did:plc:ie46jvrpldoxewo4ilho5zoz')
2026-03-23T14:13:27Z WARNING bsky_collector_v2.job.index_feed_generators: listRecords failed repo=did:plc:vjz4tgfi55s5ry6cjtmbu3d2 err=HttpError('InvalidRequest: Could not find repo: did:plc:vjz4tgfi55s5ry6cjtmbu3d2')
2026-03-23T14:13:31Z WARNING bsky_collector_v2.job.index_feed_generators: listRecords failed repo=did:plc:xekg4gc2dv7yqecmswvxnjbt err=HttpError('InvalidRequest: Could not find repo: did:plc:xekg4gc2dv7yqecmswvxnjbt')
2026-03-23T14:13:33Z WARNING bsky_collector_v2.job.index_feed_generators: listRecords failed repo=did:plc:xt4xsjcztwcznaowzaakwl7i err=HttpError('InvalidRequest: Could not find repo: did:plc:xt4xsjcztwcznaowzaakwl7i')
2026-03-23T14:13:38Z WARNING bsky_collector_v2.job.index_feed_generators: listRecords failed repo=did:plc:hxrm6ykjpcwtkluhz6svqns7 err=HttpError('InvalidRequest: Could not find repo: did:plc:hxrm6ykjpcwtkluhz6svqns7')
2026-03-23T14:13:38Z WARNING bsky_collector_v2.job.index_feed_generators: listRecords failed repo=did:plc:ie46jvrpldoxewo4ilho5zoz err=HttpError('InvalidRequest: Could not find repo: did:plc:ie46jvrpldoxewo4ilho5zoz')
2026-03-23T14:13:38Z WARNING bsky_collector_v2.job.index_feed_generators: listRecords failed repo=did:plc:vjz4tgfi55s5ry6cjtmbu3d2 err=HttpError('InvalidRequest: Could not find repo: did:plc:vjz4tgfi55s5ry6cjtmbu3d2')
2026-03-23T14:13:38Z WARNING bsky_collector_v2.job.index_feed_generators: listRecords failed repo=did:plc:xekg4gc2dv7yqecmswvxnjbt err=HttpError('InvalidRequest: Could not find repo: did:plc:xekg4gc2dv7yqecmswvxnjbt')
2026-03-23T14:13:39Z WARNING bsky_collector_v2.job.index_feed_generators: listRecords failed repo=did:plc:xt4xsjcztwcznaowzaakwl7i err=HttpError('InvalidRequest: Could not find repo: did:plc:xt4xsjcztwcznaowzaakwl7i')
2026-03-23T14:13:39Z WARNING bsky_collector_v2.job.index_feed_generators: listRecords failed repo=did:plc:hxrm6ykjpcwtkluhz6svqns7 err=HttpError('InvalidRequest: Could not find repo: did:plc:hxrm6ykjpcwtkluhz6svqns7')
2026-03-23T14:13:39Z WARNING bsky_collector_v2.job.index_feed_generators: listRecords failed repo=did:plc:ie46jvrpldoxewo4ilho5zoz err=HttpError('InvalidRequest: Could not find repo: did:plc:ie46jvrpldoxewo4ilho5zoz')
2026-03-23T14:13:39Z WARNING bsky_collector_v2.job.index_feed_generators: listRecords failed repo=did:plc:vjz4tgfi55s5ry6cjtmbu3d2 err=HttpError('InvalidRequest: Could not find repo: did:plc:vjz4tgfi55s5ry6cjtmbu3d2')
2026-03-23T14:13:39Z WARNING bsky_collector_v2.job.index_feed_generators: listRecords failed repo=did:plc:xekg4gc2dv7yqecmswvxnjbt err=HttpError('InvalidRequest: Could not find repo: did:plc:xekg4gc2dv7yqecmswvxnjbt')
2026-03-23T14:13:39Z WARNING bsky_collector_v2.job.index_feed_generators: listRecords failed repo=did:plc:xt4xsjcztwcznaowzaakwl7i err=HttpError('InvalidRequest: Could not find repo: did:plc:xt4xsjcztwcznaowzaakwl7i')
2026-03-23T14:13:40Z INFO bsky_collector_v2.job.index_feed_generators: enqueued repos page=15 mode=listRepos inserted=500 repos_returned=500 next_cursor=set
2026-03-23T14:14:16Z WARNING bsky_collector_v2.job.index_feed_generators: listRecords failed repo=did:plc:hivimeipu3wg5vutob4ubspc err=HttpError('InvalidRequest: Could not find repo: did:plc:hivimeipu3wg5vutob4ubspc')
2026-03-23T14:14:36Z WARNING bsky_collector_v2.job.index_feed_generators: listRecords failed repo=did:plc:ptwlgkc4imccbpjjj524pbru err=HttpError('InvalidRequest: Could not find repo: did:plc:ptwlgkc4imccbpjjj524pbru')
2026-03-23T14:15:03Z WARNING bsky_collector_v2.job.index_feed_generators: listRecords failed repo=did:plc:hivimeipu3wg5vutob4ubspc err=HttpError('InvalidRequest: Could not find repo: did:plc:hivimeipu3wg5vutob4ubspc')
2026-03-23T14:15:03Z WARNING bsky_collector_v2.job.index_feed_generators: listRecords failed repo=did:plc:ptwlgkc4imccbpjjj524pbru err=HttpError('InvalidRequest: Could not find repo: did:plc:ptwlgkc4imccbpjjj524pbru')
2026-03-23T14:15:03Z WARNING bsky_collector_v2.job.index_feed_generators: listRecords failed repo=did:plc:hivimeipu3wg5vutob4ubspc err=HttpError('InvalidRequest: Could not find repo: did:plc:hivimeipu3wg5vutob4ubspc')
2026-03-23T14:15:03Z WARNING bsky_collector_v2.job.index_feed_generators: listRecords failed repo=did:plc:ptwlgkc4imccbpjjj524pbru err=HttpError('InvalidRequest: Could not find repo: did:plc:ptwlgkc4imccbpjjj524pbru')
2026-03-23T14:15:04Z INFO bsky_collector_v2.job.index_feed_generators: enqueued repos page=16 mode=listRepos inserted=500 repos_returned=500 next_cursor=set
2026-03-23T14:15:24Z WARNING bsky_collector_v2.job.index_feed_generators: listRecords failed repo=did:plc:avxxlpi4cjjqltgkqcorps7s err=HttpError('InvalidRequest: Could not find repo: did:plc:avxxlpi4cjjqltgkqcorps7s')
2026-03-23T14:16:28Z WARNING bsky_collector_v2.job.index_feed_generators: listRecords failed repo=did:plc:avxxlpi4cjjqltgkqcorps7s err=HttpError('InvalidRequest: Could not find repo: did:plc:avxxlpi4cjjqltgkqcorps7s')
2026-03-23T14:16:28Z WARNING bsky_collector_v2.job.index_feed_generators: listRecords failed repo=did:plc:avxxlpi4cjjqltgkqcorps7s err=HttpError('InvalidRequest: Could not find repo: did:plc:avxxlpi4cjjqltgkqcorps7s')
2026-03-23T14:16:29Z INFO bsky_collector_v2.job.index_feed_generators: enqueued repos page=17 mode=listRepos inserted=500 repos_returned=500 next_cursor=set
2026-03-23T14:17:00Z WARNING bsky_collector_v2.job.index_feed_generators: listRecords failed repo=did:plc:bp673wjn22mimtxh3mbaidwk err=HttpError('InvalidRequest: Could not find repo: did:plc:bp673wjn22mimtxh3mbaidwk')
2026-03-23T14:17:45Z WARNING bsky_collector_v2.job.index_feed_generators: listRecords failed repo=did:plc:rdtf2hleaqlpjmfslb74bzja err=HttpError('InvalidRequest: Could not find repo: did:plc:rdtf2hleaqlpjmfslb74bzja')
2026-03-23T14:18:08Z WARNING bsky_collector_v2.job.index_feed_generators: listRecords failed repo=did:plc:bp673wjn22mimtxh3mbaidwk err=HttpError('InvalidRequest: Could not find repo: did:plc:bp673wjn22mimtxh3mbaidwk')
2026-03-23T14:18:08Z WARNING bsky_collector_v2.job.index_feed_generators: listRecords failed repo=did:plc:rdtf2hleaqlpjmfslb74bzja err=HttpError('InvalidRequest: Could not find repo: did:plc:rdtf2hleaqlpjmfslb74bzja')
2026-03-23T14:18:08Z WARNING bsky_collector_v2.job.index_feed_generators: listRecords failed repo=did:plc:bp673wjn22mimtxh3mbaidwk err=HttpError('InvalidRequest: Could not find repo: did:plc:bp673wjn22mimtxh3mbaidwk')
2026-03-23T14:18:08Z WARNING bsky_collector_v2.job.index_feed_generators: listRecords failed repo=did:plc:rdtf2hleaqlpjmfslb74bzja err=HttpError('InvalidRequest: Could not find repo: did:plc:rdtf2hleaqlpjmfslb74bzja')
2026-03-23T14:18:09Z INFO bsky_collector_v2.job.index_feed_generators: enqueued repos page=18 mode=listRepos inserted=500 repos_returned=500 next_cursor=set
2026-03-23T14:18:29Z INFO bsky_collector_v2.job.index_feed_generators: indexed repo=did:plc:6h6iisjn4vttlowhshkzm5zu part=160 records=7 next_cursor=set
2026-03-23T14:19:00Z WARNING bsky_collector_v2.job.index_feed_generators: listRecords failed repo=did:plc:il5w3tira6cxizgvasssyvs5 err=HttpError('InvalidRequest: Could not find repo: did:plc:il5w3tira6cxizgvasssyvs5')
2026-03-23T14:19:26Z INFO bsky_collector_v2.job.index_feed_generators: indexed repo=did:plc:suvnslzfiu4c47m35jooe7n3 part=161 records=1 next_cursor=set
2026-03-23T14:19:52Z WARNING bsky_collector_v2.job.index_feed_generators: listRecords failed repo=did:plc:il5w3tira6cxizgvasssyvs5 err=HttpError('InvalidRequest: Could not find repo: did:plc:il5w3tira6cxizgvasssyvs5')
2026-03-23T14:19:52Z WARNING bsky_collector_v2.job.index_feed_generators: listRecords failed repo=did:plc:il5w3tira6cxizgvasssyvs5 err=HttpError('InvalidRequest: Could not find repo: did:plc:il5w3tira6cxizgvasssyvs5')
2026-03-23T14:19:53Z INFO bsky_collector_v2.job.index_feed_generators: enqueued repos page=19 mode=listRepos inserted=500 repos_returned=500 next_cursor=set
2026-03-23T14:20:42Z INFO bsky_collector_v2.job.index_feed_generators: indexed repo=did:plc:jqzvhkz7gxovq55fa7ibs6px part=162 records=3 next_cursor=set
2026-03-23T14:21:25Z INFO bsky_collector_v2.job.index_feed_generators: enqueued repos page=20 mode=listRepos inserted=500 repos_returned=500 next_cursor=set
2026-03-23T14:22:54Z INFO bsky_collector_v2.job.index_feed_generators: enqueued repos page=21 mode=listRepos inserted=500 repos_returned=500 next_cursor=set
2026-03-23T14:23:16Z WARNING bsky_collector_v2.job.index_feed_generators: listRecords failed repo=did:plc:an5bcr6jdjitee7clj2xyvg6 err=HttpError('InvalidRequest: Could not find repo: did:plc:an5bcr6jdjitee7clj2xyvg6')
2026-03-23T14:23:25Z WARNING bsky_collector_v2.job.index_feed_generators: listRecords failed repo=did:plc:e7fkx5ndf6rwwmatxsqmeszw err=HttpError('InvalidRequest: Could not find repo: did:plc:e7fkx5ndf6rwwmatxsqmeszw')
2026-03-23T14:24:21Z WARNING bsky_collector_v2.job.index_feed_generators: listRecords failed repo=did:plc:an5bcr6jdjitee7clj2xyvg6 err=HttpError('InvalidRequest: Could not find repo: did:plc:an5bcr6jdjitee7clj2xyvg6')
2026-03-23T14:24:21Z WARNING bsky_collector_v2.job.index_feed_generators: listRecords failed repo=did:plc:e7fkx5ndf6rwwmatxsqmeszw err=HttpError('InvalidRequest: Could not find repo: did:plc:e7fkx5ndf6rwwmatxsqmeszw')
2026-03-23T14:24:22Z WARNING bsky_collector_v2.job.index_feed_generators: listRecords failed repo=did:plc:an5bcr6jdjitee7clj2xyvg6 err=HttpError('InvalidRequest: Could not find repo: did:plc:an5bcr6jdjitee7clj2xyvg6')
2026-03-23T14:24:22Z WARNING bsky_collector_v2.job.index_feed_generators: listRecords failed repo=did:plc:e7fkx5ndf6rwwmatxsqmeszw err=HttpError('InvalidRequest: Could not find repo: did:plc:e7fkx5ndf6rwwmatxsqmeszw')
2026-03-23T14:24:22Z INFO bsky_collector_v2.job.index_feed_generators: enqueued repos page=22 mode=listRepos inserted=500 repos_returned=500 next_cursor=set
2026-03-23T14:25:09Z WARNING bsky_collector_v2.job.index_feed_generators: listRecords failed repo=did:plc:l6wv4htqair3fblcggdmxfv5 err=HttpError('InvalidRequest: Could not find repo: did:plc:l6wv4htqair3fblcggdmxfv5')
2026-03-23T14:25:26Z INFO bsky_collector_v2.job.index_feed_generators: indexed repo=did:plc:qpfd7i4judckc5svmfneaeil part=163 records=5 next_cursor=set
2026-03-23T14:25:54Z WARNING bsky_collector_v2.job.index_feed_generators: listRecords failed repo=did:plc:l6wv4htqair3fblcggdmxfv5 err=HttpError('InvalidRequest: Could not find repo: did:plc:l6wv4htqair3fblcggdmxfv5')
2026-03-23T14:25:54Z WARNING bsky_collector_v2.job.index_feed_generators: listRecords failed repo=did:plc:l6wv4htqair3fblcggdmxfv5 err=HttpError('InvalidRequest: Could not find repo: did:plc:l6wv4htqair3fblcggdmxfv5')
2026-03-23T14:25:55Z INFO bsky_collector_v2.job.index_feed_generators: enqueued repos page=23 mode=listRepos inserted=500 repos_returned=500 next_cursor=set
2026-03-23T14:27:10Z INFO bsky_collector_v2.job.index_feed_generators: indexed repo=did:plc:t4fuy2byiatoqmvnlt74tn63 part=164 records=1 next_cursor=set
2026-03-23T14:27:27Z INFO bsky_collector_v2.job.index_feed_generators: enqueued repos page=24 mode=listRepos inserted=500 repos_returned=500 next_cursor=set
2026-03-23T14:27:47Z WARNING bsky_collector_v2.job.index_feed_generators: listRecords failed repo=did:plc:bjps27xnlickhketop4o6nl6 err=HttpError('InvalidRequest: Could not find repo: did:plc:bjps27xnlickhketop4o6nl6')
2026-03-23T14:28:32Z WARNING bsky_collector_v2.job.index_feed_generators: listRecords failed repo=did:plc:r2z3qu3xegfhjmfur5tzt4gm err=HttpError('InvalidRequest: Could not find repo: did:plc:r2z3qu3xegfhjmfur5tzt4gm')
2026-03-23T14:28:59Z INFO bsky_collector_v2.job.index_feed_generators: indexed repo=did:plc:zg6hkmkkkhdriu3r5i5pmgn7 part=165 records=2 next_cursor=set
2026-03-23T14:29:02Z WARNING bsky_collector_v2.job.index_feed_generators: listRecords failed repo=did:plc:bjps27xnlickhketop4o6nl6 err=HttpError('InvalidRequest: Could not find repo: did:plc:bjps27xnlickhketop4o6nl6')
2026-03-23T14:29:03Z WARNING bsky_collector_v2.job.index_feed_generators: listRecords failed repo=did:plc:r2z3qu3xegfhjmfur5tzt4gm err=HttpError('InvalidRequest: Could not find repo: did:plc:r2z3qu3xegfhjmfur5tzt4gm')
2026-03-23T14:29:03Z WARNING bsky_collector_v2.job.index_feed_generators: listRecords failed repo=did:plc:bjps27xnlickhketop4o6nl6 err=HttpError('InvalidRequest: Could not find repo: did:plc:bjps27xnlickhketop4o6nl6')
2026-03-23T14:29:03Z WARNING bsky_collector_v2.job.index_feed_generators: listRecords failed repo=did:plc:r2z3qu3xegfhjmfur5tzt4gm err=HttpError('InvalidRequest: Could not find repo: did:plc:r2z3qu3xegfhjmfur5tzt4gm')
2026-03-23T14:29:04Z INFO bsky_collector_v2.job.index_feed_generators: enqueued repos page=25 mode=listRepos inserted=500 repos_returned=500 next_cursor=set
2026-03-23T14:30:00Z WARNING bsky_collector_v2.job.index_feed_generators: listRecords failed repo=did:plc:nbzfuvm5gg7pjbedbrgylb6y err=HttpError('InvalidRequest: Could not find repo: did:plc:nbzfuvm5gg7pjbedbrgylb6y')
2026-03-23T14:30:08Z WARNING bsky_collector_v2.job.index_feed_generators: listRecords failed repo=did:plc:prnc4mbmi2fhqnk4f5bkunnl err=HttpError('InvalidRequest: Could not find repo: did:plc:prnc4mbmi2fhqnk4f5bkunnl')
2026-03-23T14:30:37Z INFO bsky_collector_v2.job.index_feed_generators: indexed repo=did:plc:zpmpq3tifkzk7nqbgsmqvwj5 part=166 records=1 next_cursor=set
2026-03-23T14:30:38Z WARNING bsky_collector_v2.job.index_feed_generators: listRecords failed repo=did:plc:nbzfuvm5gg7pjbedbrgylb6y err=HttpError('InvalidRequest: Could not find repo: did:plc:nbzfuvm5gg7pjbedbrgylb6y')
2026-03-23T14:30:38Z WARNING bsky_collector_v2.job.index_feed_generators: listRecords failed repo=did:plc:prnc4mbmi2fhqnk4f5bkunnl err=HttpError('InvalidRequest: Could not find repo: did:plc:prnc4mbmi2fhqnk4f5bkunnl')
2026-03-23T14:30:38Z WARNING bsky_collector_v2.job.index_feed_generators: listRecords failed repo=did:plc:nbzfuvm5gg7pjbedbrgylb6y err=HttpError('InvalidRequest: Could not find repo: did:plc:nbzfuvm5gg7pjbedbrgylb6y')
2026-03-23T14:30:38Z WARNING bsky_collector_v2.job.index_feed_generators: listRecords failed repo=did:plc:prnc4mbmi2fhqnk4f5bkunnl err=HttpError('InvalidRequest: Could not find repo: did:plc:prnc4mbmi2fhqnk4f5bkunnl')
2026-03-23T14:30:39Z INFO bsky_collector_v2.job.index_feed_generators: enqueued repos page=26 mode=listRepos inserted=500 repos_returned=500 next_cursor=set
2026-03-23T14:31:23Z WARNING bsky_collector_v2.job.index_feed_generators: listRecords failed repo=did:plc:k4fubljav2dj2dtvz6kf7m4i err=HttpError('InvalidRequest: Could not find repo: did:plc:k4fubljav2dj2dtvz6kf7m4i')
2026-03-23T14:32:07Z WARNING bsky_collector_v2.job.index_feed_generators: listRecords failed repo=did:plc:k4fubljav2dj2dtvz6kf7m4i err=HttpError('InvalidRequest: Could not find repo: did:plc:k4fubljav2dj2dtvz6kf7m4i')
2026-03-23T14:32:07Z WARNING bsky_collector_v2.job.index_feed_generators: listRecords failed repo=did:plc:k4fubljav2dj2dtvz6kf7m4i err=HttpError('InvalidRequest: Could not find repo: did:plc:k4fubljav2dj2dtvz6kf7m4i')
2026-03-23T14:32:08Z INFO bsky_collector_v2.job.index_feed_generators: enqueued repos page=27 mode=listRepos inserted=500 repos_returned=500 next_cursor=set
2026-03-23T14:33:11Z WARNING bsky_collector_v2.job.index_feed_generators: listRecords failed repo=did:plc:s5izbdetnpaxj46ovl5bzukr err=HttpError('InvalidRequest: Could not find repo: did:plc:s5izbdetnpaxj46ovl5bzukr')
2026-03-23T14:33:23Z WARNING bsky_collector_v2.job.index_feed_generators: listRecords failed repo=did:plc:w6t2quojzfn6xthd4pvwixaq err=HttpError('InvalidRequest: Could not find repo: did:plc:w6t2quojzfn6xthd4pvwixaq')
2026-03-23T14:33:33Z WARNING bsky_collector_v2.job.index_feed_generators: listRecords failed repo=did:plc:ze5idijgd3dbmqlh75yv353d err=HttpError('InvalidRequest: Could not find repo: did:plc:ze5idijgd3dbmqlh75yv353d')
2026-03-23T14:33:35Z WARNING bsky_collector_v2.job.index_feed_generators: listRecords failed repo=did:plc:s5izbdetnpaxj46ovl5bzukr err=HttpError('InvalidRequest: Could not find repo: did:plc:s5izbdetnpaxj46ovl5bzukr')
2026-03-23T14:33:35Z WARNING bsky_collector_v2.job.index_feed_generators: listRecords failed repo=did:plc:w6t2quojzfn6xthd4pvwixaq err=HttpError('InvalidRequest: Could not find repo: did:plc:w6t2quojzfn6xthd4pvwixaq')
2026-03-23T14:33:35Z WARNING bsky_collector_v2.job.index_feed_generators: listRecords failed repo=did:plc:ze5idijgd3dbmqlh75yv353d err=HttpError('InvalidRequest: Could not find repo: did:plc:ze5idijgd3dbmqlh75yv353d')
2026-03-23T14:33:35Z WARNING bsky_collector_v2.job.index_feed_generators: listRecords failed repo=did:plc:s5izbdetnpaxj46ovl5bzukr err=HttpError('InvalidRequest: Could not find repo: did:plc:s5izbdetnpaxj46ovl5bzukr')
2026-03-23T14:33:35Z WARNING bsky_collector_v2.job.index_feed_generators: listRecords failed repo=did:plc:w6t2quojzfn6xthd4pvwixaq err=HttpError('InvalidRequest: Could not find repo: did:plc:w6t2quojzfn6xthd4pvwixaq')
2026-03-23T14:33:35Z WARNING bsky_collector_v2.job.index_feed_generators: listRecords failed repo=did:plc:ze5idijgd3dbmqlh75yv353d err=HttpError('InvalidRequest: Could not find repo: did:plc:ze5idijgd3dbmqlh75yv353d')
2026-03-23T14:33:36Z INFO bsky_collector_v2.job.index_feed_generators: enqueued repos page=28 mode=listRepos inserted=500 repos_returned=500 next_cursor=set
2026-03-23T14:35:09Z WARNING bsky_collector_v2.job.index_feed_generators: listRecords failed repo=did:web:didweb.mrrp.lol err=HttpError('InvalidRequest: Could not find repo: did:web:didweb.mrrp.lol')
2026-03-23T14:35:09Z WARNING bsky_collector_v2.job.index_feed_generators: listRecords failed repo=did:web:didweb.mrrp.lol err=HttpError('InvalidRequest: Could not find repo: did:web:didweb.mrrp.lol')
2026-03-23T14:35:09Z WARNING bsky_collector_v2.job.index_feed_generators: listRecords failed repo=did:web:didweb.mrrp.lol err=HttpError('InvalidRequest: Could not find repo: did:web:didweb.mrrp.lol')
2026-03-23T14:35:09Z INFO bsky_collector_v2.job.index_feed_generators: enqueued repos page=29 mode=listRepos inserted=500 repos_returned=500 next_cursor=set
2026-03-23T14:35:20Z INFO bsky_collector_v2.job.index_feed_generators: indexed repo=did:plc:64k7xps72tagrceez4ed37zk part=167 records=1 next_cursor=set
2026-03-23T14:35:51Z WARNING bsky_collector_v2.job.index_feed_generators: listRecords failed repo=did:plc:j5kbwhmd443ek6crecv66bzu err=HttpError('InvalidRequest: Could not find repo: did:plc:j5kbwhmd443ek6crecv66bzu')
2026-03-23T14:36:39Z WARNING bsky_collector_v2.job.index_feed_generators: listRecords failed repo=did:plc:j5kbwhmd443ek6crecv66bzu err=HttpError('InvalidRequest: Could not find repo: did:plc:j5kbwhmd443ek6crecv66bzu')
2026-03-23T14:36:39Z WARNING bsky_collector_v2.job.index_feed_generators: listRecords failed repo=did:plc:j5kbwhmd443ek6crecv66bzu err=HttpError('InvalidRequest: Could not find repo: did:plc:j5kbwhmd443ek6crecv66bzu')
2026-03-23T14:36:40Z INFO bsky_collector_v2.job.index_feed_generators: enqueued repos page=30 mode=listRepos inserted=500 repos_returned=500 next_cursor=set
2026-03-23T14:38:14Z INFO bsky_collector_v2.job.index_feed_generators: enqueued repos page=31 mode=listRepos inserted=500 repos_returned=500 next_cursor=set
2026-03-23T14:39:04Z INFO bsky_collector_v2.job.index_feed_generators: indexed repo=did:plc:l2r6fx7udfgaixnythvtcfnr part=168 records=1 next_cursor=set
2026-03-23T14:39:18Z WARNING bsky_collector_v2.job.index_feed_generators: listRecords failed repo=did:plc:qa7fl2sfz26622vnlozbxilj err=HttpError('InvalidRequest: Could not find repo: did:plc:qa7fl2sfz26622vnlozbxilj')
2026-03-23T14:39:42Z WARNING bsky_collector_v2.job.index_feed_generators: listRecords failed repo=did:plc:qa7fl2sfz26622vnlozbxilj err=HttpError('InvalidRequest: Could not find repo: did:plc:qa7fl2sfz26622vnlozbxilj')
2026-03-23T14:39:42Z WARNING bsky_collector_v2.job.index_feed_generators: listRecords failed repo=did:plc:qa7fl2sfz26622vnlozbxilj err=HttpError('InvalidRequest: Could not find repo: did:plc:qa7fl2sfz26622vnlozbxilj')
2026-03-23T14:39:43Z INFO bsky_collector_v2.job.index_feed_generators: enqueued repos page=32 mode=listRepos inserted=500 repos_returned=500 next_cursor=set
2026-03-23T14:40:24Z WARNING bsky_collector_v2.job.index_feed_generators: listRecords failed repo=did:plc:hjoxgjz4za3objecc6bznvnh err=HttpError('InvalidRequest: Could not find repo: did:plc:hjoxgjz4za3objecc6bznvnh')
2026-03-23T14:41:20Z WARNING bsky_collector_v2.job.index_feed_generators: listRecords failed repo=did:plc:hjoxgjz4za3objecc6bznvnh err=HttpError('InvalidRequest: Could not find repo: did:plc:hjoxgjz4za3objecc6bznvnh')
2026-03-23T14:41:20Z WARNING bsky_collector_v2.job.index_feed_generators: listRecords failed repo=did:plc:hjoxgjz4za3objecc6bznvnh err=HttpError('InvalidRequest: Could not find repo: did:plc:hjoxgjz4za3objecc6bznvnh')
2026-03-23T14:41:21Z INFO bsky_collector_v2.job.index_feed_generators: enqueued repos page=33 mode=listRepos inserted=500 repos_returned=500 next_cursor=set
2026-03-23T14:41:57Z WARNING bsky_collector_v2.job.index_feed_generators: listRecords failed repo=did:plc:fo7qmblmge7dvllmei7fohf3 err=HttpError('InvalidRequest: Could not find repo: did:plc:fo7qmblmge7dvllmei7fohf3')
2026-03-23T14:42:06Z WARNING bsky_collector_v2.job.index_feed_generators: listRecords failed repo=did:plc:ivlffpwly3upvzxdna3cepmg err=HttpError('InvalidRequest: Could not find repo: did:plc:ivlffpwly3upvzxdna3cepmg')
2026-03-23T14:42:07Z WARNING bsky_collector_v2.job.index_feed_generators: listRecords failed repo=did:plc:jeurkhcktzgk3dwno727zcs5 err=HttpError('InvalidRequest: Could not find repo: did:plc:jeurkhcktzgk3dwno727zcs5')
2026-03-23T14:42:41Z WARNING bsky_collector_v2.job.index_feed_generators: listRecords failed repo=did:plc:t7qdqyop2vrhm5oiprwz5qlc err=HttpError('InvalidRequest: Could not find repo: did:plc:t7qdqyop2vrhm5oiprwz5qlc')
2026-03-23T14:43:08Z WARNING bsky_collector_v2.job.index_feed_generators: listRecords failed repo=did:plc:fo7qmblmge7dvllmei7fohf3 err=HttpError('InvalidRequest: Could not find repo: did:plc:fo7qmblmge7dvllmei7fohf3')
2026-03-23T14:43:08Z WARNING bsky_collector_v2.job.index_feed_generators: listRecords failed repo=did:plc:ivlffpwly3upvzxdna3cepmg err=HttpError('InvalidRequest: Could not find repo: did:plc:ivlffpwly3upvzxdna3cepmg')
2026-03-23T14:43:08Z WARNING bsky_collector_v2.job.index_feed_generators: listRecords failed repo=did:plc:jeurkhcktzgk3dwno727zcs5 err=HttpError('InvalidRequest: Could not find repo: did:plc:jeurkhcktzgk3dwno727zcs5')
2026-03-23T14:43:08Z WARNING bsky_collector_v2.job.index_feed_generators: listRecords failed repo=did:plc:t7qdqyop2vrhm5oiprwz5qlc err=HttpError('InvalidRequest: Could not find repo: did:plc:t7qdqyop2vrhm5oiprwz5qlc')
2026-03-23T14:43:08Z WARNING bsky_collector_v2.job.index_feed_generators: listRecords failed repo=did:plc:fo7qmblmge7dvllmei7fohf3 err=HttpError('InvalidRequest: Could not find repo: did:plc:fo7qmblmge7dvllmei7fohf3')
2026-03-23T14:43:08Z WARNING bsky_collector_v2.job.index_feed_generators: listRecords failed repo=did:plc:ivlffpwly3upvzxdna3cepmg err=HttpError('InvalidRequest: Could not find repo: did:plc:ivlffpwly3upvzxdna3cepmg')
2026-03-23T14:43:08Z WARNING bsky_collector_v2.job.index_feed_generators: listRecords failed repo=did:plc:jeurkhcktzgk3dwno727zcs5 err=HttpError('InvalidRequest: Could not find repo: did:plc:jeurkhcktzgk3dwno727zcs5')
2026-03-23T14:43:08Z WARNING bsky_collector_v2.job.index_feed_generators: listRecords failed repo=did:plc:t7qdqyop2vrhm5oiprwz5qlc err=HttpError('InvalidRequest: Could not find repo: did:plc:t7qdqyop2vrhm5oiprwz5qlc')
2026-03-23T14:43:09Z INFO bsky_collector_v2.job.index_feed_generators: enqueued repos page=34 mode=listRepos inserted=500 repos_returned=500 next_cursor=set
2026-03-23T14:43:27Z WARNING bsky_collector_v2.job.index_feed_generators: listRecords failed repo=did:plc:6cxbv43nqd77247wp6atlmqi err=HttpError('InvalidRequest: Could not find repo: did:plc:6cxbv43nqd77247wp6atlmqi')
2026-03-23T14:43:45Z WARNING bsky_collector_v2.job.index_feed_generators: listRecords failed repo=did:plc:e54d2w47gycobbzgpqxjtm24 err=HttpError('InvalidRequest: Could not find repo: did:plc:e54d2w47gycobbzgpqxjtm24')
2026-03-23T14:44:01Z WARNING bsky_collector_v2.job.index_feed_generators: listRecords failed repo=did:plc:j36tb6ez4fdvu55fgtlgnzv4 err=HttpError('InvalidRequest: Could not find repo: did:plc:j36tb6ez4fdvu55fgtlgnzv4')
