2026-03-21T08:27:12Z INFO bsky_collector_v2: out_base ok path=/Volumes/T9/BlueSky/data_v2_full mount=/Volumes/T9
2026-03-21T08:27:12Z INFO bsky_collector_v2: job start subcommand=index-feed-generators dry_run=False resume=True
2026-03-21T08:27:12Z INFO bsky_collector_v2.job.index_feed_generators: feed generator index hosts relay_host=https://bsky.network records_host=https://bsky.social auth=yes
2026-03-21T08:27:17Z WARNING bsky_collector_v2.job.index_feed_generators: listRecords failed repo=did:plc:rbt4lxjdkssdxvctq437tryz err=HttpError('InvalidRequest: Could not find repo: did:plc:rbt4lxjdkssdxvctq437tryz')
2026-03-21T08:27:25Z WARNING bsky_collector_v2.job.index_feed_generators: listRecords failed repo=did:plc:tej6aizkqax7k34gc7235a6n err=HttpError('NotEnoughResources: NotEnoughResources')
2026-03-21T08:27:50Z WARNING bsky_collector_v2.job.index_feed_generators: listRecords failed repo=did:plc:wnh3cdy3wag2bpm6reylkm62 err=HttpError('NotEnoughResources: NotEnoughResources')
2026-03-21T08:27:54Z WARNING bsky_collector_v2.job.index_feed_generators: listRecords failed repo=did:plc:x5m4qm76jabn2jjvrbd7zga4 err=HttpError('InvalidRequest: Could not find repo: did:plc:x5m4qm76jabn2jjvrbd7zga4')
2026-03-21T08:28:08Z WARNING bsky_collector_v2.job.index_feed_generators: listRecords failed repo=did:plc:ksbzihkww4vyon5yucyd2uv5 err=HttpError('InvalidRequest: Could not find repo: did:plc:ksbzihkww4vyon5yucyd2uv5')
2026-03-21T08:28:08Z WARNING bsky_collector_v2.job.index_feed_generators: listRecords failed repo=did:plc:rbt4lxjdkssdxvctq437tryz err=HttpError('InvalidRequest: Could not find repo: did:plc:rbt4lxjdkssdxvctq437tryz')
2026-03-21T08:28:09Z WARNING bsky_collector_v2.job.index_feed_generators: listRecords failed repo=did:plc:x5m4qm76jabn2jjvrbd7zga4 err=HttpError('InvalidRequest: Could not find repo: did:plc:x5m4qm76jabn2jjvrbd7zga4')
2026-03-21T08:28:09Z WARNING bsky_collector_v2.job.index_feed_generators: listRecords failed repo=did:plc:ksbzihkww4vyon5yucyd2uv5 err=HttpError('InvalidRequest: Could not find repo: did:plc:ksbzihkww4vyon5yucyd2uv5')
2026-03-21T08:28:09Z WARNING bsky_collector_v2.job.index_feed_generators: listRecords failed repo=did:plc:rbt4lxjdkssdxvctq437tryz err=HttpError('InvalidRequest: Could not find repo: did:plc:rbt4lxjdkssdxvctq437tryz')
2026-03-21T08:28:09Z WARNING bsky_collector_v2.job.index_feed_generators: listRecords failed repo=did:plc:x5m4qm76jabn2jjvrbd7zga4 err=HttpError('InvalidRequest: Could not find repo: did:plc:x5m4qm76jabn2jjvrbd7zga4')
2026-03-21T08:28:10Z INFO bsky_collector_v2.job.index_feed_generators: enqueued repos page=1 mode=listRepos inserted=500 repos_returned=500 next_cursor=set
2026-03-21T08:29:02Z WARNING bsky_collector_v2.job.index_feed_generators: listRecords failed repo=did:plc:jkiq2gfuj6px66uiysoi4aqt err=HttpError('InvalidRequest: Could not find repo: did:plc:jkiq2gfuj6px66uiysoi4aqt')
2026-03-21T08:29:05Z WARNING bsky_collector_v2.job.index_feed_generators: listRecords failed repo=did:plc:ksjdyw4zgezdksenp5radtno err=HttpError('InvalidRequest: Could not find repo: did:plc:ksjdyw4zgezdksenp5radtno')
2026-03-21T08:29:50Z WARNING bsky_collector_v2.job.index_feed_generators: listRecords failed repo=did:plc:rxcpqhq2gpltqy263fjr4unh err=HttpError('InvalidRequest: Could not find repo: did:plc:rxcpqhq2gpltqy263fjr4unh')
2026-03-21T08:29:50Z WARNING bsky_collector_v2.job.index_feed_generators: listRecords failed repo=did:plc:s3jc6dn4i4njfqx2dg4grbq5 err=HttpError('InvalidRequest: Could not find repo: did:plc:s3jc6dn4i4njfqx2dg4grbq5')
2026-03-21T08:30:23Z WARNING bsky_collector_v2.job.index_feed_generators: listRecords failed repo=did:plc:jkiq2gfuj6px66uiysoi4aqt err=HttpError('InvalidRequest: Could not find repo: did:plc:jkiq2gfuj6px66uiysoi4aqt')
2026-03-21T08:30:23Z WARNING bsky_collector_v2.job.index_feed_generators: listRecords failed repo=did:plc:ksjdyw4zgezdksenp5radtno err=HttpError('InvalidRequest: Could not find repo: did:plc:ksjdyw4zgezdksenp5radtno')
2026-03-21T08:30:23Z WARNING bsky_collector_v2.job.index_feed_generators: listRecords failed repo=did:plc:rxcpqhq2gpltqy263fjr4unh err=HttpError('InvalidRequest: Could not find repo: did:plc:rxcpqhq2gpltqy263fjr4unh')
2026-03-21T08:30:23Z WARNING bsky_collector_v2.job.index_feed_generators: listRecords failed repo=did:plc:s3jc6dn4i4njfqx2dg4grbq5 err=HttpError('InvalidRequest: Could not find repo: did:plc:s3jc6dn4i4njfqx2dg4grbq5')
2026-03-21T08:30:23Z WARNING bsky_collector_v2.job.index_feed_generators: listRecords failed repo=did:plc:jkiq2gfuj6px66uiysoi4aqt err=HttpError('InvalidRequest: Could not find repo: did:plc:jkiq2gfuj6px66uiysoi4aqt')
2026-03-21T08:30:23Z WARNING bsky_collector_v2.job.index_feed_generators: listRecords failed repo=did:plc:ksjdyw4zgezdksenp5radtno err=HttpError('InvalidRequest: Could not find repo: did:plc:ksjdyw4zgezdksenp5radtno')
2026-03-21T08:30:23Z WARNING bsky_collector_v2.job.index_feed_generators: listRecords failed repo=did:plc:rxcpqhq2gpltqy263fjr4unh err=HttpError('InvalidRequest: Could not find repo: did:plc:rxcpqhq2gpltqy263fjr4unh')
2026-03-21T08:30:24Z WARNING bsky_collector_v2.job.index_feed_generators: listRecords failed repo=did:plc:s3jc6dn4i4njfqx2dg4grbq5 err=HttpError('InvalidRequest: Could not find repo: did:plc:s3jc6dn4i4njfqx2dg4grbq5')
2026-03-21T08:30:24Z INFO bsky_collector_v2.job.index_feed_generators: enqueued repos page=2 mode=listRepos inserted=500 repos_returned=500 next_cursor=set
2026-03-21T08:31:54Z WARNING bsky_collector_v2.job.index_feed_generators: listRecords failed repo=did:plc:sgbwe5xaj7t5xxzyw5af2h5v err=HttpError('InvalidRequest: Could not find repo: did:plc:sgbwe5xaj7t5xxzyw5af2h5v')
2026-03-21T08:32:11Z WARNING bsky_collector_v2.job.index_feed_generators: listRecords failed repo=did:plc:z3gvivss7o74w6c6kxj6qvqp err=HttpError('InvalidRequest: Could not find repo: did:plc:z3gvivss7o74w6c6kxj6qvqp')
2026-03-21T08:32:14Z WARNING bsky_collector_v2.job.index_feed_generators: listRecords failed repo=did:plc:sgbwe5xaj7t5xxzyw5af2h5v err=HttpError('InvalidRequest: Could not find repo: did:plc:sgbwe5xaj7t5xxzyw5af2h5v')
2026-03-21T08:32:14Z WARNING bsky_collector_v2.job.index_feed_generators: listRecords failed repo=did:plc:z3gvivss7o74w6c6kxj6qvqp err=HttpError('InvalidRequest: Could not find repo: did:plc:z3gvivss7o74w6c6kxj6qvqp')
2026-03-21T08:32:14Z WARNING bsky_collector_v2.job.index_feed_generators: listRecords failed repo=did:plc:sgbwe5xaj7t5xxzyw5af2h5v err=HttpError('InvalidRequest: Could not find repo: did:plc:sgbwe5xaj7t5xxzyw5af2h5v')
2026-03-21T08:32:14Z WARNING bsky_collector_v2.job.index_feed_generators: listRecords failed repo=did:plc:z3gvivss7o74w6c6kxj6qvqp err=HttpError('InvalidRequest: Could not find repo: did:plc:z3gvivss7o74w6c6kxj6qvqp')
2026-03-21T08:32:15Z INFO bsky_collector_v2.job.index_feed_generators: enqueued repos page=3 mode=listRepos inserted=500 repos_returned=500 next_cursor=set
2026-03-21T08:32:28Z WARNING bsky_collector_v2.job.index_feed_generators: listRecords failed repo=did:plc:5zirr5u357hn4urrblql3hz5 err=HttpError('InvalidRequest: Could not find repo: did:plc:5zirr5u357hn4urrblql3hz5')
2026-03-21T08:34:33Z WARNING bsky_collector_v2.job.index_feed_generators: listRecords failed repo=did:plc:yjnef6ju2tfvzh4ldmu2btah err=HttpError('NotEnoughResources: NotEnoughResources')
2026-03-21T08:34:41Z WARNING bsky_collector_v2.job.index_feed_generators: listRecords failed repo=did:plc:zjuiobtirhmv7sdzbx25uwoh err=HttpError('InvalidRequest: Could not find repo: did:plc:zjuiobtirhmv7sdzbx25uwoh')
2026-03-21T08:34:44Z WARNING bsky_collector_v2.job.index_feed_generators: listRecords failed repo=did:plc:5zirr5u357hn4urrblql3hz5 err=HttpError('InvalidRequest: Could not find repo: did:plc:5zirr5u357hn4urrblql3hz5')
2026-03-21T08:34:48Z WARNING bsky_collector_v2.job.index_feed_generators: listRecords failed repo=did:plc:yjnef6ju2tfvzh4ldmu2btah err=HttpError('NotEnoughResources: NotEnoughResources')
2026-03-21T08:34:48Z WARNING bsky_collector_v2.job.index_feed_generators: listRecords failed repo=did:plc:zjuiobtirhmv7sdzbx25uwoh err=HttpError('InvalidRequest: Could not find repo: did:plc:zjuiobtirhmv7sdzbx25uwoh')
2026-03-21T08:34:49Z WARNING bsky_collector_v2.job.index_feed_generators: listRecords failed repo=did:plc:5zirr5u357hn4urrblql3hz5 err=HttpError('InvalidRequest: Could not find repo: did:plc:5zirr5u357hn4urrblql3hz5')
2026-03-21T08:34:54Z WARNING bsky_collector_v2.job.index_feed_generators: listRecords failed repo=did:plc:yjnef6ju2tfvzh4ldmu2btah err=HttpError('NotEnoughResources: NotEnoughResources')
2026-03-21T08:34:54Z WARNING bsky_collector_v2.job.index_feed_generators: listRecords failed repo=did:plc:zjuiobtirhmv7sdzbx25uwoh err=HttpError('InvalidRequest: Could not find repo: did:plc:zjuiobtirhmv7sdzbx25uwoh')
2026-03-21T08:34:56Z INFO bsky_collector_v2.job.index_feed_generators: enqueued repos page=4 mode=listRepos inserted=500 repos_returned=500 next_cursor=set
2026-03-21T08:37:00Z INFO bsky_collector_v2.job.index_feed_generators: enqueued repos page=5 mode=listRepos inserted=500 repos_returned=500 next_cursor=set
2026-03-21T08:37:22Z WARNING bsky_collector_v2.job.index_feed_generators: listRecords failed repo=did:plc:5lw6emd3iwwgmhfaosaasafe err=HttpError('InvalidRequest: Could not find repo: did:plc:5lw6emd3iwwgmhfaosaasafe')
2026-03-21T08:38:03Z WARNING bsky_collector_v2.job.index_feed_generators: listRecords failed repo=did:plc:ndhwdtxfakx5lrm5mxc2iwdv err=HttpError('InvalidRequest: Could not find repo: did:plc:ndhwdtxfakx5lrm5mxc2iwdv')
2026-03-21T08:38:12Z WARNING bsky_collector_v2.job.index_feed_generators: listRecords failed repo=did:plc:qnh2c6bfw53nv4rknk3sh3jy err=HttpError('InvalidRequest: Could not find repo: did:plc:qnh2c6bfw53nv4rknk3sh3jy')
2026-03-21T08:38:20Z WARNING bsky_collector_v2.job.index_feed_generators: listRecords failed repo=did:plc:u7zzsladc55dvxu7iigrop2m err=HttpError('InvalidRequest: Could not find repo: did:plc:u7zzsladc55dvxu7iigrop2m')
2026-03-21T08:38:38Z WARNING bsky_collector_v2.job.index_feed_generators: listRecords failed repo=did:plc:5lw6emd3iwwgmhfaosaasafe err=HttpError('InvalidRequest: Could not find repo: did:plc:5lw6emd3iwwgmhfaosaasafe')
2026-03-21T08:38:38Z WARNING bsky_collector_v2.job.index_feed_generators: listRecords failed repo=did:plc:ndhwdtxfakx5lrm5mxc2iwdv err=HttpError('InvalidRequest: Could not find repo: did:plc:ndhwdtxfakx5lrm5mxc2iwdv')
2026-03-21T08:38:38Z WARNING bsky_collector_v2.job.index_feed_generators: listRecords failed repo=did:plc:qnh2c6bfw53nv4rknk3sh3jy err=HttpError('InvalidRequest: Could not find repo: did:plc:qnh2c6bfw53nv4rknk3sh3jy')
2026-03-21T08:38:38Z WARNING bsky_collector_v2.job.index_feed_generators: listRecords failed repo=did:plc:u7zzsladc55dvxu7iigrop2m err=HttpError('InvalidRequest: Could not find repo: did:plc:u7zzsladc55dvxu7iigrop2m')
2026-03-21T08:38:38Z WARNING bsky_collector_v2.job.index_feed_generators: listRecords failed repo=did:plc:5lw6emd3iwwgmhfaosaasafe err=HttpError('InvalidRequest: Could not find repo: did:plc:5lw6emd3iwwgmhfaosaasafe')
2026-03-21T08:38:38Z WARNING bsky_collector_v2.job.index_feed_generators: listRecords failed repo=did:plc:ndhwdtxfakx5lrm5mxc2iwdv err=HttpError('InvalidRequest: Could not find repo: did:plc:ndhwdtxfakx5lrm5mxc2iwdv')
2026-03-21T08:38:38Z WARNING bsky_collector_v2.job.index_feed_generators: listRecords failed repo=did:plc:qnh2c6bfw53nv4rknk3sh3jy err=HttpError('InvalidRequest: Could not find repo: did:plc:qnh2c6bfw53nv4rknk3sh3jy')
2026-03-21T08:38:38Z WARNING bsky_collector_v2.job.index_feed_generators: listRecords failed repo=did:plc:u7zzsladc55dvxu7iigrop2m err=HttpError('InvalidRequest: Could not find repo: did:plc:u7zzsladc55dvxu7iigrop2m')
2026-03-21T08:38:39Z INFO bsky_collector_v2.job.index_feed_generators: enqueued repos page=6 mode=listRepos inserted=500 repos_returned=500 next_cursor=set
2026-03-21T08:38:51Z WARNING bsky_collector_v2.job.index_feed_generators: listRecords failed repo=did:plc:7g3e7atd4ycn4tkuxekrorsz err=HttpError('InvalidRequest: Could not find repo: did:plc:7g3e7atd4ycn4tkuxekrorsz')
2026-03-21T08:39:24Z WARNING bsky_collector_v2.job.index_feed_generators: listRecords failed repo=did:plc:fvo5x5wdobkz5idpax2vr5nl err=HttpError('InvalidRequest: Could not find repo: did:plc:fvo5x5wdobkz5idpax2vr5nl')
2026-03-21T08:40:36Z WARNING bsky_collector_v2.job.index_feed_generators: listRecords failed repo=did:plc:7g3e7atd4ycn4tkuxekrorsz err=HttpError('InvalidRequest: Could not find repo: did:plc:7g3e7atd4ycn4tkuxekrorsz')
2026-03-21T08:40:36Z WARNING bsky_collector_v2.job.index_feed_generators: listRecords failed repo=did:plc:fvo5x5wdobkz5idpax2vr5nl err=HttpError('InvalidRequest: Could not find repo: did:plc:fvo5x5wdobkz5idpax2vr5nl')
2026-03-21T08:40:36Z WARNING bsky_collector_v2.job.index_feed_generators: listRecords failed repo=did:plc:7g3e7atd4ycn4tkuxekrorsz err=HttpError('InvalidRequest: Could not find repo: did:plc:7g3e7atd4ycn4tkuxekrorsz')
2026-03-21T08:40:36Z WARNING bsky_collector_v2.job.index_feed_generators: listRecords failed repo=did:plc:fvo5x5wdobkz5idpax2vr5nl err=HttpError('InvalidRequest: Could not find repo: did:plc:fvo5x5wdobkz5idpax2vr5nl')
2026-03-21T08:40:36Z INFO bsky_collector_v2.job.index_feed_generators: enqueued repos page=7 mode=listRepos inserted=500 repos_returned=500 next_cursor=set
2026-03-21T08:41:00Z WARNING bsky_collector_v2.job.index_feed_generators: listRecords failed repo=did:plc:7rb6znmrvhwhukmdcklx74p6 err=HttpError('InvalidRequest: Could not find repo: did:plc:7rb6znmrvhwhukmdcklx74p6')
2026-03-21T08:41:12Z WARNING bsky_collector_v2.job.index_feed_generators: listRecords failed repo=did:plc:emkjxw5kstkhfagfycztlpxo err=HttpError('InvalidRequest: Could not find repo: did:plc:emkjxw5kstkhfagfycztlpxo')
2026-03-21T08:41:17Z WARNING bsky_collector_v2.job.index_feed_generators: listRecords failed repo=did:plc:fvunadntzqfqucyidyrfz2v5 err=HttpError('InvalidRequest: Could not find repo: did:plc:fvunadntzqfqucyidyrfz2v5')
2026-03-21T08:41:47Z WARNING bsky_collector_v2.job.index_feed_generators: listRecords failed repo=did:plc:re3wzu3uioeoqqglnfkcrcmj err=HttpError('InvalidRequest: Could not find repo: did:plc:re3wzu3uioeoqqglnfkcrcmj')
2026-03-21T08:42:09Z WARNING bsky_collector_v2.job.index_feed_generators: listRecords failed repo=did:plc:7rb6znmrvhwhukmdcklx74p6 err=HttpError('InvalidRequest: Could not find repo: did:plc:7rb6znmrvhwhukmdcklx74p6')
2026-03-21T08:42:10Z WARNING bsky_collector_v2.job.index_feed_generators: listRecords failed repo=did:plc:emkjxw5kstkhfagfycztlpxo err=HttpError('InvalidRequest: Could not find repo: did:plc:emkjxw5kstkhfagfycztlpxo')
2026-03-21T08:42:10Z WARNING bsky_collector_v2.job.index_feed_generators: listRecords failed repo=did:plc:fvunadntzqfqucyidyrfz2v5 err=HttpError('InvalidRequest: Could not find repo: did:plc:fvunadntzqfqucyidyrfz2v5')
2026-03-21T08:42:10Z WARNING bsky_collector_v2.job.index_feed_generators: listRecords failed repo=did:plc:re3wzu3uioeoqqglnfkcrcmj err=HttpError('InvalidRequest: Could not find repo: did:plc:re3wzu3uioeoqqglnfkcrcmj')
2026-03-21T08:42:10Z WARNING bsky_collector_v2.job.index_feed_generators: listRecords failed repo=did:plc:7rb6znmrvhwhukmdcklx74p6 err=HttpError('InvalidRequest: Could not find repo: did:plc:7rb6znmrvhwhukmdcklx74p6')
2026-03-21T08:42:10Z WARNING bsky_collector_v2.job.index_feed_generators: listRecords failed repo=did:plc:emkjxw5kstkhfagfycztlpxo err=HttpError('InvalidRequest: Could not find repo: did:plc:emkjxw5kstkhfagfycztlpxo')
2026-03-21T08:42:10Z WARNING bsky_collector_v2.job.index_feed_generators: listRecords failed repo=did:plc:fvunadntzqfqucyidyrfz2v5 err=HttpError('InvalidRequest: Could not find repo: did:plc:fvunadntzqfqucyidyrfz2v5')
2026-03-21T08:42:10Z WARNING bsky_collector_v2.job.index_feed_generators: listRecords failed repo=did:plc:re3wzu3uioeoqqglnfkcrcmj err=HttpError('InvalidRequest: Could not find repo: did:plc:re3wzu3uioeoqqglnfkcrcmj')
2026-03-21T08:42:10Z INFO bsky_collector_v2.job.index_feed_generators: enqueued repos page=8 mode=listRepos inserted=500 repos_returned=500 next_cursor=set
2026-03-21T08:44:46Z INFO bsky_collector_v2.job.index_feed_generators: enqueued repos page=9 mode=listRepos inserted=500 repos_returned=500 next_cursor=set
2026-03-21T08:45:18Z WARNING bsky_collector_v2.job.index_feed_generators: listRecords failed repo=did:plc:fsrmzr4whauwu3syaniim4ix err=HttpError('InvalidRequest: Could not find repo: did:plc:fsrmzr4whauwu3syaniim4ix')
2026-03-21T08:46:12Z WARNING bsky_collector_v2.job.index_feed_generators: listRecords failed repo=did:plc:fsrmzr4whauwu3syaniim4ix err=HttpError('InvalidRequest: Could not find repo: did:plc:fsrmzr4whauwu3syaniim4ix')
2026-03-21T08:46:12Z WARNING bsky_collector_v2.job.index_feed_generators: listRecords failed repo=did:plc:fsrmzr4whauwu3syaniim4ix err=HttpError('InvalidRequest: Could not find repo: did:plc:fsrmzr4whauwu3syaniim4ix')
2026-03-21T08:46:13Z INFO bsky_collector_v2.job.index_feed_generators: enqueued repos page=10 mode=listRepos inserted=500 repos_returned=500 next_cursor=set
2026-03-21T08:46:17Z WARNING bsky_collector_v2.job.index_feed_generators: listRecords failed repo=did:plc:4o4hjc62hym63ontg6m3xw6w err=HttpError('InvalidRequest: Could not find repo: did:plc:4o4hjc62hym63ontg6m3xw6w')
2026-03-21T08:47:54Z WARNING bsky_collector_v2.job.index_feed_generators: listRecords failed repo=did:plc:s6mheftkweye5skavknip6um err=HttpError('InvalidRequest: Could not find repo: did:plc:s6mheftkweye5skavknip6um')
2026-03-21T08:48:18Z WARNING bsky_collector_v2.job.index_feed_generators: listRecords failed repo=did:plc:zd47tyff6intn2kkmmgj3s7c err=HttpError('InvalidRequest: Could not find repo: did:plc:zd47tyff6intn2kkmmgj3s7c')
2026-03-21T08:48:21Z WARNING bsky_collector_v2.job.index_feed_generators: listRecords failed repo=did:plc:4o4hjc62hym63ontg6m3xw6w err=HttpError('InvalidRequest: Could not find repo: did:plc:4o4hjc62hym63ontg6m3xw6w')
2026-03-21T08:48:21Z WARNING bsky_collector_v2.job.index_feed_generators: listRecords failed repo=did:plc:s6mheftkweye5skavknip6um err=HttpError('InvalidRequest: Could not find repo: did:plc:s6mheftkweye5skavknip6um')
2026-03-21T08:48:21Z WARNING bsky_collector_v2.job.index_feed_generators: listRecords failed repo=did:plc:zd47tyff6intn2kkmmgj3s7c err=HttpError('InvalidRequest: Could not find repo: did:plc:zd47tyff6intn2kkmmgj3s7c')
2026-03-21T08:48:21Z WARNING bsky_collector_v2.job.index_feed_generators: listRecords failed repo=did:plc:4o4hjc62hym63ontg6m3xw6w err=HttpError('InvalidRequest: Could not find repo: did:plc:4o4hjc62hym63ontg6m3xw6w')
2026-03-21T08:48:21Z WARNING bsky_collector_v2.job.index_feed_generators: listRecords failed repo=did:plc:s6mheftkweye5skavknip6um err=HttpError('InvalidRequest: Could not find repo: did:plc:s6mheftkweye5skavknip6um')
2026-03-21T08:48:21Z WARNING bsky_collector_v2.job.index_feed_generators: listRecords failed repo=did:plc:zd47tyff6intn2kkmmgj3s7c err=HttpError('InvalidRequest: Could not find repo: did:plc:zd47tyff6intn2kkmmgj3s7c')
2026-03-21T08:48:22Z INFO bsky_collector_v2.job.index_feed_generators: enqueued repos page=11 mode=listRepos inserted=500 repos_returned=500 next_cursor=set
2026-03-21T08:48:25Z WARNING bsky_collector_v2.job.index_feed_generators: listRecords failed repo=did:plc:3heengtlkob36e7uzac6uzna err=HttpError('InvalidRequest: Could not find repo: did:plc:3heengtlkob36e7uzac6uzna')
2026-03-21T08:48:59Z WARNING bsky_collector_v2.job.index_feed_generators: listRecords failed repo=did:plc:keihej6k3ykk5zttpzraznaw err=HttpError('InvalidRequest: Could not find repo: did:plc:keihej6k3ykk5zttpzraznaw')
2026-03-21T08:49:27Z WARNING bsky_collector_v2.job.index_feed_generators: listRecords failed repo=did:plc:ukuamsgqcpxbjgio4vyjr3yx err=HttpError('InvalidRequest: Could not find repo: did:plc:ukuamsgqcpxbjgio4vyjr3yx')
2026-03-21T08:49:36Z WARNING bsky_collector_v2.job.index_feed_generators: listRecords failed repo=did:plc:xktrgmhixnuskimu4eotytio err=HttpError('InvalidRequest: Could not find repo: did:plc:xktrgmhixnuskimu4eotytio')
2026-03-21T08:49:43Z WARNING bsky_collector_v2.job.index_feed_generators: listRecords failed repo=did:plc:3heengtlkob36e7uzac6uzna err=HttpError('InvalidRequest: Could not find repo: did:plc:3heengtlkob36e7uzac6uzna')
2026-03-21T08:49:43Z WARNING bsky_collector_v2.job.index_feed_generators: listRecords failed repo=did:plc:keihej6k3ykk5zttpzraznaw err=HttpError('InvalidRequest: Could not find repo: did:plc:keihej6k3ykk5zttpzraznaw')
2026-03-21T08:49:43Z WARNING bsky_collector_v2.job.index_feed_generators: listRecords failed repo=did:plc:ukuamsgqcpxbjgio4vyjr3yx err=HttpError('InvalidRequest: Could not find repo: did:plc:ukuamsgqcpxbjgio4vyjr3yx')
2026-03-21T08:49:43Z WARNING bsky_collector_v2.job.index_feed_generators: listRecords failed repo=did:plc:xktrgmhixnuskimu4eotytio err=HttpError('InvalidRequest: Could not find repo: did:plc:xktrgmhixnuskimu4eotytio')
2026-03-21T08:49:43Z WARNING bsky_collector_v2.job.index_feed_generators: listRecords failed repo=did:plc:3heengtlkob36e7uzac6uzna err=HttpError('InvalidRequest: Could not find repo: did:plc:3heengtlkob36e7uzac6uzna')
2026-03-21T08:49:43Z WARNING bsky_collector_v2.job.index_feed_generators: listRecords failed repo=did:plc:keihej6k3ykk5zttpzraznaw err=HttpError('InvalidRequest: Could not find repo: did:plc:keihej6k3ykk5zttpzraznaw')
2026-03-21T08:49:43Z WARNING bsky_collector_v2.job.index_feed_generators: listRecords failed repo=did:plc:ukuamsgqcpxbjgio4vyjr3yx err=HttpError('InvalidRequest: Could not find repo: did:plc:ukuamsgqcpxbjgio4vyjr3yx')
2026-03-21T08:49:44Z WARNING bsky_collector_v2.job.index_feed_generators: listRecords failed repo=did:plc:xktrgmhixnuskimu4eotytio err=HttpError('InvalidRequest: Could not find repo: did:plc:xktrgmhixnuskimu4eotytio')
2026-03-21T08:49:44Z INFO bsky_collector_v2.job.index_feed_generators: enqueued repos page=12 mode=listRepos inserted=500 repos_returned=500 next_cursor=set
2026-03-21T08:49:50Z WARNING bsky_collector_v2.job.index_feed_generators: listRecords failed repo=did:plc:3ntkjrkrixhwaxpimq5sr4yd err=HttpError('InvalidRequest: Could not find repo: did:plc:3ntkjrkrixhwaxpimq5sr4yd')
2026-03-21T08:49:55Z WARNING bsky_collector_v2.job.index_feed_generators: listRecords failed repo=did:plc:5nhov27zqyvsghduh5dfdlgd err=HttpError('InvalidRequest: Could not find repo: did:plc:5nhov27zqyvsghduh5dfdlgd')
2026-03-21T08:51:10Z WARNING bsky_collector_v2.job.index_feed_generators: listRecords failed repo=did:plc:v32i7x7ixrtsufjks2qdbrkg err=HttpError('InvalidRequest: Could not find repo: did:plc:v32i7x7ixrtsufjks2qdbrkg')
2026-03-21T08:51:33Z WARNING bsky_collector_v2.job.index_feed_generators: listRecords failed repo=did:plc:3ntkjrkrixhwaxpimq5sr4yd err=HttpError('InvalidRequest: Could not find repo: did:plc:3ntkjrkrixhwaxpimq5sr4yd')
2026-03-21T08:51:33Z WARNING bsky_collector_v2.job.index_feed_generators: listRecords failed repo=did:plc:5nhov27zqyvsghduh5dfdlgd err=HttpError('InvalidRequest: Could not find repo: did:plc:5nhov27zqyvsghduh5dfdlgd')
2026-03-21T08:51:33Z WARNING bsky_collector_v2.job.index_feed_generators: listRecords failed repo=did:plc:v32i7x7ixrtsufjks2qdbrkg err=HttpError('InvalidRequest: Could not find repo: did:plc:v32i7x7ixrtsufjks2qdbrkg')
2026-03-21T08:51:33Z WARNING bsky_collector_v2.job.index_feed_generators: listRecords failed repo=did:plc:3ntkjrkrixhwaxpimq5sr4yd err=HttpError('InvalidRequest: Could not find repo: did:plc:3ntkjrkrixhwaxpimq5sr4yd')
2026-03-21T08:51:33Z WARNING bsky_collector_v2.job.index_feed_generators: listRecords failed repo=did:plc:5nhov27zqyvsghduh5dfdlgd err=HttpError('InvalidRequest: Could not find repo: did:plc:5nhov27zqyvsghduh5dfdlgd')
2026-03-21T08:51:34Z WARNING bsky_collector_v2.job.index_feed_generators: listRecords failed repo=did:plc:v32i7x7ixrtsufjks2qdbrkg err=HttpError('InvalidRequest: Could not find repo: did:plc:v32i7x7ixrtsufjks2qdbrkg')
2026-03-21T08:51:34Z INFO bsky_collector_v2.job.index_feed_generators: enqueued repos page=13 mode=listRepos inserted=500 repos_returned=500 next_cursor=set
2026-03-21T08:52:01Z WARNING bsky_collector_v2.job.index_feed_generators: listRecords failed repo=did:plc:adwgksieuefyyfyhvviqjwme err=HttpError('InvalidRequest: Could not find repo: did:plc:adwgksieuefyyfyhvviqjwme')
2026-03-21T08:52:36Z WARNING bsky_collector_v2.job.index_feed_generators: listRecords failed repo=did:plc:mxbi2gbsumsyufpceoi55td5 err=HttpError('InvalidRequest: Could not find repo: did:plc:mxbi2gbsumsyufpceoi55td5')
2026-03-21T08:52:56Z WARNING bsky_collector_v2.job.index_feed_generators: listRecords failed repo=did:plc:uxepl73jvqqu4ihgigjkqeea err=HttpError('InvalidRequest: Could not find repo: did:plc:uxepl73jvqqu4ihgigjkqeea')
2026-03-21T08:53:10Z WARNING bsky_collector_v2.job.index_feed_generators: listRecords failed repo=did:plc:adwgksieuefyyfyhvviqjwme err=HttpError('InvalidRequest: Could not find repo: did:plc:adwgksieuefyyfyhvviqjwme')
2026-03-21T08:53:10Z WARNING bsky_collector_v2.job.index_feed_generators: listRecords failed repo=did:plc:mxbi2gbsumsyufpceoi55td5 err=HttpError('InvalidRequest: Could not find repo: did:plc:mxbi2gbsumsyufpceoi55td5')
2026-03-21T08:53:10Z WARNING bsky_collector_v2.job.index_feed_generators: listRecords failed repo=did:plc:uxepl73jvqqu4ihgigjkqeea err=HttpError('InvalidRequest: Could not find repo: did:plc:uxepl73jvqqu4ihgigjkqeea')
2026-03-21T08:53:10Z WARNING bsky_collector_v2.job.index_feed_generators: listRecords failed repo=did:plc:adwgksieuefyyfyhvviqjwme err=HttpError('InvalidRequest: Could not find repo: did:plc:adwgksieuefyyfyhvviqjwme')
2026-03-21T08:53:10Z WARNING bsky_collector_v2.job.index_feed_generators: listRecords failed repo=did:plc:mxbi2gbsumsyufpceoi55td5 err=HttpError('InvalidRequest: Could not find repo: did:plc:mxbi2gbsumsyufpceoi55td5')
2026-03-21T08:53:10Z WARNING bsky_collector_v2.job.index_feed_generators: listRecords failed repo=did:plc:uxepl73jvqqu4ihgigjkqeea err=HttpError('InvalidRequest: Could not find repo: did:plc:uxepl73jvqqu4ihgigjkqeea')
2026-03-21T08:53:11Z INFO bsky_collector_v2.job.index_feed_generators: enqueued repos page=14 mode=listRepos inserted=500 repos_returned=500 next_cursor=set
2026-03-21T08:53:29Z WARNING bsky_collector_v2.job.index_feed_generators: listRecords failed repo=did:plc:7x7vx6ypcvwjfvitbjcnxuu3 err=HttpError('InvalidRequest: Could not find repo: did:plc:7x7vx6ypcvwjfvitbjcnxuu3')
2026-03-21T08:54:00Z WARNING bsky_collector_v2.job.index_feed_generators: listRecords failed repo=did:plc:hhxqwf6wqhcfzocz2peikt6o err=HttpError('InvalidRequest: Could not find repo: did:plc:hhxqwf6wqhcfzocz2peikt6o')
2026-03-21T08:54:25Z WARNING bsky_collector_v2.job.index_feed_generators: listRecords failed repo=did:plc:qrlkbv44kjeh5lmk6xx4khcd err=HttpError('InvalidRequest: Could not find repo: did:plc:qrlkbv44kjeh5lmk6xx4khcd')
2026-03-21T08:54:30Z WARNING bsky_collector_v2.job.index_feed_generators: listRecords failed repo=did:plc:ssda5r7gycfay6i543r5yhlj err=HttpError('InvalidRequest: Could not find repo: did:plc:ssda5r7gycfay6i543r5yhlj')
2026-03-21T08:54:33Z WARNING bsky_collector_v2.job.index_feed_generators: listRecords failed repo=did:plc:u7rh6gcc7w2lfrr4hiazb6wg err=HttpError('InvalidRequest: Could not find repo: did:plc:u7rh6gcc7w2lfrr4hiazb6wg')
2026-03-21T08:54:36Z WARNING bsky_collector_v2.job.index_feed_generators: listRecords failed repo=did:plc:v3xnsajsacbufuzpgn2yol4h err=HttpError('InvalidRequest: Could not find repo: did:plc:v3xnsajsacbufuzpgn2yol4h')
2026-03-21T08:54:48Z WARNING bsky_collector_v2.job.index_feed_generators: listRecords failed repo=did:plc:zc2g42lo3i5vpirlveo3i4j5 err=HttpError('InvalidRequest: Could not find repo: did:plc:zc2g42lo3i5vpirlveo3i4j5')
2026-03-21T08:54:49Z WARNING bsky_collector_v2.job.index_feed_generators: listRecords failed repo=did:plc:zhuwifbgcdryv4mjwrasjymb err=HttpError('InvalidRequest: Could not find repo: did:plc:zhuwifbgcdryv4mjwrasjymb')
2026-03-21T08:54:52Z WARNING bsky_collector_v2.job.index_feed_generators: listRecords failed repo=did:plc:7x7vx6ypcvwjfvitbjcnxuu3 err=HttpError('InvalidRequest: Could not find repo: did:plc:7x7vx6ypcvwjfvitbjcnxuu3')
2026-03-21T08:54:53Z WARNING bsky_collector_v2.job.index_feed_generators: listRecords failed repo=did:plc:hhxqwf6wqhcfzocz2peikt6o err=HttpError('InvalidRequest: Could not find repo: did:plc:hhxqwf6wqhcfzocz2peikt6o')
2026-03-21T08:54:53Z WARNING bsky_collector_v2.job.index_feed_generators: listRecords failed repo=did:plc:qrlkbv44kjeh5lmk6xx4khcd err=HttpError('InvalidRequest: Could not find repo: did:plc:qrlkbv44kjeh5lmk6xx4khcd')
2026-03-21T08:54:53Z WARNING bsky_collector_v2.job.index_feed_generators: listRecords failed repo=did:plc:ssda5r7gycfay6i543r5yhlj err=HttpError('InvalidRequest: Could not find repo: did:plc:ssda5r7gycfay6i543r5yhlj')
2026-03-21T08:54:53Z WARNING bsky_collector_v2.job.index_feed_generators: listRecords failed repo=did:plc:u7rh6gcc7w2lfrr4hiazb6wg err=HttpError('InvalidRequest: Could not find repo: did:plc:u7rh6gcc7w2lfrr4hiazb6wg')
2026-03-21T08:54:53Z WARNING bsky_collector_v2.job.index_feed_generators: listRecords failed repo=did:plc:v3xnsajsacbufuzpgn2yol4h err=HttpError('InvalidRequest: Could not find repo: did:plc:v3xnsajsacbufuzpgn2yol4h')
2026-03-21T08:54:53Z WARNING bsky_collector_v2.job.index_feed_generators: listRecords failed repo=did:plc:zc2g42lo3i5vpirlveo3i4j5 err=HttpError('InvalidRequest: Could not find repo: did:plc:zc2g42lo3i5vpirlveo3i4j5')
2026-03-21T08:54:53Z WARNING bsky_collector_v2.job.index_feed_generators: listRecords failed repo=did:plc:zhuwifbgcdryv4mjwrasjymb err=HttpError('InvalidRequest: Could not find repo: did:plc:zhuwifbgcdryv4mjwrasjymb')
2026-03-21T08:54:53Z WARNING bsky_collector_v2.job.index_feed_generators: listRecords failed repo=did:plc:7x7vx6ypcvwjfvitbjcnxuu3 err=HttpError('InvalidRequest: Could not find repo: did:plc:7x7vx6ypcvwjfvitbjcnxuu3')
2026-03-21T08:54:53Z WARNING bsky_collector_v2.job.index_feed_generators: listRecords failed repo=did:plc:hhxqwf6wqhcfzocz2peikt6o err=HttpError('InvalidRequest: Could not find repo: did:plc:hhxqwf6wqhcfzocz2peikt6o')
2026-03-21T08:54:53Z WARNING bsky_collector_v2.job.index_feed_generators: listRecords failed repo=did:plc:qrlkbv44kjeh5lmk6xx4khcd err=HttpError('InvalidRequest: Could not find repo: did:plc:qrlkbv44kjeh5lmk6xx4khcd')
2026-03-21T08:54:53Z WARNING bsky_collector_v2.job.index_feed_generators: listRecords failed repo=did:plc:ssda5r7gycfay6i543r5yhlj err=HttpError('InvalidRequest: Could not find repo: did:plc:ssda5r7gycfay6i543r5yhlj')
2026-03-21T08:54:53Z WARNING bsky_collector_v2.job.index_feed_generators: listRecords failed repo=did:plc:u7rh6gcc7w2lfrr4hiazb6wg err=HttpError('InvalidRequest: Could not find repo: did:plc:u7rh6gcc7w2lfrr4hiazb6wg')
2026-03-21T08:54:53Z WARNING bsky_collector_v2.job.index_feed_generators: listRecords failed repo=did:plc:v3xnsajsacbufuzpgn2yol4h err=HttpError('InvalidRequest: Could not find repo: did:plc:v3xnsajsacbufuzpgn2yol4h')
2026-03-21T08:54:53Z WARNING bsky_collector_v2.job.index_feed_generators: listRecords failed repo=did:plc:zc2g42lo3i5vpirlveo3i4j5 err=HttpError('InvalidRequest: Could not find repo: did:plc:zc2g42lo3i5vpirlveo3i4j5')
2026-03-21T08:54:54Z WARNING bsky_collector_v2.job.index_feed_generators: listRecords failed repo=did:plc:zhuwifbgcdryv4mjwrasjymb err=HttpError('InvalidRequest: Could not find repo: did:plc:zhuwifbgcdryv4mjwrasjymb')
2026-03-21T08:54:54Z INFO bsky_collector_v2.job.index_feed_generators: enqueued repos page=15 mode=listRepos inserted=500 repos_returned=500 next_cursor=set
2026-03-21T08:55:55Z WARNING bsky_collector_v2.job.index_feed_generators: listRecords failed repo=did:plc:mclzcl7rcjixjmq75n64fy5x err=HttpError('InvalidRequest: Could not find repo: did:plc:mclzcl7rcjixjmq75n64fy5x')
2026-03-21T08:55:55Z WARNING bsky_collector_v2.job.index_feed_generators: listRecords failed repo=did:plc:metmlzxfjnzqtklypovbldbo err=HttpError('InvalidRequest: Could not find repo: did:plc:metmlzxfjnzqtklypovbldbo')
2026-03-21T08:56:44Z WARNING bsky_collector_v2.job.index_feed_generators: listRecords failed repo=did:plc:mclzcl7rcjixjmq75n64fy5x err=HttpError('InvalidRequest: Could not find repo: did:plc:mclzcl7rcjixjmq75n64fy5x')
2026-03-21T08:56:44Z WARNING bsky_collector_v2.job.index_feed_generators: listRecords failed repo=did:plc:metmlzxfjnzqtklypovbldbo err=HttpError('InvalidRequest: Could not find repo: did:plc:metmlzxfjnzqtklypovbldbo')
2026-03-21T08:56:44Z WARNING bsky_collector_v2.job.index_feed_generators: listRecords failed repo=did:plc:mclzcl7rcjixjmq75n64fy5x err=HttpError('InvalidRequest: Could not find repo: did:plc:mclzcl7rcjixjmq75n64fy5x')
2026-03-21T08:56:44Z WARNING bsky_collector_v2.job.index_feed_generators: listRecords failed repo=did:plc:metmlzxfjnzqtklypovbldbo err=HttpError('InvalidRequest: Could not find repo: did:plc:metmlzxfjnzqtklypovbldbo')
2026-03-21T08:56:44Z INFO bsky_collector_v2.job.index_feed_generators: enqueued repos page=16 mode=listRepos inserted=500 repos_returned=500 next_cursor=set
2026-03-21T08:57:31Z WARNING bsky_collector_v2.job.index_feed_generators: listRecords failed repo=did:plc:gn2qzmrnm5z6uu2ass2gvhcj err=HttpError('InvalidRequest: Could not find repo: did:plc:gn2qzmrnm5z6uu2ass2gvhcj')
2026-03-21T08:57:53Z WARNING bsky_collector_v2.job.index_feed_generators: listRecords failed repo=did:plc:oif65w7gzysxw2ycenkvf6ip err=HttpError('InvalidRequest: Could not find repo: did:plc:oif65w7gzysxw2ycenkvf6ip')
2026-03-21T08:58:36Z WARNING bsky_collector_v2.job.index_feed_generators: listRecords failed repo=did:plc:gn2qzmrnm5z6uu2ass2gvhcj err=HttpError('InvalidRequest: Could not find repo: did:plc:gn2qzmrnm5z6uu2ass2gvhcj')
2026-03-21T08:58:36Z WARNING bsky_collector_v2.job.index_feed_generators: listRecords failed repo=did:plc:oif65w7gzysxw2ycenkvf6ip err=HttpError('InvalidRequest: Could not find repo: did:plc:oif65w7gzysxw2ycenkvf6ip')
2026-03-21T08:58:37Z WARNING bsky_collector_v2.job.index_feed_generators: listRecords failed repo=did:plc:gn2qzmrnm5z6uu2ass2gvhcj err=HttpError('InvalidRequest: Could not find repo: did:plc:gn2qzmrnm5z6uu2ass2gvhcj')
2026-03-21T08:58:37Z WARNING bsky_collector_v2.job.index_feed_generators: listRecords failed repo=did:plc:oif65w7gzysxw2ycenkvf6ip err=HttpError('InvalidRequest: Could not find repo: did:plc:oif65w7gzysxw2ycenkvf6ip')
2026-03-21T08:58:37Z INFO bsky_collector_v2.job.index_feed_generators: enqueued repos page=17 mode=listRepos inserted=500 repos_returned=500 next_cursor=set
2026-03-21T08:59:33Z WARNING bsky_collector_v2.job.index_feed_generators: listRecords failed repo=did:plc:b4pg4s3gwjfcjchziajdizy7 err=HttpError('NotEnoughResources: NotEnoughResources')
2026-03-21T08:59:47Z WARNING bsky_collector_v2.job.index_feed_generators: listRecords failed repo=did:plc:dfdecdwudxnp3ykkl4cgspfh err=HttpError('InvalidRequest: Could not find repo: did:plc:dfdecdwudxnp3ykkl4cgspfh')
2026-03-21T08:59:50Z WARNING bsky_collector_v2.job.index_feed_generators: listRecords failed repo=did:plc:dtwmcagsg57dmr2wx3wdpszi err=HttpError('InvalidRequest: Could not find repo: did:plc:dtwmcagsg57dmr2wx3wdpszi')
2026-03-21T09:00:38Z WARNING bsky_collector_v2.job.index_feed_generators: listRecords failed repo=did:plc:trhm5awcrhg4nkwyuahaoonl err=HttpError('NotEnoughResources: NotEnoughResources')
2026-03-21T09:01:07Z WARNING bsky_collector_v2.job.index_feed_generators: listRecords failed repo=did:plc:dfdecdwudxnp3ykkl4cgspfh err=HttpError('InvalidRequest: Could not find repo: did:plc:dfdecdwudxnp3ykkl4cgspfh')
2026-03-21T09:01:07Z WARNING bsky_collector_v2.job.index_feed_generators: listRecords failed repo=did:plc:dtwmcagsg57dmr2wx3wdpszi err=HttpError('InvalidRequest: Could not find repo: did:plc:dtwmcagsg57dmr2wx3wdpszi')
2026-03-21T09:01:10Z WARNING bsky_collector_v2.job.index_feed_generators: listRecords failed repo=did:plc:trhm5awcrhg4nkwyuahaoonl err=HttpError('NotEnoughResources: NotEnoughResources')
2026-03-21T09:01:11Z WARNING bsky_collector_v2.job.index_feed_generators: listRecords failed repo=did:plc:dfdecdwudxnp3ykkl4cgspfh err=HttpError('InvalidRequest: Could not find repo: did:plc:dfdecdwudxnp3ykkl4cgspfh')
2026-03-21T09:01:12Z WARNING bsky_collector_v2.job.index_feed_generators: listRecords failed repo=did:plc:dtwmcagsg57dmr2wx3wdpszi err=HttpError('InvalidRequest: Could not find repo: did:plc:dtwmcagsg57dmr2wx3wdpszi')
2026-03-21T09:01:15Z WARNING bsky_collector_v2.job.index_feed_generators: listRecords failed repo=did:plc:trhm5awcrhg4nkwyuahaoonl err=HttpError('NotEnoughResources: NotEnoughResources')
2026-03-21T09:01:16Z INFO bsky_collector_v2.job.index_feed_generators: enqueued repos page=18 mode=listRepos inserted=500 repos_returned=500 next_cursor=set
2026-03-21T09:01:50Z WARNING bsky_collector_v2.job.index_feed_generators: listRecords failed repo=did:plc:bejjhe3o4zeocb36fgwtusq7 err=HttpError('InvalidRequest: Could not find repo: did:plc:bejjhe3o4zeocb36fgwtusq7')
2026-03-21T09:02:53Z WARNING bsky_collector_v2.job.index_feed_generators: listRecords failed repo=did:plc:bejjhe3o4zeocb36fgwtusq7 err=HttpError('InvalidRequest: Could not find repo: did:plc:bejjhe3o4zeocb36fgwtusq7')
2026-03-21T09:02:53Z WARNING bsky_collector_v2.job.index_feed_generators: listRecords failed repo=did:plc:bejjhe3o4zeocb36fgwtusq7 err=HttpError('InvalidRequest: Could not find repo: did:plc:bejjhe3o4zeocb36fgwtusq7')
2026-03-21T09:02:53Z INFO bsky_collector_v2.job.index_feed_generators: enqueued repos page=19 mode=listRepos inserted=500 repos_returned=500 next_cursor=set
2026-03-21T09:04:15Z INFO bsky_collector_v2.job.index_feed_generators: enqueued repos page=20 mode=listRepos inserted=500 repos_returned=500 next_cursor=set
2026-03-21T09:04:57Z INFO bsky_collector_v2.job.index_feed_generators: indexed repo=did:plc:loflq72h7ypzxr436xuwirq3 part=87 records=1 next_cursor=set
2026-03-21T09:04:59Z WARNING bsky_collector_v2.job.index_feed_generators: listRecords failed repo=did:plc:mhgyo3xn5b2dfq7u5skuz3cr err=HttpError('InvalidRequest: Could not find repo: did:plc:mhgyo3xn5b2dfq7u5skuz3cr')
2026-03-21T09:05:01Z WARNING bsky_collector_v2.job.index_feed_generators: listRecords failed repo=did:plc:n3f2cud4pm7wgexehintptfu err=HttpError('InvalidRequest: Could not find repo: did:plc:n3f2cud4pm7wgexehintptfu')
2026-03-21T09:05:06Z WARNING bsky_collector_v2.job.index_feed_generators: listRecords failed repo=did:plc:okss2her5aqly2l335kktnrk err=HttpError('InvalidRequest: Could not find repo: did:plc:okss2her5aqly2l335kktnrk')
2026-03-21T09:05:23Z WARNING bsky_collector_v2.job.index_feed_generators: listRecords failed repo=did:plc:uprw6md22bpfery2xpk26xi7 err=HttpError('InvalidRequest: Could not find repo: did:plc:uprw6md22bpfery2xpk26xi7')
2026-03-21T09:05:29Z WARNING bsky_collector_v2.job.index_feed_generators: listRecords failed repo=did:plc:x46dlukw2jvohoe2yaj7mrzb err=HttpError('InvalidRequest: Could not find repo: did:plc:x46dlukw2jvohoe2yaj7mrzb')
2026-03-21T09:05:39Z WARNING bsky_collector_v2.job.index_feed_generators: listRecords failed repo=did:plc:mhgyo3xn5b2dfq7u5skuz3cr err=HttpError('InvalidRequest: Could not find repo: did:plc:mhgyo3xn5b2dfq7u5skuz3cr')
2026-03-21T09:05:39Z WARNING bsky_collector_v2.job.index_feed_generators: listRecords failed repo=did:plc:n3f2cud4pm7wgexehintptfu err=HttpError('InvalidRequest: Could not find repo: did:plc:n3f2cud4pm7wgexehintptfu')
2026-03-21T09:05:39Z WARNING bsky_collector_v2.job.index_feed_generators: listRecords failed repo=did:plc:okss2her5aqly2l335kktnrk err=HttpError('InvalidRequest: Could not find repo: did:plc:okss2her5aqly2l335kktnrk')
2026-03-21T09:05:39Z WARNING bsky_collector_v2.job.index_feed_generators: listRecords failed repo=did:plc:uprw6md22bpfery2xpk26xi7 err=HttpError('InvalidRequest: Could not find repo: did:plc:uprw6md22bpfery2xpk26xi7')
2026-03-21T09:05:39Z WARNING bsky_collector_v2.job.index_feed_generators: listRecords failed repo=did:plc:x46dlukw2jvohoe2yaj7mrzb err=HttpError('InvalidRequest: Could not find repo: did:plc:x46dlukw2jvohoe2yaj7mrzb')
2026-03-21T09:05:40Z WARNING bsky_collector_v2.job.index_feed_generators: listRecords failed repo=did:plc:mhgyo3xn5b2dfq7u5skuz3cr err=HttpError('InvalidRequest: Could not find repo: did:plc:mhgyo3xn5b2dfq7u5skuz3cr')
2026-03-21T09:05:40Z WARNING bsky_collector_v2.job.index_feed_generators: listRecords failed repo=did:plc:n3f2cud4pm7wgexehintptfu err=HttpError('InvalidRequest: Could not find repo: did:plc:n3f2cud4pm7wgexehintptfu')
2026-03-21T09:05:40Z WARNING bsky_collector_v2.job.index_feed_generators: listRecords failed repo=did:plc:okss2her5aqly2l335kktnrk err=HttpError('InvalidRequest: Could not find repo: did:plc:okss2her5aqly2l335kktnrk')
2026-03-21T09:05:40Z WARNING bsky_collector_v2.job.index_feed_generators: listRecords failed repo=did:plc:uprw6md22bpfery2xpk26xi7 err=HttpError('InvalidRequest: Could not find repo: did:plc:uprw6md22bpfery2xpk26xi7')
2026-03-21T09:05:40Z WARNING bsky_collector_v2.job.index_feed_generators: listRecords failed repo=did:plc:x46dlukw2jvohoe2yaj7mrzb err=HttpError('InvalidRequest: Could not find repo: did:plc:x46dlukw2jvohoe2yaj7mrzb')
2026-03-21T09:05:40Z INFO bsky_collector_v2.job.index_feed_generators: enqueued repos page=21 mode=listRepos inserted=500 repos_returned=500 next_cursor=set
2026-03-21T09:05:52Z WARNING bsky_collector_v2.job.index_feed_generators: listRecords failed repo=did:plc:5yit7rxkmmtofiq4lrmuxh4w err=HttpError('InvalidRequest: Could not find repo: did:plc:5yit7rxkmmtofiq4lrmuxh4w')
2026-03-21T09:07:25Z WARNING bsky_collector_v2.job.index_feed_generators: listRecords failed repo=did:plc:5yit7rxkmmtofiq4lrmuxh4w err=HttpError('InvalidRequest: Could not find repo: did:plc:5yit7rxkmmtofiq4lrmuxh4w')
2026-03-21T09:07:25Z WARNING bsky_collector_v2.job.index_feed_generators: listRecords failed repo=did:plc:5yit7rxkmmtofiq4lrmuxh4w err=HttpError('InvalidRequest: Could not find repo: did:plc:5yit7rxkmmtofiq4lrmuxh4w')
2026-03-21T09:07:25Z INFO bsky_collector_v2.job.index_feed_generators: enqueued repos page=22 mode=listRepos inserted=500 repos_returned=500 next_cursor=set
2026-03-21T09:08:12Z INFO bsky_collector_v2.job.index_feed_generators: indexed repo=did:plc:nl344nlgokkjdwzerpqrvfzk part=88 records=1 next_cursor=set
2026-03-21T09:09:25Z INFO bsky_collector_v2.job.index_feed_generators: enqueued repos page=23 mode=listRepos inserted=500 repos_returned=500 next_cursor=set
2026-03-21T09:09:42Z WARNING bsky_collector_v2.job.index_feed_generators: listRecords failed repo=did:plc:7t6m2nhnq2vcjbunogbettqt err=HttpError('InvalidRequest: Could not find repo: did:plc:7t6m2nhnq2vcjbunogbettqt')
2026-03-21T09:10:33Z INFO bsky_collector_v2.job.index_feed_generators: indexed repo=did:plc:txa7og7wggcriudz3dtat7ti part=89 records=1 next_cursor=set
2026-03-21T09:10:47Z WARNING bsky_collector_v2.job.index_feed_generators: listRecords failed repo=did:plc:7t6m2nhnq2vcjbunogbettqt err=HttpError('InvalidRequest: Could not find repo: did:plc:7t6m2nhnq2vcjbunogbettqt')
2026-03-21T09:10:47Z WARNING bsky_collector_v2.job.index_feed_generators: listRecords failed repo=did:plc:7t6m2nhnq2vcjbunogbettqt err=HttpError('InvalidRequest: Could not find repo: did:plc:7t6m2nhnq2vcjbunogbettqt')
2026-03-21T09:10:48Z INFO bsky_collector_v2.job.index_feed_generators: enqueued repos page=24 mode=listRepos inserted=500 repos_returned=500 next_cursor=set
2026-03-21T09:11:22Z WARNING bsky_collector_v2.job.index_feed_generators: listRecords failed repo=did:plc:d4nclufojzxgszlzxrtpleyw err=HttpError('InvalidRequest: Could not find repo: did:plc:d4nclufojzxgszlzxrtpleyw')
2026-03-21T09:11:26Z WARNING bsky_collector_v2.job.index_feed_generators: listRecords failed repo=did:plc:dhwtirnj6l7q262njsbogicq err=HttpError('InvalidRequest: Could not find repo: did:plc:dhwtirnj6l7q262njsbogicq')
2026-03-21T09:12:06Z WARNING bsky_collector_v2.job.index_feed_generators: listRecords failed repo=did:plc:ojcwvq5a5fxvdujaayq3s3nc err=HttpError('InvalidRequest: Could not find repo: did:plc:ojcwvq5a5fxvdujaayq3s3nc')
2026-03-21T09:12:09Z WARNING bsky_collector_v2.job.index_feed_generators: listRecords failed repo=did:plc:q4tyzzp5yrcw65pvyyhfjh6j err=HttpError('InvalidRequest: Could not find repo: did:plc:q4tyzzp5yrcw65pvyyhfjh6j')
2026-03-21T09:12:16Z WARNING bsky_collector_v2.job.index_feed_generators: listRecords failed repo=did:plc:td47ai7zlwet77x7zgunwhuh err=HttpError('InvalidRequest: Could not find repo: did:plc:td47ai7zlwet77x7zgunwhuh')
2026-03-21T09:12:24Z WARNING bsky_collector_v2.job.index_feed_generators: listRecords failed repo=did:plc:vtegjg4phygpqa5awzhomyyb err=HttpError('InvalidRequest: Could not find repo: did:plc:vtegjg4phygpqa5awzhomyyb')
2026-03-21T09:12:35Z WARNING bsky_collector_v2.job.index_feed_generators: listRecords failed repo=did:plc:ztcjgqch2ndfo52ne5xbhfev err=HttpError('InvalidRequest: Could not find repo: did:plc:ztcjgqch2ndfo52ne5xbhfev')
2026-03-21T09:12:35Z WARNING bsky_collector_v2.job.index_feed_generators: listRecords failed repo=did:plc:d4nclufojzxgszlzxrtpleyw err=HttpError('InvalidRequest: Could not find repo: did:plc:d4nclufojzxgszlzxrtpleyw')
2026-03-21T09:12:35Z WARNING bsky_collector_v2.job.index_feed_generators: listRecords failed repo=did:plc:dhwtirnj6l7q262njsbogicq err=HttpError('InvalidRequest: Could not find repo: did:plc:dhwtirnj6l7q262njsbogicq')
2026-03-21T09:12:35Z WARNING bsky_collector_v2.job.index_feed_generators: listRecords failed repo=did:plc:ojcwvq5a5fxvdujaayq3s3nc err=HttpError('InvalidRequest: Could not find repo: did:plc:ojcwvq5a5fxvdujaayq3s3nc')
2026-03-21T09:12:35Z WARNING bsky_collector_v2.job.index_feed_generators: listRecords failed repo=did:plc:q4tyzzp5yrcw65pvyyhfjh6j err=HttpError('InvalidRequest: Could not find repo: did:plc:q4tyzzp5yrcw65pvyyhfjh6j')
2026-03-21T09:12:35Z WARNING bsky_collector_v2.job.index_feed_generators: listRecords failed repo=did:plc:td47ai7zlwet77x7zgunwhuh err=HttpError('InvalidRequest: Could not find repo: did:plc:td47ai7zlwet77x7zgunwhuh')
2026-03-21T09:12:35Z WARNING bsky_collector_v2.job.index_feed_generators: listRecords failed repo=did:plc:vtegjg4phygpqa5awzhomyyb err=HttpError('InvalidRequest: Could not find repo: did:plc:vtegjg4phygpqa5awzhomyyb')
2026-03-21T09:12:35Z WARNING bsky_collector_v2.job.index_feed_generators: listRecords failed repo=did:plc:ztcjgqch2ndfo52ne5xbhfev err=HttpError('InvalidRequest: Could not find repo: did:plc:ztcjgqch2ndfo52ne5xbhfev')
2026-03-21T09:12:35Z WARNING bsky_collector_v2.job.index_feed_generators: listRecords failed repo=did:plc:d4nclufojzxgszlzxrtpleyw err=HttpError('InvalidRequest: Could not find repo: did:plc:d4nclufojzxgszlzxrtpleyw')
2026-03-21T09:12:35Z WARNING bsky_collector_v2.job.index_feed_generators: listRecords failed repo=did:plc:dhwtirnj6l7q262njsbogicq err=HttpError('InvalidRequest: Could not find repo: did:plc:dhwtirnj6l7q262njsbogicq')
2026-03-21T09:12:35Z WARNING bsky_collector_v2.job.index_feed_generators: listRecords failed repo=did:plc:ojcwvq5a5fxvdujaayq3s3nc err=HttpError('InvalidRequest: Could not find repo: did:plc:ojcwvq5a5fxvdujaayq3s3nc')
2026-03-21T09:12:36Z WARNING bsky_collector_v2.job.index_feed_generators: listRecords failed repo=did:plc:q4tyzzp5yrcw65pvyyhfjh6j err=HttpError('InvalidRequest: Could not find repo: did:plc:q4tyzzp5yrcw65pvyyhfjh6j')
2026-03-21T09:12:36Z WARNING bsky_collector_v2.job.index_feed_generators: listRecords failed repo=did:plc:td47ai7zlwet77x7zgunwhuh err=HttpError('InvalidRequest: Could not find repo: did:plc:td47ai7zlwet77x7zgunwhuh')
2026-03-21T09:12:36Z WARNING bsky_collector_v2.job.index_feed_generators: listRecords failed repo=did:plc:vtegjg4phygpqa5awzhomyyb err=HttpError('InvalidRequest: Could not find repo: did:plc:vtegjg4phygpqa5awzhomyyb')
2026-03-21T09:12:36Z WARNING bsky_collector_v2.job.index_feed_generators: listRecords failed repo=did:plc:ztcjgqch2ndfo52ne5xbhfev err=HttpError('InvalidRequest: Could not find repo: did:plc:ztcjgqch2ndfo52ne5xbhfev')
2026-03-21T09:12:36Z INFO bsky_collector_v2.job.index_feed_generators: enqueued repos page=25 mode=listRepos inserted=500 repos_returned=500 next_cursor=set
2026-03-21T09:12:38Z WARNING bsky_collector_v2.job.index_feed_generators: listRecords failed repo=did:plc:2rrmtvfwh2xvvnebr6ee3pnd err=HttpError('InvalidRequest: Could not find repo: did:plc:2rrmtvfwh2xvvnebr6ee3pnd')
2026-03-21T09:12:45Z WARNING bsky_collector_v2.job.index_feed_generators: listRecords failed repo=did:plc:55cnuvusgzuoalrjr2knb53v err=HttpError('InvalidRequest: Could not find repo: did:plc:55cnuvusgzuoalrjr2knb53v')
2026-03-21T09:12:48Z WARNING bsky_collector_v2.job.index_feed_generators: listRecords failed repo=did:plc:6lytesa65kie6bcyvyj237tw err=HttpError('InvalidRequest: Could not find repo: did:plc:6lytesa65kie6bcyvyj237tw')
2026-03-21T09:12:53Z WARNING bsky_collector_v2.job.index_feed_generators: listRecords failed repo=did:plc:aegovlszksmb6msespeebjvr err=HttpError('InvalidRequest: Could not find repo: did:plc:aegovlszksmb6msespeebjvr')
2026-03-21T09:13:01Z WARNING bsky_collector_v2.job.index_feed_generators: listRecords failed repo=did:plc:e5veqf5b2o6fdshfxs44ttwv err=HttpError('InvalidRequest: Could not find repo: did:plc:e5veqf5b2o6fdshfxs44ttwv')
2026-03-21T09:13:27Z WARNING bsky_collector_v2.job.index_feed_generators: listRecords failed repo=did:plc:nob4etzfaxmjz27mhm5a6efx err=HttpError('InvalidRequest: Could not find repo: did:plc:nob4etzfaxmjz27mhm5a6efx')
2026-03-21T09:13:29Z WARNING bsky_collector_v2.job.index_feed_generators: listRecords failed repo=did:plc:obxndihh7e5nygib32jvhy6p err=HttpError('InvalidRequest: Could not find repo: did:plc:obxndihh7e5nygib32jvhy6p')
2026-03-21T09:13:53Z WARNING bsky_collector_v2.job.index_feed_generators: listRecords failed repo=did:plc:wmcbmwnixkgfwt5h4wh5ky4r err=HttpError('InvalidRequest: Could not find repo: did:plc:wmcbmwnixkgfwt5h4wh5ky4r')
2026-03-21T09:13:53Z WARNING bsky_collector_v2.job.index_feed_generators: listRecords failed repo=did:plc:wrqh7uv4x5cskugeyr6zntsg err=HttpError('InvalidRequest: Could not find repo: did:plc:wrqh7uv4x5cskugeyr6zntsg')
2026-03-21T09:14:01Z WARNING bsky_collector_v2.job.index_feed_generators: listRecords failed repo=did:plc:2rrmtvfwh2xvvnebr6ee3pnd err=HttpError('InvalidRequest: Could not find repo: did:plc:2rrmtvfwh2xvvnebr6ee3pnd')
2026-03-21T09:14:01Z WARNING bsky_collector_v2.job.index_feed_generators: listRecords failed repo=did:plc:55cnuvusgzuoalrjr2knb53v err=HttpError('InvalidRequest: Could not find repo: did:plc:55cnuvusgzuoalrjr2knb53v')
2026-03-21T09:14:01Z WARNING bsky_collector_v2.job.index_feed_generators: listRecords failed repo=did:plc:6lytesa65kie6bcyvyj237tw err=HttpError('InvalidRequest: Could not find repo: did:plc:6lytesa65kie6bcyvyj237tw')
2026-03-21T09:14:01Z WARNING bsky_collector_v2.job.index_feed_generators: listRecords failed repo=did:plc:aegovlszksmb6msespeebjvr err=HttpError('InvalidRequest: Could not find repo: did:plc:aegovlszksmb6msespeebjvr')
2026-03-21T09:14:01Z WARNING bsky_collector_v2.job.index_feed_generators: listRecords failed repo=did:plc:e5veqf5b2o6fdshfxs44ttwv err=HttpError('InvalidRequest: Could not find repo: did:plc:e5veqf5b2o6fdshfxs44ttwv')
2026-03-21T09:14:02Z WARNING bsky_collector_v2.job.index_feed_generators: listRecords failed repo=did:plc:nob4etzfaxmjz27mhm5a6efx err=HttpError('InvalidRequest: Could not find repo: did:plc:nob4etzfaxmjz27mhm5a6efx')
2026-03-21T09:14:02Z WARNING bsky_collector_v2.job.index_feed_generators: listRecords failed repo=did:plc:obxndihh7e5nygib32jvhy6p err=HttpError('InvalidRequest: Could not find repo: did:plc:obxndihh7e5nygib32jvhy6p')
2026-03-21T09:14:02Z WARNING bsky_collector_v2.job.index_feed_generators: listRecords failed repo=did:plc:wmcbmwnixkgfwt5h4wh5ky4r err=HttpError('InvalidRequest: Could not find repo: did:plc:wmcbmwnixkgfwt5h4wh5ky4r')
2026-03-21T09:14:02Z WARNING bsky_collector_v2.job.index_feed_generators: listRecords failed repo=did:plc:wrqh7uv4x5cskugeyr6zntsg err=HttpError('InvalidRequest: Could not find repo: did:plc:wrqh7uv4x5cskugeyr6zntsg')
2026-03-21T09:14:02Z WARNING bsky_collector_v2.job.index_feed_generators: listRecords failed repo=did:plc:2rrmtvfwh2xvvnebr6ee3pnd err=HttpError('InvalidRequest: Could not find repo: did:plc:2rrmtvfwh2xvvnebr6ee3pnd')
2026-03-21T09:14:02Z WARNING bsky_collector_v2.job.index_feed_generators: listRecords failed repo=did:plc:55cnuvusgzuoalrjr2knb53v err=HttpError('InvalidRequest: Could not find repo: did:plc:55cnuvusgzuoalrjr2knb53v')
2026-03-21T09:14:02Z WARNING bsky_collector_v2.job.index_feed_generators: listRecords failed repo=did:plc:6lytesa65kie6bcyvyj237tw err=HttpError('InvalidRequest: Could not find repo: did:plc:6lytesa65kie6bcyvyj237tw')
2026-03-21T09:14:02Z WARNING bsky_collector_v2.job.index_feed_generators: listRecords failed repo=did:plc:aegovlszksmb6msespeebjvr err=HttpError('InvalidRequest: Could not find repo: did:plc:aegovlszksmb6msespeebjvr')
2026-03-21T09:14:02Z WARNING bsky_collector_v2.job.index_feed_generators: listRecords failed repo=did:plc:e5veqf5b2o6fdshfxs44ttwv err=HttpError('InvalidRequest: Could not find repo: did:plc:e5veqf5b2o6fdshfxs44ttwv')
2026-03-21T09:14:02Z WARNING bsky_collector_v2.job.index_feed_generators: listRecords failed repo=did:plc:nob4etzfaxmjz27mhm5a6efx err=HttpError('InvalidRequest: Could not find repo: did:plc:nob4etzfaxmjz27mhm5a6efx')
2026-03-21T09:14:02Z WARNING bsky_collector_v2.job.index_feed_generators: listRecords failed repo=did:plc:obxndihh7e5nygib32jvhy6p err=HttpError('InvalidRequest: Could not find repo: did:plc:obxndihh7e5nygib32jvhy6p')
2026-03-21T09:14:02Z WARNING bsky_collector_v2.job.index_feed_generators: listRecords failed repo=did:plc:wmcbmwnixkgfwt5h4wh5ky4r err=HttpError('InvalidRequest: Could not find repo: did:plc:wmcbmwnixkgfwt5h4wh5ky4r')
2026-03-21T09:14:02Z WARNING bsky_collector_v2.job.index_feed_generators: listRecords failed repo=did:plc:wrqh7uv4x5cskugeyr6zntsg err=HttpError('InvalidRequest: Could not find repo: did:plc:wrqh7uv4x5cskugeyr6zntsg')
2026-03-21T09:14:03Z INFO bsky_collector_v2.job.index_feed_generators: enqueued repos page=26 mode=listRepos inserted=500 repos_returned=500 next_cursor=set
2026-03-21T09:14:51Z WARNING bsky_collector_v2.job.index_feed_generators: listRecords failed repo=did:plc:hwdu6hb47fj2h23sheg2j5a2 err=HttpError('InvalidRequest: Could not find repo: did:plc:hwdu6hb47fj2h23sheg2j5a2')
2026-03-21T09:14:53Z WARNING bsky_collector_v2.job.index_feed_generators: listRecords failed repo=did:plc:i4j54ha7i5g2qpetrifmwfsj err=HttpError('InvalidRequest: Could not find repo: did:plc:i4j54ha7i5g2qpetrifmwfsj')
2026-03-21T09:15:13Z WARNING bsky_collector_v2.job.index_feed_generators: listRecords failed repo=did:plc:q53bejqbl3qz7cbhfc52cucb err=HttpError('InvalidRequest: Could not find repo: did:plc:q53bejqbl3qz7cbhfc52cucb')
2026-03-21T09:15:36Z WARNING bsky_collector_v2.job.index_feed_generators: listRecords failed repo=did:plc:hwdu6hb47fj2h23sheg2j5a2 err=HttpError('InvalidRequest: Could not find repo: did:plc:hwdu6hb47fj2h23sheg2j5a2')
2026-03-21T09:15:36Z WARNING bsky_collector_v2.job.index_feed_generators: listRecords failed repo=did:plc:i4j54ha7i5g2qpetrifmwfsj err=HttpError('InvalidRequest: Could not find repo: did:plc:i4j54ha7i5g2qpetrifmwfsj')
2026-03-21T09:15:36Z WARNING bsky_collector_v2.job.index_feed_generators: listRecords failed repo=did:plc:q53bejqbl3qz7cbhfc52cucb err=HttpError('InvalidRequest: Could not find repo: did:plc:q53bejqbl3qz7cbhfc52cucb')
2026-03-21T09:15:36Z WARNING bsky_collector_v2.job.index_feed_generators: listRecords failed repo=did:plc:hwdu6hb47fj2h23sheg2j5a2 err=HttpError('InvalidRequest: Could not find repo: did:plc:hwdu6hb47fj2h23sheg2j5a2')
2026-03-21T09:15:36Z WARNING bsky_collector_v2.job.index_feed_generators: listRecords failed repo=did:plc:i4j54ha7i5g2qpetrifmwfsj err=HttpError('InvalidRequest: Could not find repo: did:plc:i4j54ha7i5g2qpetrifmwfsj')
2026-03-21T09:15:36Z WARNING bsky_collector_v2.job.index_feed_generators: listRecords failed repo=did:plc:q53bejqbl3qz7cbhfc52cucb err=HttpError('InvalidRequest: Could not find repo: did:plc:q53bejqbl3qz7cbhfc52cucb')
2026-03-21T09:15:37Z INFO bsky_collector_v2.job.index_feed_generators: enqueued repos page=27 mode=listRepos inserted=500 repos_returned=500 next_cursor=set
2026-03-21T09:15:48Z WARNING bsky_collector_v2.job.index_feed_generators: listRecords failed repo=did:plc:6bxwi5fc3arp4vrsmzewrx3h err=HttpError('InvalidRequest: Could not find repo: did:plc:6bxwi5fc3arp4vrsmzewrx3h')
2026-03-21T09:15:54Z WARNING bsky_collector_v2.job.index_feed_generators: listRecords failed repo=did:plc:arq5ha3tcvbc4wyw7xrppfzf err=HttpError('InvalidRequest: Could not find repo: did:plc:arq5ha3tcvbc4wyw7xrppfzf')
2026-03-21T09:16:38Z WARNING bsky_collector_v2.job.index_feed_generators: listRecords failed repo=did:plc:poblcg3dco2dmoozbn4uzsh3 err=HttpError('InvalidRequest: Could not find repo: did:plc:poblcg3dco2dmoozbn4uzsh3')
2026-03-21T09:16:40Z INFO bsky_collector_v2.job.index_feed_generators: indexed repo=did:plc:qcrlsjrbdi7ihrd2nx4cyku2 part=90 records=1 next_cursor=set
2026-03-21T09:16:55Z WARNING bsky_collector_v2.job.index_feed_generators: listRecords failed repo=did:plc:y2p6qytytcjt6n2zdrauqu7m err=HttpError('InvalidRequest: Could not find repo: did:plc:y2p6qytytcjt6n2zdrauqu7m')
2026-03-21T09:17:03Z WARNING bsky_collector_v2.job.index_feed_generators: listRecords failed repo=did:plc:6bxwi5fc3arp4vrsmzewrx3h err=HttpError('InvalidRequest: Could not find repo: did:plc:6bxwi5fc3arp4vrsmzewrx3h')
2026-03-21T09:17:03Z WARNING bsky_collector_v2.job.index_feed_generators: listRecords failed repo=did:plc:arq5ha3tcvbc4wyw7xrppfzf err=HttpError('InvalidRequest: Could not find repo: did:plc:arq5ha3tcvbc4wyw7xrppfzf')
2026-03-21T09:17:03Z WARNING bsky_collector_v2.job.index_feed_generators: listRecords failed repo=did:plc:poblcg3dco2dmoozbn4uzsh3 err=HttpError('InvalidRequest: Could not find repo: did:plc:poblcg3dco2dmoozbn4uzsh3')
2026-03-21T09:17:04Z WARNING bsky_collector_v2.job.index_feed_generators: listRecords failed repo=did:plc:y2p6qytytcjt6n2zdrauqu7m err=HttpError('InvalidRequest: Could not find repo: did:plc:y2p6qytytcjt6n2zdrauqu7m')
2026-03-21T09:17:04Z WARNING bsky_collector_v2.job.index_feed_generators: listRecords failed repo=did:plc:6bxwi5fc3arp4vrsmzewrx3h err=HttpError('InvalidRequest: Could not find repo: did:plc:6bxwi5fc3arp4vrsmzewrx3h')
2026-03-21T09:17:04Z WARNING bsky_collector_v2.job.index_feed_generators: listRecords failed repo=did:plc:arq5ha3tcvbc4wyw7xrppfzf err=HttpError('InvalidRequest: Could not find repo: did:plc:arq5ha3tcvbc4wyw7xrppfzf')
2026-03-21T09:17:04Z WARNING bsky_collector_v2.job.index_feed_generators: listRecords failed repo=did:plc:poblcg3dco2dmoozbn4uzsh3 err=HttpError('InvalidRequest: Could not find repo: did:plc:poblcg3dco2dmoozbn4uzsh3')
2026-03-21T09:17:04Z WARNING bsky_collector_v2.job.index_feed_generators: listRecords failed repo=did:plc:y2p6qytytcjt6n2zdrauqu7m err=HttpError('InvalidRequest: Could not find repo: did:plc:y2p6qytytcjt6n2zdrauqu7m')
2026-03-21T09:17:04Z INFO bsky_collector_v2.job.index_feed_generators: enqueued repos page=28 mode=listRepos inserted=500 repos_returned=500 next_cursor=set
2026-03-21T09:18:07Z WARNING bsky_collector_v2.job.index_feed_generators: listRecords failed repo=did:plc:lya3h6z3ps6znrbg54ot4ssh err=HttpError('InvalidRequest: Could not find repo: did:plc:lya3h6z3ps6znrbg54ot4ssh')
2026-03-21T09:18:46Z WARNING bsky_collector_v2.job.index_feed_generators: listRecords failed repo=did:plc:lya3h6z3ps6znrbg54ot4ssh err=HttpError('InvalidRequest: Could not find repo: did:plc:lya3h6z3ps6znrbg54ot4ssh')
2026-03-21T09:18:46Z WARNING bsky_collector_v2.job.index_feed_generators: listRecords failed repo=did:plc:lya3h6z3ps6znrbg54ot4ssh err=HttpError('InvalidRequest: Could not find repo: did:plc:lya3h6z3ps6znrbg54ot4ssh')
2026-03-21T09:18:47Z INFO bsky_collector_v2.job.index_feed_generators: enqueued repos page=29 mode=listRepos inserted=500 repos_returned=500 next_cursor=set
2026-03-21T09:20:03Z WARNING bsky_collector_v2.job.index_feed_generators: listRecords failed repo=did:plc:skzzh3r474qvgy2llwmt7wp6 err=HttpError('InvalidRequest: Could not find repo: did:plc:skzzh3r474qvgy2llwmt7wp6')
2026-03-21T09:20:21Z WARNING bsky_collector_v2.job.index_feed_generators: listRecords failed repo=did:plc:skzzh3r474qvgy2llwmt7wp6 err=HttpError('InvalidRequest: Could not find repo: did:plc:skzzh3r474qvgy2llwmt7wp6')
2026-03-21T09:20:21Z WARNING bsky_collector_v2.job.index_feed_generators: listRecords failed repo=did:plc:skzzh3r474qvgy2llwmt7wp6 err=HttpError('InvalidRequest: Could not find repo: did:plc:skzzh3r474qvgy2llwmt7wp6')
2026-03-21T09:20:22Z INFO bsky_collector_v2.job.index_feed_generators: enqueued repos page=30 mode=listRepos inserted=500 repos_returned=500 next_cursor=set
2026-03-21T09:20:22Z WARNING bsky_collector_v2.job.index_feed_generators: listRecords failed repo=did:plc:2i3p34fmptxbejudmflrt3y5 err=HttpError('InvalidRequest: Could not find repo: did:plc:2i3p34fmptxbejudmflrt3y5')
2026-03-21T09:21:17Z WARNING bsky_collector_v2.job.index_feed_generators: listRecords failed repo=did:plc:psxbly4xso7ap2crgsbgwh3e err=HttpError('InvalidRequest: Could not find repo: did:plc:psxbly4xso7ap2crgsbgwh3e')
2026-03-21T09:21:18Z WARNING bsky_collector_v2.job.index_feed_generators: listRecords failed repo=did:plc:q22bfjpnn2fgvnizukwgwnor err=HttpError('InvalidRequest: Could not find repo: did:plc:q22bfjpnn2fgvnizukwgwnor')
2026-03-21T09:21:57Z WARNING bsky_collector_v2.job.index_feed_generators: listRecords failed repo=did:plc:2i3p34fmptxbejudmflrt3y5 err=HttpError('InvalidRequest: Could not find repo: did:plc:2i3p34fmptxbejudmflrt3y5')
2026-03-21T09:21:57Z WARNING bsky_collector_v2.job.index_feed_generators: listRecords failed repo=did:plc:psxbly4xso7ap2crgsbgwh3e err=HttpError('InvalidRequest: Could not find repo: did:plc:psxbly4xso7ap2crgsbgwh3e')
2026-03-21T09:21:57Z WARNING bsky_collector_v2.job.index_feed_generators: listRecords failed repo=did:plc:q22bfjpnn2fgvnizukwgwnor err=HttpError('InvalidRequest: Could not find repo: did:plc:q22bfjpnn2fgvnizukwgwnor')
2026-03-21T09:21:57Z WARNING bsky_collector_v2.job.index_feed_generators: listRecords failed repo=did:plc:2i3p34fmptxbejudmflrt3y5 err=HttpError('InvalidRequest: Could not find repo: did:plc:2i3p34fmptxbejudmflrt3y5')
2026-03-21T09:21:57Z WARNING bsky_collector_v2.job.index_feed_generators: listRecords failed repo=did:plc:psxbly4xso7ap2crgsbgwh3e err=HttpError('InvalidRequest: Could not find repo: did:plc:psxbly4xso7ap2crgsbgwh3e')
2026-03-21T09:21:57Z WARNING bsky_collector_v2.job.index_feed_generators: listRecords failed repo=did:plc:q22bfjpnn2fgvnizukwgwnor err=HttpError('InvalidRequest: Could not find repo: did:plc:q22bfjpnn2fgvnizukwgwnor')
2026-03-21T09:21:58Z INFO bsky_collector_v2.job.index_feed_generators: enqueued repos page=31 mode=listRepos inserted=500 repos_returned=500 next_cursor=set
2026-03-21T09:22:01Z WARNING bsky_collector_v2.job.index_feed_generators: listRecords failed repo=did:plc:2t53e54r27wqasmgn2oekqws err=HttpError('InvalidRequest: Could not find repo: did:plc:2t53e54r27wqasmgn2oekqws')
