2026-03-05T03:24:09Z INFO bsky_collector_v2: out_base ok path=D:\BlueSky\data_v2_full mount=D:\
2026-03-05T03:24:09Z INFO bsky_collector_v2: job start subcommand=index-feed-generators dry_run=False resume=True
2026-03-05T03:24:09Z INFO bsky_collector_v2.job.index_feed_generators: feed generator index hosts relay_host=https://bsky.network records_host=https://bsky.social auth=yes
2026-03-05T03:25:13Z INFO bsky_collector_v2.job.index_feed_generators: enqueued repos page=1 mode=listRepos inserted=500 repos_returned=500 next_cursor=set
2026-03-05T03:25:25Z INFO bsky_collector_v2.job.index_feed_generators: indexed repo=did:plc:6afzmv2dao653yuun5wusgcy part=69 records=1 next_cursor=set
2026-03-05T03:26:47Z INFO bsky_collector_v2.job.index_feed_generators: indexed repo=did:plc:uazbmximy2jbsj5fna5rcftm part=70 records=1 next_cursor=set
2026-03-05T03:27:08Z INFO bsky_collector_v2.job.index_feed_generators: enqueued repos page=2 mode=listRepos inserted=500 repos_returned=500 next_cursor=set
2026-03-05T03:27:13Z WARNING bsky_collector_v2.job.index_feed_generators: listRecords failed repo=did:plc:3g5vzalrfym4keklsbz6fnfy err=HttpError('InvalidRequest: Could not find repo: did:plc:3g5vzalrfym4keklsbz6fnfy')
2026-03-05T03:28:20Z WARNING bsky_collector_v2.job.index_feed_generators: listRecords failed repo=did:plc:pumns2vnsgrzies2th4a3vqi err=HttpError('InvalidRequest: Could not find repo: did:plc:pumns2vnsgrzies2th4a3vqi')
2026-03-05T03:28:53Z WARNING bsky_collector_v2.job.index_feed_generators: listRecords failed repo=did:plc:3g5vzalrfym4keklsbz6fnfy err=HttpError('InvalidRequest: Could not find repo: did:plc:3g5vzalrfym4keklsbz6fnfy')
2026-03-05T03:28:53Z WARNING bsky_collector_v2.job.index_feed_generators: listRecords failed repo=did:plc:pumns2vnsgrzies2th4a3vqi err=HttpError('InvalidRequest: Could not find repo: did:plc:pumns2vnsgrzies2th4a3vqi')
2026-03-05T03:28:53Z WARNING bsky_collector_v2.job.index_feed_generators: listRecords failed repo=did:plc:3g5vzalrfym4keklsbz6fnfy err=HttpError('InvalidRequest: Could not find repo: did:plc:3g5vzalrfym4keklsbz6fnfy')
2026-03-05T03:28:53Z WARNING bsky_collector_v2.job.index_feed_generators: listRecords failed repo=did:plc:pumns2vnsgrzies2th4a3vqi err=HttpError('InvalidRequest: Could not find repo: did:plc:pumns2vnsgrzies2th4a3vqi')
2026-03-05T03:28:54Z INFO bsky_collector_v2.job.index_feed_generators: enqueued repos page=3 mode=listRepos inserted=500 repos_returned=500 next_cursor=set
2026-03-05T03:28:58Z INFO bsky_collector_v2.job.index_feed_generators: indexed repo=did:plc:3jzcezm264p74cbtdln56ru3 part=71 records=2 next_cursor=set
2026-03-05T03:29:56Z WARNING bsky_collector_v2.job.index_feed_generators: listRecords failed repo=did:plc:nswg5gnkl3aomoe5ang4jsbf err=HttpError('InvalidRequest: Could not find repo: did:plc:nswg5gnkl3aomoe5ang4jsbf')
2026-03-05T03:30:35Z WARNING bsky_collector_v2.job.index_feed_generators: listRecords failed repo=did:plc:ymbemwttbcgm7ofclwr6t4dv err=HttpError('InvalidRequest: Could not find repo: did:plc:ymbemwttbcgm7ofclwr6t4dv')
2026-03-05T03:30:38Z WARNING bsky_collector_v2.job.index_feed_generators: listRecords failed repo=did:plc:nswg5gnkl3aomoe5ang4jsbf err=HttpError('InvalidRequest: Could not find repo: did:plc:nswg5gnkl3aomoe5ang4jsbf')
2026-03-05T03:30:39Z WARNING bsky_collector_v2.job.index_feed_generators: listRecords failed repo=did:plc:ymbemwttbcgm7ofclwr6t4dv err=HttpError('InvalidRequest: Could not find repo: did:plc:ymbemwttbcgm7ofclwr6t4dv')
2026-03-05T03:30:39Z WARNING bsky_collector_v2.job.index_feed_generators: listRecords failed repo=did:plc:nswg5gnkl3aomoe5ang4jsbf err=HttpError('InvalidRequest: Could not find repo: did:plc:nswg5gnkl3aomoe5ang4jsbf')
2026-03-05T03:30:39Z WARNING bsky_collector_v2.job.index_feed_generators: listRecords failed repo=did:plc:ymbemwttbcgm7ofclwr6t4dv err=HttpError('InvalidRequest: Could not find repo: did:plc:ymbemwttbcgm7ofclwr6t4dv')
2026-03-05T03:30:39Z INFO bsky_collector_v2.job.index_feed_generators: enqueued repos page=4 mode=listRepos inserted=500 repos_returned=500 next_cursor=set
2026-03-05T03:31:06Z WARNING bsky_collector_v2.job.index_feed_generators: listRecords failed repo=did:plc:audf5kfqox6a5oxeeoh3ecda err=HttpError('InvalidRequest: Could not find repo: did:plc:audf5kfqox6a5oxeeoh3ecda')
2026-03-05T03:31:23Z INFO bsky_collector_v2.job.index_feed_generators: indexed repo=did:plc:fwvdvvwstpxpftnbnjiwcsux part=72 records=1 next_cursor=set
2026-03-05T03:31:41Z INFO bsky_collector_v2.job.index_feed_generators: indexed repo=did:plc:ma5aw6s2yrrrom6c5u5cfi4a part=73 records=2 next_cursor=set
2026-03-05T03:32:02Z INFO bsky_collector_v2.job.index_feed_generators: indexed repo=did:plc:rw6x2ioixi7xs56fzgbrfhki part=74 records=2 next_cursor=set
2026-03-05T03:32:26Z WARNING bsky_collector_v2.job.index_feed_generators: listRecords failed repo=did:plc:audf5kfqox6a5oxeeoh3ecda err=HttpError('InvalidRequest: Could not find repo: did:plc:audf5kfqox6a5oxeeoh3ecda')
2026-03-05T03:32:27Z WARNING bsky_collector_v2.job.index_feed_generators: listRecords failed repo=did:plc:audf5kfqox6a5oxeeoh3ecda err=HttpError('InvalidRequest: Could not find repo: did:plc:audf5kfqox6a5oxeeoh3ecda')
2026-03-05T03:32:27Z INFO bsky_collector_v2.job.index_feed_generators: enqueued repos page=5 mode=listRepos inserted=500 repos_returned=500 next_cursor=set
2026-03-05T03:33:26Z INFO bsky_collector_v2.job.index_feed_generators: indexed repo=did:plc:lthj455h4o6vgn4r65lj5vxw part=75 records=1 next_cursor=set
2026-03-05T03:33:39Z INFO bsky_collector_v2.job.index_feed_generators: indexed repo=did:plc:pmjn2u7ripllz3dy5zn6zxoa part=76 records=1 next_cursor=set
2026-03-05T03:33:46Z WARNING bsky_collector_v2.job.index_feed_generators: listRecords failed repo=did:plc:rixtrzlvapdbalesbx5bjmj7 err=HttpError('InvalidRequest: Could not find repo: did:plc:rixtrzlvapdbalesbx5bjmj7')
2026-03-05T03:34:03Z INFO bsky_collector_v2.job.index_feed_generators: indexed repo=did:plc:wty4uv6afyzrikf7rbdteh4c part=77 records=2 next_cursor=set
2026-03-05T03:34:16Z WARNING bsky_collector_v2.job.index_feed_generators: listRecords failed repo=did:plc:rixtrzlvapdbalesbx5bjmj7 err=HttpError('InvalidRequest: Could not find repo: did:plc:rixtrzlvapdbalesbx5bjmj7')
2026-03-05T03:34:16Z WARNING bsky_collector_v2.job.index_feed_generators: listRecords failed repo=did:plc:rixtrzlvapdbalesbx5bjmj7 err=HttpError('InvalidRequest: Could not find repo: did:plc:rixtrzlvapdbalesbx5bjmj7')
2026-03-05T03:34:17Z INFO bsky_collector_v2.job.index_feed_generators: enqueued repos page=6 mode=listRepos inserted=500 repos_returned=500 next_cursor=set
2026-03-05T03:35:59Z INFO bsky_collector_v2.job.index_feed_generators: enqueued repos page=7 mode=listRepos inserted=500 repos_returned=500 next_cursor=set
2026-03-05T03:37:19Z WARNING bsky_collector_v2.job.index_feed_generators: listRecords failed repo=did:plc:tj34bjxzk4yw755sstafk3kk err=HttpError('InvalidRequest: Could not find repo: did:plc:tj34bjxzk4yw755sstafk3kk')
2026-03-05T03:37:26Z INFO bsky_collector_v2.job.index_feed_generators: indexed repo=did:plc:vx2mypexxkhr5smfehguoqwt part=78 records=1 next_cursor=set
2026-03-05T03:37:44Z WARNING bsky_collector_v2.job.index_feed_generators: listRecords failed repo=did:plc:tj34bjxzk4yw755sstafk3kk err=HttpError('InvalidRequest: Could not find repo: did:plc:tj34bjxzk4yw755sstafk3kk')
2026-03-05T03:37:45Z WARNING bsky_collector_v2.job.index_feed_generators: listRecords failed repo=did:plc:tj34bjxzk4yw755sstafk3kk err=HttpError('InvalidRequest: Could not find repo: did:plc:tj34bjxzk4yw755sstafk3kk')
2026-03-05T03:37:45Z INFO bsky_collector_v2.job.index_feed_generators: enqueued repos page=8 mode=listRepos inserted=500 repos_returned=500 next_cursor=set
2026-03-05T03:38:02Z INFO bsky_collector_v2.job.index_feed_generators: indexed repo=did:plc:5ffetqx35y6vw2wsfpoegdhx part=79 records=7 next_cursor=set
2026-03-05T03:39:35Z INFO bsky_collector_v2.job.index_feed_generators: enqueued repos page=9 mode=listRepos inserted=500 repos_returned=500 next_cursor=set
2026-03-05T03:39:57Z INFO bsky_collector_v2.job.index_feed_generators: indexed repo=did:plc:armz2xg5tnc2yb2bjtnpki4m part=80 records=1 next_cursor=set
2026-03-05T03:41:16Z INFO bsky_collector_v2.job.index_feed_generators: enqueued repos page=10 mode=listRepos inserted=500 repos_returned=500 next_cursor=set
2026-03-05T03:41:29Z WARNING bsky_collector_v2.job.index_feed_generators: listRecords failed repo=did:plc:6qu5c5qee6nzlbzhazeyhi4p err=HttpError('InvalidRequest: Could not find repo: did:plc:6qu5c5qee6nzlbzhazeyhi4p')
2026-03-05T03:42:53Z WARNING bsky_collector_v2.job.index_feed_generators: listRecords failed repo=did:plc:6qu5c5qee6nzlbzhazeyhi4p err=HttpError('InvalidRequest: Could not find repo: did:plc:6qu5c5qee6nzlbzhazeyhi4p')
2026-03-05T03:42:53Z WARNING bsky_collector_v2.job.index_feed_generators: listRecords failed repo=did:plc:6qu5c5qee6nzlbzhazeyhi4p err=HttpError('InvalidRequest: Could not find repo: did:plc:6qu5c5qee6nzlbzhazeyhi4p')
2026-03-05T03:42:53Z INFO bsky_collector_v2.job.index_feed_generators: enqueued repos page=11 mode=listRepos inserted=500 repos_returned=500 next_cursor=set
2026-03-05T03:43:23Z WARNING bsky_collector_v2.job.index_feed_generators: listRecords failed repo=did:plc:dy4oxoozueym4rijtwb6xml2 err=HttpError('InvalidRequest: Could not find repo: did:plc:dy4oxoozueym4rijtwb6xml2')
2026-03-05T03:43:31Z WARNING bsky_collector_v2.job.index_feed_generators: listRecords failed repo=did:plc:g2hmb4tipgszlenls36bggvo err=HttpError('InvalidRequest: Could not find repo: did:plc:g2hmb4tipgszlenls36bggvo')
2026-03-05T03:43:59Z WARNING bsky_collector_v2.job.index_feed_generators: listRecords failed repo=did:plc:pjns5tdppdshci32emntz6hc err=HttpError('InvalidRequest: Could not find repo: did:plc:pjns5tdppdshci32emntz6hc')
2026-03-05T03:44:34Z WARNING bsky_collector_v2.job.index_feed_generators: listRecords failed repo=did:plc:dy4oxoozueym4rijtwb6xml2 err=HttpError('InvalidRequest: Could not find repo: did:plc:dy4oxoozueym4rijtwb6xml2')
2026-03-05T03:44:34Z WARNING bsky_collector_v2.job.index_feed_generators: listRecords failed repo=did:plc:g2hmb4tipgszlenls36bggvo err=HttpError('InvalidRequest: Could not find repo: did:plc:g2hmb4tipgszlenls36bggvo')
2026-03-05T03:44:34Z WARNING bsky_collector_v2.job.index_feed_generators: listRecords failed repo=did:plc:pjns5tdppdshci32emntz6hc err=HttpError('InvalidRequest: Could not find repo: did:plc:pjns5tdppdshci32emntz6hc')
2026-03-05T03:44:34Z WARNING bsky_collector_v2.job.index_feed_generators: listRecords failed repo=did:plc:dy4oxoozueym4rijtwb6xml2 err=HttpError('InvalidRequest: Could not find repo: did:plc:dy4oxoozueym4rijtwb6xml2')
2026-03-05T03:44:34Z WARNING bsky_collector_v2.job.index_feed_generators: listRecords failed repo=did:plc:g2hmb4tipgszlenls36bggvo err=HttpError('InvalidRequest: Could not find repo: did:plc:g2hmb4tipgszlenls36bggvo')
2026-03-05T03:44:34Z WARNING bsky_collector_v2.job.index_feed_generators: listRecords failed repo=did:plc:pjns5tdppdshci32emntz6hc err=HttpError('InvalidRequest: Could not find repo: did:plc:pjns5tdppdshci32emntz6hc')
2026-03-05T03:44:35Z INFO bsky_collector_v2.job.index_feed_generators: enqueued repos page=12 mode=listRepos inserted=500 repos_returned=500 next_cursor=set
2026-03-05T03:44:35Z WARNING bsky_collector_v2.job.index_feed_generators: listRecords failed repo=did:plc:26fap27ojnf4pmxakzfweld6 err=HttpError('InvalidRequest: Could not find repo: did:plc:26fap27ojnf4pmxakzfweld6')
2026-03-05T03:44:57Z WARNING bsky_collector_v2.job.index_feed_generators: listRecords failed repo=did:plc:adbtxbimyxkb76ejrnqhnac2 err=HttpError('InvalidRequest: Could not find repo: did:plc:adbtxbimyxkb76ejrnqhnac2')
2026-03-05T03:46:12Z WARNING bsky_collector_v2.job.index_feed_generators: listRecords failed repo=did:plc:26fap27ojnf4pmxakzfweld6 err=HttpError('InvalidRequest: Could not find repo: did:plc:26fap27ojnf4pmxakzfweld6')
2026-03-05T03:46:12Z WARNING bsky_collector_v2.job.index_feed_generators: listRecords failed repo=did:plc:adbtxbimyxkb76ejrnqhnac2 err=HttpError('InvalidRequest: Could not find repo: did:plc:adbtxbimyxkb76ejrnqhnac2')
2026-03-05T03:46:12Z WARNING bsky_collector_v2.job.index_feed_generators: listRecords failed repo=did:plc:26fap27ojnf4pmxakzfweld6 err=HttpError('InvalidRequest: Could not find repo: did:plc:26fap27ojnf4pmxakzfweld6')
2026-03-05T03:46:13Z WARNING bsky_collector_v2.job.index_feed_generators: listRecords failed repo=did:plc:adbtxbimyxkb76ejrnqhnac2 err=HttpError('InvalidRequest: Could not find repo: did:plc:adbtxbimyxkb76ejrnqhnac2')
2026-03-05T03:46:13Z INFO bsky_collector_v2.job.index_feed_generators: enqueued repos page=13 mode=listRepos inserted=500 repos_returned=500 next_cursor=set
2026-03-05T03:47:58Z INFO bsky_collector_v2.job.index_feed_generators: indexed repo=did:plc:xwopfoj3leebwbtghapk6icf part=81 records=1 next_cursor=set
2026-03-05T03:48:04Z INFO bsky_collector_v2.job.index_feed_generators: enqueued repos page=14 mode=listRepos inserted=500 repos_returned=500 next_cursor=set
2026-03-05T03:49:47Z INFO bsky_collector_v2.job.index_feed_generators: enqueued repos page=15 mode=listRepos inserted=500 repos_returned=500 next_cursor=set
2026-03-05T03:49:59Z INFO bsky_collector_v2.job.index_feed_generators: indexed repo=did:plc:673wb5sjgsbystfbyhbvux54 part=82 records=1 next_cursor=set
2026-03-05T03:51:05Z INFO bsky_collector_v2.job.index_feed_generators: indexed repo=did:plc:shtlgs6h4btkbp3p2aqk4nmq part=83 records=1 next_cursor=set
2026-03-05T03:51:51Z WARNING bsky_collector_v2.job.index_feed_generators: listRecords failed repo=did:plc:zyxce5wor3mw7mky55uq4qzo err=HttpError('InvalidRequest: Could not find repo: did:plc:zyxce5wor3mw7mky55uq4qzo')
2026-03-05T03:51:52Z WARNING bsky_collector_v2.job.index_feed_generators: listRecords failed repo=did:plc:zyxce5wor3mw7mky55uq4qzo err=HttpError('InvalidRequest: Could not find repo: did:plc:zyxce5wor3mw7mky55uq4qzo')
2026-03-05T03:51:52Z WARNING bsky_collector_v2.job.index_feed_generators: listRecords failed repo=did:plc:zyxce5wor3mw7mky55uq4qzo err=HttpError('InvalidRequest: Could not find repo: did:plc:zyxce5wor3mw7mky55uq4qzo')
2026-03-05T03:51:53Z INFO bsky_collector_v2.job.index_feed_generators: enqueued repos page=16 mode=listRepos inserted=500 repos_returned=500 next_cursor=set
2026-03-05T03:53:05Z WARNING bsky_collector_v2.job.index_feed_generators: listRecords failed repo=did:plc:hmo6fykgmpo5u2kyx5654e7y err=HttpError('InvalidRequest: Could not find repo: did:plc:hmo6fykgmpo5u2kyx5654e7y')
2026-03-05T03:53:30Z INFO bsky_collector_v2.job.index_feed_generators: indexed repo=did:plc:ogiz2mctjar3m44li3pcyfmy part=84 records=1 next_cursor=set
2026-03-05T03:53:35Z INFO bsky_collector_v2.job.index_feed_generators: indexed repo=did:plc:p6yf4l4ehouevaaukvwdjvr2 part=85 records=4 next_cursor=set
2026-03-05T03:54:10Z WARNING bsky_collector_v2.job.index_feed_generators: listRecords failed repo=did:plc:hmo6fykgmpo5u2kyx5654e7y err=HttpError('InvalidRequest: Could not find repo: did:plc:hmo6fykgmpo5u2kyx5654e7y')
2026-03-05T03:54:10Z WARNING bsky_collector_v2.job.index_feed_generators: listRecords failed repo=did:plc:hmo6fykgmpo5u2kyx5654e7y err=HttpError('InvalidRequest: Could not find repo: did:plc:hmo6fykgmpo5u2kyx5654e7y')
2026-03-05T03:54:11Z INFO bsky_collector_v2.job.index_feed_generators: enqueued repos page=17 mode=listRepos inserted=500 repos_returned=500 next_cursor=set
2026-03-05T03:55:50Z INFO bsky_collector_v2.job.index_feed_generators: enqueued repos page=18 mode=listRepos inserted=500 repos_returned=500 next_cursor=set
2026-03-05T03:56:19Z WARNING bsky_collector_v2.job.index_feed_generators: listRecords failed repo=did:plc:ejexmlao2nbxwxuugjwqticf err=HttpError('InvalidRequest: Could not find repo: did:plc:ejexmlao2nbxwxuugjwqticf')
2026-03-05T03:57:29Z WARNING bsky_collector_v2.job.index_feed_generators: listRecords failed repo=did:plc:ejexmlao2nbxwxuugjwqticf err=HttpError('InvalidRequest: Could not find repo: did:plc:ejexmlao2nbxwxuugjwqticf')
2026-03-05T03:57:29Z WARNING bsky_collector_v2.job.index_feed_generators: listRecords failed repo=did:plc:ejexmlao2nbxwxuugjwqticf err=HttpError('InvalidRequest: Could not find repo: did:plc:ejexmlao2nbxwxuugjwqticf')
2026-03-05T03:57:30Z INFO bsky_collector_v2.job.index_feed_generators: enqueued repos page=19 mode=listRepos inserted=500 repos_returned=500 next_cursor=set
2026-03-05T03:58:41Z INFO bsky_collector_v2.job.index_feed_generators: indexed repo=did:plc:m3vjwzfy43dzlwiy75f33oq6 part=86 records=4 next_cursor=set
2026-03-05T03:58:43Z INFO bsky_collector_v2.job.index_feed_generators: indexed repo=did:plc:mgn3lcyhhbcf6bhkmm4y4gvh part=87 records=1 next_cursor=set
2026-03-05T03:58:51Z WARNING bsky_collector_v2.job.index_feed_generators: listRecords failed repo=did:plc:or6fl3thh4krtcefjfw7pui7 err=HttpError('InvalidRequest: Could not find repo: did:plc:or6fl3thh4krtcefjfw7pui7')
2026-03-05T03:59:23Z WARNING bsky_collector_v2.job.index_feed_generators: listRecords failed repo=did:plc:or6fl3thh4krtcefjfw7pui7 err=HttpError('InvalidRequest: Could not find repo: did:plc:or6fl3thh4krtcefjfw7pui7')
2026-03-05T03:59:23Z WARNING bsky_collector_v2.job.index_feed_generators: listRecords failed repo=did:plc:or6fl3thh4krtcefjfw7pui7 err=HttpError('InvalidRequest: Could not find repo: did:plc:or6fl3thh4krtcefjfw7pui7')
2026-03-05T03:59:23Z INFO bsky_collector_v2.job.index_feed_generators: enqueued repos page=20 mode=listRepos inserted=500 repos_returned=500 next_cursor=set
2026-03-05T03:59:56Z WARNING bsky_collector_v2.job.index_feed_generators: listRecords failed repo=did:plc:eibmidkjtprl2w5oil4bomlz err=HttpError('InvalidRequest: Could not find repo: did:plc:eibmidkjtprl2w5oil4bomlz')
2026-03-05T04:01:01Z WARNING bsky_collector_v2.job.index_feed_generators: listRecords failed repo=did:plc:eibmidkjtprl2w5oil4bomlz err=HttpError('InvalidRequest: Could not find repo: did:plc:eibmidkjtprl2w5oil4bomlz')
2026-03-05T04:01:01Z WARNING bsky_collector_v2.job.index_feed_generators: listRecords failed repo=did:plc:eibmidkjtprl2w5oil4bomlz err=HttpError('InvalidRequest: Could not find repo: did:plc:eibmidkjtprl2w5oil4bomlz')
2026-03-05T04:01:02Z INFO bsky_collector_v2.job.index_feed_generators: enqueued repos page=21 mode=listRepos inserted=500 repos_returned=500 next_cursor=set
2026-03-05T04:02:40Z INFO bsky_collector_v2.job.index_feed_generators: enqueued repos page=22 mode=listRepos inserted=500 repos_returned=500 next_cursor=set
2026-03-05T04:02:44Z WARNING bsky_collector_v2.job.index_feed_generators: listRecords failed repo=did:plc:3rtt5aihhuusl75wwuspm3in err=HttpError('InvalidRequest: Could not find repo: did:plc:3rtt5aihhuusl75wwuspm3in')
2026-03-05T04:03:02Z WARNING bsky_collector_v2.job.index_feed_generators: listRecords failed repo=did:plc:adj46v7gfos235o6ynguv363 err=HttpError('InvalidRequest: Could not find repo: did:plc:adj46v7gfos235o6ynguv363')
2026-03-05T04:03:35Z WARNING bsky_collector_v2.job.index_feed_generators: listRecords failed repo=did:plc:hoqk65m4meoxwr24rzimesis err=HttpError('InvalidRequest: Could not find repo: did:plc:hoqk65m4meoxwr24rzimesis')
2026-03-05T04:03:44Z WARNING bsky_collector_v2.job.index_feed_generators: listRecords failed repo=did:plc:kopkspmslwjwp3xj3wgey3ge err=HttpError('InvalidRequest: Could not find repo: did:plc:kopkspmslwjwp3xj3wgey3ge')
2026-03-05T04:04:33Z WARNING bsky_collector_v2.job.index_feed_generators: listRecords failed repo=did:plc:3rtt5aihhuusl75wwuspm3in err=HttpError('InvalidRequest: Could not find repo: did:plc:3rtt5aihhuusl75wwuspm3in')
2026-03-05T04:04:33Z WARNING bsky_collector_v2.job.index_feed_generators: listRecords failed repo=did:plc:adj46v7gfos235o6ynguv363 err=HttpError('InvalidRequest: Could not find repo: did:plc:adj46v7gfos235o6ynguv363')
2026-03-05T04:04:33Z WARNING bsky_collector_v2.job.index_feed_generators: listRecords failed repo=did:plc:hoqk65m4meoxwr24rzimesis err=HttpError('InvalidRequest: Could not find repo: did:plc:hoqk65m4meoxwr24rzimesis')
2026-03-05T04:04:33Z WARNING bsky_collector_v2.job.index_feed_generators: listRecords failed repo=did:plc:kopkspmslwjwp3xj3wgey3ge err=HttpError('InvalidRequest: Could not find repo: did:plc:kopkspmslwjwp3xj3wgey3ge')
2026-03-05T04:04:34Z WARNING bsky_collector_v2.job.index_feed_generators: listRecords failed repo=did:plc:3rtt5aihhuusl75wwuspm3in err=HttpError('InvalidRequest: Could not find repo: did:plc:3rtt5aihhuusl75wwuspm3in')
2026-03-05T04:04:34Z WARNING bsky_collector_v2.job.index_feed_generators: listRecords failed repo=did:plc:adj46v7gfos235o6ynguv363 err=HttpError('InvalidRequest: Could not find repo: did:plc:adj46v7gfos235o6ynguv363')
2026-03-05T04:04:34Z WARNING bsky_collector_v2.job.index_feed_generators: listRecords failed repo=did:plc:hoqk65m4meoxwr24rzimesis err=HttpError('InvalidRequest: Could not find repo: did:plc:hoqk65m4meoxwr24rzimesis')
2026-03-05T04:04:34Z WARNING bsky_collector_v2.job.index_feed_generators: listRecords failed repo=did:plc:kopkspmslwjwp3xj3wgey3ge err=HttpError('InvalidRequest: Could not find repo: did:plc:kopkspmslwjwp3xj3wgey3ge')
2026-03-05T04:04:34Z INFO bsky_collector_v2.job.index_feed_generators: enqueued repos page=23 mode=listRepos inserted=500 repos_returned=500 next_cursor=set
2026-03-05T04:04:55Z WARNING bsky_collector_v2.job.index_feed_generators: listRecords failed repo=did:plc:a4zehahypldi4ghfqevazpxb err=HttpError('InvalidRequest: Could not find repo: did:plc:a4zehahypldi4ghfqevazpxb')
2026-03-05T04:06:11Z WARNING bsky_collector_v2.job.index_feed_generators: listRecords failed repo=did:plc:a4zehahypldi4ghfqevazpxb err=HttpError('InvalidRequest: Could not find repo: did:plc:a4zehahypldi4ghfqevazpxb')
2026-03-05T04:06:11Z WARNING bsky_collector_v2.job.index_feed_generators: listRecords failed repo=did:plc:a4zehahypldi4ghfqevazpxb err=HttpError('InvalidRequest: Could not find repo: did:plc:a4zehahypldi4ghfqevazpxb')
2026-03-05T04:06:12Z INFO bsky_collector_v2.job.index_feed_generators: enqueued repos page=24 mode=listRepos inserted=500 repos_returned=500 next_cursor=set
2026-03-05T04:06:23Z WARNING bsky_collector_v2.job.index_feed_generators: listRecords failed repo=did:plc:5riu5upi6tw2ygee2lwer7k4 err=HttpError('InvalidRequest: Could not find repo: did:plc:5riu5upi6tw2ygee2lwer7k4')
2026-03-05T04:06:42Z INFO bsky_collector_v2.job.index_feed_generators: indexed repo=did:plc:e3yx2kavlvn4sw26pflahv53 part=88 records=1 next_cursor=set
2026-03-05T04:06:58Z WARNING bsky_collector_v2.job.index_feed_generators: listRecords failed repo=did:plc:k6rm7icvxfh5ucbkgunoc56v err=HttpError('InvalidRequest: Could not find repo: did:plc:k6rm7icvxfh5ucbkgunoc56v')
2026-03-05T04:07:47Z WARNING bsky_collector_v2.job.index_feed_generators: listRecords failed repo=did:plc:5riu5upi6tw2ygee2lwer7k4 err=HttpError('InvalidRequest: Could not find repo: did:plc:5riu5upi6tw2ygee2lwer7k4')
2026-03-05T04:07:47Z WARNING bsky_collector_v2.job.index_feed_generators: listRecords failed repo=did:plc:k6rm7icvxfh5ucbkgunoc56v err=HttpError('InvalidRequest: Could not find repo: did:plc:k6rm7icvxfh5ucbkgunoc56v')
2026-03-05T04:07:47Z WARNING bsky_collector_v2.job.index_feed_generators: listRecords failed repo=did:plc:5riu5upi6tw2ygee2lwer7k4 err=HttpError('InvalidRequest: Could not find repo: did:plc:5riu5upi6tw2ygee2lwer7k4')
2026-03-05T04:07:47Z WARNING bsky_collector_v2.job.index_feed_generators: listRecords failed repo=did:plc:k6rm7icvxfh5ucbkgunoc56v err=HttpError('InvalidRequest: Could not find repo: did:plc:k6rm7icvxfh5ucbkgunoc56v')
2026-03-05T04:07:48Z INFO bsky_collector_v2.job.index_feed_generators: enqueued repos page=25 mode=listRepos inserted=500 repos_returned=500 next_cursor=set
2026-03-05T04:08:10Z WARNING bsky_collector_v2.job.index_feed_generators: listRecords failed repo=did:plc:aokwutfhq7rtogars3ofho7a err=HttpError('InvalidRequest: Could not find repo: did:plc:aokwutfhq7rtogars3ofho7a')
2026-03-05T04:08:23Z WARNING bsky_collector_v2.job.index_feed_generators: listRecords failed repo=did:plc:fwown7i4s3sdswubq3wq5v3p err=HttpError('InvalidRequest: Could not find repo: did:plc:fwown7i4s3sdswubq3wq5v3p')
2026-03-05T04:08:31Z WARNING bsky_collector_v2.job.index_feed_generators: listRecords failed repo=did:plc:iil55onoae5ropkp7kgrloha err=HttpError('InvalidRequest: Could not find repo: did:plc:iil55onoae5ropkp7kgrloha')
2026-03-05T04:08:52Z WARNING bsky_collector_v2.job.index_feed_generators: listRecords failed repo=did:plc:p6ngvfkxniqkwapbcczvmc4c err=HttpError('InvalidRequest: Could not find repo: did:plc:p6ngvfkxniqkwapbcczvmc4c')
2026-03-05T04:09:27Z WARNING bsky_collector_v2.job.index_feed_generators: listRecords failed repo=did:plc:aokwutfhq7rtogars3ofho7a err=HttpError('InvalidRequest: Could not find repo: did:plc:aokwutfhq7rtogars3ofho7a')
2026-03-05T04:09:27Z WARNING bsky_collector_v2.job.index_feed_generators: listRecords failed repo=did:plc:fwown7i4s3sdswubq3wq5v3p err=HttpError('InvalidRequest: Could not find repo: did:plc:fwown7i4s3sdswubq3wq5v3p')
2026-03-05T04:09:27Z WARNING bsky_collector_v2.job.index_feed_generators: listRecords failed repo=did:plc:iil55onoae5ropkp7kgrloha err=HttpError('InvalidRequest: Could not find repo: did:plc:iil55onoae5ropkp7kgrloha')
2026-03-05T04:09:27Z WARNING bsky_collector_v2.job.index_feed_generators: listRecords failed repo=did:plc:p6ngvfkxniqkwapbcczvmc4c err=HttpError('InvalidRequest: Could not find repo: did:plc:p6ngvfkxniqkwapbcczvmc4c')
2026-03-05T04:09:27Z WARNING bsky_collector_v2.job.index_feed_generators: listRecords failed repo=did:plc:aokwutfhq7rtogars3ofho7a err=HttpError('InvalidRequest: Could not find repo: did:plc:aokwutfhq7rtogars3ofho7a')
2026-03-05T04:09:27Z WARNING bsky_collector_v2.job.index_feed_generators: listRecords failed repo=did:plc:fwown7i4s3sdswubq3wq5v3p err=HttpError('InvalidRequest: Could not find repo: did:plc:fwown7i4s3sdswubq3wq5v3p')
2026-03-05T04:09:27Z WARNING bsky_collector_v2.job.index_feed_generators: listRecords failed repo=did:plc:iil55onoae5ropkp7kgrloha err=HttpError('InvalidRequest: Could not find repo: did:plc:iil55onoae5ropkp7kgrloha')
2026-03-05T04:09:27Z WARNING bsky_collector_v2.job.index_feed_generators: listRecords failed repo=did:plc:p6ngvfkxniqkwapbcczvmc4c err=HttpError('InvalidRequest: Could not find repo: did:plc:p6ngvfkxniqkwapbcczvmc4c')
2026-03-05T04:09:28Z INFO bsky_collector_v2.job.index_feed_generators: enqueued repos page=26 mode=listRepos inserted=500 repos_returned=500 next_cursor=set
2026-03-05T04:11:01Z INFO bsky_collector_v2.job.index_feed_generators: indexed repo=did:plc:y6o4thhatxc2a5c6lz6msfit part=89 records=1 next_cursor=set
2026-03-05T04:11:07Z INFO bsky_collector_v2.job.index_feed_generators: enqueued repos page=27 mode=listRepos inserted=500 repos_returned=500 next_cursor=set
2026-03-05T04:11:53Z INFO bsky_collector_v2.job.index_feed_generators: indexed repo=did:plc:k3brcmpqi6t4omwwuq6j3hid part=90 records=4 next_cursor=set
2026-03-05T04:12:47Z INFO bsky_collector_v2.job.index_feed_generators: enqueued repos page=28 mode=listRepos inserted=500 repos_returned=500 next_cursor=set
2026-03-05T04:13:32Z INFO bsky_collector_v2.job.index_feed_generators: indexed repo=did:plc:jbesmralg2fmxj6ksj2da3yw part=91 records=1 next_cursor=set
2026-03-05T04:13:47Z WARNING bsky_collector_v2.job.index_feed_generators: listRecords failed repo=did:plc:nca46svazi5hatury2v6qj6k err=HttpError('InvalidRequest: Could not find repo: did:plc:nca46svazi5hatury2v6qj6k')
2026-03-05T04:14:27Z WARNING bsky_collector_v2.job.index_feed_generators: listRecords failed repo=did:plc:nca46svazi5hatury2v6qj6k err=HttpError('InvalidRequest: Could not find repo: did:plc:nca46svazi5hatury2v6qj6k')
2026-03-05T04:14:27Z WARNING bsky_collector_v2.job.index_feed_generators: listRecords failed repo=did:plc:nca46svazi5hatury2v6qj6k err=HttpError('InvalidRequest: Could not find repo: did:plc:nca46svazi5hatury2v6qj6k')
2026-03-05T04:14:28Z INFO bsky_collector_v2.job.index_feed_generators: enqueued repos page=29 mode=listRepos inserted=500 repos_returned=500 next_cursor=set
2026-03-05T04:14:59Z WARNING bsky_collector_v2.job.index_feed_generators: listRecords failed repo=did:plc:bgvyvkdvlpanmix46fcovwja err=HttpError('InvalidRequest: Could not find repo: did:plc:bgvyvkdvlpanmix46fcovwja')
2026-03-05T04:15:33Z INFO bsky_collector_v2.job.index_feed_generators: indexed repo=did:plc:icimv3ug6c7lpls63gs4f5ps part=92 records=2 next_cursor=set
2026-03-05T04:15:45Z WARNING bsky_collector_v2.job.index_feed_generators: listRecords failed repo=did:plc:l44mh243r3redg53amcgz2wl err=HttpError('InvalidRequest: Could not find repo: did:plc:l44mh243r3redg53amcgz2wl')
2026-03-05T04:16:28Z WARNING bsky_collector_v2.job.index_feed_generators: listRecords failed repo=did:plc:bgvyvkdvlpanmix46fcovwja err=HttpError('InvalidRequest: Could not find repo: did:plc:bgvyvkdvlpanmix46fcovwja')
2026-03-05T04:16:28Z WARNING bsky_collector_v2.job.index_feed_generators: listRecords failed repo=did:plc:l44mh243r3redg53amcgz2wl err=HttpError('InvalidRequest: Could not find repo: did:plc:l44mh243r3redg53amcgz2wl')
2026-03-05T04:16:29Z WARNING bsky_collector_v2.job.index_feed_generators: listRecords failed repo=did:plc:bgvyvkdvlpanmix46fcovwja err=HttpError('InvalidRequest: Could not find repo: did:plc:bgvyvkdvlpanmix46fcovwja')
2026-03-05T04:16:29Z WARNING bsky_collector_v2.job.index_feed_generators: listRecords failed repo=did:plc:l44mh243r3redg53amcgz2wl err=HttpError('InvalidRequest: Could not find repo: did:plc:l44mh243r3redg53amcgz2wl')
2026-03-05T04:16:29Z INFO bsky_collector_v2.job.index_feed_generators: enqueued repos page=30 mode=listRepos inserted=500 repos_returned=500 next_cursor=set
2026-03-05T04:16:46Z WARNING bsky_collector_v2.job.index_feed_generators: listRecords failed repo=did:plc:7ayef5k34r6v6kfa4z446ihc err=HttpError('InvalidRequest: Could not find repo: did:plc:7ayef5k34r6v6kfa4z446ihc')
2026-03-05T04:17:01Z INFO bsky_collector_v2.job.index_feed_generators: indexed repo=did:plc:d3swxixbea5bu5rykxmzdoei part=93 records=3 next_cursor=set
2026-03-05T04:17:02Z WARNING bsky_collector_v2.job.index_feed_generators: listRecords failed repo=did:plc:dogq2xj3goccnu56ibq477vy err=HttpError('InvalidRequest: Could not find repo: did:plc:dogq2xj3goccnu56ibq477vy')
2026-03-05T04:17:07Z INFO bsky_collector_v2.job.index_feed_generators: indexed repo=did:plc:ewu22vg6qcjbup3lrsj3ii4o part=94 records=1 next_cursor=set
2026-03-05T04:17:22Z WARNING bsky_collector_v2.job.index_feed_generators: listRecords failed repo=did:plc:kksi6rqmmcutwzy5nwxszy6c err=HttpError('InvalidRequest: Could not find repo: did:plc:kksi6rqmmcutwzy5nwxszy6c')
2026-03-05T04:18:08Z WARNING bsky_collector_v2.job.index_feed_generators: listRecords failed repo=did:plc:7ayef5k34r6v6kfa4z446ihc err=HttpError('InvalidRequest: Could not find repo: did:plc:7ayef5k34r6v6kfa4z446ihc')
2026-03-05T04:18:08Z WARNING bsky_collector_v2.job.index_feed_generators: listRecords failed repo=did:plc:dogq2xj3goccnu56ibq477vy err=HttpError('InvalidRequest: Could not find repo: did:plc:dogq2xj3goccnu56ibq477vy')
2026-03-05T04:18:09Z WARNING bsky_collector_v2.job.index_feed_generators: listRecords failed repo=did:plc:kksi6rqmmcutwzy5nwxszy6c err=HttpError('InvalidRequest: Could not find repo: did:plc:kksi6rqmmcutwzy5nwxszy6c')
2026-03-05T04:18:09Z WARNING bsky_collector_v2.job.index_feed_generators: listRecords failed repo=did:plc:7ayef5k34r6v6kfa4z446ihc err=HttpError('InvalidRequest: Could not find repo: did:plc:7ayef5k34r6v6kfa4z446ihc')
2026-03-05T04:18:09Z WARNING bsky_collector_v2.job.index_feed_generators: listRecords failed repo=did:plc:dogq2xj3goccnu56ibq477vy err=HttpError('InvalidRequest: Could not find repo: did:plc:dogq2xj3goccnu56ibq477vy')
2026-03-05T04:18:09Z WARNING bsky_collector_v2.job.index_feed_generators: listRecords failed repo=did:plc:kksi6rqmmcutwzy5nwxszy6c err=HttpError('InvalidRequest: Could not find repo: did:plc:kksi6rqmmcutwzy5nwxszy6c')
2026-03-05T04:18:10Z INFO bsky_collector_v2.job.index_feed_generators: enqueued repos page=31 mode=listRepos inserted=500 repos_returned=500 next_cursor=set
2026-03-05T04:18:29Z INFO bsky_collector_v2.job.index_feed_generators: indexed repo=did:plc:absbs5d7q5qqkcunforkvegn part=95 records=1 next_cursor=set
