2026-03-10T02:29:31Z INFO bsky_collector_v2: out_base ok path=D:\BlueSky\data_v2_full mount=D:\
2026-03-10T02:29:31Z INFO bsky_collector_v2: job start subcommand=index-feed-generators dry_run=False resume=True
2026-03-10T02:29:32Z INFO bsky_collector_v2.job.index_feed_generators: feed generator index hosts relay_host=https://bsky.network records_host=https://bsky.social auth=yes
2026-03-10T02:30:22Z WARNING bsky_collector_v2.job.index_feed_generators: listRecords failed repo=did:plc:mscnlphyrdu42hmvh4wlipbv err=HttpError('InvalidRequest: Could not find repo: did:plc:mscnlphyrdu42hmvh4wlipbv')
2026-03-10T02:30:32Z WARNING bsky_collector_v2.job.index_feed_generators: listRecords failed repo=did:plc:pw7q7wrwi64yybbj7otvasws err=HttpError('InvalidRequest: Could not find repo: did:plc:pw7q7wrwi64yybbj7otvasws')
2026-03-10T02:30:43Z INFO bsky_collector_v2.job.index_feed_generators: indexed repo=did:plc:ugpgkaagh5lpf42ptzu3yhtn part=42 records=2 next_cursor=set
2026-03-10T02:31:01Z WARNING bsky_collector_v2.job.index_feed_generators: listRecords failed repo=did:plc:mscnlphyrdu42hmvh4wlipbv err=HttpError('InvalidRequest: Could not find repo: did:plc:mscnlphyrdu42hmvh4wlipbv')
2026-03-10T02:31:01Z WARNING bsky_collector_v2.job.index_feed_generators: listRecords failed repo=did:plc:pw7q7wrwi64yybbj7otvasws err=HttpError('InvalidRequest: Could not find repo: did:plc:pw7q7wrwi64yybbj7otvasws')
2026-03-10T02:31:01Z WARNING bsky_collector_v2.job.index_feed_generators: listRecords failed repo=did:plc:mscnlphyrdu42hmvh4wlipbv err=HttpError('InvalidRequest: Could not find repo: did:plc:mscnlphyrdu42hmvh4wlipbv')
2026-03-10T02:31:01Z WARNING bsky_collector_v2.job.index_feed_generators: listRecords failed repo=did:plc:pw7q7wrwi64yybbj7otvasws err=HttpError('InvalidRequest: Could not find repo: did:plc:pw7q7wrwi64yybbj7otvasws')
2026-03-10T02:31:02Z INFO bsky_collector_v2.job.index_feed_generators: enqueued repos page=1 mode=listRepos inserted=500 repos_returned=500 next_cursor=set
2026-03-10T02:31:42Z WARNING bsky_collector_v2.job.index_feed_generators: listRecords failed repo=did:plc:hw2foqzkztxlfpvim74y3lgn err=HttpError('InvalidRequest: Could not find repo: did:plc:hw2foqzkztxlfpvim74y3lgn')
2026-03-10T02:32:32Z INFO bsky_collector_v2.job.index_feed_generators: indexed repo=did:plc:z4ailk7qtiigmnk5wzusucfd part=43 records=1 next_cursor=set
2026-03-10T02:32:34Z WARNING bsky_collector_v2.job.index_feed_generators: listRecords failed repo=did:plc:hw2foqzkztxlfpvim74y3lgn err=HttpError('InvalidRequest: Could not find repo: did:plc:hw2foqzkztxlfpvim74y3lgn')
2026-03-10T02:32:34Z WARNING bsky_collector_v2.job.index_feed_generators: listRecords failed repo=did:plc:hw2foqzkztxlfpvim74y3lgn err=HttpError('InvalidRequest: Could not find repo: did:plc:hw2foqzkztxlfpvim74y3lgn')
2026-03-10T02:32:35Z INFO bsky_collector_v2.job.index_feed_generators: enqueued repos page=2 mode=listRepos inserted=500 repos_returned=500 next_cursor=set
2026-03-10T02:33:37Z WARNING bsky_collector_v2.job.index_feed_generators: listRecords failed repo=did:plc:ojao7j3owmrdispnxj45tweu err=HttpError('InvalidRequest: Could not find repo: did:plc:ojao7j3owmrdispnxj45tweu')
2026-03-10T02:33:42Z WARNING bsky_collector_v2.job.index_feed_generators: listRecords failed repo=did:plc:pn7cw7rh4cu5xrvd6aw2pe2n err=HttpError('InvalidRequest: Could not find repo: did:plc:pn7cw7rh4cu5xrvd6aw2pe2n')
2026-03-10T02:34:21Z INFO bsky_collector_v2.job.index_feed_generators: indexed repo=did:plc:zwubrr4oibh5q2wadcrpeb2b part=44 records=2 next_cursor=set
2026-03-10T02:34:21Z WARNING bsky_collector_v2.job.index_feed_generators: listRecords failed repo=did:plc:ojao7j3owmrdispnxj45tweu err=HttpError('InvalidRequest: Could not find repo: did:plc:ojao7j3owmrdispnxj45tweu')
2026-03-10T02:34:21Z WARNING bsky_collector_v2.job.index_feed_generators: listRecords failed repo=did:plc:pn7cw7rh4cu5xrvd6aw2pe2n err=HttpError('InvalidRequest: Could not find repo: did:plc:pn7cw7rh4cu5xrvd6aw2pe2n')
2026-03-10T02:34:22Z WARNING bsky_collector_v2.job.index_feed_generators: listRecords failed repo=did:plc:ojao7j3owmrdispnxj45tweu err=HttpError('InvalidRequest: Could not find repo: did:plc:ojao7j3owmrdispnxj45tweu')
2026-03-10T02:34:22Z WARNING bsky_collector_v2.job.index_feed_generators: listRecords failed repo=did:plc:pn7cw7rh4cu5xrvd6aw2pe2n err=HttpError('InvalidRequest: Could not find repo: did:plc:pn7cw7rh4cu5xrvd6aw2pe2n')
2026-03-10T02:34:22Z INFO bsky_collector_v2.job.index_feed_generators: enqueued repos page=3 mode=listRepos inserted=500 repos_returned=500 next_cursor=set
2026-03-10T02:35:04Z WARNING bsky_collector_v2.job.index_feed_generators: listRecords failed repo=did:plc:gl55fxsyb6vfcf4fu4c4bbg7 err=HttpError('InvalidRequest: Could not find repo: did:plc:gl55fxsyb6vfcf4fu4c4bbg7')
2026-03-10T02:35:41Z INFO bsky_collector_v2.job.index_feed_generators: indexed repo=did:plc:qbpdtogfeu65xbkity5b2htm part=45 records=2 next_cursor=set
2026-03-10T02:36:11Z WARNING bsky_collector_v2.job.index_feed_generators: listRecords failed repo=did:plc:gl55fxsyb6vfcf4fu4c4bbg7 err=HttpError('InvalidRequest: Could not find repo: did:plc:gl55fxsyb6vfcf4fu4c4bbg7')
2026-03-10T02:36:12Z WARNING bsky_collector_v2.job.index_feed_generators: listRecords failed repo=did:plc:gl55fxsyb6vfcf4fu4c4bbg7 err=HttpError('InvalidRequest: Could not find repo: did:plc:gl55fxsyb6vfcf4fu4c4bbg7')
2026-03-10T02:36:12Z INFO bsky_collector_v2.job.index_feed_generators: enqueued repos page=4 mode=listRepos inserted=500 repos_returned=500 next_cursor=set
2026-03-10T02:37:34Z WARNING bsky_collector_v2.job.index_feed_generators: listRecords failed repo=did:plc:sq4avudhlgacbaaogr4oye5h err=HttpError('InvalidRequest: Could not find repo: did:plc:sq4avudhlgacbaaogr4oye5h')
2026-03-10T02:37:57Z WARNING bsky_collector_v2.job.index_feed_generators: listRecords failed repo=did:plc:sq4avudhlgacbaaogr4oye5h err=HttpError('InvalidRequest: Could not find repo: did:plc:sq4avudhlgacbaaogr4oye5h')
2026-03-10T02:37:57Z WARNING bsky_collector_v2.job.index_feed_generators: listRecords failed repo=did:plc:sq4avudhlgacbaaogr4oye5h err=HttpError('InvalidRequest: Could not find repo: did:plc:sq4avudhlgacbaaogr4oye5h')
2026-03-10T02:37:58Z INFO bsky_collector_v2.job.index_feed_generators: enqueued repos page=5 mode=listRepos inserted=500 repos_returned=500 next_cursor=set
2026-03-10T02:38:18Z WARNING bsky_collector_v2.job.index_feed_generators: listRecords failed repo=did:plc:aeaka7mtymyfzwvvxq4ozw6l err=HttpError('InvalidRequest: Could not find repo: did:plc:aeaka7mtymyfzwvvxq4ozw6l')
2026-03-10T02:38:34Z WARNING bsky_collector_v2.job.index_feed_generators: listRecords failed repo=did:plc:g7r3hvi6ne7iqpzq6je2nxap err=HttpError('InvalidRequest: Could not find repo: did:plc:g7r3hvi6ne7iqpzq6je2nxap')
2026-03-10T02:38:54Z INFO bsky_collector_v2.job.index_feed_generators: indexed repo=did:plc:ndiloii435cvifbznffzhmqb part=46 records=1 next_cursor=set
2026-03-10T02:39:17Z WARNING bsky_collector_v2.job.index_feed_generators: listRecords failed repo=did:plc:vatry7suxjw3hv4gwvlntphs err=HttpError('InvalidRequest: Could not find repo: did:plc:vatry7suxjw3hv4gwvlntphs')
2026-03-10T02:39:20Z WARNING bsky_collector_v2.job.index_feed_generators: listRecords failed repo=did:plc:wr47cqdqz2ai6pofwd63l42s err=HttpError('InvalidRequest: Could not find repo: did:plc:wr47cqdqz2ai6pofwd63l42s')
2026-03-10T02:39:21Z WARNING bsky_collector_v2.job.index_feed_generators: listRecords failed repo=did:plc:wuzk36huj2elsuhyap74saps err=HttpError('InvalidRequest: Could not find repo: did:plc:wuzk36huj2elsuhyap74saps')
2026-03-10T02:39:22Z WARNING bsky_collector_v2.job.index_feed_generators: listRecords failed repo=did:plc:xdmb2j564zfn2y6ib6o74qov err=HttpError('InvalidRequest: Could not find repo: did:plc:xdmb2j564zfn2y6ib6o74qov')
2026-03-10T02:39:24Z WARNING bsky_collector_v2.job.index_feed_generators: listRecords failed repo=did:plc:xy5vpctb4imqlbx3r4tt2xfb err=HttpError('InvalidRequest: Could not find repo: did:plc:xy5vpctb4imqlbx3r4tt2xfb')
2026-03-10T02:39:29Z WARNING bsky_collector_v2.job.index_feed_generators: listRecords failed repo=did:plc:aeaka7mtymyfzwvvxq4ozw6l err=HttpError('InvalidRequest: Could not find repo: did:plc:aeaka7mtymyfzwvvxq4ozw6l')
2026-03-10T02:39:29Z WARNING bsky_collector_v2.job.index_feed_generators: listRecords failed repo=did:plc:g7r3hvi6ne7iqpzq6je2nxap err=HttpError('InvalidRequest: Could not find repo: did:plc:g7r3hvi6ne7iqpzq6je2nxap')
2026-03-10T02:39:29Z WARNING bsky_collector_v2.job.index_feed_generators: listRecords failed repo=did:plc:vatry7suxjw3hv4gwvlntphs err=HttpError('InvalidRequest: Could not find repo: did:plc:vatry7suxjw3hv4gwvlntphs')
2026-03-10T02:39:29Z WARNING bsky_collector_v2.job.index_feed_generators: listRecords failed repo=did:plc:wr47cqdqz2ai6pofwd63l42s err=HttpError('InvalidRequest: Could not find repo: did:plc:wr47cqdqz2ai6pofwd63l42s')
2026-03-10T02:39:29Z WARNING bsky_collector_v2.job.index_feed_generators: listRecords failed repo=did:plc:wuzk36huj2elsuhyap74saps err=HttpError('InvalidRequest: Could not find repo: did:plc:wuzk36huj2elsuhyap74saps')
2026-03-10T02:39:29Z WARNING bsky_collector_v2.job.index_feed_generators: listRecords failed repo=did:plc:xdmb2j564zfn2y6ib6o74qov err=HttpError('InvalidRequest: Could not find repo: did:plc:xdmb2j564zfn2y6ib6o74qov')
2026-03-10T02:39:29Z WARNING bsky_collector_v2.job.index_feed_generators: listRecords failed repo=did:plc:xy5vpctb4imqlbx3r4tt2xfb err=HttpError('InvalidRequest: Could not find repo: did:plc:xy5vpctb4imqlbx3r4tt2xfb')
2026-03-10T02:39:29Z WARNING bsky_collector_v2.job.index_feed_generators: listRecords failed repo=did:plc:aeaka7mtymyfzwvvxq4ozw6l err=HttpError('InvalidRequest: Could not find repo: did:plc:aeaka7mtymyfzwvvxq4ozw6l')
2026-03-10T02:39:29Z WARNING bsky_collector_v2.job.index_feed_generators: listRecords failed repo=did:plc:g7r3hvi6ne7iqpzq6je2nxap err=HttpError('InvalidRequest: Could not find repo: did:plc:g7r3hvi6ne7iqpzq6je2nxap')
2026-03-10T02:39:30Z WARNING bsky_collector_v2.job.index_feed_generators: listRecords failed repo=did:plc:vatry7suxjw3hv4gwvlntphs err=HttpError('InvalidRequest: Could not find repo: did:plc:vatry7suxjw3hv4gwvlntphs')
2026-03-10T02:39:30Z WARNING bsky_collector_v2.job.index_feed_generators: listRecords failed repo=did:plc:wr47cqdqz2ai6pofwd63l42s err=HttpError('InvalidRequest: Could not find repo: did:plc:wr47cqdqz2ai6pofwd63l42s')
2026-03-10T02:39:30Z WARNING bsky_collector_v2.job.index_feed_generators: listRecords failed repo=did:plc:wuzk36huj2elsuhyap74saps err=HttpError('InvalidRequest: Could not find repo: did:plc:wuzk36huj2elsuhyap74saps')
2026-03-10T02:39:30Z WARNING bsky_collector_v2.job.index_feed_generators: listRecords failed repo=did:plc:xdmb2j564zfn2y6ib6o74qov err=HttpError('InvalidRequest: Could not find repo: did:plc:xdmb2j564zfn2y6ib6o74qov')
2026-03-10T02:39:30Z WARNING bsky_collector_v2.job.index_feed_generators: listRecords failed repo=did:plc:xy5vpctb4imqlbx3r4tt2xfb err=HttpError('InvalidRequest: Could not find repo: did:plc:xy5vpctb4imqlbx3r4tt2xfb')
2026-03-10T02:39:31Z INFO bsky_collector_v2.job.index_feed_generators: enqueued repos page=6 mode=listRepos inserted=500 repos_returned=500 next_cursor=set
2026-03-10T02:40:16Z INFO bsky_collector_v2.job.index_feed_generators: indexed repo=did:plc:kmx56vlrskflg5q7rltpqjos part=47 records=1 next_cursor=set
2026-03-10T02:40:39Z WARNING bsky_collector_v2.job.index_feed_generators: listRecords failed repo=did:plc:oagwja52k6usijxvv265ahyi err=HttpError('InvalidRequest: Could not find repo: did:plc:oagwja52k6usijxvv265ahyi')
2026-03-10T02:41:14Z WARNING bsky_collector_v2.job.index_feed_generators: listRecords failed repo=did:plc:oagwja52k6usijxvv265ahyi err=HttpError('InvalidRequest: Could not find repo: did:plc:oagwja52k6usijxvv265ahyi')
2026-03-10T02:41:14Z WARNING bsky_collector_v2.job.index_feed_generators: listRecords failed repo=did:plc:oagwja52k6usijxvv265ahyi err=HttpError('InvalidRequest: Could not find repo: did:plc:oagwja52k6usijxvv265ahyi')
2026-03-10T02:41:15Z INFO bsky_collector_v2.job.index_feed_generators: enqueued repos page=7 mode=listRepos inserted=500 repos_returned=500 next_cursor=set
2026-03-10T02:41:16Z WARNING bsky_collector_v2.job.index_feed_generators: listRecords failed repo=did:plc:2kyktgsw66bmo63dryukbty3 err=HttpError('InvalidRequest: Could not find repo: did:plc:2kyktgsw66bmo63dryukbty3')
2026-03-10T02:42:18Z WARNING bsky_collector_v2.job.index_feed_generators: listRecords failed repo=did:plc:qnrpkidhyxnnjxygsfrkwqjs err=HttpError('InvalidRequest: Could not find repo: did:plc:qnrpkidhyxnnjxygsfrkwqjs')
2026-03-10T02:42:50Z WARNING bsky_collector_v2.job.index_feed_generators: listRecords failed repo=did:plc:2kyktgsw66bmo63dryukbty3 err=HttpError('InvalidRequest: Could not find repo: did:plc:2kyktgsw66bmo63dryukbty3')
2026-03-10T02:42:50Z WARNING bsky_collector_v2.job.index_feed_generators: listRecords failed repo=did:plc:qnrpkidhyxnnjxygsfrkwqjs err=HttpError('InvalidRequest: Could not find repo: did:plc:qnrpkidhyxnnjxygsfrkwqjs')
2026-03-10T02:42:50Z WARNING bsky_collector_v2.job.index_feed_generators: listRecords failed repo=did:plc:2kyktgsw66bmo63dryukbty3 err=HttpError('InvalidRequest: Could not find repo: did:plc:2kyktgsw66bmo63dryukbty3')
2026-03-10T02:42:50Z WARNING bsky_collector_v2.job.index_feed_generators: listRecords failed repo=did:plc:qnrpkidhyxnnjxygsfrkwqjs err=HttpError('InvalidRequest: Could not find repo: did:plc:qnrpkidhyxnnjxygsfrkwqjs')
2026-03-10T02:42:51Z INFO bsky_collector_v2.job.index_feed_generators: enqueued repos page=8 mode=listRepos inserted=500 repos_returned=500 next_cursor=set
2026-03-10T02:42:57Z WARNING bsky_collector_v2.job.index_feed_generators: listRecords failed repo=did:plc:3peywwdnn4jkfvqowpviodbf err=HttpError('InvalidRequest: Could not find repo: did:plc:3peywwdnn4jkfvqowpviodbf')
2026-03-10T02:43:02Z WARNING bsky_collector_v2.job.index_feed_generators: listRecords failed repo=did:plc:4oy4ivbwcy66bsomcr5od3ix err=HttpError('InvalidRequest: Could not find repo: did:plc:4oy4ivbwcy66bsomcr5od3ix')
2026-03-10T02:43:08Z INFO bsky_collector_v2.job.index_feed_generators: indexed repo=did:plc:62nq3347ll6uwd6ierobgu2h part=48 records=1 next_cursor=set
2026-03-10T02:43:29Z WARNING bsky_collector_v2.job.index_feed_generators: listRecords failed repo=did:plc:fdt45pkvjcdoydf7x3t43eq5 err=HttpError('InvalidRequest: Could not find repo: did:plc:fdt45pkvjcdoydf7x3t43eq5')
2026-03-10T02:43:40Z WARNING bsky_collector_v2.job.index_feed_generators: listRecords failed repo=did:plc:iae5wfpvh5dot2oumkva5yvo err=HttpError('InvalidRequest: Could not find repo: did:plc:iae5wfpvh5dot2oumkva5yvo')
2026-03-10T02:44:32Z INFO bsky_collector_v2.job.index_feed_generators: indexed repo=did:plc:wpzgoct6jvcz4j3kq76juebl part=49 records=1 next_cursor=set
2026-03-10T02:44:42Z WARNING bsky_collector_v2.job.index_feed_generators: listRecords failed repo=did:plc:3peywwdnn4jkfvqowpviodbf err=HttpError('InvalidRequest: Could not find repo: did:plc:3peywwdnn4jkfvqowpviodbf')
2026-03-10T02:44:42Z WARNING bsky_collector_v2.job.index_feed_generators: listRecords failed repo=did:plc:4oy4ivbwcy66bsomcr5od3ix err=HttpError('InvalidRequest: Could not find repo: did:plc:4oy4ivbwcy66bsomcr5od3ix')
2026-03-10T02:44:43Z WARNING bsky_collector_v2.job.index_feed_generators: listRecords failed repo=did:plc:fdt45pkvjcdoydf7x3t43eq5 err=HttpError('InvalidRequest: Could not find repo: did:plc:fdt45pkvjcdoydf7x3t43eq5')
2026-03-10T02:44:44Z WARNING bsky_collector_v2.job.index_feed_generators: listRecords failed repo=did:plc:iae5wfpvh5dot2oumkva5yvo err=HttpError('InvalidRequest: Could not find repo: did:plc:iae5wfpvh5dot2oumkva5yvo')
2026-03-10T02:44:45Z WARNING bsky_collector_v2.job.index_feed_generators: listRecords failed repo=did:plc:3peywwdnn4jkfvqowpviodbf err=HttpError('InvalidRequest: Could not find repo: did:plc:3peywwdnn4jkfvqowpviodbf')
2026-03-10T02:44:45Z WARNING bsky_collector_v2.job.index_feed_generators: listRecords failed repo=did:plc:4oy4ivbwcy66bsomcr5od3ix err=HttpError('InvalidRequest: Could not find repo: did:plc:4oy4ivbwcy66bsomcr5od3ix')
2026-03-10T02:44:45Z WARNING bsky_collector_v2.job.index_feed_generators: listRecords failed repo=did:plc:fdt45pkvjcdoydf7x3t43eq5 err=HttpError('InvalidRequest: Could not find repo: did:plc:fdt45pkvjcdoydf7x3t43eq5')
2026-03-10T02:44:46Z WARNING bsky_collector_v2.job.index_feed_generators: listRecords failed repo=did:plc:iae5wfpvh5dot2oumkva5yvo err=HttpError('InvalidRequest: Could not find repo: did:plc:iae5wfpvh5dot2oumkva5yvo')
2026-03-10T02:44:46Z INFO bsky_collector_v2.job.index_feed_generators: enqueued repos page=9 mode=listRepos inserted=500 repos_returned=500 next_cursor=set
2026-03-10T02:46:08Z WARNING bsky_collector_v2.job.index_feed_generators: listRecords failed repo=did:plc:paotzxuml24poffabeuenp4h err=HttpError('InvalidRequest: Could not find repo: did:plc:paotzxuml24poffabeuenp4h')
2026-03-10T02:46:25Z WARNING bsky_collector_v2.job.index_feed_generators: listRecords failed repo=did:plc:rr7j5ngefst5qrquuweqtqpt err=HttpError('InvalidRequest: Could not find repo: did:plc:rr7j5ngefst5qrquuweqtqpt')
2026-03-10T02:47:00Z WARNING bsky_collector_v2.job.index_feed_generators: listRecords failed repo=did:plc:paotzxuml24poffabeuenp4h err=HttpError('InvalidRequest: Could not find repo: did:plc:paotzxuml24poffabeuenp4h')
2026-03-10T02:47:01Z WARNING bsky_collector_v2.job.index_feed_generators: listRecords failed repo=did:plc:rr7j5ngefst5qrquuweqtqpt err=HttpError('InvalidRequest: Could not find repo: did:plc:rr7j5ngefst5qrquuweqtqpt')
2026-03-10T02:47:01Z WARNING bsky_collector_v2.job.index_feed_generators: listRecords failed repo=did:plc:paotzxuml24poffabeuenp4h err=HttpError('InvalidRequest: Could not find repo: did:plc:paotzxuml24poffabeuenp4h')
2026-03-10T02:47:01Z WARNING bsky_collector_v2.job.index_feed_generators: listRecords failed repo=did:plc:rr7j5ngefst5qrquuweqtqpt err=HttpError('InvalidRequest: Could not find repo: did:plc:rr7j5ngefst5qrquuweqtqpt')
2026-03-10T02:47:02Z INFO bsky_collector_v2.job.index_feed_generators: enqueued repos page=10 mode=listRepos inserted=500 repos_returned=500 next_cursor=set
2026-03-10T02:47:24Z INFO bsky_collector_v2.job.index_feed_generators: indexed repo=did:plc:c7u25vcqtjwutkql5xfjnfkj part=50 records=2 next_cursor=set
2026-03-10T02:47:26Z WARNING bsky_collector_v2.job.index_feed_generators: listRecords failed repo=did:plc:cmdbeuwxwc6sywnl56y556vl err=HttpError('InvalidRequest: Could not find repo: did:plc:cmdbeuwxwc6sywnl56y556vl')
2026-03-10T02:47:46Z INFO bsky_collector_v2.job.index_feed_generators: indexed repo=did:plc:iircfw6e64q3gogvdnbx4drg part=51 records=1 next_cursor=set
2026-03-10T02:47:53Z INFO bsky_collector_v2.job.index_feed_generators: indexed repo=did:plc:kvawbrccnwlqgfzybtmrnrbq part=52 records=2 next_cursor=set
2026-03-10T02:48:02Z WARNING bsky_collector_v2.job.index_feed_generators: listRecords failed repo=did:plc:or3fegz42zcdsusjgv4bfpdb err=HttpError('InvalidRequest: Could not find repo: did:plc:or3fegz42zcdsusjgv4bfpdb')
2026-03-10T02:48:49Z WARNING bsky_collector_v2.job.index_feed_generators: listRecords failed repo=did:plc:cmdbeuwxwc6sywnl56y556vl err=HttpError('InvalidRequest: Could not find repo: did:plc:cmdbeuwxwc6sywnl56y556vl')
2026-03-10T02:48:49Z WARNING bsky_collector_v2.job.index_feed_generators: listRecords failed repo=did:plc:or3fegz42zcdsusjgv4bfpdb err=HttpError('InvalidRequest: Could not find repo: did:plc:or3fegz42zcdsusjgv4bfpdb')
2026-03-10T02:48:50Z WARNING bsky_collector_v2.job.index_feed_generators: listRecords failed repo=did:plc:cmdbeuwxwc6sywnl56y556vl err=HttpError('InvalidRequest: Could not find repo: did:plc:cmdbeuwxwc6sywnl56y556vl')
2026-03-10T02:48:50Z WARNING bsky_collector_v2.job.index_feed_generators: listRecords failed repo=did:plc:or3fegz42zcdsusjgv4bfpdb err=HttpError('InvalidRequest: Could not find repo: did:plc:or3fegz42zcdsusjgv4bfpdb')
2026-03-10T02:48:50Z INFO bsky_collector_v2.job.index_feed_generators: enqueued repos page=11 mode=listRepos inserted=500 repos_returned=500 next_cursor=set
2026-03-10T02:50:03Z WARNING bsky_collector_v2.job.index_feed_generators: listRecords failed repo=did:plc:qf7p4f4bztvrtdqqoafcghjl err=HttpError('InvalidRequest: Could not find repo: did:plc:qf7p4f4bztvrtdqqoafcghjl')
2026-03-10T02:50:14Z WARNING bsky_collector_v2.job.index_feed_generators: listRecords failed repo=did:plc:u2zpcemlpu4aip7yvvizvwst err=HttpError('InvalidRequest: Could not find repo: did:plc:u2zpcemlpu4aip7yvvizvwst')
2026-03-10T02:50:32Z WARNING bsky_collector_v2.job.index_feed_generators: listRecords failed repo=did:plc:qf7p4f4bztvrtdqqoafcghjl err=HttpError('InvalidRequest: Could not find repo: did:plc:qf7p4f4bztvrtdqqoafcghjl')
2026-03-10T02:50:32Z WARNING bsky_collector_v2.job.index_feed_generators: listRecords failed repo=did:plc:u2zpcemlpu4aip7yvvizvwst err=HttpError('InvalidRequest: Could not find repo: did:plc:u2zpcemlpu4aip7yvvizvwst')
2026-03-10T02:50:32Z WARNING bsky_collector_v2.job.index_feed_generators: listRecords failed repo=did:plc:qf7p4f4bztvrtdqqoafcghjl err=HttpError('InvalidRequest: Could not find repo: did:plc:qf7p4f4bztvrtdqqoafcghjl')
2026-03-10T02:50:32Z WARNING bsky_collector_v2.job.index_feed_generators: listRecords failed repo=did:plc:u2zpcemlpu4aip7yvvizvwst err=HttpError('InvalidRequest: Could not find repo: did:plc:u2zpcemlpu4aip7yvvizvwst')
2026-03-10T02:50:33Z INFO bsky_collector_v2.job.index_feed_generators: enqueued repos page=12 mode=listRepos inserted=500 repos_returned=500 next_cursor=set
2026-03-10T02:51:47Z INFO bsky_collector_v2.job.index_feed_generators: indexed repo=did:plc:vcqlllgqcwuarcjkvkdck6hc part=53 records=1 next_cursor=set
2026-03-10T02:51:58Z WARNING bsky_collector_v2.job.index_feed_generators: listRecords failed repo=did:plc:xvszs2khplmlnlxoh7g4ue6a err=HttpError('InvalidRequest: Could not find repo: did:plc:xvszs2khplmlnlxoh7g4ue6a')
2026-03-10T02:52:28Z WARNING bsky_collector_v2.job.index_feed_generators: listRecords failed repo=did:plc:xvszs2khplmlnlxoh7g4ue6a err=HttpError('InvalidRequest: Could not find repo: did:plc:xvszs2khplmlnlxoh7g4ue6a')
2026-03-10T02:52:28Z WARNING bsky_collector_v2.job.index_feed_generators: listRecords failed repo=did:plc:xvszs2khplmlnlxoh7g4ue6a err=HttpError('InvalidRequest: Could not find repo: did:plc:xvszs2khplmlnlxoh7g4ue6a')
2026-03-10T02:52:28Z INFO bsky_collector_v2.job.index_feed_generators: enqueued repos page=13 mode=listRepos inserted=500 repos_returned=500 next_cursor=set
2026-03-10T02:52:37Z WARNING bsky_collector_v2.job.index_feed_generators: listRecords failed repo=did:plc:3u26lcxyhiyq3ygsfyrc7xx2 err=HttpError('InvalidRequest: Could not find repo: did:plc:3u26lcxyhiyq3ygsfyrc7xx2')
2026-03-10T02:54:09Z WARNING bsky_collector_v2.job.index_feed_generators: listRecords failed repo=did:plc:3u26lcxyhiyq3ygsfyrc7xx2 err=HttpError('InvalidRequest: Could not find repo: did:plc:3u26lcxyhiyq3ygsfyrc7xx2')
2026-03-10T02:54:09Z WARNING bsky_collector_v2.job.index_feed_generators: listRecords failed repo=did:plc:3u26lcxyhiyq3ygsfyrc7xx2 err=HttpError('InvalidRequest: Could not find repo: did:plc:3u26lcxyhiyq3ygsfyrc7xx2')
2026-03-10T02:54:10Z INFO bsky_collector_v2.job.index_feed_generators: enqueued repos page=14 mode=listRepos inserted=500 repos_returned=500 next_cursor=set
2026-03-10T02:54:30Z INFO bsky_collector_v2.job.index_feed_generators: indexed repo=did:plc:7jmtmjcdvs7tkzhcfsn5yjc5 part=54 records=1 next_cursor=set
2026-03-10T02:55:45Z INFO bsky_collector_v2.job.index_feed_generators: enqueued repos page=15 mode=listRepos inserted=500 repos_returned=500 next_cursor=set
2026-03-10T02:56:48Z INFO bsky_collector_v2.job.index_feed_generators: indexed repo=did:plc:mqnx2cpxcbtcomhojwkgw3c6 part=55 records=1 next_cursor=set
2026-03-10T02:57:05Z WARNING bsky_collector_v2.job.index_feed_generators: listRecords failed repo=did:plc:rn2t63bsrg7vvv57k72jhgxk err=HttpError('InvalidRequest: Could not find repo: did:plc:rn2t63bsrg7vvv57k72jhgxk')
2026-03-10T02:57:34Z WARNING bsky_collector_v2.job.index_feed_generators: listRecords failed repo=did:plc:rn2t63bsrg7vvv57k72jhgxk err=HttpError('InvalidRequest: Could not find repo: did:plc:rn2t63bsrg7vvv57k72jhgxk')
2026-03-10T02:57:34Z WARNING bsky_collector_v2.job.index_feed_generators: listRecords failed repo=did:plc:rn2t63bsrg7vvv57k72jhgxk err=HttpError('InvalidRequest: Could not find repo: did:plc:rn2t63bsrg7vvv57k72jhgxk')
2026-03-10T02:57:35Z INFO bsky_collector_v2.job.index_feed_generators: enqueued repos page=16 mode=listRepos inserted=500 repos_returned=500 next_cursor=set
2026-03-10T02:58:13Z WARNING bsky_collector_v2.job.index_feed_generators: listRecords failed repo=did:plc:iavkd7iqcdeawn2u7uj3rekb err=HttpError('InvalidRequest: Could not find repo: did:plc:iavkd7iqcdeawn2u7uj3rekb')
2026-03-10T02:59:00Z WARNING bsky_collector_v2.job.index_feed_generators: listRecords failed repo=did:plc:vvd5mrzy4e3zmarbqsu3ib5y err=HttpError('InvalidRequest: Could not find repo: did:plc:vvd5mrzy4e3zmarbqsu3ib5y')
2026-03-10T02:59:13Z WARNING bsky_collector_v2.job.index_feed_generators: listRecords failed repo=did:plc:iavkd7iqcdeawn2u7uj3rekb err=HttpError('InvalidRequest: Could not find repo: did:plc:iavkd7iqcdeawn2u7uj3rekb')
2026-03-10T02:59:13Z WARNING bsky_collector_v2.job.index_feed_generators: listRecords failed repo=did:plc:vvd5mrzy4e3zmarbqsu3ib5y err=HttpError('InvalidRequest: Could not find repo: did:plc:vvd5mrzy4e3zmarbqsu3ib5y')
2026-03-10T02:59:13Z WARNING bsky_collector_v2.job.index_feed_generators: listRecords failed repo=did:plc:iavkd7iqcdeawn2u7uj3rekb err=HttpError('InvalidRequest: Could not find repo: did:plc:iavkd7iqcdeawn2u7uj3rekb')
2026-03-10T02:59:13Z WARNING bsky_collector_v2.job.index_feed_generators: listRecords failed repo=did:plc:vvd5mrzy4e3zmarbqsu3ib5y err=HttpError('InvalidRequest: Could not find repo: did:plc:vvd5mrzy4e3zmarbqsu3ib5y')
2026-03-10T02:59:14Z INFO bsky_collector_v2.job.index_feed_generators: enqueued repos page=17 mode=listRepos inserted=500 repos_returned=500 next_cursor=set
2026-03-10T02:59:16Z WARNING bsky_collector_v2.job.index_feed_generators: listRecords failed repo=did:plc:2lprg6zoxshscb67e37gb5xy err=HttpError('InvalidRequest: Could not find repo: did:plc:2lprg6zoxshscb67e37gb5xy')
2026-03-10T03:00:47Z WARNING bsky_collector_v2.job.index_feed_generators: listRecords failed repo=did:plc:2lprg6zoxshscb67e37gb5xy err=HttpError('InvalidRequest: Could not find repo: did:plc:2lprg6zoxshscb67e37gb5xy')
2026-03-10T03:00:47Z WARNING bsky_collector_v2.job.index_feed_generators: listRecords failed repo=did:plc:2lprg6zoxshscb67e37gb5xy err=HttpError('InvalidRequest: Could not find repo: did:plc:2lprg6zoxshscb67e37gb5xy')
2026-03-10T03:00:48Z INFO bsky_collector_v2.job.index_feed_generators: enqueued repos page=18 mode=listRepos inserted=500 repos_returned=500 next_cursor=set
2026-03-10T03:00:52Z WARNING bsky_collector_v2.job.index_feed_generators: listRecords failed repo=did:plc:3e36itryi5acrwpalcoayy4k err=HttpError('InvalidRequest: Could not find repo: did:plc:3e36itryi5acrwpalcoayy4k')
2026-03-10T03:01:03Z WARNING bsky_collector_v2.job.index_feed_generators: listRecords failed repo=did:plc:7jtlodeikfcgl4ddy4dskqeo err=HttpError('InvalidRequest: Could not find repo: did:plc:7jtlodeikfcgl4ddy4dskqeo')
2026-03-10T03:01:46Z WARNING bsky_collector_v2.job.index_feed_generators: listRecords failed repo=did:plc:ounotyfcmkmltzki2gf7gegk err=HttpError('InvalidRequest: Could not find repo: did:plc:ounotyfcmkmltzki2gf7gegk')
2026-03-10T03:02:06Z WARNING bsky_collector_v2.job.index_feed_generators: listRecords failed repo=did:plc:v5cz7kahdtfdgsufjhvr7els err=HttpError('InvalidRequest: Could not find repo: did:plc:v5cz7kahdtfdgsufjhvr7els')
2026-03-10T03:02:22Z WARNING bsky_collector_v2.job.index_feed_generators: listRecords failed repo=did:plc:3e36itryi5acrwpalcoayy4k err=HttpError('InvalidRequest: Could not find repo: did:plc:3e36itryi5acrwpalcoayy4k')
2026-03-10T03:02:22Z WARNING bsky_collector_v2.job.index_feed_generators: listRecords failed repo=did:plc:7jtlodeikfcgl4ddy4dskqeo err=HttpError('InvalidRequest: Could not find repo: did:plc:7jtlodeikfcgl4ddy4dskqeo')
2026-03-10T03:02:22Z WARNING bsky_collector_v2.job.index_feed_generators: listRecords failed repo=did:plc:ounotyfcmkmltzki2gf7gegk err=HttpError('InvalidRequest: Could not find repo: did:plc:ounotyfcmkmltzki2gf7gegk')
2026-03-10T03:02:22Z WARNING bsky_collector_v2.job.index_feed_generators: listRecords failed repo=did:plc:v5cz7kahdtfdgsufjhvr7els err=HttpError('InvalidRequest: Could not find repo: did:plc:v5cz7kahdtfdgsufjhvr7els')
2026-03-10T03:02:22Z WARNING bsky_collector_v2.job.index_feed_generators: listRecords failed repo=did:plc:3e36itryi5acrwpalcoayy4k err=HttpError('InvalidRequest: Could not find repo: did:plc:3e36itryi5acrwpalcoayy4k')
2026-03-10T03:02:22Z WARNING bsky_collector_v2.job.index_feed_generators: listRecords failed repo=did:plc:7jtlodeikfcgl4ddy4dskqeo err=HttpError('InvalidRequest: Could not find repo: did:plc:7jtlodeikfcgl4ddy4dskqeo')
2026-03-10T03:02:23Z WARNING bsky_collector_v2.job.index_feed_generators: listRecords failed repo=did:plc:ounotyfcmkmltzki2gf7gegk err=HttpError('InvalidRequest: Could not find repo: did:plc:ounotyfcmkmltzki2gf7gegk')
2026-03-10T03:02:23Z WARNING bsky_collector_v2.job.index_feed_generators: listRecords failed repo=did:plc:v5cz7kahdtfdgsufjhvr7els err=HttpError('InvalidRequest: Could not find repo: did:plc:v5cz7kahdtfdgsufjhvr7els')
2026-03-10T03:02:23Z INFO bsky_collector_v2.job.index_feed_generators: enqueued repos page=19 mode=listRepos inserted=500 repos_returned=500 next_cursor=set
2026-03-10T03:04:00Z INFO bsky_collector_v2.job.index_feed_generators: enqueued repos page=20 mode=listRepos inserted=500 repos_returned=500 next_cursor=set
2026-03-10T03:04:40Z WARNING bsky_collector_v2.job.index_feed_generators: listRecords failed repo=did:plc:jwb36v7lfibbutdrhhikm3zb err=HttpError('InvalidRequest: Could not find repo: did:plc:jwb36v7lfibbutdrhhikm3zb')
2026-03-10T03:05:27Z WARNING bsky_collector_v2.job.index_feed_generators: listRecords failed repo=did:plc:yb5ttsw5gztn5mmkaezut6d2 err=HttpError('InvalidRequest: Could not find repo: did:plc:yb5ttsw5gztn5mmkaezut6d2')
2026-03-10T03:05:32Z WARNING bsky_collector_v2.job.index_feed_generators: listRecords failed repo=did:plc:jwb36v7lfibbutdrhhikm3zb err=HttpError('InvalidRequest: Could not find repo: did:plc:jwb36v7lfibbutdrhhikm3zb')
2026-03-10T03:05:32Z WARNING bsky_collector_v2.job.index_feed_generators: listRecords failed repo=did:plc:yb5ttsw5gztn5mmkaezut6d2 err=HttpError('InvalidRequest: Could not find repo: did:plc:yb5ttsw5gztn5mmkaezut6d2')
2026-03-10T03:05:32Z WARNING bsky_collector_v2.job.index_feed_generators: listRecords failed repo=did:plc:jwb36v7lfibbutdrhhikm3zb err=HttpError('InvalidRequest: Could not find repo: did:plc:jwb36v7lfibbutdrhhikm3zb')
2026-03-10T03:05:32Z WARNING bsky_collector_v2.job.index_feed_generators: listRecords failed repo=did:plc:yb5ttsw5gztn5mmkaezut6d2 err=HttpError('InvalidRequest: Could not find repo: did:plc:yb5ttsw5gztn5mmkaezut6d2')
2026-03-10T03:05:33Z INFO bsky_collector_v2.job.index_feed_generators: enqueued repos page=21 mode=listRepos inserted=500 repos_returned=500 next_cursor=set
2026-03-10T03:06:10Z INFO bsky_collector_v2.job.index_feed_generators: indexed repo=did:plc:gkl7zq7tr5pyftuqhqkwqhny part=56 records=1 next_cursor=set
2026-03-10T03:07:08Z INFO bsky_collector_v2.job.index_feed_generators: enqueued repos page=22 mode=listRepos inserted=500 repos_returned=500 next_cursor=set
2026-03-10T03:09:00Z INFO bsky_collector_v2.job.index_feed_generators: enqueued repos page=23 mode=listRepos inserted=500 repos_returned=500 next_cursor=set
2026-03-10T03:09:34Z WARNING bsky_collector_v2.job.index_feed_generators: listRecords failed repo=did:plc:dybzjvta724winktz7kvccyh err=HttpError('InvalidRequest: Could not find repo: did:plc:dybzjvta724winktz7kvccyh')
2026-03-10T03:09:37Z WARNING bsky_collector_v2.job.index_feed_generators: listRecords failed repo=did:plc:f6akwrnvchiyvitoeuivqecd err=HttpError('InvalidRequest: Could not find repo: did:plc:f6akwrnvchiyvitoeuivqecd')
2026-03-10T03:10:46Z WARNING bsky_collector_v2.job.index_feed_generators: listRecords failed repo=did:plc:dybzjvta724winktz7kvccyh err=HttpError('InvalidRequest: Could not find repo: did:plc:dybzjvta724winktz7kvccyh')
2026-03-10T03:10:46Z WARNING bsky_collector_v2.job.index_feed_generators: listRecords failed repo=did:plc:f6akwrnvchiyvitoeuivqecd err=HttpError('InvalidRequest: Could not find repo: did:plc:f6akwrnvchiyvitoeuivqecd')
2026-03-10T03:10:46Z WARNING bsky_collector_v2.job.index_feed_generators: listRecords failed repo=did:plc:dybzjvta724winktz7kvccyh err=HttpError('InvalidRequest: Could not find repo: did:plc:dybzjvta724winktz7kvccyh')
2026-03-10T03:10:46Z WARNING bsky_collector_v2.job.index_feed_generators: listRecords failed repo=did:plc:f6akwrnvchiyvitoeuivqecd err=HttpError('InvalidRequest: Could not find repo: did:plc:f6akwrnvchiyvitoeuivqecd')
2026-03-10T03:10:46Z INFO bsky_collector_v2.job.index_feed_generators: enqueued repos page=24 mode=listRepos inserted=500 repos_returned=500 next_cursor=set
2026-03-10T03:11:14Z INFO bsky_collector_v2.job.index_feed_generators: indexed repo=did:plc:bnuhkkfyuou7sraafrkoevhq part=57 records=1 next_cursor=set
2026-03-10T03:12:20Z INFO bsky_collector_v2.job.index_feed_generators: enqueued repos page=25 mode=listRepos inserted=500 repos_returned=500 next_cursor=set
2026-03-10T03:12:35Z WARNING bsky_collector_v2.job.index_feed_generators: listRecords failed repo=did:plc:76pch2235sknkm5czxkwzifj err=HttpError('InvalidRequest: Could not find repo: did:plc:76pch2235sknkm5czxkwzifj')
2026-03-10T03:12:38Z INFO bsky_collector_v2.job.index_feed_generators: indexed repo=did:plc:a752umnn7byacm3kv7gyties part=58 records=3 next_cursor=set
2026-03-10T03:14:04Z WARNING bsky_collector_v2.job.index_feed_generators: listRecords failed repo=did:plc:76pch2235sknkm5czxkwzifj err=HttpError('InvalidRequest: Could not find repo: did:plc:76pch2235sknkm5czxkwzifj')
2026-03-10T03:14:04Z WARNING bsky_collector_v2.job.index_feed_generators: listRecords failed repo=did:plc:76pch2235sknkm5czxkwzifj err=HttpError('InvalidRequest: Could not find repo: did:plc:76pch2235sknkm5czxkwzifj')
2026-03-10T03:14:04Z INFO bsky_collector_v2.job.index_feed_generators: enqueued repos page=26 mode=listRepos inserted=500 repos_returned=500 next_cursor=set
2026-03-10T03:14:07Z WARNING bsky_collector_v2.job.index_feed_generators: listRecords failed repo=did:plc:3a4naqi5fnrwcy4zxvwttzan err=HttpError('InvalidRequest: Could not find repo: did:plc:3a4naqi5fnrwcy4zxvwttzan')
2026-03-10T03:14:31Z WARNING bsky_collector_v2.job.index_feed_generators: listRecords failed repo=did:plc:d7pl5ehdm4n2qjgstyuiaxny err=HttpError('InvalidRequest: Could not find repo: did:plc:d7pl5ehdm4n2qjgstyuiaxny')
2026-03-10T03:15:46Z WARNING bsky_collector_v2.job.index_feed_generators: listRecords failed repo=did:plc:3a4naqi5fnrwcy4zxvwttzan err=HttpError('InvalidRequest: Could not find repo: did:plc:3a4naqi5fnrwcy4zxvwttzan')
2026-03-10T03:15:46Z WARNING bsky_collector_v2.job.index_feed_generators: listRecords failed repo=did:plc:d7pl5ehdm4n2qjgstyuiaxny err=HttpError('InvalidRequest: Could not find repo: did:plc:d7pl5ehdm4n2qjgstyuiaxny')
2026-03-10T03:15:46Z WARNING bsky_collector_v2.job.index_feed_generators: listRecords failed repo=did:plc:3a4naqi5fnrwcy4zxvwttzan err=HttpError('InvalidRequest: Could not find repo: did:plc:3a4naqi5fnrwcy4zxvwttzan')
2026-03-10T03:15:46Z WARNING bsky_collector_v2.job.index_feed_generators: listRecords failed repo=did:plc:d7pl5ehdm4n2qjgstyuiaxny err=HttpError('InvalidRequest: Could not find repo: did:plc:d7pl5ehdm4n2qjgstyuiaxny')
2026-03-10T03:15:47Z INFO bsky_collector_v2.job.index_feed_generators: enqueued repos page=27 mode=listRepos inserted=500 repos_returned=500 next_cursor=set
2026-03-10T03:16:03Z WARNING bsky_collector_v2.job.index_feed_generators: listRecords failed repo=did:plc:7k5kpgrifpti5smmieqtcxjc err=HttpError('InvalidRequest: Could not find repo: did:plc:7k5kpgrifpti5smmieqtcxjc')
2026-03-10T03:16:04Z WARNING bsky_collector_v2.job.index_feed_generators: listRecords failed repo=did:plc:7w4wxsq7lubjavs46dwlisjq err=HttpError('InvalidRequest: Could not find repo: did:plc:7w4wxsq7lubjavs46dwlisjq')
2026-03-10T03:17:25Z WARNING bsky_collector_v2.job.index_feed_generators: listRecords failed repo=did:plc:7k5kpgrifpti5smmieqtcxjc err=HttpError('InvalidRequest: Could not find repo: did:plc:7k5kpgrifpti5smmieqtcxjc')
2026-03-10T03:17:25Z WARNING bsky_collector_v2.job.index_feed_generators: listRecords failed repo=did:plc:7w4wxsq7lubjavs46dwlisjq err=HttpError('InvalidRequest: Could not find repo: did:plc:7w4wxsq7lubjavs46dwlisjq')
2026-03-10T03:17:25Z WARNING bsky_collector_v2.job.index_feed_generators: listRecords failed repo=did:plc:7k5kpgrifpti5smmieqtcxjc err=HttpError('InvalidRequest: Could not find repo: did:plc:7k5kpgrifpti5smmieqtcxjc')
2026-03-10T03:17:26Z WARNING bsky_collector_v2.job.index_feed_generators: listRecords failed repo=did:plc:7w4wxsq7lubjavs46dwlisjq err=HttpError('InvalidRequest: Could not find repo: did:plc:7w4wxsq7lubjavs46dwlisjq')
2026-03-10T03:17:26Z INFO bsky_collector_v2.job.index_feed_generators: enqueued repos page=28 mode=listRepos inserted=500 repos_returned=500 next_cursor=set
2026-03-10T03:17:49Z INFO bsky_collector_v2.job.index_feed_generators: indexed repo=did:plc:a24ro4fanr3jvxadrk4cklt4 part=59 records=4 next_cursor=set
2026-03-10T03:19:07Z INFO bsky_collector_v2.job.index_feed_generators: enqueued repos page=29 mode=listRepos inserted=500 repos_returned=500 next_cursor=set
2026-03-10T03:20:43Z INFO bsky_collector_v2.job.index_feed_generators: enqueued repos page=30 mode=listRepos inserted=500 repos_returned=500 next_cursor=set
2026-03-10T03:21:07Z WARNING bsky_collector_v2.job.index_feed_generators: listRecords failed repo=did:plc:cojij6jjets7ymje7cmizqga err=HttpError('InvalidRequest: Could not find repo: did:plc:cojij6jjets7ymje7cmizqga')
2026-03-10T03:21:59Z INFO bsky_collector_v2.job.index_feed_generators: indexed repo=did:plc:u7zqrzj6d2hgc7u4bzthcjbo part=60 records=4 next_cursor=set
2026-03-10T03:22:20Z WARNING bsky_collector_v2.job.index_feed_generators: listRecords failed repo=did:plc:cojij6jjets7ymje7cmizqga err=HttpError('InvalidRequest: Could not find repo: did:plc:cojij6jjets7ymje7cmizqga')
2026-03-10T03:22:20Z WARNING bsky_collector_v2.job.index_feed_generators: listRecords failed repo=did:plc:cojij6jjets7ymje7cmizqga err=HttpError('InvalidRequest: Could not find repo: did:plc:cojij6jjets7ymje7cmizqga')
2026-03-10T03:22:20Z INFO bsky_collector_v2.job.index_feed_generators: enqueued repos page=31 mode=listRepos inserted=500 repos_returned=500 next_cursor=set
2026-03-10T03:23:17Z WARNING bsky_collector_v2.job.index_feed_generators: listRecords failed repo=did:plc:ifw4xefwlknmlxuwf3dy4hqk err=HttpError('InvalidRequest: Could not find repo: did:plc:ifw4xefwlknmlxuwf3dy4hqk')
2026-03-10T03:23:45Z WARNING bsky_collector_v2.job.index_feed_generators: listRecords failed repo=did:plc:s43p5qwusn3dde27ztuo4s5w err=HttpError('InvalidRequest: Could not find repo: did:plc:s43p5qwusn3dde27ztuo4s5w')
2026-03-10T03:24:05Z WARNING bsky_collector_v2.job.index_feed_generators: listRecords failed repo=did:plc:ifw4xefwlknmlxuwf3dy4hqk err=HttpError('InvalidRequest: Could not find repo: did:plc:ifw4xefwlknmlxuwf3dy4hqk')
2026-03-10T03:24:05Z WARNING bsky_collector_v2.job.index_feed_generators: listRecords failed repo=did:plc:s43p5qwusn3dde27ztuo4s5w err=HttpError('InvalidRequest: Could not find repo: did:plc:s43p5qwusn3dde27ztuo4s5w')
2026-03-10T03:24:05Z WARNING bsky_collector_v2.job.index_feed_generators: listRecords failed repo=did:plc:ifw4xefwlknmlxuwf3dy4hqk err=HttpError('InvalidRequest: Could not find repo: did:plc:ifw4xefwlknmlxuwf3dy4hqk')
2026-03-10T03:24:05Z WARNING bsky_collector_v2.job.index_feed_generators: listRecords failed repo=did:plc:s43p5qwusn3dde27ztuo4s5w err=HttpError('InvalidRequest: Could not find repo: did:plc:s43p5qwusn3dde27ztuo4s5w')
2026-03-10T03:24:06Z INFO bsky_collector_v2.job.index_feed_generators: enqueued repos page=32 mode=listRepos inserted=500 repos_returned=500 next_cursor=set
