2026-03-05T19:26:10Z INFO bsky_collector_v2: out_base ok path=D:\BlueSky\data_v2_full mount=D:\
2026-03-05T19:26:10Z INFO bsky_collector_v2: job start subcommand=index-feed-generators dry_run=False resume=True
2026-03-05T19:26:10Z INFO bsky_collector_v2.job.index_feed_generators: feed generator index hosts relay_host=https://bsky.network records_host=https://bsky.social auth=yes
2026-03-05T19:26:47Z WARNING bsky_collector_v2.job.index_feed_generators: listRecords failed repo=did:plc:4vurf3dqaxivqxc7dsosh6z6 err=HttpError('InvalidRequest: Could not find repo: did:plc:4vurf3dqaxivqxc7dsosh6z6')
2026-03-05T19:26:48Z WARNING bsky_collector_v2.job.index_feed_generators: listRecords failed repo=did:plc:7encngmo2f3ru6nsakhzkvmz err=HttpError('InvalidRequest: Could not find repo: did:plc:7encngmo2f3ru6nsakhzkvmz')
2026-03-05T19:26:48Z WARNING bsky_collector_v2.job.index_feed_generators: listRecords failed repo=did:plc:b7afdzqsmwksxypciqnplglk err=HttpError('InvalidRequest: Could not find repo: did:plc:b7afdzqsmwksxypciqnplglk')
2026-03-05T19:26:48Z WARNING bsky_collector_v2.job.index_feed_generators: listRecords failed repo=did:plc:eazvlts42o3q2d2hmezn77tu err=HttpError('InvalidRequest: Could not find repo: did:plc:eazvlts42o3q2d2hmezn77tu')
2026-03-05T19:26:48Z WARNING bsky_collector_v2.job.index_feed_generators: listRecords failed repo=did:plc:ngr7dujuufz3s4pdbw5ag6tu err=HttpError('InvalidRequest: Could not find repo: did:plc:ngr7dujuufz3s4pdbw5ag6tu')
2026-03-05T19:26:48Z WARNING bsky_collector_v2.job.index_feed_generators: listRecords failed repo=did:plc:4vurf3dqaxivqxc7dsosh6z6 err=HttpError('InvalidRequest: Could not find repo: did:plc:4vurf3dqaxivqxc7dsosh6z6')
2026-03-05T19:26:48Z WARNING bsky_collector_v2.job.index_feed_generators: listRecords failed repo=did:plc:7encngmo2f3ru6nsakhzkvmz err=HttpError('InvalidRequest: Could not find repo: did:plc:7encngmo2f3ru6nsakhzkvmz')
2026-03-05T19:26:48Z WARNING bsky_collector_v2.job.index_feed_generators: listRecords failed repo=did:plc:b7afdzqsmwksxypciqnplglk err=HttpError('InvalidRequest: Could not find repo: did:plc:b7afdzqsmwksxypciqnplglk')
2026-03-05T19:26:48Z WARNING bsky_collector_v2.job.index_feed_generators: listRecords failed repo=did:plc:eazvlts42o3q2d2hmezn77tu err=HttpError('InvalidRequest: Could not find repo: did:plc:eazvlts42o3q2d2hmezn77tu')
2026-03-05T19:26:48Z WARNING bsky_collector_v2.job.index_feed_generators: listRecords failed repo=did:plc:ngr7dujuufz3s4pdbw5ag6tu err=HttpError('InvalidRequest: Could not find repo: did:plc:ngr7dujuufz3s4pdbw5ag6tu')
2026-03-05T19:26:49Z INFO bsky_collector_v2.job.index_feed_generators: enqueued repos page=1 mode=listRepos inserted=500 repos_returned=500 next_cursor=set
2026-03-05T19:26:54Z WARNING bsky_collector_v2.job.index_feed_generators: listRecords failed repo=did:plc:2z6cil5en5kqj4w3v5nhf3rm err=HttpError('InvalidRequest: Could not find repo: did:plc:2z6cil5en5kqj4w3v5nhf3rm')
2026-03-05T19:28:16Z WARNING bsky_collector_v2.job.index_feed_generators: listRecords failed repo=did:plc:pn6ilyp754q3tjv75ltdqmrh err=HttpError('InvalidRequest: Could not find repo: did:plc:pn6ilyp754q3tjv75ltdqmrh')
2026-03-05T19:28:30Z WARNING bsky_collector_v2.job.index_feed_generators: listRecords failed repo=did:plc:uqjjjnfo75vkrolb7gfqz3si err=HttpError('InvalidRequest: Could not find repo: did:plc:uqjjjnfo75vkrolb7gfqz3si')
2026-03-05T19:28:46Z WARNING bsky_collector_v2.job.index_feed_generators: listRecords failed repo=did:plc:2z6cil5en5kqj4w3v5nhf3rm err=HttpError('InvalidRequest: Could not find repo: did:plc:2z6cil5en5kqj4w3v5nhf3rm')
2026-03-05T19:28:46Z WARNING bsky_collector_v2.job.index_feed_generators: listRecords failed repo=did:plc:pn6ilyp754q3tjv75ltdqmrh err=HttpError('InvalidRequest: Could not find repo: did:plc:pn6ilyp754q3tjv75ltdqmrh')
2026-03-05T19:28:46Z WARNING bsky_collector_v2.job.index_feed_generators: listRecords failed repo=did:plc:uqjjjnfo75vkrolb7gfqz3si err=HttpError('InvalidRequest: Could not find repo: did:plc:uqjjjnfo75vkrolb7gfqz3si')
2026-03-05T19:28:46Z WARNING bsky_collector_v2.job.index_feed_generators: listRecords failed repo=did:plc:2z6cil5en5kqj4w3v5nhf3rm err=HttpError('InvalidRequest: Could not find repo: did:plc:2z6cil5en5kqj4w3v5nhf3rm')
2026-03-05T19:28:46Z WARNING bsky_collector_v2.job.index_feed_generators: listRecords failed repo=did:plc:pn6ilyp754q3tjv75ltdqmrh err=HttpError('InvalidRequest: Could not find repo: did:plc:pn6ilyp754q3tjv75ltdqmrh')
2026-03-05T19:28:46Z WARNING bsky_collector_v2.job.index_feed_generators: listRecords failed repo=did:plc:uqjjjnfo75vkrolb7gfqz3si err=HttpError('InvalidRequest: Could not find repo: did:plc:uqjjjnfo75vkrolb7gfqz3si')
2026-03-05T19:29:18Z INFO bsky_collector_v2.job.index_feed_generators: enqueued repos page=2 mode=listRepos inserted=500 repos_returned=500 next_cursor=set
2026-03-05T19:30:02Z WARNING bsky_collector_v2.job.index_feed_generators: listRecords failed repo=did:plc:cvt2rbr7m6qjgsl7ndqhcjto err=HttpError('InvalidRequest: Could not find repo: did:plc:cvt2rbr7m6qjgsl7ndqhcjto')
2026-03-05T19:30:29Z INFO bsky_collector_v2.job.index_feed_generators: indexed repo=did:plc:kvl4v3m2bo5tjbgdplm5o6sd part=465 records=1 next_cursor=set
2026-03-05T19:30:31Z WARNING bsky_collector_v2.job.index_feed_generators: listRecords failed repo=did:plc:ltbnhhglwon2tfjho5zs445k err=HttpError('InvalidRequest: Could not find repo: did:plc:ltbnhhglwon2tfjho5zs445k')
2026-03-05T19:31:09Z WARNING bsky_collector_v2.job.index_feed_generators: listRecords failed repo=did:plc:cvt2rbr7m6qjgsl7ndqhcjto err=HttpError('InvalidRequest: Could not find repo: did:plc:cvt2rbr7m6qjgsl7ndqhcjto')
2026-03-05T19:31:10Z WARNING bsky_collector_v2.job.index_feed_generators: listRecords failed repo=did:plc:ltbnhhglwon2tfjho5zs445k err=HttpError('InvalidRequest: Could not find repo: did:plc:ltbnhhglwon2tfjho5zs445k')
2026-03-05T19:31:10Z WARNING bsky_collector_v2.job.index_feed_generators: listRecords failed repo=did:plc:cvt2rbr7m6qjgsl7ndqhcjto err=HttpError('InvalidRequest: Could not find repo: did:plc:cvt2rbr7m6qjgsl7ndqhcjto')
2026-03-05T19:31:10Z WARNING bsky_collector_v2.job.index_feed_generators: listRecords failed repo=did:plc:ltbnhhglwon2tfjho5zs445k err=HttpError('InvalidRequest: Could not find repo: did:plc:ltbnhhglwon2tfjho5zs445k')
2026-03-05T19:31:10Z INFO bsky_collector_v2.job.index_feed_generators: enqueued repos page=3 mode=listRepos inserted=500 repos_returned=500 next_cursor=set
2026-03-05T19:31:17Z WARNING bsky_collector_v2.job.index_feed_generators: listRecords failed repo=did:plc:5bhcvesood5gjwmuyrcpt73k err=HttpError('InvalidRequest: Could not find repo: did:plc:5bhcvesood5gjwmuyrcpt73k')
2026-03-05T19:31:28Z WARNING bsky_collector_v2.job.index_feed_generators: listRecords failed repo=did:plc:bco3ug4guihkdpbczkjtpqti err=HttpError('InvalidRequest: Could not find repo: did:plc:bco3ug4guihkdpbczkjtpqti')
2026-03-05T19:32:21Z INFO bsky_collector_v2.job.index_feed_generators: indexed repo=did:plc:rz6oc7xnplnf7itvr6nmiiin part=466 records=4 next_cursor=set
2026-03-05T19:32:44Z WARNING bsky_collector_v2.job.index_feed_generators: listRecords failed repo=did:plc:y5ja3i3wcmrnt7twonbsiews err=HttpError('InvalidRequest: Could not find repo: did:plc:y5ja3i3wcmrnt7twonbsiews')
2026-03-05T19:32:49Z WARNING bsky_collector_v2.job.index_feed_generators: listRecords failed repo=did:plc:5bhcvesood5gjwmuyrcpt73k err=HttpError('InvalidRequest: Could not find repo: did:plc:5bhcvesood5gjwmuyrcpt73k')
2026-03-05T19:32:49Z WARNING bsky_collector_v2.job.index_feed_generators: listRecords failed repo=did:plc:bco3ug4guihkdpbczkjtpqti err=HttpError('InvalidRequest: Could not find repo: did:plc:bco3ug4guihkdpbczkjtpqti')
2026-03-05T19:32:49Z WARNING bsky_collector_v2.job.index_feed_generators: listRecords failed repo=did:plc:y5ja3i3wcmrnt7twonbsiews err=HttpError('InvalidRequest: Could not find repo: did:plc:y5ja3i3wcmrnt7twonbsiews')
2026-03-05T19:32:49Z WARNING bsky_collector_v2.job.index_feed_generators: listRecords failed repo=did:plc:5bhcvesood5gjwmuyrcpt73k err=HttpError('InvalidRequest: Could not find repo: did:plc:5bhcvesood5gjwmuyrcpt73k')
2026-03-05T19:32:49Z WARNING bsky_collector_v2.job.index_feed_generators: listRecords failed repo=did:plc:bco3ug4guihkdpbczkjtpqti err=HttpError('InvalidRequest: Could not find repo: did:plc:bco3ug4guihkdpbczkjtpqti')
2026-03-05T19:32:49Z WARNING bsky_collector_v2.job.index_feed_generators: listRecords failed repo=did:plc:y5ja3i3wcmrnt7twonbsiews err=HttpError('InvalidRequest: Could not find repo: did:plc:y5ja3i3wcmrnt7twonbsiews')
2026-03-05T19:32:50Z INFO bsky_collector_v2.job.index_feed_generators: enqueued repos page=4 mode=listRepos inserted=500 repos_returned=500 next_cursor=set
2026-03-05T19:33:13Z WARNING bsky_collector_v2.job.index_feed_generators: listRecords failed repo=did:plc:b4jm7zx63clzbefyqv5r735t err=HttpError('InvalidRequest: Could not find repo: did:plc:b4jm7zx63clzbefyqv5r735t')
2026-03-05T19:33:37Z WARNING bsky_collector_v2.job.index_feed_generators: listRecords failed repo=did:plc:jritdfgcdnveb4wqlvqgq5rw err=HttpError('InvalidRequest: Could not find repo: did:plc:jritdfgcdnveb4wqlvqgq5rw')
2026-03-05T19:33:57Z WARNING bsky_collector_v2.job.index_feed_generators: listRecords failed repo=did:plc:qrffx66zjqawtuq42jhv3vly err=HttpError('InvalidRequest: Could not find repo: did:plc:qrffx66zjqawtuq42jhv3vly')
2026-03-05T19:34:04Z INFO bsky_collector_v2.job.index_feed_generators: indexed repo=did:plc:snujiwdrh44tadzudcxx2je7 part=467 records=2 next_cursor=set
2026-03-05T19:34:11Z WARNING bsky_collector_v2.job.index_feed_generators: listRecords failed repo=did:plc:v7ch362fhgho32425wdugbto err=HttpError('InvalidRequest: Could not find repo: did:plc:v7ch362fhgho32425wdugbto')
2026-03-05T19:34:27Z WARNING bsky_collector_v2.job.index_feed_generators: listRecords failed repo=did:plc:b4jm7zx63clzbefyqv5r735t err=HttpError('InvalidRequest: Could not find repo: did:plc:b4jm7zx63clzbefyqv5r735t')
2026-03-05T19:34:27Z WARNING bsky_collector_v2.job.index_feed_generators: listRecords failed repo=did:plc:jritdfgcdnveb4wqlvqgq5rw err=HttpError('InvalidRequest: Could not find repo: did:plc:jritdfgcdnveb4wqlvqgq5rw')
2026-03-05T19:34:27Z WARNING bsky_collector_v2.job.index_feed_generators: listRecords failed repo=did:plc:qrffx66zjqawtuq42jhv3vly err=HttpError('InvalidRequest: Could not find repo: did:plc:qrffx66zjqawtuq42jhv3vly')
2026-03-05T19:34:27Z WARNING bsky_collector_v2.job.index_feed_generators: listRecords failed repo=did:plc:v7ch362fhgho32425wdugbto err=HttpError('InvalidRequest: Could not find repo: did:plc:v7ch362fhgho32425wdugbto')
2026-03-05T19:34:27Z WARNING bsky_collector_v2.job.index_feed_generators: listRecords failed repo=did:plc:b4jm7zx63clzbefyqv5r735t err=HttpError('InvalidRequest: Could not find repo: did:plc:b4jm7zx63clzbefyqv5r735t')
2026-03-05T19:34:27Z WARNING bsky_collector_v2.job.index_feed_generators: listRecords failed repo=did:plc:jritdfgcdnveb4wqlvqgq5rw err=HttpError('InvalidRequest: Could not find repo: did:plc:jritdfgcdnveb4wqlvqgq5rw')
2026-03-05T19:34:28Z WARNING bsky_collector_v2.job.index_feed_generators: listRecords failed repo=did:plc:qrffx66zjqawtuq42jhv3vly err=HttpError('InvalidRequest: Could not find repo: did:plc:qrffx66zjqawtuq42jhv3vly')
2026-03-05T19:34:28Z WARNING bsky_collector_v2.job.index_feed_generators: listRecords failed repo=did:plc:v7ch362fhgho32425wdugbto err=HttpError('InvalidRequest: Could not find repo: did:plc:v7ch362fhgho32425wdugbto')
2026-03-05T19:34:28Z INFO bsky_collector_v2.job.index_feed_generators: enqueued repos page=5 mode=listRepos inserted=500 repos_returned=500 next_cursor=set
2026-03-05T19:34:58Z WARNING bsky_collector_v2.job.index_feed_generators: listRecords failed repo=did:plc:cnmuvlrxe5zzikc5fmsjrooy err=HttpError('InvalidRequest: Could not find repo: did:plc:cnmuvlrxe5zzikc5fmsjrooy')
2026-03-05T19:35:05Z WARNING bsky_collector_v2.job.index_feed_generators: listRecords failed repo=did:plc:fanvhicvy65nqjh5vpzqltet err=HttpError('InvalidRequest: Could not find repo: did:plc:fanvhicvy65nqjh5vpzqltet')
2026-03-05T19:35:58Z WARNING bsky_collector_v2.job.index_feed_generators: listRecords failed repo=did:plc:wt52qfr7yh3fqunl6yz55oo6 err=HttpError('InvalidRequest: Could not find repo: did:plc:wt52qfr7yh3fqunl6yz55oo6')
2026-03-05T19:36:07Z WARNING bsky_collector_v2.job.index_feed_generators: listRecords failed repo=did:plc:cnmuvlrxe5zzikc5fmsjrooy err=HttpError('InvalidRequest: Could not find repo: did:plc:cnmuvlrxe5zzikc5fmsjrooy')
2026-03-05T19:36:08Z WARNING bsky_collector_v2.job.index_feed_generators: listRecords failed repo=did:plc:fanvhicvy65nqjh5vpzqltet err=HttpError('InvalidRequest: Could not find repo: did:plc:fanvhicvy65nqjh5vpzqltet')
2026-03-05T19:36:08Z WARNING bsky_collector_v2.job.index_feed_generators: listRecords failed repo=did:plc:wt52qfr7yh3fqunl6yz55oo6 err=HttpError('InvalidRequest: Could not find repo: did:plc:wt52qfr7yh3fqunl6yz55oo6')
2026-03-05T19:36:08Z WARNING bsky_collector_v2.job.index_feed_generators: listRecords failed repo=did:plc:cnmuvlrxe5zzikc5fmsjrooy err=HttpError('InvalidRequest: Could not find repo: did:plc:cnmuvlrxe5zzikc5fmsjrooy')
2026-03-05T19:36:08Z WARNING bsky_collector_v2.job.index_feed_generators: listRecords failed repo=did:plc:fanvhicvy65nqjh5vpzqltet err=HttpError('InvalidRequest: Could not find repo: did:plc:fanvhicvy65nqjh5vpzqltet')
2026-03-05T19:36:08Z WARNING bsky_collector_v2.job.index_feed_generators: listRecords failed repo=did:plc:wt52qfr7yh3fqunl6yz55oo6 err=HttpError('InvalidRequest: Could not find repo: did:plc:wt52qfr7yh3fqunl6yz55oo6')
2026-03-05T19:36:08Z INFO bsky_collector_v2.job.index_feed_generators: enqueued repos page=6 mode=listRepos inserted=500 repos_returned=500 next_cursor=set
2026-03-05T19:36:17Z WARNING bsky_collector_v2.job.index_feed_generators: listRecords failed repo=did:plc:4zwgezoxn3dclx5phoaqjpor err=HttpError('InvalidRequest: Could not find repo: did:plc:4zwgezoxn3dclx5phoaqjpor')
2026-03-05T19:36:53Z WARNING bsky_collector_v2.job.index_feed_generators: listRecords failed repo=did:plc:jgtdu45lgn54d2safvjki6hi err=HttpError('InvalidRequest: Could not find repo: did:plc:jgtdu45lgn54d2safvjki6hi')
2026-03-05T19:37:42Z WARNING bsky_collector_v2.job.index_feed_generators: listRecords failed repo=did:plc:4zwgezoxn3dclx5phoaqjpor err=HttpError('InvalidRequest: Could not find repo: did:plc:4zwgezoxn3dclx5phoaqjpor')
2026-03-05T19:37:42Z WARNING bsky_collector_v2.job.index_feed_generators: listRecords failed repo=did:plc:jgtdu45lgn54d2safvjki6hi err=HttpError('InvalidRequest: Could not find repo: did:plc:jgtdu45lgn54d2safvjki6hi')
2026-03-05T19:37:42Z WARNING bsky_collector_v2.job.index_feed_generators: listRecords failed repo=did:plc:4zwgezoxn3dclx5phoaqjpor err=HttpError('InvalidRequest: Could not find repo: did:plc:4zwgezoxn3dclx5phoaqjpor')
2026-03-05T19:37:42Z WARNING bsky_collector_v2.job.index_feed_generators: listRecords failed repo=did:plc:jgtdu45lgn54d2safvjki6hi err=HttpError('InvalidRequest: Could not find repo: did:plc:jgtdu45lgn54d2safvjki6hi')
2026-03-05T19:37:43Z INFO bsky_collector_v2.job.index_feed_generators: enqueued repos page=7 mode=listRepos inserted=500 repos_returned=500 next_cursor=set
2026-03-05T19:38:57Z WARNING bsky_collector_v2.job.index_feed_generators: listRecords failed repo=did:plc:rq2s2rbusii5kued4vuud7hq err=HttpError('InvalidRequest: Could not find repo: did:plc:rq2s2rbusii5kued4vuud7hq')
2026-03-05T19:39:21Z WARNING bsky_collector_v2.job.index_feed_generators: listRecords failed repo=did:plc:rq2s2rbusii5kued4vuud7hq err=HttpError('InvalidRequest: Could not find repo: did:plc:rq2s2rbusii5kued4vuud7hq')
2026-03-05T19:39:21Z WARNING bsky_collector_v2.job.index_feed_generators: listRecords failed repo=did:plc:rq2s2rbusii5kued4vuud7hq err=HttpError('InvalidRequest: Could not find repo: did:plc:rq2s2rbusii5kued4vuud7hq')
2026-03-05T19:39:22Z INFO bsky_collector_v2.job.index_feed_generators: enqueued repos page=8 mode=listRepos inserted=500 repos_returned=500 next_cursor=set
2026-03-05T19:40:10Z WARNING bsky_collector_v2.job.index_feed_generators: listRecords failed repo=did:plc:kwiqejgy2qzzqtsu5exg5lgo err=HttpError('InvalidRequest: Could not find repo: did:plc:kwiqejgy2qzzqtsu5exg5lgo')
2026-03-05T19:40:56Z WARNING bsky_collector_v2.job.index_feed_generators: listRecords failed repo=did:plc:kwiqejgy2qzzqtsu5exg5lgo err=HttpError('InvalidRequest: Could not find repo: did:plc:kwiqejgy2qzzqtsu5exg5lgo')
2026-03-05T19:40:56Z WARNING bsky_collector_v2.job.index_feed_generators: listRecords failed repo=did:plc:kwiqejgy2qzzqtsu5exg5lgo err=HttpError('InvalidRequest: Could not find repo: did:plc:kwiqejgy2qzzqtsu5exg5lgo')
2026-03-05T19:40:56Z INFO bsky_collector_v2.job.index_feed_generators: enqueued repos page=9 mode=listRepos inserted=500 repos_returned=500 next_cursor=set
2026-03-05T19:42:18Z INFO bsky_collector_v2.job.index_feed_generators: indexed repo=did:plc:rkbuvoim6t2hphvfvb6nwpph part=468 records=2 next_cursor=set
2026-03-05T19:42:46Z INFO bsky_collector_v2.job.index_feed_generators: enqueued repos page=10 mode=listRepos inserted=500 repos_returned=500 next_cursor=set
2026-03-05T19:43:35Z WARNING bsky_collector_v2.job.index_feed_generators: listRecords failed repo=did:plc:hujnk25dsrwbozhdhmgnvf42 err=HttpError('InvalidRequest: Could not find repo: did:plc:hujnk25dsrwbozhdhmgnvf42')
2026-03-05T19:44:17Z WARNING bsky_collector_v2.job.index_feed_generators: listRecords failed repo=did:plc:utyoizrits4m5fohsl4ioqqj err=HttpError('InvalidRequest: Could not find repo: did:plc:utyoizrits4m5fohsl4ioqqj')
2026-03-05T19:44:21Z WARNING bsky_collector_v2.job.index_feed_generators: listRecords failed repo=did:plc:w3u6iefe3jr3bvf6mup3oq4j err=HttpError('InvalidRequest: Could not find repo: did:plc:w3u6iefe3jr3bvf6mup3oq4j')
2026-03-05T19:44:34Z WARNING bsky_collector_v2.job.index_feed_generators: listRecords failed repo=did:plc:hujnk25dsrwbozhdhmgnvf42 err=HttpError('InvalidRequest: Could not find repo: did:plc:hujnk25dsrwbozhdhmgnvf42')
2026-03-05T19:44:34Z WARNING bsky_collector_v2.job.index_feed_generators: listRecords failed repo=did:plc:utyoizrits4m5fohsl4ioqqj err=HttpError('InvalidRequest: Could not find repo: did:plc:utyoizrits4m5fohsl4ioqqj')
2026-03-05T19:44:34Z WARNING bsky_collector_v2.job.index_feed_generators: listRecords failed repo=did:plc:w3u6iefe3jr3bvf6mup3oq4j err=HttpError('InvalidRequest: Could not find repo: did:plc:w3u6iefe3jr3bvf6mup3oq4j')
2026-03-05T19:44:35Z WARNING bsky_collector_v2.job.index_feed_generators: listRecords failed repo=did:plc:hujnk25dsrwbozhdhmgnvf42 err=HttpError('InvalidRequest: Could not find repo: did:plc:hujnk25dsrwbozhdhmgnvf42')
2026-03-05T19:44:35Z WARNING bsky_collector_v2.job.index_feed_generators: listRecords failed repo=did:plc:utyoizrits4m5fohsl4ioqqj err=HttpError('InvalidRequest: Could not find repo: did:plc:utyoizrits4m5fohsl4ioqqj')
2026-03-05T19:44:35Z WARNING bsky_collector_v2.job.index_feed_generators: listRecords failed repo=did:plc:w3u6iefe3jr3bvf6mup3oq4j err=HttpError('InvalidRequest: Could not find repo: did:plc:w3u6iefe3jr3bvf6mup3oq4j')
2026-03-05T19:44:35Z INFO bsky_collector_v2.job.index_feed_generators: enqueued repos page=11 mode=listRepos inserted=500 repos_returned=500 next_cursor=set
2026-03-05T19:45:04Z INFO bsky_collector_v2.job.index_feed_generators: indexed repo=did:plc:cr5esxnx3ijhrwrvzsrgkncr part=469 records=1 next_cursor=set
2026-03-05T19:46:19Z INFO bsky_collector_v2.job.index_feed_generators: enqueued repos page=12 mode=listRepos inserted=500 repos_returned=500 next_cursor=set
2026-03-05T19:46:24Z INFO bsky_collector_v2.job.index_feed_generators: indexed repo=did:plc:3ujp4x7y6cvlzw3mcazdwv72 part=470 records=1 next_cursor=set
2026-03-05T19:46:38Z WARNING bsky_collector_v2.job.index_feed_generators: listRecords failed repo=did:plc:a25ncqghre4q7nswaatduue7 err=HttpError('InvalidRequest: Could not find repo: did:plc:a25ncqghre4q7nswaatduue7')
2026-03-05T19:47:08Z WARNING bsky_collector_v2.job.index_feed_generators: listRecords failed repo=did:plc:keg5wnv7nwwf26jcmaxnqt52 err=HttpError('InvalidRequest: Could not find repo: did:plc:keg5wnv7nwwf26jcmaxnqt52')
2026-03-05T19:47:09Z WARNING bsky_collector_v2.job.index_feed_generators: listRecords failed repo=did:plc:krupesitd7vcqgckmdpgszew err=HttpError('InvalidRequest: Could not find repo: did:plc:krupesitd7vcqgckmdpgszew')
2026-03-05T19:47:12Z INFO bsky_collector_v2.job.index_feed_generators: indexed repo=did:plc:lxbhgjfsspb3lv2pfxahbnvr part=471 records=2 next_cursor=set
2026-03-05T19:47:17Z WARNING bsky_collector_v2.job.index_feed_generators: listRecords failed repo=did:plc:nt4avkpnvwb7zs322o2tjxnd err=HttpError('InvalidRequest: Could not find repo: did:plc:nt4avkpnvwb7zs322o2tjxnd')
2026-03-05T19:47:47Z WARNING bsky_collector_v2.job.index_feed_generators: listRecords failed repo=did:plc:xd7fl6uzl4ijkapivrqcdwng err=HttpError('InvalidRequest: Could not find repo: did:plc:xd7fl6uzl4ijkapivrqcdwng')
2026-03-05T19:47:52Z WARNING bsky_collector_v2.job.index_feed_generators: listRecords failed repo=did:plc:yl3hwvsa4forhs4mqb762wqd err=HttpError('InvalidRequest: Could not find repo: did:plc:yl3hwvsa4forhs4mqb762wqd')
2026-03-05T19:47:58Z WARNING bsky_collector_v2.job.index_feed_generators: listRecords failed repo=did:plc:a25ncqghre4q7nswaatduue7 err=HttpError('InvalidRequest: Could not find repo: did:plc:a25ncqghre4q7nswaatduue7')
2026-03-05T19:47:58Z WARNING bsky_collector_v2.job.index_feed_generators: listRecords failed repo=did:plc:keg5wnv7nwwf26jcmaxnqt52 err=HttpError('InvalidRequest: Could not find repo: did:plc:keg5wnv7nwwf26jcmaxnqt52')
2026-03-05T19:47:58Z WARNING bsky_collector_v2.job.index_feed_generators: listRecords failed repo=did:plc:krupesitd7vcqgckmdpgszew err=HttpError('InvalidRequest: Could not find repo: did:plc:krupesitd7vcqgckmdpgszew')
2026-03-05T19:47:58Z WARNING bsky_collector_v2.job.index_feed_generators: listRecords failed repo=did:plc:nt4avkpnvwb7zs322o2tjxnd err=HttpError('InvalidRequest: Could not find repo: did:plc:nt4avkpnvwb7zs322o2tjxnd')
2026-03-05T19:47:59Z WARNING bsky_collector_v2.job.index_feed_generators: listRecords failed repo=did:plc:xd7fl6uzl4ijkapivrqcdwng err=HttpError('InvalidRequest: Could not find repo: did:plc:xd7fl6uzl4ijkapivrqcdwng')
2026-03-05T19:47:59Z WARNING bsky_collector_v2.job.index_feed_generators: listRecords failed repo=did:plc:yl3hwvsa4forhs4mqb762wqd err=HttpError('InvalidRequest: Could not find repo: did:plc:yl3hwvsa4forhs4mqb762wqd')
2026-03-05T19:47:59Z WARNING bsky_collector_v2.job.index_feed_generators: listRecords failed repo=did:plc:a25ncqghre4q7nswaatduue7 err=HttpError('InvalidRequest: Could not find repo: did:plc:a25ncqghre4q7nswaatduue7')
2026-03-05T19:47:59Z WARNING bsky_collector_v2.job.index_feed_generators: listRecords failed repo=did:plc:keg5wnv7nwwf26jcmaxnqt52 err=HttpError('InvalidRequest: Could not find repo: did:plc:keg5wnv7nwwf26jcmaxnqt52')
2026-03-05T19:47:59Z WARNING bsky_collector_v2.job.index_feed_generators: listRecords failed repo=did:plc:krupesitd7vcqgckmdpgszew err=HttpError('InvalidRequest: Could not find repo: did:plc:krupesitd7vcqgckmdpgszew')
2026-03-05T19:47:59Z WARNING bsky_collector_v2.job.index_feed_generators: listRecords failed repo=did:plc:nt4avkpnvwb7zs322o2tjxnd err=HttpError('InvalidRequest: Could not find repo: did:plc:nt4avkpnvwb7zs322o2tjxnd')
2026-03-05T19:47:59Z WARNING bsky_collector_v2.job.index_feed_generators: listRecords failed repo=did:plc:xd7fl6uzl4ijkapivrqcdwng err=HttpError('InvalidRequest: Could not find repo: did:plc:xd7fl6uzl4ijkapivrqcdwng')
2026-03-05T19:47:59Z WARNING bsky_collector_v2.job.index_feed_generators: listRecords failed repo=did:plc:yl3hwvsa4forhs4mqb762wqd err=HttpError('InvalidRequest: Could not find repo: did:plc:yl3hwvsa4forhs4mqb762wqd')
2026-03-05T19:48:00Z INFO bsky_collector_v2.job.index_feed_generators: enqueued repos page=13 mode=listRepos inserted=500 repos_returned=500 next_cursor=set
2026-03-05T19:48:19Z INFO bsky_collector_v2.job.index_feed_generators: indexed repo=did:plc:ahktkehz2b6ihedfidwwfvmb part=472 records=1 next_cursor=set
2026-03-05T19:48:29Z WARNING bsky_collector_v2.job.index_feed_generators: listRecords failed repo=did:plc:epn34nodpu5rghaptgcfwqkq err=HttpError('InvalidRequest: Could not find repo: did:plc:epn34nodpu5rghaptgcfwqkq')
2026-03-05T19:49:03Z WARNING bsky_collector_v2.job.index_feed_generators: listRecords failed repo=did:plc:m7qcm7s65oc5xjtc46r4kqci err=HttpError('InvalidRequest: Could not find repo: did:plc:m7qcm7s65oc5xjtc46r4kqci')
2026-03-05T19:49:42Z INFO bsky_collector_v2.job.index_feed_generators: indexed repo=did:plc:xr52ysbnojdf4mz2dwc2cjf5 part=473 records=1 next_cursor=set
2026-03-05T19:49:49Z WARNING bsky_collector_v2.job.index_feed_generators: listRecords failed repo=did:plc:epn34nodpu5rghaptgcfwqkq err=HttpError('InvalidRequest: Could not find repo: did:plc:epn34nodpu5rghaptgcfwqkq')
2026-03-05T19:49:49Z WARNING bsky_collector_v2.job.index_feed_generators: listRecords failed repo=did:plc:m7qcm7s65oc5xjtc46r4kqci err=HttpError('InvalidRequest: Could not find repo: did:plc:m7qcm7s65oc5xjtc46r4kqci')
2026-03-05T19:49:49Z WARNING bsky_collector_v2.job.index_feed_generators: listRecords failed repo=did:plc:epn34nodpu5rghaptgcfwqkq err=HttpError('InvalidRequest: Could not find repo: did:plc:epn34nodpu5rghaptgcfwqkq')
2026-03-05T19:49:49Z WARNING bsky_collector_v2.job.index_feed_generators: listRecords failed repo=did:plc:m7qcm7s65oc5xjtc46r4kqci err=HttpError('InvalidRequest: Could not find repo: did:plc:m7qcm7s65oc5xjtc46r4kqci')
2026-03-05T19:49:50Z INFO bsky_collector_v2.job.index_feed_generators: enqueued repos page=14 mode=listRepos inserted=500 repos_returned=500 next_cursor=set
2026-03-05T19:50:56Z WARNING bsky_collector_v2.job.index_feed_generators: listRecords failed repo=did:plc:ptdwfbxuistaxfjqbztpvtvq err=HttpError('InvalidRequest: Could not find repo: did:plc:ptdwfbxuistaxfjqbztpvtvq')
2026-03-05T19:51:23Z WARNING bsky_collector_v2.job.index_feed_generators: listRecords failed repo=did:plc:ptdwfbxuistaxfjqbztpvtvq err=HttpError('InvalidRequest: Could not find repo: did:plc:ptdwfbxuistaxfjqbztpvtvq')
2026-03-05T19:51:23Z WARNING bsky_collector_v2.job.index_feed_generators: listRecords failed repo=did:plc:ptdwfbxuistaxfjqbztpvtvq err=HttpError('InvalidRequest: Could not find repo: did:plc:ptdwfbxuistaxfjqbztpvtvq')
2026-03-05T19:51:24Z INFO bsky_collector_v2.job.index_feed_generators: enqueued repos page=15 mode=listRepos inserted=500 repos_returned=500 next_cursor=set
2026-03-05T19:52:01Z WARNING bsky_collector_v2.job.index_feed_generators: listRecords failed repo=did:plc:hwe3gmwiczsqi437dotakcoy err=HttpError('InvalidRequest: Could not find repo: did:plc:hwe3gmwiczsqi437dotakcoy')
2026-03-05T19:52:36Z WARNING bsky_collector_v2.job.index_feed_generators: listRecords failed repo=did:plc:qsm4jlakzfzrdwwjshsvh6kt err=HttpError('InvalidRequest: Could not find repo: did:plc:qsm4jlakzfzrdwwjshsvh6kt')
2026-03-05T19:52:54Z WARNING bsky_collector_v2.job.index_feed_generators: listRecords failed repo=did:plc:vklxatswspsvqvcxdgt22xld err=HttpError('InvalidRequest: Could not find repo: did:plc:vklxatswspsvqvcxdgt22xld')
2026-03-05T19:53:09Z WARNING bsky_collector_v2.job.index_feed_generators: listRecords failed repo=did:plc:hwe3gmwiczsqi437dotakcoy err=HttpError('InvalidRequest: Could not find repo: did:plc:hwe3gmwiczsqi437dotakcoy')
2026-03-05T19:53:09Z WARNING bsky_collector_v2.job.index_feed_generators: listRecords failed repo=did:plc:qsm4jlakzfzrdwwjshsvh6kt err=HttpError('InvalidRequest: Could not find repo: did:plc:qsm4jlakzfzrdwwjshsvh6kt')
2026-03-05T19:53:10Z WARNING bsky_collector_v2.job.index_feed_generators: listRecords failed repo=did:plc:vklxatswspsvqvcxdgt22xld err=HttpError('InvalidRequest: Could not find repo: did:plc:vklxatswspsvqvcxdgt22xld')
2026-03-05T19:53:10Z WARNING bsky_collector_v2.job.index_feed_generators: listRecords failed repo=did:plc:hwe3gmwiczsqi437dotakcoy err=HttpError('InvalidRequest: Could not find repo: did:plc:hwe3gmwiczsqi437dotakcoy')
2026-03-05T19:53:10Z WARNING bsky_collector_v2.job.index_feed_generators: listRecords failed repo=did:plc:qsm4jlakzfzrdwwjshsvh6kt err=HttpError('InvalidRequest: Could not find repo: did:plc:qsm4jlakzfzrdwwjshsvh6kt')
2026-03-05T19:53:10Z WARNING bsky_collector_v2.job.index_feed_generators: listRecords failed repo=did:plc:vklxatswspsvqvcxdgt22xld err=HttpError('InvalidRequest: Could not find repo: did:plc:vklxatswspsvqvcxdgt22xld')
2026-03-05T19:53:11Z INFO bsky_collector_v2.job.index_feed_generators: enqueued repos page=16 mode=listRepos inserted=500 repos_returned=500 next_cursor=set
2026-03-05T19:53:40Z WARNING bsky_collector_v2.job.index_feed_generators: listRecords failed repo=did:plc:bixgyfg3acuzml26c4lkz6go err=HttpError('InvalidRequest: Could not find repo: did:plc:bixgyfg3acuzml26c4lkz6go')
2026-03-05T19:53:59Z WARNING bsky_collector_v2.job.index_feed_generators: listRecords failed repo=did:plc:hrx2vaiidsonkvakakax7dyq err=HttpError('InvalidRequest: Could not find repo: did:plc:hrx2vaiidsonkvakakax7dyq')
2026-03-05T19:54:58Z WARNING bsky_collector_v2.job.index_feed_generators: listRecords failed repo=did:plc:bixgyfg3acuzml26c4lkz6go err=HttpError('InvalidRequest: Could not find repo: did:plc:bixgyfg3acuzml26c4lkz6go')
2026-03-05T19:54:58Z WARNING bsky_collector_v2.job.index_feed_generators: listRecords failed repo=did:plc:hrx2vaiidsonkvakakax7dyq err=HttpError('InvalidRequest: Could not find repo: did:plc:hrx2vaiidsonkvakakax7dyq')
2026-03-05T19:54:58Z WARNING bsky_collector_v2.job.index_feed_generators: listRecords failed repo=did:plc:bixgyfg3acuzml26c4lkz6go err=HttpError('InvalidRequest: Could not find repo: did:plc:bixgyfg3acuzml26c4lkz6go')
2026-03-05T19:54:58Z WARNING bsky_collector_v2.job.index_feed_generators: listRecords failed repo=did:plc:hrx2vaiidsonkvakakax7dyq err=HttpError('InvalidRequest: Could not find repo: did:plc:hrx2vaiidsonkvakakax7dyq')
2026-03-05T19:54:58Z INFO bsky_collector_v2.job.index_feed_generators: enqueued repos page=17 mode=listRepos inserted=500 repos_returned=500 next_cursor=set
2026-03-05T19:55:32Z INFO bsky_collector_v2.job.index_feed_generators: indexed repo=did:plc:d3bucl7whyojf2ijw3owmsn7 part=474 records=1 next_cursor=set
2026-03-05T19:55:37Z INFO bsky_collector_v2.job.index_feed_generators: indexed repo=did:plc:dz3eagt7azqewdt2emqnu74c part=475 records=1 next_cursor=set
2026-03-05T19:55:47Z WARNING bsky_collector_v2.job.index_feed_generators: listRecords failed repo=did:plc:g2esprhzsyuae2sloaneqyx3 err=HttpError('InvalidRequest: Could not find repo: did:plc:g2esprhzsyuae2sloaneqyx3')
2026-03-05T19:55:56Z WARNING bsky_collector_v2.job.index_feed_generators: listRecords failed repo=did:plc:iazjh2hog77bttdlonqcq7nu err=HttpError('InvalidRequest: Could not find repo: did:plc:iazjh2hog77bttdlonqcq7nu')
2026-03-05T19:56:40Z WARNING bsky_collector_v2.job.index_feed_generators: listRecords failed repo=did:plc:vfltv5e7bwcn3vvfidgzrjui err=HttpError('InvalidRequest: Could not find repo: did:plc:vfltv5e7bwcn3vvfidgzrjui')
2026-03-05T19:56:42Z WARNING bsky_collector_v2.job.index_feed_generators: listRecords failed repo=did:plc:vv4ryyjvkduu34wf4bmmz6gr err=HttpError('InvalidRequest: Could not find repo: did:plc:vv4ryyjvkduu34wf4bmmz6gr')
2026-03-05T19:56:53Z WARNING bsky_collector_v2.job.index_feed_generators: listRecords failed repo=did:plc:g2esprhzsyuae2sloaneqyx3 err=HttpError('InvalidRequest: Could not find repo: did:plc:g2esprhzsyuae2sloaneqyx3')
2026-03-05T19:56:53Z WARNING bsky_collector_v2.job.index_feed_generators: listRecords failed repo=did:plc:iazjh2hog77bttdlonqcq7nu err=HttpError('InvalidRequest: Could not find repo: did:plc:iazjh2hog77bttdlonqcq7nu')
2026-03-05T19:56:53Z WARNING bsky_collector_v2.job.index_feed_generators: listRecords failed repo=did:plc:vfltv5e7bwcn3vvfidgzrjui err=HttpError('InvalidRequest: Could not find repo: did:plc:vfltv5e7bwcn3vvfidgzrjui')
2026-03-05T19:56:53Z WARNING bsky_collector_v2.job.index_feed_generators: listRecords failed repo=did:plc:vv4ryyjvkduu34wf4bmmz6gr err=HttpError('InvalidRequest: Could not find repo: did:plc:vv4ryyjvkduu34wf4bmmz6gr')
2026-03-05T19:56:53Z WARNING bsky_collector_v2.job.index_feed_generators: listRecords failed repo=did:plc:g2esprhzsyuae2sloaneqyx3 err=HttpError('InvalidRequest: Could not find repo: did:plc:g2esprhzsyuae2sloaneqyx3')
2026-03-05T19:56:53Z WARNING bsky_collector_v2.job.index_feed_generators: listRecords failed repo=did:plc:iazjh2hog77bttdlonqcq7nu err=HttpError('InvalidRequest: Could not find repo: did:plc:iazjh2hog77bttdlonqcq7nu')
2026-03-05T19:56:53Z WARNING bsky_collector_v2.job.index_feed_generators: listRecords failed repo=did:plc:vfltv5e7bwcn3vvfidgzrjui err=HttpError('InvalidRequest: Could not find repo: did:plc:vfltv5e7bwcn3vvfidgzrjui')
2026-03-05T19:56:53Z WARNING bsky_collector_v2.job.index_feed_generators: listRecords failed repo=did:plc:vv4ryyjvkduu34wf4bmmz6gr err=HttpError('InvalidRequest: Could not find repo: did:plc:vv4ryyjvkduu34wf4bmmz6gr')
2026-03-05T19:56:54Z INFO bsky_collector_v2.job.index_feed_generators: enqueued repos page=18 mode=listRepos inserted=500 repos_returned=500 next_cursor=set
2026-03-05T19:57:28Z INFO bsky_collector_v2.job.index_feed_generators: indexed repo=did:plc:fo6edmy7besiecopvkn4lrk2 part=476 records=1 next_cursor=set
2026-03-05T19:57:32Z INFO bsky_collector_v2.job.index_feed_generators: indexed repo=did:plc:gxzgs24mgzzzq35lxggbhes5 part=477 records=1 next_cursor=set
2026-03-05T19:58:33Z WARNING bsky_collector_v2.job.index_feed_generators: listRecords failed repo=did:plc:vrk4xpr5kdknnaxo6o4mx6cn err=HttpError('InvalidRequest: Could not find repo: did:plc:vrk4xpr5kdknnaxo6o4mx6cn')
2026-03-05T19:58:40Z WARNING bsky_collector_v2.job.index_feed_generators: listRecords failed repo=did:plc:xvsiqd7xdgvsjbif3a3q6n5y err=HttpError('InvalidRequest: Could not find repo: did:plc:xvsiqd7xdgvsjbif3a3q6n5y')
2026-03-05T19:58:45Z WARNING bsky_collector_v2.job.index_feed_generators: listRecords failed repo=did:plc:zc64vhja2hwg52rulfkxi6cm err=HttpError('InvalidRequest: Could not find repo: did:plc:zc64vhja2hwg52rulfkxi6cm')
2026-03-05T19:58:47Z WARNING bsky_collector_v2.job.index_feed_generators: listRecords failed repo=did:plc:vrk4xpr5kdknnaxo6o4mx6cn err=HttpError('InvalidRequest: Could not find repo: did:plc:vrk4xpr5kdknnaxo6o4mx6cn')
2026-03-05T19:58:47Z WARNING bsky_collector_v2.job.index_feed_generators: listRecords failed repo=did:plc:xvsiqd7xdgvsjbif3a3q6n5y err=HttpError('InvalidRequest: Could not find repo: did:plc:xvsiqd7xdgvsjbif3a3q6n5y')
2026-03-05T19:58:47Z WARNING bsky_collector_v2.job.index_feed_generators: listRecords failed repo=did:plc:zc64vhja2hwg52rulfkxi6cm err=HttpError('InvalidRequest: Could not find repo: did:plc:zc64vhja2hwg52rulfkxi6cm')
2026-03-05T19:58:47Z WARNING bsky_collector_v2.job.index_feed_generators: listRecords failed repo=did:plc:vrk4xpr5kdknnaxo6o4mx6cn err=HttpError('InvalidRequest: Could not find repo: did:plc:vrk4xpr5kdknnaxo6o4mx6cn')
2026-03-05T19:58:47Z WARNING bsky_collector_v2.job.index_feed_generators: listRecords failed repo=did:plc:xvsiqd7xdgvsjbif3a3q6n5y err=HttpError('InvalidRequest: Could not find repo: did:plc:xvsiqd7xdgvsjbif3a3q6n5y')
2026-03-05T19:58:47Z WARNING bsky_collector_v2.job.index_feed_generators: listRecords failed repo=did:plc:zc64vhja2hwg52rulfkxi6cm err=HttpError('InvalidRequest: Could not find repo: did:plc:zc64vhja2hwg52rulfkxi6cm')
2026-03-05T19:58:48Z INFO bsky_collector_v2.job.index_feed_generators: enqueued repos page=19 mode=listRepos inserted=500 repos_returned=500 next_cursor=set
2026-03-05T19:59:36Z WARNING bsky_collector_v2.job.index_feed_generators: listRecords failed repo=did:plc:jqj6uhtnj3yzcbwo5tchlxe6 err=HttpError('InvalidRequest: Could not find repo: did:plc:jqj6uhtnj3yzcbwo5tchlxe6')
2026-03-05T19:59:47Z WARNING bsky_collector_v2.job.index_feed_generators: listRecords failed repo=did:plc:nikx7hv6lifh22tulqib7jt3 err=HttpError('InvalidRequest: Could not find repo: did:plc:nikx7hv6lifh22tulqib7jt3')
2026-03-05T19:59:53Z WARNING bsky_collector_v2.job.index_feed_generators: listRecords failed repo=did:plc:pp7l5ni4am63scz3af73sla7 err=HttpError('InvalidRequest: Could not find repo: did:plc:pp7l5ni4am63scz3af73sla7')
2026-03-05T20:00:33Z WARNING bsky_collector_v2.job.index_feed_generators: listRecords failed repo=did:plc:zrqwqe2eqy33ysl7csnacwoz err=HttpError('InvalidRequest: Could not find repo: did:plc:zrqwqe2eqy33ysl7csnacwoz')
2026-03-05T20:00:33Z WARNING bsky_collector_v2.job.index_feed_generators: listRecords failed repo=did:plc:jqj6uhtnj3yzcbwo5tchlxe6 err=HttpError('InvalidRequest: Could not find repo: did:plc:jqj6uhtnj3yzcbwo5tchlxe6')
2026-03-05T20:00:33Z WARNING bsky_collector_v2.job.index_feed_generators: listRecords failed repo=did:plc:nikx7hv6lifh22tulqib7jt3 err=HttpError('InvalidRequest: Could not find repo: did:plc:nikx7hv6lifh22tulqib7jt3')
2026-03-05T20:00:33Z WARNING bsky_collector_v2.job.index_feed_generators: listRecords failed repo=did:plc:pp7l5ni4am63scz3af73sla7 err=HttpError('InvalidRequest: Could not find repo: did:plc:pp7l5ni4am63scz3af73sla7')
2026-03-05T20:00:33Z WARNING bsky_collector_v2.job.index_feed_generators: listRecords failed repo=did:plc:zrqwqe2eqy33ysl7csnacwoz err=HttpError('InvalidRequest: Could not find repo: did:plc:zrqwqe2eqy33ysl7csnacwoz')
2026-03-05T20:00:33Z WARNING bsky_collector_v2.job.index_feed_generators: listRecords failed repo=did:plc:jqj6uhtnj3yzcbwo5tchlxe6 err=HttpError('InvalidRequest: Could not find repo: did:plc:jqj6uhtnj3yzcbwo5tchlxe6')
2026-03-05T20:00:34Z WARNING bsky_collector_v2.job.index_feed_generators: listRecords failed repo=did:plc:nikx7hv6lifh22tulqib7jt3 err=HttpError('InvalidRequest: Could not find repo: did:plc:nikx7hv6lifh22tulqib7jt3')
2026-03-05T20:00:34Z WARNING bsky_collector_v2.job.index_feed_generators: listRecords failed repo=did:plc:pp7l5ni4am63scz3af73sla7 err=HttpError('InvalidRequest: Could not find repo: did:plc:pp7l5ni4am63scz3af73sla7')
2026-03-05T20:00:34Z WARNING bsky_collector_v2.job.index_feed_generators: listRecords failed repo=did:plc:zrqwqe2eqy33ysl7csnacwoz err=HttpError('InvalidRequest: Could not find repo: did:plc:zrqwqe2eqy33ysl7csnacwoz')
2026-03-05T20:00:34Z INFO bsky_collector_v2.job.index_feed_generators: enqueued repos page=20 mode=listRepos inserted=500 repos_returned=500 next_cursor=set
2026-03-05T20:00:40Z INFO bsky_collector_v2.job.index_feed_generators: indexed repo=did:plc:4mj7kb24j5tm7nxgkhptbc2l part=478 records=1 next_cursor=set
2026-03-05T20:00:47Z WARNING bsky_collector_v2.job.index_feed_generators: listRecords failed repo=did:plc:6y6iyjnk35i7pv3lelcxp536 err=HttpError('InvalidRequest: Could not find repo: did:plc:6y6iyjnk35i7pv3lelcxp536')
2026-03-05T20:00:52Z INFO bsky_collector_v2.job.index_feed_generators: indexed repo=did:plc:a6cuweuuw2znfyr77v732e62 part=479 records=1 next_cursor=set
2026-03-05T20:02:09Z WARNING bsky_collector_v2.job.index_feed_generators: listRecords failed repo=did:plc:6y6iyjnk35i7pv3lelcxp536 err=HttpError('InvalidRequest: Could not find repo: did:plc:6y6iyjnk35i7pv3lelcxp536')
2026-03-05T20:02:10Z WARNING bsky_collector_v2.job.index_feed_generators: listRecords failed repo=did:plc:6y6iyjnk35i7pv3lelcxp536 err=HttpError('InvalidRequest: Could not find repo: did:plc:6y6iyjnk35i7pv3lelcxp536')
2026-03-05T20:02:10Z INFO bsky_collector_v2.job.index_feed_generators: enqueued repos page=21 mode=listRepos inserted=500 repos_returned=500 next_cursor=set
2026-03-05T20:02:10Z INFO bsky_collector_v2.job.index_feed_generators: indexed repo=did:plc:25f6p6somrfuqw2rdvr34sge part=480 records=1 next_cursor=set
2026-03-05T20:04:05Z WARNING bsky_collector_v2.job.index_feed_generators: listRecords failed repo=did:plc:zewrpm6xpi3xdpg5ezta6j5e err=HttpError('InvalidRequest: Could not find repo: did:plc:zewrpm6xpi3xdpg5ezta6j5e')
2026-03-05T20:04:06Z WARNING bsky_collector_v2.job.index_feed_generators: listRecords failed repo=did:plc:zewrpm6xpi3xdpg5ezta6j5e err=HttpError('InvalidRequest: Could not find repo: did:plc:zewrpm6xpi3xdpg5ezta6j5e')
2026-03-05T20:04:06Z WARNING bsky_collector_v2.job.index_feed_generators: listRecords failed repo=did:plc:zewrpm6xpi3xdpg5ezta6j5e err=HttpError('InvalidRequest: Could not find repo: did:plc:zewrpm6xpi3xdpg5ezta6j5e')
2026-03-05T20:04:06Z INFO bsky_collector_v2.job.index_feed_generators: enqueued repos page=22 mode=listRepos inserted=500 repos_returned=500 next_cursor=set
2026-03-05T20:04:40Z WARNING bsky_collector_v2.job.index_feed_generators: listRecords failed repo=did:plc:f7mg4hkkeg67s6yjnksuo3gh err=HttpError('InvalidRequest: Could not find repo: did:plc:f7mg4hkkeg67s6yjnksuo3gh')
2026-03-05T20:05:21Z WARNING bsky_collector_v2.job.index_feed_generators: listRecords failed repo=did:plc:qsgeo2lluawvydqs2ywslwqs err=HttpError('InvalidRequest: Could not find repo: did:plc:qsgeo2lluawvydqs2ywslwqs')
2026-03-05T20:05:45Z WARNING bsky_collector_v2.job.index_feed_generators: listRecords failed repo=did:plc:f7mg4hkkeg67s6yjnksuo3gh err=HttpError('InvalidRequest: Could not find repo: did:plc:f7mg4hkkeg67s6yjnksuo3gh')
2026-03-05T20:05:46Z WARNING bsky_collector_v2.job.index_feed_generators: listRecords failed repo=did:plc:qsgeo2lluawvydqs2ywslwqs err=HttpError('InvalidRequest: Could not find repo: did:plc:qsgeo2lluawvydqs2ywslwqs')
2026-03-05T20:05:46Z WARNING bsky_collector_v2.job.index_feed_generators: listRecords failed repo=did:plc:f7mg4hkkeg67s6yjnksuo3gh err=HttpError('InvalidRequest: Could not find repo: did:plc:f7mg4hkkeg67s6yjnksuo3gh')
2026-03-05T20:05:46Z WARNING bsky_collector_v2.job.index_feed_generators: listRecords failed repo=did:plc:qsgeo2lluawvydqs2ywslwqs err=HttpError('InvalidRequest: Could not find repo: did:plc:qsgeo2lluawvydqs2ywslwqs')
2026-03-05T20:05:46Z INFO bsky_collector_v2.job.index_feed_generators: enqueued repos page=23 mode=listRepos inserted=500 repos_returned=500 next_cursor=set
2026-03-05T20:06:44Z WARNING bsky_collector_v2.job.index_feed_generators: listRecords failed repo=did:plc:mgv7k7osf6jbctqf6gecwel6 err=HttpError('InvalidRequest: Could not find repo: did:plc:mgv7k7osf6jbctqf6gecwel6')
2026-03-05T20:07:19Z WARNING bsky_collector_v2.job.index_feed_generators: listRecords failed repo=did:plc:mgv7k7osf6jbctqf6gecwel6 err=HttpError('InvalidRequest: Could not find repo: did:plc:mgv7k7osf6jbctqf6gecwel6')
2026-03-05T20:07:19Z WARNING bsky_collector_v2.job.index_feed_generators: listRecords failed repo=did:plc:mgv7k7osf6jbctqf6gecwel6 err=HttpError('InvalidRequest: Could not find repo: did:plc:mgv7k7osf6jbctqf6gecwel6')
2026-03-05T20:07:20Z INFO bsky_collector_v2.job.index_feed_generators: enqueued repos page=24 mode=listRepos inserted=500 repos_returned=500 next_cursor=set
2026-03-05T20:07:28Z WARNING bsky_collector_v2.job.index_feed_generators: listRecords failed repo=did:plc:53gzaocaamn7drayyvvfyucg err=HttpError('InvalidRequest: Could not find repo: did:plc:53gzaocaamn7drayyvvfyucg')
2026-03-05T20:07:33Z WARNING bsky_collector_v2.job.index_feed_generators: listRecords failed repo=did:plc:742ai3hv7em3a54wtmhvdfek err=HttpError('InvalidRequest: Could not find repo: did:plc:742ai3hv7em3a54wtmhvdfek')
2026-03-05T20:09:04Z WARNING bsky_collector_v2.job.index_feed_generators: listRecords failed repo=did:plc:53gzaocaamn7drayyvvfyucg err=HttpError('InvalidRequest: Could not find repo: did:plc:53gzaocaamn7drayyvvfyucg')
2026-03-05T20:09:05Z WARNING bsky_collector_v2.job.index_feed_generators: listRecords failed repo=did:plc:742ai3hv7em3a54wtmhvdfek err=HttpError('InvalidRequest: Could not find repo: did:plc:742ai3hv7em3a54wtmhvdfek')
2026-03-05T20:09:05Z WARNING bsky_collector_v2.job.index_feed_generators: listRecords failed repo=did:plc:53gzaocaamn7drayyvvfyucg err=HttpError('InvalidRequest: Could not find repo: did:plc:53gzaocaamn7drayyvvfyucg')
2026-03-05T20:09:05Z WARNING bsky_collector_v2.job.index_feed_generators: listRecords failed repo=did:plc:742ai3hv7em3a54wtmhvdfek err=HttpError('InvalidRequest: Could not find repo: did:plc:742ai3hv7em3a54wtmhvdfek')
2026-03-05T20:09:05Z INFO bsky_collector_v2.job.index_feed_generators: enqueued repos page=25 mode=listRepos inserted=500 repos_returned=500 next_cursor=set
2026-03-05T20:09:06Z INFO bsky_collector_v2.job.index_feed_generators: indexed repo=did:plc:2gefq7l5y2fnh5f6g3ysunmy part=481 records=1 next_cursor=set
2026-03-05T20:10:20Z INFO bsky_collector_v2.job.index_feed_generators: indexed repo=did:plc:r5fwsc24senhm337g4ogyjbj part=482 records=2 next_cursor=set
2026-03-05T20:10:47Z INFO bsky_collector_v2.job.index_feed_generators: enqueued repos page=26 mode=listRepos inserted=500 repos_returned=500 next_cursor=set
2026-03-05T20:11:41Z WARNING bsky_collector_v2.job.index_feed_generators: listRecords failed repo=did:plc:jrlsnyqpo7zrrgc3bdtjsg2r err=HttpError('InvalidRequest: Could not find repo: did:plc:jrlsnyqpo7zrrgc3bdtjsg2r')
2026-03-05T20:12:28Z WARNING bsky_collector_v2.job.index_feed_generators: listRecords failed repo=did:plc:yzdnyn4f6ie6exb4dkgnccyo err=HttpError('InvalidRequest: Could not find repo: did:plc:yzdnyn4f6ie6exb4dkgnccyo')
2026-03-05T20:12:32Z WARNING bsky_collector_v2.job.index_feed_generators: listRecords failed repo=did:plc:jrlsnyqpo7zrrgc3bdtjsg2r err=HttpError('InvalidRequest: Could not find repo: did:plc:jrlsnyqpo7zrrgc3bdtjsg2r')
2026-03-05T20:12:32Z WARNING bsky_collector_v2.job.index_feed_generators: listRecords failed repo=did:plc:yzdnyn4f6ie6exb4dkgnccyo err=HttpError('InvalidRequest: Could not find repo: did:plc:yzdnyn4f6ie6exb4dkgnccyo')
2026-03-05T20:12:32Z WARNING bsky_collector_v2.job.index_feed_generators: listRecords failed repo=did:plc:jrlsnyqpo7zrrgc3bdtjsg2r err=HttpError('InvalidRequest: Could not find repo: did:plc:jrlsnyqpo7zrrgc3bdtjsg2r')
2026-03-05T20:12:32Z WARNING bsky_collector_v2.job.index_feed_generators: listRecords failed repo=did:plc:yzdnyn4f6ie6exb4dkgnccyo err=HttpError('InvalidRequest: Could not find repo: did:plc:yzdnyn4f6ie6exb4dkgnccyo')
2026-03-05T20:12:32Z INFO bsky_collector_v2.job.index_feed_generators: enqueued repos page=27 mode=listRepos inserted=500 repos_returned=500 next_cursor=set
2026-03-05T20:14:15Z INFO bsky_collector_v2.job.index_feed_generators: enqueued repos page=28 mode=listRepos inserted=500 repos_returned=500 next_cursor=set
2026-03-05T20:14:18Z WARNING bsky_collector_v2.job.index_feed_generators: listRecords failed repo=did:plc:3e4reeadrg3mwdod4hfaam3e err=HttpError('InvalidRequest: Could not find repo: did:plc:3e4reeadrg3mwdod4hfaam3e')
2026-03-05T20:15:07Z WARNING bsky_collector_v2.job.index_feed_generators: listRecords failed repo=did:plc:jqo244vgx3kkavgi7ackiqsl err=HttpError('InvalidRequest: Could not find repo: did:plc:jqo244vgx3kkavgi7ackiqsl')
2026-03-05T20:15:39Z WARNING bsky_collector_v2.job.index_feed_generators: listRecords failed repo=did:plc:v2geaun56nzqr2v5bschev2h err=HttpError('InvalidRequest: Could not find repo: did:plc:v2geaun56nzqr2v5bschev2h')
2026-03-05T20:15:55Z WARNING bsky_collector_v2.job.index_feed_generators: listRecords failed repo=did:plc:3e4reeadrg3mwdod4hfaam3e err=HttpError('InvalidRequest: Could not find repo: did:plc:3e4reeadrg3mwdod4hfaam3e')
2026-03-05T20:15:55Z WARNING bsky_collector_v2.job.index_feed_generators: listRecords failed repo=did:plc:jqo244vgx3kkavgi7ackiqsl err=HttpError('InvalidRequest: Could not find repo: did:plc:jqo244vgx3kkavgi7ackiqsl')
2026-03-05T20:15:56Z WARNING bsky_collector_v2.job.index_feed_generators: listRecords failed repo=did:plc:v2geaun56nzqr2v5bschev2h err=HttpError('InvalidRequest: Could not find repo: did:plc:v2geaun56nzqr2v5bschev2h')
2026-03-05T20:15:56Z WARNING bsky_collector_v2.job.index_feed_generators: listRecords failed repo=did:plc:3e4reeadrg3mwdod4hfaam3e err=HttpError('InvalidRequest: Could not find repo: did:plc:3e4reeadrg3mwdod4hfaam3e')
2026-03-05T20:15:56Z WARNING bsky_collector_v2.job.index_feed_generators: listRecords failed repo=did:plc:jqo244vgx3kkavgi7ackiqsl err=HttpError('InvalidRequest: Could not find repo: did:plc:jqo244vgx3kkavgi7ackiqsl')
2026-03-05T20:15:56Z WARNING bsky_collector_v2.job.index_feed_generators: listRecords failed repo=did:plc:v2geaun56nzqr2v5bschev2h err=HttpError('InvalidRequest: Could not find repo: did:plc:v2geaun56nzqr2v5bschev2h')
2026-03-05T20:15:56Z INFO bsky_collector_v2.job.index_feed_generators: enqueued repos page=29 mode=listRepos inserted=500 repos_returned=500 next_cursor=set
2026-03-05T20:16:11Z INFO bsky_collector_v2.job.index_feed_generators: indexed repo=did:plc:76gtcco6462ioskjfcpof5cj part=483 records=1 next_cursor=set
2026-03-05T20:17:12Z INFO bsky_collector_v2.job.index_feed_generators: indexed repo=did:plc:sq4hoppqjl23ckql6psg2r5l part=484 records=6 next_cursor=set
2026-03-05T20:17:33Z INFO bsky_collector_v2.job.index_feed_generators: indexed repo=did:plc:z4cplfwnj6do5jkyzizq2sbj part=485 records=1 next_cursor=set
2026-03-05T20:17:37Z INFO bsky_collector_v2.job.index_feed_generators: enqueued repos page=30 mode=listRepos inserted=500 repos_returned=500 next_cursor=set
2026-03-05T20:18:30Z WARNING bsky_collector_v2.job.index_feed_generators: listRecords failed repo=did:plc:kdjklvav4lwlppctahf2wamw err=HttpError('InvalidRequest: Could not find repo: did:plc:kdjklvav4lwlppctahf2wamw')
2026-03-05T20:19:17Z WARNING bsky_collector_v2.job.index_feed_generators: listRecords failed repo=did:plc:kdjklvav4lwlppctahf2wamw err=HttpError('InvalidRequest: Could not find repo: did:plc:kdjklvav4lwlppctahf2wamw')
2026-03-05T20:19:18Z WARNING bsky_collector_v2.job.index_feed_generators: listRecords failed repo=did:plc:kdjklvav4lwlppctahf2wamw err=HttpError('InvalidRequest: Could not find repo: did:plc:kdjklvav4lwlppctahf2wamw')
2026-03-05T20:19:18Z INFO bsky_collector_v2.job.index_feed_generators: enqueued repos page=31 mode=listRepos inserted=500 repos_returned=500 next_cursor=set
