2026-02-25T04:14:18Z INFO bsky_collector_v2: out_base ok path=D:\BlueSky\data_v2_full mount=D:\
2026-02-25T04:14:18Z INFO bsky_collector_v2: job start subcommand=index-feed-generators dry_run=False resume=True
2026-02-25T04:14:19Z INFO bsky_collector_v2.job.index_feed_generators: feed generator index hosts relay_host=https://bsky.network records_host=https://bsky.social auth=yes
2026-02-25T04:14:26Z WARNING bsky_collector_v2.job.index_feed_generators: listRecords failed repo=did:plc:bsczhzs7fkcdiekaeqc77hei err=HttpError('InvalidRequest: Could not find repo: did:plc:bsczhzs7fkcdiekaeqc77hei')
2026-02-25T04:14:32Z INFO bsky_collector_v2.job.index_feed_generators: indexed repo=did:plc:dirjmrevwxfkof64boqo5htf part=244 records=1 next_cursor=set
2026-02-25T04:14:38Z INFO bsky_collector_v2.job.index_feed_generators: indexed repo=did:plc:fcotsmblnp2qsdlalzodqgtn part=245 records=3 next_cursor=set
2026-02-25T04:14:42Z INFO bsky_collector_v2.job.index_feed_generators: indexed repo=did:plc:h7ruzz2ebt7ajblqijc7etih part=246 records=1 next_cursor=set
2026-02-25T04:15:22Z WARNING bsky_collector_v2.job.index_feed_generators: listRecords failed repo=did:plc:vbinsefv5jilmyjsgzs3v6tg err=HttpError('InvalidRequest: Could not find repo: did:plc:vbinsefv5jilmyjsgzs3v6tg')
2026-02-25T04:15:24Z WARNING bsky_collector_v2.job.index_feed_generators: listRecords failed repo=did:plc:w2jbvqhvmubh7b7edksbrxuo err=HttpError('InvalidRequest: Could not find repo: did:plc:w2jbvqhvmubh7b7edksbrxuo')
2026-02-25T04:15:37Z WARNING bsky_collector_v2.job.index_feed_generators: listRecords failed repo=did:plc:bsczhzs7fkcdiekaeqc77hei err=HttpError('InvalidRequest: Could not find repo: did:plc:bsczhzs7fkcdiekaeqc77hei')
2026-02-25T04:15:37Z WARNING bsky_collector_v2.job.index_feed_generators: listRecords failed repo=did:plc:vbinsefv5jilmyjsgzs3v6tg err=HttpError('InvalidRequest: Could not find repo: did:plc:vbinsefv5jilmyjsgzs3v6tg')
2026-02-25T04:15:37Z WARNING bsky_collector_v2.job.index_feed_generators: listRecords failed repo=did:plc:w2jbvqhvmubh7b7edksbrxuo err=HttpError('InvalidRequest: Could not find repo: did:plc:w2jbvqhvmubh7b7edksbrxuo')
2026-02-25T04:15:38Z WARNING bsky_collector_v2.job.index_feed_generators: listRecords failed repo=did:plc:bsczhzs7fkcdiekaeqc77hei err=HttpError('InvalidRequest: Could not find repo: did:plc:bsczhzs7fkcdiekaeqc77hei')
2026-02-25T04:15:38Z WARNING bsky_collector_v2.job.index_feed_generators: listRecords failed repo=did:plc:vbinsefv5jilmyjsgzs3v6tg err=HttpError('InvalidRequest: Could not find repo: did:plc:vbinsefv5jilmyjsgzs3v6tg')
2026-02-25T04:15:38Z WARNING bsky_collector_v2.job.index_feed_generators: listRecords failed repo=did:plc:w2jbvqhvmubh7b7edksbrxuo err=HttpError('InvalidRequest: Could not find repo: did:plc:w2jbvqhvmubh7b7edksbrxuo')
2026-02-25T04:15:39Z INFO bsky_collector_v2.job.index_feed_generators: enqueued repos page=1 mode=listRepos inserted=500 repos_returned=500 next_cursor=set
2026-02-25T04:15:39Z INFO bsky_collector_v2.job.index_feed_generators: indexed repo=did:plc:2ehpgrw2xovqrhstt4wtcjbf part=247 records=1 next_cursor=set
2026-02-25T04:17:08Z INFO bsky_collector_v2.job.index_feed_generators: indexed repo=did:plc:yvbyns3fawgkwa5mynddfvnq part=248 records=1 next_cursor=set
2026-02-25T04:17:13Z INFO bsky_collector_v2.job.index_feed_generators: enqueued repos page=2 mode=listRepos inserted=500 repos_returned=500 next_cursor=set
2026-02-25T04:17:26Z WARNING bsky_collector_v2.job.index_feed_generators: listRecords failed repo=did:plc:6qz4pn5lzy3tkthxx6xl4rhq err=HttpError('InvalidRequest: Could not find repo: did:plc:6qz4pn5lzy3tkthxx6xl4rhq')
2026-02-25T04:17:30Z INFO bsky_collector_v2.job.index_feed_generators: indexed repo=did:plc:amld52m4cgjuuhmer475xkcw part=249 records=2 next_cursor=set
2026-02-25T04:18:47Z WARNING bsky_collector_v2.job.index_feed_generators: listRecords failed repo=did:plc:6qz4pn5lzy3tkthxx6xl4rhq err=HttpError('InvalidRequest: Could not find repo: did:plc:6qz4pn5lzy3tkthxx6xl4rhq')
2026-02-25T04:18:47Z WARNING bsky_collector_v2.job.index_feed_generators: listRecords failed repo=did:plc:6qz4pn5lzy3tkthxx6xl4rhq err=HttpError('InvalidRequest: Could not find repo: did:plc:6qz4pn5lzy3tkthxx6xl4rhq')
2026-02-25T04:18:47Z INFO bsky_collector_v2.job.index_feed_generators: enqueued repos page=3 mode=listRepos inserted=500 repos_returned=500 next_cursor=set
2026-02-25T04:19:52Z WARNING bsky_collector_v2.job.index_feed_generators: listRecords failed repo=did:plc:pqkdjtmxbthk6cvhki3eadhl err=HttpError('InvalidRequest: Could not find repo: did:plc:pqkdjtmxbthk6cvhki3eadhl')
2026-02-25T04:20:01Z INFO bsky_collector_v2.job.index_feed_generators: indexed repo=did:plc:sgp4ij6sxqrgvi2miyysyzo5 part=250 records=3 next_cursor=set
2026-02-25T04:20:14Z WARNING bsky_collector_v2.job.index_feed_generators: listRecords failed repo=did:plc:xlg5lmml7r7slurzruq73fb3 err=HttpError('InvalidRequest: Could not find repo: did:plc:xlg5lmml7r7slurzruq73fb3')
2026-02-25T04:20:21Z WARNING bsky_collector_v2.job.index_feed_generators: listRecords failed repo=did:plc:pqkdjtmxbthk6cvhki3eadhl err=HttpError('InvalidRequest: Could not find repo: did:plc:pqkdjtmxbthk6cvhki3eadhl')
2026-02-25T04:20:22Z WARNING bsky_collector_v2.job.index_feed_generators: listRecords failed repo=did:plc:xlg5lmml7r7slurzruq73fb3 err=HttpError('InvalidRequest: Could not find repo: did:plc:xlg5lmml7r7slurzruq73fb3')
2026-02-25T04:20:22Z WARNING bsky_collector_v2.job.index_feed_generators: listRecords failed repo=did:plc:pqkdjtmxbthk6cvhki3eadhl err=HttpError('InvalidRequest: Could not find repo: did:plc:pqkdjtmxbthk6cvhki3eadhl')
2026-02-25T04:20:22Z WARNING bsky_collector_v2.job.index_feed_generators: listRecords failed repo=did:plc:xlg5lmml7r7slurzruq73fb3 err=HttpError('InvalidRequest: Could not find repo: did:plc:xlg5lmml7r7slurzruq73fb3')
2026-02-25T04:20:23Z INFO bsky_collector_v2.job.index_feed_generators: enqueued repos page=4 mode=listRepos inserted=500 repos_returned=500 next_cursor=set
2026-02-25T04:21:24Z INFO bsky_collector_v2.job.index_feed_generators: indexed repo=did:plc:pw47ndvtnmm3twpplg2vlu4d part=251 records=1 next_cursor=set
2026-02-25T04:21:29Z INFO bsky_collector_v2.job.index_feed_generators: indexed repo=did:plc:rs66xos7rdtco4xswk6opa26 part=252 records=1 next_cursor=set
2026-02-25T04:21:54Z INFO bsky_collector_v2.job.index_feed_generators: enqueued repos page=5 mode=listRepos inserted=500 repos_returned=500 next_cursor=set
2026-02-25T04:22:03Z INFO bsky_collector_v2.job.index_feed_generators: indexed repo=did:plc:434vkyc2v6isrkzcnz73ao4u part=253 records=1 next_cursor=set
2026-02-25T04:22:29Z WARNING bsky_collector_v2.job.index_feed_generators: listRecords failed repo=did:plc:fbodo6rsvxkjy2hqguhypt5i err=HttpError('InvalidRequest: Could not find repo: did:plc:fbodo6rsvxkjy2hqguhypt5i')
2026-02-25T04:23:30Z WARNING bsky_collector_v2.job.index_feed_generators: listRecords failed repo=did:plc:fbodo6rsvxkjy2hqguhypt5i err=HttpError('InvalidRequest: Could not find repo: did:plc:fbodo6rsvxkjy2hqguhypt5i')
2026-02-25T04:23:30Z WARNING bsky_collector_v2.job.index_feed_generators: listRecords failed repo=did:plc:fbodo6rsvxkjy2hqguhypt5i err=HttpError('InvalidRequest: Could not find repo: did:plc:fbodo6rsvxkjy2hqguhypt5i')
2026-02-25T04:23:30Z INFO bsky_collector_v2.job.index_feed_generators: enqueued repos page=6 mode=listRepos inserted=500 repos_returned=500 next_cursor=set
2026-02-25T04:23:53Z INFO bsky_collector_v2.job.index_feed_generators: indexed repo=did:plc:bs32lslqkfegycznr6ip5el6 part=254 records=5 next_cursor=set
2026-02-25T04:24:21Z INFO bsky_collector_v2.job.index_feed_generators: indexed repo=did:plc:j2m3cuirihxrxbnaljhhjljv part=255 records=1 next_cursor=set
2026-02-25T04:24:33Z WARNING bsky_collector_v2.job.index_feed_generators: listRecords failed repo=did:plc:n5pm4vggu475okayqvqipkoh err=HttpError('InvalidRequest: Could not find repo: did:plc:n5pm4vggu475okayqvqipkoh')
2026-02-25T04:24:34Z INFO bsky_collector_v2.job.index_feed_generators: indexed repo=did:plc:nfeqzj2zl6en723peevtyjw2 part=256 records=1 next_cursor=set
2026-02-25T04:25:21Z WARNING bsky_collector_v2.job.index_feed_generators: listRecords failed repo=did:plc:n5pm4vggu475okayqvqipkoh err=HttpError('InvalidRequest: Could not find repo: did:plc:n5pm4vggu475okayqvqipkoh')
2026-02-25T04:25:22Z WARNING bsky_collector_v2.job.index_feed_generators: listRecords failed repo=did:plc:n5pm4vggu475okayqvqipkoh err=HttpError('InvalidRequest: Could not find repo: did:plc:n5pm4vggu475okayqvqipkoh')
2026-02-25T04:25:22Z INFO bsky_collector_v2.job.index_feed_generators: enqueued repos page=7 mode=listRepos inserted=500 repos_returned=500 next_cursor=set
2026-02-25T04:26:57Z INFO bsky_collector_v2.job.index_feed_generators: indexed repo=did:plc:sywogp2zo4effubgb4nl3vkb part=257 records=1 next_cursor=set
2026-02-25T04:27:19Z INFO bsky_collector_v2.job.index_feed_generators: enqueued repos page=8 mode=listRepos inserted=500 repos_returned=500 next_cursor=set
2026-02-25T04:28:15Z INFO bsky_collector_v2.job.index_feed_generators: indexed repo=did:plc:mbgzyhozts5lxylgqn5kwcqv part=258 records=2 next_cursor=set
2026-02-25T04:28:50Z INFO bsky_collector_v2.job.index_feed_generators: indexed repo=did:plc:xv62i5i76an2bgj47jq3qrrp part=259 records=10 next_cursor=set
2026-02-25T04:28:56Z INFO bsky_collector_v2.job.index_feed_generators: enqueued repos page=9 mode=listRepos inserted=500 repos_returned=500 next_cursor=set
2026-02-25T04:28:57Z INFO bsky_collector_v2.job.index_feed_generators: indexed repo=did:plc:2egutjzcm7teqk5bfvso3b6c part=260 records=1 next_cursor=set
2026-02-25T04:29:33Z INFO bsky_collector_v2.job.index_feed_generators: indexed repo=did:plc:ghtlqts6gpgyuhhyfsqhqsu5 part=261 records=1 next_cursor=set
2026-02-25T04:29:56Z WARNING bsky_collector_v2.job.index_feed_generators: listRecords failed repo=did:plc:oukwm5fqoqg6avereykslwat err=HttpError('InvalidRequest: Could not find repo: did:plc:oukwm5fqoqg6avereykslwat')
2026-02-25T04:30:21Z WARNING bsky_collector_v2.job.index_feed_generators: listRecords failed repo=did:plc:wserhhruadbzda6qlwggwlls err=HttpError('InvalidRequest: Could not find repo: did:plc:wserhhruadbzda6qlwggwlls')
2026-02-25T04:30:30Z WARNING bsky_collector_v2.job.index_feed_generators: listRecords failed repo=did:plc:oukwm5fqoqg6avereykslwat err=HttpError('InvalidRequest: Could not find repo: did:plc:oukwm5fqoqg6avereykslwat')
2026-02-25T04:30:30Z WARNING bsky_collector_v2.job.index_feed_generators: listRecords failed repo=did:plc:wserhhruadbzda6qlwggwlls err=HttpError('InvalidRequest: Could not find repo: did:plc:wserhhruadbzda6qlwggwlls')
2026-02-25T04:30:30Z WARNING bsky_collector_v2.job.index_feed_generators: listRecords failed repo=did:plc:oukwm5fqoqg6avereykslwat err=HttpError('InvalidRequest: Could not find repo: did:plc:oukwm5fqoqg6avereykslwat')
2026-02-25T04:30:30Z WARNING bsky_collector_v2.job.index_feed_generators: listRecords failed repo=did:plc:wserhhruadbzda6qlwggwlls err=HttpError('InvalidRequest: Could not find repo: did:plc:wserhhruadbzda6qlwggwlls')
2026-02-25T04:30:31Z INFO bsky_collector_v2.job.index_feed_generators: enqueued repos page=10 mode=listRepos inserted=500 repos_returned=500 next_cursor=set
2026-02-25T04:31:44Z WARNING bsky_collector_v2.job.index_feed_generators: listRecords failed repo=did:plc:pswez325a5746bufyr4jafja err=HttpError('InvalidRequest: Could not find repo: did:plc:pswez325a5746bufyr4jafja')
2026-02-25T04:31:49Z INFO bsky_collector_v2.job.index_feed_generators: indexed repo=did:plc:rpg3ktalus4f5ohbrcysxiyk part=262 records=2 next_cursor=set
2026-02-25T04:32:16Z WARNING bsky_collector_v2.job.index_feed_generators: listRecords failed repo=did:plc:pswez325a5746bufyr4jafja err=HttpError('InvalidRequest: Could not find repo: did:plc:pswez325a5746bufyr4jafja')
2026-02-25T04:32:16Z WARNING bsky_collector_v2.job.index_feed_generators: listRecords failed repo=did:plc:pswez325a5746bufyr4jafja err=HttpError('InvalidRequest: Could not find repo: did:plc:pswez325a5746bufyr4jafja')
2026-02-25T04:32:16Z INFO bsky_collector_v2.job.index_feed_generators: enqueued repos page=11 mode=listRepos inserted=500 repos_returned=500 next_cursor=set
2026-02-25T04:32:25Z INFO bsky_collector_v2.job.index_feed_generators: indexed repo=did:plc:5an5uov2l3lviol5rpw7ag2c part=263 records=1 next_cursor=set
2026-02-25T04:32:40Z INFO bsky_collector_v2.job.index_feed_generators: indexed repo=did:plc:7jj2rr3oxqk4sslh4l2jlgh6 part=264 records=1 next_cursor=set
2026-02-25T04:34:05Z INFO bsky_collector_v2.job.index_feed_generators: enqueued repos page=12 mode=listRepos inserted=500 repos_returned=500 next_cursor=set
2026-02-25T04:34:09Z INFO bsky_collector_v2.job.index_feed_generators: indexed repo=did:plc:3ux6wmhtxd5zdkwahlhgt3pc part=265 records=1 next_cursor=set
2026-02-25T04:34:11Z INFO bsky_collector_v2.job.index_feed_generators: indexed repo=did:plc:4ohogodxdernofx3m6lhcd2a part=266 records=9 next_cursor=set
2026-02-25T04:34:21Z INFO bsky_collector_v2.job.index_feed_generators: indexed repo=did:plc:7ntdhnooa7vr3dsxdgk73iua part=267 records=1 next_cursor=set
2026-02-25T04:34:35Z INFO bsky_collector_v2.job.index_feed_generators: indexed repo=did:plc:drum2tvrsinowspcexzpptfc part=268 records=1 next_cursor=set
2026-02-25T04:35:02Z WARNING bsky_collector_v2.job.index_feed_generators: listRecords failed repo=did:plc:nmobbqiafqfb3d3ovcjfih3j err=HttpError('InvalidRequest: Could not find repo: did:plc:nmobbqiafqfb3d3ovcjfih3j')
2026-02-25T04:36:01Z WARNING bsky_collector_v2.job.index_feed_generators: listRecords failed repo=did:plc:nmobbqiafqfb3d3ovcjfih3j err=HttpError('InvalidRequest: Could not find repo: did:plc:nmobbqiafqfb3d3ovcjfih3j')
2026-02-25T04:36:01Z WARNING bsky_collector_v2.job.index_feed_generators: listRecords failed repo=did:plc:nmobbqiafqfb3d3ovcjfih3j err=HttpError('InvalidRequest: Could not find repo: did:plc:nmobbqiafqfb3d3ovcjfih3j')
2026-02-25T04:36:02Z INFO bsky_collector_v2.job.index_feed_generators: enqueued repos page=13 mode=listRepos inserted=500 repos_returned=500 next_cursor=set
2026-02-25T04:36:19Z INFO bsky_collector_v2.job.index_feed_generators: indexed repo=did:plc:7hyj3x6jseclmm6u2nybu3zv part=269 records=2 next_cursor=set
2026-02-25T04:36:28Z INFO bsky_collector_v2.job.index_feed_generators: indexed repo=did:plc:ctch7is4r33r26rfoaonkh6w part=270 records=1 next_cursor=set
2026-02-25T04:36:51Z INFO bsky_collector_v2.job.index_feed_generators: indexed repo=did:plc:jr5ogdcro2wjj243qdayatoi part=271 records=2 next_cursor=set
2026-02-25T04:37:32Z INFO bsky_collector_v2.job.index_feed_generators: enqueued repos page=14 mode=listRepos inserted=500 repos_returned=500 next_cursor=set
2026-02-25T04:38:35Z WARNING bsky_collector_v2.job.index_feed_generators: listRecords failed repo=did:plc:nasddmougncpjihree4pfqk6 err=HttpError('InvalidRequest: Could not find repo: did:plc:nasddmougncpjihree4pfqk6')
2026-02-25T04:39:21Z WARNING bsky_collector_v2.job.index_feed_generators: listRecords failed repo=did:plc:nasddmougncpjihree4pfqk6 err=HttpError('InvalidRequest: Could not find repo: did:plc:nasddmougncpjihree4pfqk6')
2026-02-25T04:39:21Z WARNING bsky_collector_v2.job.index_feed_generators: listRecords failed repo=did:plc:nasddmougncpjihree4pfqk6 err=HttpError('InvalidRequest: Could not find repo: did:plc:nasddmougncpjihree4pfqk6')
2026-02-25T04:39:21Z INFO bsky_collector_v2.job.index_feed_generators: enqueued repos page=15 mode=listRepos inserted=500 repos_returned=500 next_cursor=set
2026-02-25T04:39:36Z INFO bsky_collector_v2.job.index_feed_generators: indexed repo=did:plc:7xxvdpmvy2hm6lmtzzoyugbu part=272 records=1 next_cursor=set
2026-02-25T04:40:33Z INFO bsky_collector_v2.job.index_feed_generators: indexed repo=did:plc:qn32e4pkpfdx3chirvbxuvgi part=273 records=1 next_cursor=set
2026-02-25T04:40:46Z WARNING bsky_collector_v2.job.index_feed_generators: listRecords failed repo=did:plc:uba4yfklg2mefdgzsegsrkdu err=HttpError('InvalidRequest: Could not find repo: did:plc:uba4yfklg2mefdgzsegsrkdu')
2026-02-25T04:40:57Z INFO bsky_collector_v2.job.index_feed_generators: indexed repo=did:plc:y25wdpl53bjx6l7wuukijeav part=274 records=1 next_cursor=set
2026-02-25T04:41:02Z WARNING bsky_collector_v2.job.index_feed_generators: listRecords failed repo=did:plc:uba4yfklg2mefdgzsegsrkdu err=HttpError('InvalidRequest: Could not find repo: did:plc:uba4yfklg2mefdgzsegsrkdu')
2026-02-25T04:41:02Z WARNING bsky_collector_v2.job.index_feed_generators: listRecords failed repo=did:plc:uba4yfklg2mefdgzsegsrkdu err=HttpError('InvalidRequest: Could not find repo: did:plc:uba4yfklg2mefdgzsegsrkdu')
2026-02-25T04:41:02Z INFO bsky_collector_v2.job.index_feed_generators: enqueued repos page=16 mode=listRepos inserted=500 repos_returned=500 next_cursor=set
2026-02-25T04:41:10Z INFO bsky_collector_v2.job.index_feed_generators: indexed repo=did:plc:3zzfd6neoz2hvdnjj5ozegbz part=275 records=2 next_cursor=set
2026-02-25T04:41:50Z INFO bsky_collector_v2.job.index_feed_generators: indexed repo=did:plc:id33ghkcy6yl7xvb5nrlnhpz part=276 records=1 next_cursor=set
2026-02-25T04:42:30Z INFO bsky_collector_v2.job.index_feed_generators: indexed repo=did:plc:wrsguboeqm2dip242ndqlfug part=277 records=1 next_cursor=set
2026-02-25T04:42:41Z INFO bsky_collector_v2.job.index_feed_generators: enqueued repos page=17 mode=listRepos inserted=500 repos_returned=500 next_cursor=set
2026-02-25T04:43:13Z INFO bsky_collector_v2.job.index_feed_generators: indexed repo=did:plc:fnd3e36yjxf7md5ijsqdy4we part=278 records=1 next_cursor=set
2026-02-25T04:43:17Z INFO bsky_collector_v2.job.index_feed_generators: indexed repo=did:plc:hhzxesq6x3nafa6pqjfdinrl part=279 records=1 next_cursor=set
2026-02-25T04:43:30Z INFO bsky_collector_v2.job.index_feed_generators: indexed repo=did:plc:kqywjzp7tszpxhb3p36o2dy2 part=280 records=1 next_cursor=set
2026-02-25T04:44:00Z INFO bsky_collector_v2.job.index_feed_generators: indexed repo=did:plc:tzeheqhnrsta3rnrp63jq4pg part=281 records=2 next_cursor=set
2026-02-25T04:44:22Z INFO bsky_collector_v2.job.index_feed_generators: enqueued repos page=18 mode=listRepos inserted=500 repos_returned=500 next_cursor=set
2026-02-25T04:45:00Z INFO bsky_collector_v2.job.index_feed_generators: indexed repo=did:plc:gkmh6zbmkuc3vdikybtgswsm part=282 records=3 next_cursor=set
2026-02-25T04:45:38Z WARNING bsky_collector_v2.job.index_feed_generators: listRecords failed repo=did:plc:sqxz7jucz4qmdkbzhqjlavjp err=HttpError('InvalidRequest: Could not find repo: did:plc:sqxz7jucz4qmdkbzhqjlavjp')
2026-02-25T04:45:56Z WARNING bsky_collector_v2.job.index_feed_generators: listRecords failed repo=did:plc:sqxz7jucz4qmdkbzhqjlavjp err=HttpError('InvalidRequest: Could not find repo: did:plc:sqxz7jucz4qmdkbzhqjlavjp')
2026-02-25T04:45:56Z WARNING bsky_collector_v2.job.index_feed_generators: listRecords failed repo=did:plc:sqxz7jucz4qmdkbzhqjlavjp err=HttpError('InvalidRequest: Could not find repo: did:plc:sqxz7jucz4qmdkbzhqjlavjp')
2026-02-25T04:45:57Z INFO bsky_collector_v2.job.index_feed_generators: enqueued repos page=19 mode=listRepos inserted=500 repos_returned=500 next_cursor=set
2026-02-25T04:46:14Z INFO bsky_collector_v2.job.index_feed_generators: indexed repo=did:plc:6awy5eoy74xxt6ivjqpi5y5n part=283 records=1 next_cursor=set
2026-02-25T04:46:38Z WARNING bsky_collector_v2.job.index_feed_generators: listRecords failed repo=did:plc:hhxmrl3xthsweu7sox6ucmmk err=HttpError('InvalidRequest: Could not find repo: did:plc:hhxmrl3xthsweu7sox6ucmmk')
2026-02-25T04:46:47Z WARNING bsky_collector_v2.job.index_feed_generators: listRecords failed repo=did:plc:lejuhy4ijv3h53xlq5wysssb err=HttpError('InvalidRequest: Could not find repo: did:plc:lejuhy4ijv3h53xlq5wysssb')
2026-02-25T04:46:54Z WARNING bsky_collector_v2.job.index_feed_generators: listRecords failed repo=did:plc:nnr4ii2pogaen5mutarz63ee err=HttpError('InvalidRequest: Could not find repo: did:plc:nnr4ii2pogaen5mutarz63ee')
2026-02-25T04:47:11Z INFO bsky_collector_v2.job.index_feed_generators: indexed repo=did:plc:ttirsqddk65cqs65v3udakzf part=284 records=1 next_cursor=set
2026-02-25T04:47:31Z WARNING bsky_collector_v2.job.index_feed_generators: listRecords failed repo=did:plc:hhxmrl3xthsweu7sox6ucmmk err=HttpError('InvalidRequest: Could not find repo: did:plc:hhxmrl3xthsweu7sox6ucmmk')
2026-02-25T04:47:31Z WARNING bsky_collector_v2.job.index_feed_generators: listRecords failed repo=did:plc:lejuhy4ijv3h53xlq5wysssb err=HttpError('InvalidRequest: Could not find repo: did:plc:lejuhy4ijv3h53xlq5wysssb')
2026-02-25T04:47:31Z WARNING bsky_collector_v2.job.index_feed_generators: listRecords failed repo=did:plc:nnr4ii2pogaen5mutarz63ee err=HttpError('InvalidRequest: Could not find repo: did:plc:nnr4ii2pogaen5mutarz63ee')
2026-02-25T04:47:31Z WARNING bsky_collector_v2.job.index_feed_generators: listRecords failed repo=did:plc:hhxmrl3xthsweu7sox6ucmmk err=HttpError('InvalidRequest: Could not find repo: did:plc:hhxmrl3xthsweu7sox6ucmmk')
2026-02-25T04:47:31Z WARNING bsky_collector_v2.job.index_feed_generators: listRecords failed repo=did:plc:lejuhy4ijv3h53xlq5wysssb err=HttpError('InvalidRequest: Could not find repo: did:plc:lejuhy4ijv3h53xlq5wysssb')
2026-02-25T04:47:32Z WARNING bsky_collector_v2.job.index_feed_generators: listRecords failed repo=did:plc:nnr4ii2pogaen5mutarz63ee err=HttpError('InvalidRequest: Could not find repo: did:plc:nnr4ii2pogaen5mutarz63ee')
2026-02-25T04:47:32Z INFO bsky_collector_v2.job.index_feed_generators: enqueued repos page=20 mode=listRepos inserted=500 repos_returned=500 next_cursor=set
2026-02-25T04:47:38Z WARNING bsky_collector_v2.job.index_feed_generators: listRecords failed repo=did:plc:3qmhgkapmqlhe75nnrhqeu6h err=HttpError('InvalidRequest: Could not find repo: did:plc:3qmhgkapmqlhe75nnrhqeu6h')
2026-02-25T04:47:51Z INFO bsky_collector_v2.job.index_feed_generators: indexed repo=did:plc:76hipw54ixc5xufudtz2d7gc part=285 records=1 next_cursor=set
2026-02-25T04:48:40Z INFO bsky_collector_v2.job.index_feed_generators: indexed repo=did:plc:nd2ak3edg73g7bynl3srvgdm part=286 records=1 next_cursor=set
2026-02-25T04:49:07Z WARNING bsky_collector_v2.job.index_feed_generators: listRecords failed repo=did:plc:wrhuvoczbstavbz7v6ahlwis err=HttpError('InvalidRequest: Could not find repo: did:plc:wrhuvoczbstavbz7v6ahlwis')
2026-02-25T04:49:16Z WARNING bsky_collector_v2.job.index_feed_generators: listRecords failed repo=did:plc:3qmhgkapmqlhe75nnrhqeu6h err=HttpError('InvalidRequest: Could not find repo: did:plc:3qmhgkapmqlhe75nnrhqeu6h')
2026-02-25T04:49:16Z WARNING bsky_collector_v2.job.index_feed_generators: listRecords failed repo=did:plc:wrhuvoczbstavbz7v6ahlwis err=HttpError('InvalidRequest: Could not find repo: did:plc:wrhuvoczbstavbz7v6ahlwis')
2026-02-25T04:49:16Z WARNING bsky_collector_v2.job.index_feed_generators: listRecords failed repo=did:plc:3qmhgkapmqlhe75nnrhqeu6h err=HttpError('InvalidRequest: Could not find repo: did:plc:3qmhgkapmqlhe75nnrhqeu6h')
2026-02-25T04:49:16Z WARNING bsky_collector_v2.job.index_feed_generators: listRecords failed repo=did:plc:wrhuvoczbstavbz7v6ahlwis err=HttpError('InvalidRequest: Could not find repo: did:plc:wrhuvoczbstavbz7v6ahlwis')
2026-02-25T04:49:17Z INFO bsky_collector_v2.job.index_feed_generators: enqueued repos page=21 mode=listRepos inserted=500 repos_returned=500 next_cursor=set
2026-02-25T04:49:54Z INFO bsky_collector_v2.job.index_feed_generators: indexed repo=did:plc:du7cvuphz7x6xt5ln42k3mvk part=287 records=1 next_cursor=set
2026-02-25T04:50:18Z INFO bsky_collector_v2.job.index_feed_generators: indexed repo=did:plc:l7wvuvmrgzmsev6etb742hir part=288 records=1 next_cursor=set
2026-02-25T04:50:30Z INFO bsky_collector_v2.job.index_feed_generators: indexed repo=did:plc:owuyxegofmvtfkhkffes4snq part=289 records=1 next_cursor=set
2026-02-25T04:50:59Z INFO bsky_collector_v2.job.index_feed_generators: enqueued repos page=22 mode=listRepos inserted=500 repos_returned=500 next_cursor=set
2026-02-25T04:51:58Z INFO bsky_collector_v2.job.index_feed_generators: indexed repo=did:plc:n4zvlbkvgmkv63mdyhjg2r5d part=290 records=1 next_cursor=set
2026-02-25T04:52:33Z INFO bsky_collector_v2.job.index_feed_generators: enqueued repos page=23 mode=listRepos inserted=500 repos_returned=500 next_cursor=set
2026-02-25T04:52:54Z INFO bsky_collector_v2.job.index_feed_generators: indexed repo=did:plc:cbjpvyjbvjkq4bm5zim23xss part=291 records=1 next_cursor=set
2026-02-25T04:53:04Z INFO bsky_collector_v2.job.index_feed_generators: indexed repo=did:plc:fgzy2oggofpko2ql5hdnyxul part=292 records=1 next_cursor=set
2026-02-25T04:54:22Z INFO bsky_collector_v2.job.index_feed_generators: indexed repo=did:plc:yqde7g7ccnmlkaxkkkwguiyq part=293 records=1 next_cursor=set
2026-02-25T04:54:26Z INFO bsky_collector_v2.job.index_feed_generators: enqueued repos page=24 mode=listRepos inserted=500 repos_returned=500 next_cursor=set
2026-02-25T04:54:29Z INFO bsky_collector_v2.job.index_feed_generators: indexed repo=did:plc:376i725tutknjjbr6sgphgr3 part=294 records=1 next_cursor=set
2026-02-25T04:55:09Z INFO bsky_collector_v2.job.index_feed_generators: indexed repo=did:plc:i3mkejeinllifdqrlpidz6as part=295 records=1 next_cursor=set
2026-02-25T04:55:52Z WARNING bsky_collector_v2.job.index_feed_generators: listRecords failed repo=did:plc:ygq3j4yme7aivue6mcuxhwvg err=HttpError('InvalidRequest: Could not find repo: did:plc:ygq3j4yme7aivue6mcuxhwvg')
2026-02-25T04:55:55Z WARNING bsky_collector_v2.job.index_feed_generators: listRecords failed repo=did:plc:ygq3j4yme7aivue6mcuxhwvg err=HttpError('InvalidRequest: Could not find repo: did:plc:ygq3j4yme7aivue6mcuxhwvg')
2026-02-25T04:55:55Z WARNING bsky_collector_v2.job.index_feed_generators: listRecords failed repo=did:plc:ygq3j4yme7aivue6mcuxhwvg err=HttpError('InvalidRequest: Could not find repo: did:plc:ygq3j4yme7aivue6mcuxhwvg')
2026-02-25T04:55:56Z INFO bsky_collector_v2.job.index_feed_generators: enqueued repos page=25 mode=listRepos inserted=500 repos_returned=500 next_cursor=set
2026-02-25T04:56:32Z WARNING bsky_collector_v2.job.index_feed_generators: listRecords failed repo=did:plc:hgmo2vd4op5la2f6hkotypso err=HttpError('InvalidRequest: Could not find repo: did:plc:hgmo2vd4op5la2f6hkotypso')
2026-02-25T04:57:11Z WARNING bsky_collector_v2.job.index_feed_generators: listRecords failed repo=did:plc:up273wcidvmrr7jdermxipn3 err=HttpError('InvalidRequest: Could not find repo: did:plc:up273wcidvmrr7jdermxipn3')
2026-02-25T04:57:12Z INFO bsky_collector_v2.job.index_feed_generators: indexed repo=did:plc:uw7gncuucaqy3rhvaplyrmnj part=296 records=1 next_cursor=set
2026-02-25T04:57:23Z WARNING bsky_collector_v2.job.index_feed_generators: listRecords failed repo=did:plc:hgmo2vd4op5la2f6hkotypso err=HttpError('InvalidRequest: Could not find repo: did:plc:hgmo2vd4op5la2f6hkotypso')
2026-02-25T04:57:23Z WARNING bsky_collector_v2.job.index_feed_generators: listRecords failed repo=did:plc:up273wcidvmrr7jdermxipn3 err=HttpError('InvalidRequest: Could not find repo: did:plc:up273wcidvmrr7jdermxipn3')
2026-02-25T04:57:23Z WARNING bsky_collector_v2.job.index_feed_generators: listRecords failed repo=did:plc:hgmo2vd4op5la2f6hkotypso err=HttpError('InvalidRequest: Could not find repo: did:plc:hgmo2vd4op5la2f6hkotypso')
2026-02-25T04:57:24Z WARNING bsky_collector_v2.job.index_feed_generators: listRecords failed repo=did:plc:up273wcidvmrr7jdermxipn3 err=HttpError('InvalidRequest: Could not find repo: did:plc:up273wcidvmrr7jdermxipn3')
2026-02-25T04:57:24Z INFO bsky_collector_v2.job.index_feed_generators: enqueued repos page=26 mode=listRepos inserted=500 repos_returned=500 next_cursor=set
2026-02-25T04:58:12Z INFO bsky_collector_v2.job.index_feed_generators: indexed repo=did:plc:l3gsv7dw7kwn34wa5baceaq2 part=297 records=2 next_cursor=set
2026-02-25T04:58:45Z INFO bsky_collector_v2.job.index_feed_generators: indexed repo=did:plc:vthstw3bo3ecbdrovliydnko part=298 records=1 next_cursor=set
2026-02-25T04:58:57Z INFO bsky_collector_v2.job.index_feed_generators: enqueued repos page=27 mode=listRepos inserted=500 repos_returned=500 next_cursor=set
2026-02-25T04:59:42Z WARNING bsky_collector_v2.job.index_feed_generators: listRecords failed repo=did:plc:ivy4qsi6ydfylw6xsuh55mxi err=HttpError('InvalidRequest: Could not find repo: did:plc:ivy4qsi6ydfylw6xsuh55mxi')
2026-02-25T04:59:50Z INFO bsky_collector_v2.job.index_feed_generators: indexed repo=did:plc:m5hf6dmp5cec5s2khx6itgkz part=299 records=1 next_cursor=set
2026-02-25T04:59:52Z WARNING bsky_collector_v2.job.index_feed_generators: listRecords failed repo=did:plc:myd3ldldenrq7zkxr4ov3yzw err=HttpError('InvalidRequest: Could not find repo: did:plc:myd3ldldenrq7zkxr4ov3yzw')
2026-02-25T04:59:54Z INFO bsky_collector_v2.job.index_feed_generators: indexed repo=did:plc:nfjruv43ayp74mu5psyfxdmy part=300 records=3 next_cursor=set
2026-02-25T04:59:55Z WARNING bsky_collector_v2.job.index_feed_generators: listRecords failed repo=did:plc:oa6v7xax7ncentsjka7axlfb err=HttpError('InvalidRequest: Could not find repo: did:plc:oa6v7xax7ncentsjka7axlfb')
2026-02-25T05:00:27Z WARNING bsky_collector_v2.job.index_feed_generators: listRecords failed repo=did:plc:yao2zj6kup7iz67kafncfbn2 err=HttpError('InvalidRequest: Could not find repo: did:plc:yao2zj6kup7iz67kafncfbn2')
2026-02-25T05:00:31Z INFO bsky_collector_v2.job.index_feed_generators: indexed repo=did:plc:z3yk2cflhmn6vmzo3f5ixqh4 part=301 records=7 next_cursor=set
2026-02-25T05:00:34Z WARNING bsky_collector_v2.job.index_feed_generators: listRecords failed repo=did:plc:ivy4qsi6ydfylw6xsuh55mxi err=HttpError('InvalidRequest: Could not find repo: did:plc:ivy4qsi6ydfylw6xsuh55mxi')
2026-02-25T05:00:34Z WARNING bsky_collector_v2.job.index_feed_generators: listRecords failed repo=did:plc:myd3ldldenrq7zkxr4ov3yzw err=HttpError('InvalidRequest: Could not find repo: did:plc:myd3ldldenrq7zkxr4ov3yzw')
2026-02-25T05:00:34Z WARNING bsky_collector_v2.job.index_feed_generators: listRecords failed repo=did:plc:oa6v7xax7ncentsjka7axlfb err=HttpError('InvalidRequest: Could not find repo: did:plc:oa6v7xax7ncentsjka7axlfb')
2026-02-25T05:00:34Z WARNING bsky_collector_v2.job.index_feed_generators: listRecords failed repo=did:plc:yao2zj6kup7iz67kafncfbn2 err=HttpError('InvalidRequest: Could not find repo: did:plc:yao2zj6kup7iz67kafncfbn2')
2026-02-25T05:00:35Z WARNING bsky_collector_v2.job.index_feed_generators: listRecords failed repo=did:plc:ivy4qsi6ydfylw6xsuh55mxi err=HttpError('InvalidRequest: Could not find repo: did:plc:ivy4qsi6ydfylw6xsuh55mxi')
2026-02-25T05:00:35Z WARNING bsky_collector_v2.job.index_feed_generators: listRecords failed repo=did:plc:myd3ldldenrq7zkxr4ov3yzw err=HttpError('InvalidRequest: Could not find repo: did:plc:myd3ldldenrq7zkxr4ov3yzw')
2026-02-25T05:00:35Z WARNING bsky_collector_v2.job.index_feed_generators: listRecords failed repo=did:plc:oa6v7xax7ncentsjka7axlfb err=HttpError('InvalidRequest: Could not find repo: did:plc:oa6v7xax7ncentsjka7axlfb')
2026-02-25T05:00:35Z WARNING bsky_collector_v2.job.index_feed_generators: listRecords failed repo=did:plc:yao2zj6kup7iz67kafncfbn2 err=HttpError('InvalidRequest: Could not find repo: did:plc:yao2zj6kup7iz67kafncfbn2')
2026-02-25T05:00:36Z INFO bsky_collector_v2.job.index_feed_generators: enqueued repos page=28 mode=listRepos inserted=500 repos_returned=500 next_cursor=set
2026-02-25T05:00:48Z INFO bsky_collector_v2.job.index_feed_generators: indexed repo=did:plc:6cug4tlqlyyljxkxrmi5kfc7 part=302 records=1 next_cursor=set
2026-02-25T05:02:10Z INFO bsky_collector_v2.job.index_feed_generators: enqueued repos page=29 mode=listRepos inserted=500 repos_returned=500 next_cursor=set
2026-02-25T05:03:02Z INFO bsky_collector_v2.job.index_feed_generators: indexed repo=did:plc:ltqa5rnv2tn5rtqbvypa633f part=303 records=1 next_cursor=set
2026-02-25T05:03:41Z INFO bsky_collector_v2.job.index_feed_generators: enqueued repos page=30 mode=listRepos inserted=500 repos_returned=500 next_cursor=set
2026-02-25T05:03:43Z WARNING bsky_collector_v2.job.index_feed_generators: listRecords failed repo=did:plc:2qfh5gmssoj742gx34xcv52m err=HttpError('InvalidRequest: Could not find repo: did:plc:2qfh5gmssoj742gx34xcv52m')
2026-02-25T05:04:30Z WARNING bsky_collector_v2.job.index_feed_generators: listRecords failed repo=did:plc:mm2dbtko5rukmiz3nm6whe75 err=HttpError('InvalidRequest: Could not find repo: did:plc:mm2dbtko5rukmiz3nm6whe75')
2026-02-25T05:04:36Z WARNING bsky_collector_v2.job.index_feed_generators: listRecords failed repo=did:plc:p665qlkdv7xiklapwa6m7hcl err=HttpError('InvalidRequest: Could not find repo: did:plc:p665qlkdv7xiklapwa6m7hcl')
2026-02-25T05:05:18Z WARNING bsky_collector_v2.job.index_feed_generators: listRecords failed repo=did:plc:2qfh5gmssoj742gx34xcv52m err=HttpError('InvalidRequest: Could not find repo: did:plc:2qfh5gmssoj742gx34xcv52m')
2026-02-25T05:05:18Z WARNING bsky_collector_v2.job.index_feed_generators: listRecords failed repo=did:plc:mm2dbtko5rukmiz3nm6whe75 err=HttpError('InvalidRequest: Could not find repo: did:plc:mm2dbtko5rukmiz3nm6whe75')
2026-02-25T05:05:18Z WARNING bsky_collector_v2.job.index_feed_generators: listRecords failed repo=did:plc:p665qlkdv7xiklapwa6m7hcl err=HttpError('InvalidRequest: Could not find repo: did:plc:p665qlkdv7xiklapwa6m7hcl')
2026-02-25T05:05:18Z WARNING bsky_collector_v2.job.index_feed_generators: listRecords failed repo=did:plc:2qfh5gmssoj742gx34xcv52m err=HttpError('InvalidRequest: Could not find repo: did:plc:2qfh5gmssoj742gx34xcv52m')
2026-02-25T05:05:18Z WARNING bsky_collector_v2.job.index_feed_generators: listRecords failed repo=did:plc:mm2dbtko5rukmiz3nm6whe75 err=HttpError('InvalidRequest: Could not find repo: did:plc:mm2dbtko5rukmiz3nm6whe75')
2026-02-25T05:05:18Z WARNING bsky_collector_v2.job.index_feed_generators: listRecords failed repo=did:plc:p665qlkdv7xiklapwa6m7hcl err=HttpError('InvalidRequest: Could not find repo: did:plc:p665qlkdv7xiklapwa6m7hcl')
2026-02-25T05:05:19Z INFO bsky_collector_v2.job.index_feed_generators: enqueued repos page=31 mode=listRepos inserted=500 repos_returned=500 next_cursor=set
2026-02-25T05:05:26Z INFO bsky_collector_v2.job.index_feed_generators: indexed repo=did:plc:4gnp2lknva55tks43e373bc2 part=304 records=6 next_cursor=set
2026-02-25T05:05:27Z INFO bsky_collector_v2.job.index_feed_generators: indexed repo=did:plc:4mwyunbzpuf5j7tefzsfcrvo part=305 records=10 next_cursor=set
2026-02-25T05:05:56Z INFO bsky_collector_v2.job.index_feed_generators: indexed repo=did:plc:id6d3tex6elag4zar7q4xdcf part=306 records=1 next_cursor=set
2026-02-25T05:06:03Z INFO bsky_collector_v2.job.index_feed_generators: indexed repo=did:plc:kcjngjudby37rvk522nfr5op part=307 records=1 next_cursor=set
2026-02-25T05:06:26Z INFO bsky_collector_v2.job.index_feed_generators: indexed repo=did:plc:slelkpsuvnjz3jsj7ikyr7jm part=308 records=5 next_cursor=set
2026-02-25T05:06:51Z INFO bsky_collector_v2.job.index_feed_generators: enqueued repos page=32 mode=listRepos inserted=500 repos_returned=500 next_cursor=set
2026-02-25T05:07:02Z INFO bsky_collector_v2.job.index_feed_generators: indexed repo=did:plc:5kzbibt3zljpefg6bacv26y7 part=309 records=2 next_cursor=set
2026-02-25T05:07:14Z WARNING bsky_collector_v2.job.index_feed_generators: listRecords failed repo=did:plc:bugjnqdr6yzug7r7bovlem3z err=HttpError('InvalidRequest: Could not find repo: did:plc:bugjnqdr6yzug7r7bovlem3z')
2026-02-25T05:07:39Z WARNING bsky_collector_v2.job.index_feed_generators: listRecords failed repo=did:plc:m6yjzpsxvue6uugpmzr7wosf err=HttpError('InvalidRequest: Could not find repo: did:plc:m6yjzpsxvue6uugpmzr7wosf')
2026-02-25T05:07:58Z WARNING bsky_collector_v2.job.index_feed_generators: listRecords failed repo=did:plc:sftt6vhl5htsdxbm4ba7w6fs err=HttpError('InvalidRequest: Could not find repo: did:plc:sftt6vhl5htsdxbm4ba7w6fs')
2026-02-25T05:08:15Z INFO bsky_collector_v2.job.index_feed_generators: indexed repo=did:plc:ygxc7x6f7u3smp3j4m67duvy part=310 records=1 next_cursor=set
2026-02-25T05:08:19Z WARNING bsky_collector_v2.job.index_feed_generators: listRecords failed repo=did:plc:bugjnqdr6yzug7r7bovlem3z err=HttpError('InvalidRequest: Could not find repo: did:plc:bugjnqdr6yzug7r7bovlem3z')
2026-02-25T05:08:19Z WARNING bsky_collector_v2.job.index_feed_generators: listRecords failed repo=did:plc:m6yjzpsxvue6uugpmzr7wosf err=HttpError('InvalidRequest: Could not find repo: did:plc:m6yjzpsxvue6uugpmzr7wosf')
2026-02-25T05:08:19Z WARNING bsky_collector_v2.job.index_feed_generators: listRecords failed repo=did:plc:sftt6vhl5htsdxbm4ba7w6fs err=HttpError('InvalidRequest: Could not find repo: did:plc:sftt6vhl5htsdxbm4ba7w6fs')
2026-02-25T05:08:20Z WARNING bsky_collector_v2.job.index_feed_generators: listRecords failed repo=did:plc:bugjnqdr6yzug7r7bovlem3z err=HttpError('InvalidRequest: Could not find repo: did:plc:bugjnqdr6yzug7r7bovlem3z')
2026-02-25T05:08:20Z WARNING bsky_collector_v2.job.index_feed_generators: listRecords failed repo=did:plc:m6yjzpsxvue6uugpmzr7wosf err=HttpError('InvalidRequest: Could not find repo: did:plc:m6yjzpsxvue6uugpmzr7wosf')
2026-02-25T05:08:20Z WARNING bsky_collector_v2.job.index_feed_generators: listRecords failed repo=did:plc:sftt6vhl5htsdxbm4ba7w6fs err=HttpError('InvalidRequest: Could not find repo: did:plc:sftt6vhl5htsdxbm4ba7w6fs')
2026-02-25T05:08:21Z INFO bsky_collector_v2.job.index_feed_generators: enqueued repos page=33 mode=listRepos inserted=500 repos_returned=500 next_cursor=set
2026-02-25T05:09:11Z INFO bsky_collector_v2.job.index_feed_generators: indexed repo=did:plc:jwpzkqqwivlwzp72lxvuhd6w part=311 records=2 next_cursor=set
