2026-03-08T18:38:23Z INFO bsky_collector_v2: out_base ok path=D:\BlueSky\data_v2_full mount=D:\
2026-03-08T18:38:23Z INFO bsky_collector_v2: job start subcommand=index-feed-generators dry_run=False resume=True
2026-03-08T18:38:24Z INFO bsky_collector_v2.job.index_feed_generators: feed generator index hosts relay_host=https://bsky.network records_host=https://bsky.social auth=yes
2026-03-08T18:38:48Z INFO bsky_collector_v2.job.index_feed_generators: indexed repo=did:plc:xhiabptjyvwjykcm5ucd43w5 part=427 records=1 next_cursor=set
2026-03-08T18:38:57Z WARNING bsky_collector_v2.job.index_feed_generators: listRecords failed repo=did:plc:fd4b7xgodjebnk7peneg3zuf err=HttpError('InvalidRequest: Could not find repo: did:plc:fd4b7xgodjebnk7peneg3zuf')
2026-03-08T18:38:57Z WARNING bsky_collector_v2.job.index_feed_generators: listRecords failed repo=did:plc:fd4b7xgodjebnk7peneg3zuf err=HttpError('InvalidRequest: Could not find repo: did:plc:fd4b7xgodjebnk7peneg3zuf')
2026-03-08T18:38:58Z INFO bsky_collector_v2.job.index_feed_generators: enqueued repos page=1 mode=listRepos inserted=500 repos_returned=500 next_cursor=set
2026-03-08T18:39:40Z WARNING bsky_collector_v2.job.index_feed_generators: listRecords failed repo=did:plc:hnhw4wyviyexuymwbgzzikgh err=HttpError('InvalidRequest: Could not find repo: did:plc:hnhw4wyviyexuymwbgzzikgh')
2026-03-08T18:40:12Z WARNING bsky_collector_v2.job.index_feed_generators: listRecords failed repo=did:plc:s5thrgzgdlua5yficyvbjnei err=HttpError('InvalidRequest: Could not find repo: did:plc:s5thrgzgdlua5yficyvbjnei')
2026-03-08T18:40:38Z WARNING bsky_collector_v2.job.index_feed_generators: listRecords failed repo=did:plc:hnhw4wyviyexuymwbgzzikgh err=HttpError('InvalidRequest: Could not find repo: did:plc:hnhw4wyviyexuymwbgzzikgh')
2026-03-08T18:40:38Z WARNING bsky_collector_v2.job.index_feed_generators: listRecords failed repo=did:plc:s5thrgzgdlua5yficyvbjnei err=HttpError('InvalidRequest: Could not find repo: did:plc:s5thrgzgdlua5yficyvbjnei')
2026-03-08T18:40:38Z WARNING bsky_collector_v2.job.index_feed_generators: listRecords failed repo=did:plc:hnhw4wyviyexuymwbgzzikgh err=HttpError('InvalidRequest: Could not find repo: did:plc:hnhw4wyviyexuymwbgzzikgh')
2026-03-08T18:40:38Z WARNING bsky_collector_v2.job.index_feed_generators: listRecords failed repo=did:plc:s5thrgzgdlua5yficyvbjnei err=HttpError('InvalidRequest: Could not find repo: did:plc:s5thrgzgdlua5yficyvbjnei')
2026-03-08T18:40:39Z INFO bsky_collector_v2.job.index_feed_generators: enqueued repos page=2 mode=listRepos inserted=500 repos_returned=500 next_cursor=set
2026-03-08T18:42:23Z INFO bsky_collector_v2.job.index_feed_generators: enqueued repos page=3 mode=listRepos inserted=500 repos_returned=500 next_cursor=set
2026-03-08T18:43:18Z WARNING bsky_collector_v2.job.index_feed_generators: listRecords failed repo=did:plc:k7peqx4zi7umukxai7mvyiwr err=HttpError('InvalidRequest: Could not find repo: did:plc:k7peqx4zi7umukxai7mvyiwr')
2026-03-08T18:43:46Z WARNING bsky_collector_v2.job.index_feed_generators: listRecords failed repo=did:plc:tmayfcailvewi765tpkonwfv err=HttpError('InvalidRequest: Could not find repo: did:plc:tmayfcailvewi765tpkonwfv')
2026-03-08T18:43:46Z WARNING bsky_collector_v2.job.index_feed_generators: listRecords failed repo=did:plc:tohkwwkwyakk4sgyt7hanlxc err=HttpError('InvalidRequest: Could not find repo: did:plc:tohkwwkwyakk4sgyt7hanlxc')
2026-03-08T18:44:04Z WARNING bsky_collector_v2.job.index_feed_generators: listRecords failed repo=did:plc:k7peqx4zi7umukxai7mvyiwr err=HttpError('InvalidRequest: Could not find repo: did:plc:k7peqx4zi7umukxai7mvyiwr')
2026-03-08T18:44:04Z WARNING bsky_collector_v2.job.index_feed_generators: listRecords failed repo=did:plc:tmayfcailvewi765tpkonwfv err=HttpError('InvalidRequest: Could not find repo: did:plc:tmayfcailvewi765tpkonwfv')
2026-03-08T18:44:04Z WARNING bsky_collector_v2.job.index_feed_generators: listRecords failed repo=did:plc:tohkwwkwyakk4sgyt7hanlxc err=HttpError('InvalidRequest: Could not find repo: did:plc:tohkwwkwyakk4sgyt7hanlxc')
2026-03-08T18:44:04Z WARNING bsky_collector_v2.job.index_feed_generators: listRecords failed repo=did:plc:k7peqx4zi7umukxai7mvyiwr err=HttpError('InvalidRequest: Could not find repo: did:plc:k7peqx4zi7umukxai7mvyiwr')
2026-03-08T18:44:04Z WARNING bsky_collector_v2.job.index_feed_generators: listRecords failed repo=did:plc:tmayfcailvewi765tpkonwfv err=HttpError('InvalidRequest: Could not find repo: did:plc:tmayfcailvewi765tpkonwfv')
2026-03-08T18:44:04Z WARNING bsky_collector_v2.job.index_feed_generators: listRecords failed repo=did:plc:tohkwwkwyakk4sgyt7hanlxc err=HttpError('InvalidRequest: Could not find repo: did:plc:tohkwwkwyakk4sgyt7hanlxc')
2026-03-08T18:44:05Z INFO bsky_collector_v2.job.index_feed_generators: enqueued repos page=4 mode=listRepos inserted=500 repos_returned=500 next_cursor=set
2026-03-08T18:44:12Z INFO bsky_collector_v2.job.index_feed_generators: indexed repo=did:plc:4jush45hb3ujt75e6ertfb4z part=428 records=2 next_cursor=set
2026-03-08T18:44:41Z WARNING bsky_collector_v2.job.index_feed_generators: listRecords failed repo=did:plc:ft4v4mr3ky2js6blpsfm22eb err=HttpError('InvalidRequest: Could not find repo: did:plc:ft4v4mr3ky2js6blpsfm22eb')
2026-03-08T18:45:43Z INFO bsky_collector_v2.job.index_feed_generators: indexed repo=did:plc:uqyr2efecatn74jz55g6n3cb part=429 records=1 next_cursor=set
2026-03-08T18:46:02Z WARNING bsky_collector_v2.job.index_feed_generators: listRecords failed repo=did:plc:ft4v4mr3ky2js6blpsfm22eb err=HttpError('InvalidRequest: Could not find repo: did:plc:ft4v4mr3ky2js6blpsfm22eb')
2026-03-08T18:46:02Z WARNING bsky_collector_v2.job.index_feed_generators: listRecords failed repo=did:plc:ft4v4mr3ky2js6blpsfm22eb err=HttpError('InvalidRequest: Could not find repo: did:plc:ft4v4mr3ky2js6blpsfm22eb')
2026-03-08T18:46:03Z INFO bsky_collector_v2.job.index_feed_generators: enqueued repos page=5 mode=listRepos inserted=500 repos_returned=500 next_cursor=set
2026-03-08T18:46:55Z WARNING bsky_collector_v2.job.index_feed_generators: listRecords failed repo=did:plc:mugrbdtsjdr6x5hnzmxsa27j err=HttpError('InvalidRequest: Could not find repo: did:plc:mugrbdtsjdr6x5hnzmxsa27j')
2026-03-08T18:47:21Z INFO bsky_collector_v2.job.index_feed_generators: indexed repo=did:plc:v6bnkp7wdga5sn5v3fgrnx7e part=430 records=1 next_cursor=set
2026-03-08T18:47:35Z WARNING bsky_collector_v2.job.index_feed_generators: listRecords failed repo=did:plc:mugrbdtsjdr6x5hnzmxsa27j err=HttpError('InvalidRequest: Could not find repo: did:plc:mugrbdtsjdr6x5hnzmxsa27j')
2026-03-08T18:47:35Z WARNING bsky_collector_v2.job.index_feed_generators: listRecords failed repo=did:plc:mugrbdtsjdr6x5hnzmxsa27j err=HttpError('InvalidRequest: Could not find repo: did:plc:mugrbdtsjdr6x5hnzmxsa27j')
2026-03-08T18:47:36Z INFO bsky_collector_v2.job.index_feed_generators: enqueued repos page=6 mode=listRepos inserted=500 repos_returned=500 next_cursor=set
2026-03-08T18:47:40Z INFO bsky_collector_v2.job.index_feed_generators: indexed repo=did:plc:2ghujqh3e64brziikr52rljk part=431 records=1 next_cursor=set
2026-03-08T18:48:49Z INFO bsky_collector_v2.job.index_feed_generators: indexed repo=did:plc:to6vdi74ljt2633gecucojbc part=432 records=3 next_cursor=set
2026-03-08T18:49:08Z INFO bsky_collector_v2.job.index_feed_generators: enqueued repos page=7 mode=listRepos inserted=500 repos_returned=500 next_cursor=set
2026-03-08T18:49:11Z INFO bsky_collector_v2.job.index_feed_generators: indexed repo=did:plc:3eqccjqzs5oaml4tt7fkcorf part=433 records=1 next_cursor=set
2026-03-08T18:49:29Z INFO bsky_collector_v2.job.index_feed_generators: indexed repo=did:plc:azuebnxuznbn6bv3p4xesv45 part=434 records=1 next_cursor=set
2026-03-08T18:49:43Z WARNING bsky_collector_v2.job.index_feed_generators: listRecords failed repo=did:plc:dtkzk45futsdhnkhrc3ulivd err=HttpError('InvalidRequest: Could not find repo: did:plc:dtkzk45futsdhnkhrc3ulivd')
2026-03-08T18:50:35Z INFO bsky_collector_v2.job.index_feed_generators: indexed repo=did:plc:pdddce23h4tsxkfzvk34ukpp part=435 records=1 next_cursor=set
2026-03-08T18:50:36Z INFO bsky_collector_v2.job.index_feed_generators: indexed repo=did:plc:psfufiieoisgvfkq6pnt3fvt part=436 records=1 next_cursor=set
2026-03-08T18:50:36Z INFO bsky_collector_v2.job.index_feed_generators: indexed repo=did:plc:pyjsagjpzqcaegq2vlpsixtt part=437 records=1 next_cursor=set
2026-03-08T18:50:37Z WARNING bsky_collector_v2.job.index_feed_generators: listRecords failed repo=did:plc:qcb6nzsei5yuswdf5xogor3v err=HttpError('InvalidRequest: Could not find repo: did:plc:qcb6nzsei5yuswdf5xogor3v')
2026-03-08T18:51:06Z WARNING bsky_collector_v2.job.index_feed_generators: listRecords failed repo=did:plc:ypbkmmypfu6anubx5l5ugidz err=HttpError('InvalidRequest: Could not find repo: did:plc:ypbkmmypfu6anubx5l5ugidz')
2026-03-08T18:51:09Z WARNING bsky_collector_v2.job.index_feed_generators: listRecords failed repo=did:plc:dtkzk45futsdhnkhrc3ulivd err=HttpError('InvalidRequest: Could not find repo: did:plc:dtkzk45futsdhnkhrc3ulivd')
2026-03-08T18:51:09Z WARNING bsky_collector_v2.job.index_feed_generators: listRecords failed repo=did:plc:qcb6nzsei5yuswdf5xogor3v err=HttpError('InvalidRequest: Could not find repo: did:plc:qcb6nzsei5yuswdf5xogor3v')
2026-03-08T18:51:09Z WARNING bsky_collector_v2.job.index_feed_generators: listRecords failed repo=did:plc:ypbkmmypfu6anubx5l5ugidz err=HttpError('InvalidRequest: Could not find repo: did:plc:ypbkmmypfu6anubx5l5ugidz')
2026-03-08T18:51:09Z WARNING bsky_collector_v2.job.index_feed_generators: listRecords failed repo=did:plc:dtkzk45futsdhnkhrc3ulivd err=HttpError('InvalidRequest: Could not find repo: did:plc:dtkzk45futsdhnkhrc3ulivd')
2026-03-08T18:51:09Z WARNING bsky_collector_v2.job.index_feed_generators: listRecords failed repo=did:plc:qcb6nzsei5yuswdf5xogor3v err=HttpError('InvalidRequest: Could not find repo: did:plc:qcb6nzsei5yuswdf5xogor3v')
2026-03-08T18:51:09Z WARNING bsky_collector_v2.job.index_feed_generators: listRecords failed repo=did:plc:ypbkmmypfu6anubx5l5ugidz err=HttpError('InvalidRequest: Could not find repo: did:plc:ypbkmmypfu6anubx5l5ugidz')
2026-03-08T18:51:10Z INFO bsky_collector_v2.job.index_feed_generators: enqueued repos page=8 mode=listRepos inserted=500 repos_returned=500 next_cursor=set
2026-03-08T18:51:43Z INFO bsky_collector_v2.job.index_feed_generators: indexed repo=did:plc:g233tc7c6knxcjoswv5dl7pr part=438 records=1 next_cursor=set
2026-03-08T18:52:39Z INFO bsky_collector_v2.job.index_feed_generators: enqueued repos page=9 mode=listRepos inserted=500 repos_returned=500 next_cursor=set
2026-03-08T18:52:55Z WARNING bsky_collector_v2.job.index_feed_generators: listRecords failed repo=did:plc:6fk73mp2x7bsnp365gxv4qv2 err=HttpError('InvalidRequest: Could not find repo: did:plc:6fk73mp2x7bsnp365gxv4qv2')
2026-03-08T18:53:04Z WARNING bsky_collector_v2.job.index_feed_generators: listRecords failed repo=did:plc:cqknhtffxrujkvsblrokazsc err=HttpError('InvalidRequest: Could not find repo: did:plc:cqknhtffxrujkvsblrokazsc')
2026-03-08T18:54:07Z WARNING bsky_collector_v2.job.index_feed_generators: listRecords failed repo=did:plc:y3hwc5p3r6tslagunjd63mar err=HttpError('InvalidRequest: Could not find repo: did:plc:y3hwc5p3r6tslagunjd63mar')
2026-03-08T18:54:13Z WARNING bsky_collector_v2.job.index_feed_generators: listRecords failed repo=did:plc:6fk73mp2x7bsnp365gxv4qv2 err=HttpError('InvalidRequest: Could not find repo: did:plc:6fk73mp2x7bsnp365gxv4qv2')
2026-03-08T18:54:13Z WARNING bsky_collector_v2.job.index_feed_generators: listRecords failed repo=did:plc:cqknhtffxrujkvsblrokazsc err=HttpError('InvalidRequest: Could not find repo: did:plc:cqknhtffxrujkvsblrokazsc')
2026-03-08T18:54:13Z WARNING bsky_collector_v2.job.index_feed_generators: listRecords failed repo=did:plc:y3hwc5p3r6tslagunjd63mar err=HttpError('InvalidRequest: Could not find repo: did:plc:y3hwc5p3r6tslagunjd63mar')
2026-03-08T18:54:13Z WARNING bsky_collector_v2.job.index_feed_generators: listRecords failed repo=did:plc:6fk73mp2x7bsnp365gxv4qv2 err=HttpError('InvalidRequest: Could not find repo: did:plc:6fk73mp2x7bsnp365gxv4qv2')
2026-03-08T18:54:13Z WARNING bsky_collector_v2.job.index_feed_generators: listRecords failed repo=did:plc:cqknhtffxrujkvsblrokazsc err=HttpError('InvalidRequest: Could not find repo: did:plc:cqknhtffxrujkvsblrokazsc')
2026-03-08T18:54:13Z WARNING bsky_collector_v2.job.index_feed_generators: listRecords failed repo=did:plc:y3hwc5p3r6tslagunjd63mar err=HttpError('InvalidRequest: Could not find repo: did:plc:y3hwc5p3r6tslagunjd63mar')
2026-03-08T18:54:14Z INFO bsky_collector_v2.job.index_feed_generators: enqueued repos page=10 mode=listRepos inserted=500 repos_returned=500 next_cursor=set
2026-03-08T18:55:01Z INFO bsky_collector_v2.job.index_feed_generators: indexed repo=did:plc:k7wu6bcvsyxcgdqbzqgzljvt part=439 records=2 next_cursor=set
2026-03-08T18:55:15Z INFO bsky_collector_v2.job.index_feed_generators: indexed repo=did:plc:p3xgjixzmmdc22qii554cvsx part=440 records=4 next_cursor=set
2026-03-08T18:55:26Z INFO bsky_collector_v2.job.index_feed_generators: indexed repo=did:plc:sbhsptc3gycyqwesmbodbl6d part=441 records=1 next_cursor=set
2026-03-08T18:55:35Z INFO bsky_collector_v2.job.index_feed_generators: indexed repo=did:plc:ut2iwdqtoirpuepubt33wjcf part=442 records=1 next_cursor=set
2026-03-08T18:55:49Z INFO bsky_collector_v2.job.index_feed_generators: enqueued repos page=11 mode=listRepos inserted=500 repos_returned=500 next_cursor=set
2026-03-08T18:56:10Z INFO bsky_collector_v2.job.index_feed_generators: indexed repo=did:plc:ajmivor5wpdsjoxc3z2s2qfx part=443 records=1 next_cursor=set
2026-03-08T18:57:16Z INFO bsky_collector_v2.job.index_feed_generators: indexed repo=did:plc:turj3sq6irxgdu4p4os7wv32 part=444 records=3 next_cursor=set
2026-03-08T18:57:35Z INFO bsky_collector_v2.job.index_feed_generators: enqueued repos page=12 mode=listRepos inserted=500 repos_returned=500 next_cursor=set
2026-03-08T18:57:49Z INFO bsky_collector_v2.job.index_feed_generators: indexed repo=did:plc:652azgl2he325kbmryiec4mw part=445 records=2 next_cursor=set
2026-03-08T18:58:00Z INFO bsky_collector_v2.job.index_feed_generators: indexed repo=did:plc:cyfajfn7nd7ewowwazrbav4f part=446 records=3 next_cursor=set
2026-03-08T18:59:11Z INFO bsky_collector_v2.job.index_feed_generators: enqueued repos page=13 mode=listRepos inserted=500 repos_returned=500 next_cursor=set
2026-03-08T18:59:20Z INFO bsky_collector_v2.job.index_feed_generators: indexed repo=did:plc:5e6ysy7pw75xbjmt6qfl52cg part=447 records=1 next_cursor=set
2026-03-08T18:59:52Z WARNING bsky_collector_v2.job.index_feed_generators: listRecords failed repo=did:plc:k7smxdz7azk6frrfyauwlw2l err=HttpError('InvalidRequest: Could not find repo: did:plc:k7smxdz7azk6frrfyauwlw2l')
2026-03-08T18:59:58Z WARNING bsky_collector_v2.job.index_feed_generators: listRecords failed repo=did:plc:m3u5iffji6znu3bgufwdtooz err=HttpError('InvalidRequest: Could not find repo: did:plc:m3u5iffji6znu3bgufwdtooz')
2026-03-08T19:00:41Z WARNING bsky_collector_v2.job.index_feed_generators: listRecords failed repo=did:plc:k7smxdz7azk6frrfyauwlw2l err=HttpError('InvalidRequest: Could not find repo: did:plc:k7smxdz7azk6frrfyauwlw2l')
2026-03-08T19:00:41Z WARNING bsky_collector_v2.job.index_feed_generators: listRecords failed repo=did:plc:m3u5iffji6znu3bgufwdtooz err=HttpError('InvalidRequest: Could not find repo: did:plc:m3u5iffji6znu3bgufwdtooz')
2026-03-08T19:00:41Z WARNING bsky_collector_v2.job.index_feed_generators: listRecords failed repo=did:plc:k7smxdz7azk6frrfyauwlw2l err=HttpError('InvalidRequest: Could not find repo: did:plc:k7smxdz7azk6frrfyauwlw2l')
2026-03-08T19:00:41Z WARNING bsky_collector_v2.job.index_feed_generators: listRecords failed repo=did:plc:m3u5iffji6znu3bgufwdtooz err=HttpError('InvalidRequest: Could not find repo: did:plc:m3u5iffji6znu3bgufwdtooz')
2026-03-08T19:00:42Z INFO bsky_collector_v2.job.index_feed_generators: enqueued repos page=14 mode=listRepos inserted=500 repos_returned=500 next_cursor=set
2026-03-08T19:01:04Z INFO bsky_collector_v2.job.index_feed_generators: indexed repo=did:plc:dg2a3hdxpe6jea6vhekcxo2b part=448 records=1 next_cursor=set
2026-03-08T19:01:16Z INFO bsky_collector_v2.job.index_feed_generators: indexed repo=did:plc:i4p3q55odbyckqep4p2rhcd5 part=449 records=1 next_cursor=set
2026-03-08T19:01:30Z INFO bsky_collector_v2.job.index_feed_generators: indexed repo=did:plc:ntg2n2hcegfjtdp2mhn67zkd part=450 records=2 next_cursor=set
2026-03-08T19:02:07Z INFO bsky_collector_v2.job.index_feed_generators: enqueued repos page=15 mode=listRepos inserted=500 repos_returned=500 next_cursor=set
2026-03-08T19:03:39Z INFO bsky_collector_v2.job.index_feed_generators: enqueued repos page=16 mode=listRepos inserted=500 repos_returned=500 next_cursor=set
2026-03-08T19:03:54Z WARNING bsky_collector_v2.job.index_feed_generators: listRecords failed repo=did:plc:a3itsfagwxhg74w6dgebrxyi err=HttpError('InvalidRequest: Could not find repo: did:plc:a3itsfagwxhg74w6dgebrxyi')
2026-03-08T19:04:32Z WARNING bsky_collector_v2.job.index_feed_generators: listRecords failed repo=did:plc:m2evipcfkvbjgnlkby3os4pw err=HttpError('InvalidRequest: Could not find repo: did:plc:m2evipcfkvbjgnlkby3os4pw')
2026-03-08T19:04:56Z WARNING bsky_collector_v2.job.index_feed_generators: listRecords failed repo=did:plc:ufs75uetkezhewanwvyhpbrs err=HttpError('InvalidRequest: Could not find repo: did:plc:ufs75uetkezhewanwvyhpbrs')
2026-03-08T19:05:08Z WARNING bsky_collector_v2.job.index_feed_generators: listRecords failed repo=did:plc:ykxosqadyy34trthfjwfzwck err=HttpError('InvalidRequest: Could not find repo: did:plc:ykxosqadyy34trthfjwfzwck')
2026-03-08T19:05:12Z WARNING bsky_collector_v2.job.index_feed_generators: listRecords failed repo=did:plc:a3itsfagwxhg74w6dgebrxyi err=HttpError('InvalidRequest: Could not find repo: did:plc:a3itsfagwxhg74w6dgebrxyi')
2026-03-08T19:05:12Z WARNING bsky_collector_v2.job.index_feed_generators: listRecords failed repo=did:plc:m2evipcfkvbjgnlkby3os4pw err=HttpError('InvalidRequest: Could not find repo: did:plc:m2evipcfkvbjgnlkby3os4pw')
2026-03-08T19:05:12Z WARNING bsky_collector_v2.job.index_feed_generators: listRecords failed repo=did:plc:ufs75uetkezhewanwvyhpbrs err=HttpError('InvalidRequest: Could not find repo: did:plc:ufs75uetkezhewanwvyhpbrs')
2026-03-08T19:05:12Z WARNING bsky_collector_v2.job.index_feed_generators: listRecords failed repo=did:plc:ykxosqadyy34trthfjwfzwck err=HttpError('InvalidRequest: Could not find repo: did:plc:ykxosqadyy34trthfjwfzwck')
2026-03-08T19:05:12Z WARNING bsky_collector_v2.job.index_feed_generators: listRecords failed repo=did:plc:a3itsfagwxhg74w6dgebrxyi err=HttpError('InvalidRequest: Could not find repo: did:plc:a3itsfagwxhg74w6dgebrxyi')
2026-03-08T19:05:12Z WARNING bsky_collector_v2.job.index_feed_generators: listRecords failed repo=did:plc:m2evipcfkvbjgnlkby3os4pw err=HttpError('InvalidRequest: Could not find repo: did:plc:m2evipcfkvbjgnlkby3os4pw')
2026-03-08T19:05:12Z WARNING bsky_collector_v2.job.index_feed_generators: listRecords failed repo=did:plc:ufs75uetkezhewanwvyhpbrs err=HttpError('InvalidRequest: Could not find repo: did:plc:ufs75uetkezhewanwvyhpbrs')
2026-03-08T19:05:12Z WARNING bsky_collector_v2.job.index_feed_generators: listRecords failed repo=did:plc:ykxosqadyy34trthfjwfzwck err=HttpError('InvalidRequest: Could not find repo: did:plc:ykxosqadyy34trthfjwfzwck')
2026-03-08T19:05:13Z INFO bsky_collector_v2.job.index_feed_generators: enqueued repos page=17 mode=listRepos inserted=500 repos_returned=500 next_cursor=set
2026-03-08T19:05:22Z INFO bsky_collector_v2.job.index_feed_generators: indexed repo=did:plc:4zy55hlr6mld2k7kxr3rxque part=451 records=2 next_cursor=set
2026-03-08T19:05:48Z WARNING bsky_collector_v2.job.index_feed_generators: listRecords failed repo=did:plc:f7rqxetulilgamtiz6wqujak err=HttpError('InvalidRequest: Could not find repo: did:plc:f7rqxetulilgamtiz6wqujak')
2026-03-08T19:06:09Z INFO bsky_collector_v2.job.index_feed_generators: indexed repo=did:plc:kljyfdmtaz5xv5e2sscswb6w part=452 records=3 next_cursor=set
2026-03-08T19:06:19Z INFO bsky_collector_v2.job.index_feed_generators: indexed repo=did:plc:na7a3axvf6plbsxuncch5ac3 part=453 records=1 next_cursor=set
2026-03-08T19:06:25Z INFO bsky_collector_v2.job.index_feed_generators: indexed repo=did:plc:o5t3nlgucefeb6mwf42yia6w part=454 records=3 next_cursor=set
2026-03-08T19:06:53Z INFO bsky_collector_v2.job.index_feed_generators: indexed repo=did:plc:w3lx2vnbm4pqvwebas5nhtqr part=455 records=1 next_cursor=set
2026-03-08T19:07:04Z WARNING bsky_collector_v2.job.index_feed_generators: listRecords failed repo=did:plc:f7rqxetulilgamtiz6wqujak err=HttpError('InvalidRequest: Could not find repo: did:plc:f7rqxetulilgamtiz6wqujak')
2026-03-08T19:07:05Z WARNING bsky_collector_v2.job.index_feed_generators: listRecords failed repo=did:plc:f7rqxetulilgamtiz6wqujak err=HttpError('InvalidRequest: Could not find repo: did:plc:f7rqxetulilgamtiz6wqujak')
2026-03-08T19:07:06Z INFO bsky_collector_v2.job.index_feed_generators: enqueued repos page=18 mode=listRepos inserted=500 repos_returned=500 next_cursor=set
2026-03-08T19:07:15Z INFO bsky_collector_v2.job.index_feed_generators: indexed repo=did:plc:5nlxj37nyv66ipz46ljlju7z part=456 records=2 next_cursor=set
2026-03-08T19:07:24Z INFO bsky_collector_v2.job.index_feed_generators: indexed repo=did:plc:acw45w5i7epdp3gwhtnpegom part=457 records=2 next_cursor=set
2026-03-08T19:08:13Z WARNING bsky_collector_v2.job.index_feed_generators: listRecords failed repo=did:plc:qiqlt43scv73zor5yxvl42xd err=HttpError('InvalidRequest: Could not find repo: did:plc:qiqlt43scv73zor5yxvl42xd')
2026-03-08T19:08:47Z WARNING bsky_collector_v2.job.index_feed_generators: listRecords failed repo=did:plc:qiqlt43scv73zor5yxvl42xd err=HttpError('InvalidRequest: Could not find repo: did:plc:qiqlt43scv73zor5yxvl42xd')
2026-03-08T19:08:48Z WARNING bsky_collector_v2.job.index_feed_generators: listRecords failed repo=did:plc:qiqlt43scv73zor5yxvl42xd err=HttpError('InvalidRequest: Could not find repo: did:plc:qiqlt43scv73zor5yxvl42xd')
2026-03-08T19:08:48Z INFO bsky_collector_v2.job.index_feed_generators: enqueued repos page=19 mode=listRepos inserted=500 repos_returned=500 next_cursor=set
2026-03-08T19:09:42Z INFO bsky_collector_v2.job.index_feed_generators: indexed repo=did:plc:m2w5m4cjdehybz2xwsa24ar7 part=458 records=1 next_cursor=set
2026-03-08T19:10:26Z WARNING bsky_collector_v2.job.index_feed_generators: listRecords failed repo=did:plc:zt7ybfn566feazxwui6ss7if err=HttpError('InvalidRequest: Could not find repo: did:plc:zt7ybfn566feazxwui6ss7if')
2026-03-08T19:10:26Z WARNING bsky_collector_v2.job.index_feed_generators: listRecords failed repo=did:plc:zt7ybfn566feazxwui6ss7if err=HttpError('InvalidRequest: Could not find repo: did:plc:zt7ybfn566feazxwui6ss7if')
2026-03-08T19:10:26Z WARNING bsky_collector_v2.job.index_feed_generators: listRecords failed repo=did:plc:zt7ybfn566feazxwui6ss7if err=HttpError('InvalidRequest: Could not find repo: did:plc:zt7ybfn566feazxwui6ss7if')
2026-03-08T19:10:27Z INFO bsky_collector_v2.job.index_feed_generators: enqueued repos page=20 mode=listRepos inserted=500 repos_returned=500 next_cursor=set
2026-03-08T19:10:53Z INFO bsky_collector_v2.job.index_feed_generators: indexed repo=did:plc:ahdqytnr5f7ko6rmy6chbywf part=459 records=1 next_cursor=set
2026-03-08T19:12:04Z INFO bsky_collector_v2.job.index_feed_generators: indexed repo=did:plc:t7vlxqpnix7n65piynierpcd part=460 records=2 next_cursor=set
2026-03-08T19:12:27Z INFO bsky_collector_v2.job.index_feed_generators: enqueued repos page=21 mode=listRepos inserted=500 repos_returned=500 next_cursor=set
2026-03-08T19:12:58Z WARNING bsky_collector_v2.job.index_feed_generators: listRecords failed repo=did:plc:dfjs4tqvxgy3h24c6jmo4iw7 err=HttpError('InvalidRequest: Could not find repo: did:plc:dfjs4tqvxgy3h24c6jmo4iw7')
2026-03-08T19:13:12Z INFO bsky_collector_v2.job.index_feed_generators: indexed repo=did:plc:ghpm6e6tajvfq54sadudtqmu part=461 records=4 next_cursor=set
2026-03-08T19:13:52Z INFO bsky_collector_v2.job.index_feed_generators: indexed repo=did:plc:t5hdzd527msepbvgsiael7ym part=462 records=1 next_cursor=set
2026-03-08T19:14:13Z WARNING bsky_collector_v2.job.index_feed_generators: listRecords failed repo=did:plc:dfjs4tqvxgy3h24c6jmo4iw7 err=HttpError('InvalidRequest: Could not find repo: did:plc:dfjs4tqvxgy3h24c6jmo4iw7')
2026-03-08T19:14:13Z WARNING bsky_collector_v2.job.index_feed_generators: listRecords failed repo=did:plc:dfjs4tqvxgy3h24c6jmo4iw7 err=HttpError('InvalidRequest: Could not find repo: did:plc:dfjs4tqvxgy3h24c6jmo4iw7')
2026-03-08T19:14:14Z INFO bsky_collector_v2.job.index_feed_generators: enqueued repos page=22 mode=listRepos inserted=500 repos_returned=500 next_cursor=set
2026-03-08T19:14:32Z INFO bsky_collector_v2.job.index_feed_generators: indexed repo=did:plc:abbkhtq2fsraeke3a7n73qrf part=463 records=1 next_cursor=set
2026-03-08T19:14:37Z INFO bsky_collector_v2.job.index_feed_generators: indexed repo=did:plc:c2lhshlb554g4qaxk6iotmec part=464 records=1 next_cursor=set
2026-03-08T19:15:32Z INFO bsky_collector_v2.job.index_feed_generators: indexed repo=did:plc:vzpy3e3p6ewgbx7wmgsh57qj part=465 records=1 next_cursor=set
2026-03-08T19:15:45Z INFO bsky_collector_v2.job.index_feed_generators: enqueued repos page=23 mode=listRepos inserted=500 repos_returned=500 next_cursor=set
2026-03-08T19:16:55Z WARNING bsky_collector_v2.job.index_feed_generators: listRecords failed repo=did:plc:rt4ugrblpzzbdtnoqjsuej5w err=HttpError('InvalidRequest: Could not find repo: did:plc:rt4ugrblpzzbdtnoqjsuej5w')
2026-03-08T19:17:09Z WARNING bsky_collector_v2.job.index_feed_generators: listRecords failed repo=did:plc:wn2l6iax4p7xwbek7uwbawej err=HttpError('InvalidRequest: Could not find repo: did:plc:wn2l6iax4p7xwbek7uwbawej')
2026-03-08T19:17:22Z WARNING bsky_collector_v2.job.index_feed_generators: listRecords failed repo=did:plc:rt4ugrblpzzbdtnoqjsuej5w err=HttpError('InvalidRequest: Could not find repo: did:plc:rt4ugrblpzzbdtnoqjsuej5w')
2026-03-08T19:17:22Z WARNING bsky_collector_v2.job.index_feed_generators: listRecords failed repo=did:plc:wn2l6iax4p7xwbek7uwbawej err=HttpError('InvalidRequest: Could not find repo: did:plc:wn2l6iax4p7xwbek7uwbawej')
2026-03-08T19:17:22Z WARNING bsky_collector_v2.job.index_feed_generators: listRecords failed repo=did:plc:rt4ugrblpzzbdtnoqjsuej5w err=HttpError('InvalidRequest: Could not find repo: did:plc:rt4ugrblpzzbdtnoqjsuej5w')
2026-03-08T19:17:22Z WARNING bsky_collector_v2.job.index_feed_generators: listRecords failed repo=did:plc:wn2l6iax4p7xwbek7uwbawej err=HttpError('InvalidRequest: Could not find repo: did:plc:wn2l6iax4p7xwbek7uwbawej')
2026-03-08T19:17:23Z INFO bsky_collector_v2.job.index_feed_generators: enqueued repos page=24 mode=listRepos inserted=500 repos_returned=500 next_cursor=set
2026-03-08T19:17:23Z INFO bsky_collector_v2.job.index_feed_generators: indexed repo=did:plc:25j66nqpshwkewepfxclvgkh part=466 records=2 next_cursor=set
2026-03-08T19:17:41Z INFO bsky_collector_v2.job.index_feed_generators: indexed repo=did:plc:75476piak25ul742j2kapmeo part=467 records=1 next_cursor=set
2026-03-08T19:18:29Z WARNING bsky_collector_v2.job.index_feed_generators: listRecords failed repo=did:plc:o44by4576cevgcnkhjk7vnkj err=HttpError('InvalidRequest: Could not find repo: did:plc:o44by4576cevgcnkhjk7vnkj')
2026-03-08T19:18:34Z INFO bsky_collector_v2.job.index_feed_generators: indexed repo=did:plc:qbk6fjr7yfyxb2cujr2or6zx part=468 records=1 next_cursor=set
2026-03-08T19:18:42Z INFO bsky_collector_v2.job.index_feed_generators: indexed repo=did:plc:sobseeaj2t33owscq2uj3zgq part=469 records=2 next_cursor=set
2026-03-08T19:18:49Z INFO bsky_collector_v2.job.index_feed_generators: indexed repo=did:plc:vjvkxllyrihm46yk3cpzycvo part=470 records=1 next_cursor=set
2026-03-08T19:19:00Z WARNING bsky_collector_v2.job.index_feed_generators: listRecords failed repo=did:plc:o44by4576cevgcnkhjk7vnkj err=HttpError('InvalidRequest: Could not find repo: did:plc:o44by4576cevgcnkhjk7vnkj')
2026-03-08T19:19:01Z WARNING bsky_collector_v2.job.index_feed_generators: listRecords failed repo=did:plc:o44by4576cevgcnkhjk7vnkj err=HttpError('InvalidRequest: Could not find repo: did:plc:o44by4576cevgcnkhjk7vnkj')
2026-03-08T19:19:02Z INFO bsky_collector_v2.job.index_feed_generators: enqueued repos page=25 mode=listRepos inserted=500 repos_returned=500 next_cursor=set
2026-03-08T19:19:12Z INFO bsky_collector_v2.job.index_feed_generators: indexed repo=did:plc:5vpoamozf6ppukrsiqlun3sm part=471 records=1 next_cursor=set
2026-03-08T19:19:26Z INFO bsky_collector_v2.job.index_feed_generators: indexed repo=did:plc:cvd6mm5aanwvwevklcs5aoo3 part=472 records=2 next_cursor=set
2026-03-08T19:19:55Z INFO bsky_collector_v2.job.index_feed_generators: indexed repo=did:plc:nxidxp75a6rad2ejqiuwomtw part=473 records=1 next_cursor=set
2026-03-08T19:20:29Z INFO bsky_collector_v2.job.index_feed_generators: enqueued repos page=26 mode=listRepos inserted=500 repos_returned=500 next_cursor=set
2026-03-08T19:20:37Z INFO bsky_collector_v2.job.index_feed_generators: indexed repo=did:plc:42b5mkaevi26mhdqg2ohyfly part=474 records=1 next_cursor=set
2026-03-08T19:21:35Z WARNING bsky_collector_v2.job.index_feed_generators: listRecords failed repo=did:plc:ocnwdcnekbgk4azclld4bkt7 err=HttpError('InvalidRequest: Could not find repo: did:plc:ocnwdcnekbgk4azclld4bkt7')
2026-03-08T19:21:36Z WARNING bsky_collector_v2.job.index_feed_generators: listRecords failed repo=did:plc:osw6zc6ykb5yryfgqito6nej err=HttpError('InvalidRequest: Could not find repo: did:plc:osw6zc6ykb5yryfgqito6nej')
2026-03-08T19:22:08Z WARNING bsky_collector_v2.job.index_feed_generators: listRecords failed repo=did:plc:ocnwdcnekbgk4azclld4bkt7 err=HttpError('InvalidRequest: Could not find repo: did:plc:ocnwdcnekbgk4azclld4bkt7')
2026-03-08T19:22:08Z WARNING bsky_collector_v2.job.index_feed_generators: listRecords failed repo=did:plc:osw6zc6ykb5yryfgqito6nej err=HttpError('InvalidRequest: Could not find repo: did:plc:osw6zc6ykb5yryfgqito6nej')
2026-03-08T19:22:08Z WARNING bsky_collector_v2.job.index_feed_generators: listRecords failed repo=did:plc:ocnwdcnekbgk4azclld4bkt7 err=HttpError('InvalidRequest: Could not find repo: did:plc:ocnwdcnekbgk4azclld4bkt7')
2026-03-08T19:22:08Z WARNING bsky_collector_v2.job.index_feed_generators: listRecords failed repo=did:plc:osw6zc6ykb5yryfgqito6nej err=HttpError('InvalidRequest: Could not find repo: did:plc:osw6zc6ykb5yryfgqito6nej')
2026-03-08T19:22:09Z INFO bsky_collector_v2.job.index_feed_generators: enqueued repos page=27 mode=listRepos inserted=500 repos_returned=500 next_cursor=set
2026-03-08T19:22:12Z INFO bsky_collector_v2.job.index_feed_generators: indexed repo=did:plc:2wsk7i3jggaknlwmnsnuolix part=475 records=1 next_cursor=set
2026-03-08T19:22:16Z INFO bsky_collector_v2.job.index_feed_generators: indexed repo=did:plc:4csjkes74gooa556hjt6aq3x part=476 records=4 next_cursor=set
2026-03-08T19:22:28Z INFO bsky_collector_v2.job.index_feed_generators: indexed repo=did:plc:aoqbaiicgkhhg5wpyaf53hts part=477 records=1 next_cursor=set
2026-03-08T19:22:29Z WARNING bsky_collector_v2.job.index_feed_generators: listRecords failed repo=did:plc:b55myfjp2ovhmcyobzwo4md4 err=HttpError('InvalidRequest: Could not find repo: did:plc:b55myfjp2ovhmcyobzwo4md4')
2026-03-08T19:23:19Z INFO bsky_collector_v2.job.index_feed_generators: indexed repo=did:plc:rsxs6iwib2twbgvkgxyxxdaj part=478 records=1 next_cursor=set
2026-03-08T19:23:40Z WARNING bsky_collector_v2.job.index_feed_generators: listRecords failed repo=did:plc:b55myfjp2ovhmcyobzwo4md4 err=HttpError('InvalidRequest: Could not find repo: did:plc:b55myfjp2ovhmcyobzwo4md4')
2026-03-08T19:23:40Z WARNING bsky_collector_v2.job.index_feed_generators: listRecords failed repo=did:plc:b55myfjp2ovhmcyobzwo4md4 err=HttpError('InvalidRequest: Could not find repo: did:plc:b55myfjp2ovhmcyobzwo4md4')
2026-03-08T19:23:41Z INFO bsky_collector_v2.job.index_feed_generators: enqueued repos page=28 mode=listRepos inserted=500 repos_returned=500 next_cursor=set
2026-03-08T19:24:01Z WARNING bsky_collector_v2.job.index_feed_generators: listRecords failed repo=did:plc:akqxyxys52sc22iubwjcaml7 err=HttpError('InvalidRequest: Could not find repo: did:plc:akqxyxys52sc22iubwjcaml7')
2026-03-08T19:24:26Z INFO bsky_collector_v2.job.index_feed_generators: indexed repo=did:plc:jm7pbeygkbwomacew2xfayuj part=479 records=1 next_cursor=set
2026-03-08T19:25:10Z INFO bsky_collector_v2.job.index_feed_generators: indexed repo=did:plc:y5pviltu6l6owrzxm4aciovi part=480 records=1 next_cursor=set
2026-03-08T19:25:11Z INFO bsky_collector_v2.job.index_feed_generators: indexed repo=did:plc:yc5gpw463ob5w3shrmlutkia part=481 records=2 next_cursor=set
2026-03-08T19:25:18Z WARNING bsky_collector_v2.job.index_feed_generators: listRecords failed repo=did:plc:akqxyxys52sc22iubwjcaml7 err=HttpError('InvalidRequest: Could not find repo: did:plc:akqxyxys52sc22iubwjcaml7')
2026-03-08T19:25:19Z WARNING bsky_collector_v2.job.index_feed_generators: listRecords failed repo=did:plc:akqxyxys52sc22iubwjcaml7 err=HttpError('InvalidRequest: Could not find repo: did:plc:akqxyxys52sc22iubwjcaml7')
2026-03-08T19:25:20Z INFO bsky_collector_v2.job.index_feed_generators: enqueued repos page=29 mode=listRepos inserted=500 repos_returned=500 next_cursor=set
2026-03-08T19:25:27Z INFO bsky_collector_v2.job.index_feed_generators: indexed repo=did:plc:3nkfzc54qgihiordu6c4432j part=482 records=5 next_cursor=set
2026-03-08T19:25:36Z INFO bsky_collector_v2.job.index_feed_generators: indexed repo=did:plc:6yzxkanzesm5avqrt6xp7pjn part=483 records=1 next_cursor=set
2026-03-08T19:25:50Z WARNING bsky_collector_v2.job.index_feed_generators: listRecords failed repo=did:plc:e73m5f7sr4eqmwfwebgof25l err=HttpError('InvalidRequest: Could not find repo: did:plc:e73m5f7sr4eqmwfwebgof25l')
2026-03-08T19:26:49Z WARNING bsky_collector_v2.job.index_feed_generators: listRecords failed repo=did:plc:e73m5f7sr4eqmwfwebgof25l err=HttpError('InvalidRequest: Could not find repo: did:plc:e73m5f7sr4eqmwfwebgof25l')
2026-03-08T19:26:49Z WARNING bsky_collector_v2.job.index_feed_generators: listRecords failed repo=did:plc:e73m5f7sr4eqmwfwebgof25l err=HttpError('InvalidRequest: Could not find repo: did:plc:e73m5f7sr4eqmwfwebgof25l')
2026-03-08T19:26:49Z INFO bsky_collector_v2.job.index_feed_generators: enqueued repos page=30 mode=listRepos inserted=500 repos_returned=500 next_cursor=set
2026-03-08T19:28:02Z INFO bsky_collector_v2.job.index_feed_generators: indexed repo=did:plc:s4irskz3o4llmd7nqsfj2lvg part=484 records=3 next_cursor=set
2026-03-08T19:28:03Z INFO bsky_collector_v2.job.index_feed_generators: indexed repo=did:plc:sa5lpsv37snp4bsf5i337vxy part=485 records=1 next_cursor=set
2026-03-08T19:28:13Z INFO bsky_collector_v2.job.index_feed_generators: indexed repo=did:plc:w5xhv6z7q3l3bc3q4jimpw64 part=486 records=2 next_cursor=set
2026-03-08T19:28:17Z INFO bsky_collector_v2.job.index_feed_generators: indexed repo=did:plc:xsdev4nw7p7ctckvnwuqvtlw part=487 records=1 next_cursor=set
2026-03-08T19:28:20Z INFO bsky_collector_v2.job.index_feed_generators: indexed repo=did:plc:z4apjzujml5l627pbyf55yxv part=488 records=3 next_cursor=set
2026-03-08T19:28:24Z INFO bsky_collector_v2.job.index_feed_generators: enqueued repos page=31 mode=listRepos inserted=500 repos_returned=500 next_cursor=set
2026-03-08T19:29:09Z INFO bsky_collector_v2.job.index_feed_generators: indexed repo=did:plc:ixcfr2h2ltaqu7yi3hji46zv part=489 records=1 next_cursor=set
2026-03-08T19:29:45Z WARNING bsky_collector_v2.job.index_feed_generators: listRecords failed repo=did:plc:s7pxuk2x6zmska52tjvtiw6t err=HttpError('InvalidRequest: Could not find repo: did:plc:s7pxuk2x6zmska52tjvtiw6t')
2026-03-08T19:29:55Z INFO bsky_collector_v2.job.index_feed_generators: indexed repo=did:plc:vhjnms4u53nfm4owtoq4rbsv part=490 records=5 next_cursor=set
2026-03-08T19:29:59Z INFO bsky_collector_v2.job.index_feed_generators: indexed repo=did:plc:wnszu7vdlpcdlul5ed2nfwib part=491 records=1 next_cursor=set
2026-03-08T19:30:08Z WARNING bsky_collector_v2.job.index_feed_generators: listRecords failed repo=did:plc:s7pxuk2x6zmska52tjvtiw6t err=HttpError('InvalidRequest: Could not find repo: did:plc:s7pxuk2x6zmska52tjvtiw6t')
2026-03-08T19:30:08Z WARNING bsky_collector_v2.job.index_feed_generators: listRecords failed repo=did:plc:s7pxuk2x6zmska52tjvtiw6t err=HttpError('InvalidRequest: Could not find repo: did:plc:s7pxuk2x6zmska52tjvtiw6t')
2026-03-08T19:30:09Z INFO bsky_collector_v2.job.index_feed_generators: enqueued repos page=32 mode=listRepos inserted=500 repos_returned=500 next_cursor=set
2026-03-08T19:30:10Z WARNING bsky_collector_v2.job.index_feed_generators: listRecords failed repo=did:plc:2ymb5bbeowgiodovjxejudtg err=HttpError('InvalidRequest: Could not find repo: did:plc:2ymb5bbeowgiodovjxejudtg')
2026-03-08T19:30:12Z WARNING bsky_collector_v2.job.index_feed_generators: listRecords failed repo=did:plc:3s6r7rwbm5fzfy4tb5sf6nwm err=HttpError('InvalidRequest: Could not find repo: did:plc:3s6r7rwbm5fzfy4tb5sf6nwm')
2026-03-08T19:30:47Z WARNING bsky_collector_v2.job.index_feed_generators: listRecords failed repo=did:plc:gy6c33pgje2infaqng7hgidw err=HttpError('InvalidRequest: Could not find repo: did:plc:gy6c33pgje2infaqng7hgidw')
2026-03-08T19:31:09Z INFO bsky_collector_v2.job.index_feed_generators: indexed repo=did:plc:q6enewq2yy33rie52gb7t64h part=492 records=1 next_cursor=set
2026-03-08T19:31:35Z WARNING bsky_collector_v2.job.index_feed_generators: listRecords failed repo=did:plc:2ymb5bbeowgiodovjxejudtg err=HttpError('InvalidRequest: Could not find repo: did:plc:2ymb5bbeowgiodovjxejudtg')
2026-03-08T19:31:36Z WARNING bsky_collector_v2.job.index_feed_generators: listRecords failed repo=did:plc:3s6r7rwbm5fzfy4tb5sf6nwm err=HttpError('InvalidRequest: Could not find repo: did:plc:3s6r7rwbm5fzfy4tb5sf6nwm')
2026-03-08T19:31:36Z WARNING bsky_collector_v2.job.index_feed_generators: listRecords failed repo=did:plc:gy6c33pgje2infaqng7hgidw err=HttpError('InvalidRequest: Could not find repo: did:plc:gy6c33pgje2infaqng7hgidw')
2026-03-08T19:31:36Z WARNING bsky_collector_v2.job.index_feed_generators: listRecords failed repo=did:plc:2ymb5bbeowgiodovjxejudtg err=HttpError('InvalidRequest: Could not find repo: did:plc:2ymb5bbeowgiodovjxejudtg')
2026-03-08T19:31:36Z WARNING bsky_collector_v2.job.index_feed_generators: listRecords failed repo=did:plc:3s6r7rwbm5fzfy4tb5sf6nwm err=HttpError('InvalidRequest: Could not find repo: did:plc:3s6r7rwbm5fzfy4tb5sf6nwm')
2026-03-08T19:31:36Z WARNING bsky_collector_v2.job.index_feed_generators: listRecords failed repo=did:plc:gy6c33pgje2infaqng7hgidw err=HttpError('InvalidRequest: Could not find repo: did:plc:gy6c33pgje2infaqng7hgidw')
2026-03-08T19:31:36Z INFO bsky_collector_v2.job.index_feed_generators: enqueued repos page=33 mode=listRepos inserted=500 repos_returned=500 next_cursor=set
2026-03-08T19:32:32Z INFO bsky_collector_v2.job.index_feed_generators: indexed repo=did:plc:ivkqk4ij4hh5kyfnnshox4e7 part=493 records=2 next_cursor=set
2026-03-08T19:33:16Z INFO bsky_collector_v2.job.index_feed_generators: indexed repo=did:plc:xftxqeemmoviayjudar6pua7 part=494 records=2 next_cursor=set
