2026-03-04T04:21:07Z INFO bsky_collector_v2: out_base ok path=D:\BlueSky\data_v2_full mount=D:\
2026-03-04T04:21:07Z INFO bsky_collector_v2: job start subcommand=index-feed-generators dry_run=False resume=True
2026-03-04T04:21:08Z INFO bsky_collector_v2.job.index_feed_generators: feed generator index hosts relay_host=https://bsky.network records_host=https://bsky.social auth=yes
2026-03-04T04:21:20Z WARNING bsky_collector_v2.job.index_feed_generators: listRecords failed repo=did:plc:b2ej6jpbzibj7yajcinug4ps err=HttpError('InvalidRequest: Could not find repo: did:plc:b2ej6jpbzibj7yajcinug4ps')
2026-03-04T04:22:41Z WARNING bsky_collector_v2.job.index_feed_generators: listRecords failed repo=did:plc:b2ej6jpbzibj7yajcinug4ps err=HttpError('InvalidRequest: Could not find repo: did:plc:b2ej6jpbzibj7yajcinug4ps')
2026-03-04T04:22:41Z WARNING bsky_collector_v2.job.index_feed_generators: listRecords failed repo=did:plc:b2ej6jpbzibj7yajcinug4ps err=HttpError('InvalidRequest: Could not find repo: did:plc:b2ej6jpbzibj7yajcinug4ps')
2026-03-04T04:22:41Z INFO bsky_collector_v2.job.index_feed_generators: enqueued repos page=1 mode=listRepos inserted=500 repos_returned=500 next_cursor=set
2026-03-04T04:22:52Z INFO bsky_collector_v2.job.index_feed_generators: indexed repo=did:plc:4ycpofb46qi6esq7h3ht35xc part=120 records=4 next_cursor=set
2026-03-04T04:24:17Z INFO bsky_collector_v2.job.index_feed_generators: enqueued repos page=2 mode=listRepos inserted=500 repos_returned=500 next_cursor=set
2026-03-04T04:25:54Z INFO bsky_collector_v2.job.index_feed_generators: enqueued repos page=3 mode=listRepos inserted=500 repos_returned=500 next_cursor=set
2026-03-04T04:26:06Z WARNING bsky_collector_v2.job.index_feed_generators: listRecords failed repo=did:plc:5uhumgojmslc6bpuesgeoe6c err=HttpError('InvalidRequest: Could not find repo: did:plc:5uhumgojmslc6bpuesgeoe6c')
2026-03-04T04:27:39Z WARNING bsky_collector_v2.job.index_feed_generators: listRecords failed repo=did:plc:5uhumgojmslc6bpuesgeoe6c err=HttpError('InvalidRequest: Could not find repo: did:plc:5uhumgojmslc6bpuesgeoe6c')
2026-03-04T04:27:39Z WARNING bsky_collector_v2.job.index_feed_generators: listRecords failed repo=did:plc:5uhumgojmslc6bpuesgeoe6c err=HttpError('InvalidRequest: Could not find repo: did:plc:5uhumgojmslc6bpuesgeoe6c')
2026-03-04T04:27:39Z INFO bsky_collector_v2.job.index_feed_generators: enqueued repos page=4 mode=listRepos inserted=500 repos_returned=500 next_cursor=set
2026-03-04T04:28:01Z WARNING bsky_collector_v2.job.index_feed_generators: listRecords failed repo=did:plc:72nn7ettqoxdsaooogngsss6 err=HttpError('InvalidRequest: Could not find repo: did:plc:72nn7ettqoxdsaooogngsss6')
2026-03-04T04:28:51Z WARNING bsky_collector_v2.job.index_feed_generators: listRecords failed repo=did:plc:oidra4xfm6rkb6fan5ztlbke err=HttpError('InvalidRequest: Could not find repo: did:plc:oidra4xfm6rkb6fan5ztlbke')
2026-03-04T04:29:22Z INFO bsky_collector_v2.job.index_feed_generators: indexed repo=did:plc:yhyg3ykr3weporaazxhxl4s5 part=121 records=1 next_cursor=set
2026-03-04T04:29:26Z WARNING bsky_collector_v2.job.index_feed_generators: listRecords failed repo=did:plc:72nn7ettqoxdsaooogngsss6 err=HttpError('InvalidRequest: Could not find repo: did:plc:72nn7ettqoxdsaooogngsss6')
2026-03-04T04:29:26Z WARNING bsky_collector_v2.job.index_feed_generators: listRecords failed repo=did:plc:oidra4xfm6rkb6fan5ztlbke err=HttpError('InvalidRequest: Could not find repo: did:plc:oidra4xfm6rkb6fan5ztlbke')
2026-03-04T04:29:26Z WARNING bsky_collector_v2.job.index_feed_generators: listRecords failed repo=did:plc:72nn7ettqoxdsaooogngsss6 err=HttpError('InvalidRequest: Could not find repo: did:plc:72nn7ettqoxdsaooogngsss6')
2026-03-04T04:29:26Z WARNING bsky_collector_v2.job.index_feed_generators: listRecords failed repo=did:plc:oidra4xfm6rkb6fan5ztlbke err=HttpError('InvalidRequest: Could not find repo: did:plc:oidra4xfm6rkb6fan5ztlbke')
2026-03-04T04:29:27Z INFO bsky_collector_v2.job.index_feed_generators: enqueued repos page=5 mode=listRepos inserted=500 repos_returned=500 next_cursor=set
2026-03-04T04:29:37Z WARNING bsky_collector_v2.job.index_feed_generators: listRecords failed repo=did:plc:5geyktu2bkedhmzs6u3gzu4j err=HttpError('InvalidRequest: Could not find repo: did:plc:5geyktu2bkedhmzs6u3gzu4j')
2026-03-04T04:30:11Z INFO bsky_collector_v2.job.index_feed_generators: indexed repo=did:plc:l7z2gfn6ou4dhjmqigplklpv part=122 records=1 next_cursor=set
2026-03-04T04:30:57Z WARNING bsky_collector_v2.job.index_feed_generators: listRecords failed repo=did:plc:5geyktu2bkedhmzs6u3gzu4j err=HttpError('InvalidRequest: Could not find repo: did:plc:5geyktu2bkedhmzs6u3gzu4j')
2026-03-04T04:30:57Z WARNING bsky_collector_v2.job.index_feed_generators: listRecords failed repo=did:plc:5geyktu2bkedhmzs6u3gzu4j err=HttpError('InvalidRequest: Could not find repo: did:plc:5geyktu2bkedhmzs6u3gzu4j')
2026-03-04T04:30:57Z INFO bsky_collector_v2.job.index_feed_generators: enqueued repos page=6 mode=listRepos inserted=500 repos_returned=500 next_cursor=set
2026-03-04T04:31:34Z WARNING bsky_collector_v2.job.index_feed_generators: listRecords failed repo=did:plc:hixmdbe2v6pln4ff47rb2ayn err=HttpError('InvalidRequest: Could not find repo: did:plc:hixmdbe2v6pln4ff47rb2ayn')
2026-03-04T04:31:34Z WARNING bsky_collector_v2.job.index_feed_generators: listRecords failed repo=did:plc:hqns5ongvghllnzptnek2khv err=HttpError('InvalidRequest: Could not find repo: did:plc:hqns5ongvghllnzptnek2khv')
2026-03-04T04:32:10Z INFO bsky_collector_v2.job.index_feed_generators: indexed repo=did:plc:uhhj6de2nb6ewncjv5wymz6s part=123 records=3 next_cursor=set
2026-03-04T04:32:26Z WARNING bsky_collector_v2.job.index_feed_generators: listRecords failed repo=did:plc:hixmdbe2v6pln4ff47rb2ayn err=HttpError('InvalidRequest: Could not find repo: did:plc:hixmdbe2v6pln4ff47rb2ayn')
2026-03-04T04:32:26Z WARNING bsky_collector_v2.job.index_feed_generators: listRecords failed repo=did:plc:hqns5ongvghllnzptnek2khv err=HttpError('InvalidRequest: Could not find repo: did:plc:hqns5ongvghllnzptnek2khv')
2026-03-04T04:32:26Z WARNING bsky_collector_v2.job.index_feed_generators: listRecords failed repo=did:plc:hixmdbe2v6pln4ff47rb2ayn err=HttpError('InvalidRequest: Could not find repo: did:plc:hixmdbe2v6pln4ff47rb2ayn')
2026-03-04T04:32:26Z WARNING bsky_collector_v2.job.index_feed_generators: listRecords failed repo=did:plc:hqns5ongvghllnzptnek2khv err=HttpError('InvalidRequest: Could not find repo: did:plc:hqns5ongvghllnzptnek2khv')
2026-03-04T04:32:27Z INFO bsky_collector_v2.job.index_feed_generators: enqueued repos page=7 mode=listRepos inserted=500 repos_returned=500 next_cursor=set
2026-03-04T04:32:32Z INFO bsky_collector_v2.job.index_feed_generators: indexed repo=did:plc:3poychxoz7nfj3xismssqz42 part=124 records=1 next_cursor=set
2026-03-04T04:33:04Z WARNING bsky_collector_v2.job.index_feed_generators: listRecords failed repo=did:plc:hfigmeubdj2yes7vfa7t4gc2 err=HttpError('InvalidRequest: Could not find repo: did:plc:hfigmeubdj2yes7vfa7t4gc2')
2026-03-04T04:33:52Z WARNING bsky_collector_v2.job.index_feed_generators: listRecords failed repo=did:plc:xwjzxrdfdrjlez6zvjm735xn err=HttpError('InvalidRequest: Could not find repo: did:plc:xwjzxrdfdrjlez6zvjm735xn')
2026-03-04T04:33:58Z WARNING bsky_collector_v2.job.index_feed_generators: listRecords failed repo=did:plc:hfigmeubdj2yes7vfa7t4gc2 err=HttpError('InvalidRequest: Could not find repo: did:plc:hfigmeubdj2yes7vfa7t4gc2')
2026-03-04T04:33:58Z WARNING bsky_collector_v2.job.index_feed_generators: listRecords failed repo=did:plc:xwjzxrdfdrjlez6zvjm735xn err=HttpError('InvalidRequest: Could not find repo: did:plc:xwjzxrdfdrjlez6zvjm735xn')
2026-03-04T04:33:58Z WARNING bsky_collector_v2.job.index_feed_generators: listRecords failed repo=did:plc:hfigmeubdj2yes7vfa7t4gc2 err=HttpError('InvalidRequest: Could not find repo: did:plc:hfigmeubdj2yes7vfa7t4gc2')
2026-03-04T04:33:58Z WARNING bsky_collector_v2.job.index_feed_generators: listRecords failed repo=did:plc:xwjzxrdfdrjlez6zvjm735xn err=HttpError('InvalidRequest: Could not find repo: did:plc:xwjzxrdfdrjlez6zvjm735xn')
2026-03-04T04:33:58Z INFO bsky_collector_v2.job.index_feed_generators: enqueued repos page=8 mode=listRepos inserted=500 repos_returned=500 next_cursor=set
2026-03-04T04:35:32Z INFO bsky_collector_v2.job.index_feed_generators: indexed repo=did:plc:yqtrdnbxfvwwovdx4hifgnrt part=125 records=2 next_cursor=set
2026-03-04T04:35:37Z INFO bsky_collector_v2.job.index_feed_generators: enqueued repos page=9 mode=listRepos inserted=500 repos_returned=500 next_cursor=set
2026-03-04T04:35:39Z INFO bsky_collector_v2.job.index_feed_generators: indexed repo=did:plc:2su52uejyvgporcckxya5qla part=126 records=2 next_cursor=set
2026-03-04T04:35:39Z WARNING bsky_collector_v2.job.index_feed_generators: listRecords failed repo=did:plc:2v256u6os2dhftza2moijbrw err=HttpError('InvalidRequest: Could not find repo: did:plc:2v256u6os2dhftza2moijbrw')
2026-03-04T04:36:26Z WARNING bsky_collector_v2.job.index_feed_generators: listRecords failed repo=did:plc:kvgkj35dbg3awlcwvl22k2w6 err=HttpError('InvalidRequest: Could not find repo: did:plc:kvgkj35dbg3awlcwvl22k2w6')
2026-03-04T04:36:35Z INFO bsky_collector_v2.job.index_feed_generators: indexed repo=did:plc:ojlwoq6ijynpvydfr6ttxe44 part=127 records=1 next_cursor=set
2026-03-04T04:36:45Z INFO bsky_collector_v2.job.index_feed_generators: indexed repo=did:plc:qs6w4xf3o32vxrimhjaklgyg part=128 records=2 next_cursor=set
2026-03-04T04:36:45Z WARNING bsky_collector_v2.job.index_feed_generators: listRecords failed repo=did:plc:qsfpo2dar2ldt6acoi6mlxay err=HttpError('InvalidRequest: Could not find repo: did:plc:qsfpo2dar2ldt6acoi6mlxay')
2026-03-04T04:36:52Z INFO bsky_collector_v2.job.index_feed_generators: indexed repo=did:plc:twosmveyvydnilwmqf6j6xaa part=129 records=3 next_cursor=set
2026-03-04T04:36:53Z INFO bsky_collector_v2.job.index_feed_generators: indexed repo=did:plc:u3lzfyz7t7cwxsd7i3b7elth part=130 records=5 next_cursor=set
2026-03-04T04:37:03Z INFO bsky_collector_v2.job.index_feed_generators: indexed repo=did:plc:xofz4lsyo2uvyxunab43x4m7 part=131 records=1 next_cursor=set
2026-03-04T04:37:10Z WARNING bsky_collector_v2.job.index_feed_generators: listRecords failed repo=did:plc:2v256u6os2dhftza2moijbrw err=HttpError('InvalidRequest: Could not find repo: did:plc:2v256u6os2dhftza2moijbrw')
2026-03-04T04:37:10Z WARNING bsky_collector_v2.job.index_feed_generators: listRecords failed repo=did:plc:kvgkj35dbg3awlcwvl22k2w6 err=HttpError('InvalidRequest: Could not find repo: did:plc:kvgkj35dbg3awlcwvl22k2w6')
2026-03-04T04:37:10Z WARNING bsky_collector_v2.job.index_feed_generators: listRecords failed repo=did:plc:qsfpo2dar2ldt6acoi6mlxay err=HttpError('InvalidRequest: Could not find repo: did:plc:qsfpo2dar2ldt6acoi6mlxay')
2026-03-04T04:37:10Z WARNING bsky_collector_v2.job.index_feed_generators: listRecords failed repo=did:plc:2v256u6os2dhftza2moijbrw err=HttpError('InvalidRequest: Could not find repo: did:plc:2v256u6os2dhftza2moijbrw')
2026-03-04T04:37:11Z WARNING bsky_collector_v2.job.index_feed_generators: listRecords failed repo=did:plc:kvgkj35dbg3awlcwvl22k2w6 err=HttpError('InvalidRequest: Could not find repo: did:plc:kvgkj35dbg3awlcwvl22k2w6')
2026-03-04T04:37:11Z WARNING bsky_collector_v2.job.index_feed_generators: listRecords failed repo=did:plc:qsfpo2dar2ldt6acoi6mlxay err=HttpError('InvalidRequest: Could not find repo: did:plc:qsfpo2dar2ldt6acoi6mlxay')
2026-03-04T04:37:11Z INFO bsky_collector_v2.job.index_feed_generators: enqueued repos page=10 mode=listRepos inserted=500 repos_returned=500 next_cursor=set
2026-03-04T04:37:24Z WARNING bsky_collector_v2.job.index_feed_generators: listRecords failed repo=did:plc:6wejrx3cdo2mys2qqbgwqlw3 err=HttpError('InvalidRequest: Could not find repo: did:plc:6wejrx3cdo2mys2qqbgwqlw3')
2026-03-04T04:37:32Z INFO bsky_collector_v2.job.index_feed_generators: indexed repo=did:plc:bo4rip6dbxzg7okdfnrtwlhf part=132 records=1 next_cursor=set
2026-03-04T04:38:20Z INFO bsky_collector_v2.job.index_feed_generators: indexed repo=did:plc:puzoo6k6detw7d6meykwrebd part=133 records=2 next_cursor=set
2026-03-04T04:38:49Z WARNING bsky_collector_v2.job.index_feed_generators: listRecords failed repo=did:plc:6wejrx3cdo2mys2qqbgwqlw3 err=HttpError('InvalidRequest: Could not find repo: did:plc:6wejrx3cdo2mys2qqbgwqlw3')
2026-03-04T04:38:50Z WARNING bsky_collector_v2.job.index_feed_generators: listRecords failed repo=did:plc:6wejrx3cdo2mys2qqbgwqlw3 err=HttpError('InvalidRequest: Could not find repo: did:plc:6wejrx3cdo2mys2qqbgwqlw3')
2026-03-04T04:38:50Z INFO bsky_collector_v2.job.index_feed_generators: enqueued repos page=11 mode=listRepos inserted=500 repos_returned=500 next_cursor=set
2026-03-04T04:39:03Z INFO bsky_collector_v2.job.index_feed_generators: indexed repo=did:plc:7bxo4ojxga2mbrfdjvlnxlrk part=134 records=2 next_cursor=set
2026-03-04T04:40:27Z INFO bsky_collector_v2.job.index_feed_generators: enqueued repos page=12 mode=listRepos inserted=500 repos_returned=500 next_cursor=set
2026-03-04T04:40:50Z WARNING bsky_collector_v2.job.index_feed_generators: listRecords failed repo=did:plc:ckuvcm3lnk627gjgottutynh err=HttpError('InvalidRequest: Could not find repo: did:plc:ckuvcm3lnk627gjgottutynh')
2026-03-04T04:41:07Z WARNING bsky_collector_v2.job.index_feed_generators: listRecords failed repo=did:plc:hhy5cdhjs6oiuisortwvs5at err=HttpError('InvalidRequest: Could not find repo: did:plc:hhy5cdhjs6oiuisortwvs5at')
2026-03-04T04:41:33Z WARNING bsky_collector_v2.job.index_feed_generators: listRecords failed repo=did:plc:qhkvjjgdv5xhpnhb6s5n5wpk err=HttpError('InvalidRequest: Could not find repo: did:plc:qhkvjjgdv5xhpnhb6s5n5wpk')
2026-03-04T04:42:02Z WARNING bsky_collector_v2.job.index_feed_generators: listRecords failed repo=did:plc:ckuvcm3lnk627gjgottutynh err=HttpError('InvalidRequest: Could not find repo: did:plc:ckuvcm3lnk627gjgottutynh')
2026-03-04T04:42:02Z WARNING bsky_collector_v2.job.index_feed_generators: listRecords failed repo=did:plc:hhy5cdhjs6oiuisortwvs5at err=HttpError('InvalidRequest: Could not find repo: did:plc:hhy5cdhjs6oiuisortwvs5at')
2026-03-04T04:42:02Z WARNING bsky_collector_v2.job.index_feed_generators: listRecords failed repo=did:plc:qhkvjjgdv5xhpnhb6s5n5wpk err=HttpError('InvalidRequest: Could not find repo: did:plc:qhkvjjgdv5xhpnhb6s5n5wpk')
2026-03-04T04:42:02Z WARNING bsky_collector_v2.job.index_feed_generators: listRecords failed repo=did:plc:ckuvcm3lnk627gjgottutynh err=HttpError('InvalidRequest: Could not find repo: did:plc:ckuvcm3lnk627gjgottutynh')
2026-03-04T04:42:03Z WARNING bsky_collector_v2.job.index_feed_generators: listRecords failed repo=did:plc:hhy5cdhjs6oiuisortwvs5at err=HttpError('InvalidRequest: Could not find repo: did:plc:hhy5cdhjs6oiuisortwvs5at')
2026-03-04T04:42:03Z WARNING bsky_collector_v2.job.index_feed_generators: listRecords failed repo=did:plc:qhkvjjgdv5xhpnhb6s5n5wpk err=HttpError('InvalidRequest: Could not find repo: did:plc:qhkvjjgdv5xhpnhb6s5n5wpk')
2026-03-04T04:42:03Z INFO bsky_collector_v2.job.index_feed_generators: enqueued repos page=13 mode=listRepos inserted=500 repos_returned=500 next_cursor=set
2026-03-04T04:42:23Z WARNING bsky_collector_v2.job.index_feed_generators: listRecords failed repo=did:plc:7s5mwscf7aftku7nivuvqhdd err=HttpError('InvalidRequest: Could not find repo: did:plc:7s5mwscf7aftku7nivuvqhdd')
2026-03-04T04:42:41Z WARNING bsky_collector_v2.job.index_feed_generators: listRecords failed repo=did:plc:fyok4wb34pheqiof5qyo2squ err=HttpError('InvalidRequest: Could not find repo: did:plc:fyok4wb34pheqiof5qyo2squ')
2026-03-04T04:43:38Z WARNING bsky_collector_v2.job.index_feed_generators: listRecords failed repo=did:plc:znmxyxdl46me3h3kq3gmahfw err=HttpError('InvalidRequest: Could not find repo: did:plc:znmxyxdl46me3h3kq3gmahfw')
2026-03-04T04:43:39Z WARNING bsky_collector_v2.job.index_feed_generators: listRecords failed repo=did:plc:7s5mwscf7aftku7nivuvqhdd err=HttpError('InvalidRequest: Could not find repo: did:plc:7s5mwscf7aftku7nivuvqhdd')
2026-03-04T04:43:39Z WARNING bsky_collector_v2.job.index_feed_generators: listRecords failed repo=did:plc:fyok4wb34pheqiof5qyo2squ err=HttpError('InvalidRequest: Could not find repo: did:plc:fyok4wb34pheqiof5qyo2squ')
2026-03-04T04:43:39Z WARNING bsky_collector_v2.job.index_feed_generators: listRecords failed repo=did:plc:znmxyxdl46me3h3kq3gmahfw err=HttpError('InvalidRequest: Could not find repo: did:plc:znmxyxdl46me3h3kq3gmahfw')
2026-03-04T04:43:39Z WARNING bsky_collector_v2.job.index_feed_generators: listRecords failed repo=did:plc:7s5mwscf7aftku7nivuvqhdd err=HttpError('InvalidRequest: Could not find repo: did:plc:7s5mwscf7aftku7nivuvqhdd')
2026-03-04T04:43:39Z WARNING bsky_collector_v2.job.index_feed_generators: listRecords failed repo=did:plc:fyok4wb34pheqiof5qyo2squ err=HttpError('InvalidRequest: Could not find repo: did:plc:fyok4wb34pheqiof5qyo2squ')
2026-03-04T04:43:39Z WARNING bsky_collector_v2.job.index_feed_generators: listRecords failed repo=did:plc:znmxyxdl46me3h3kq3gmahfw err=HttpError('InvalidRequest: Could not find repo: did:plc:znmxyxdl46me3h3kq3gmahfw')
2026-03-04T04:43:40Z INFO bsky_collector_v2.job.index_feed_generators: enqueued repos page=14 mode=listRepos inserted=500 repos_returned=500 next_cursor=set
2026-03-04T04:44:26Z WARNING bsky_collector_v2.job.index_feed_generators: listRecords failed repo=did:plc:jqxfcynzg2iv64yfpbzk4xkr err=HttpError('InvalidRequest: Could not find repo: did:plc:jqxfcynzg2iv64yfpbzk4xkr')
2026-03-04T04:44:45Z WARNING bsky_collector_v2.job.index_feed_generators: listRecords failed repo=did:plc:qhwmtqnmzwydd4y2f4ombr2d err=HttpError('InvalidRequest: Could not find repo: did:plc:qhwmtqnmzwydd4y2f4ombr2d')
2026-03-04T04:45:02Z INFO bsky_collector_v2.job.index_feed_generators: indexed repo=did:plc:xi5besqebrqk3dpva3jgic3k part=135 records=1 next_cursor=set
2026-03-04T04:45:03Z WARNING bsky_collector_v2.job.index_feed_generators: listRecords failed repo=did:plc:xvfcdi2kqz2ti7tchafhoeqg err=HttpError('InvalidRequest: Could not find repo: did:plc:xvfcdi2kqz2ti7tchafhoeqg')
2026-03-04T04:45:08Z WARNING bsky_collector_v2.job.index_feed_generators: listRecords failed repo=did:plc:jqxfcynzg2iv64yfpbzk4xkr err=HttpError('InvalidRequest: Could not find repo: did:plc:jqxfcynzg2iv64yfpbzk4xkr')
2026-03-04T04:45:08Z WARNING bsky_collector_v2.job.index_feed_generators: listRecords failed repo=did:plc:qhwmtqnmzwydd4y2f4ombr2d err=HttpError('InvalidRequest: Could not find repo: did:plc:qhwmtqnmzwydd4y2f4ombr2d')
2026-03-04T04:45:09Z WARNING bsky_collector_v2.job.index_feed_generators: listRecords failed repo=did:plc:xvfcdi2kqz2ti7tchafhoeqg err=HttpError('InvalidRequest: Could not find repo: did:plc:xvfcdi2kqz2ti7tchafhoeqg')
2026-03-04T04:45:09Z WARNING bsky_collector_v2.job.index_feed_generators: listRecords failed repo=did:plc:jqxfcynzg2iv64yfpbzk4xkr err=HttpError('InvalidRequest: Could not find repo: did:plc:jqxfcynzg2iv64yfpbzk4xkr')
2026-03-04T04:45:09Z WARNING bsky_collector_v2.job.index_feed_generators: listRecords failed repo=did:plc:qhwmtqnmzwydd4y2f4ombr2d err=HttpError('InvalidRequest: Could not find repo: did:plc:qhwmtqnmzwydd4y2f4ombr2d')
2026-03-04T04:45:09Z WARNING bsky_collector_v2.job.index_feed_generators: listRecords failed repo=did:plc:xvfcdi2kqz2ti7tchafhoeqg err=HttpError('InvalidRequest: Could not find repo: did:plc:xvfcdi2kqz2ti7tchafhoeqg')
2026-03-04T04:45:09Z INFO bsky_collector_v2.job.index_feed_generators: enqueued repos page=15 mode=listRepos inserted=500 repos_returned=500 next_cursor=set
2026-03-04T04:45:11Z INFO bsky_collector_v2.job.index_feed_generators: indexed repo=did:plc:2sncjoodxmlq7du2ie2bj5qt part=136 records=1 next_cursor=set
2026-03-04T04:45:19Z WARNING bsky_collector_v2.job.index_feed_generators: listRecords failed repo=did:plc:66jamnpuit5hn5swoy6jylat err=HttpError('InvalidRequest: Could not find repo: did:plc:66jamnpuit5hn5swoy6jylat')
2026-03-04T04:46:36Z INFO bsky_collector_v2.job.index_feed_generators: indexed repo=did:plc:yo2vouvlrzqpdogcxauuhevf part=137 records=1 next_cursor=set
2026-03-04T04:46:41Z WARNING bsky_collector_v2.job.index_feed_generators: listRecords failed repo=did:plc:66jamnpuit5hn5swoy6jylat err=HttpError('InvalidRequest: Could not find repo: did:plc:66jamnpuit5hn5swoy6jylat')
2026-03-04T04:46:41Z WARNING bsky_collector_v2.job.index_feed_generators: listRecords failed repo=did:plc:66jamnpuit5hn5swoy6jylat err=HttpError('InvalidRequest: Could not find repo: did:plc:66jamnpuit5hn5swoy6jylat')
2026-03-04T04:46:42Z INFO bsky_collector_v2.job.index_feed_generators: enqueued repos page=16 mode=listRepos inserted=500 repos_returned=500 next_cursor=set
2026-03-04T04:47:59Z WARNING bsky_collector_v2.job.index_feed_generators: listRecords failed repo=did:plc:vj2rshl2ach7mtv7lo346gzi err=HttpError('InvalidRequest: Could not find repo: did:plc:vj2rshl2ach7mtv7lo346gzi')
2026-03-04T04:48:14Z WARNING bsky_collector_v2.job.index_feed_generators: listRecords failed repo=did:plc:vj2rshl2ach7mtv7lo346gzi err=HttpError('InvalidRequest: Could not find repo: did:plc:vj2rshl2ach7mtv7lo346gzi')
2026-03-04T04:48:14Z WARNING bsky_collector_v2.job.index_feed_generators: listRecords failed repo=did:plc:vj2rshl2ach7mtv7lo346gzi err=HttpError('InvalidRequest: Could not find repo: did:plc:vj2rshl2ach7mtv7lo346gzi')
2026-03-04T04:48:14Z INFO bsky_collector_v2.job.index_feed_generators: enqueued repos page=17 mode=listRepos inserted=500 repos_returned=500 next_cursor=set
2026-03-04T04:50:00Z WARNING bsky_collector_v2.job.index_feed_generators: listRecords failed repo=did:plc:xhp3eurv2oy3pvhxm5wxodi6 err=HttpError('InvalidRequest: Could not find repo: did:plc:xhp3eurv2oy3pvhxm5wxodi6')
2026-03-04T04:50:08Z WARNING bsky_collector_v2.job.index_feed_generators: listRecords failed repo=did:plc:xhp3eurv2oy3pvhxm5wxodi6 err=HttpError('InvalidRequest: Could not find repo: did:plc:xhp3eurv2oy3pvhxm5wxodi6')
2026-03-04T04:50:08Z WARNING bsky_collector_v2.job.index_feed_generators: listRecords failed repo=did:plc:xhp3eurv2oy3pvhxm5wxodi6 err=HttpError('InvalidRequest: Could not find repo: did:plc:xhp3eurv2oy3pvhxm5wxodi6')
2026-03-04T04:50:09Z INFO bsky_collector_v2.job.index_feed_generators: enqueued repos page=18 mode=listRepos inserted=500 repos_returned=500 next_cursor=set
2026-03-04T04:50:44Z WARNING bsky_collector_v2.job.index_feed_generators: listRecords failed repo=did:plc:cii6ppat63qolgut2wwxpfpg err=HttpError('InvalidRequest: Could not find repo: did:plc:cii6ppat63qolgut2wwxpfpg')
2026-03-04T04:51:51Z WARNING bsky_collector_v2.job.index_feed_generators: listRecords failed repo=did:plc:cii6ppat63qolgut2wwxpfpg err=HttpError('InvalidRequest: Could not find repo: did:plc:cii6ppat63qolgut2wwxpfpg')
2026-03-04T04:51:51Z WARNING bsky_collector_v2.job.index_feed_generators: listRecords failed repo=did:plc:cii6ppat63qolgut2wwxpfpg err=HttpError('InvalidRequest: Could not find repo: did:plc:cii6ppat63qolgut2wwxpfpg')
2026-03-04T04:51:52Z INFO bsky_collector_v2.job.index_feed_generators: enqueued repos page=19 mode=listRepos inserted=500 repos_returned=500 next_cursor=set
2026-03-04T04:53:21Z INFO bsky_collector_v2.job.index_feed_generators: enqueued repos page=20 mode=listRepos inserted=500 repos_returned=500 next_cursor=set
2026-03-04T04:53:23Z WARNING bsky_collector_v2.job.index_feed_generators: listRecords failed repo=did:plc:2lrkyzxxo72ovv7d7i3jw5da err=HttpError('InvalidRequest: Could not find repo: did:plc:2lrkyzxxo72ovv7d7i3jw5da')
2026-03-04T04:53:49Z INFO bsky_collector_v2.job.index_feed_generators: indexed repo=did:plc:bwzuvunea6u57sziy7au5uyc part=138 records=1 next_cursor=set
2026-03-04T04:54:44Z WARNING bsky_collector_v2.job.index_feed_generators: listRecords failed repo=did:plc:xss2g27xw3m4bmrpkv7h2dal err=HttpError('InvalidRequest: Could not find repo: did:plc:xss2g27xw3m4bmrpkv7h2dal')
2026-03-04T04:54:59Z WARNING bsky_collector_v2.job.index_feed_generators: listRecords failed repo=did:plc:2lrkyzxxo72ovv7d7i3jw5da err=HttpError('InvalidRequest: Could not find repo: did:plc:2lrkyzxxo72ovv7d7i3jw5da')
2026-03-04T04:55:00Z WARNING bsky_collector_v2.job.index_feed_generators: listRecords failed repo=did:plc:xss2g27xw3m4bmrpkv7h2dal err=HttpError('InvalidRequest: Could not find repo: did:plc:xss2g27xw3m4bmrpkv7h2dal')
2026-03-04T04:55:00Z WARNING bsky_collector_v2.job.index_feed_generators: listRecords failed repo=did:plc:2lrkyzxxo72ovv7d7i3jw5da err=HttpError('InvalidRequest: Could not find repo: did:plc:2lrkyzxxo72ovv7d7i3jw5da')
2026-03-04T04:55:00Z WARNING bsky_collector_v2.job.index_feed_generators: listRecords failed repo=did:plc:xss2g27xw3m4bmrpkv7h2dal err=HttpError('InvalidRequest: Could not find repo: did:plc:xss2g27xw3m4bmrpkv7h2dal')
2026-03-04T04:55:01Z INFO bsky_collector_v2.job.index_feed_generators: enqueued repos page=21 mode=listRepos inserted=500 repos_returned=500 next_cursor=set
2026-03-04T04:55:02Z INFO bsky_collector_v2.job.index_feed_generators: indexed repo=did:plc:2ac66nvsk6ijsnve4izvthbg part=139 records=1 next_cursor=set
2026-03-04T04:55:29Z WARNING bsky_collector_v2.job.index_feed_generators: listRecords failed repo=did:plc:bcb2cfeimjukmgywnamba7tj err=HttpError('InvalidRequest: Could not find repo: did:plc:bcb2cfeimjukmgywnamba7tj')
2026-03-04T04:56:36Z WARNING bsky_collector_v2.job.index_feed_generators: listRecords failed repo=did:plc:wouxoj7uolqisjlpfidphis3 err=HttpError('InvalidRequest: Could not find repo: did:plc:wouxoj7uolqisjlpfidphis3')
2026-03-04T04:56:47Z WARNING bsky_collector_v2.job.index_feed_generators: listRecords failed repo=did:plc:bcb2cfeimjukmgywnamba7tj err=HttpError('InvalidRequest: Could not find repo: did:plc:bcb2cfeimjukmgywnamba7tj')
2026-03-04T04:56:47Z WARNING bsky_collector_v2.job.index_feed_generators: listRecords failed repo=did:plc:wouxoj7uolqisjlpfidphis3 err=HttpError('InvalidRequest: Could not find repo: did:plc:wouxoj7uolqisjlpfidphis3')
2026-03-04T04:56:48Z WARNING bsky_collector_v2.job.index_feed_generators: listRecords failed repo=did:plc:bcb2cfeimjukmgywnamba7tj err=HttpError('InvalidRequest: Could not find repo: did:plc:bcb2cfeimjukmgywnamba7tj')
2026-03-04T04:56:48Z WARNING bsky_collector_v2.job.index_feed_generators: listRecords failed repo=did:plc:wouxoj7uolqisjlpfidphis3 err=HttpError('InvalidRequest: Could not find repo: did:plc:wouxoj7uolqisjlpfidphis3')
2026-03-04T04:56:48Z INFO bsky_collector_v2.job.index_feed_generators: enqueued repos page=22 mode=listRepos inserted=500 repos_returned=500 next_cursor=set
2026-03-04T04:56:53Z INFO bsky_collector_v2.job.index_feed_generators: indexed repo=did:plc:3tdb4glnqs56o5azzert67cm part=140 records=1 next_cursor=set
2026-03-04T04:57:38Z INFO bsky_collector_v2.job.index_feed_generators: indexed repo=did:plc:kjhnqifduqb475rgptavtst2 part=141 records=1 next_cursor=set
2026-03-04T04:58:45Z INFO bsky_collector_v2.job.index_feed_generators: enqueued repos page=23 mode=listRepos inserted=500 repos_returned=500 next_cursor=set
2026-03-04T04:59:52Z INFO bsky_collector_v2.job.index_feed_generators: indexed repo=did:plc:ouj2pwofmklfmcjqkdg3yad4 part=142 records=6 next_cursor=set
2026-03-04T04:59:54Z WARNING bsky_collector_v2.job.index_feed_generators: listRecords failed repo=did:plc:pseul23z2jr5zps36qr4gbae err=HttpError('InvalidRequest: Could not find repo: did:plc:pseul23z2jr5zps36qr4gbae')
2026-03-04T05:00:14Z INFO bsky_collector_v2.job.index_feed_generators: indexed repo=did:plc:xkpvxfq33v6fmyjb5jkwhrkq part=143 records=1 next_cursor=set
2026-03-04T05:00:19Z WARNING bsky_collector_v2.job.index_feed_generators: listRecords failed repo=did:plc:pseul23z2jr5zps36qr4gbae err=HttpError('InvalidRequest: Could not find repo: did:plc:pseul23z2jr5zps36qr4gbae')
2026-03-04T05:00:19Z WARNING bsky_collector_v2.job.index_feed_generators: listRecords failed repo=did:plc:pseul23z2jr5zps36qr4gbae err=HttpError('InvalidRequest: Could not find repo: did:plc:pseul23z2jr5zps36qr4gbae')
2026-03-04T05:00:20Z INFO bsky_collector_v2.job.index_feed_generators: enqueued repos page=24 mode=listRepos inserted=500 repos_returned=500 next_cursor=set
2026-03-04T05:01:45Z INFO bsky_collector_v2.job.index_feed_generators: enqueued repos page=25 mode=listRepos inserted=500 repos_returned=500 next_cursor=set
2026-03-04T05:02:23Z WARNING bsky_collector_v2.job.index_feed_generators: listRecords failed repo=did:plc:e7irw4yomj2huzxbdznam3vk err=HttpError('InvalidRequest: Could not find repo: did:plc:e7irw4yomj2huzxbdznam3vk')
2026-03-04T05:03:10Z INFO bsky_collector_v2.job.index_feed_generators: indexed repo=did:plc:vyomxnkluifqvue7n5ce7qlp part=144 records=3 next_cursor=set
2026-03-04T05:03:23Z WARNING bsky_collector_v2.job.index_feed_generators: listRecords failed repo=did:plc:e7irw4yomj2huzxbdznam3vk err=HttpError('InvalidRequest: Could not find repo: did:plc:e7irw4yomj2huzxbdznam3vk')
2026-03-04T05:03:23Z WARNING bsky_collector_v2.job.index_feed_generators: listRecords failed repo=did:plc:e7irw4yomj2huzxbdznam3vk err=HttpError('InvalidRequest: Could not find repo: did:plc:e7irw4yomj2huzxbdznam3vk')
2026-03-04T05:03:24Z INFO bsky_collector_v2.job.index_feed_generators: enqueued repos page=26 mode=listRepos inserted=500 repos_returned=500 next_cursor=set
2026-03-04T05:04:12Z WARNING bsky_collector_v2.job.index_feed_generators: listRecords failed repo=did:plc:ltrood7diqqehapx2azn6b7j err=HttpError('InvalidRequest: Could not find repo: did:plc:ltrood7diqqehapx2azn6b7j')
2026-03-04T05:04:16Z WARNING bsky_collector_v2.job.index_feed_generators: listRecords failed repo=did:plc:nhu565hczex7zxo25sl3xr3o err=HttpError('InvalidRequest: Could not find repo: did:plc:nhu565hczex7zxo25sl3xr3o')
2026-03-04T05:04:55Z WARNING bsky_collector_v2.job.index_feed_generators: listRecords failed repo=did:plc:ltrood7diqqehapx2azn6b7j err=HttpError('InvalidRequest: Could not find repo: did:plc:ltrood7diqqehapx2azn6b7j')
2026-03-04T05:04:55Z WARNING bsky_collector_v2.job.index_feed_generators: listRecords failed repo=did:plc:nhu565hczex7zxo25sl3xr3o err=HttpError('InvalidRequest: Could not find repo: did:plc:nhu565hczex7zxo25sl3xr3o')
2026-03-04T05:04:55Z WARNING bsky_collector_v2.job.index_feed_generators: listRecords failed repo=did:plc:ltrood7diqqehapx2azn6b7j err=HttpError('InvalidRequest: Could not find repo: did:plc:ltrood7diqqehapx2azn6b7j')
2026-03-04T05:04:55Z WARNING bsky_collector_v2.job.index_feed_generators: listRecords failed repo=did:plc:nhu565hczex7zxo25sl3xr3o err=HttpError('InvalidRequest: Could not find repo: did:plc:nhu565hczex7zxo25sl3xr3o')
2026-03-04T05:04:55Z INFO bsky_collector_v2.job.index_feed_generators: enqueued repos page=27 mode=listRepos inserted=500 repos_returned=500 next_cursor=set
2026-03-04T05:06:28Z INFO bsky_collector_v2.job.index_feed_generators: enqueued repos page=28 mode=listRepos inserted=500 repos_returned=500 next_cursor=set
2026-03-04T05:06:29Z WARNING bsky_collector_v2.job.index_feed_generators: listRecords failed repo=did:plc:2ltb3xg7zgxgfjuem5fgfqvt err=HttpError('InvalidRequest: Could not find repo: did:plc:2ltb3xg7zgxgfjuem5fgfqvt')
2026-03-04T05:07:21Z WARNING bsky_collector_v2.job.index_feed_generators: listRecords failed repo=did:plc:nset3g4eegrfnwjqyxnmlvj5 err=HttpError('InvalidRequest: Could not find repo: did:plc:nset3g4eegrfnwjqyxnmlvj5')
2026-03-04T05:07:36Z WARNING bsky_collector_v2.job.index_feed_generators: listRecords failed repo=did:plc:svfx2be2sizqadtmcmsa3zmt err=HttpError('InvalidRequest: Could not find repo: did:plc:svfx2be2sizqadtmcmsa3zmt')
2026-03-04T05:08:00Z WARNING bsky_collector_v2.job.index_feed_generators: listRecords failed repo=did:plc:2ltb3xg7zgxgfjuem5fgfqvt err=HttpError('InvalidRequest: Could not find repo: did:plc:2ltb3xg7zgxgfjuem5fgfqvt')
2026-03-04T05:08:00Z WARNING bsky_collector_v2.job.index_feed_generators: listRecords failed repo=did:plc:nset3g4eegrfnwjqyxnmlvj5 err=HttpError('InvalidRequest: Could not find repo: did:plc:nset3g4eegrfnwjqyxnmlvj5')
2026-03-04T05:08:00Z WARNING bsky_collector_v2.job.index_feed_generators: listRecords failed repo=did:plc:svfx2be2sizqadtmcmsa3zmt err=HttpError('InvalidRequest: Could not find repo: did:plc:svfx2be2sizqadtmcmsa3zmt')
2026-03-04T05:08:01Z WARNING bsky_collector_v2.job.index_feed_generators: listRecords failed repo=did:plc:2ltb3xg7zgxgfjuem5fgfqvt err=HttpError('InvalidRequest: Could not find repo: did:plc:2ltb3xg7zgxgfjuem5fgfqvt')
2026-03-04T05:08:01Z WARNING bsky_collector_v2.job.index_feed_generators: listRecords failed repo=did:plc:nset3g4eegrfnwjqyxnmlvj5 err=HttpError('InvalidRequest: Could not find repo: did:plc:nset3g4eegrfnwjqyxnmlvj5')
2026-03-04T05:08:01Z WARNING bsky_collector_v2.job.index_feed_generators: listRecords failed repo=did:plc:svfx2be2sizqadtmcmsa3zmt err=HttpError('InvalidRequest: Could not find repo: did:plc:svfx2be2sizqadtmcmsa3zmt')
2026-03-04T05:08:02Z INFO bsky_collector_v2.job.index_feed_generators: enqueued repos page=29 mode=listRepos inserted=500 repos_returned=500 next_cursor=set
2026-03-04T05:08:07Z INFO bsky_collector_v2.job.index_feed_generators: indexed repo=did:plc:2ysizicknic6opcliqfg347d part=145 records=4 next_cursor=set
2026-03-04T05:08:20Z WARNING bsky_collector_v2.job.index_feed_generators: listRecords failed repo=did:plc:5wiaf3frsuim4itiyoc2q5rz err=HttpError('InvalidRequest: Could not find repo: did:plc:5wiaf3frsuim4itiyoc2q5rz')
2026-03-04T05:09:33Z INFO bsky_collector_v2.job.index_feed_generators: indexed repo=did:plc:t3mdcpbyzpggk36gvg2dlkoq part=146 records=3 next_cursor=set
2026-03-04T05:09:53Z WARNING bsky_collector_v2.job.index_feed_generators: listRecords failed repo=did:plc:zwg4s4bwsjxrctgz2qsptfuw err=HttpError('InvalidRequest: Could not find repo: did:plc:zwg4s4bwsjxrctgz2qsptfuw')
2026-03-04T05:09:53Z WARNING bsky_collector_v2.job.index_feed_generators: listRecords failed repo=did:plc:5wiaf3frsuim4itiyoc2q5rz err=HttpError('InvalidRequest: Could not find repo: did:plc:5wiaf3frsuim4itiyoc2q5rz')
2026-03-04T05:09:53Z WARNING bsky_collector_v2.job.index_feed_generators: listRecords failed repo=did:plc:zwg4s4bwsjxrctgz2qsptfuw err=HttpError('InvalidRequest: Could not find repo: did:plc:zwg4s4bwsjxrctgz2qsptfuw')
2026-03-04T05:09:53Z WARNING bsky_collector_v2.job.index_feed_generators: listRecords failed repo=did:plc:5wiaf3frsuim4itiyoc2q5rz err=HttpError('InvalidRequest: Could not find repo: did:plc:5wiaf3frsuim4itiyoc2q5rz')
2026-03-04T05:09:54Z WARNING bsky_collector_v2.job.index_feed_generators: listRecords failed repo=did:plc:zwg4s4bwsjxrctgz2qsptfuw err=HttpError('InvalidRequest: Could not find repo: did:plc:zwg4s4bwsjxrctgz2qsptfuw')
2026-03-04T05:09:54Z INFO bsky_collector_v2.job.index_feed_generators: enqueued repos page=30 mode=listRepos inserted=500 repos_returned=500 next_cursor=set
2026-03-04T05:09:57Z INFO bsky_collector_v2.job.index_feed_generators: indexed repo=did:plc:2tfjk5ws4sclyxj5wzizgs4x part=147 records=1 next_cursor=set
2026-03-04T05:11:36Z INFO bsky_collector_v2.job.index_feed_generators: enqueued repos page=31 mode=listRepos inserted=500 repos_returned=500 next_cursor=set
2026-03-04T05:11:59Z INFO bsky_collector_v2.job.index_feed_generators: indexed repo=did:plc:ag77xjg3hkbek67lcwwl3mtx part=148 records=1 next_cursor=set
2026-03-04T05:12:05Z INFO bsky_collector_v2.job.index_feed_generators: indexed repo=did:plc:c2kmghgiy2doepmuhjfihpzc part=149 records=1 next_cursor=set
2026-03-04T05:13:19Z WARNING bsky_collector_v2.job.index_feed_generators: listRecords failed repo=did:plc:yy7ow4fevce4nfblkfdx4l7n err=HttpError('InvalidRequest: Could not find repo: did:plc:yy7ow4fevce4nfblkfdx4l7n')
2026-03-04T05:13:23Z WARNING bsky_collector_v2.job.index_feed_generators: listRecords failed repo=did:plc:yy7ow4fevce4nfblkfdx4l7n err=HttpError('InvalidRequest: Could not find repo: did:plc:yy7ow4fevce4nfblkfdx4l7n')
2026-03-04T05:13:23Z WARNING bsky_collector_v2.job.index_feed_generators: listRecords failed repo=did:plc:yy7ow4fevce4nfblkfdx4l7n err=HttpError('InvalidRequest: Could not find repo: did:plc:yy7ow4fevce4nfblkfdx4l7n')
2026-03-04T05:13:23Z INFO bsky_collector_v2.job.index_feed_generators: enqueued repos page=32 mode=listRepos inserted=500 repos_returned=500 next_cursor=set
2026-03-04T05:14:07Z WARNING bsky_collector_v2.job.index_feed_generators: listRecords failed repo=did:plc:jm5ac6rz43ycgeg5eg2rpgih err=HttpError('InvalidRequest: Could not find repo: did:plc:jm5ac6rz43ycgeg5eg2rpgih')
2026-03-04T05:14:53Z INFO bsky_collector_v2.job.index_feed_generators: indexed repo=did:plc:ym5ux6ouna55wtc62srocq5c part=150 records=1 next_cursor=set
2026-03-04T05:14:56Z WARNING bsky_collector_v2.job.index_feed_generators: listRecords failed repo=did:plc:jm5ac6rz43ycgeg5eg2rpgih err=HttpError('InvalidRequest: Could not find repo: did:plc:jm5ac6rz43ycgeg5eg2rpgih')
2026-03-04T05:14:57Z WARNING bsky_collector_v2.job.index_feed_generators: listRecords failed repo=did:plc:jm5ac6rz43ycgeg5eg2rpgih err=HttpError('InvalidRequest: Could not find repo: did:plc:jm5ac6rz43ycgeg5eg2rpgih')
2026-03-04T05:14:57Z INFO bsky_collector_v2.job.index_feed_generators: enqueued repos page=33 mode=listRepos inserted=500 repos_returned=500 next_cursor=set
2026-03-04T05:15:16Z INFO bsky_collector_v2.job.index_feed_generators: indexed repo=did:plc:anh3drltq2hmj55qisgfssug part=151 records=2 next_cursor=set
2026-03-04T05:15:42Z WARNING bsky_collector_v2.job.index_feed_generators: listRecords failed repo=did:plc:jtk6b4e3gjlv3sfyggsh6goc err=HttpError('InvalidRequest: Could not find repo: did:plc:jtk6b4e3gjlv3sfyggsh6goc')
