2026-02-21T02:39:36Z INFO bsky_collector_v2: out_base ok path=D:\BlueSky\data_v2_full mount=D:\
2026-02-21T02:39:36Z INFO bsky_collector_v2: job start subcommand=index-feed-generators dry_run=False resume=True
2026-02-21T02:39:37Z INFO bsky_collector_v2.job.index_feed_generators: feed generator index hosts relay_host=https://bsky.network records_host=https://bsky.social auth=yes
2026-02-21T02:39:37Z INFO bsky_collector_v2.job.index_feed_generators: indexed repo=did:plc:6rk6plittl3cyft77kd5vsr7 part=223 records=2 next_cursor=set
2026-02-21T02:39:39Z WARNING bsky_collector_v2.job.index_feed_generators: listRecords failed repo=did:plc:7engpdhltojgwousxfnwhaio err=HttpError('InvalidRequest: Could not find repo: did:plc:7engpdhltojgwousxfnwhaio')
2026-02-21T02:39:40Z WARNING bsky_collector_v2.job.index_feed_generators: listRecords failed repo=did:plc:7m24vnyb3h3grmhgpg2ugvux err=HttpError('InvalidRequest: Could not find repo: did:plc:7m24vnyb3h3grmhgpg2ugvux')
2026-02-21T02:39:43Z WARNING bsky_collector_v2.job.index_feed_generators: listRecords failed repo=did:plc:atheqw6ewmrjhjx5227q3fbp err=HttpError('InvalidRequest: Could not find repo: did:plc:atheqw6ewmrjhjx5227q3fbp')
2026-02-21T02:39:50Z INFO bsky_collector_v2.job.index_feed_generators: indexed repo=did:plc:dhwszfe4o2c3dtsf4iosf7ee part=224 records=1 next_cursor=set
2026-02-21T02:39:53Z INFO bsky_collector_v2.job.index_feed_generators: indexed repo=did:plc:eqstpfzhpifrsclzntegn7wj part=225 records=2 next_cursor=set
2026-02-21T02:40:06Z INFO bsky_collector_v2.job.index_feed_generators: indexed repo=did:plc:jikdscvtlbvddeks3zpfqvmd part=226 records=1 next_cursor=set
2026-02-21T02:40:15Z INFO bsky_collector_v2.job.index_feed_generators: indexed repo=did:plc:lzrlglbrxlucspff7er65dzb part=227 records=2 next_cursor=set
2026-02-21T02:40:24Z INFO bsky_collector_v2.job.index_feed_generators: indexed repo=did:plc:p77736775lwwawwctkudvtnz part=228 records=1 next_cursor=set
2026-02-21T02:40:34Z INFO bsky_collector_v2.job.index_feed_generators: indexed repo=did:plc:scocet7cnllcqthcdy26c7r3 part=229 records=5 next_cursor=set
2026-02-21T02:40:55Z WARNING bsky_collector_v2.job.index_feed_generators: listRecords failed repo=did:plc:7engpdhltojgwousxfnwhaio err=HttpError('InvalidRequest: Could not find repo: did:plc:7engpdhltojgwousxfnwhaio')
2026-02-21T02:40:56Z WARNING bsky_collector_v2.job.index_feed_generators: listRecords failed repo=did:plc:7m24vnyb3h3grmhgpg2ugvux err=HttpError('InvalidRequest: Could not find repo: did:plc:7m24vnyb3h3grmhgpg2ugvux')
2026-02-21T02:40:56Z WARNING bsky_collector_v2.job.index_feed_generators: listRecords failed repo=did:plc:atheqw6ewmrjhjx5227q3fbp err=HttpError('InvalidRequest: Could not find repo: did:plc:atheqw6ewmrjhjx5227q3fbp')
2026-02-21T02:40:56Z WARNING bsky_collector_v2.job.index_feed_generators: listRecords failed repo=did:plc:7engpdhltojgwousxfnwhaio err=HttpError('InvalidRequest: Could not find repo: did:plc:7engpdhltojgwousxfnwhaio')
2026-02-21T02:40:56Z WARNING bsky_collector_v2.job.index_feed_generators: listRecords failed repo=did:plc:7m24vnyb3h3grmhgpg2ugvux err=HttpError('InvalidRequest: Could not find repo: did:plc:7m24vnyb3h3grmhgpg2ugvux')
2026-02-21T02:40:57Z WARNING bsky_collector_v2.job.index_feed_generators: listRecords failed repo=did:plc:atheqw6ewmrjhjx5227q3fbp err=HttpError('InvalidRequest: Could not find repo: did:plc:atheqw6ewmrjhjx5227q3fbp')
2026-02-21T02:40:57Z INFO bsky_collector_v2.job.index_feed_generators: enqueued repos page=1 mode=listRepos inserted=500 repos_returned=500 next_cursor=set
2026-02-21T02:41:57Z INFO bsky_collector_v2.job.index_feed_generators: indexed repo=did:plc:jpkwdlq5uhw2sudd7l7ivydh part=230 records=3 next_cursor=set
2026-02-21T02:42:02Z WARNING bsky_collector_v2.job.index_feed_generators: listRecords failed repo=did:plc:lpaoouhekwizaiufnuuwgubk err=HttpError('InvalidRequest: Could not find repo: did:plc:lpaoouhekwizaiufnuuwgubk')
2026-02-21T02:42:26Z INFO bsky_collector_v2.job.index_feed_generators: indexed repo=did:plc:sh3fptpis6vfbt7dccdwaku3 part=231 records=1 next_cursor=set
2026-02-21T02:42:38Z WARNING bsky_collector_v2.job.index_feed_generators: listRecords failed repo=did:plc:xim7chjui77islege2xb7tjh err=HttpError('InvalidRequest: Could not find repo: did:plc:xim7chjui77islege2xb7tjh')
2026-02-21T02:42:38Z WARNING bsky_collector_v2.job.index_feed_generators: listRecords failed repo=did:plc:xjeovpghoinz7hxipyeusr2s err=HttpError('InvalidRequest: Could not find repo: did:plc:xjeovpghoinz7hxipyeusr2s')
2026-02-21T02:42:43Z WARNING bsky_collector_v2.job.index_feed_generators: listRecords failed repo=did:plc:lpaoouhekwizaiufnuuwgubk err=HttpError('InvalidRequest: Could not find repo: did:plc:lpaoouhekwizaiufnuuwgubk')
2026-02-21T02:42:44Z WARNING bsky_collector_v2.job.index_feed_generators: listRecords failed repo=did:plc:xim7chjui77islege2xb7tjh err=HttpError('InvalidRequest: Could not find repo: did:plc:xim7chjui77islege2xb7tjh')
2026-02-21T02:42:44Z WARNING bsky_collector_v2.job.index_feed_generators: listRecords failed repo=did:plc:xjeovpghoinz7hxipyeusr2s err=HttpError('InvalidRequest: Could not find repo: did:plc:xjeovpghoinz7hxipyeusr2s')
2026-02-21T02:42:44Z WARNING bsky_collector_v2.job.index_feed_generators: listRecords failed repo=did:plc:lpaoouhekwizaiufnuuwgubk err=HttpError('InvalidRequest: Could not find repo: did:plc:lpaoouhekwizaiufnuuwgubk')
2026-02-21T02:42:44Z WARNING bsky_collector_v2.job.index_feed_generators: listRecords failed repo=did:plc:xim7chjui77islege2xb7tjh err=HttpError('InvalidRequest: Could not find repo: did:plc:xim7chjui77islege2xb7tjh')
2026-02-21T02:42:44Z WARNING bsky_collector_v2.job.index_feed_generators: listRecords failed repo=did:plc:xjeovpghoinz7hxipyeusr2s err=HttpError('InvalidRequest: Could not find repo: did:plc:xjeovpghoinz7hxipyeusr2s')
2026-02-21T02:42:45Z INFO bsky_collector_v2.job.index_feed_generators: enqueued repos page=2 mode=listRepos inserted=500 repos_returned=500 next_cursor=set
2026-02-21T02:43:28Z INFO bsky_collector_v2.job.index_feed_generators: indexed repo=did:plc:hvbnece4pn3o6uersq6d26q5 part=232 records=2 next_cursor=set
2026-02-21T02:43:58Z INFO bsky_collector_v2.job.index_feed_generators: indexed repo=did:plc:synwyjcvxtfjfevrhbgdgjwp part=233 records=1 next_cursor=set
2026-02-21T02:44:19Z INFO bsky_collector_v2.job.index_feed_generators: enqueued repos page=3 mode=listRepos inserted=500 repos_returned=500 next_cursor=set
2026-02-21T02:44:26Z INFO bsky_collector_v2.job.index_feed_generators: indexed repo=did:plc:3xfvsv5mziu4siwsqdicpzij part=234 records=1 next_cursor=set
2026-02-21T02:44:41Z INFO bsky_collector_v2.job.index_feed_generators: indexed repo=did:plc:begmuzssbnmgqu362hycxmgm part=235 records=8 next_cursor=set
2026-02-21T02:44:43Z INFO bsky_collector_v2.job.index_feed_generators: indexed repo=did:plc:by74qgipwqqyq246encwhhbt part=236 records=1 next_cursor=set
2026-02-21T02:45:33Z INFO bsky_collector_v2.job.index_feed_generators: indexed repo=did:plc:sz3jf7wlmmc2px6s36qnrgdw part=237 records=3 next_cursor=set
2026-02-21T02:45:35Z INFO bsky_collector_v2.job.index_feed_generators: indexed repo=did:plc:ufxjhgj65yxb4q6kmxuylj65 part=238 records=3 next_cursor=set
2026-02-21T02:45:52Z INFO bsky_collector_v2.job.index_feed_generators: indexed repo=did:plc:zm2ldsmywkqmz33w62ednuhs part=239 records=1 next_cursor=set
2026-02-21T02:45:54Z INFO bsky_collector_v2.job.index_feed_generators: enqueued repos page=4 mode=listRepos inserted=500 repos_returned=500 next_cursor=set
2026-02-21T02:45:56Z WARNING bsky_collector_v2.job.index_feed_generators: listRecords failed repo=did:plc:2n3fmbogcr7wls3x3mfdw5ec err=HttpError('InvalidRequest: Could not find repo: did:plc:2n3fmbogcr7wls3x3mfdw5ec')
2026-02-21T02:46:01Z WARNING bsky_collector_v2.job.index_feed_generators: listRecords failed repo=did:plc:5c4opmzykevrwwiqx2gfcfcw err=HttpError('InvalidRequest: Could not find repo: did:plc:5c4opmzykevrwwiqx2gfcfcw')
2026-02-21T02:46:21Z INFO bsky_collector_v2.job.index_feed_generators: indexed repo=did:plc:ds2prgaagkxvlpvd4icx23cc part=240 records=1 next_cursor=set
2026-02-21T02:46:24Z INFO bsky_collector_v2.job.index_feed_generators: indexed repo=did:plc:ebu5purqqbehpiuxp7kgjkdm part=241 records=3 next_cursor=set
2026-02-21T02:46:43Z INFO bsky_collector_v2.job.index_feed_generators: indexed repo=did:plc:ksbniupmjo5rhe2rt2whda2y part=242 records=1 next_cursor=set
2026-02-21T02:46:45Z WARNING bsky_collector_v2.job.index_feed_generators: listRecords failed repo=did:plc:lppzu3lkw7elhag3j6pprcf7 err=HttpError('InvalidRequest: Could not find repo: did:plc:lppzu3lkw7elhag3j6pprcf7')
2026-02-21T02:46:59Z INFO bsky_collector_v2.job.index_feed_generators: indexed repo=did:plc:q6ymzwuxmowqgci6q66q6gco part=243 records=1 next_cursor=set
2026-02-21T02:47:18Z WARNING bsky_collector_v2.job.index_feed_generators: listRecords failed repo=did:plc:x7eiscq3ivfym6irzk7hslpj err=HttpError('InvalidRequest: Could not find repo: did:plc:x7eiscq3ivfym6irzk7hslpj')
2026-02-21T02:47:27Z WARNING bsky_collector_v2.job.index_feed_generators: listRecords failed repo=did:plc:2n3fmbogcr7wls3x3mfdw5ec err=HttpError('InvalidRequest: Could not find repo: did:plc:2n3fmbogcr7wls3x3mfdw5ec')
2026-02-21T02:47:27Z WARNING bsky_collector_v2.job.index_feed_generators: listRecords failed repo=did:plc:5c4opmzykevrwwiqx2gfcfcw err=HttpError('InvalidRequest: Could not find repo: did:plc:5c4opmzykevrwwiqx2gfcfcw')
2026-02-21T02:47:28Z WARNING bsky_collector_v2.job.index_feed_generators: listRecords failed repo=did:plc:lppzu3lkw7elhag3j6pprcf7 err=HttpError('InvalidRequest: Could not find repo: did:plc:lppzu3lkw7elhag3j6pprcf7')
2026-02-21T02:47:28Z WARNING bsky_collector_v2.job.index_feed_generators: listRecords failed repo=did:plc:x7eiscq3ivfym6irzk7hslpj err=HttpError('InvalidRequest: Could not find repo: did:plc:x7eiscq3ivfym6irzk7hslpj')
2026-02-21T02:47:28Z WARNING bsky_collector_v2.job.index_feed_generators: listRecords failed repo=did:plc:2n3fmbogcr7wls3x3mfdw5ec err=HttpError('InvalidRequest: Could not find repo: did:plc:2n3fmbogcr7wls3x3mfdw5ec')
2026-02-21T02:47:28Z WARNING bsky_collector_v2.job.index_feed_generators: listRecords failed repo=did:plc:5c4opmzykevrwwiqx2gfcfcw err=HttpError('InvalidRequest: Could not find repo: did:plc:5c4opmzykevrwwiqx2gfcfcw')
2026-02-21T02:47:28Z WARNING bsky_collector_v2.job.index_feed_generators: listRecords failed repo=did:plc:lppzu3lkw7elhag3j6pprcf7 err=HttpError('InvalidRequest: Could not find repo: did:plc:lppzu3lkw7elhag3j6pprcf7')
2026-02-21T02:47:28Z WARNING bsky_collector_v2.job.index_feed_generators: listRecords failed repo=did:plc:x7eiscq3ivfym6irzk7hslpj err=HttpError('InvalidRequest: Could not find repo: did:plc:x7eiscq3ivfym6irzk7hslpj')
2026-02-21T02:47:29Z INFO bsky_collector_v2.job.index_feed_generators: enqueued repos page=5 mode=listRepos inserted=500 repos_returned=500 next_cursor=set
2026-02-21T02:48:03Z WARNING bsky_collector_v2.job.index_feed_generators: listRecords failed repo=did:plc:by2gbi3bljmcf7acebtbq3ca err=HttpError('InvalidRequest: Could not find repo: did:plc:by2gbi3bljmcf7acebtbq3ca')
2026-02-21T02:48:06Z INFO bsky_collector_v2.job.index_feed_generators: indexed repo=did:plc:cxy3dt6zcq3huii7pcylzmqu part=244 records=2 next_cursor=set
2026-02-21T02:48:27Z INFO bsky_collector_v2.job.index_feed_generators: indexed repo=did:plc:k3qc5xn5ahpd5e6ictjnnz25 part=245 records=4 next_cursor=set
2026-02-21T02:48:57Z INFO bsky_collector_v2.job.index_feed_generators: indexed repo=did:plc:qxddbgokvpnevpgy7o66jnqb part=246 records=2 next_cursor=set
2026-02-21T02:49:19Z INFO bsky_collector_v2.job.index_feed_generators: indexed repo=did:plc:yalwf6sqkq6zef7pjbbuk6kd part=247 records=2 next_cursor=set
2026-02-21T02:49:25Z WARNING bsky_collector_v2.job.index_feed_generators: listRecords failed repo=did:plc:by2gbi3bljmcf7acebtbq3ca err=HttpError('InvalidRequest: Could not find repo: did:plc:by2gbi3bljmcf7acebtbq3ca')
2026-02-21T02:49:25Z WARNING bsky_collector_v2.job.index_feed_generators: listRecords failed repo=did:plc:by2gbi3bljmcf7acebtbq3ca err=HttpError('InvalidRequest: Could not find repo: did:plc:by2gbi3bljmcf7acebtbq3ca')
2026-02-21T02:49:26Z INFO bsky_collector_v2.job.index_feed_generators: enqueued repos page=6 mode=listRepos inserted=500 repos_returned=500 next_cursor=set
2026-02-21T02:49:42Z INFO bsky_collector_v2.job.index_feed_generators: indexed repo=did:plc:6kfleoboxtky4uojnwtlxp47 part=248 records=4 next_cursor=set
2026-02-21T02:49:43Z INFO bsky_collector_v2.job.index_feed_generators: indexed repo=did:plc:73fenvbhjaxpgwuy636gsaeg part=249 records=1 next_cursor=set
2026-02-21T02:49:53Z WARNING bsky_collector_v2.job.index_feed_generators: listRecords failed repo=did:plc:cgalve7injm7r6a5szeh4mvc err=HttpError('InvalidRequest: Could not find repo: did:plc:cgalve7injm7r6a5szeh4mvc')
2026-02-21T02:49:56Z WARNING bsky_collector_v2.job.index_feed_generators: listRecords failed repo=did:plc:dw3oxjqrsvbdiwkla777pbzs err=HttpError('InvalidRequest: Could not find repo: did:plc:dw3oxjqrsvbdiwkla777pbzs')
2026-02-21T02:50:20Z WARNING bsky_collector_v2.job.index_feed_generators: listRecords failed repo=did:plc:mak3ojxw7sey7nhcf7k3uufx err=HttpError('InvalidRequest: Could not find repo: did:plc:mak3ojxw7sey7nhcf7k3uufx')
2026-02-21T02:50:22Z WARNING bsky_collector_v2.job.index_feed_generators: listRecords failed repo=did:plc:mvexdqps7ifjbijzmy3xpdnf err=HttpError('InvalidRequest: Could not find repo: did:plc:mvexdqps7ifjbijzmy3xpdnf')
2026-02-21T02:50:31Z INFO bsky_collector_v2.job.index_feed_generators: indexed repo=did:plc:r5pluqliqjjerpbaaxnd7fzu part=250 records=1 next_cursor=set
2026-02-21T02:50:59Z WARNING bsky_collector_v2.job.index_feed_generators: listRecords failed repo=did:plc:cgalve7injm7r6a5szeh4mvc err=HttpError('InvalidRequest: Could not find repo: did:plc:cgalve7injm7r6a5szeh4mvc')
2026-02-21T02:50:59Z WARNING bsky_collector_v2.job.index_feed_generators: listRecords failed repo=did:plc:dw3oxjqrsvbdiwkla777pbzs err=HttpError('InvalidRequest: Could not find repo: did:plc:dw3oxjqrsvbdiwkla777pbzs')
2026-02-21T02:50:59Z WARNING bsky_collector_v2.job.index_feed_generators: listRecords failed repo=did:plc:mak3ojxw7sey7nhcf7k3uufx err=HttpError('InvalidRequest: Could not find repo: did:plc:mak3ojxw7sey7nhcf7k3uufx')
2026-02-21T02:50:59Z WARNING bsky_collector_v2.job.index_feed_generators: listRecords failed repo=did:plc:mvexdqps7ifjbijzmy3xpdnf err=HttpError('InvalidRequest: Could not find repo: did:plc:mvexdqps7ifjbijzmy3xpdnf')
2026-02-21T02:50:59Z WARNING bsky_collector_v2.job.index_feed_generators: listRecords failed repo=did:plc:cgalve7injm7r6a5szeh4mvc err=HttpError('InvalidRequest: Could not find repo: did:plc:cgalve7injm7r6a5szeh4mvc')
2026-02-21T02:51:00Z WARNING bsky_collector_v2.job.index_feed_generators: listRecords failed repo=did:plc:dw3oxjqrsvbdiwkla777pbzs err=HttpError('InvalidRequest: Could not find repo: did:plc:dw3oxjqrsvbdiwkla777pbzs')
2026-02-21T02:51:00Z WARNING bsky_collector_v2.job.index_feed_generators: listRecords failed repo=did:plc:mak3ojxw7sey7nhcf7k3uufx err=HttpError('InvalidRequest: Could not find repo: did:plc:mak3ojxw7sey7nhcf7k3uufx')
2026-02-21T02:51:00Z WARNING bsky_collector_v2.job.index_feed_generators: listRecords failed repo=did:plc:mvexdqps7ifjbijzmy3xpdnf err=HttpError('InvalidRequest: Could not find repo: did:plc:mvexdqps7ifjbijzmy3xpdnf')
2026-02-21T02:51:00Z INFO bsky_collector_v2.job.index_feed_generators: enqueued repos page=7 mode=listRepos inserted=500 repos_returned=500 next_cursor=set
2026-02-21T02:51:23Z INFO bsky_collector_v2.job.index_feed_generators: indexed repo=did:plc:b6cxg6fvzhpmhi6c47bo7fd4 part=251 records=1 next_cursor=set
2026-02-21T02:51:25Z WARNING bsky_collector_v2.job.index_feed_generators: listRecords failed repo=did:plc:c7de7bctupzj3ima5svmpbey err=HttpError('InvalidRequest: Could not find repo: did:plc:c7de7bctupzj3ima5svmpbey')
2026-02-21T02:51:34Z INFO bsky_collector_v2.job.index_feed_generators: indexed repo=did:plc:eydnfbcvokppmxjnzrnr7lrj part=252 records=1 next_cursor=set
2026-02-21T02:52:09Z WARNING bsky_collector_v2.job.index_feed_generators: listRecords failed repo=did:plc:pijaqjuqw6ixkzmill5egjar err=HttpError('InvalidRequest: Could not find repo: did:plc:pijaqjuqw6ixkzmill5egjar')
2026-02-21T02:52:32Z INFO bsky_collector_v2.job.index_feed_generators: indexed repo=did:plc:xjwjvol6ug223cfoonln4e7d part=253 records=3 next_cursor=set
2026-02-21T02:52:37Z INFO bsky_collector_v2.job.index_feed_generators: indexed repo=did:plc:z7i4j272veewplpq3jzei7bm part=254 records=1 next_cursor=set
2026-02-21T02:52:40Z WARNING bsky_collector_v2.job.index_feed_generators: listRecords failed repo=did:plc:c7de7bctupzj3ima5svmpbey err=HttpError('InvalidRequest: Could not find repo: did:plc:c7de7bctupzj3ima5svmpbey')
2026-02-21T02:52:40Z WARNING bsky_collector_v2.job.index_feed_generators: listRecords failed repo=did:plc:pijaqjuqw6ixkzmill5egjar err=HttpError('InvalidRequest: Could not find repo: did:plc:pijaqjuqw6ixkzmill5egjar')
2026-02-21T02:52:40Z WARNING bsky_collector_v2.job.index_feed_generators: listRecords failed repo=did:plc:c7de7bctupzj3ima5svmpbey err=HttpError('InvalidRequest: Could not find repo: did:plc:c7de7bctupzj3ima5svmpbey')
2026-02-21T02:52:40Z WARNING bsky_collector_v2.job.index_feed_generators: listRecords failed repo=did:plc:pijaqjuqw6ixkzmill5egjar err=HttpError('InvalidRequest: Could not find repo: did:plc:pijaqjuqw6ixkzmill5egjar')
2026-02-21T02:52:41Z INFO bsky_collector_v2.job.index_feed_generators: enqueued repos page=8 mode=listRepos inserted=500 repos_returned=500 next_cursor=set
2026-02-21T02:52:52Z WARNING bsky_collector_v2.job.index_feed_generators: listRecords failed repo=did:plc:64oh3cdvv7vnktyymmf7u5jo err=HttpError('InvalidRequest: Could not find repo: did:plc:64oh3cdvv7vnktyymmf7u5jo')
2026-02-21T02:53:30Z INFO bsky_collector_v2.job.index_feed_generators: indexed repo=did:plc:lqmk3yojyhz5tnoe5e6zzpma part=255 records=12 next_cursor=set
2026-02-21T02:53:34Z WARNING bsky_collector_v2.job.index_feed_generators: listRecords failed repo=did:plc:mggvmlqtrx4kr2pnofn7kqal err=HttpError('InvalidRequest: Could not find repo: did:plc:mggvmlqtrx4kr2pnofn7kqal')
2026-02-21T02:53:35Z INFO bsky_collector_v2.job.index_feed_generators: indexed repo=did:plc:mxrmebwqd4m6jbeff4fxriub part=256 records=1 next_cursor=set
2026-02-21T02:53:37Z WARNING bsky_collector_v2.job.index_feed_generators: listRecords failed repo=did:plc:nsrl5nxt7ygl2vldxxwdi4ha err=HttpError('InvalidRequest: Could not find repo: did:plc:nsrl5nxt7ygl2vldxxwdi4ha')
2026-02-21T02:54:11Z WARNING bsky_collector_v2.job.index_feed_generators: listRecords failed repo=did:plc:64oh3cdvv7vnktyymmf7u5jo err=HttpError('InvalidRequest: Could not find repo: did:plc:64oh3cdvv7vnktyymmf7u5jo')
2026-02-21T02:54:12Z WARNING bsky_collector_v2.job.index_feed_generators: listRecords failed repo=did:plc:mggvmlqtrx4kr2pnofn7kqal err=HttpError('InvalidRequest: Could not find repo: did:plc:mggvmlqtrx4kr2pnofn7kqal')
2026-02-21T02:54:12Z WARNING bsky_collector_v2.job.index_feed_generators: listRecords failed repo=did:plc:nsrl5nxt7ygl2vldxxwdi4ha err=HttpError('InvalidRequest: Could not find repo: did:plc:nsrl5nxt7ygl2vldxxwdi4ha')
2026-02-21T02:54:12Z WARNING bsky_collector_v2.job.index_feed_generators: listRecords failed repo=did:plc:64oh3cdvv7vnktyymmf7u5jo err=HttpError('InvalidRequest: Could not find repo: did:plc:64oh3cdvv7vnktyymmf7u5jo')
2026-02-21T02:54:12Z WARNING bsky_collector_v2.job.index_feed_generators: listRecords failed repo=did:plc:mggvmlqtrx4kr2pnofn7kqal err=HttpError('InvalidRequest: Could not find repo: did:plc:mggvmlqtrx4kr2pnofn7kqal')
2026-02-21T02:54:12Z WARNING bsky_collector_v2.job.index_feed_generators: listRecords failed repo=did:plc:nsrl5nxt7ygl2vldxxwdi4ha err=HttpError('InvalidRequest: Could not find repo: did:plc:nsrl5nxt7ygl2vldxxwdi4ha')
2026-02-21T02:54:13Z INFO bsky_collector_v2.job.index_feed_generators: enqueued repos page=9 mode=listRepos inserted=500 repos_returned=500 next_cursor=set
2026-02-21T02:54:27Z WARNING bsky_collector_v2.job.index_feed_generators: listRecords failed repo=did:plc:6zvhvoyum2lyqoiyuuca5fb7 err=HttpError('InvalidRequest: Could not find repo: did:plc:6zvhvoyum2lyqoiyuuca5fb7')
2026-02-21T02:54:47Z INFO bsky_collector_v2.job.index_feed_generators: indexed repo=did:plc:g4a5pnrda5iyzrmdzsbs3ab2 part=257 records=2 next_cursor=set
2026-02-21T02:55:09Z WARNING bsky_collector_v2.job.index_feed_generators: listRecords failed repo=did:plc:ncqyfumdfcskymphzsowqqf6 err=HttpError('InvalidRequest: Could not find repo: did:plc:ncqyfumdfcskymphzsowqqf6')
2026-02-21T02:55:18Z INFO bsky_collector_v2.job.index_feed_generators: indexed repo=did:plc:qfg5cadtzgoj7mfwaxupppac part=258 records=4 next_cursor=set
2026-02-21T02:55:23Z WARNING bsky_collector_v2.job.index_feed_generators: listRecords failed repo=did:plc:s3guji3gjv6q4lusc7ug6uaj err=HttpError('InvalidRequest: Could not find repo: did:plc:s3guji3gjv6q4lusc7ug6uaj')
2026-02-21T02:55:34Z WARNING bsky_collector_v2.job.index_feed_generators: listRecords failed repo=did:plc:wakzhaz2auokq3jeja2kfg6a err=HttpError('InvalidRequest: Could not find repo: did:plc:wakzhaz2auokq3jeja2kfg6a')
2026-02-21T02:55:42Z INFO bsky_collector_v2.job.index_feed_generators: indexed repo=did:plc:yqvkmaaddgnkyys4mc7a5ll5 part=259 records=1 next_cursor=set
2026-02-21T02:55:42Z INFO bsky_collector_v2.job.index_feed_generators: indexed repo=did:plc:yt5efykszuf2r7r37m2sxcbt part=260 records=3 next_cursor=set
2026-02-21T02:55:45Z WARNING bsky_collector_v2.job.index_feed_generators: listRecords failed repo=did:plc:6zvhvoyum2lyqoiyuuca5fb7 err=HttpError('InvalidRequest: Could not find repo: did:plc:6zvhvoyum2lyqoiyuuca5fb7')
2026-02-21T02:55:46Z WARNING bsky_collector_v2.job.index_feed_generators: listRecords failed repo=did:plc:ncqyfumdfcskymphzsowqqf6 err=HttpError('InvalidRequest: Could not find repo: did:plc:ncqyfumdfcskymphzsowqqf6')
2026-02-21T02:55:46Z WARNING bsky_collector_v2.job.index_feed_generators: listRecords failed repo=did:plc:s3guji3gjv6q4lusc7ug6uaj err=HttpError('InvalidRequest: Could not find repo: did:plc:s3guji3gjv6q4lusc7ug6uaj')
2026-02-21T02:55:46Z WARNING bsky_collector_v2.job.index_feed_generators: listRecords failed repo=did:plc:wakzhaz2auokq3jeja2kfg6a err=HttpError('InvalidRequest: Could not find repo: did:plc:wakzhaz2auokq3jeja2kfg6a')
2026-02-21T02:55:46Z WARNING bsky_collector_v2.job.index_feed_generators: listRecords failed repo=did:plc:6zvhvoyum2lyqoiyuuca5fb7 err=HttpError('InvalidRequest: Could not find repo: did:plc:6zvhvoyum2lyqoiyuuca5fb7')
2026-02-21T02:55:47Z WARNING bsky_collector_v2.job.index_feed_generators: listRecords failed repo=did:plc:ncqyfumdfcskymphzsowqqf6 err=HttpError('InvalidRequest: Could not find repo: did:plc:ncqyfumdfcskymphzsowqqf6')
2026-02-21T02:55:47Z WARNING bsky_collector_v2.job.index_feed_generators: listRecords failed repo=did:plc:s3guji3gjv6q4lusc7ug6uaj err=HttpError('InvalidRequest: Could not find repo: did:plc:s3guji3gjv6q4lusc7ug6uaj')
2026-02-21T02:55:47Z WARNING bsky_collector_v2.job.index_feed_generators: listRecords failed repo=did:plc:wakzhaz2auokq3jeja2kfg6a err=HttpError('InvalidRequest: Could not find repo: did:plc:wakzhaz2auokq3jeja2kfg6a')
2026-02-21T02:55:47Z INFO bsky_collector_v2.job.index_feed_generators: enqueued repos page=10 mode=listRepos inserted=500 repos_returned=500 next_cursor=set
2026-02-21T02:55:54Z INFO bsky_collector_v2.job.index_feed_generators: indexed repo=did:plc:4dhp6vlhlou764jeijxxpflv part=261 records=1 next_cursor=set
2026-02-21T02:56:37Z WARNING bsky_collector_v2.job.index_feed_generators: listRecords failed repo=did:plc:mir3ghqj2h3umaqzce5jpw6n err=HttpError('InvalidRequest: Could not find repo: did:plc:mir3ghqj2h3umaqzce5jpw6n')
2026-02-21T02:56:44Z INFO bsky_collector_v2.job.index_feed_generators: indexed repo=did:plc:orivjpcm6rmrkeznvtseh3tr part=262 records=1 next_cursor=set
2026-02-21T02:56:51Z WARNING bsky_collector_v2.job.index_feed_generators: listRecords failed repo=did:plc:rfkejszmx36g55glhofvv6v3 err=HttpError('InvalidRequest: Could not find repo: did:plc:rfkejszmx36g55glhofvv6v3')
2026-02-21T02:57:02Z INFO bsky_collector_v2.job.index_feed_generators: indexed repo=did:plc:uo5bg2nlmmndawpclzixweeb part=263 records=1 next_cursor=set
2026-02-21T02:57:12Z INFO bsky_collector_v2.job.index_feed_generators: indexed repo=did:plc:xjum7qbol7oul6o5zinbxtat part=264 records=1 next_cursor=set
2026-02-21T02:57:12Z INFO bsky_collector_v2.job.index_feed_generators: indexed repo=did:plc:xphwdcy6lyj7rcrwhqtdqr7d part=265 records=3 next_cursor=set
2026-02-21T02:57:20Z WARNING bsky_collector_v2.job.index_feed_generators: listRecords failed repo=did:plc:mir3ghqj2h3umaqzce5jpw6n err=HttpError('InvalidRequest: Could not find repo: did:plc:mir3ghqj2h3umaqzce5jpw6n')
2026-02-21T02:57:20Z WARNING bsky_collector_v2.job.index_feed_generators: listRecords failed repo=did:plc:rfkejszmx36g55glhofvv6v3 err=HttpError('InvalidRequest: Could not find repo: did:plc:rfkejszmx36g55glhofvv6v3')
2026-02-21T02:57:21Z WARNING bsky_collector_v2.job.index_feed_generators: listRecords failed repo=did:plc:mir3ghqj2h3umaqzce5jpw6n err=HttpError('InvalidRequest: Could not find repo: did:plc:mir3ghqj2h3umaqzce5jpw6n')
2026-02-21T02:57:21Z WARNING bsky_collector_v2.job.index_feed_generators: listRecords failed repo=did:plc:rfkejszmx36g55glhofvv6v3 err=HttpError('InvalidRequest: Could not find repo: did:plc:rfkejszmx36g55glhofvv6v3')
2026-02-21T02:57:22Z INFO bsky_collector_v2.job.index_feed_generators: enqueued repos page=11 mode=listRepos inserted=500 repos_returned=500 next_cursor=set
2026-02-21T02:57:33Z WARNING bsky_collector_v2.job.index_feed_generators: listRecords failed repo=did:plc:5s3w77axjgzb5j42auppf3qp err=HttpError('InvalidRequest: Could not find repo: did:plc:5s3w77axjgzb5j42auppf3qp')
2026-02-21T02:57:34Z WARNING bsky_collector_v2.job.index_feed_generators: listRecords failed repo=did:plc:6cz4as53wwr36di65lodh266 err=HttpError('InvalidRequest: Could not find repo: did:plc:6cz4as53wwr36di65lodh266')
2026-02-21T02:57:38Z INFO bsky_collector_v2.job.index_feed_generators: indexed repo=did:plc:7ae452apaob6qqdbmomitkuz part=266 records=1 next_cursor=set
2026-02-21T02:57:42Z INFO bsky_collector_v2.job.index_feed_generators: indexed repo=did:plc:axhchk2kgzbipge6h6z6zpgc part=267 records=2 next_cursor=set
2026-02-21T02:57:44Z WARNING bsky_collector_v2.job.index_feed_generators: listRecords failed repo=did:plc:bixgsb5i6umrn3ojmyqi2y3n err=HttpError('InvalidRequest: Could not find repo: did:plc:bixgsb5i6umrn3ojmyqi2y3n')
2026-02-21T02:57:58Z INFO bsky_collector_v2.job.index_feed_generators: indexed repo=did:plc:h767zknel7fkxep4valfizr3 part=268 records=1 next_cursor=set
2026-02-21T02:58:13Z WARNING bsky_collector_v2.job.index_feed_generators: listRecords failed repo=did:plc:lptwq2oh5icgk2mc2nyzlkvr err=HttpError('InvalidRequest: Could not find repo: did:plc:lptwq2oh5icgk2mc2nyzlkvr')
2026-02-21T02:58:21Z INFO bsky_collector_v2.job.index_feed_generators: indexed repo=did:plc:o3ftg57upl6ymnvg4qhsc3ij part=269 records=2 next_cursor=set
2026-02-21T02:58:34Z WARNING bsky_collector_v2.job.index_feed_generators: listRecords failed repo=did:plc:td734bq7els77kk5skvmxlfh err=HttpError('InvalidRequest: Could not find repo: did:plc:td734bq7els77kk5skvmxlfh')
2026-02-21T02:58:37Z INFO bsky_collector_v2.job.index_feed_generators: indexed repo=did:plc:ul52n6zauavyisg2mfphcjeo part=270 records=1 next_cursor=set
2026-02-21T02:58:41Z INFO bsky_collector_v2.job.index_feed_generators: indexed repo=did:plc:vpehkwqxerdccegkwjhcil7z part=271 records=1 next_cursor=set
2026-02-21T02:58:42Z INFO bsky_collector_v2.job.index_feed_generators: indexed repo=did:plc:vvrvrqszllxentbl6256bej5 part=272 records=6 next_cursor=set
2026-02-21T02:58:44Z INFO bsky_collector_v2.job.index_feed_generators: indexed repo=did:plc:wpjx5t2ginjj5z6gkwdi7xyp part=273 records=1 next_cursor=set
2026-02-21T02:58:54Z WARNING bsky_collector_v2.job.index_feed_generators: listRecords failed repo=did:plc:5s3w77axjgzb5j42auppf3qp err=HttpError('InvalidRequest: Could not find repo: did:plc:5s3w77axjgzb5j42auppf3qp')
2026-02-21T02:58:54Z WARNING bsky_collector_v2.job.index_feed_generators: listRecords failed repo=did:plc:6cz4as53wwr36di65lodh266 err=HttpError('InvalidRequest: Could not find repo: did:plc:6cz4as53wwr36di65lodh266')
2026-02-21T02:58:55Z WARNING bsky_collector_v2.job.index_feed_generators: listRecords failed repo=did:plc:bixgsb5i6umrn3ojmyqi2y3n err=HttpError('InvalidRequest: Could not find repo: did:plc:bixgsb5i6umrn3ojmyqi2y3n')
2026-02-21T02:58:55Z WARNING bsky_collector_v2.job.index_feed_generators: listRecords failed repo=did:plc:lptwq2oh5icgk2mc2nyzlkvr err=HttpError('InvalidRequest: Could not find repo: did:plc:lptwq2oh5icgk2mc2nyzlkvr')
2026-02-21T02:58:55Z WARNING bsky_collector_v2.job.index_feed_generators: listRecords failed repo=did:plc:td734bq7els77kk5skvmxlfh err=HttpError('InvalidRequest: Could not find repo: did:plc:td734bq7els77kk5skvmxlfh')
2026-02-21T02:58:56Z WARNING bsky_collector_v2.job.index_feed_generators: listRecords failed repo=did:plc:5s3w77axjgzb5j42auppf3qp err=HttpError('InvalidRequest: Could not find repo: did:plc:5s3w77axjgzb5j42auppf3qp')
2026-02-21T02:58:56Z WARNING bsky_collector_v2.job.index_feed_generators: listRecords failed repo=did:plc:6cz4as53wwr36di65lodh266 err=HttpError('InvalidRequest: Could not find repo: did:plc:6cz4as53wwr36di65lodh266')
2026-02-21T02:58:56Z WARNING bsky_collector_v2.job.index_feed_generators: listRecords failed repo=did:plc:bixgsb5i6umrn3ojmyqi2y3n err=HttpError('InvalidRequest: Could not find repo: did:plc:bixgsb5i6umrn3ojmyqi2y3n')
2026-02-21T02:58:56Z WARNING bsky_collector_v2.job.index_feed_generators: listRecords failed repo=did:plc:lptwq2oh5icgk2mc2nyzlkvr err=HttpError('InvalidRequest: Could not find repo: did:plc:lptwq2oh5icgk2mc2nyzlkvr')
2026-02-21T02:58:56Z WARNING bsky_collector_v2.job.index_feed_generators: listRecords failed repo=did:plc:td734bq7els77kk5skvmxlfh err=HttpError('InvalidRequest: Could not find repo: did:plc:td734bq7els77kk5skvmxlfh')
2026-02-21T02:58:57Z INFO bsky_collector_v2.job.index_feed_generators: enqueued repos page=12 mode=listRepos inserted=500 repos_returned=500 next_cursor=set
2026-02-21T02:59:10Z INFO bsky_collector_v2.job.index_feed_generators: indexed repo=did:plc:63wmcdkk7wyqjpzaj753feab part=274 records=18 next_cursor=set
2026-02-21T02:59:15Z INFO bsky_collector_v2.job.index_feed_generators: indexed repo=did:plc:7hijpk4gf3efi2sw3lxt2f2l part=275 records=1 next_cursor=set
2026-02-21T02:59:49Z INFO bsky_collector_v2.job.index_feed_generators: indexed repo=did:plc:lkjzzlcrgjqbhvrfu2c5blon part=276 records=1 next_cursor=set
2026-02-21T03:00:29Z INFO bsky_collector_v2.job.index_feed_generators: enqueued repos page=13 mode=listRepos inserted=500 repos_returned=500 next_cursor=set
2026-02-21T03:00:49Z WARNING bsky_collector_v2.job.index_feed_generators: listRecords failed repo=did:plc:cjs7lkamcnc33yoldcukq5hk err=HttpError('InvalidRequest: Could not find repo: did:plc:cjs7lkamcnc33yoldcukq5hk')
2026-02-21T03:00:50Z INFO bsky_collector_v2.job.index_feed_generators: indexed repo=did:plc:d4gni77heincddftvlosenam part=277 records=2 next_cursor=set
2026-02-21T03:01:04Z INFO bsky_collector_v2.job.index_feed_generators: indexed repo=did:plc:idrjf3i5nqgktkmcq7d5jsnz part=278 records=1 next_cursor=set
2026-02-21T03:01:34Z WARNING bsky_collector_v2.job.index_feed_generators: listRecords failed repo=did:plc:p3bvbfi6y7uwrqkapkwspnuo err=HttpError('InvalidRequest: Could not find repo: did:plc:p3bvbfi6y7uwrqkapkwspnuo')
2026-02-21T03:01:48Z WARNING bsky_collector_v2.job.index_feed_generators: listRecords failed repo=did:plc:tsj3bn7b22vp5zk2u7t7wojb err=HttpError('InvalidRequest: Could not find repo: did:plc:tsj3bn7b22vp5zk2u7t7wojb')
2026-02-21T03:01:51Z WARNING bsky_collector_v2.job.index_feed_generators: listRecords failed repo=did:plc:up34odv5ds7lcpth7qzallub err=HttpError('InvalidRequest: Could not find repo: did:plc:up34odv5ds7lcpth7qzallub')
2026-02-21T03:02:07Z INFO bsky_collector_v2.job.index_feed_generators: indexed repo=did:plc:zyukub34lh4alinnuxws5tuu part=279 records=3 next_cursor=set
2026-02-21T03:02:07Z WARNING bsky_collector_v2.job.index_feed_generators: listRecords failed repo=did:plc:cjs7lkamcnc33yoldcukq5hk err=HttpError('InvalidRequest: Could not find repo: did:plc:cjs7lkamcnc33yoldcukq5hk')
2026-02-21T03:02:08Z WARNING bsky_collector_v2.job.index_feed_generators: listRecords failed repo=did:plc:p3bvbfi6y7uwrqkapkwspnuo err=HttpError('InvalidRequest: Could not find repo: did:plc:p3bvbfi6y7uwrqkapkwspnuo')
2026-02-21T03:02:08Z WARNING bsky_collector_v2.job.index_feed_generators: listRecords failed repo=did:plc:tsj3bn7b22vp5zk2u7t7wojb err=HttpError('InvalidRequest: Could not find repo: did:plc:tsj3bn7b22vp5zk2u7t7wojb')
2026-02-21T03:02:08Z WARNING bsky_collector_v2.job.index_feed_generators: listRecords failed repo=did:plc:up34odv5ds7lcpth7qzallub err=HttpError('InvalidRequest: Could not find repo: did:plc:up34odv5ds7lcpth7qzallub')
2026-02-21T03:02:08Z WARNING bsky_collector_v2.job.index_feed_generators: listRecords failed repo=did:plc:cjs7lkamcnc33yoldcukq5hk err=HttpError('InvalidRequest: Could not find repo: did:plc:cjs7lkamcnc33yoldcukq5hk')
2026-02-21T03:02:08Z WARNING bsky_collector_v2.job.index_feed_generators: listRecords failed repo=did:plc:p3bvbfi6y7uwrqkapkwspnuo err=HttpError('InvalidRequest: Could not find repo: did:plc:p3bvbfi6y7uwrqkapkwspnuo')
2026-02-21T03:02:09Z WARNING bsky_collector_v2.job.index_feed_generators: listRecords failed repo=did:plc:tsj3bn7b22vp5zk2u7t7wojb err=HttpError('InvalidRequest: Could not find repo: did:plc:tsj3bn7b22vp5zk2u7t7wojb')
2026-02-21T03:02:09Z WARNING bsky_collector_v2.job.index_feed_generators: listRecords failed repo=did:plc:up34odv5ds7lcpth7qzallub err=HttpError('InvalidRequest: Could not find repo: did:plc:up34odv5ds7lcpth7qzallub')
2026-02-21T03:02:09Z INFO bsky_collector_v2.job.index_feed_generators: enqueued repos page=14 mode=listRepos inserted=500 repos_returned=500 next_cursor=set
2026-02-21T03:02:44Z INFO bsky_collector_v2.job.index_feed_generators: indexed repo=did:plc:gscx2fndf7e4tuhr4m6l6l3h part=280 records=1 next_cursor=set
2026-02-21T03:03:00Z WARNING bsky_collector_v2.job.index_feed_generators: listRecords failed repo=did:plc:llrl6grx5t633o4k4g375z6k err=HttpError('InvalidRequest: Could not find repo: did:plc:llrl6grx5t633o4k4g375z6k')
2026-02-21T03:03:08Z WARNING bsky_collector_v2.job.index_feed_generators: listRecords failed repo=did:plc:ntkwgxlczc3fzohajmatmrk6 err=HttpError('InvalidRequest: Could not find repo: did:plc:ntkwgxlczc3fzohajmatmrk6')
2026-02-21T03:03:13Z INFO bsky_collector_v2.job.index_feed_generators: indexed repo=did:plc:ptoggnleweide22gt4f5jq44 part=281 records=1 next_cursor=set
2026-02-21T03:03:17Z WARNING bsky_collector_v2.job.index_feed_generators: listRecords failed repo=did:plc:rki7wybtcs3ewjijsdcioccw err=HttpError('InvalidRequest: Could not find repo: did:plc:rki7wybtcs3ewjijsdcioccw')
2026-02-21T03:03:29Z WARNING bsky_collector_v2.job.index_feed_generators: listRecords failed repo=did:plc:vyd4rudjwvz42xhxfhgtkbia err=HttpError('InvalidRequest: Could not find repo: did:plc:vyd4rudjwvz42xhxfhgtkbia')
2026-02-21T03:03:29Z INFO bsky_collector_v2.job.index_feed_generators: indexed repo=did:plc:w5aczmw63lfgph2vdrzklamx part=282 records=1 next_cursor=set
2026-02-21T03:03:30Z INFO bsky_collector_v2.job.index_feed_generators: indexed repo=did:plc:wafe6m2tm7ox2bemlsbjcrjc part=283 records=1 next_cursor=set
2026-02-21T03:03:39Z WARNING bsky_collector_v2.job.index_feed_generators: listRecords failed repo=did:plc:llrl6grx5t633o4k4g375z6k err=HttpError('InvalidRequest: Could not find repo: did:plc:llrl6grx5t633o4k4g375z6k')
2026-02-21T03:03:40Z WARNING bsky_collector_v2.job.index_feed_generators: listRecords failed repo=did:plc:ntkwgxlczc3fzohajmatmrk6 err=HttpError('InvalidRequest: Could not find repo: did:plc:ntkwgxlczc3fzohajmatmrk6')
2026-02-21T03:03:40Z WARNING bsky_collector_v2.job.index_feed_generators: listRecords failed repo=did:plc:rki7wybtcs3ewjijsdcioccw err=HttpError('InvalidRequest: Could not find repo: did:plc:rki7wybtcs3ewjijsdcioccw')
2026-02-21T03:03:40Z WARNING bsky_collector_v2.job.index_feed_generators: listRecords failed repo=did:plc:vyd4rudjwvz42xhxfhgtkbia err=HttpError('InvalidRequest: Could not find repo: did:plc:vyd4rudjwvz42xhxfhgtkbia')
2026-02-21T03:03:40Z WARNING bsky_collector_v2.job.index_feed_generators: listRecords failed repo=did:plc:llrl6grx5t633o4k4g375z6k err=HttpError('InvalidRequest: Could not find repo: did:plc:llrl6grx5t633o4k4g375z6k')
2026-02-21T03:03:40Z WARNING bsky_collector_v2.job.index_feed_generators: listRecords failed repo=did:plc:ntkwgxlczc3fzohajmatmrk6 err=HttpError('InvalidRequest: Could not find repo: did:plc:ntkwgxlczc3fzohajmatmrk6')
2026-02-21T03:03:40Z WARNING bsky_collector_v2.job.index_feed_generators: listRecords failed repo=did:plc:rki7wybtcs3ewjijsdcioccw err=HttpError('InvalidRequest: Could not find repo: did:plc:rki7wybtcs3ewjijsdcioccw')
2026-02-21T03:03:41Z WARNING bsky_collector_v2.job.index_feed_generators: listRecords failed repo=did:plc:vyd4rudjwvz42xhxfhgtkbia err=HttpError('InvalidRequest: Could not find repo: did:plc:vyd4rudjwvz42xhxfhgtkbia')
2026-02-21T03:03:41Z INFO bsky_collector_v2.job.index_feed_generators: enqueued repos page=15 mode=listRepos inserted=500 repos_returned=500 next_cursor=set
2026-02-21T03:03:45Z WARNING bsky_collector_v2.job.index_feed_generators: listRecords failed repo=did:plc:3wbikzb3mvtgdjgvhtxqjevb err=HttpError('InvalidRequest: Could not find repo: did:plc:3wbikzb3mvtgdjgvhtxqjevb')
2026-02-21T03:03:54Z INFO bsky_collector_v2.job.index_feed_generators: indexed repo=did:plc:6occg4dm7tq5cczhbieonj5l part=284 records=1 next_cursor=set
2026-02-21T03:03:57Z INFO bsky_collector_v2.job.index_feed_generators: indexed repo=did:plc:7qfbrgirbwq5pfqcccy47i4l part=285 records=1 next_cursor=set
2026-02-21T03:04:01Z INFO bsky_collector_v2.job.index_feed_generators: indexed repo=did:plc:beii2gotoj6rbnpl4efnpk3r part=286 records=1 next_cursor=set
2026-02-21T03:04:25Z WARNING bsky_collector_v2.job.index_feed_generators: listRecords failed repo=did:plc:iso5m7u4xsaf4jzf7gvy67x3 err=HttpError('InvalidRequest: Could not find repo: did:plc:iso5m7u4xsaf4jzf7gvy67x3')
2026-02-21T03:04:33Z WARNING bsky_collector_v2.job.index_feed_generators: listRecords failed repo=did:plc:l7qwfvxnh6iwvszodfh76hcm err=HttpError('InvalidRequest: Could not find repo: did:plc:l7qwfvxnh6iwvszodfh76hcm')
2026-02-21T03:04:35Z INFO bsky_collector_v2.job.index_feed_generators: indexed repo=did:plc:lsn7hmj57grefkqxbwddnygg part=287 records=2 next_cursor=set
2026-02-21T03:04:40Z INFO bsky_collector_v2.job.index_feed_generators: indexed repo=did:plc:o53quehlc6dhmcgooryjenhp part=288 records=2 next_cursor=set
2026-02-21T03:04:50Z WARNING bsky_collector_v2.job.index_feed_generators: listRecords failed repo=did:plc:qukdwlzqjafbqqm6awjr5avt err=HttpError('InvalidRequest: Could not find repo: did:plc:qukdwlzqjafbqqm6awjr5avt')
2026-02-21T03:05:24Z INFO bsky_collector_v2.job.index_feed_generators: indexed repo=did:plc:zhhi4hwgirmgvlwslbbrpkaq part=289 records=4 next_cursor=set
2026-02-21T03:05:26Z WARNING bsky_collector_v2.job.index_feed_generators: listRecords failed repo=did:plc:3wbikzb3mvtgdjgvhtxqjevb err=HttpError('InvalidRequest: Could not find repo: did:plc:3wbikzb3mvtgdjgvhtxqjevb')
2026-02-21T03:05:27Z WARNING bsky_collector_v2.job.index_feed_generators: listRecords failed repo=did:plc:iso5m7u4xsaf4jzf7gvy67x3 err=HttpError('InvalidRequest: Could not find repo: did:plc:iso5m7u4xsaf4jzf7gvy67x3')
2026-02-21T03:05:27Z WARNING bsky_collector_v2.job.index_feed_generators: listRecords failed repo=did:plc:l7qwfvxnh6iwvszodfh76hcm err=HttpError('InvalidRequest: Could not find repo: did:plc:l7qwfvxnh6iwvszodfh76hcm')
2026-02-21T03:05:27Z WARNING bsky_collector_v2.job.index_feed_generators: listRecords failed repo=did:plc:qukdwlzqjafbqqm6awjr5avt err=HttpError('InvalidRequest: Could not find repo: did:plc:qukdwlzqjafbqqm6awjr5avt')
2026-02-21T03:05:28Z WARNING bsky_collector_v2.job.index_feed_generators: listRecords failed repo=did:plc:3wbikzb3mvtgdjgvhtxqjevb err=HttpError('InvalidRequest: Could not find repo: did:plc:3wbikzb3mvtgdjgvhtxqjevb')
2026-02-21T03:05:28Z WARNING bsky_collector_v2.job.index_feed_generators: listRecords failed repo=did:plc:iso5m7u4xsaf4jzf7gvy67x3 err=HttpError('InvalidRequest: Could not find repo: did:plc:iso5m7u4xsaf4jzf7gvy67x3')
2026-02-21T03:05:28Z WARNING bsky_collector_v2.job.index_feed_generators: listRecords failed repo=did:plc:l7qwfvxnh6iwvszodfh76hcm err=HttpError('InvalidRequest: Could not find repo: did:plc:l7qwfvxnh6iwvszodfh76hcm')
2026-02-21T03:05:28Z WARNING bsky_collector_v2.job.index_feed_generators: listRecords failed repo=did:plc:qukdwlzqjafbqqm6awjr5avt err=HttpError('InvalidRequest: Could not find repo: did:plc:qukdwlzqjafbqqm6awjr5avt')
2026-02-21T03:05:29Z INFO bsky_collector_v2.job.index_feed_generators: enqueued repos page=16 mode=listRepos inserted=500 repos_returned=500 next_cursor=set
2026-02-21T03:05:31Z WARNING bsky_collector_v2.job.index_feed_generators: listRecords failed repo=did:plc:2rewce5tyhawudpjvewyaefs err=HttpError('InvalidRequest: Could not find repo: did:plc:2rewce5tyhawudpjvewyaefs')
2026-02-21T03:06:13Z WARNING bsky_collector_v2.job.index_feed_generators: listRecords failed repo=did:plc:kz24rmnyuibutlros56u6ab5 err=HttpError('InvalidRequest: Could not find repo: did:plc:kz24rmnyuibutlros56u6ab5')
2026-02-21T03:06:17Z WARNING bsky_collector_v2.job.index_feed_generators: listRecords failed repo=did:plc:lxeobnexoj4ouo2dqgfy5prt err=HttpError('InvalidRequest: Could not find repo: did:plc:lxeobnexoj4ouo2dqgfy5prt')
2026-02-21T03:06:17Z INFO bsky_collector_v2.job.index_feed_generators: indexed repo=did:plc:lz25hwncua5yc53zgsjsmkgi part=290 records=1 next_cursor=set
2026-02-21T03:06:18Z INFO bsky_collector_v2.job.index_feed_generators: indexed repo=did:plc:m2fm5ymfskpuldw4qctkee4r part=291 records=1 next_cursor=set
2026-02-21T03:06:32Z WARNING bsky_collector_v2.job.index_feed_generators: listRecords failed repo=did:plc:qpbna6izy66er55f5icrlo6y err=HttpError('InvalidRequest: Could not find repo: did:plc:qpbna6izy66er55f5icrlo6y')
2026-02-21T03:06:32Z INFO bsky_collector_v2.job.index_feed_generators: indexed repo=did:plc:r3x43njhzqvtluuwkthsj2pu part=292 records=1 next_cursor=set
2026-02-21T03:06:37Z WARNING bsky_collector_v2.job.index_feed_generators: listRecords failed repo=did:plc:t2k7xssyx46j2y6dxmbcuu3l err=HttpError('InvalidRequest: Could not find repo: did:plc:t2k7xssyx46j2y6dxmbcuu3l')
2026-02-21T03:06:48Z WARNING bsky_collector_v2.job.index_feed_generators: listRecords failed repo=did:plc:ws4o64ffzdxlo3tmickhh7xr err=HttpError('InvalidRequest: Could not find repo: did:plc:ws4o64ffzdxlo3tmickhh7xr')
2026-02-21T03:06:59Z WARNING bsky_collector_v2.job.index_feed_generators: listRecords failed repo=did:plc:2rewce5tyhawudpjvewyaefs err=HttpError('InvalidRequest: Could not find repo: did:plc:2rewce5tyhawudpjvewyaefs')
2026-02-21T03:06:59Z WARNING bsky_collector_v2.job.index_feed_generators: listRecords failed repo=did:plc:kz24rmnyuibutlros56u6ab5 err=HttpError('InvalidRequest: Could not find repo: did:plc:kz24rmnyuibutlros56u6ab5')
2026-02-21T03:06:59Z WARNING bsky_collector_v2.job.index_feed_generators: listRecords failed repo=did:plc:lxeobnexoj4ouo2dqgfy5prt err=HttpError('InvalidRequest: Could not find repo: did:plc:lxeobnexoj4ouo2dqgfy5prt')
2026-02-21T03:07:00Z WARNING bsky_collector_v2.job.index_feed_generators: listRecords failed repo=did:plc:qpbna6izy66er55f5icrlo6y err=HttpError('InvalidRequest: Could not find repo: did:plc:qpbna6izy66er55f5icrlo6y')
2026-02-21T03:07:00Z WARNING bsky_collector_v2.job.index_feed_generators: listRecords failed repo=did:plc:t2k7xssyx46j2y6dxmbcuu3l err=HttpError('InvalidRequest: Could not find repo: did:plc:t2k7xssyx46j2y6dxmbcuu3l')
2026-02-21T03:07:00Z WARNING bsky_collector_v2.job.index_feed_generators: listRecords failed repo=did:plc:ws4o64ffzdxlo3tmickhh7xr err=HttpError('InvalidRequest: Could not find repo: did:plc:ws4o64ffzdxlo3tmickhh7xr')
2026-02-21T03:07:00Z WARNING bsky_collector_v2.job.index_feed_generators: listRecords failed repo=did:plc:2rewce5tyhawudpjvewyaefs err=HttpError('InvalidRequest: Could not find repo: did:plc:2rewce5tyhawudpjvewyaefs')
2026-02-21T03:07:00Z WARNING bsky_collector_v2.job.index_feed_generators: listRecords failed repo=did:plc:kz24rmnyuibutlros56u6ab5 err=HttpError('InvalidRequest: Could not find repo: did:plc:kz24rmnyuibutlros56u6ab5')
2026-02-21T03:07:00Z WARNING bsky_collector_v2.job.index_feed_generators: listRecords failed repo=did:plc:lxeobnexoj4ouo2dqgfy5prt err=HttpError('InvalidRequest: Could not find repo: did:plc:lxeobnexoj4ouo2dqgfy5prt')
2026-02-21T03:07:00Z WARNING bsky_collector_v2.job.index_feed_generators: listRecords failed repo=did:plc:qpbna6izy66er55f5icrlo6y err=HttpError('InvalidRequest: Could not find repo: did:plc:qpbna6izy66er55f5icrlo6y')
2026-02-21T03:07:00Z WARNING bsky_collector_v2.job.index_feed_generators: listRecords failed repo=did:plc:t2k7xssyx46j2y6dxmbcuu3l err=HttpError('InvalidRequest: Could not find repo: did:plc:t2k7xssyx46j2y6dxmbcuu3l')
2026-02-21T03:07:00Z WARNING bsky_collector_v2.job.index_feed_generators: listRecords failed repo=did:plc:ws4o64ffzdxlo3tmickhh7xr err=HttpError('InvalidRequest: Could not find repo: did:plc:ws4o64ffzdxlo3tmickhh7xr')
2026-02-21T03:07:01Z INFO bsky_collector_v2.job.index_feed_generators: enqueued repos page=17 mode=listRepos inserted=500 repos_returned=500 next_cursor=set
2026-02-21T03:07:06Z INFO bsky_collector_v2.job.index_feed_generators: indexed repo=did:plc:3cwqc67ws5qc6saqotrudsce part=293 records=1 next_cursor=set
2026-02-21T03:07:06Z WARNING bsky_collector_v2.job.index_feed_generators: listRecords failed repo=did:plc:3khujkpa74nrijqmzptgeg7l err=HttpError('InvalidRequest: Could not find repo: did:plc:3khujkpa74nrijqmzptgeg7l')
2026-02-21T03:07:13Z WARNING bsky_collector_v2.job.index_feed_generators: listRecords failed repo=did:plc:5jnbrwgp45g3ffsugm4rqj2m err=HttpError('InvalidRequest: Could not find repo: did:plc:5jnbrwgp45g3ffsugm4rqj2m')
2026-02-21T03:07:29Z INFO bsky_collector_v2.job.index_feed_generators: indexed repo=did:plc:e3poipwfwxn6b6ader4zgj6h part=294 records=1 next_cursor=set
2026-02-21T03:07:43Z WARNING bsky_collector_v2.job.index_feed_generators: listRecords failed repo=did:plc:ixfocctifv3iirgebxy4lrhy err=HttpError('InvalidRequest: Could not find repo: did:plc:ixfocctifv3iirgebxy4lrhy')
2026-02-21T03:07:54Z WARNING bsky_collector_v2.job.index_feed_generators: listRecords failed repo=did:plc:ndtxy6z27wqczj2ighw32elt err=HttpError('InvalidRequest: Could not find repo: did:plc:ndtxy6z27wqczj2ighw32elt')
2026-02-21T03:08:24Z WARNING bsky_collector_v2.job.index_feed_generators: listRecords failed repo=did:plc:z3hnc6v2ulejvp2n3w4kj53x err=HttpError('InvalidRequest: Could not find repo: did:plc:z3hnc6v2ulejvp2n3w4kj53x')
2026-02-21T03:08:28Z WARNING bsky_collector_v2.job.index_feed_generators: listRecords failed repo=did:plc:3khujkpa74nrijqmzptgeg7l err=HttpError('InvalidRequest: Could not find repo: did:plc:3khujkpa74nrijqmzptgeg7l')
2026-02-21T03:08:28Z WARNING bsky_collector_v2.job.index_feed_generators: listRecords failed repo=did:plc:5jnbrwgp45g3ffsugm4rqj2m err=HttpError('InvalidRequest: Could not find repo: did:plc:5jnbrwgp45g3ffsugm4rqj2m')
2026-02-21T03:08:28Z WARNING bsky_collector_v2.job.index_feed_generators: listRecords failed repo=did:plc:ixfocctifv3iirgebxy4lrhy err=HttpError('InvalidRequest: Could not find repo: did:plc:ixfocctifv3iirgebxy4lrhy')
2026-02-21T03:08:28Z WARNING bsky_collector_v2.job.index_feed_generators: listRecords failed repo=did:plc:ndtxy6z27wqczj2ighw32elt err=HttpError('InvalidRequest: Could not find repo: did:plc:ndtxy6z27wqczj2ighw32elt')
2026-02-21T03:08:29Z WARNING bsky_collector_v2.job.index_feed_generators: listRecords failed repo=did:plc:z3hnc6v2ulejvp2n3w4kj53x err=HttpError('InvalidRequest: Could not find repo: did:plc:z3hnc6v2ulejvp2n3w4kj53x')
2026-02-21T03:08:29Z WARNING bsky_collector_v2.job.index_feed_generators: listRecords failed repo=did:plc:3khujkpa74nrijqmzptgeg7l err=HttpError('InvalidRequest: Could not find repo: did:plc:3khujkpa74nrijqmzptgeg7l')
2026-02-21T03:08:29Z WARNING bsky_collector_v2.job.index_feed_generators: listRecords failed repo=did:plc:5jnbrwgp45g3ffsugm4rqj2m err=HttpError('InvalidRequest: Could not find repo: did:plc:5jnbrwgp45g3ffsugm4rqj2m')
2026-02-21T03:08:29Z WARNING bsky_collector_v2.job.index_feed_generators: listRecords failed repo=did:plc:ixfocctifv3iirgebxy4lrhy err=HttpError('InvalidRequest: Could not find repo: did:plc:ixfocctifv3iirgebxy4lrhy')
2026-02-21T03:08:29Z WARNING bsky_collector_v2.job.index_feed_generators: listRecords failed repo=did:plc:ndtxy6z27wqczj2ighw32elt err=HttpError('InvalidRequest: Could not find repo: did:plc:ndtxy6z27wqczj2ighw32elt')
2026-02-21T03:08:29Z WARNING bsky_collector_v2.job.index_feed_generators: listRecords failed repo=did:plc:z3hnc6v2ulejvp2n3w4kj53x err=HttpError('InvalidRequest: Could not find repo: did:plc:z3hnc6v2ulejvp2n3w4kj53x')
2026-02-21T03:08:29Z INFO bsky_collector_v2.job.index_feed_generators: enqueued repos page=18 mode=listRepos inserted=500 repos_returned=500 next_cursor=set
2026-02-21T03:08:35Z WARNING bsky_collector_v2.job.index_feed_generators: listRecords failed repo=did:plc:3y2qybwkh4to3wmh54beis75 err=HttpError('InvalidRequest: Could not find repo: did:plc:3y2qybwkh4to3wmh54beis75')
2026-02-21T03:09:02Z WARNING bsky_collector_v2.job.index_feed_generators: listRecords failed repo=did:plc:bltk54fus4w34xjmneckf3oa err=HttpError('InvalidRequest: Could not find repo: did:plc:bltk54fus4w34xjmneckf3oa')
2026-02-21T03:09:25Z WARNING bsky_collector_v2.job.index_feed_generators: listRecords failed repo=did:plc:jmnmroqmst37npzzlwqksdtd err=HttpError('InvalidRequest: Could not find repo: did:plc:jmnmroqmst37npzzlwqksdtd')
2026-02-21T03:09:36Z WARNING bsky_collector_v2.job.index_feed_generators: listRecords failed repo=did:plc:n6zk3a6lm7j42agueyx3urre err=HttpError('InvalidRequest: Could not find repo: did:plc:n6zk3a6lm7j42agueyx3urre')
2026-02-21T03:09:40Z WARNING bsky_collector_v2.job.index_feed_generators: listRecords failed repo=did:plc:ou4ouhbpc3zv6tiotrayzwss err=HttpError('InvalidRequest: Could not find repo: did:plc:ou4ouhbpc3zv6tiotrayzwss')
2026-02-21T03:09:50Z INFO bsky_collector_v2.job.index_feed_generators: indexed repo=did:plc:sacnfpfipfx4s5qtxg2t4zo6 part=295 records=5 next_cursor=set
2026-02-21T03:10:11Z WARNING bsky_collector_v2.job.index_feed_generators: listRecords failed repo=did:plc:3y2qybwkh4to3wmh54beis75 err=HttpError('InvalidRequest: Could not find repo: did:plc:3y2qybwkh4to3wmh54beis75')
2026-02-21T03:10:11Z WARNING bsky_collector_v2.job.index_feed_generators: listRecords failed repo=did:plc:bltk54fus4w34xjmneckf3oa err=HttpError('InvalidRequest: Could not find repo: did:plc:bltk54fus4w34xjmneckf3oa')
2026-02-21T03:10:11Z WARNING bsky_collector_v2.job.index_feed_generators: listRecords failed repo=did:plc:jmnmroqmst37npzzlwqksdtd err=HttpError('InvalidRequest: Could not find repo: did:plc:jmnmroqmst37npzzlwqksdtd')
2026-02-21T03:10:11Z WARNING bsky_collector_v2.job.index_feed_generators: listRecords failed repo=did:plc:n6zk3a6lm7j42agueyx3urre err=HttpError('InvalidRequest: Could not find repo: did:plc:n6zk3a6lm7j42agueyx3urre')
2026-02-21T03:10:11Z WARNING bsky_collector_v2.job.index_feed_generators: listRecords failed repo=did:plc:ou4ouhbpc3zv6tiotrayzwss err=HttpError('InvalidRequest: Could not find repo: did:plc:ou4ouhbpc3zv6tiotrayzwss')
2026-02-21T03:10:12Z WARNING bsky_collector_v2.job.index_feed_generators: listRecords failed repo=did:plc:3y2qybwkh4to3wmh54beis75 err=HttpError('InvalidRequest: Could not find repo: did:plc:3y2qybwkh4to3wmh54beis75')
2026-02-21T03:10:12Z WARNING bsky_collector_v2.job.index_feed_generators: listRecords failed repo=did:plc:bltk54fus4w34xjmneckf3oa err=HttpError('InvalidRequest: Could not find repo: did:plc:bltk54fus4w34xjmneckf3oa')
2026-02-21T03:10:12Z WARNING bsky_collector_v2.job.index_feed_generators: listRecords failed repo=did:plc:jmnmroqmst37npzzlwqksdtd err=HttpError('InvalidRequest: Could not find repo: did:plc:jmnmroqmst37npzzlwqksdtd')
2026-02-21T03:10:12Z WARNING bsky_collector_v2.job.index_feed_generators: listRecords failed repo=did:plc:n6zk3a6lm7j42agueyx3urre err=HttpError('InvalidRequest: Could not find repo: did:plc:n6zk3a6lm7j42agueyx3urre')
2026-02-21T03:10:12Z WARNING bsky_collector_v2.job.index_feed_generators: listRecords failed repo=did:plc:ou4ouhbpc3zv6tiotrayzwss err=HttpError('InvalidRequest: Could not find repo: did:plc:ou4ouhbpc3zv6tiotrayzwss')
2026-02-21T03:10:12Z INFO bsky_collector_v2.job.index_feed_generators: enqueued repos page=19 mode=listRepos inserted=500 repos_returned=500 next_cursor=set
2026-02-21T03:10:31Z WARNING bsky_collector_v2.job.index_feed_generators: listRecords failed repo=did:plc:bkor37ftnzhx34kmkgzojn54 err=HttpError('InvalidRequest: Could not find repo: did:plc:bkor37ftnzhx34kmkgzojn54')
2026-02-21T03:11:44Z WARNING bsky_collector_v2.job.index_feed_generators: listRecords failed repo=did:plc:bkor37ftnzhx34kmkgzojn54 err=HttpError('InvalidRequest: Could not find repo: did:plc:bkor37ftnzhx34kmkgzojn54')
2026-02-21T03:11:44Z WARNING bsky_collector_v2.job.index_feed_generators: listRecords failed repo=did:plc:bkor37ftnzhx34kmkgzojn54 err=HttpError('InvalidRequest: Could not find repo: did:plc:bkor37ftnzhx34kmkgzojn54')
2026-02-21T03:11:45Z INFO bsky_collector_v2.job.index_feed_generators: enqueued repos page=20 mode=listRepos inserted=500 repos_returned=500 next_cursor=set
2026-02-21T03:11:50Z INFO bsky_collector_v2.job.index_feed_generators: indexed repo=did:plc:3l7kk3nq3gkhqym5f3o775km part=296 records=1 next_cursor=set
2026-02-21T03:11:54Z INFO bsky_collector_v2.job.index_feed_generators: indexed repo=did:plc:5khebv5a7kczwrtnpiq2ms46 part=297 records=1 next_cursor=set
2026-02-21T03:12:44Z INFO bsky_collector_v2.job.index_feed_generators: indexed repo=did:plc:ogomhbepevzcg2g3ekqgzu7u part=298 records=1 next_cursor=set
2026-02-21T03:12:51Z WARNING bsky_collector_v2.job.index_feed_generators: listRecords failed repo=did:plc:qrw6rqrf4uiecjv2jgzelgjw err=HttpError('InvalidRequest: Could not find repo: did:plc:qrw6rqrf4uiecjv2jgzelgjw')
2026-02-21T03:12:52Z WARNING bsky_collector_v2.job.index_feed_generators: listRecords failed repo=did:plc:r4zl4fgz3vonr3l5qok3vhp7 err=HttpError('InvalidRequest: Could not find repo: did:plc:r4zl4fgz3vonr3l5qok3vhp7')
2026-02-21T03:13:02Z WARNING bsky_collector_v2.job.index_feed_generators: listRecords failed repo=did:plc:uqvup7viyhpezh3s44dzbujh err=HttpError('InvalidRequest: Could not find repo: did:plc:uqvup7viyhpezh3s44dzbujh')
2026-02-21T03:13:12Z INFO bsky_collector_v2.job.index_feed_generators: indexed repo=did:plc:ztdyfmy5ltystiq5wyj3mhps part=299 records=2 next_cursor=set
2026-02-21T03:13:13Z WARNING bsky_collector_v2.job.index_feed_generators: listRecords failed repo=did:plc:qrw6rqrf4uiecjv2jgzelgjw err=HttpError('InvalidRequest: Could not find repo: did:plc:qrw6rqrf4uiecjv2jgzelgjw')
2026-02-21T03:13:13Z WARNING bsky_collector_v2.job.index_feed_generators: listRecords failed repo=did:plc:r4zl4fgz3vonr3l5qok3vhp7 err=HttpError('InvalidRequest: Could not find repo: did:plc:r4zl4fgz3vonr3l5qok3vhp7')
2026-02-21T03:13:14Z WARNING bsky_collector_v2.job.index_feed_generators: listRecords failed repo=did:plc:uqvup7viyhpezh3s44dzbujh err=HttpError('InvalidRequest: Could not find repo: did:plc:uqvup7viyhpezh3s44dzbujh')
2026-02-21T03:13:14Z WARNING bsky_collector_v2.job.index_feed_generators: listRecords failed repo=did:plc:qrw6rqrf4uiecjv2jgzelgjw err=HttpError('InvalidRequest: Could not find repo: did:plc:qrw6rqrf4uiecjv2jgzelgjw')
2026-02-21T03:13:14Z WARNING bsky_collector_v2.job.index_feed_generators: listRecords failed repo=did:plc:r4zl4fgz3vonr3l5qok3vhp7 err=HttpError('InvalidRequest: Could not find repo: did:plc:r4zl4fgz3vonr3l5qok3vhp7')
2026-02-21T03:13:14Z WARNING bsky_collector_v2.job.index_feed_generators: listRecords failed repo=did:plc:uqvup7viyhpezh3s44dzbujh err=HttpError('InvalidRequest: Could not find repo: did:plc:uqvup7viyhpezh3s44dzbujh')
2026-02-21T03:13:15Z INFO bsky_collector_v2.job.index_feed_generators: enqueued repos page=21 mode=listRepos inserted=500 repos_returned=500 next_cursor=set
2026-02-21T03:13:24Z INFO bsky_collector_v2.job.index_feed_generators: indexed repo=did:plc:5laaj5xktje5bshbp4nnndgb part=300 records=1 next_cursor=set
2026-02-21T03:14:02Z INFO bsky_collector_v2.job.index_feed_generators: indexed repo=did:plc:kj5pfvkvnxtw4hqqgkxoggfi part=301 records=1 next_cursor=set
2026-02-21T03:14:18Z INFO bsky_collector_v2.job.index_feed_generators: indexed repo=did:plc:pndisxvce5r4fwzwmxex5jz4 part=302 records=5 next_cursor=set
2026-02-21T03:14:28Z WARNING bsky_collector_v2.job.index_feed_generators: listRecords failed repo=did:plc:txnfedcmsv3cyqyz3wm6awa2 err=HttpError('InvalidRequest: Could not find repo: did:plc:txnfedcmsv3cyqyz3wm6awa2')
2026-02-21T03:14:43Z WARNING bsky_collector_v2.job.index_feed_generators: listRecords failed repo=did:plc:yvobyaw3bpnqxbp5paj2h2r6 err=HttpError('InvalidRequest: Could not find repo: did:plc:yvobyaw3bpnqxbp5paj2h2r6')
2026-02-21T03:14:45Z INFO bsky_collector_v2.job.index_feed_generators: indexed repo=did:plc:zwyhr365ru7ijt6xgzucamfm part=303 records=2 next_cursor=set
2026-02-21T03:14:46Z WARNING bsky_collector_v2.job.index_feed_generators: listRecords failed repo=did:plc:txnfedcmsv3cyqyz3wm6awa2 err=HttpError('InvalidRequest: Could not find repo: did:plc:txnfedcmsv3cyqyz3wm6awa2')
2026-02-21T03:14:46Z WARNING bsky_collector_v2.job.index_feed_generators: listRecords failed repo=did:plc:yvobyaw3bpnqxbp5paj2h2r6 err=HttpError('InvalidRequest: Could not find repo: did:plc:yvobyaw3bpnqxbp5paj2h2r6')
2026-02-21T03:14:46Z WARNING bsky_collector_v2.job.index_feed_generators: listRecords failed repo=did:plc:txnfedcmsv3cyqyz3wm6awa2 err=HttpError('InvalidRequest: Could not find repo: did:plc:txnfedcmsv3cyqyz3wm6awa2')
2026-02-21T03:14:46Z WARNING bsky_collector_v2.job.index_feed_generators: listRecords failed repo=did:plc:yvobyaw3bpnqxbp5paj2h2r6 err=HttpError('InvalidRequest: Could not find repo: did:plc:yvobyaw3bpnqxbp5paj2h2r6')
2026-02-21T03:14:47Z INFO bsky_collector_v2.job.index_feed_generators: enqueued repos page=22 mode=listRepos inserted=500 repos_returned=500 next_cursor=set
2026-02-21T03:14:51Z WARNING bsky_collector_v2.job.index_feed_generators: listRecords failed repo=did:plc:3ofvwsydnuvihtvbop3xthir err=HttpError('InvalidRequest: Could not find repo: did:plc:3ofvwsydnuvihtvbop3xthir')
2026-02-21T03:15:03Z INFO bsky_collector_v2.job.index_feed_generators: indexed repo=did:plc:accttq3ywwiwimlbes4bzoxx part=304 records=1 next_cursor=set
2026-02-21T03:15:21Z WARNING bsky_collector_v2.job.index_feed_generators: listRecords failed repo=did:plc:fwuiklxasrfpvgvv73d3nc76 err=HttpError('InvalidRequest: Could not find repo: did:plc:fwuiklxasrfpvgvv73d3nc76')
2026-02-21T03:16:12Z INFO bsky_collector_v2.job.index_feed_generators: indexed repo=did:plc:t6ftogffloly53kgztkxa5j5 part=305 records=1 next_cursor=set
2026-02-21T03:16:14Z INFO bsky_collector_v2.job.index_feed_generators: indexed repo=did:plc:u3yjjb4zmegkmppmovvacs3e part=306 records=1 next_cursor=set
2026-02-21T03:16:40Z INFO bsky_collector_v2.job.index_feed_generators: indexed repo=did:plc:zkcpigvcg2mmbrviv7imv55y part=307 records=2 next_cursor=set
2026-02-21T03:16:42Z WARNING bsky_collector_v2.job.index_feed_generators: listRecords failed repo=did:plc:3ofvwsydnuvihtvbop3xthir err=HttpError('InvalidRequest: Could not find repo: did:plc:3ofvwsydnuvihtvbop3xthir')
2026-02-21T03:16:42Z WARNING bsky_collector_v2.job.index_feed_generators: listRecords failed repo=did:plc:fwuiklxasrfpvgvv73d3nc76 err=HttpError('InvalidRequest: Could not find repo: did:plc:fwuiklxasrfpvgvv73d3nc76')
2026-02-21T03:16:43Z WARNING bsky_collector_v2.job.index_feed_generators: listRecords failed repo=did:plc:3ofvwsydnuvihtvbop3xthir err=HttpError('InvalidRequest: Could not find repo: did:plc:3ofvwsydnuvihtvbop3xthir')
2026-02-21T03:16:43Z WARNING bsky_collector_v2.job.index_feed_generators: listRecords failed repo=did:plc:fwuiklxasrfpvgvv73d3nc76 err=HttpError('InvalidRequest: Could not find repo: did:plc:fwuiklxasrfpvgvv73d3nc76')
2026-02-21T03:16:43Z INFO bsky_collector_v2.job.index_feed_generators: enqueued repos page=23 mode=listRepos inserted=500 repos_returned=500 next_cursor=set
2026-02-21T03:16:52Z INFO bsky_collector_v2.job.index_feed_generators: indexed repo=did:plc:3ycqivj7uc27a6q54sh5gypm part=308 records=1 next_cursor=set
2026-02-21T03:17:25Z WARNING bsky_collector_v2.job.index_feed_generators: listRecords failed repo=did:plc:ecfcao6zdsef2v2lbgcooeih err=HttpError('InvalidRequest: Could not find repo: did:plc:ecfcao6zdsef2v2lbgcooeih')
2026-02-21T03:17:25Z WARNING bsky_collector_v2.job.index_feed_generators: listRecords failed repo=did:plc:edbcaa53tq3o5wwvhsmgsw4d err=HttpError('InvalidRequest: Could not find repo: did:plc:edbcaa53tq3o5wwvhsmgsw4d')
2026-02-21T03:17:32Z INFO bsky_collector_v2.job.index_feed_generators: indexed repo=did:plc:gebnj6xbdyy44cf7ddm2umu3 part=309 records=2 next_cursor=set
2026-02-21T03:17:45Z INFO bsky_collector_v2.job.index_feed_generators: indexed repo=did:plc:krgj225vcy5ji35btpw6lz4e part=310 records=1 next_cursor=set
2026-02-21T03:18:09Z WARNING bsky_collector_v2.job.index_feed_generators: listRecords failed repo=did:plc:s5mbvrjzs4pbocd43s35z5bm err=HttpError('InvalidRequest: Could not find repo: did:plc:s5mbvrjzs4pbocd43s35z5bm')
2026-02-21T03:18:12Z INFO bsky_collector_v2.job.index_feed_generators: indexed repo=did:plc:snk4fttakwe2gjqdytrwu6bc part=311 records=1 next_cursor=set
2026-02-21T03:18:30Z INFO bsky_collector_v2.job.index_feed_generators: indexed repo=did:plc:yp5lvhmxq56l4m2zax73gzqo part=312 records=1 next_cursor=set
2026-02-21T03:18:38Z WARNING bsky_collector_v2.job.index_feed_generators: listRecords failed repo=did:plc:ecfcao6zdsef2v2lbgcooeih err=HttpError('InvalidRequest: Could not find repo: did:plc:ecfcao6zdsef2v2lbgcooeih')
2026-02-21T03:18:38Z WARNING bsky_collector_v2.job.index_feed_generators: listRecords failed repo=did:plc:edbcaa53tq3o5wwvhsmgsw4d err=HttpError('InvalidRequest: Could not find repo: did:plc:edbcaa53tq3o5wwvhsmgsw4d')
2026-02-21T03:18:39Z WARNING bsky_collector_v2.job.index_feed_generators: listRecords failed repo=did:plc:s5mbvrjzs4pbocd43s35z5bm err=HttpError('InvalidRequest: Could not find repo: did:plc:s5mbvrjzs4pbocd43s35z5bm')
2026-02-21T03:18:40Z WARNING bsky_collector_v2.job.index_feed_generators: listRecords failed repo=did:plc:ecfcao6zdsef2v2lbgcooeih err=HttpError('InvalidRequest: Could not find repo: did:plc:ecfcao6zdsef2v2lbgcooeih')
2026-02-21T03:18:40Z WARNING bsky_collector_v2.job.index_feed_generators: listRecords failed repo=did:plc:edbcaa53tq3o5wwvhsmgsw4d err=HttpError('InvalidRequest: Could not find repo: did:plc:edbcaa53tq3o5wwvhsmgsw4d')
2026-02-21T03:18:40Z WARNING bsky_collector_v2.job.index_feed_generators: listRecords failed repo=did:plc:s5mbvrjzs4pbocd43s35z5bm err=HttpError('InvalidRequest: Could not find repo: did:plc:s5mbvrjzs4pbocd43s35z5bm')
2026-02-21T03:18:41Z INFO bsky_collector_v2.job.index_feed_generators: enqueued repos page=24 mode=listRepos inserted=500 repos_returned=500 next_cursor=set
2026-02-21T03:18:49Z INFO bsky_collector_v2.job.index_feed_generators: indexed repo=did:plc:36jycefel2yddmni5yeizyaz part=313 records=1 next_cursor=set
2026-02-21T03:19:03Z WARNING bsky_collector_v2.job.index_feed_generators: listRecords failed repo=did:plc:7nngucajtzjivcf6jz3gxftq err=HttpError('InvalidRequest: Could not find repo: did:plc:7nngucajtzjivcf6jz3gxftq')
2026-02-21T03:19:15Z WARNING bsky_collector_v2.job.index_feed_generators: listRecords failed repo=did:plc:dsay2cjy2unndtcsl7e2unji err=HttpError('InvalidRequest: Could not find repo: did:plc:dsay2cjy2unndtcsl7e2unji')
2026-02-21T03:19:37Z INFO bsky_collector_v2.job.index_feed_generators: indexed repo=did:plc:k2xgns5xzvisi5l6vgnyz23h part=314 records=1 next_cursor=set
2026-02-21T03:19:56Z WARNING bsky_collector_v2.job.index_feed_generators: listRecords failed repo=did:plc:pgyg4ih7zsqkwdon34jqkbuz err=HttpError('InvalidRequest: Could not find repo: did:plc:pgyg4ih7zsqkwdon34jqkbuz')
2026-02-21T03:19:58Z INFO bsky_collector_v2.job.index_feed_generators: indexed repo=did:plc:pxnmjwmjkqalz753ihys2xbm part=315 records=3 next_cursor=set
2026-02-21T03:20:07Z INFO bsky_collector_v2.job.index_feed_generators: indexed repo=did:plc:suubjxbyee5mjhqjfqieekib part=316 records=1 next_cursor=set
2026-02-21T03:20:25Z WARNING bsky_collector_v2.job.index_feed_generators: listRecords failed repo=did:plc:7nngucajtzjivcf6jz3gxftq err=HttpError('InvalidRequest: Could not find repo: did:plc:7nngucajtzjivcf6jz3gxftq')
2026-02-21T03:20:25Z WARNING bsky_collector_v2.job.index_feed_generators: listRecords failed repo=did:plc:dsay2cjy2unndtcsl7e2unji err=HttpError('InvalidRequest: Could not find repo: did:plc:dsay2cjy2unndtcsl7e2unji')
2026-02-21T03:20:25Z WARNING bsky_collector_v2.job.index_feed_generators: listRecords failed repo=did:plc:pgyg4ih7zsqkwdon34jqkbuz err=HttpError('InvalidRequest: Could not find repo: did:plc:pgyg4ih7zsqkwdon34jqkbuz')
2026-02-21T03:20:25Z WARNING bsky_collector_v2.job.index_feed_generators: listRecords failed repo=did:plc:7nngucajtzjivcf6jz3gxftq err=HttpError('InvalidRequest: Could not find repo: did:plc:7nngucajtzjivcf6jz3gxftq')
2026-02-21T03:20:25Z WARNING bsky_collector_v2.job.index_feed_generators: listRecords failed repo=did:plc:dsay2cjy2unndtcsl7e2unji err=HttpError('InvalidRequest: Could not find repo: did:plc:dsay2cjy2unndtcsl7e2unji')
2026-02-21T03:20:26Z WARNING bsky_collector_v2.job.index_feed_generators: listRecords failed repo=did:plc:pgyg4ih7zsqkwdon34jqkbuz err=HttpError('InvalidRequest: Could not find repo: did:plc:pgyg4ih7zsqkwdon34jqkbuz')
2026-02-21T03:20:26Z INFO bsky_collector_v2.job.index_feed_generators: enqueued repos page=25 mode=listRepos inserted=500 repos_returned=500 next_cursor=set
2026-02-21T03:20:50Z INFO bsky_collector_v2.job.index_feed_generators: indexed repo=did:plc:ckppa3q4lvvy23easawf4ya4 part=317 records=1 next_cursor=set
2026-02-21T03:21:24Z WARNING bsky_collector_v2.job.index_feed_generators: listRecords failed repo=did:plc:ojpfeufjgyaq4rwqb5wk6fnx err=HttpError('InvalidRequest: Could not find repo: did:plc:ojpfeufjgyaq4rwqb5wk6fnx')
2026-02-21T03:22:04Z WARNING bsky_collector_v2.job.index_feed_generators: listRecords failed repo=did:plc:ojpfeufjgyaq4rwqb5wk6fnx err=HttpError('InvalidRequest: Could not find repo: did:plc:ojpfeufjgyaq4rwqb5wk6fnx')
2026-02-21T03:22:04Z WARNING bsky_collector_v2.job.index_feed_generators: listRecords failed repo=did:plc:ojpfeufjgyaq4rwqb5wk6fnx err=HttpError('InvalidRequest: Could not find repo: did:plc:ojpfeufjgyaq4rwqb5wk6fnx')
2026-02-21T03:22:05Z INFO bsky_collector_v2.job.index_feed_generators: enqueued repos page=26 mode=listRepos inserted=500 repos_returned=500 next_cursor=set
2026-02-21T03:22:49Z WARNING bsky_collector_v2.job.index_feed_generators: listRecords failed repo=did:plc:fc6a4rhg7olpkzx7qgwzlfkq err=HttpError('InvalidRequest: Could not find repo: did:plc:fc6a4rhg7olpkzx7qgwzlfkq')
2026-02-21T03:23:22Z INFO bsky_collector_v2.job.index_feed_generators: indexed repo=did:plc:mrf6vfnopv6fei5kjq3toyci part=318 records=1 next_cursor=set
2026-02-21T03:23:48Z WARNING bsky_collector_v2.job.index_feed_generators: listRecords failed repo=did:plc:vsc6cin355ybvfshcdloqoi6 err=HttpError('InvalidRequest: Could not find repo: did:plc:vsc6cin355ybvfshcdloqoi6')
2026-02-21T03:23:50Z INFO bsky_collector_v2.job.index_feed_generators: indexed repo=did:plc:w5erit2aogjvgs7l2owlxjwy part=319 records=1 next_cursor=set
2026-02-21T03:24:02Z WARNING bsky_collector_v2.job.index_feed_generators: listRecords failed repo=did:plc:fc6a4rhg7olpkzx7qgwzlfkq err=HttpError('InvalidRequest: Could not find repo: did:plc:fc6a4rhg7olpkzx7qgwzlfkq')
2026-02-21T03:24:02Z WARNING bsky_collector_v2.job.index_feed_generators: listRecords failed repo=did:plc:vsc6cin355ybvfshcdloqoi6 err=HttpError('InvalidRequest: Could not find repo: did:plc:vsc6cin355ybvfshcdloqoi6')
2026-02-21T03:24:02Z WARNING bsky_collector_v2.job.index_feed_generators: listRecords failed repo=did:plc:fc6a4rhg7olpkzx7qgwzlfkq err=HttpError('InvalidRequest: Could not find repo: did:plc:fc6a4rhg7olpkzx7qgwzlfkq')
2026-02-21T03:24:03Z WARNING bsky_collector_v2.job.index_feed_generators: listRecords failed repo=did:plc:vsc6cin355ybvfshcdloqoi6 err=HttpError('InvalidRequest: Could not find repo: did:plc:vsc6cin355ybvfshcdloqoi6')
2026-02-21T03:24:03Z INFO bsky_collector_v2.job.index_feed_generators: enqueued repos page=27 mode=listRepos inserted=500 repos_returned=500 next_cursor=set
2026-02-21T03:24:38Z WARNING bsky_collector_v2.job.index_feed_generators: listRecords failed repo=did:plc:g222tlp3276m4abem6wbjkld err=HttpError('InvalidRequest: Could not find repo: did:plc:g222tlp3276m4abem6wbjkld')
2026-02-21T03:24:44Z WARNING bsky_collector_v2.job.index_feed_generators: listRecords failed repo=did:plc:huaf7q3bmdxpxemlkngwfnmt err=HttpError('InvalidRequest: Could not find repo: did:plc:huaf7q3bmdxpxemlkngwfnmt')
2026-02-21T03:24:53Z INFO bsky_collector_v2.job.index_feed_generators: indexed repo=did:plc:lj3f2wgnc7zqy5tqxv3xbfcq part=320 records=8 next_cursor=set
2026-02-21T03:24:56Z INFO bsky_collector_v2.job.index_feed_generators: indexed repo=did:plc:mmc2ayxhzslbxczlxnfzt5om part=321 records=1 next_cursor=set
2026-02-21T03:24:58Z INFO bsky_collector_v2.job.index_feed_generators: indexed repo=did:plc:n4r3goczrmwpdf42ljq7myr3 part=322 records=3 next_cursor=set
2026-02-21T03:25:15Z INFO bsky_collector_v2.job.index_feed_generators: indexed repo=did:plc:s3kvjbroqdgenmtcv6ucttfp part=323 records=1 next_cursor=set
2026-02-21T03:25:40Z WARNING bsky_collector_v2.job.index_feed_generators: listRecords failed repo=did:plc:g222tlp3276m4abem6wbjkld err=HttpError('InvalidRequest: Could not find repo: did:plc:g222tlp3276m4abem6wbjkld')
2026-02-21T03:25:40Z WARNING bsky_collector_v2.job.index_feed_generators: listRecords failed repo=did:plc:huaf7q3bmdxpxemlkngwfnmt err=HttpError('InvalidRequest: Could not find repo: did:plc:huaf7q3bmdxpxemlkngwfnmt')
2026-02-21T03:25:41Z WARNING bsky_collector_v2.job.index_feed_generators: listRecords failed repo=did:plc:g222tlp3276m4abem6wbjkld err=HttpError('InvalidRequest: Could not find repo: did:plc:g222tlp3276m4abem6wbjkld')
2026-02-21T03:25:41Z WARNING bsky_collector_v2.job.index_feed_generators: listRecords failed repo=did:plc:huaf7q3bmdxpxemlkngwfnmt err=HttpError('InvalidRequest: Could not find repo: did:plc:huaf7q3bmdxpxemlkngwfnmt')
2026-02-21T03:25:41Z INFO bsky_collector_v2.job.index_feed_generators: enqueued repos page=28 mode=listRepos inserted=500 repos_returned=500 next_cursor=set
2026-02-21T03:25:47Z WARNING bsky_collector_v2.job.index_feed_generators: listRecords failed repo=did:plc:4igxyl2ndtryr6s7vgy4mdhd err=HttpError('InvalidRequest: Could not find repo: did:plc:4igxyl2ndtryr6s7vgy4mdhd')
2026-02-21T03:26:21Z INFO bsky_collector_v2.job.index_feed_generators: indexed repo=did:plc:gqbn2osrwhpkkbdowswrbryq part=324 records=1 next_cursor=set
2026-02-21T03:26:27Z WARNING bsky_collector_v2.job.index_feed_generators: listRecords failed repo=did:plc:i27lj23rnr4ew4qp6skcsi2i err=HttpError('InvalidRequest: Could not find repo: did:plc:i27lj23rnr4ew4qp6skcsi2i')
2026-02-21T03:26:40Z WARNING bsky_collector_v2.job.index_feed_generators: listRecords failed repo=did:plc:m5q7elq34wgciiz7zx3lb2zh err=HttpError('InvalidRequest: Could not find repo: did:plc:m5q7elq34wgciiz7zx3lb2zh')
2026-02-21T03:27:09Z INFO bsky_collector_v2.job.index_feed_generators: indexed repo=did:plc:xelo4cyez2ayhtpdehvhel2x part=325 records=3 next_cursor=set
2026-02-21T03:27:16Z WARNING bsky_collector_v2.job.index_feed_generators: listRecords failed repo=did:plc:4igxyl2ndtryr6s7vgy4mdhd err=HttpError('InvalidRequest: Could not find repo: did:plc:4igxyl2ndtryr6s7vgy4mdhd')
2026-02-21T03:27:17Z WARNING bsky_collector_v2.job.index_feed_generators: listRecords failed repo=did:plc:i27lj23rnr4ew4qp6skcsi2i err=HttpError('InvalidRequest: Could not find repo: did:plc:i27lj23rnr4ew4qp6skcsi2i')
2026-02-21T03:27:17Z WARNING bsky_collector_v2.job.index_feed_generators: listRecords failed repo=did:plc:m5q7elq34wgciiz7zx3lb2zh err=HttpError('InvalidRequest: Could not find repo: did:plc:m5q7elq34wgciiz7zx3lb2zh')
2026-02-21T03:27:18Z WARNING bsky_collector_v2.job.index_feed_generators: listRecords failed repo=did:plc:4igxyl2ndtryr6s7vgy4mdhd err=HttpError('InvalidRequest: Could not find repo: did:plc:4igxyl2ndtryr6s7vgy4mdhd')
2026-02-21T03:27:18Z WARNING bsky_collector_v2.job.index_feed_generators: listRecords failed repo=did:plc:i27lj23rnr4ew4qp6skcsi2i err=HttpError('InvalidRequest: Could not find repo: did:plc:i27lj23rnr4ew4qp6skcsi2i')
2026-02-21T03:27:19Z WARNING bsky_collector_v2.job.index_feed_generators: listRecords failed repo=did:plc:m5q7elq34wgciiz7zx3lb2zh err=HttpError('InvalidRequest: Could not find repo: did:plc:m5q7elq34wgciiz7zx3lb2zh')
2026-02-21T03:27:19Z INFO bsky_collector_v2.job.index_feed_generators: enqueued repos page=29 mode=listRepos inserted=500 repos_returned=500 next_cursor=set
2026-02-21T03:27:41Z INFO bsky_collector_v2.job.index_feed_generators: indexed repo=did:plc:6rf5gl74nxonbyjnxfcabxjk part=326 records=1 next_cursor=set
2026-02-21T03:27:50Z INFO bsky_collector_v2.job.index_feed_generators: indexed repo=did:plc:bhxc3obpzb6cumkeyigjo353 part=327 records=3 next_cursor=set
2026-02-21T03:28:42Z WARNING bsky_collector_v2.job.index_feed_generators: listRecords failed repo=did:plc:tei55nk2izhnsxpetgbixenq err=HttpError('InvalidRequest: Could not find repo: did:plc:tei55nk2izhnsxpetgbixenq')
2026-02-21T03:28:56Z WARNING bsky_collector_v2.job.index_feed_generators: listRecords failed repo=did:plc:xpe66gt4a5wf7qy4yxesvgxi err=HttpError('InvalidRequest: Could not find repo: did:plc:xpe66gt4a5wf7qy4yxesvgxi')
2026-02-21T03:29:00Z INFO bsky_collector_v2.job.index_feed_generators: indexed repo=did:plc:zafymvfgywullrlokid5pcp5 part=328 records=1 next_cursor=set
2026-02-21T03:29:00Z INFO bsky_collector_v2.job.index_feed_generators: indexed repo=did:plc:zjm4wkzmghsuhz7ufkul2che part=329 records=3 next_cursor=set
2026-02-21T03:29:02Z WARNING bsky_collector_v2.job.index_feed_generators: listRecords failed repo=did:plc:tei55nk2izhnsxpetgbixenq err=HttpError('InvalidRequest: Could not find repo: did:plc:tei55nk2izhnsxpetgbixenq')
2026-02-21T03:29:03Z WARNING bsky_collector_v2.job.index_feed_generators: listRecords failed repo=did:plc:xpe66gt4a5wf7qy4yxesvgxi err=HttpError('InvalidRequest: Could not find repo: did:plc:xpe66gt4a5wf7qy4yxesvgxi')
2026-02-21T03:29:03Z WARNING bsky_collector_v2.job.index_feed_generators: listRecords failed repo=did:plc:tei55nk2izhnsxpetgbixenq err=HttpError('InvalidRequest: Could not find repo: did:plc:tei55nk2izhnsxpetgbixenq')
2026-02-21T03:29:03Z WARNING bsky_collector_v2.job.index_feed_generators: listRecords failed repo=did:plc:xpe66gt4a5wf7qy4yxesvgxi err=HttpError('InvalidRequest: Could not find repo: did:plc:xpe66gt4a5wf7qy4yxesvgxi')
2026-02-21T03:29:04Z INFO bsky_collector_v2.job.index_feed_generators: enqueued repos page=30 mode=listRepos inserted=500 repos_returned=500 next_cursor=set
2026-02-21T03:29:04Z INFO bsky_collector_v2.job.index_feed_generators: indexed repo=did:plc:22aqkuwpj7edil6dzvtxp35w part=330 records=3 next_cursor=set
2026-02-21T03:29:21Z INFO bsky_collector_v2.job.index_feed_generators: indexed repo=did:plc:7oykmcbrxdoavfjy32mdhe5u part=331 records=3 next_cursor=set
2026-02-21T03:29:54Z WARNING bsky_collector_v2.job.index_feed_generators: listRecords failed repo=did:plc:jh6vstbgaxmx6xikoc25iekq err=HttpError('InvalidRequest: Could not find repo: did:plc:jh6vstbgaxmx6xikoc25iekq')
2026-02-21T03:30:02Z INFO bsky_collector_v2.job.index_feed_generators: indexed repo=did:plc:mcsonvdaifq5egb2sajct4pn part=332 records=1 next_cursor=set
2026-02-21T03:30:32Z WARNING bsky_collector_v2.job.index_feed_generators: listRecords failed repo=did:plc:x3ordspqxfguxuikbbvas7xm err=HttpError('InvalidRequest: Could not find repo: did:plc:x3ordspqxfguxuikbbvas7xm')
2026-02-21T03:30:41Z WARNING bsky_collector_v2.job.index_feed_generators: listRecords failed repo=did:plc:jh6vstbgaxmx6xikoc25iekq err=HttpError('InvalidRequest: Could not find repo: did:plc:jh6vstbgaxmx6xikoc25iekq')
2026-02-21T03:30:41Z WARNING bsky_collector_v2.job.index_feed_generators: listRecords failed repo=did:plc:x3ordspqxfguxuikbbvas7xm err=HttpError('InvalidRequest: Could not find repo: did:plc:x3ordspqxfguxuikbbvas7xm')
2026-02-21T03:30:41Z WARNING bsky_collector_v2.job.index_feed_generators: listRecords failed repo=did:plc:jh6vstbgaxmx6xikoc25iekq err=HttpError('InvalidRequest: Could not find repo: did:plc:jh6vstbgaxmx6xikoc25iekq')
2026-02-21T03:30:41Z WARNING bsky_collector_v2.job.index_feed_generators: listRecords failed repo=did:plc:x3ordspqxfguxuikbbvas7xm err=HttpError('InvalidRequest: Could not find repo: did:plc:x3ordspqxfguxuikbbvas7xm')
2026-02-21T03:30:42Z INFO bsky_collector_v2.job.index_feed_generators: enqueued repos page=31 mode=listRepos inserted=500 repos_returned=500 next_cursor=set
2026-02-21T03:31:01Z INFO bsky_collector_v2.job.index_feed_generators: indexed repo=did:plc:7uao3gfxfcipppnb2v27di7p part=333 records=4 next_cursor=set
2026-02-21T03:31:02Z WARNING bsky_collector_v2.job.index_feed_generators: listRecords failed repo=did:plc:a4rdyfizzi52bofoacnaz2wo err=HttpError('InvalidRequest: Could not find repo: did:plc:a4rdyfizzi52bofoacnaz2wo')
2026-02-21T03:31:29Z INFO bsky_collector_v2.job.index_feed_generators: indexed repo=did:plc:jpkpwfce7djrgazmpnqaokqy part=334 records=1 next_cursor=set
2026-02-21T03:32:20Z WARNING bsky_collector_v2.job.index_feed_generators: listRecords failed repo=did:plc:yf6ahz2jx7ese4tqe7eeupqo err=HttpError('InvalidRequest: Could not find repo: did:plc:yf6ahz2jx7ese4tqe7eeupqo')
2026-02-21T03:32:27Z WARNING bsky_collector_v2.job.index_feed_generators: listRecords failed repo=did:plc:a4rdyfizzi52bofoacnaz2wo err=HttpError('InvalidRequest: Could not find repo: did:plc:a4rdyfizzi52bofoacnaz2wo')
2026-02-21T03:32:27Z WARNING bsky_collector_v2.job.index_feed_generators: listRecords failed repo=did:plc:yf6ahz2jx7ese4tqe7eeupqo err=HttpError('InvalidRequest: Could not find repo: did:plc:yf6ahz2jx7ese4tqe7eeupqo')
2026-02-21T03:32:28Z WARNING bsky_collector_v2.job.index_feed_generators: listRecords failed repo=did:plc:a4rdyfizzi52bofoacnaz2wo err=HttpError('InvalidRequest: Could not find repo: did:plc:a4rdyfizzi52bofoacnaz2wo')
2026-02-21T03:32:28Z WARNING bsky_collector_v2.job.index_feed_generators: listRecords failed repo=did:plc:yf6ahz2jx7ese4tqe7eeupqo err=HttpError('InvalidRequest: Could not find repo: did:plc:yf6ahz2jx7ese4tqe7eeupqo')
2026-02-21T03:32:28Z INFO bsky_collector_v2.job.index_feed_generators: enqueued repos page=32 mode=listRepos inserted=500 repos_returned=500 next_cursor=set
2026-02-21T03:32:29Z INFO bsky_collector_v2.job.index_feed_generators: indexed repo=did:plc:2dbspj7qfzu64he7pfi3cgk7 part=335 records=3 next_cursor=set
2026-02-21T03:32:30Z INFO bsky_collector_v2.job.index_feed_generators: indexed repo=did:plc:2ebxqtrowlmjhjnzcoalw5k2 part=336 records=1 next_cursor=set
2026-02-21T03:32:51Z INFO bsky_collector_v2.job.index_feed_generators: indexed repo=did:plc:bndfdde5dsvwpcltxpsuy6ux part=337 records=1 next_cursor=set
2026-02-21T03:33:45Z WARNING bsky_collector_v2.job.index_feed_generators: listRecords failed repo=did:plc:sgss55te6qf2edajxms7cl2k err=HttpError('InvalidRequest: Could not find repo: did:plc:sgss55te6qf2edajxms7cl2k')
2026-02-21T03:33:51Z WARNING bsky_collector_v2.job.index_feed_generators: listRecords failed repo=did:plc:upqm2mlnhnyjhbdq6oyvqvj5 err=HttpError('InvalidRequest: Could not find repo: did:plc:upqm2mlnhnyjhbdq6oyvqvj5')
2026-02-21T03:33:54Z WARNING bsky_collector_v2.job.index_feed_generators: listRecords failed repo=did:plc:vrj65mgskurfyi4nb2giqrzj err=HttpError('InvalidRequest: Could not find repo: did:plc:vrj65mgskurfyi4nb2giqrzj')
2026-02-21T03:34:06Z WARNING bsky_collector_v2.job.index_feed_generators: listRecords failed repo=did:plc:sgss55te6qf2edajxms7cl2k err=HttpError('InvalidRequest: Could not find repo: did:plc:sgss55te6qf2edajxms7cl2k')
2026-02-21T03:34:07Z WARNING bsky_collector_v2.job.index_feed_generators: listRecords failed repo=did:plc:upqm2mlnhnyjhbdq6oyvqvj5 err=HttpError('InvalidRequest: Could not find repo: did:plc:upqm2mlnhnyjhbdq6oyvqvj5')
2026-02-21T03:34:07Z WARNING bsky_collector_v2.job.index_feed_generators: listRecords failed repo=did:plc:vrj65mgskurfyi4nb2giqrzj err=HttpError('InvalidRequest: Could not find repo: did:plc:vrj65mgskurfyi4nb2giqrzj')
2026-02-21T03:34:07Z WARNING bsky_collector_v2.job.index_feed_generators: listRecords failed repo=did:plc:sgss55te6qf2edajxms7cl2k err=HttpError('InvalidRequest: Could not find repo: did:plc:sgss55te6qf2edajxms7cl2k')
2026-02-21T03:34:07Z WARNING bsky_collector_v2.job.index_feed_generators: listRecords failed repo=did:plc:upqm2mlnhnyjhbdq6oyvqvj5 err=HttpError('InvalidRequest: Could not find repo: did:plc:upqm2mlnhnyjhbdq6oyvqvj5')
2026-02-21T03:34:07Z WARNING bsky_collector_v2.job.index_feed_generators: listRecords failed repo=did:plc:vrj65mgskurfyi4nb2giqrzj err=HttpError('InvalidRequest: Could not find repo: did:plc:vrj65mgskurfyi4nb2giqrzj')
2026-02-21T03:34:07Z INFO bsky_collector_v2.job.index_feed_generators: enqueued repos page=33 mode=listRepos inserted=500 repos_returned=500 next_cursor=set
2026-02-21T03:34:11Z WARNING bsky_collector_v2.job.index_feed_generators: listRecords failed repo=did:plc:3iywkgycrj7nn4rmjqbx2axi err=HttpError('InvalidRequest: Could not find repo: did:plc:3iywkgycrj7nn4rmjqbx2axi')
2026-02-21T03:34:13Z INFO bsky_collector_v2.job.index_feed_generators: indexed repo=did:plc:4gqett6xejltdvxv3pndnfll part=338 records=1 next_cursor=set
