2026-03-15T08:45:38Z INFO bsky_collector_v2: out_base ok path=/Volumes/T9/BlueSky/data_v2_full mount=/Volumes/T9
2026-03-15T08:45:38Z INFO bsky_collector_v2: job start subcommand=index-feed-generators dry_run=False resume=True
2026-03-15T08:45:39Z INFO bsky_collector_v2.job.index_feed_generators: feed generator index hosts relay_host=https://bsky.network records_host=https://bsky.social auth=yes
2026-03-15T08:46:03Z WARNING bsky_collector_v2.job.index_feed_generators: listRecords failed repo=did:plc:juutyvd4tzpichqfguswmtlu err=HttpError('InvalidRequest: Could not find repo: did:plc:juutyvd4tzpichqfguswmtlu')
2026-03-15T08:46:04Z WARNING bsky_collector_v2.job.index_feed_generators: listRecords failed repo=did:plc:juutyvd4tzpichqfguswmtlu err=HttpError('InvalidRequest: Could not find repo: did:plc:juutyvd4tzpichqfguswmtlu')
2026-03-15T08:46:04Z INFO bsky_collector_v2.job.index_feed_generators: enqueued repos page=1 mode=listRepos inserted=500 repos_returned=500 next_cursor=set
2026-03-15T08:46:50Z WARNING bsky_collector_v2.job.index_feed_generators: listRecords failed repo=did:plc:5wff5bjjvhoy3k4apncqaoxd err=HttpError('NotEnoughResources: NotEnoughResources')
2026-03-15T08:47:00Z WARNING bsky_collector_v2.job.index_feed_generators: listRecords failed repo=did:plc:6xeix7imvgbt3b53pafu7avi err=HttpError('NotEnoughResources: NotEnoughResources')
2026-03-15T08:47:25Z WARNING bsky_collector_v2.job.index_feed_generators: listRecords failed repo=did:plc:cwolaedgl36ja2zdrvfnoqvw err=HttpError('InvalidRequest: Could not find repo: did:plc:cwolaedgl36ja2zdrvfnoqvw')
2026-03-15T08:48:41Z WARNING bsky_collector_v2.job.index_feed_generators: listRecords failed repo=did:plc:cwolaedgl36ja2zdrvfnoqvw err=HttpError('InvalidRequest: Could not find repo: did:plc:cwolaedgl36ja2zdrvfnoqvw')
2026-03-15T08:48:41Z WARNING bsky_collector_v2.job.index_feed_generators: listRecords failed repo=did:plc:cwolaedgl36ja2zdrvfnoqvw err=HttpError('InvalidRequest: Could not find repo: did:plc:cwolaedgl36ja2zdrvfnoqvw')
2026-03-15T08:48:41Z INFO bsky_collector_v2.job.index_feed_generators: enqueued repos page=2 mode=listRepos inserted=500 repos_returned=500 next_cursor=set
2026-03-15T08:50:42Z WARNING bsky_collector_v2.job.index_feed_generators: listRecords failed repo=did:plc:asurqiphgt7vorerogqbsmim err=HttpError('InvalidRequest: Could not find repo: did:plc:asurqiphgt7vorerogqbsmim')
2026-03-15T08:51:11Z WARNING bsky_collector_v2.job.index_feed_generators: listRecords failed repo=did:plc:lm3i5hvh24l55v7fvk2mhuis err=HttpError('InvalidRequest: Could not find repo: did:plc:lm3i5hvh24l55v7fvk2mhuis')
2026-03-15T08:51:51Z WARNING bsky_collector_v2.job.index_feed_generators: listRecords failed repo=did:plc:asurqiphgt7vorerogqbsmim err=HttpError('InvalidRequest: Could not find repo: did:plc:asurqiphgt7vorerogqbsmim')
2026-03-15T08:51:51Z WARNING bsky_collector_v2.job.index_feed_generators: listRecords failed repo=did:plc:lm3i5hvh24l55v7fvk2mhuis err=HttpError('InvalidRequest: Could not find repo: did:plc:lm3i5hvh24l55v7fvk2mhuis')
2026-03-15T08:51:51Z WARNING bsky_collector_v2.job.index_feed_generators: listRecords failed repo=did:plc:asurqiphgt7vorerogqbsmim err=HttpError('InvalidRequest: Could not find repo: did:plc:asurqiphgt7vorerogqbsmim')
2026-03-15T08:51:51Z WARNING bsky_collector_v2.job.index_feed_generators: listRecords failed repo=did:plc:lm3i5hvh24l55v7fvk2mhuis err=HttpError('InvalidRequest: Could not find repo: did:plc:lm3i5hvh24l55v7fvk2mhuis')
2026-03-15T08:51:51Z INFO bsky_collector_v2.job.index_feed_generators: enqueued repos page=3 mode=listRepos inserted=500 repos_returned=500 next_cursor=set
2026-03-15T08:55:04Z INFO bsky_collector_v2.job.index_feed_generators: enqueued repos page=4 mode=listRepos inserted=500 repos_returned=500 next_cursor=set
2026-03-15T08:55:27Z WARNING bsky_collector_v2.job.index_feed_generators: listRecords failed repo=did:plc:bjo4oiv3faicjtbz2dkmohmg err=HttpError('InvalidRequest: Could not find repo: did:plc:bjo4oiv3faicjtbz2dkmohmg')
2026-03-15T08:55:30Z INFO bsky_collector_v2.job.index_feed_generators: indexed repo=did:plc:cmex6ibfotnzfv4rlxfeh6zl part=122 records=3 next_cursor=set
2026-03-15T08:56:51Z WARNING bsky_collector_v2.job.index_feed_generators: listRecords failed repo=did:plc:bjo4oiv3faicjtbz2dkmohmg err=HttpError('InvalidRequest: Could not find repo: did:plc:bjo4oiv3faicjtbz2dkmohmg')
2026-03-15T08:56:52Z WARNING bsky_collector_v2.job.index_feed_generators: listRecords failed repo=did:plc:bjo4oiv3faicjtbz2dkmohmg err=HttpError('InvalidRequest: Could not find repo: did:plc:bjo4oiv3faicjtbz2dkmohmg')
2026-03-15T08:56:52Z INFO bsky_collector_v2.job.index_feed_generators: enqueued repos page=5 mode=listRepos inserted=500 repos_returned=500 next_cursor=set
2026-03-15T08:57:03Z WARNING bsky_collector_v2.job.index_feed_generators: listRecords failed repo=did:plc:6clwvihbgu3yiaca436bvgua err=HttpError('InvalidRequest: Could not find repo: did:plc:6clwvihbgu3yiaca436bvgua')
2026-03-15T08:57:30Z INFO bsky_collector_v2.job.index_feed_generators: indexed repo=did:plc:il5izjpwnjfjpi7kttcollyi part=123 records=2 next_cursor=set
2026-03-15T08:58:12Z WARNING bsky_collector_v2.job.index_feed_generators: listRecords failed repo=did:plc:6clwvihbgu3yiaca436bvgua err=HttpError('InvalidRequest: Could not find repo: did:plc:6clwvihbgu3yiaca436bvgua')
2026-03-15T08:58:12Z WARNING bsky_collector_v2.job.index_feed_generators: listRecords failed repo=did:plc:6clwvihbgu3yiaca436bvgua err=HttpError('InvalidRequest: Could not find repo: did:plc:6clwvihbgu3yiaca436bvgua')
2026-03-15T08:58:13Z INFO bsky_collector_v2.job.index_feed_generators: enqueued repos page=6 mode=listRepos inserted=500 repos_returned=500 next_cursor=set
2026-03-15T09:00:55Z WARNING bsky_collector_v2.job.index_feed_generators: listRecords failed repo=did:plc:oc2csvhw7nknwc4lthbt7sba err=HttpError('InvalidRequest: Could not find repo: did:plc:oc2csvhw7nknwc4lthbt7sba')
2026-03-15T09:01:23Z INFO bsky_collector_v2.job.index_feed_generators: indexed repo=did:plc:ybsp2hqdkiwgqiof3mvsegou part=124 records=1 next_cursor=set
2026-03-15T09:01:27Z WARNING bsky_collector_v2.job.index_feed_generators: listRecords failed repo=did:plc:oc2csvhw7nknwc4lthbt7sba err=HttpError('InvalidRequest: Could not find repo: did:plc:oc2csvhw7nknwc4lthbt7sba')
2026-03-15T09:01:27Z WARNING bsky_collector_v2.job.index_feed_generators: listRecords failed repo=did:plc:oc2csvhw7nknwc4lthbt7sba err=HttpError('InvalidRequest: Could not find repo: did:plc:oc2csvhw7nknwc4lthbt7sba')
2026-03-15T09:01:28Z INFO bsky_collector_v2.job.index_feed_generators: enqueued repos page=7 mode=listRepos inserted=500 repos_returned=500 next_cursor=set
2026-03-15T09:01:29Z WARNING bsky_collector_v2.job.index_feed_generators: listRecords failed repo=did:plc:2tobqhlb7vtao2spbvrqmdd5 err=HttpError('InvalidRequest: Could not find repo: did:plc:2tobqhlb7vtao2spbvrqmdd5')
2026-03-15T09:03:25Z WARNING bsky_collector_v2.job.index_feed_generators: listRecords failed repo=did:plc:2tobqhlb7vtao2spbvrqmdd5 err=HttpError('InvalidRequest: Could not find repo: did:plc:2tobqhlb7vtao2spbvrqmdd5')
2026-03-15T09:03:25Z WARNING bsky_collector_v2.job.index_feed_generators: listRecords failed repo=did:plc:2tobqhlb7vtao2spbvrqmdd5 err=HttpError('InvalidRequest: Could not find repo: did:plc:2tobqhlb7vtao2spbvrqmdd5')
2026-03-15T09:03:26Z INFO bsky_collector_v2.job.index_feed_generators: enqueued repos page=8 mode=listRepos inserted=500 repos_returned=500 next_cursor=set
2026-03-15T09:05:13Z WARNING bsky_collector_v2.job.index_feed_generators: listRecords failed repo=did:plc:pghog6vn3ktvvlmc7xako6ss err=HttpError('InvalidRequest: Could not find repo: did:plc:pghog6vn3ktvvlmc7xako6ss')
2026-03-15T09:05:42Z WARNING bsky_collector_v2.job.index_feed_generators: listRecords failed repo=did:plc:pghog6vn3ktvvlmc7xako6ss err=HttpError('InvalidRequest: Could not find repo: did:plc:pghog6vn3ktvvlmc7xako6ss')
2026-03-15T09:05:42Z WARNING bsky_collector_v2.job.index_feed_generators: listRecords failed repo=did:plc:pghog6vn3ktvvlmc7xako6ss err=HttpError('InvalidRequest: Could not find repo: did:plc:pghog6vn3ktvvlmc7xako6ss')
2026-03-15T09:05:43Z INFO bsky_collector_v2.job.index_feed_generators: enqueued repos page=9 mode=listRepos inserted=500 repos_returned=500 next_cursor=set
2026-03-15T09:07:06Z WARNING bsky_collector_v2.job.index_feed_generators: listRecords failed repo=did:plc:uauljokoc5ut7lfvduysirfh err=HttpError('InvalidRequest: Could not find repo: did:plc:uauljokoc5ut7lfvduysirfh')
2026-03-15T09:07:20Z WARNING bsky_collector_v2.job.index_feed_generators: listRecords failed repo=did:plc:uauljokoc5ut7lfvduysirfh err=HttpError('InvalidRequest: Could not find repo: did:plc:uauljokoc5ut7lfvduysirfh')
2026-03-15T09:07:20Z WARNING bsky_collector_v2.job.index_feed_generators: listRecords failed repo=did:plc:uauljokoc5ut7lfvduysirfh err=HttpError('InvalidRequest: Could not find repo: did:plc:uauljokoc5ut7lfvduysirfh')
2026-03-15T09:07:21Z INFO bsky_collector_v2.job.index_feed_generators: enqueued repos page=10 mode=listRepos inserted=500 repos_returned=500 next_cursor=set
2026-03-15T09:07:47Z WARNING bsky_collector_v2.job.index_feed_generators: listRecords failed repo=did:plc:ekbkeaoxhbbhth74wdsqa4ry err=HttpError('InvalidRequest: Could not find repo: did:plc:ekbkeaoxhbbhth74wdsqa4ry')
2026-03-15T09:07:59Z WARNING bsky_collector_v2.job.index_feed_generators: listRecords failed repo=did:plc:jnqequ3nbwj6a4bqqmefde47 err=HttpError('InvalidRequest: Could not find repo: did:plc:jnqequ3nbwj6a4bqqmefde47')
2026-03-15T09:08:43Z WARNING bsky_collector_v2.job.index_feed_generators: listRecords failed repo=did:plc:ekbkeaoxhbbhth74wdsqa4ry err=HttpError('InvalidRequest: Could not find repo: did:plc:ekbkeaoxhbbhth74wdsqa4ry')
2026-03-15T09:08:45Z WARNING bsky_collector_v2.job.index_feed_generators: listRecords failed repo=did:plc:jnqequ3nbwj6a4bqqmefde47 err=HttpError('InvalidRequest: Could not find repo: did:plc:jnqequ3nbwj6a4bqqmefde47')
2026-03-15T09:08:45Z WARNING bsky_collector_v2.job.index_feed_generators: listRecords failed repo=did:plc:ekbkeaoxhbbhth74wdsqa4ry err=HttpError('InvalidRequest: Could not find repo: did:plc:ekbkeaoxhbbhth74wdsqa4ry')
2026-03-15T09:08:45Z WARNING bsky_collector_v2.job.index_feed_generators: listRecords failed repo=did:plc:jnqequ3nbwj6a4bqqmefde47 err=HttpError('InvalidRequest: Could not find repo: did:plc:jnqequ3nbwj6a4bqqmefde47')
2026-03-15T09:08:46Z INFO bsky_collector_v2.job.index_feed_generators: enqueued repos page=11 mode=listRepos inserted=500 repos_returned=500 next_cursor=set
2026-03-15T09:10:24Z INFO bsky_collector_v2.job.index_feed_generators: enqueued repos page=12 mode=listRepos inserted=500 repos_returned=500 next_cursor=set
2026-03-15T09:12:07Z INFO bsky_collector_v2.job.index_feed_generators: enqueued repos page=13 mode=listRepos inserted=500 repos_returned=500 next_cursor=set
2026-03-15T09:12:53Z WARNING bsky_collector_v2.job.index_feed_generators: listRecords failed repo=did:plc:hrthyzt2hpskzjrprwdapdd7 err=HttpError('InvalidRequest: Could not find repo: did:plc:hrthyzt2hpskzjrprwdapdd7')
2026-03-15T09:13:19Z WARNING bsky_collector_v2.job.index_feed_generators: listRecords failed repo=did:plc:oyupasq7zsjuoay2f2ydrbo2 err=HttpError('InvalidRequest: Could not find repo: did:plc:oyupasq7zsjuoay2f2ydrbo2')
2026-03-15T09:13:51Z WARNING bsky_collector_v2.job.index_feed_generators: listRecords failed repo=did:plc:hrthyzt2hpskzjrprwdapdd7 err=HttpError('InvalidRequest: Could not find repo: did:plc:hrthyzt2hpskzjrprwdapdd7')
2026-03-15T09:13:51Z WARNING bsky_collector_v2.job.index_feed_generators: listRecords failed repo=did:plc:oyupasq7zsjuoay2f2ydrbo2 err=HttpError('InvalidRequest: Could not find repo: did:plc:oyupasq7zsjuoay2f2ydrbo2')
2026-03-15T09:13:51Z WARNING bsky_collector_v2.job.index_feed_generators: listRecords failed repo=did:plc:hrthyzt2hpskzjrprwdapdd7 err=HttpError('InvalidRequest: Could not find repo: did:plc:hrthyzt2hpskzjrprwdapdd7')
2026-03-15T09:13:51Z WARNING bsky_collector_v2.job.index_feed_generators: listRecords failed repo=did:plc:oyupasq7zsjuoay2f2ydrbo2 err=HttpError('InvalidRequest: Could not find repo: did:plc:oyupasq7zsjuoay2f2ydrbo2')
2026-03-15T09:13:52Z INFO bsky_collector_v2.job.index_feed_generators: enqueued repos page=14 mode=listRepos inserted=500 repos_returned=500 next_cursor=set
2026-03-15T09:15:50Z INFO bsky_collector_v2.job.index_feed_generators: enqueued repos page=15 mode=listRepos inserted=500 repos_returned=500 next_cursor=set
2026-03-15T09:17:43Z INFO bsky_collector_v2.job.index_feed_generators: enqueued repos page=16 mode=listRepos inserted=500 repos_returned=500 next_cursor=set
2026-03-15T09:19:07Z INFO bsky_collector_v2.job.index_feed_generators: enqueued repos page=17 mode=listRepos inserted=500 repos_returned=500 next_cursor=set
2026-03-15T09:20:16Z WARNING bsky_collector_v2.job.index_feed_generators: listRecords failed repo=did:plc:t4uqxuimtyxnnysjwgpejlfr err=HttpError('InvalidRequest: Could not find repo: did:plc:t4uqxuimtyxnnysjwgpejlfr')
2026-03-15T09:20:35Z WARNING bsky_collector_v2.job.index_feed_generators: listRecords failed repo=did:plc:t4uqxuimtyxnnysjwgpejlfr err=HttpError('InvalidRequest: Could not find repo: did:plc:t4uqxuimtyxnnysjwgpejlfr')
2026-03-15T09:20:35Z WARNING bsky_collector_v2.job.index_feed_generators: listRecords failed repo=did:plc:t4uqxuimtyxnnysjwgpejlfr err=HttpError('InvalidRequest: Could not find repo: did:plc:t4uqxuimtyxnnysjwgpejlfr')
2026-03-15T09:20:36Z INFO bsky_collector_v2.job.index_feed_generators: enqueued repos page=18 mode=listRepos inserted=500 repos_returned=500 next_cursor=set
2026-03-15T09:20:52Z WARNING bsky_collector_v2.job.index_feed_generators: listRecords failed repo=did:plc:aep563mdtzo5r66dcnpdovf7 err=HttpError('InvalidRequest: Could not find repo: did:plc:aep563mdtzo5r66dcnpdovf7')
2026-03-15T09:22:16Z WARNING bsky_collector_v2.job.index_feed_generators: listRecords failed repo=did:plc:aep563mdtzo5r66dcnpdovf7 err=HttpError('InvalidRequest: Could not find repo: did:plc:aep563mdtzo5r66dcnpdovf7')
2026-03-15T09:22:16Z WARNING bsky_collector_v2.job.index_feed_generators: listRecords failed repo=did:plc:aep563mdtzo5r66dcnpdovf7 err=HttpError('InvalidRequest: Could not find repo: did:plc:aep563mdtzo5r66dcnpdovf7')
2026-03-15T09:22:17Z INFO bsky_collector_v2.job.index_feed_generators: enqueued repos page=19 mode=listRepos inserted=500 repos_returned=500 next_cursor=set
2026-03-15T09:22:36Z WARNING bsky_collector_v2.job.index_feed_generators: listRecords failed repo=did:plc:aaz5yesxtnle4ppoqwiugt4i err=HttpError('InvalidRequest: Could not find repo: did:plc:aaz5yesxtnle4ppoqwiugt4i')
2026-03-15T09:23:44Z WARNING bsky_collector_v2.job.index_feed_generators: listRecords failed repo=did:plc:aaz5yesxtnle4ppoqwiugt4i err=HttpError('InvalidRequest: Could not find repo: did:plc:aaz5yesxtnle4ppoqwiugt4i')
2026-03-15T09:23:44Z WARNING bsky_collector_v2.job.index_feed_generators: listRecords failed repo=did:plc:aaz5yesxtnle4ppoqwiugt4i err=HttpError('InvalidRequest: Could not find repo: did:plc:aaz5yesxtnle4ppoqwiugt4i')
2026-03-15T09:23:45Z INFO bsky_collector_v2.job.index_feed_generators: enqueued repos page=20 mode=listRepos inserted=500 repos_returned=500 next_cursor=set
2026-03-15T09:25:22Z INFO bsky_collector_v2.job.index_feed_generators: enqueued repos page=21 mode=listRepos inserted=500 repos_returned=500 next_cursor=set
2026-03-15T09:25:49Z WARNING bsky_collector_v2.job.index_feed_generators: listRecords failed repo=did:plc:ej3aumlmm63aiayizvvxphuh err=HttpError('InvalidRequest: Could not find repo: did:plc:ej3aumlmm63aiayizvvxphuh')
2026-03-15T09:26:09Z WARNING bsky_collector_v2.job.index_feed_generators: listRecords failed repo=did:plc:mp2gtmq66fgtpkzy3g34b656 err=HttpError('InvalidRequest: Could not find repo: did:plc:mp2gtmq66fgtpkzy3g34b656')
2026-03-15T09:26:15Z WARNING bsky_collector_v2.job.index_feed_generators: listRecords failed repo=did:plc:ojyaglhpbzhbqeqo4evjwbzn err=HttpError('InvalidRequest: Could not find repo: did:plc:ojyaglhpbzhbqeqo4evjwbzn')
2026-03-15T09:26:55Z WARNING bsky_collector_v2.job.index_feed_generators: listRecords failed repo=did:plc:ej3aumlmm63aiayizvvxphuh err=HttpError('InvalidRequest: Could not find repo: did:plc:ej3aumlmm63aiayizvvxphuh')
2026-03-15T09:26:56Z WARNING bsky_collector_v2.job.index_feed_generators: listRecords failed repo=did:plc:mp2gtmq66fgtpkzy3g34b656 err=HttpError('InvalidRequest: Could not find repo: did:plc:mp2gtmq66fgtpkzy3g34b656')
2026-03-15T09:26:56Z WARNING bsky_collector_v2.job.index_feed_generators: listRecords failed repo=did:plc:ojyaglhpbzhbqeqo4evjwbzn err=HttpError('InvalidRequest: Could not find repo: did:plc:ojyaglhpbzhbqeqo4evjwbzn')
2026-03-15T09:26:56Z WARNING bsky_collector_v2.job.index_feed_generators: listRecords failed repo=did:plc:ej3aumlmm63aiayizvvxphuh err=HttpError('InvalidRequest: Could not find repo: did:plc:ej3aumlmm63aiayizvvxphuh')
2026-03-15T09:26:56Z WARNING bsky_collector_v2.job.index_feed_generators: listRecords failed repo=did:plc:mp2gtmq66fgtpkzy3g34b656 err=HttpError('InvalidRequest: Could not find repo: did:plc:mp2gtmq66fgtpkzy3g34b656')
2026-03-15T09:26:57Z WARNING bsky_collector_v2.job.index_feed_generators: listRecords failed repo=did:plc:ojyaglhpbzhbqeqo4evjwbzn err=HttpError('InvalidRequest: Could not find repo: did:plc:ojyaglhpbzhbqeqo4evjwbzn')
2026-03-15T09:26:57Z INFO bsky_collector_v2.job.index_feed_generators: enqueued repos page=22 mode=listRepos inserted=500 repos_returned=500 next_cursor=set
2026-03-15T09:27:26Z WARNING bsky_collector_v2.job.index_feed_generators: listRecords failed repo=did:plc:dp6hrlj6j6u3w4qvgyx6aabh err=HttpError('InvalidRequest: Could not find repo: did:plc:dp6hrlj6j6u3w4qvgyx6aabh')
2026-03-15T09:28:23Z WARNING bsky_collector_v2.job.index_feed_generators: listRecords failed repo=did:plc:wsujxcuunritiywup6s6hs7u err=HttpError('InvalidRequest: Could not find repo: did:plc:wsujxcuunritiywup6s6hs7u')
2026-03-15T09:28:32Z WARNING bsky_collector_v2.job.index_feed_generators: listRecords failed repo=did:plc:dp6hrlj6j6u3w4qvgyx6aabh err=HttpError('InvalidRequest: Could not find repo: did:plc:dp6hrlj6j6u3w4qvgyx6aabh')
2026-03-15T09:28:32Z WARNING bsky_collector_v2.job.index_feed_generators: listRecords failed repo=did:plc:wsujxcuunritiywup6s6hs7u err=HttpError('InvalidRequest: Could not find repo: did:plc:wsujxcuunritiywup6s6hs7u')
2026-03-15T09:28:32Z WARNING bsky_collector_v2.job.index_feed_generators: listRecords failed repo=did:plc:dp6hrlj6j6u3w4qvgyx6aabh err=HttpError('InvalidRequest: Could not find repo: did:plc:dp6hrlj6j6u3w4qvgyx6aabh')
2026-03-15T09:28:32Z WARNING bsky_collector_v2.job.index_feed_generators: listRecords failed repo=did:plc:wsujxcuunritiywup6s6hs7u err=HttpError('InvalidRequest: Could not find repo: did:plc:wsujxcuunritiywup6s6hs7u')
2026-03-15T09:28:33Z INFO bsky_collector_v2.job.index_feed_generators: enqueued repos page=23 mode=listRepos inserted=500 repos_returned=500 next_cursor=set
2026-03-15T09:29:56Z WARNING bsky_collector_v2.job.index_feed_generators: listRecords failed repo=did:plc:xxx4mxoafnh444rk44m727yf err=HttpError('InvalidRequest: Could not find repo: did:plc:xxx4mxoafnh444rk44m727yf')
2026-03-15T09:30:01Z WARNING bsky_collector_v2.job.index_feed_generators: listRecords failed repo=did:plc:xxx4mxoafnh444rk44m727yf err=HttpError('InvalidRequest: Could not find repo: did:plc:xxx4mxoafnh444rk44m727yf')
2026-03-15T09:30:01Z WARNING bsky_collector_v2.job.index_feed_generators: listRecords failed repo=did:plc:xxx4mxoafnh444rk44m727yf err=HttpError('InvalidRequest: Could not find repo: did:plc:xxx4mxoafnh444rk44m727yf')
2026-03-15T09:30:02Z INFO bsky_collector_v2.job.index_feed_generators: enqueued repos page=24 mode=listRepos inserted=500 repos_returned=500 next_cursor=set
2026-03-15T09:30:55Z WARNING bsky_collector_v2.job.index_feed_generators: listRecords failed repo=did:plc:pyzvvyrh6eudle55nhqe62tv err=HttpError('InvalidRequest: Could not find repo: did:plc:pyzvvyrh6eudle55nhqe62tv')
2026-03-15T09:31:09Z WARNING bsky_collector_v2.job.index_feed_generators: listRecords failed repo=did:plc:wdm4hvyj6vpic4jacm5o2isw err=HttpError('InvalidRequest: Could not find repo: did:plc:wdm4hvyj6vpic4jacm5o2isw')
2026-03-15T09:31:17Z WARNING bsky_collector_v2.job.index_feed_generators: listRecords failed repo=did:plc:pyzvvyrh6eudle55nhqe62tv err=HttpError('InvalidRequest: Could not find repo: did:plc:pyzvvyrh6eudle55nhqe62tv')
2026-03-15T09:31:17Z WARNING bsky_collector_v2.job.index_feed_generators: listRecords failed repo=did:plc:wdm4hvyj6vpic4jacm5o2isw err=HttpError('InvalidRequest: Could not find repo: did:plc:wdm4hvyj6vpic4jacm5o2isw')
2026-03-15T09:31:17Z WARNING bsky_collector_v2.job.index_feed_generators: listRecords failed repo=did:plc:pyzvvyrh6eudle55nhqe62tv err=HttpError('InvalidRequest: Could not find repo: did:plc:pyzvvyrh6eudle55nhqe62tv')
2026-03-15T09:31:18Z WARNING bsky_collector_v2.job.index_feed_generators: listRecords failed repo=did:plc:wdm4hvyj6vpic4jacm5o2isw err=HttpError('InvalidRequest: Could not find repo: did:plc:wdm4hvyj6vpic4jacm5o2isw')
2026-03-15T09:31:18Z INFO bsky_collector_v2.job.index_feed_generators: enqueued repos page=25 mode=listRepos inserted=500 repos_returned=500 next_cursor=set
2026-03-15T09:32:02Z WARNING bsky_collector_v2.job.index_feed_generators: listRecords failed repo=did:plc:kwtufzpes25wc336w7njmrdj err=HttpError('InvalidRequest: Could not find repo: did:plc:kwtufzpes25wc336w7njmrdj')
2026-03-15T09:32:09Z INFO bsky_collector_v2.job.index_feed_generators: indexed repo=did:plc:nvjyol6zh4vme5olurp3ffon part=125 records=1 next_cursor=set
2026-03-15T09:32:40Z WARNING bsky_collector_v2.job.index_feed_generators: listRecords failed repo=did:plc:kwtufzpes25wc336w7njmrdj err=HttpError('InvalidRequest: Could not find repo: did:plc:kwtufzpes25wc336w7njmrdj')
2026-03-15T09:32:40Z WARNING bsky_collector_v2.job.index_feed_generators: listRecords failed repo=did:plc:kwtufzpes25wc336w7njmrdj err=HttpError('InvalidRequest: Could not find repo: did:plc:kwtufzpes25wc336w7njmrdj')
2026-03-15T09:32:41Z INFO bsky_collector_v2.job.index_feed_generators: enqueued repos page=26 mode=listRepos inserted=500 repos_returned=500 next_cursor=set
2026-03-15T09:32:54Z WARNING bsky_collector_v2.job.index_feed_generators: listRecords failed repo=did:plc:7ateerfbam33acjtx3orjnek err=HttpError('InvalidRequest: Could not find repo: did:plc:7ateerfbam33acjtx3orjnek')
2026-03-15T09:33:35Z WARNING bsky_collector_v2.job.index_feed_generators: listRecords failed repo=did:plc:nqhhrnx24zflxtlxoc3vuy3s err=HttpError('InvalidRequest: Could not find repo: did:plc:nqhhrnx24zflxtlxoc3vuy3s')
2026-03-15T09:33:50Z WARNING bsky_collector_v2.job.index_feed_generators: listRecords failed repo=did:plc:us6d3or6bpo4j5b55bcjvh5x err=HttpError('InvalidRequest: Could not find repo: did:plc:us6d3or6bpo4j5b55bcjvh5x')
2026-03-15T09:34:01Z WARNING bsky_collector_v2.job.index_feed_generators: listRecords failed repo=did:plc:ya2a3ztioz7jb2t7y3e3ui7d err=HttpError('InvalidRequest: Could not find repo: did:plc:ya2a3ztioz7jb2t7y3e3ui7d')
2026-03-15T09:34:06Z WARNING bsky_collector_v2.job.index_feed_generators: listRecords failed repo=did:plc:7ateerfbam33acjtx3orjnek err=HttpError('InvalidRequest: Could not find repo: did:plc:7ateerfbam33acjtx3orjnek')
2026-03-15T09:34:06Z WARNING bsky_collector_v2.job.index_feed_generators: listRecords failed repo=did:plc:nqhhrnx24zflxtlxoc3vuy3s err=HttpError('InvalidRequest: Could not find repo: did:plc:nqhhrnx24zflxtlxoc3vuy3s')
2026-03-15T09:34:06Z WARNING bsky_collector_v2.job.index_feed_generators: listRecords failed repo=did:plc:us6d3or6bpo4j5b55bcjvh5x err=HttpError('InvalidRequest: Could not find repo: did:plc:us6d3or6bpo4j5b55bcjvh5x')
2026-03-15T09:34:06Z WARNING bsky_collector_v2.job.index_feed_generators: listRecords failed repo=did:plc:ya2a3ztioz7jb2t7y3e3ui7d err=HttpError('InvalidRequest: Could not find repo: did:plc:ya2a3ztioz7jb2t7y3e3ui7d')
2026-03-15T09:34:06Z WARNING bsky_collector_v2.job.index_feed_generators: listRecords failed repo=did:plc:7ateerfbam33acjtx3orjnek err=HttpError('InvalidRequest: Could not find repo: did:plc:7ateerfbam33acjtx3orjnek')
2026-03-15T09:34:06Z WARNING bsky_collector_v2.job.index_feed_generators: listRecords failed repo=did:plc:nqhhrnx24zflxtlxoc3vuy3s err=HttpError('InvalidRequest: Could not find repo: did:plc:nqhhrnx24zflxtlxoc3vuy3s')
2026-03-15T09:34:06Z WARNING bsky_collector_v2.job.index_feed_generators: listRecords failed repo=did:plc:us6d3or6bpo4j5b55bcjvh5x err=HttpError('InvalidRequest: Could not find repo: did:plc:us6d3or6bpo4j5b55bcjvh5x')
2026-03-15T09:34:06Z WARNING bsky_collector_v2.job.index_feed_generators: listRecords failed repo=did:plc:ya2a3ztioz7jb2t7y3e3ui7d err=HttpError('InvalidRequest: Could not find repo: did:plc:ya2a3ztioz7jb2t7y3e3ui7d')
2026-03-15T09:34:07Z INFO bsky_collector_v2.job.index_feed_generators: enqueued repos page=27 mode=listRepos inserted=500 repos_returned=500 next_cursor=set
2026-03-15T09:34:13Z WARNING bsky_collector_v2.job.index_feed_generators: listRecords failed repo=did:plc:4klheqcx5yuvbowv5rcvvohe err=HttpError('InvalidRequest: Could not find repo: did:plc:4klheqcx5yuvbowv5rcvvohe')
2026-03-15T09:35:41Z WARNING bsky_collector_v2.job.index_feed_generators: listRecords failed repo=did:plc:4klheqcx5yuvbowv5rcvvohe err=HttpError('InvalidRequest: Could not find repo: did:plc:4klheqcx5yuvbowv5rcvvohe')
2026-03-15T09:35:41Z WARNING bsky_collector_v2.job.index_feed_generators: listRecords failed repo=did:plc:4klheqcx5yuvbowv5rcvvohe err=HttpError('InvalidRequest: Could not find repo: did:plc:4klheqcx5yuvbowv5rcvvohe')
2026-03-15T09:35:41Z INFO bsky_collector_v2.job.index_feed_generators: enqueued repos page=28 mode=listRepos inserted=500 repos_returned=500 next_cursor=set
2026-03-15T09:37:13Z INFO bsky_collector_v2.job.index_feed_generators: enqueued repos page=29 mode=listRepos inserted=500 repos_returned=500 next_cursor=set
2026-03-15T09:38:27Z INFO bsky_collector_v2.job.index_feed_generators: indexed repo=did:plc:tvmmhxlr7szxn44mayy3uw4d part=126 records=1 next_cursor=set
2026-03-15T09:38:49Z WARNING bsky_collector_v2.job.index_feed_generators: listRecords failed repo=did:plc:ydsng62mknwgmggfeufpxc2h err=HttpError('InvalidRequest: Could not find repo: did:plc:ydsng62mknwgmggfeufpxc2h')
2026-03-15T09:38:55Z WARNING bsky_collector_v2.job.index_feed_generators: listRecords failed repo=did:plc:ydsng62mknwgmggfeufpxc2h err=HttpError('InvalidRequest: Could not find repo: did:plc:ydsng62mknwgmggfeufpxc2h')
2026-03-15T09:38:55Z WARNING bsky_collector_v2.job.index_feed_generators: listRecords failed repo=did:plc:ydsng62mknwgmggfeufpxc2h err=HttpError('InvalidRequest: Could not find repo: did:plc:ydsng62mknwgmggfeufpxc2h')
2026-03-15T09:38:56Z INFO bsky_collector_v2.job.index_feed_generators: enqueued repos page=30 mode=listRepos inserted=500 repos_returned=500 next_cursor=set
2026-03-15T09:39:02Z WARNING bsky_collector_v2.job.index_feed_generators: listRecords failed repo=did:plc:3yjavty2ljy5weapfu463z5h err=HttpError('InvalidRequest: Could not find repo: did:plc:3yjavty2ljy5weapfu463z5h')
2026-03-15T09:40:02Z INFO bsky_collector_v2.job.index_feed_generators: indexed repo=did:plc:pjdog4qagr45hfnasn6s3lb4 part=127 records=1 next_cursor=set
2026-03-15T09:40:11Z INFO bsky_collector_v2.job.index_feed_generators: indexed repo=did:plc:tq5vcsn7mwan6vcfmwptynyt part=128 records=1 next_cursor=set
