2026-03-06T16:28:56Z INFO bsky_collector_v2: out_base ok path=D:\BlueSky\data_v2_full mount=D:\
2026-03-06T16:28:56Z INFO bsky_collector_v2: job start subcommand=index-feed-generators dry_run=False resume=True
2026-03-06T16:28:56Z INFO bsky_collector_v2.job.index_feed_generators: feed generator index hosts relay_host=https://bsky.network records_host=https://bsky.social auth=yes
2026-03-06T16:29:18Z WARNING bsky_collector_v2.job.index_feed_generators: listRecords failed repo=did:plc:5v6ghqsve4axujx5i22pg2m6 err=HttpError('InvalidRequest: Could not find repo: did:plc:5v6ghqsve4axujx5i22pg2m6')
2026-03-06T16:29:18Z WARNING bsky_collector_v2.job.index_feed_generators: listRecords failed repo=did:plc:kvu6tvz2aiqb7tiatywfif77 err=HttpError('InvalidRequest: Could not find repo: did:plc:kvu6tvz2aiqb7tiatywfif77')
2026-03-06T16:29:18Z WARNING bsky_collector_v2.job.index_feed_generators: listRecords failed repo=did:plc:5v6ghqsve4axujx5i22pg2m6 err=HttpError('InvalidRequest: Could not find repo: did:plc:5v6ghqsve4axujx5i22pg2m6')
2026-03-06T16:29:18Z WARNING bsky_collector_v2.job.index_feed_generators: listRecords failed repo=did:plc:kvu6tvz2aiqb7tiatywfif77 err=HttpError('InvalidRequest: Could not find repo: did:plc:kvu6tvz2aiqb7tiatywfif77')
2026-03-06T16:29:19Z INFO bsky_collector_v2.job.index_feed_generators: enqueued repos page=1 mode=listRepos inserted=500 repos_returned=500 next_cursor=set
2026-03-06T16:30:15Z WARNING bsky_collector_v2.job.index_feed_generators: listRecords failed repo=did:plc:n5yiuhotgu5vnbivkjnaufh7 err=HttpError('InvalidRequest: Could not find repo: did:plc:n5yiuhotgu5vnbivkjnaufh7')
2026-03-06T16:30:27Z WARNING bsky_collector_v2.job.index_feed_generators: listRecords failed repo=did:plc:r7yrvkky6bepakqnvr7mjueo err=HttpError('InvalidRequest: Could not find repo: did:plc:r7yrvkky6bepakqnvr7mjueo')
2026-03-06T16:30:51Z WARNING bsky_collector_v2.job.index_feed_generators: listRecords failed repo=did:plc:n5yiuhotgu5vnbivkjnaufh7 err=HttpError('InvalidRequest: Could not find repo: did:plc:n5yiuhotgu5vnbivkjnaufh7')
2026-03-06T16:30:51Z WARNING bsky_collector_v2.job.index_feed_generators: listRecords failed repo=did:plc:r7yrvkky6bepakqnvr7mjueo err=HttpError('InvalidRequest: Could not find repo: did:plc:r7yrvkky6bepakqnvr7mjueo')
2026-03-06T16:30:52Z WARNING bsky_collector_v2.job.index_feed_generators: listRecords failed repo=did:plc:n5yiuhotgu5vnbivkjnaufh7 err=HttpError('InvalidRequest: Could not find repo: did:plc:n5yiuhotgu5vnbivkjnaufh7')
2026-03-06T16:30:52Z WARNING bsky_collector_v2.job.index_feed_generators: listRecords failed repo=did:plc:r7yrvkky6bepakqnvr7mjueo err=HttpError('InvalidRequest: Could not find repo: did:plc:r7yrvkky6bepakqnvr7mjueo')
2026-03-06T16:30:52Z INFO bsky_collector_v2.job.index_feed_generators: enqueued repos page=2 mode=listRepos inserted=500 repos_returned=500 next_cursor=set
2026-03-06T16:30:56Z WARNING bsky_collector_v2.job.index_feed_generators: listRecords failed repo=did:plc:2xscmglir5t7tqhd2qwntvby err=HttpError('InvalidRequest: Could not find repo: did:plc:2xscmglir5t7tqhd2qwntvby')
2026-03-06T16:31:08Z WARNING bsky_collector_v2.job.index_feed_generators: listRecords failed repo=did:plc:6k335hm7blvmxpdye5hnynla err=HttpError('InvalidRequest: Could not find repo: did:plc:6k335hm7blvmxpdye5hnynla')
2026-03-06T16:31:37Z WARNING bsky_collector_v2.job.index_feed_generators: listRecords failed repo=did:plc:gr4dsj2pdwetqcjpsfmtvizt err=HttpError('InvalidRequest: Could not find repo: did:plc:gr4dsj2pdwetqcjpsfmtvizt')
2026-03-06T16:32:37Z WARNING bsky_collector_v2.job.index_feed_generators: listRecords failed repo=did:plc:2xscmglir5t7tqhd2qwntvby err=HttpError('InvalidRequest: Could not find repo: did:plc:2xscmglir5t7tqhd2qwntvby')
2026-03-06T16:32:37Z WARNING bsky_collector_v2.job.index_feed_generators: listRecords failed repo=did:plc:6k335hm7blvmxpdye5hnynla err=HttpError('InvalidRequest: Could not find repo: did:plc:6k335hm7blvmxpdye5hnynla')
2026-03-06T16:32:37Z WARNING bsky_collector_v2.job.index_feed_generators: listRecords failed repo=did:plc:gr4dsj2pdwetqcjpsfmtvizt err=HttpError('InvalidRequest: Could not find repo: did:plc:gr4dsj2pdwetqcjpsfmtvizt')
2026-03-06T16:32:37Z WARNING bsky_collector_v2.job.index_feed_generators: listRecords failed repo=did:plc:2xscmglir5t7tqhd2qwntvby err=HttpError('InvalidRequest: Could not find repo: did:plc:2xscmglir5t7tqhd2qwntvby')
2026-03-06T16:32:37Z WARNING bsky_collector_v2.job.index_feed_generators: listRecords failed repo=did:plc:6k335hm7blvmxpdye5hnynla err=HttpError('InvalidRequest: Could not find repo: did:plc:6k335hm7blvmxpdye5hnynla')
2026-03-06T16:32:37Z WARNING bsky_collector_v2.job.index_feed_generators: listRecords failed repo=did:plc:gr4dsj2pdwetqcjpsfmtvizt err=HttpError('InvalidRequest: Could not find repo: did:plc:gr4dsj2pdwetqcjpsfmtvizt')
2026-03-06T16:32:38Z INFO bsky_collector_v2.job.index_feed_generators: enqueued repos page=3 mode=listRepos inserted=500 repos_returned=500 next_cursor=set
2026-03-06T16:32:51Z WARNING bsky_collector_v2.job.index_feed_generators: listRecords failed repo=did:plc:5kjt2b2gvx3xawjp2hzr5dfo err=HttpError('InvalidRequest: Could not find repo: did:plc:5kjt2b2gvx3xawjp2hzr5dfo')
2026-03-06T16:33:31Z WARNING bsky_collector_v2.job.index_feed_generators: listRecords failed repo=did:plc:makvhdkb7wpf7f5jtpfzgspe err=HttpError('InvalidRequest: Could not find repo: did:plc:makvhdkb7wpf7f5jtpfzgspe')
2026-03-06T16:34:15Z WARNING bsky_collector_v2.job.index_feed_generators: listRecords failed repo=did:plc:5kjt2b2gvx3xawjp2hzr5dfo err=HttpError('InvalidRequest: Could not find repo: did:plc:5kjt2b2gvx3xawjp2hzr5dfo')
2026-03-06T16:34:15Z WARNING bsky_collector_v2.job.index_feed_generators: listRecords failed repo=did:plc:makvhdkb7wpf7f5jtpfzgspe err=HttpError('InvalidRequest: Could not find repo: did:plc:makvhdkb7wpf7f5jtpfzgspe')
2026-03-06T16:34:15Z WARNING bsky_collector_v2.job.index_feed_generators: listRecords failed repo=did:plc:5kjt2b2gvx3xawjp2hzr5dfo err=HttpError('InvalidRequest: Could not find repo: did:plc:5kjt2b2gvx3xawjp2hzr5dfo')
2026-03-06T16:34:15Z WARNING bsky_collector_v2.job.index_feed_generators: listRecords failed repo=did:plc:makvhdkb7wpf7f5jtpfzgspe err=HttpError('InvalidRequest: Could not find repo: did:plc:makvhdkb7wpf7f5jtpfzgspe')
2026-03-06T16:34:16Z INFO bsky_collector_v2.job.index_feed_generators: enqueued repos page=4 mode=listRepos inserted=500 repos_returned=500 next_cursor=set
2026-03-06T16:34:22Z INFO bsky_collector_v2.job.index_feed_generators: indexed repo=did:plc:3xsi5a57l4woxjdcte2iccwy part=358 records=1 next_cursor=set
2026-03-06T16:36:07Z INFO bsky_collector_v2.job.index_feed_generators: enqueued repos page=5 mode=listRepos inserted=500 repos_returned=500 next_cursor=set
2026-03-06T16:37:11Z INFO bsky_collector_v2.job.index_feed_generators: indexed repo=did:plc:pd4xvbph4hsau235wluzewlt part=359 records=2 next_cursor=set
2026-03-06T16:37:24Z INFO bsky_collector_v2.job.index_feed_generators: indexed repo=did:plc:tdkgvdjuvisekhij66r6iw2u part=360 records=1 next_cursor=set
2026-03-06T16:37:49Z INFO bsky_collector_v2.job.index_feed_generators: enqueued repos page=6 mode=listRepos inserted=500 repos_returned=500 next_cursor=set
2026-03-06T16:38:55Z INFO bsky_collector_v2.job.index_feed_generators: indexed repo=did:plc:mdm4rpnfwvg3tg4f4wb6fy6o part=361 records=2 next_cursor=set
2026-03-06T16:39:09Z WARNING bsky_collector_v2.job.index_feed_generators: listRecords failed repo=did:plc:q2dzfslor7e7svfr32okyygd err=HttpError('InvalidRequest: Could not find repo: did:plc:q2dzfslor7e7svfr32okyygd')
2026-03-06T16:39:37Z WARNING bsky_collector_v2.job.index_feed_generators: listRecords failed repo=did:plc:q2dzfslor7e7svfr32okyygd err=HttpError('InvalidRequest: Could not find repo: did:plc:q2dzfslor7e7svfr32okyygd')
2026-03-06T16:39:37Z WARNING bsky_collector_v2.job.index_feed_generators: listRecords failed repo=did:plc:q2dzfslor7e7svfr32okyygd err=HttpError('InvalidRequest: Could not find repo: did:plc:q2dzfslor7e7svfr32okyygd')
2026-03-06T16:39:37Z INFO bsky_collector_v2.job.index_feed_generators: enqueued repos page=7 mode=listRepos inserted=500 repos_returned=500 next_cursor=set
2026-03-06T16:40:43Z INFO bsky_collector_v2.job.index_feed_generators: indexed repo=did:plc:poitxyxn7ppz5x6cmsccwqce part=362 records=4 next_cursor=set
2026-03-06T16:41:13Z INFO bsky_collector_v2.job.index_feed_generators: enqueued repos page=8 mode=listRepos inserted=500 repos_returned=500 next_cursor=set
2026-03-06T16:41:59Z INFO bsky_collector_v2.job.index_feed_generators: indexed repo=did:plc:io2y6fre45zt7hfy24xa3tu7 part=363 records=1 next_cursor=set
2026-03-06T16:42:51Z INFO bsky_collector_v2.job.index_feed_generators: enqueued repos page=9 mode=listRepos inserted=500 repos_returned=500 next_cursor=set
2026-03-06T16:44:14Z WARNING bsky_collector_v2.job.index_feed_generators: listRecords failed repo=did:plc:uyippbit747dlyd2n7qpe362 err=HttpError('InvalidRequest: Could not find repo: did:plc:uyippbit747dlyd2n7qpe362')
2026-03-06T16:44:31Z WARNING bsky_collector_v2.job.index_feed_generators: listRecords failed repo=did:plc:uyippbit747dlyd2n7qpe362 err=HttpError('InvalidRequest: Could not find repo: did:plc:uyippbit747dlyd2n7qpe362')
2026-03-06T16:44:31Z WARNING bsky_collector_v2.job.index_feed_generators: listRecords failed repo=did:plc:uyippbit747dlyd2n7qpe362 err=HttpError('InvalidRequest: Could not find repo: did:plc:uyippbit747dlyd2n7qpe362')
2026-03-06T16:44:31Z INFO bsky_collector_v2.job.index_feed_generators: enqueued repos page=10 mode=listRepos inserted=500 repos_returned=500 next_cursor=set
2026-03-06T16:46:15Z INFO bsky_collector_v2.job.index_feed_generators: enqueued repos page=11 mode=listRepos inserted=500 repos_returned=500 next_cursor=set
2026-03-06T16:47:34Z WARNING bsky_collector_v2.job.index_feed_generators: listRecords failed repo=did:plc:ulg7fg5a5ppwvuicdbuy3a2q err=HttpError('InvalidRequest: Could not find repo: did:plc:ulg7fg5a5ppwvuicdbuy3a2q')
2026-03-06T16:47:57Z WARNING bsky_collector_v2.job.index_feed_generators: listRecords failed repo=did:plc:ulg7fg5a5ppwvuicdbuy3a2q err=HttpError('InvalidRequest: Could not find repo: did:plc:ulg7fg5a5ppwvuicdbuy3a2q')
2026-03-06T16:47:57Z WARNING bsky_collector_v2.job.index_feed_generators: listRecords failed repo=did:plc:ulg7fg5a5ppwvuicdbuy3a2q err=HttpError('InvalidRequest: Could not find repo: did:plc:ulg7fg5a5ppwvuicdbuy3a2q')
2026-03-06T16:47:58Z INFO bsky_collector_v2.job.index_feed_generators: enqueued repos page=12 mode=listRepos inserted=500 repos_returned=500 next_cursor=set
2026-03-06T16:48:34Z WARNING bsky_collector_v2.job.index_feed_generators: listRecords failed repo=did:plc:ebnqsisbjrb6pa63bpsnsnas err=HttpError('InvalidRequest: Could not find repo: did:plc:ebnqsisbjrb6pa63bpsnsnas')
2026-03-06T16:48:57Z WARNING bsky_collector_v2.job.index_feed_generators: listRecords failed repo=did:plc:mpiudwzwsoaoebwpdlnjv2oz err=HttpError('InvalidRequest: Could not find repo: did:plc:mpiudwzwsoaoebwpdlnjv2oz')
2026-03-06T16:48:57Z INFO bsky_collector_v2.job.index_feed_generators: indexed repo=did:plc:mpq3x6bwzrmswhf273ahtnvx part=364 records=1 next_cursor=set
2026-03-06T16:49:28Z INFO bsky_collector_v2.job.index_feed_generators: indexed repo=did:plc:w43h3gd5vhbvaz4roojb4gh5 part=365 records=1 next_cursor=set
2026-03-06T16:49:40Z WARNING bsky_collector_v2.job.index_feed_generators: listRecords failed repo=did:plc:ebnqsisbjrb6pa63bpsnsnas err=HttpError('InvalidRequest: Could not find repo: did:plc:ebnqsisbjrb6pa63bpsnsnas')
2026-03-06T16:49:40Z WARNING bsky_collector_v2.job.index_feed_generators: listRecords failed repo=did:plc:mpiudwzwsoaoebwpdlnjv2oz err=HttpError('InvalidRequest: Could not find repo: did:plc:mpiudwzwsoaoebwpdlnjv2oz')
2026-03-06T16:49:40Z WARNING bsky_collector_v2.job.index_feed_generators: listRecords failed repo=did:plc:ebnqsisbjrb6pa63bpsnsnas err=HttpError('InvalidRequest: Could not find repo: did:plc:ebnqsisbjrb6pa63bpsnsnas')
2026-03-06T16:49:40Z WARNING bsky_collector_v2.job.index_feed_generators: listRecords failed repo=did:plc:mpiudwzwsoaoebwpdlnjv2oz err=HttpError('InvalidRequest: Could not find repo: did:plc:mpiudwzwsoaoebwpdlnjv2oz')
2026-03-06T16:49:41Z INFO bsky_collector_v2.job.index_feed_generators: enqueued repos page=13 mode=listRepos inserted=500 repos_returned=500 next_cursor=set
2026-03-06T16:49:44Z WARNING bsky_collector_v2.job.index_feed_generators: listRecords failed repo=did:plc:3465kvoivurujpt2h6o5lsym err=HttpError('InvalidRequest: Could not find repo: did:plc:3465kvoivurujpt2h6o5lsym')
2026-03-06T16:51:08Z WARNING bsky_collector_v2.job.index_feed_generators: listRecords failed repo=did:plc:t5is43zvdfyykysxy3k3etfv err=HttpError('InvalidRequest: Could not find repo: did:plc:t5is43zvdfyykysxy3k3etfv')
2026-03-06T16:51:29Z WARNING bsky_collector_v2.job.index_feed_generators: listRecords failed repo=did:plc:3465kvoivurujpt2h6o5lsym err=HttpError('InvalidRequest: Could not find repo: did:plc:3465kvoivurujpt2h6o5lsym')
2026-03-06T16:51:29Z WARNING bsky_collector_v2.job.index_feed_generators: listRecords failed repo=did:plc:t5is43zvdfyykysxy3k3etfv err=HttpError('InvalidRequest: Could not find repo: did:plc:t5is43zvdfyykysxy3k3etfv')
2026-03-06T16:51:29Z WARNING bsky_collector_v2.job.index_feed_generators: listRecords failed repo=did:plc:3465kvoivurujpt2h6o5lsym err=HttpError('InvalidRequest: Could not find repo: did:plc:3465kvoivurujpt2h6o5lsym')
2026-03-06T16:51:29Z WARNING bsky_collector_v2.job.index_feed_generators: listRecords failed repo=did:plc:t5is43zvdfyykysxy3k3etfv err=HttpError('InvalidRequest: Could not find repo: did:plc:t5is43zvdfyykysxy3k3etfv')
2026-03-06T16:51:30Z INFO bsky_collector_v2.job.index_feed_generators: enqueued repos page=14 mode=listRepos inserted=500 repos_returned=500 next_cursor=set
2026-03-06T16:51:45Z WARNING bsky_collector_v2.job.index_feed_generators: listRecords failed repo=did:plc:72jgsiju5j3nrtydppvijnv3 err=HttpError('InvalidRequest: Could not find repo: did:plc:72jgsiju5j3nrtydppvijnv3')
2026-03-06T16:51:58Z INFO bsky_collector_v2.job.index_feed_generators: indexed repo=did:plc:dahf46cej2ax6l5yha3deyrr part=366 records=1 next_cursor=set
2026-03-06T16:52:36Z WARNING bsky_collector_v2.job.index_feed_generators: listRecords failed repo=did:plc:phoy64jk5emrceb2axgh7wxr err=HttpError('InvalidRequest: Could not find repo: did:plc:phoy64jk5emrceb2axgh7wxr')
2026-03-06T16:53:09Z WARNING bsky_collector_v2.job.index_feed_generators: listRecords failed repo=did:plc:72jgsiju5j3nrtydppvijnv3 err=HttpError('InvalidRequest: Could not find repo: did:plc:72jgsiju5j3nrtydppvijnv3')
2026-03-06T16:53:09Z WARNING bsky_collector_v2.job.index_feed_generators: listRecords failed repo=did:plc:phoy64jk5emrceb2axgh7wxr err=HttpError('InvalidRequest: Could not find repo: did:plc:phoy64jk5emrceb2axgh7wxr')
2026-03-06T16:53:09Z WARNING bsky_collector_v2.job.index_feed_generators: listRecords failed repo=did:plc:72jgsiju5j3nrtydppvijnv3 err=HttpError('InvalidRequest: Could not find repo: did:plc:72jgsiju5j3nrtydppvijnv3')
2026-03-06T16:53:09Z WARNING bsky_collector_v2.job.index_feed_generators: listRecords failed repo=did:plc:phoy64jk5emrceb2axgh7wxr err=HttpError('InvalidRequest: Could not find repo: did:plc:phoy64jk5emrceb2axgh7wxr')
2026-03-06T16:53:10Z INFO bsky_collector_v2.job.index_feed_generators: enqueued repos page=15 mode=listRepos inserted=500 repos_returned=500 next_cursor=set
2026-03-06T16:54:24Z WARNING bsky_collector_v2.job.index_feed_generators: listRecords failed repo=did:plc:ss5e33kdhnftczpw55fgie3x err=HttpError('InvalidRequest: Could not find repo: did:plc:ss5e33kdhnftczpw55fgie3x')
2026-03-06T16:54:25Z WARNING bsky_collector_v2.job.index_feed_generators: listRecords failed repo=did:plc:syqpwmk4p7jh2opdoqm4fhuu err=HttpError('InvalidRequest: Could not find repo: did:plc:syqpwmk4p7jh2opdoqm4fhuu')
2026-03-06T16:54:49Z WARNING bsky_collector_v2.job.index_feed_generators: listRecords failed repo=did:plc:ss5e33kdhnftczpw55fgie3x err=HttpError('InvalidRequest: Could not find repo: did:plc:ss5e33kdhnftczpw55fgie3x')
2026-03-06T16:54:49Z WARNING bsky_collector_v2.job.index_feed_generators: listRecords failed repo=did:plc:syqpwmk4p7jh2opdoqm4fhuu err=HttpError('InvalidRequest: Could not find repo: did:plc:syqpwmk4p7jh2opdoqm4fhuu')
2026-03-06T16:54:49Z WARNING bsky_collector_v2.job.index_feed_generators: listRecords failed repo=did:plc:ss5e33kdhnftczpw55fgie3x err=HttpError('InvalidRequest: Could not find repo: did:plc:ss5e33kdhnftczpw55fgie3x')
2026-03-06T16:54:49Z WARNING bsky_collector_v2.job.index_feed_generators: listRecords failed repo=did:plc:syqpwmk4p7jh2opdoqm4fhuu err=HttpError('InvalidRequest: Could not find repo: did:plc:syqpwmk4p7jh2opdoqm4fhuu')
2026-03-06T16:54:50Z INFO bsky_collector_v2.job.index_feed_generators: enqueued repos page=16 mode=listRepos inserted=500 repos_returned=500 next_cursor=set
2026-03-06T16:55:46Z WARNING bsky_collector_v2.job.index_feed_generators: listRecords failed repo=did:plc:o5o7aa6ine46mzx4omudibk3 err=HttpError('InvalidRequest: Could not find repo: did:plc:o5o7aa6ine46mzx4omudibk3')
2026-03-06T16:56:20Z WARNING bsky_collector_v2.job.index_feed_generators: listRecords failed repo=did:plc:o5o7aa6ine46mzx4omudibk3 err=HttpError('InvalidRequest: Could not find repo: did:plc:o5o7aa6ine46mzx4omudibk3')
2026-03-06T16:56:20Z WARNING bsky_collector_v2.job.index_feed_generators: listRecords failed repo=did:plc:o5o7aa6ine46mzx4omudibk3 err=HttpError('InvalidRequest: Could not find repo: did:plc:o5o7aa6ine46mzx4omudibk3')
2026-03-06T16:56:21Z INFO bsky_collector_v2.job.index_feed_generators: enqueued repos page=17 mode=listRepos inserted=500 repos_returned=500 next_cursor=set
2026-03-06T16:56:32Z INFO bsky_collector_v2.job.index_feed_generators: indexed repo=did:plc:676kucfqavdtx2wmklsaurjv part=367 records=2 next_cursor=set
2026-03-06T16:56:46Z INFO bsky_collector_v2.job.index_feed_generators: indexed repo=did:plc:csz73s3j7wgghnpkccskgvj4 part=368 records=5 next_cursor=set
2026-03-06T16:57:27Z WARNING bsky_collector_v2.job.index_feed_generators: listRecords failed repo=did:plc:p6xx7azhxcgmnpizxwwdazub err=HttpError('InvalidRequest: Could not find repo: did:plc:p6xx7azhxcgmnpizxwwdazub')
2026-03-06T16:57:31Z WARNING bsky_collector_v2.job.index_feed_generators: listRecords failed repo=did:plc:r6x6ckuw2nbe5mdk65lppvmc err=HttpError('InvalidRequest: Could not find repo: did:plc:r6x6ckuw2nbe5mdk65lppvmc')
2026-03-06T16:57:57Z WARNING bsky_collector_v2.job.index_feed_generators: listRecords failed repo=did:plc:p6xx7azhxcgmnpizxwwdazub err=HttpError('InvalidRequest: Could not find repo: did:plc:p6xx7azhxcgmnpizxwwdazub')
2026-03-06T16:57:57Z WARNING bsky_collector_v2.job.index_feed_generators: listRecords failed repo=did:plc:r6x6ckuw2nbe5mdk65lppvmc err=HttpError('InvalidRequest: Could not find repo: did:plc:r6x6ckuw2nbe5mdk65lppvmc')
2026-03-06T16:57:57Z WARNING bsky_collector_v2.job.index_feed_generators: listRecords failed repo=did:plc:p6xx7azhxcgmnpizxwwdazub err=HttpError('InvalidRequest: Could not find repo: did:plc:p6xx7azhxcgmnpizxwwdazub')
2026-03-06T16:57:57Z WARNING bsky_collector_v2.job.index_feed_generators: listRecords failed repo=did:plc:r6x6ckuw2nbe5mdk65lppvmc err=HttpError('InvalidRequest: Could not find repo: did:plc:r6x6ckuw2nbe5mdk65lppvmc')
2026-03-06T16:57:57Z INFO bsky_collector_v2.job.index_feed_generators: enqueued repos page=18 mode=listRepos inserted=500 repos_returned=500 next_cursor=set
2026-03-06T16:58:25Z INFO bsky_collector_v2.job.index_feed_generators: indexed repo=did:plc:d3z45p5xffzx45tsazipb2ws part=369 records=3 next_cursor=set
2026-03-06T16:59:07Z INFO bsky_collector_v2.job.index_feed_generators: indexed repo=did:plc:oqtcptqirpo73tehbkerwwbk part=370 records=3 next_cursor=set
2026-03-06T16:59:49Z INFO bsky_collector_v2.job.index_feed_generators: enqueued repos page=19 mode=listRepos inserted=500 repos_returned=500 next_cursor=set
2026-03-06T17:00:23Z WARNING bsky_collector_v2.job.index_feed_generators: listRecords failed repo=did:plc:fcekc2gehdy6thmnssocnmkf err=HttpError('InvalidRequest: Could not find repo: did:plc:fcekc2gehdy6thmnssocnmkf')
2026-03-06T17:00:49Z WARNING bsky_collector_v2.job.index_feed_generators: listRecords failed repo=did:plc:oskjiypw37la6ebagi4aqbau err=HttpError('InvalidRequest: Could not find repo: did:plc:oskjiypw37la6ebagi4aqbau')
2026-03-06T17:01:22Z WARNING bsky_collector_v2.job.index_feed_generators: listRecords failed repo=did:plc:zyvv64s26uy7h2rwhhdq5e5f err=HttpError('InvalidRequest: Could not find repo: did:plc:zyvv64s26uy7h2rwhhdq5e5f')
2026-03-06T17:01:22Z WARNING bsky_collector_v2.job.index_feed_generators: listRecords failed repo=did:plc:fcekc2gehdy6thmnssocnmkf err=HttpError('InvalidRequest: Could not find repo: did:plc:fcekc2gehdy6thmnssocnmkf')
2026-03-06T17:01:23Z WARNING bsky_collector_v2.job.index_feed_generators: listRecords failed repo=did:plc:oskjiypw37la6ebagi4aqbau err=HttpError('InvalidRequest: Could not find repo: did:plc:oskjiypw37la6ebagi4aqbau')
2026-03-06T17:01:23Z WARNING bsky_collector_v2.job.index_feed_generators: listRecords failed repo=did:plc:zyvv64s26uy7h2rwhhdq5e5f err=HttpError('InvalidRequest: Could not find repo: did:plc:zyvv64s26uy7h2rwhhdq5e5f')
2026-03-06T17:01:23Z WARNING bsky_collector_v2.job.index_feed_generators: listRecords failed repo=did:plc:fcekc2gehdy6thmnssocnmkf err=HttpError('InvalidRequest: Could not find repo: did:plc:fcekc2gehdy6thmnssocnmkf')
2026-03-06T17:01:23Z WARNING bsky_collector_v2.job.index_feed_generators: listRecords failed repo=did:plc:oskjiypw37la6ebagi4aqbau err=HttpError('InvalidRequest: Could not find repo: did:plc:oskjiypw37la6ebagi4aqbau')
2026-03-06T17:01:23Z WARNING bsky_collector_v2.job.index_feed_generators: listRecords failed repo=did:plc:zyvv64s26uy7h2rwhhdq5e5f err=HttpError('InvalidRequest: Could not find repo: did:plc:zyvv64s26uy7h2rwhhdq5e5f')
2026-03-06T17:01:23Z INFO bsky_collector_v2.job.index_feed_generators: enqueued repos page=20 mode=listRepos inserted=500 repos_returned=500 next_cursor=set
2026-03-06T17:01:36Z INFO bsky_collector_v2.job.index_feed_generators: indexed repo=did:plc:5nfan5dtlexsryxgxyoppggb part=371 records=1 next_cursor=set
2026-03-06T17:01:41Z WARNING bsky_collector_v2.job.index_feed_generators: listRecords failed repo=did:plc:7chwfanvge4cwqf2f34ynop2 err=HttpError('InvalidRequest: Could not find repo: did:plc:7chwfanvge4cwqf2f34ynop2')
2026-03-06T17:02:21Z INFO bsky_collector_v2.job.index_feed_generators: indexed repo=did:plc:jqamu6me4zcqncnlw5lcw76v part=372 records=1 next_cursor=set
2026-03-06T17:03:13Z WARNING bsky_collector_v2.job.index_feed_generators: listRecords failed repo=did:plc:7chwfanvge4cwqf2f34ynop2 err=HttpError('InvalidRequest: Could not find repo: did:plc:7chwfanvge4cwqf2f34ynop2')
2026-03-06T17:03:14Z WARNING bsky_collector_v2.job.index_feed_generators: listRecords failed repo=did:plc:7chwfanvge4cwqf2f34ynop2 err=HttpError('InvalidRequest: Could not find repo: did:plc:7chwfanvge4cwqf2f34ynop2')
2026-03-06T17:03:14Z INFO bsky_collector_v2.job.index_feed_generators: enqueued repos page=21 mode=listRepos inserted=500 repos_returned=500 next_cursor=set
2026-03-06T17:05:02Z WARNING bsky_collector_v2.job.index_feed_generators: listRecords failed repo=did:plc:ziypg6tcgut7heqneryij3sd err=HttpError('InvalidRequest: Could not find repo: did:plc:ziypg6tcgut7heqneryij3sd')
2026-03-06T17:05:05Z WARNING bsky_collector_v2.job.index_feed_generators: listRecords failed repo=did:plc:ziypg6tcgut7heqneryij3sd err=HttpError('InvalidRequest: Could not find repo: did:plc:ziypg6tcgut7heqneryij3sd')
2026-03-06T17:05:05Z WARNING bsky_collector_v2.job.index_feed_generators: listRecords failed repo=did:plc:ziypg6tcgut7heqneryij3sd err=HttpError('InvalidRequest: Could not find repo: did:plc:ziypg6tcgut7heqneryij3sd')
2026-03-06T17:05:06Z INFO bsky_collector_v2.job.index_feed_generators: enqueued repos page=22 mode=listRepos inserted=500 repos_returned=500 next_cursor=set
2026-03-06T17:05:35Z WARNING bsky_collector_v2.job.index_feed_generators: listRecords failed repo=did:plc:c7mwoueq4uma6657a5dkno3e err=HttpError('InvalidRequest: Could not find repo: did:plc:c7mwoueq4uma6657a5dkno3e')
2026-03-06T17:06:21Z INFO bsky_collector_v2.job.index_feed_generators: indexed repo=did:plc:ouzpimvk2s2a6fmjwhqiihvj part=373 records=2 next_cursor=set
2026-03-06T17:07:20Z WARNING bsky_collector_v2.job.index_feed_generators: listRecords failed repo=did:plc:c7mwoueq4uma6657a5dkno3e err=HttpError('InvalidRequest: Could not find repo: did:plc:c7mwoueq4uma6657a5dkno3e')
2026-03-06T17:07:20Z WARNING bsky_collector_v2.job.index_feed_generators: listRecords failed repo=did:plc:c7mwoueq4uma6657a5dkno3e err=HttpError('InvalidRequest: Could not find repo: did:plc:c7mwoueq4uma6657a5dkno3e')
2026-03-06T17:07:21Z INFO bsky_collector_v2.job.index_feed_generators: enqueued repos page=23 mode=listRepos inserted=500 repos_returned=500 next_cursor=set
2026-03-06T17:07:23Z INFO bsky_collector_v2.job.index_feed_generators: indexed repo=did:plc:2qlgzti4sdtlvfvl4dxb2sdd part=374 records=1 next_cursor=set
2026-03-06T17:07:28Z WARNING bsky_collector_v2.job.index_feed_generators: listRecords failed repo=did:plc:45ewuqiqri6kc2o7od4zacqp err=HttpError('InvalidRequest: Could not find repo: did:plc:45ewuqiqri6kc2o7od4zacqp')
2026-03-06T17:08:07Z INFO bsky_collector_v2.job.index_feed_generators: indexed repo=did:plc:hemcohkil2a6wnriuldzjjzi part=375 records=2 next_cursor=set
2026-03-06T17:08:11Z WARNING bsky_collector_v2.job.index_feed_generators: listRecords failed repo=did:plc:i4m7zp4qhlftdhscmtgky4hv err=HttpError('InvalidRequest: Could not find repo: did:plc:i4m7zp4qhlftdhscmtgky4hv')
2026-03-06T17:08:24Z WARNING bsky_collector_v2.job.index_feed_generators: listRecords failed repo=did:plc:lqrvp3m3m7yzakg32jmj3qwb err=HttpError('InvalidRequest: Could not find repo: did:plc:lqrvp3m3m7yzakg32jmj3qwb')
2026-03-06T17:09:01Z WARNING bsky_collector_v2.job.index_feed_generators: listRecords failed repo=did:plc:45ewuqiqri6kc2o7od4zacqp err=HttpError('InvalidRequest: Could not find repo: did:plc:45ewuqiqri6kc2o7od4zacqp')
2026-03-06T17:09:02Z WARNING bsky_collector_v2.job.index_feed_generators: listRecords failed repo=did:plc:i4m7zp4qhlftdhscmtgky4hv err=HttpError('InvalidRequest: Could not find repo: did:plc:i4m7zp4qhlftdhscmtgky4hv')
2026-03-06T17:09:02Z WARNING bsky_collector_v2.job.index_feed_generators: listRecords failed repo=did:plc:lqrvp3m3m7yzakg32jmj3qwb err=HttpError('InvalidRequest: Could not find repo: did:plc:lqrvp3m3m7yzakg32jmj3qwb')
2026-03-06T17:09:02Z WARNING bsky_collector_v2.job.index_feed_generators: listRecords failed repo=did:plc:45ewuqiqri6kc2o7od4zacqp err=HttpError('InvalidRequest: Could not find repo: did:plc:45ewuqiqri6kc2o7od4zacqp')
2026-03-06T17:09:02Z WARNING bsky_collector_v2.job.index_feed_generators: listRecords failed repo=did:plc:i4m7zp4qhlftdhscmtgky4hv err=HttpError('InvalidRequest: Could not find repo: did:plc:i4m7zp4qhlftdhscmtgky4hv')
2026-03-06T17:09:02Z WARNING bsky_collector_v2.job.index_feed_generators: listRecords failed repo=did:plc:lqrvp3m3m7yzakg32jmj3qwb err=HttpError('InvalidRequest: Could not find repo: did:plc:lqrvp3m3m7yzakg32jmj3qwb')
2026-03-06T17:09:02Z INFO bsky_collector_v2.job.index_feed_generators: enqueued repos page=24 mode=listRepos inserted=500 repos_returned=500 next_cursor=set
2026-03-06T17:10:37Z INFO bsky_collector_v2.job.index_feed_generators: enqueued repos page=25 mode=listRepos inserted=500 repos_returned=500 next_cursor=set
2026-03-06T17:12:19Z INFO bsky_collector_v2.job.index_feed_generators: enqueued repos page=26 mode=listRepos inserted=500 repos_returned=500 next_cursor=set
2026-03-06T17:13:27Z INFO bsky_collector_v2.job.index_feed_generators: indexed repo=did:plc:qn5xfsgcy3fgyniazhck2tlg part=376 records=4 next_cursor=set
2026-03-06T17:13:53Z INFO bsky_collector_v2.job.index_feed_generators: enqueued repos page=27 mode=listRepos inserted=500 repos_returned=500 next_cursor=set
2026-03-06T17:14:57Z WARNING bsky_collector_v2.job.index_feed_generators: listRecords failed repo=did:plc:qklvj3lyihg5vckzvctxpjtl err=HttpError('InvalidRequest: Could not find repo: did:plc:qklvj3lyihg5vckzvctxpjtl')
2026-03-06T17:15:38Z WARNING bsky_collector_v2.job.index_feed_generators: listRecords failed repo=did:plc:qklvj3lyihg5vckzvctxpjtl err=HttpError('InvalidRequest: Could not find repo: did:plc:qklvj3lyihg5vckzvctxpjtl')
2026-03-06T17:15:38Z WARNING bsky_collector_v2.job.index_feed_generators: listRecords failed repo=did:plc:qklvj3lyihg5vckzvctxpjtl err=HttpError('InvalidRequest: Could not find repo: did:plc:qklvj3lyihg5vckzvctxpjtl')
2026-03-06T17:15:39Z INFO bsky_collector_v2.job.index_feed_generators: enqueued repos page=28 mode=listRepos inserted=500 repos_returned=500 next_cursor=set
2026-03-06T17:16:57Z WARNING bsky_collector_v2.job.index_feed_generators: listRecords failed repo=did:plc:q2pd3hzzpczy2zwuo4yebxl5 err=HttpError('InvalidRequest: Could not find repo: did:plc:q2pd3hzzpczy2zwuo4yebxl5')
2026-03-06T17:17:04Z INFO bsky_collector_v2.job.index_feed_generators: indexed repo=did:plc:sqrpyc25ehpgd32alirstz3r part=377 records=1 next_cursor=set
2026-03-06T17:17:28Z WARNING bsky_collector_v2.job.index_feed_generators: listRecords failed repo=did:plc:q2pd3hzzpczy2zwuo4yebxl5 err=HttpError('InvalidRequest: Could not find repo: did:plc:q2pd3hzzpczy2zwuo4yebxl5')
2026-03-06T17:17:29Z WARNING bsky_collector_v2.job.index_feed_generators: listRecords failed repo=did:plc:q2pd3hzzpczy2zwuo4yebxl5 err=HttpError('InvalidRequest: Could not find repo: did:plc:q2pd3hzzpczy2zwuo4yebxl5')
2026-03-06T17:17:29Z INFO bsky_collector_v2.job.index_feed_generators: enqueued repos page=29 mode=listRepos inserted=500 repos_returned=500 next_cursor=set
2026-03-06T17:18:03Z INFO bsky_collector_v2.job.index_feed_generators: indexed repo=did:plc:ell7q54u4esdoo7bd7ww45k3 part=378 records=1 next_cursor=set
2026-03-06T17:18:10Z INFO bsky_collector_v2.job.index_feed_generators: indexed repo=did:plc:haloztugtur3rrdgvwhnqtoo part=379 records=2 next_cursor=set
2026-03-06T17:19:04Z INFO bsky_collector_v2.job.index_feed_generators: enqueued repos page=30 mode=listRepos inserted=500 repos_returned=500 next_cursor=set
2026-03-06T17:20:06Z INFO bsky_collector_v2.job.index_feed_generators: indexed repo=did:plc:q75axosyz3joehsqpdt7wxmy part=380 records=2 next_cursor=set
2026-03-06T17:20:37Z INFO bsky_collector_v2.job.index_feed_generators: enqueued repos page=31 mode=listRepos inserted=500 repos_returned=500 next_cursor=set
2026-03-06T17:21:44Z WARNING bsky_collector_v2.job.index_feed_generators: listRecords failed repo=did:plc:kzai2zbpowmtk33w7mfcgw6r err=HttpError('InvalidRequest: Could not find repo: did:plc:kzai2zbpowmtk33w7mfcgw6r')
2026-03-06T17:22:39Z WARNING bsky_collector_v2.job.index_feed_generators: listRecords failed repo=did:plc:kzai2zbpowmtk33w7mfcgw6r err=HttpError('InvalidRequest: Could not find repo: did:plc:kzai2zbpowmtk33w7mfcgw6r')
2026-03-06T17:22:39Z WARNING bsky_collector_v2.job.index_feed_generators: listRecords failed repo=did:plc:kzai2zbpowmtk33w7mfcgw6r err=HttpError('InvalidRequest: Could not find repo: did:plc:kzai2zbpowmtk33w7mfcgw6r')
2026-03-06T17:22:40Z INFO bsky_collector_v2.job.index_feed_generators: enqueued repos page=32 mode=listRepos inserted=500 repos_returned=500 next_cursor=set
2026-03-06T17:22:53Z WARNING bsky_collector_v2.job.index_feed_generators: listRecords failed repo=did:plc:6bzgom2mxj5vjbip3bznafny err=HttpError('InvalidRequest: Could not find repo: did:plc:6bzgom2mxj5vjbip3bznafny')
2026-03-06T17:22:54Z WARNING bsky_collector_v2.job.index_feed_generators: listRecords failed repo=did:plc:6vjzrncpdzets6yf2jvpwlem err=HttpError('InvalidRequest: Could not find repo: did:plc:6vjzrncpdzets6yf2jvpwlem')
2026-03-06T17:23:36Z WARNING bsky_collector_v2.job.index_feed_generators: listRecords failed repo=did:plc:o5d4vgu5rv23lluqr2cz7jfx err=HttpError('InvalidRequest: Could not find repo: did:plc:o5d4vgu5rv23lluqr2cz7jfx')
