2026-02-25T09:14:54Z INFO bsky_collector_v2: out_base ok path=D:\BlueSky\data_v2_full mount=D:\
2026-02-25T09:14:54Z INFO bsky_collector_v2: job start subcommand=index-feed-generators dry_run=False resume=True
2026-02-25T09:14:54Z INFO bsky_collector_v2.job.index_feed_generators: feed generator index hosts relay_host=https://bsky.network records_host=https://bsky.social auth=yes
2026-02-25T09:14:56Z INFO bsky_collector_v2.job.index_feed_generators: enqueued repos page=1 mode=listRepos inserted=500 repos_returned=500 next_cursor=set
2026-02-25T09:15:08Z INFO bsky_collector_v2.job.index_feed_generators: indexed repo=did:plc:5yptjhmqa56a26e7lvm3eqmf part=504 records=5 next_cursor=set
2026-02-25T09:15:51Z INFO bsky_collector_v2.job.index_feed_generators: indexed repo=did:plc:mn6n5gfruy6akiqiztlkzu5k part=505 records=2 next_cursor=set
2026-02-25T09:16:17Z INFO bsky_collector_v2.job.index_feed_generators: indexed repo=did:plc:w5fxg54epg35pld27cgnes3a part=506 records=1 next_cursor=set
2026-02-25T09:16:22Z INFO bsky_collector_v2.job.index_feed_generators: indexed repo=did:plc:xkfxwarg3kp4kgsfmkx6y2go part=507 records=2 next_cursor=set
2026-02-25T09:16:31Z INFO bsky_collector_v2.job.index_feed_generators: enqueued repos page=2 mode=listRepos inserted=500 repos_returned=500 next_cursor=set
2026-02-25T09:16:46Z INFO bsky_collector_v2.job.index_feed_generators: indexed repo=did:plc:7h46raxkad5md73jtcu5jyok part=508 records=1 next_cursor=set
2026-02-25T09:17:05Z INFO bsky_collector_v2.job.index_feed_generators: indexed repo=did:plc:fdotlgi6irimoxf6kfublsda part=509 records=1 next_cursor=set
2026-02-25T09:18:36Z INFO bsky_collector_v2.job.index_feed_generators: enqueued repos page=3 mode=listRepos inserted=500 repos_returned=500 next_cursor=set
2026-02-25T09:18:47Z INFO bsky_collector_v2.job.index_feed_generators: indexed repo=did:plc:572gxt753qwa2s7jjyngiewx part=510 records=1 next_cursor=set
2026-02-25T09:20:02Z INFO bsky_collector_v2.job.index_feed_generators: indexed repo=did:plc:vhs3evrdfd2kiffd2db7nmll part=511 records=2 next_cursor=set
2026-02-25T09:20:19Z INFO bsky_collector_v2.job.index_feed_generators: enqueued repos page=4 mode=listRepos inserted=500 repos_returned=500 next_cursor=set
2026-02-25T09:21:14Z INFO bsky_collector_v2.job.index_feed_generators: indexed repo=did:plc:nwl7ssdxiqzme3iswef4kiao part=512 records=2 next_cursor=set
2026-02-25T09:21:19Z INFO bsky_collector_v2.job.index_feed_generators: indexed repo=did:plc:pcn6if45g2limbycwj3evjrm part=513 records=1 next_cursor=set
2026-02-25T09:21:44Z INFO bsky_collector_v2.job.index_feed_generators: indexed repo=did:plc:x4aijlrl6ck5bbqwznwdl56t part=514 records=1 next_cursor=set
2026-02-25T09:21:46Z INFO bsky_collector_v2.job.index_feed_generators: indexed repo=did:plc:y7xjds7blvkx2e6vbjzqcqlt part=515 records=1 next_cursor=set
2026-02-25T09:21:54Z INFO bsky_collector_v2.job.index_feed_generators: enqueued repos page=5 mode=listRepos inserted=500 repos_returned=500 next_cursor=set
2026-02-25T09:22:27Z INFO bsky_collector_v2.job.index_feed_generators: indexed repo=did:plc:fjkxbj355l7blihupvojs2ma part=516 records=2 next_cursor=set
2026-02-25T09:23:26Z INFO bsky_collector_v2.job.index_feed_generators: enqueued repos page=6 mode=listRepos inserted=500 repos_returned=500 next_cursor=set
2026-02-25T09:24:26Z WARNING bsky_collector_v2.job.index_feed_generators: listRecords failed repo=did:plc:nhgpw6ka647oglai7hpvumo3 err=HttpError('InvalidRequest: Could not find repo: did:plc:nhgpw6ka647oglai7hpvumo3')
2026-02-25T09:25:02Z WARNING bsky_collector_v2.job.index_feed_generators: listRecords failed repo=did:plc:nhgpw6ka647oglai7hpvumo3 err=HttpError('InvalidRequest: Could not find repo: did:plc:nhgpw6ka647oglai7hpvumo3')
2026-02-25T09:25:02Z WARNING bsky_collector_v2.job.index_feed_generators: listRecords failed repo=did:plc:nhgpw6ka647oglai7hpvumo3 err=HttpError('InvalidRequest: Could not find repo: did:plc:nhgpw6ka647oglai7hpvumo3')
2026-02-25T09:25:03Z INFO bsky_collector_v2.job.index_feed_generators: enqueued repos page=7 mode=listRepos inserted=500 repos_returned=500 next_cursor=set
2026-02-25T09:25:20Z INFO bsky_collector_v2.job.index_feed_generators: indexed repo=did:plc:7vwfqsh43qhbrb46wmpnhcw4 part=517 records=3 next_cursor=set
2026-02-25T09:25:25Z INFO bsky_collector_v2.job.index_feed_generators: indexed repo=did:plc:bzqho4wy4r6wrs5kgxooj7da part=518 records=2 next_cursor=set
2026-02-25T09:25:50Z INFO bsky_collector_v2.job.index_feed_generators: indexed repo=did:plc:jg7snrvwymwicwxcenacifhf part=519 records=1 next_cursor=set
2026-02-25T09:26:13Z INFO bsky_collector_v2.job.index_feed_generators: indexed repo=did:plc:sebrb2e7t7z4kntsbb326c5k part=520 records=1 next_cursor=set
2026-02-25T09:26:35Z INFO bsky_collector_v2.job.index_feed_generators: indexed repo=did:plc:zemx7bzynhtszi3unib727jo part=521 records=1 next_cursor=set
2026-02-25T09:26:39Z INFO bsky_collector_v2.job.index_feed_generators: enqueued repos page=8 mode=listRepos inserted=500 repos_returned=500 next_cursor=set
2026-02-25T09:26:46Z INFO bsky_collector_v2.job.index_feed_generators: indexed repo=did:plc:3sruijqkesm55jebjtnzjkjo part=522 records=4 next_cursor=set
2026-02-25T09:27:37Z INFO bsky_collector_v2.job.index_feed_generators: indexed repo=did:plc:mohi4r7edqgo37u53dcbpbb3 part=523 records=2 next_cursor=set
2026-02-25T09:28:20Z INFO bsky_collector_v2.job.index_feed_generators: enqueued repos page=9 mode=listRepos inserted=500 repos_returned=500 next_cursor=set
2026-02-25T09:29:07Z INFO bsky_collector_v2.job.index_feed_generators: indexed repo=did:plc:hrjvcieiwkghktb6pnfjckqx part=524 records=1 next_cursor=set
2026-02-25T09:29:10Z INFO bsky_collector_v2.job.index_feed_generators: indexed repo=did:plc:in5gczt42rufawvg7g4um5gx part=525 records=1 next_cursor=set
2026-02-25T09:29:50Z INFO bsky_collector_v2.job.index_feed_generators: indexed repo=did:plc:xyifdhbfo7em5v5alkdssjl5 part=526 records=1 next_cursor=set
2026-02-25T09:29:57Z INFO bsky_collector_v2.job.index_feed_generators: enqueued repos page=10 mode=listRepos inserted=500 repos_returned=500 next_cursor=set
2026-02-25T09:30:27Z INFO bsky_collector_v2.job.index_feed_generators: indexed repo=did:plc:eavkfvc6g72nhnigqt6okvre part=527 records=2 next_cursor=set
2026-02-25T09:31:25Z INFO bsky_collector_v2.job.index_feed_generators: indexed repo=did:plc:yth3h22uh7irdvj2lkjq6yfy part=528 records=2 next_cursor=set
2026-02-25T09:31:30Z INFO bsky_collector_v2.job.index_feed_generators: enqueued repos page=11 mode=listRepos inserted=500 repos_returned=500 next_cursor=set
2026-02-25T09:31:49Z WARNING bsky_collector_v2.job.index_feed_generators: listRecords failed repo=did:plc:ahmo5hhsp76cqnsbjdssphzw err=HttpError('InvalidRequest: Could not find repo: did:plc:ahmo5hhsp76cqnsbjdssphzw')
2026-02-25T09:31:53Z WARNING bsky_collector_v2.job.index_feed_generators: listRecords failed repo=did:plc:c4vsuwhnumg3c3xqlde2do5h err=HttpError('InvalidRequest: Could not find repo: did:plc:c4vsuwhnumg3c3xqlde2do5h')
2026-02-25T09:33:02Z WARNING bsky_collector_v2.job.index_feed_generators: listRecords failed repo=did:plc:ahmo5hhsp76cqnsbjdssphzw err=HttpError('InvalidRequest: Could not find repo: did:plc:ahmo5hhsp76cqnsbjdssphzw')
2026-02-25T09:33:02Z WARNING bsky_collector_v2.job.index_feed_generators: listRecords failed repo=did:plc:c4vsuwhnumg3c3xqlde2do5h err=HttpError('InvalidRequest: Could not find repo: did:plc:c4vsuwhnumg3c3xqlde2do5h')
2026-02-25T09:33:03Z WARNING bsky_collector_v2.job.index_feed_generators: listRecords failed repo=did:plc:ahmo5hhsp76cqnsbjdssphzw err=HttpError('InvalidRequest: Could not find repo: did:plc:ahmo5hhsp76cqnsbjdssphzw')
2026-02-25T09:33:03Z WARNING bsky_collector_v2.job.index_feed_generators: listRecords failed repo=did:plc:c4vsuwhnumg3c3xqlde2do5h err=HttpError('InvalidRequest: Could not find repo: did:plc:c4vsuwhnumg3c3xqlde2do5h')
2026-02-25T09:33:03Z INFO bsky_collector_v2.job.index_feed_generators: enqueued repos page=12 mode=listRepos inserted=500 repos_returned=500 next_cursor=set
2026-02-25T09:34:38Z INFO bsky_collector_v2.job.index_feed_generators: enqueued repos page=13 mode=listRepos inserted=500 repos_returned=500 next_cursor=set
2026-02-25T09:35:34Z INFO bsky_collector_v2.job.index_feed_generators: indexed repo=did:plc:n5pnmmaqyxcztgkoflhf3e3v part=529 records=3 next_cursor=set
2026-02-25T09:35:57Z INFO bsky_collector_v2.job.index_feed_generators: indexed repo=did:plc:vnltwirct5vamnt57ntxvr55 part=530 records=1 next_cursor=set
2026-02-25T09:36:08Z INFO bsky_collector_v2.job.index_feed_generators: indexed repo=did:plc:ytgmawtukadfjzv4rebqaviq part=531 records=2 next_cursor=set
2026-02-25T09:36:13Z INFO bsky_collector_v2.job.index_feed_generators: enqueued repos page=14 mode=listRepos inserted=500 repos_returned=500 next_cursor=set
2026-02-25T09:36:41Z INFO bsky_collector_v2.job.index_feed_generators: indexed repo=did:plc:av75pl55rlriugu3d333gddm part=532 records=1 next_cursor=set
2026-02-25T09:37:59Z INFO bsky_collector_v2.job.index_feed_generators: enqueued repos page=15 mode=listRepos inserted=500 repos_returned=500 next_cursor=set
2026-02-25T09:38:03Z INFO bsky_collector_v2.job.index_feed_generators: indexed repo=did:plc:3jgwwfp3bsrhdmjbkc3ywcdj part=533 records=1 next_cursor=set
2026-02-25T09:38:23Z WARNING bsky_collector_v2.job.index_feed_generators: listRecords failed repo=did:plc:bqhqbsptej5bhwvpbn57colr err=HttpError('InvalidRequest: Could not find repo: did:plc:bqhqbsptej5bhwvpbn57colr')
2026-02-25T09:39:35Z WARNING bsky_collector_v2.job.index_feed_generators: listRecords failed repo=did:plc:bqhqbsptej5bhwvpbn57colr err=HttpError('InvalidRequest: Could not find repo: did:plc:bqhqbsptej5bhwvpbn57colr')
2026-02-25T09:39:35Z WARNING bsky_collector_v2.job.index_feed_generators: listRecords failed repo=did:plc:bqhqbsptej5bhwvpbn57colr err=HttpError('InvalidRequest: Could not find repo: did:plc:bqhqbsptej5bhwvpbn57colr')
2026-02-25T09:39:36Z INFO bsky_collector_v2.job.index_feed_generators: enqueued repos page=16 mode=listRepos inserted=500 repos_returned=500 next_cursor=set
2026-02-25T09:39:47Z INFO bsky_collector_v2.job.index_feed_generators: indexed repo=did:plc:62v4zo3uyhszpbnn5bdkmfwt part=534 records=1 next_cursor=set
2026-02-25T09:40:28Z INFO bsky_collector_v2.job.index_feed_generators: indexed repo=did:plc:nd3pyqytnux7lohafe4jsfa3 part=535 records=1 next_cursor=set
2026-02-25T09:40:34Z INFO bsky_collector_v2.job.index_feed_generators: indexed repo=did:plc:pciqsml4gsnwhj4s72mb6475 part=536 records=1 next_cursor=set
2026-02-25T09:40:43Z INFO bsky_collector_v2.job.index_feed_generators: indexed repo=did:plc:sfxlcbodnjpru2icciahfcn2 part=537 records=1 next_cursor=set
2026-02-25T09:41:05Z INFO bsky_collector_v2.job.index_feed_generators: enqueued repos page=17 mode=listRepos inserted=500 repos_returned=500 next_cursor=set
2026-02-25T09:41:58Z INFO bsky_collector_v2.job.index_feed_generators: indexed repo=did:plc:mbrsqafzt7eu4vbvjj4i4ahs part=538 records=1 next_cursor=set
2026-02-25T09:42:43Z INFO bsky_collector_v2.job.index_feed_generators: enqueued repos page=18 mode=listRepos inserted=500 repos_returned=500 next_cursor=set
2026-02-25T09:44:28Z INFO bsky_collector_v2.job.index_feed_generators: enqueued repos page=19 mode=listRepos inserted=500 repos_returned=500 next_cursor=set
2026-02-25T09:44:37Z INFO bsky_collector_v2.job.index_feed_generators: indexed repo=did:plc:5pihagtahpcybeps6wqxryu5 part=539 records=1 next_cursor=set
2026-02-25T09:44:58Z WARNING bsky_collector_v2.job.index_feed_generators: listRecords failed repo=did:plc:enfjvx2mod43ogvcai5d5rhp err=HttpError('InvalidRequest: Could not find repo: did:plc:enfjvx2mod43ogvcai5d5rhp')
2026-02-25T09:45:41Z INFO bsky_collector_v2.job.index_feed_generators: indexed repo=did:plc:rixvtbied56v5p4et44hnn5r part=540 records=4 next_cursor=set
2026-02-25T09:45:51Z INFO bsky_collector_v2.job.index_feed_generators: indexed repo=did:plc:upxlpxldd4a4on7jgvmldlqa part=541 records=1 next_cursor=set
2026-02-25T09:45:57Z INFO bsky_collector_v2.job.index_feed_generators: indexed repo=did:plc:x7p3hqk4qmqmhj6gf3p5toxz part=542 records=1 next_cursor=set
2026-02-25T09:46:05Z WARNING bsky_collector_v2.job.index_feed_generators: listRecords failed repo=did:plc:enfjvx2mod43ogvcai5d5rhp err=HttpError('InvalidRequest: Could not find repo: did:plc:enfjvx2mod43ogvcai5d5rhp')
2026-02-25T09:46:06Z WARNING bsky_collector_v2.job.index_feed_generators: listRecords failed repo=did:plc:enfjvx2mod43ogvcai5d5rhp err=HttpError('InvalidRequest: Could not find repo: did:plc:enfjvx2mod43ogvcai5d5rhp')
2026-02-25T09:46:07Z INFO bsky_collector_v2.job.index_feed_generators: enqueued repos page=20 mode=listRepos inserted=500 repos_returned=500 next_cursor=set
2026-02-25T09:46:24Z INFO bsky_collector_v2.job.index_feed_generators: indexed repo=did:plc:arx7wvkkesbm2jil5v5ec7x4 part=543 records=2 next_cursor=set
2026-02-25T09:46:27Z INFO bsky_collector_v2.job.index_feed_generators: indexed repo=did:plc:bp4kd5dyfgq4owugb2g4o7od part=544 records=2 next_cursor=set
2026-02-25T09:46:52Z INFO bsky_collector_v2.job.index_feed_generators: indexed repo=did:plc:kk45dinsxxe4uj4pow6ifbpa part=545 records=1 next_cursor=set
2026-02-25T09:47:42Z INFO bsky_collector_v2.job.index_feed_generators: enqueued repos page=21 mode=listRepos inserted=500 repos_returned=500 next_cursor=set
2026-02-25T09:47:55Z INFO bsky_collector_v2.job.index_feed_generators: indexed repo=did:plc:6627mkz2gcn6eq7ot3vnwink part=546 records=1 next_cursor=set
2026-02-25T09:49:09Z INFO bsky_collector_v2.job.index_feed_generators: indexed repo=did:plc:wt7cnilqpq2wp34ot3udir3x part=547 records=1 next_cursor=set
2026-02-25T09:49:20Z INFO bsky_collector_v2.job.index_feed_generators: enqueued repos page=22 mode=listRepos inserted=500 repos_returned=500 next_cursor=set
2026-02-25T09:50:29Z INFO bsky_collector_v2.job.index_feed_generators: indexed repo=did:plc:qm5qc77fy7akmeifwy2pe7h7 part=548 records=1 next_cursor=set
2026-02-25T09:50:37Z INFO bsky_collector_v2.job.index_feed_generators: indexed repo=did:plc:t2sfued6ircyinyikt3zxulp part=549 records=1 next_cursor=set
2026-02-25T09:50:59Z INFO bsky_collector_v2.job.index_feed_generators: enqueued repos page=23 mode=listRepos inserted=500 repos_returned=500 next_cursor=set
2026-02-25T09:51:35Z INFO bsky_collector_v2.job.index_feed_generators: indexed repo=did:plc:efn4mskkv6m5sgae5z54lvmu part=550 records=1 next_cursor=set
2026-02-25T09:51:43Z WARNING bsky_collector_v2.job.index_feed_generators: listRecords failed repo=did:plc:hpgjync23i643cdza5ppfz3f err=HttpError('InvalidRequest: Could not find repo: did:plc:hpgjync23i643cdza5ppfz3f')
2026-02-25T09:52:01Z WARNING bsky_collector_v2.job.index_feed_generators: listRecords failed repo=did:plc:nwvg7gjjzmx3kwngjxvubihu err=HttpError('InvalidRequest: Could not find repo: did:plc:nwvg7gjjzmx3kwngjxvubihu')
2026-02-25T09:52:34Z WARNING bsky_collector_v2.job.index_feed_generators: listRecords failed repo=did:plc:wwgjp7agtwxlfeyxuiiyyxnb err=HttpError('InvalidRequest: Could not find repo: did:plc:wwgjp7agtwxlfeyxuiiyyxnb')
2026-02-25T09:52:50Z WARNING bsky_collector_v2.job.index_feed_generators: listRecords failed repo=did:plc:hpgjync23i643cdza5ppfz3f err=HttpError('InvalidRequest: Could not find repo: did:plc:hpgjync23i643cdza5ppfz3f')
2026-02-25T09:52:50Z WARNING bsky_collector_v2.job.index_feed_generators: listRecords failed repo=did:plc:nwvg7gjjzmx3kwngjxvubihu err=HttpError('InvalidRequest: Could not find repo: did:plc:nwvg7gjjzmx3kwngjxvubihu')
2026-02-25T09:52:50Z WARNING bsky_collector_v2.job.index_feed_generators: listRecords failed repo=did:plc:wwgjp7agtwxlfeyxuiiyyxnb err=HttpError('InvalidRequest: Could not find repo: did:plc:wwgjp7agtwxlfeyxuiiyyxnb')
2026-02-25T09:52:50Z WARNING bsky_collector_v2.job.index_feed_generators: listRecords failed repo=did:plc:hpgjync23i643cdza5ppfz3f err=HttpError('InvalidRequest: Could not find repo: did:plc:hpgjync23i643cdza5ppfz3f')
2026-02-25T09:52:50Z WARNING bsky_collector_v2.job.index_feed_generators: listRecords failed repo=did:plc:nwvg7gjjzmx3kwngjxvubihu err=HttpError('InvalidRequest: Could not find repo: did:plc:nwvg7gjjzmx3kwngjxvubihu')
2026-02-25T09:52:50Z WARNING bsky_collector_v2.job.index_feed_generators: listRecords failed repo=did:plc:wwgjp7agtwxlfeyxuiiyyxnb err=HttpError('InvalidRequest: Could not find repo: did:plc:wwgjp7agtwxlfeyxuiiyyxnb')
2026-02-25T09:52:51Z INFO bsky_collector_v2.job.index_feed_generators: enqueued repos page=24 mode=listRepos inserted=500 repos_returned=500 next_cursor=set
2026-02-25T09:53:12Z INFO bsky_collector_v2.job.index_feed_generators: indexed repo=did:plc:afhlfsxpfxd7eh72zf6ncn5j part=551 records=1 next_cursor=set
2026-02-25T09:53:18Z INFO bsky_collector_v2.job.index_feed_generators: indexed repo=did:plc:ceureucezjvxrc43koimlktn part=552 records=1 next_cursor=set
2026-02-25T09:53:19Z WARNING bsky_collector_v2.job.index_feed_generators: listRecords failed repo=did:plc:ct3j6wfxfnokvbmwtk6zyfde err=HttpError('InvalidRequest: Could not find repo: did:plc:ct3j6wfxfnokvbmwtk6zyfde')
2026-02-25T09:53:20Z INFO bsky_collector_v2.job.index_feed_generators: indexed repo=did:plc:cykv2py55xwz45xow4hfa35b part=553 records=3 next_cursor=set
2026-02-25T09:54:16Z WARNING bsky_collector_v2.job.index_feed_generators: listRecords failed repo=did:plc:utaps23dbkn76u3v2mdrboqw err=HttpError('InvalidRequest: Could not find repo: did:plc:utaps23dbkn76u3v2mdrboqw')
2026-02-25T09:54:34Z WARNING bsky_collector_v2.job.index_feed_generators: listRecords failed repo=did:plc:ct3j6wfxfnokvbmwtk6zyfde err=HttpError('InvalidRequest: Could not find repo: did:plc:ct3j6wfxfnokvbmwtk6zyfde')
2026-02-25T09:54:34Z WARNING bsky_collector_v2.job.index_feed_generators: listRecords failed repo=did:plc:utaps23dbkn76u3v2mdrboqw err=HttpError('InvalidRequest: Could not find repo: did:plc:utaps23dbkn76u3v2mdrboqw')
2026-02-25T09:54:34Z WARNING bsky_collector_v2.job.index_feed_generators: listRecords failed repo=did:plc:ct3j6wfxfnokvbmwtk6zyfde err=HttpError('InvalidRequest: Could not find repo: did:plc:ct3j6wfxfnokvbmwtk6zyfde')
2026-02-25T09:54:34Z WARNING bsky_collector_v2.job.index_feed_generators: listRecords failed repo=did:plc:utaps23dbkn76u3v2mdrboqw err=HttpError('InvalidRequest: Could not find repo: did:plc:utaps23dbkn76u3v2mdrboqw')
2026-02-25T09:54:35Z INFO bsky_collector_v2.job.index_feed_generators: enqueued repos page=25 mode=listRepos inserted=500 repos_returned=500 next_cursor=set
2026-02-25T09:54:44Z WARNING bsky_collector_v2.job.index_feed_generators: listRecords failed repo=did:plc:5hs4nyvclaehhxocdrdxdbnz err=HttpError('InvalidRequest: Could not find repo: did:plc:5hs4nyvclaehhxocdrdxdbnz')
2026-02-25T09:54:56Z WARNING bsky_collector_v2.job.index_feed_generators: listRecords failed repo=did:plc:b3g44i4h7cvvqvgyprxoysbn err=HttpError('InvalidRequest: Could not find repo: did:plc:b3g44i4h7cvvqvgyprxoysbn')
2026-02-25T09:55:16Z INFO bsky_collector_v2.job.index_feed_generators: indexed repo=did:plc:f6ve3ymyujcgdkhdydiiahz4 part=554 records=1 next_cursor=set
2026-02-25T09:55:50Z INFO bsky_collector_v2.job.index_feed_generators: indexed repo=did:plc:qn4g7p3vjlkxivxz4rqhm4f3 part=555 records=1 next_cursor=set
2026-02-25T09:56:01Z INFO bsky_collector_v2.job.index_feed_generators: indexed repo=did:plc:t7m5l5xgsi5vllenp64ltkuf part=556 records=1 next_cursor=set
2026-02-25T09:56:20Z WARNING bsky_collector_v2.job.index_feed_generators: listRecords failed repo=did:plc:5hs4nyvclaehhxocdrdxdbnz err=HttpError('InvalidRequest: Could not find repo: did:plc:5hs4nyvclaehhxocdrdxdbnz')
2026-02-25T09:56:20Z WARNING bsky_collector_v2.job.index_feed_generators: listRecords failed repo=did:plc:b3g44i4h7cvvqvgyprxoysbn err=HttpError('InvalidRequest: Could not find repo: did:plc:b3g44i4h7cvvqvgyprxoysbn')
2026-02-25T09:56:20Z WARNING bsky_collector_v2.job.index_feed_generators: listRecords failed repo=did:plc:5hs4nyvclaehhxocdrdxdbnz err=HttpError('InvalidRequest: Could not find repo: did:plc:5hs4nyvclaehhxocdrdxdbnz')
2026-02-25T09:56:20Z WARNING bsky_collector_v2.job.index_feed_generators: listRecords failed repo=did:plc:b3g44i4h7cvvqvgyprxoysbn err=HttpError('InvalidRequest: Could not find repo: did:plc:b3g44i4h7cvvqvgyprxoysbn')
2026-02-25T09:56:21Z INFO bsky_collector_v2.job.index_feed_generators: enqueued repos page=26 mode=listRepos inserted=500 repos_returned=500 next_cursor=set
2026-02-25T09:57:02Z INFO bsky_collector_v2.job.index_feed_generators: indexed repo=did:plc:fufhlspwammcirs4j2cjcgjw part=557 records=1 next_cursor=set
2026-02-25T09:57:07Z INFO bsky_collector_v2.job.index_feed_generators: indexed repo=did:plc:gwbqjf3ciffqeedjrpmjinfo part=558 records=1 next_cursor=set
2026-02-25T09:58:03Z INFO bsky_collector_v2.job.index_feed_generators: enqueued repos page=27 mode=listRepos inserted=500 repos_returned=500 next_cursor=set
2026-02-25T09:58:37Z INFO bsky_collector_v2.job.index_feed_generators: indexed repo=did:plc:e44uu52meobytvvr3cbvfp36 part=559 records=1 next_cursor=set
2026-02-25T09:58:38Z INFO bsky_collector_v2.job.index_feed_generators: indexed repo=did:plc:edfbvcts65hs5722nzorjg4f part=560 records=4 next_cursor=set
2026-02-25T09:59:49Z INFO bsky_collector_v2.job.index_feed_generators: enqueued repos page=28 mode=listRepos inserted=500 repos_returned=500 next_cursor=set
2026-02-25T10:00:03Z WARNING bsky_collector_v2.job.index_feed_generators: listRecords failed repo=did:plc:63gizxrfgikply6wj3optrdp err=HttpError('InvalidRequest: Could not find repo: did:plc:63gizxrfgikply6wj3optrdp')
2026-02-25T10:00:04Z WARNING bsky_collector_v2.job.index_feed_generators: listRecords failed repo=did:plc:6kztoccapdwqgo3xybzgyveu err=HttpError('InvalidRequest: Could not find repo: did:plc:6kztoccapdwqgo3xybzgyveu')
2026-02-25T10:00:23Z WARNING bsky_collector_v2.job.index_feed_generators: listRecords failed repo=did:plc:fjka6idhe4eihvpbx7c5jjfg err=HttpError('InvalidRequest: Could not find repo: did:plc:fjka6idhe4eihvpbx7c5jjfg')
2026-02-25T10:00:28Z WARNING bsky_collector_v2.job.index_feed_generators: listRecords failed repo=did:plc:hf2mhrhq5ht7b5w4itmkt4hh err=HttpError('InvalidRequest: Could not find repo: did:plc:hf2mhrhq5ht7b5w4itmkt4hh')
2026-02-25T10:00:36Z INFO bsky_collector_v2.job.index_feed_generators: indexed repo=did:plc:jucjijoxpvixukizyfhpvvsu part=561 records=1 next_cursor=set
2026-02-25T10:00:36Z WARNING bsky_collector_v2.job.index_feed_generators: listRecords failed repo=did:plc:jw4x2b75irlhvsgppssk7teb err=HttpError('InvalidRequest: Could not find repo: did:plc:jw4x2b75irlhvsgppssk7teb')
2026-02-25T10:00:37Z WARNING bsky_collector_v2.job.index_feed_generators: listRecords failed repo=did:plc:kdx62oowhgkmebnwswk4ppfm err=HttpError('InvalidRequest: Could not find repo: did:plc:kdx62oowhgkmebnwswk4ppfm')
2026-02-25T10:00:44Z WARNING bsky_collector_v2.job.index_feed_generators: listRecords failed repo=did:plc:mjwkc7pyp4wkppggaimirz5b err=HttpError('InvalidRequest: Could not find repo: did:plc:mjwkc7pyp4wkppggaimirz5b')
2026-02-25T10:00:50Z WARNING bsky_collector_v2.job.index_feed_generators: listRecords failed repo=did:plc:ome2us426dx7drslmsnvo7sr err=HttpError('InvalidRequest: Could not find repo: did:plc:ome2us426dx7drslmsnvo7sr')
2026-02-25T10:00:57Z WARNING bsky_collector_v2.job.index_feed_generators: listRecords failed repo=did:plc:qslvza5gg64xiirb2d2awt6v err=HttpError('InvalidRequest: Could not find repo: did:plc:qslvza5gg64xiirb2d2awt6v')
2026-02-25T10:01:06Z INFO bsky_collector_v2.job.index_feed_generators: indexed repo=did:plc:tv2p2nfplqowfk2ajxy3o7xp part=562 records=1 next_cursor=set
2026-02-25T10:01:09Z WARNING bsky_collector_v2.job.index_feed_generators: listRecords failed repo=did:plc:vmy3htdbqz7dfezavyejntoc err=HttpError('InvalidRequest: Could not find repo: did:plc:vmy3htdbqz7dfezavyejntoc')
2026-02-25T10:01:12Z INFO bsky_collector_v2.job.index_feed_generators: indexed repo=did:plc:wjz7ckhkmb22ydpnjd3bvu6k part=563 records=1 next_cursor=set
2026-02-25T10:01:12Z WARNING bsky_collector_v2.job.index_feed_generators: listRecords failed repo=did:plc:wnwi3yuzv2s2qkbyxhmoi56k err=HttpError('InvalidRequest: Could not find repo: did:plc:wnwi3yuzv2s2qkbyxhmoi56k')
2026-02-25T10:01:13Z WARNING bsky_collector_v2.job.index_feed_generators: listRecords failed repo=did:plc:x4zhvxaqgmpi7nqcfrps5p5n err=HttpError('InvalidRequest: Could not find repo: did:plc:x4zhvxaqgmpi7nqcfrps5p5n')
2026-02-25T10:01:24Z WARNING bsky_collector_v2.job.index_feed_generators: listRecords failed repo=did:plc:63gizxrfgikply6wj3optrdp err=HttpError('InvalidRequest: Could not find repo: did:plc:63gizxrfgikply6wj3optrdp')
2026-02-25T10:01:24Z WARNING bsky_collector_v2.job.index_feed_generators: listRecords failed repo=did:plc:6kztoccapdwqgo3xybzgyveu err=HttpError('InvalidRequest: Could not find repo: did:plc:6kztoccapdwqgo3xybzgyveu')
2026-02-25T10:01:24Z WARNING bsky_collector_v2.job.index_feed_generators: listRecords failed repo=did:plc:fjka6idhe4eihvpbx7c5jjfg err=HttpError('InvalidRequest: Could not find repo: did:plc:fjka6idhe4eihvpbx7c5jjfg')
2026-02-25T10:01:25Z WARNING bsky_collector_v2.job.index_feed_generators: listRecords failed repo=did:plc:hf2mhrhq5ht7b5w4itmkt4hh err=HttpError('InvalidRequest: Could not find repo: did:plc:hf2mhrhq5ht7b5w4itmkt4hh')
2026-02-25T10:01:25Z WARNING bsky_collector_v2.job.index_feed_generators: listRecords failed repo=did:plc:jw4x2b75irlhvsgppssk7teb err=HttpError('InvalidRequest: Could not find repo: did:plc:jw4x2b75irlhvsgppssk7teb')
2026-02-25T10:01:25Z WARNING bsky_collector_v2.job.index_feed_generators: listRecords failed repo=did:plc:kdx62oowhgkmebnwswk4ppfm err=HttpError('InvalidRequest: Could not find repo: did:plc:kdx62oowhgkmebnwswk4ppfm')
2026-02-25T10:01:25Z WARNING bsky_collector_v2.job.index_feed_generators: listRecords failed repo=did:plc:mjwkc7pyp4wkppggaimirz5b err=HttpError('InvalidRequest: Could not find repo: did:plc:mjwkc7pyp4wkppggaimirz5b')
2026-02-25T10:01:25Z WARNING bsky_collector_v2.job.index_feed_generators: listRecords failed repo=did:plc:ome2us426dx7drslmsnvo7sr err=HttpError('InvalidRequest: Could not find repo: did:plc:ome2us426dx7drslmsnvo7sr')
2026-02-25T10:01:25Z WARNING bsky_collector_v2.job.index_feed_generators: listRecords failed repo=did:plc:qslvza5gg64xiirb2d2awt6v err=HttpError('InvalidRequest: Could not find repo: did:plc:qslvza5gg64xiirb2d2awt6v')
2026-02-25T10:01:25Z WARNING bsky_collector_v2.job.index_feed_generators: listRecords failed repo=did:plc:vmy3htdbqz7dfezavyejntoc err=HttpError('InvalidRequest: Could not find repo: did:plc:vmy3htdbqz7dfezavyejntoc')
2026-02-25T10:01:26Z WARNING bsky_collector_v2.job.index_feed_generators: listRecords failed repo=did:plc:wnwi3yuzv2s2qkbyxhmoi56k err=HttpError('InvalidRequest: Could not find repo: did:plc:wnwi3yuzv2s2qkbyxhmoi56k')
2026-02-25T10:01:26Z WARNING bsky_collector_v2.job.index_feed_generators: listRecords failed repo=did:plc:x4zhvxaqgmpi7nqcfrps5p5n err=HttpError('InvalidRequest: Could not find repo: did:plc:x4zhvxaqgmpi7nqcfrps5p5n')
2026-02-25T10:01:26Z WARNING bsky_collector_v2.job.index_feed_generators: listRecords failed repo=did:plc:63gizxrfgikply6wj3optrdp err=HttpError('InvalidRequest: Could not find repo: did:plc:63gizxrfgikply6wj3optrdp')
2026-02-25T10:01:26Z WARNING bsky_collector_v2.job.index_feed_generators: listRecords failed repo=did:plc:6kztoccapdwqgo3xybzgyveu err=HttpError('InvalidRequest: Could not find repo: did:plc:6kztoccapdwqgo3xybzgyveu')
2026-02-25T10:01:26Z WARNING bsky_collector_v2.job.index_feed_generators: listRecords failed repo=did:plc:fjka6idhe4eihvpbx7c5jjfg err=HttpError('InvalidRequest: Could not find repo: did:plc:fjka6idhe4eihvpbx7c5jjfg')
2026-02-25T10:01:26Z WARNING bsky_collector_v2.job.index_feed_generators: listRecords failed repo=did:plc:hf2mhrhq5ht7b5w4itmkt4hh err=HttpError('InvalidRequest: Could not find repo: did:plc:hf2mhrhq5ht7b5w4itmkt4hh')
2026-02-25T10:01:26Z WARNING bsky_collector_v2.job.index_feed_generators: listRecords failed repo=did:plc:jw4x2b75irlhvsgppssk7teb err=HttpError('InvalidRequest: Could not find repo: did:plc:jw4x2b75irlhvsgppssk7teb')
2026-02-25T10:01:26Z WARNING bsky_collector_v2.job.index_feed_generators: listRecords failed repo=did:plc:kdx62oowhgkmebnwswk4ppfm err=HttpError('InvalidRequest: Could not find repo: did:plc:kdx62oowhgkmebnwswk4ppfm')
2026-02-25T10:01:26Z WARNING bsky_collector_v2.job.index_feed_generators: listRecords failed repo=did:plc:mjwkc7pyp4wkppggaimirz5b err=HttpError('InvalidRequest: Could not find repo: did:plc:mjwkc7pyp4wkppggaimirz5b')
2026-02-25T10:01:26Z WARNING bsky_collector_v2.job.index_feed_generators: listRecords failed repo=did:plc:ome2us426dx7drslmsnvo7sr err=HttpError('InvalidRequest: Could not find repo: did:plc:ome2us426dx7drslmsnvo7sr')
2026-02-25T10:01:27Z WARNING bsky_collector_v2.job.index_feed_generators: listRecords failed repo=did:plc:qslvza5gg64xiirb2d2awt6v err=HttpError('InvalidRequest: Could not find repo: did:plc:qslvza5gg64xiirb2d2awt6v')
2026-02-25T10:01:27Z WARNING bsky_collector_v2.job.index_feed_generators: listRecords failed repo=did:plc:vmy3htdbqz7dfezavyejntoc err=HttpError('InvalidRequest: Could not find repo: did:plc:vmy3htdbqz7dfezavyejntoc')
2026-02-25T10:01:27Z WARNING bsky_collector_v2.job.index_feed_generators: listRecords failed repo=did:plc:wnwi3yuzv2s2qkbyxhmoi56k err=HttpError('InvalidRequest: Could not find repo: did:plc:wnwi3yuzv2s2qkbyxhmoi56k')
2026-02-25T10:01:27Z WARNING bsky_collector_v2.job.index_feed_generators: listRecords failed repo=did:plc:x4zhvxaqgmpi7nqcfrps5p5n err=HttpError('InvalidRequest: Could not find repo: did:plc:x4zhvxaqgmpi7nqcfrps5p5n')
2026-02-25T10:01:28Z INFO bsky_collector_v2.job.index_feed_generators: enqueued repos page=29 mode=listRepos inserted=500 repos_returned=500 next_cursor=set
2026-02-25T10:01:31Z WARNING bsky_collector_v2.job.index_feed_generators: listRecords failed repo=did:plc:3ki5zf4meexonzjl6fxnj2lx err=HttpError('InvalidRequest: Could not find repo: did:plc:3ki5zf4meexonzjl6fxnj2lx')
2026-02-25T10:01:39Z WARNING bsky_collector_v2.job.index_feed_generators: listRecords failed repo=did:plc:6itfvsmtfpkvvxnznz23c6ua err=HttpError('InvalidRequest: Could not find repo: did:plc:6itfvsmtfpkvvxnznz23c6ua')
2026-02-25T10:01:59Z WARNING bsky_collector_v2.job.index_feed_generators: listRecords failed repo=did:plc:egbamyiqdek4fychdmhbs5ic err=HttpError('InvalidRequest: Could not find repo: did:plc:egbamyiqdek4fychdmhbs5ic')
2026-02-25T10:02:02Z WARNING bsky_collector_v2.job.index_feed_generators: listRecords failed repo=did:plc:frs3xxlan2nb3z4jphtlasm2 err=HttpError('InvalidRequest: Could not find repo: did:plc:frs3xxlan2nb3z4jphtlasm2')
2026-02-25T10:02:05Z WARNING bsky_collector_v2.job.index_feed_generators: listRecords failed repo=did:plc:h2vl6buvjml26ewmlpjdwr43 err=HttpError('InvalidRequest: Could not find repo: did:plc:h2vl6buvjml26ewmlpjdwr43')
2026-02-25T10:02:10Z WARNING bsky_collector_v2.job.index_feed_generators: listRecords failed repo=did:plc:ic3tralsm7myo7dvciysxvmm err=HttpError('InvalidRequest: Could not find repo: did:plc:ic3tralsm7myo7dvciysxvmm')
2026-02-25T10:02:11Z WARNING bsky_collector_v2.job.index_feed_generators: listRecords failed repo=did:plc:iwvsg6d62a6hwrrp67ysaskg err=HttpError('InvalidRequest: Could not find repo: did:plc:iwvsg6d62a6hwrrp67ysaskg')
2026-02-25T10:02:11Z INFO bsky_collector_v2.job.index_feed_generators: indexed repo=did:plc:j4ubn25ru5frcikihwh6bjmw part=564 records=1 next_cursor=set
2026-02-25T10:02:13Z WARNING bsky_collector_v2.job.index_feed_generators: listRecords failed repo=did:plc:jnwgcnl67df2vj3vtdrgr752 err=HttpError('InvalidRequest: Could not find repo: did:plc:jnwgcnl67df2vj3vtdrgr752')
2026-02-25T10:02:13Z WARNING bsky_collector_v2.job.index_feed_generators: listRecords failed repo=did:plc:jpvlogu5fk4scwobjmpxk6eb err=HttpError('InvalidRequest: Could not find repo: did:plc:jpvlogu5fk4scwobjmpxk6eb')
2026-02-25T10:02:16Z WARNING bsky_collector_v2.job.index_feed_generators: listRecords failed repo=did:plc:kidk4n6e4u2k23o5dyvjrc5f err=HttpError('InvalidRequest: Could not find repo: did:plc:kidk4n6e4u2k23o5dyvjrc5f')
2026-02-25T10:02:19Z WARNING bsky_collector_v2.job.index_feed_generators: listRecords failed repo=did:plc:lmix3fzj34dxazttl4lmn2iz err=HttpError('InvalidRequest: Could not find repo: did:plc:lmix3fzj34dxazttl4lmn2iz')
2026-02-25T10:02:19Z WARNING bsky_collector_v2.job.index_feed_generators: listRecords failed repo=did:plc:lxjsxvevmsmyphrnh7thxqdo err=HttpError('InvalidRequest: Could not find repo: did:plc:lxjsxvevmsmyphrnh7thxqdo')
2026-02-25T10:02:20Z WARNING bsky_collector_v2.job.index_feed_generators: listRecords failed repo=did:plc:mgofarrxvettfepelxool3lu err=HttpError('InvalidRequest: Could not find repo: did:plc:mgofarrxvettfepelxool3lu')
2026-02-25T10:02:23Z WARNING bsky_collector_v2.job.index_feed_generators: listRecords failed repo=did:plc:nityszfmfzbcq6xkehldluu2 err=HttpError('InvalidRequest: Could not find repo: did:plc:nityszfmfzbcq6xkehldluu2')
2026-02-25T10:02:23Z WARNING bsky_collector_v2.job.index_feed_generators: listRecords failed repo=did:plc:nlgpfcts5syx5msnqkxhrkk7 err=HttpError('InvalidRequest: Could not find repo: did:plc:nlgpfcts5syx5msnqkxhrkk7')
2026-02-25T10:02:23Z WARNING bsky_collector_v2.job.index_feed_generators: listRecords failed repo=did:plc:nmoypmi46owdnghs3pq3xysh err=HttpError('InvalidRequest: Could not find repo: did:plc:nmoypmi46owdnghs3pq3xysh')
2026-02-25T10:02:27Z WARNING bsky_collector_v2.job.index_feed_generators: listRecords failed repo=did:plc:oqikwm7u42e7k7p4fsnptfjv err=HttpError('InvalidRequest: Could not find repo: did:plc:oqikwm7u42e7k7p4fsnptfjv')
2026-02-25T10:02:27Z WARNING bsky_collector_v2.job.index_feed_generators: listRecords failed repo=did:plc:ow7eoib2e2sj4cjlxatoh4kj err=HttpError('InvalidRequest: Could not find repo: did:plc:ow7eoib2e2sj4cjlxatoh4kj')
2026-02-25T10:02:27Z WARNING bsky_collector_v2.job.index_feed_generators: listRecords failed repo=did:plc:p2d7tkmzqpt4gqks2x2apwwk err=HttpError('InvalidRequest: Could not find repo: did:plc:p2d7tkmzqpt4gqks2x2apwwk')
2026-02-25T10:02:28Z WARNING bsky_collector_v2.job.index_feed_generators: listRecords failed repo=did:plc:p7a2wzxz6mfjxf4wzxlz6sko err=HttpError('InvalidRequest: Could not find repo: did:plc:p7a2wzxz6mfjxf4wzxlz6sko')
2026-02-25T10:02:31Z WARNING bsky_collector_v2.job.index_feed_generators: listRecords failed repo=did:plc:q4wazv76v622f6dsmhu3b47u err=HttpError('InvalidRequest: Could not find repo: did:plc:q4wazv76v622f6dsmhu3b47u')
2026-02-25T10:02:35Z WARNING bsky_collector_v2.job.index_feed_generators: listRecords failed repo=did:plc:qzlevwf2vkdnu2u5ww3jytvs err=HttpError('InvalidRequest: Could not find repo: did:plc:qzlevwf2vkdnu2u5ww3jytvs')
2026-02-25T10:02:35Z WARNING bsky_collector_v2.job.index_feed_generators: listRecords failed repo=did:plc:r4owct5gdws7wfge2jwdnjah err=HttpError('InvalidRequest: Could not find repo: did:plc:r4owct5gdws7wfge2jwdnjah')
2026-02-25T10:02:38Z WARNING bsky_collector_v2.job.index_feed_generators: listRecords failed repo=did:plc:s76si3rsl34tgvya7appi2q2 err=HttpError('InvalidRequest: Could not find repo: did:plc:s76si3rsl34tgvya7appi2q2')
2026-02-25T10:02:40Z WARNING bsky_collector_v2.job.index_feed_generators: listRecords failed repo=did:plc:sojtdwnftirbwakxhxl2xbdr err=HttpError('InvalidRequest: Could not find repo: did:plc:sojtdwnftirbwakxhxl2xbdr')
2026-02-25T10:02:40Z WARNING bsky_collector_v2.job.index_feed_generators: listRecords failed repo=did:plc:sotqy2pxjm6caws3ddhi3hdq err=HttpError('InvalidRequest: Could not find repo: did:plc:sotqy2pxjm6caws3ddhi3hdq')
2026-02-25T10:02:48Z WARNING bsky_collector_v2.job.index_feed_generators: listRecords failed repo=did:plc:v65gbbjhb6ijuud4dteyyozh err=HttpError('InvalidRequest: Could not find repo: did:plc:v65gbbjhb6ijuud4dteyyozh')
2026-02-25T10:02:49Z WARNING bsky_collector_v2.job.index_feed_generators: listRecords failed repo=did:plc:vk5s3ixl7dxbguzirow6k465 err=HttpError('InvalidRequest: Could not find repo: did:plc:vk5s3ixl7dxbguzirow6k465')
2026-02-25T10:02:51Z WARNING bsky_collector_v2.job.index_feed_generators: listRecords failed repo=did:plc:whysiwwxxq7c7wsh64rnsmhp err=HttpError('InvalidRequest: Could not find repo: did:plc:whysiwwxxq7c7wsh64rnsmhp')
2026-02-25T10:02:54Z WARNING bsky_collector_v2.job.index_feed_generators: listRecords failed repo=did:plc:xtmrdk6docyiyhfjaseku2r7 err=HttpError('InvalidRequest: Could not find repo: did:plc:xtmrdk6docyiyhfjaseku2r7')
2026-02-25T10:02:54Z WARNING bsky_collector_v2.job.index_feed_generators: listRecords failed repo=did:plc:xy2gkqxcbtior2yspzoymqld err=HttpError('InvalidRequest: Could not find repo: did:plc:xy2gkqxcbtior2yspzoymqld')
2026-02-25T10:03:01Z WARNING bsky_collector_v2.job.index_feed_generators: listRecords failed repo=did:plc:ztowliscqq4nqsehamjasrow err=HttpError('InvalidRequest: Could not find repo: did:plc:ztowliscqq4nqsehamjasrow')
2026-02-25T10:03:02Z WARNING bsky_collector_v2.job.index_feed_generators: listRecords failed repo=did:plc:3ki5zf4meexonzjl6fxnj2lx err=HttpError('InvalidRequest: Could not find repo: did:plc:3ki5zf4meexonzjl6fxnj2lx')
2026-02-25T10:03:02Z WARNING bsky_collector_v2.job.index_feed_generators: listRecords failed repo=did:plc:6itfvsmtfpkvvxnznz23c6ua err=HttpError('InvalidRequest: Could not find repo: did:plc:6itfvsmtfpkvvxnznz23c6ua')
2026-02-25T10:03:02Z WARNING bsky_collector_v2.job.index_feed_generators: listRecords failed repo=did:plc:egbamyiqdek4fychdmhbs5ic err=HttpError('InvalidRequest: Could not find repo: did:plc:egbamyiqdek4fychdmhbs5ic')
2026-02-25T10:03:02Z WARNING bsky_collector_v2.job.index_feed_generators: listRecords failed repo=did:plc:frs3xxlan2nb3z4jphtlasm2 err=HttpError('InvalidRequest: Could not find repo: did:plc:frs3xxlan2nb3z4jphtlasm2')
2026-02-25T10:03:02Z WARNING bsky_collector_v2.job.index_feed_generators: listRecords failed repo=did:plc:h2vl6buvjml26ewmlpjdwr43 err=HttpError('InvalidRequest: Could not find repo: did:plc:h2vl6buvjml26ewmlpjdwr43')
2026-02-25T10:03:03Z WARNING bsky_collector_v2.job.index_feed_generators: listRecords failed repo=did:plc:ic3tralsm7myo7dvciysxvmm err=HttpError('InvalidRequest: Could not find repo: did:plc:ic3tralsm7myo7dvciysxvmm')
2026-02-25T10:03:03Z WARNING bsky_collector_v2.job.index_feed_generators: listRecords failed repo=did:plc:iwvsg6d62a6hwrrp67ysaskg err=HttpError('InvalidRequest: Could not find repo: did:plc:iwvsg6d62a6hwrrp67ysaskg')
2026-02-25T10:03:03Z WARNING bsky_collector_v2.job.index_feed_generators: listRecords failed repo=did:plc:jnwgcnl67df2vj3vtdrgr752 err=HttpError('InvalidRequest: Could not find repo: did:plc:jnwgcnl67df2vj3vtdrgr752')
2026-02-25T10:03:03Z WARNING bsky_collector_v2.job.index_feed_generators: listRecords failed repo=did:plc:jpvlogu5fk4scwobjmpxk6eb err=HttpError('InvalidRequest: Could not find repo: did:plc:jpvlogu5fk4scwobjmpxk6eb')
2026-02-25T10:03:03Z WARNING bsky_collector_v2.job.index_feed_generators: listRecords failed repo=did:plc:kidk4n6e4u2k23o5dyvjrc5f err=HttpError('InvalidRequest: Could not find repo: did:plc:kidk4n6e4u2k23o5dyvjrc5f')
2026-02-25T10:03:03Z WARNING bsky_collector_v2.job.index_feed_generators: listRecords failed repo=did:plc:lmix3fzj34dxazttl4lmn2iz err=HttpError('InvalidRequest: Could not find repo: did:plc:lmix3fzj34dxazttl4lmn2iz')
2026-02-25T10:03:03Z WARNING bsky_collector_v2.job.index_feed_generators: listRecords failed repo=did:plc:lxjsxvevmsmyphrnh7thxqdo err=HttpError('InvalidRequest: Could not find repo: did:plc:lxjsxvevmsmyphrnh7thxqdo')
2026-02-25T10:03:03Z WARNING bsky_collector_v2.job.index_feed_generators: listRecords failed repo=did:plc:mgofarrxvettfepelxool3lu err=HttpError('InvalidRequest: Could not find repo: did:plc:mgofarrxvettfepelxool3lu')
2026-02-25T10:03:03Z WARNING bsky_collector_v2.job.index_feed_generators: listRecords failed repo=did:plc:nityszfmfzbcq6xkehldluu2 err=HttpError('InvalidRequest: Could not find repo: did:plc:nityszfmfzbcq6xkehldluu2')
2026-02-25T10:03:03Z WARNING bsky_collector_v2.job.index_feed_generators: listRecords failed repo=did:plc:nlgpfcts5syx5msnqkxhrkk7 err=HttpError('InvalidRequest: Could not find repo: did:plc:nlgpfcts5syx5msnqkxhrkk7')
2026-02-25T10:03:03Z WARNING bsky_collector_v2.job.index_feed_generators: listRecords failed repo=did:plc:nmoypmi46owdnghs3pq3xysh err=HttpError('InvalidRequest: Could not find repo: did:plc:nmoypmi46owdnghs3pq3xysh')
2026-02-25T10:03:04Z WARNING bsky_collector_v2.job.index_feed_generators: listRecords failed repo=did:plc:oqikwm7u42e7k7p4fsnptfjv err=HttpError('InvalidRequest: Could not find repo: did:plc:oqikwm7u42e7k7p4fsnptfjv')
2026-02-25T10:03:04Z WARNING bsky_collector_v2.job.index_feed_generators: listRecords failed repo=did:plc:ow7eoib2e2sj4cjlxatoh4kj err=HttpError('InvalidRequest: Could not find repo: did:plc:ow7eoib2e2sj4cjlxatoh4kj')
2026-02-25T10:03:04Z WARNING bsky_collector_v2.job.index_feed_generators: listRecords failed repo=did:plc:p2d7tkmzqpt4gqks2x2apwwk err=HttpError('InvalidRequest: Could not find repo: did:plc:p2d7tkmzqpt4gqks2x2apwwk')
2026-02-25T10:03:04Z WARNING bsky_collector_v2.job.index_feed_generators: listRecords failed repo=did:plc:p7a2wzxz6mfjxf4wzxlz6sko err=HttpError('InvalidRequest: Could not find repo: did:plc:p7a2wzxz6mfjxf4wzxlz6sko')
2026-02-25T10:03:04Z WARNING bsky_collector_v2.job.index_feed_generators: listRecords failed repo=did:plc:q4wazv76v622f6dsmhu3b47u err=HttpError('InvalidRequest: Could not find repo: did:plc:q4wazv76v622f6dsmhu3b47u')
2026-02-25T10:03:04Z WARNING bsky_collector_v2.job.index_feed_generators: listRecords failed repo=did:plc:qzlevwf2vkdnu2u5ww3jytvs err=HttpError('InvalidRequest: Could not find repo: did:plc:qzlevwf2vkdnu2u5ww3jytvs')
2026-02-25T10:03:04Z WARNING bsky_collector_v2.job.index_feed_generators: listRecords failed repo=did:plc:r4owct5gdws7wfge2jwdnjah err=HttpError('InvalidRequest: Could not find repo: did:plc:r4owct5gdws7wfge2jwdnjah')
2026-02-25T10:03:04Z WARNING bsky_collector_v2.job.index_feed_generators: listRecords failed repo=did:plc:s76si3rsl34tgvya7appi2q2 err=HttpError('InvalidRequest: Could not find repo: did:plc:s76si3rsl34tgvya7appi2q2')
2026-02-25T10:03:04Z WARNING bsky_collector_v2.job.index_feed_generators: listRecords failed repo=did:plc:sojtdwnftirbwakxhxl2xbdr err=HttpError('InvalidRequest: Could not find repo: did:plc:sojtdwnftirbwakxhxl2xbdr')
2026-02-25T10:03:04Z WARNING bsky_collector_v2.job.index_feed_generators: listRecords failed repo=did:plc:sotqy2pxjm6caws3ddhi3hdq err=HttpError('InvalidRequest: Could not find repo: did:plc:sotqy2pxjm6caws3ddhi3hdq')
2026-02-25T10:03:04Z WARNING bsky_collector_v2.job.index_feed_generators: listRecords failed repo=did:plc:v65gbbjhb6ijuud4dteyyozh err=HttpError('InvalidRequest: Could not find repo: did:plc:v65gbbjhb6ijuud4dteyyozh')
2026-02-25T10:03:05Z WARNING bsky_collector_v2.job.index_feed_generators: listRecords failed repo=did:plc:vk5s3ixl7dxbguzirow6k465 err=HttpError('InvalidRequest: Could not find repo: did:plc:vk5s3ixl7dxbguzirow6k465')
2026-02-25T10:03:05Z WARNING bsky_collector_v2.job.index_feed_generators: listRecords failed repo=did:plc:whysiwwxxq7c7wsh64rnsmhp err=HttpError('InvalidRequest: Could not find repo: did:plc:whysiwwxxq7c7wsh64rnsmhp')
2026-02-25T10:03:05Z WARNING bsky_collector_v2.job.index_feed_generators: listRecords failed repo=did:plc:xtmrdk6docyiyhfjaseku2r7 err=HttpError('InvalidRequest: Could not find repo: did:plc:xtmrdk6docyiyhfjaseku2r7')
2026-02-25T10:03:05Z WARNING bsky_collector_v2.job.index_feed_generators: listRecords failed repo=did:plc:xy2gkqxcbtior2yspzoymqld err=HttpError('InvalidRequest: Could not find repo: did:plc:xy2gkqxcbtior2yspzoymqld')
2026-02-25T10:03:05Z WARNING bsky_collector_v2.job.index_feed_generators: listRecords failed repo=did:plc:ztowliscqq4nqsehamjasrow err=HttpError('InvalidRequest: Could not find repo: did:plc:ztowliscqq4nqsehamjasrow')
2026-02-25T10:03:05Z WARNING bsky_collector_v2.job.index_feed_generators: listRecords failed repo=did:plc:3ki5zf4meexonzjl6fxnj2lx err=HttpError('InvalidRequest: Could not find repo: did:plc:3ki5zf4meexonzjl6fxnj2lx')
2026-02-25T10:03:06Z WARNING bsky_collector_v2.job.index_feed_generators: listRecords failed repo=did:plc:6itfvsmtfpkvvxnznz23c6ua err=HttpError('InvalidRequest: Could not find repo: did:plc:6itfvsmtfpkvvxnznz23c6ua')
2026-02-25T10:03:06Z WARNING bsky_collector_v2.job.index_feed_generators: listRecords failed repo=did:plc:egbamyiqdek4fychdmhbs5ic err=HttpError('InvalidRequest: Could not find repo: did:plc:egbamyiqdek4fychdmhbs5ic')
2026-02-25T10:03:06Z WARNING bsky_collector_v2.job.index_feed_generators: listRecords failed repo=did:plc:frs3xxlan2nb3z4jphtlasm2 err=HttpError('InvalidRequest: Could not find repo: did:plc:frs3xxlan2nb3z4jphtlasm2')
2026-02-25T10:03:06Z WARNING bsky_collector_v2.job.index_feed_generators: listRecords failed repo=did:plc:h2vl6buvjml26ewmlpjdwr43 err=HttpError('InvalidRequest: Could not find repo: did:plc:h2vl6buvjml26ewmlpjdwr43')
2026-02-25T10:03:07Z WARNING bsky_collector_v2.job.index_feed_generators: listRecords failed repo=did:plc:ic3tralsm7myo7dvciysxvmm err=HttpError('InvalidRequest: Could not find repo: did:plc:ic3tralsm7myo7dvciysxvmm')
2026-02-25T10:03:07Z WARNING bsky_collector_v2.job.index_feed_generators: listRecords failed repo=did:plc:iwvsg6d62a6hwrrp67ysaskg err=HttpError('InvalidRequest: Could not find repo: did:plc:iwvsg6d62a6hwrrp67ysaskg')
2026-02-25T10:03:07Z WARNING bsky_collector_v2.job.index_feed_generators: listRecords failed repo=did:plc:jnwgcnl67df2vj3vtdrgr752 err=HttpError('InvalidRequest: Could not find repo: did:plc:jnwgcnl67df2vj3vtdrgr752')
2026-02-25T10:03:07Z WARNING bsky_collector_v2.job.index_feed_generators: listRecords failed repo=did:plc:jpvlogu5fk4scwobjmpxk6eb err=HttpError('InvalidRequest: Could not find repo: did:plc:jpvlogu5fk4scwobjmpxk6eb')
2026-02-25T10:03:07Z WARNING bsky_collector_v2.job.index_feed_generators: listRecords failed repo=did:plc:kidk4n6e4u2k23o5dyvjrc5f err=HttpError('InvalidRequest: Could not find repo: did:plc:kidk4n6e4u2k23o5dyvjrc5f')
2026-02-25T10:03:08Z WARNING bsky_collector_v2.job.index_feed_generators: listRecords failed repo=did:plc:lmix3fzj34dxazttl4lmn2iz err=HttpError('InvalidRequest: Could not find repo: did:plc:lmix3fzj34dxazttl4lmn2iz')
2026-02-25T10:03:08Z WARNING bsky_collector_v2.job.index_feed_generators: listRecords failed repo=did:plc:lxjsxvevmsmyphrnh7thxqdo err=HttpError('InvalidRequest: Could not find repo: did:plc:lxjsxvevmsmyphrnh7thxqdo')
2026-02-25T10:03:08Z WARNING bsky_collector_v2.job.index_feed_generators: listRecords failed repo=did:plc:mgofarrxvettfepelxool3lu err=HttpError('InvalidRequest: Could not find repo: did:plc:mgofarrxvettfepelxool3lu')
2026-02-25T10:03:08Z WARNING bsky_collector_v2.job.index_feed_generators: listRecords failed repo=did:plc:nityszfmfzbcq6xkehldluu2 err=HttpError('InvalidRequest: Could not find repo: did:plc:nityszfmfzbcq6xkehldluu2')
2026-02-25T10:03:08Z WARNING bsky_collector_v2.job.index_feed_generators: listRecords failed repo=did:plc:nlgpfcts5syx5msnqkxhrkk7 err=HttpError('InvalidRequest: Could not find repo: did:plc:nlgpfcts5syx5msnqkxhrkk7')
2026-02-25T10:03:08Z WARNING bsky_collector_v2.job.index_feed_generators: listRecords failed repo=did:plc:nmoypmi46owdnghs3pq3xysh err=HttpError('InvalidRequest: Could not find repo: did:plc:nmoypmi46owdnghs3pq3xysh')
2026-02-25T10:03:08Z WARNING bsky_collector_v2.job.index_feed_generators: listRecords failed repo=did:plc:oqikwm7u42e7k7p4fsnptfjv err=HttpError('InvalidRequest: Could not find repo: did:plc:oqikwm7u42e7k7p4fsnptfjv')
2026-02-25T10:03:08Z WARNING bsky_collector_v2.job.index_feed_generators: listRecords failed repo=did:plc:ow7eoib2e2sj4cjlxatoh4kj err=HttpError('InvalidRequest: Could not find repo: did:plc:ow7eoib2e2sj4cjlxatoh4kj')
2026-02-25T10:03:08Z WARNING bsky_collector_v2.job.index_feed_generators: listRecords failed repo=did:plc:p2d7tkmzqpt4gqks2x2apwwk err=HttpError('InvalidRequest: Could not find repo: did:plc:p2d7tkmzqpt4gqks2x2apwwk')
2026-02-25T10:03:09Z WARNING bsky_collector_v2.job.index_feed_generators: listRecords failed repo=did:plc:p7a2wzxz6mfjxf4wzxlz6sko err=HttpError('InvalidRequest: Could not find repo: did:plc:p7a2wzxz6mfjxf4wzxlz6sko')
2026-02-25T10:03:09Z WARNING bsky_collector_v2.job.index_feed_generators: listRecords failed repo=did:plc:q4wazv76v622f6dsmhu3b47u err=HttpError('InvalidRequest: Could not find repo: did:plc:q4wazv76v622f6dsmhu3b47u')
2026-02-25T10:03:09Z WARNING bsky_collector_v2.job.index_feed_generators: listRecords failed repo=did:plc:qzlevwf2vkdnu2u5ww3jytvs err=HttpError('InvalidRequest: Could not find repo: did:plc:qzlevwf2vkdnu2u5ww3jytvs')
2026-02-25T10:03:09Z WARNING bsky_collector_v2.job.index_feed_generators: listRecords failed repo=did:plc:r4owct5gdws7wfge2jwdnjah err=HttpError('InvalidRequest: Could not find repo: did:plc:r4owct5gdws7wfge2jwdnjah')
2026-02-25T10:03:09Z WARNING bsky_collector_v2.job.index_feed_generators: listRecords failed repo=did:plc:s76si3rsl34tgvya7appi2q2 err=HttpError('InvalidRequest: Could not find repo: did:plc:s76si3rsl34tgvya7appi2q2')
2026-02-25T10:03:09Z WARNING bsky_collector_v2.job.index_feed_generators: listRecords failed repo=did:plc:sojtdwnftirbwakxhxl2xbdr err=HttpError('InvalidRequest: Could not find repo: did:plc:sojtdwnftirbwakxhxl2xbdr')
2026-02-25T10:03:09Z WARNING bsky_collector_v2.job.index_feed_generators: listRecords failed repo=did:plc:sotqy2pxjm6caws3ddhi3hdq err=HttpError('InvalidRequest: Could not find repo: did:plc:sotqy2pxjm6caws3ddhi3hdq')
2026-02-25T10:03:09Z WARNING bsky_collector_v2.job.index_feed_generators: listRecords failed repo=did:plc:v65gbbjhb6ijuud4dteyyozh err=HttpError('InvalidRequest: Could not find repo: did:plc:v65gbbjhb6ijuud4dteyyozh')
2026-02-25T10:03:10Z WARNING bsky_collector_v2.job.index_feed_generators: listRecords failed repo=did:plc:vk5s3ixl7dxbguzirow6k465 err=HttpError('InvalidRequest: Could not find repo: did:plc:vk5s3ixl7dxbguzirow6k465')
2026-02-25T10:03:10Z WARNING bsky_collector_v2.job.index_feed_generators: listRecords failed repo=did:plc:whysiwwxxq7c7wsh64rnsmhp err=HttpError('InvalidRequest: Could not find repo: did:plc:whysiwwxxq7c7wsh64rnsmhp')
2026-02-25T10:03:10Z WARNING bsky_collector_v2.job.index_feed_generators: listRecords failed repo=did:plc:xtmrdk6docyiyhfjaseku2r7 err=HttpError('InvalidRequest: Could not find repo: did:plc:xtmrdk6docyiyhfjaseku2r7')
2026-02-25T10:03:10Z WARNING bsky_collector_v2.job.index_feed_generators: listRecords failed repo=did:plc:xy2gkqxcbtior2yspzoymqld err=HttpError('InvalidRequest: Could not find repo: did:plc:xy2gkqxcbtior2yspzoymqld')
2026-02-25T10:03:10Z WARNING bsky_collector_v2.job.index_feed_generators: listRecords failed repo=did:plc:ztowliscqq4nqsehamjasrow err=HttpError('InvalidRequest: Could not find repo: did:plc:ztowliscqq4nqsehamjasrow')
2026-02-25T10:03:10Z INFO bsky_collector_v2.job.index_feed_generators: enqueued repos page=30 mode=listRepos inserted=500 repos_returned=500 next_cursor=set
2026-02-25T10:03:14Z WARNING bsky_collector_v2.job.index_feed_generators: listRecords failed repo=did:plc:33sxhzfd6nwhxkqp5mykjp7f err=HttpError('InvalidRequest: Could not find repo: did:plc:33sxhzfd6nwhxkqp5mykjp7f')
2026-02-25T10:03:15Z WARNING bsky_collector_v2.job.index_feed_generators: listRecords failed repo=did:plc:37527uck3n6rjxrrjgdc3mwj err=HttpError('InvalidRequest: Could not find repo: did:plc:37527uck3n6rjxrrjgdc3mwj')
2026-02-25T10:03:16Z WARNING bsky_collector_v2.job.index_feed_generators: listRecords failed repo=did:plc:3i4vx2zjyxznn2taxvfl5xqk err=HttpError('InvalidRequest: Could not find repo: did:plc:3i4vx2zjyxznn2taxvfl5xqk')
2026-02-25T10:03:16Z WARNING bsky_collector_v2.job.index_feed_generators: listRecords failed repo=did:plc:3j7hpepucn45tlrcuwcc3bs3 err=HttpError('InvalidRequest: Could not find repo: did:plc:3j7hpepucn45tlrcuwcc3bs3')
2026-02-25T10:03:17Z WARNING bsky_collector_v2.job.index_feed_generators: listRecords failed repo=did:plc:3rapywgsefkbnrs5rm4i2xny err=HttpError('InvalidRequest: Could not find repo: did:plc:3rapywgsefkbnrs5rm4i2xny')
2026-02-25T10:03:21Z WARNING bsky_collector_v2.job.index_feed_generators: listRecords failed repo=did:plc:4emrcco7ywhzzyvyjv35nxhz err=HttpError('InvalidRequest: Could not find repo: did:plc:4emrcco7ywhzzyvyjv35nxhz')
2026-02-25T10:03:21Z WARNING bsky_collector_v2.job.index_feed_generators: listRecords failed repo=did:plc:4isilfgktdgt2i6nrcfaayxy err=HttpError('InvalidRequest: Could not find repo: did:plc:4isilfgktdgt2i6nrcfaayxy')
2026-02-25T10:03:23Z WARNING bsky_collector_v2.job.index_feed_generators: listRecords failed repo=did:plc:54b22kgpltw6tehncvzspvmp err=HttpError('InvalidRequest: Could not find repo: did:plc:54b22kgpltw6tehncvzspvmp')
2026-02-25T10:03:23Z WARNING bsky_collector_v2.job.index_feed_generators: listRecords failed repo=did:plc:5dckjzcs4gt6xfvcnnkoagcq err=HttpError('InvalidRequest: Could not find repo: did:plc:5dckjzcs4gt6xfvcnnkoagcq')
2026-02-25T10:03:24Z WARNING bsky_collector_v2.job.index_feed_generators: listRecords failed repo=did:plc:5obaobw5xlyvdzhzdfftdekw err=HttpError('InvalidRequest: Could not find repo: did:plc:5obaobw5xlyvdzhzdfftdekw')
2026-02-25T10:03:28Z WARNING bsky_collector_v2.job.index_feed_generators: listRecords failed repo=did:plc:ad3jckwif5h4skyriyebsaro err=HttpError('InvalidRequest: Could not find repo: did:plc:ad3jckwif5h4skyriyebsaro')
2026-02-25T10:03:29Z WARNING bsky_collector_v2.job.index_feed_generators: listRecords failed repo=did:plc:anxplrujaug3vooylay6ople err=HttpError('InvalidRequest: Could not find repo: did:plc:anxplrujaug3vooylay6ople')
2026-02-25T10:03:30Z WARNING bsky_collector_v2.job.index_feed_generators: listRecords failed repo=did:plc:ao373xgrbrxza6mrckyei2z5 err=HttpError('InvalidRequest: Could not find repo: did:plc:ao373xgrbrxza6mrckyei2z5')
2026-02-25T10:03:33Z WARNING bsky_collector_v2.job.index_feed_generators: listRecords failed repo=did:plc:bpsbzik5dtrilux4u7yrpbwz err=HttpError('InvalidRequest: Could not find repo: did:plc:bpsbzik5dtrilux4u7yrpbwz')
2026-02-25T10:03:38Z WARNING bsky_collector_v2.job.index_feed_generators: listRecords failed repo=did:plc:d4v35katf6ynzjyme5izbfef err=HttpError('InvalidRequest: Could not find repo: did:plc:d4v35katf6ynzjyme5izbfef')
2026-02-25T10:03:39Z WARNING bsky_collector_v2.job.index_feed_generators: listRecords failed repo=did:plc:dkceog3eszizdfhebihtifkc err=HttpError('InvalidRequest: Could not find repo: did:plc:dkceog3eszizdfhebihtifkc')
2026-02-25T10:03:43Z WARNING bsky_collector_v2.job.index_feed_generators: listRecords failed repo=did:plc:epwgpejkgkfpa7lqgiwkcmtg err=HttpError('InvalidRequest: Could not find repo: did:plc:epwgpejkgkfpa7lqgiwkcmtg')
2026-02-25T10:03:43Z WARNING bsky_collector_v2.job.index_feed_generators: listRecords failed repo=did:plc:esubjnze6soyikntxfj267zo err=HttpError('InvalidRequest: Could not find repo: did:plc:esubjnze6soyikntxfj267zo')
2026-02-25T10:03:48Z WARNING bsky_collector_v2.job.index_feed_generators: listRecords failed repo=did:plc:gesaxrdquioxgbfvi4m4f3rk err=HttpError('InvalidRequest: Could not find repo: did:plc:gesaxrdquioxgbfvi4m4f3rk')
2026-02-25T10:03:48Z WARNING bsky_collector_v2.job.index_feed_generators: listRecords failed repo=did:plc:gjxgxtmx2yo3mtmcmusabq3a err=HttpError('InvalidRequest: Could not find repo: did:plc:gjxgxtmx2yo3mtmcmusabq3a')
2026-02-25T10:03:50Z WARNING bsky_collector_v2.job.index_feed_generators: listRecords failed repo=did:plc:gxq7zsqw3gwju6rjo5jxo67m err=HttpError('InvalidRequest: Could not find repo: did:plc:gxq7zsqw3gwju6rjo5jxo67m')
2026-02-25T10:03:51Z WARNING bsky_collector_v2.job.index_feed_generators: listRecords failed repo=did:plc:h5aoxual3zlxk4oiwtrd5lyb err=HttpError('InvalidRequest: Could not find repo: did:plc:h5aoxual3zlxk4oiwtrd5lyb')
2026-02-25T10:03:53Z WARNING bsky_collector_v2.job.index_feed_generators: listRecords failed repo=did:plc:hozq4vgmquqg2plw7y4p2rar err=HttpError('InvalidRequest: Could not find repo: did:plc:hozq4vgmquqg2plw7y4p2rar')
2026-02-25T10:03:54Z WARNING bsky_collector_v2.job.index_feed_generators: listRecords failed repo=did:plc:htm5flk4ux233icmzv42hszg err=HttpError('InvalidRequest: Could not find repo: did:plc:htm5flk4ux233icmzv42hszg')
2026-02-25T10:03:55Z WARNING bsky_collector_v2.job.index_feed_generators: listRecords failed repo=did:plc:ihog6dlsw6jqmtqjb2bkm6me err=HttpError('InvalidRequest: Could not find repo: did:plc:ihog6dlsw6jqmtqjb2bkm6me')
2026-02-25T10:03:58Z WARNING bsky_collector_v2.job.index_feed_generators: listRecords failed repo=did:plc:jg4upyvt6mmd466i3kcrsgun err=HttpError('InvalidRequest: Could not find repo: did:plc:jg4upyvt6mmd466i3kcrsgun')
2026-02-25T10:03:59Z WARNING bsky_collector_v2.job.index_feed_generators: listRecords failed repo=did:plc:jlgz3uwav4vc5cyalc7a53os err=HttpError('InvalidRequest: Could not find repo: did:plc:jlgz3uwav4vc5cyalc7a53os')
2026-02-25T10:04:01Z WARNING bsky_collector_v2.job.index_feed_generators: listRecords failed repo=did:plc:kcucyqlrv3zvvbyxw4vdqos4 err=HttpError('InvalidRequest: Could not find repo: did:plc:kcucyqlrv3zvvbyxw4vdqos4')
2026-02-25T10:04:01Z WARNING bsky_collector_v2.job.index_feed_generators: listRecords failed repo=did:plc:kcxqk7hascabdraw3d7huh4j err=HttpError('InvalidRequest: Could not find repo: did:plc:kcxqk7hascabdraw3d7huh4j')
2026-02-25T10:04:01Z WARNING bsky_collector_v2.job.index_feed_generators: listRecords failed repo=did:plc:kdbrj2dmnoo4ebqxxp2agxjw err=HttpError('InvalidRequest: Could not find repo: did:plc:kdbrj2dmnoo4ebqxxp2agxjw')
2026-02-25T10:04:02Z WARNING bsky_collector_v2.job.index_feed_generators: listRecords failed repo=did:plc:kwoosysb3ly7ualy2v5uqkbj err=HttpError('InvalidRequest: Could not find repo: did:plc:kwoosysb3ly7ualy2v5uqkbj')
2026-02-25T10:04:03Z WARNING bsky_collector_v2.job.index_feed_generators: listRecords failed repo=did:plc:l36rl6y2kedoiiy2jjp5ruba err=HttpError('InvalidRequest: Could not find repo: did:plc:l36rl6y2kedoiiy2jjp5ruba')
2026-02-25T10:04:03Z WARNING bsky_collector_v2.job.index_feed_generators: listRecords failed repo=did:plc:laqiuhtlopcjplvhssldglao err=HttpError('InvalidRequest: Could not find repo: did:plc:laqiuhtlopcjplvhssldglao')
2026-02-25T10:04:03Z WARNING bsky_collector_v2.job.index_feed_generators: listRecords failed repo=did:plc:lcjwfocp2zyd54a7qz5kmkkc err=HttpError('InvalidRequest: Could not find repo: did:plc:lcjwfocp2zyd54a7qz5kmkkc')
2026-02-25T10:04:04Z WARNING bsky_collector_v2.job.index_feed_generators: listRecords failed repo=did:plc:lnuuyvoqsyenmebaxzvl7dh3 err=HttpError('InvalidRequest: Could not find repo: did:plc:lnuuyvoqsyenmebaxzvl7dh3')
2026-02-25T10:04:06Z WARNING bsky_collector_v2.job.index_feed_generators: listRecords failed repo=did:plc:mb5bjheormxu3is7ute2b5zz err=HttpError('InvalidRequest: Could not find repo: did:plc:mb5bjheormxu3is7ute2b5zz')
2026-02-25T10:04:06Z WARNING bsky_collector_v2.job.index_feed_generators: listRecords failed repo=did:plc:mbihjcrilucgdrpjghkzhcif err=HttpError('InvalidRequest: Could not find repo: did:plc:mbihjcrilucgdrpjghkzhcif')
2026-02-25T10:04:07Z WARNING bsky_collector_v2.job.index_feed_generators: listRecords failed repo=did:plc:mjsez3iezvnqxykykrr6rdrv err=HttpError('InvalidRequest: Could not find repo: did:plc:mjsez3iezvnqxykykrr6rdrv')
2026-02-25T10:04:08Z WARNING bsky_collector_v2.job.index_feed_generators: listRecords failed repo=did:plc:msnbyzetlw3t7tt667q5j5lm err=HttpError('InvalidRequest: Could not find repo: did:plc:msnbyzetlw3t7tt667q5j5lm')
2026-02-25T10:04:08Z WARNING bsky_collector_v2.job.index_feed_generators: listRecords failed repo=did:plc:mtbuzmps7owafddm7a47trw4 err=HttpError('InvalidRequest: Could not find repo: did:plc:mtbuzmps7owafddm7a47trw4')
2026-02-25T10:04:08Z WARNING bsky_collector_v2.job.index_feed_generators: listRecords failed repo=did:plc:n2er2pwriikak6sjiwrpn45t err=HttpError('InvalidRequest: Could not find repo: did:plc:n2er2pwriikak6sjiwrpn45t')
2026-02-25T10:04:10Z WARNING bsky_collector_v2.job.index_feed_generators: listRecords failed repo=did:plc:nqqglmnzzyegpcq5fb2nvkb2 err=HttpError('InvalidRequest: Could not find repo: did:plc:nqqglmnzzyegpcq5fb2nvkb2')
2026-02-25T10:04:11Z WARNING bsky_collector_v2.job.index_feed_generators: listRecords failed repo=did:plc:o4q75flb7k2b5cxtn7kvjikp err=HttpError('InvalidRequest: Could not find repo: did:plc:o4q75flb7k2b5cxtn7kvjikp')
2026-02-25T10:04:14Z WARNING bsky_collector_v2.job.index_feed_generators: listRecords failed repo=did:plc:ppasjihmpmee6isaowzviqsk err=HttpError('InvalidRequest: Could not find repo: did:plc:ppasjihmpmee6isaowzviqsk')
2026-02-25T10:04:15Z WARNING bsky_collector_v2.job.index_feed_generators: listRecords failed repo=did:plc:pqcmnko5qbjwmbjsmgw56ocb err=HttpError('InvalidRequest: Could not find repo: did:plc:pqcmnko5qbjwmbjsmgw56ocb')
2026-02-25T10:04:19Z WARNING bsky_collector_v2.job.index_feed_generators: listRecords failed repo=did:plc:qxrk2cibkup6td2c6kiqim5h err=HttpError('InvalidRequest: Could not find repo: did:plc:qxrk2cibkup6td2c6kiqim5h')
2026-02-25T10:04:20Z WARNING bsky_collector_v2.job.index_feed_generators: listRecords failed repo=did:plc:rjkrti3vvs5kgfsxutblrw3v err=HttpError('InvalidRequest: Could not find repo: did:plc:rjkrti3vvs5kgfsxutblrw3v')
2026-02-25T10:04:24Z WARNING bsky_collector_v2.job.index_feed_generators: listRecords failed repo=did:plc:smh7ss4hsyn7663nrlzevxre err=HttpError('InvalidRequest: Could not find repo: did:plc:smh7ss4hsyn7663nrlzevxre')
2026-02-25T10:04:26Z WARNING bsky_collector_v2.job.index_feed_generators: listRecords failed repo=did:plc:sysxgi7passtezhtwbwhoagz err=HttpError('InvalidRequest: Could not find repo: did:plc:sysxgi7passtezhtwbwhoagz')
2026-02-25T10:04:31Z WARNING bsky_collector_v2.job.index_feed_generators: listRecords failed repo=did:plc:uryu4ih4gtoxym6t4rwkwf5u err=HttpError('InvalidRequest: Could not find repo: did:plc:uryu4ih4gtoxym6t4rwkwf5u')
2026-02-25T10:04:35Z WARNING bsky_collector_v2.job.index_feed_generators: listRecords failed repo=did:plc:vwosr4qnxvlowvfwlp53jwru err=HttpError('InvalidRequest: Could not find repo: did:plc:vwosr4qnxvlowvfwlp53jwru')
2026-02-25T10:04:35Z WARNING bsky_collector_v2.job.index_feed_generators: listRecords failed repo=did:plc:vz2oj37d2ernqgpmxnrsjhln err=HttpError('InvalidRequest: Could not find repo: did:plc:vz2oj37d2ernqgpmxnrsjhln')
2026-02-25T10:04:37Z WARNING bsky_collector_v2.job.index_feed_generators: listRecords failed repo=did:plc:wejqci32mqe2oyeukguk62m7 err=HttpError('InvalidRequest: Could not find repo: did:plc:wejqci32mqe2oyeukguk62m7')
2026-02-25T10:04:38Z WARNING bsky_collector_v2.job.index_feed_generators: listRecords failed repo=did:plc:wl2wyj7clhyvbyvucthqjiee err=HttpError('InvalidRequest: Could not find repo: did:plc:wl2wyj7clhyvbyvucthqjiee')
2026-02-25T10:04:38Z WARNING bsky_collector_v2.job.index_feed_generators: listRecords failed repo=did:plc:wwudqneqm2qdwn7p4porqf6c err=HttpError('InvalidRequest: Could not find repo: did:plc:wwudqneqm2qdwn7p4porqf6c')
2026-02-25T10:04:40Z WARNING bsky_collector_v2.job.index_feed_generators: listRecords failed repo=did:plc:xrylbgdyli4ichgjdkjqelrq err=HttpError('InvalidRequest: Could not find repo: did:plc:xrylbgdyli4ichgjdkjqelrq')
2026-02-25T10:04:51Z WARNING bsky_collector_v2.job.index_feed_generators: listRecords failed repo=did:plc:zp4uoivsc64vjk4g5dgn3xfg err=HttpError('InvalidRequest: Could not find repo: did:plc:zp4uoivsc64vjk4g5dgn3xfg')
2026-02-25T10:04:52Z WARNING bsky_collector_v2.job.index_feed_generators: listRecords failed repo=did:plc:33sxhzfd6nwhxkqp5mykjp7f err=HttpError('InvalidRequest: Could not find repo: did:plc:33sxhzfd6nwhxkqp5mykjp7f')
2026-02-25T10:04:52Z WARNING bsky_collector_v2.job.index_feed_generators: listRecords failed repo=did:plc:37527uck3n6rjxrrjgdc3mwj err=HttpError('InvalidRequest: Could not find repo: did:plc:37527uck3n6rjxrrjgdc3mwj')
2026-02-25T10:04:52Z WARNING bsky_collector_v2.job.index_feed_generators: listRecords failed repo=did:plc:3i4vx2zjyxznn2taxvfl5xqk err=HttpError('InvalidRequest: Could not find repo: did:plc:3i4vx2zjyxznn2taxvfl5xqk')
2026-02-25T10:04:52Z WARNING bsky_collector_v2.job.index_feed_generators: listRecords failed repo=did:plc:3j7hpepucn45tlrcuwcc3bs3 err=HttpError('InvalidRequest: Could not find repo: did:plc:3j7hpepucn45tlrcuwcc3bs3')
2026-02-25T10:04:53Z WARNING bsky_collector_v2.job.index_feed_generators: listRecords failed repo=did:plc:3rapywgsefkbnrs5rm4i2xny err=HttpError('InvalidRequest: Could not find repo: did:plc:3rapywgsefkbnrs5rm4i2xny')
2026-02-25T10:04:53Z WARNING bsky_collector_v2.job.index_feed_generators: listRecords failed repo=did:plc:4emrcco7ywhzzyvyjv35nxhz err=HttpError('InvalidRequest: Could not find repo: did:plc:4emrcco7ywhzzyvyjv35nxhz')
2026-02-25T10:04:53Z WARNING bsky_collector_v2.job.index_feed_generators: listRecords failed repo=did:plc:4isilfgktdgt2i6nrcfaayxy err=HttpError('InvalidRequest: Could not find repo: did:plc:4isilfgktdgt2i6nrcfaayxy')
2026-02-25T10:04:53Z WARNING bsky_collector_v2.job.index_feed_generators: listRecords failed repo=did:plc:54b22kgpltw6tehncvzspvmp err=HttpError('InvalidRequest: Could not find repo: did:plc:54b22kgpltw6tehncvzspvmp')
2026-02-25T10:04:53Z WARNING bsky_collector_v2.job.index_feed_generators: listRecords failed repo=did:plc:5dckjzcs4gt6xfvcnnkoagcq err=HttpError('InvalidRequest: Could not find repo: did:plc:5dckjzcs4gt6xfvcnnkoagcq')
2026-02-25T10:04:54Z WARNING bsky_collector_v2.job.index_feed_generators: listRecords failed repo=did:plc:5obaobw5xlyvdzhzdfftdekw err=HttpError('InvalidRequest: Could not find repo: did:plc:5obaobw5xlyvdzhzdfftdekw')
2026-02-25T10:04:54Z WARNING bsky_collector_v2.job.index_feed_generators: listRecords failed repo=did:plc:ad3jckwif5h4skyriyebsaro err=HttpError('InvalidRequest: Could not find repo: did:plc:ad3jckwif5h4skyriyebsaro')
2026-02-25T10:04:54Z WARNING bsky_collector_v2.job.index_feed_generators: listRecords failed repo=did:plc:anxplrujaug3vooylay6ople err=HttpError('InvalidRequest: Could not find repo: did:plc:anxplrujaug3vooylay6ople')
2026-02-25T10:04:54Z WARNING bsky_collector_v2.job.index_feed_generators: listRecords failed repo=did:plc:ao373xgrbrxza6mrckyei2z5 err=HttpError('InvalidRequest: Could not find repo: did:plc:ao373xgrbrxza6mrckyei2z5')
2026-02-25T10:04:54Z WARNING bsky_collector_v2.job.index_feed_generators: listRecords failed repo=did:plc:bpsbzik5dtrilux4u7yrpbwz err=HttpError('InvalidRequest: Could not find repo: did:plc:bpsbzik5dtrilux4u7yrpbwz')
2026-02-25T10:04:55Z WARNING bsky_collector_v2.job.index_feed_generators: listRecords failed repo=did:plc:d4v35katf6ynzjyme5izbfef err=HttpError('InvalidRequest: Could not find repo: did:plc:d4v35katf6ynzjyme5izbfef')
2026-02-25T10:04:55Z WARNING bsky_collector_v2.job.index_feed_generators: listRecords failed repo=did:plc:dkceog3eszizdfhebihtifkc err=HttpError('InvalidRequest: Could not find repo: did:plc:dkceog3eszizdfhebihtifkc')
2026-02-25T10:04:55Z WARNING bsky_collector_v2.job.index_feed_generators: listRecords failed repo=did:plc:epwgpejkgkfpa7lqgiwkcmtg err=HttpError('InvalidRequest: Could not find repo: did:plc:epwgpejkgkfpa7lqgiwkcmtg')
2026-02-25T10:04:55Z WARNING bsky_collector_v2.job.index_feed_generators: listRecords failed repo=did:plc:esubjnze6soyikntxfj267zo err=HttpError('InvalidRequest: Could not find repo: did:plc:esubjnze6soyikntxfj267zo')
2026-02-25T10:04:55Z WARNING bsky_collector_v2.job.index_feed_generators: listRecords failed repo=did:plc:gesaxrdquioxgbfvi4m4f3rk err=HttpError('InvalidRequest: Could not find repo: did:plc:gesaxrdquioxgbfvi4m4f3rk')
2026-02-25T10:04:55Z WARNING bsky_collector_v2.job.index_feed_generators: listRecords failed repo=did:plc:gjxgxtmx2yo3mtmcmusabq3a err=HttpError('InvalidRequest: Could not find repo: did:plc:gjxgxtmx2yo3mtmcmusabq3a')
2026-02-25T10:04:56Z WARNING bsky_collector_v2.job.index_feed_generators: listRecords failed repo=did:plc:gxq7zsqw3gwju6rjo5jxo67m err=HttpError('InvalidRequest: Could not find repo: did:plc:gxq7zsqw3gwju6rjo5jxo67m')
2026-02-25T10:04:56Z WARNING bsky_collector_v2.job.index_feed_generators: listRecords failed repo=did:plc:h5aoxual3zlxk4oiwtrd5lyb err=HttpError('InvalidRequest: Could not find repo: did:plc:h5aoxual3zlxk4oiwtrd5lyb')
2026-02-25T10:04:56Z WARNING bsky_collector_v2.job.index_feed_generators: listRecords failed repo=did:plc:hozq4vgmquqg2plw7y4p2rar err=HttpError('InvalidRequest: Could not find repo: did:plc:hozq4vgmquqg2plw7y4p2rar')
2026-02-25T10:04:56Z WARNING bsky_collector_v2.job.index_feed_generators: listRecords failed repo=did:plc:htm5flk4ux233icmzv42hszg err=HttpError('InvalidRequest: Could not find repo: did:plc:htm5flk4ux233icmzv42hszg')
2026-02-25T10:04:56Z WARNING bsky_collector_v2.job.index_feed_generators: listRecords failed repo=did:plc:ihog6dlsw6jqmtqjb2bkm6me err=HttpError('InvalidRequest: Could not find repo: did:plc:ihog6dlsw6jqmtqjb2bkm6me')
2026-02-25T10:04:56Z WARNING bsky_collector_v2.job.index_feed_generators: listRecords failed repo=did:plc:jg4upyvt6mmd466i3kcrsgun err=HttpError('InvalidRequest: Could not find repo: did:plc:jg4upyvt6mmd466i3kcrsgun')
2026-02-25T10:04:57Z WARNING bsky_collector_v2.job.index_feed_generators: listRecords failed repo=did:plc:jlgz3uwav4vc5cyalc7a53os err=HttpError('InvalidRequest: Could not find repo: did:plc:jlgz3uwav4vc5cyalc7a53os')
2026-02-25T10:04:57Z WARNING bsky_collector_v2.job.index_feed_generators: listRecords failed repo=did:plc:kcucyqlrv3zvvbyxw4vdqos4 err=HttpError('InvalidRequest: Could not find repo: did:plc:kcucyqlrv3zvvbyxw4vdqos4')
2026-02-25T10:04:57Z WARNING bsky_collector_v2.job.index_feed_generators: listRecords failed repo=did:plc:kcxqk7hascabdraw3d7huh4j err=HttpError('InvalidRequest: Could not find repo: did:plc:kcxqk7hascabdraw3d7huh4j')
2026-02-25T10:04:57Z WARNING bsky_collector_v2.job.index_feed_generators: listRecords failed repo=did:plc:kdbrj2dmnoo4ebqxxp2agxjw err=HttpError('InvalidRequest: Could not find repo: did:plc:kdbrj2dmnoo4ebqxxp2agxjw')
2026-02-25T10:04:57Z WARNING bsky_collector_v2.job.index_feed_generators: listRecords failed repo=did:plc:kwoosysb3ly7ualy2v5uqkbj err=HttpError('InvalidRequest: Could not find repo: did:plc:kwoosysb3ly7ualy2v5uqkbj')
2026-02-25T10:04:58Z WARNING bsky_collector_v2.job.index_feed_generators: listRecords failed repo=did:plc:l36rl6y2kedoiiy2jjp5ruba err=HttpError('InvalidRequest: Could not find repo: did:plc:l36rl6y2kedoiiy2jjp5ruba')
2026-02-25T10:04:58Z WARNING bsky_collector_v2.job.index_feed_generators: listRecords failed repo=did:plc:laqiuhtlopcjplvhssldglao err=HttpError('InvalidRequest: Could not find repo: did:plc:laqiuhtlopcjplvhssldglao')
2026-02-25T10:04:58Z WARNING bsky_collector_v2.job.index_feed_generators: listRecords failed repo=did:plc:lcjwfocp2zyd54a7qz5kmkkc err=HttpError('InvalidRequest: Could not find repo: did:plc:lcjwfocp2zyd54a7qz5kmkkc')
2026-02-25T10:04:58Z WARNING bsky_collector_v2.job.index_feed_generators: listRecords failed repo=did:plc:lnuuyvoqsyenmebaxzvl7dh3 err=HttpError('InvalidRequest: Could not find repo: did:plc:lnuuyvoqsyenmebaxzvl7dh3')
2026-02-25T10:04:58Z WARNING bsky_collector_v2.job.index_feed_generators: listRecords failed repo=did:plc:mb5bjheormxu3is7ute2b5zz err=HttpError('InvalidRequest: Could not find repo: did:plc:mb5bjheormxu3is7ute2b5zz')
2026-02-25T10:04:58Z WARNING bsky_collector_v2.job.index_feed_generators: listRecords failed repo=did:plc:mbihjcrilucgdrpjghkzhcif err=HttpError('InvalidRequest: Could not find repo: did:plc:mbihjcrilucgdrpjghkzhcif')
2026-02-25T10:04:58Z WARNING bsky_collector_v2.job.index_feed_generators: listRecords failed repo=did:plc:mjsez3iezvnqxykykrr6rdrv err=HttpError('InvalidRequest: Could not find repo: did:plc:mjsez3iezvnqxykykrr6rdrv')
2026-02-25T10:04:59Z WARNING bsky_collector_v2.job.index_feed_generators: listRecords failed repo=did:plc:msnbyzetlw3t7tt667q5j5lm err=HttpError('InvalidRequest: Could not find repo: did:plc:msnbyzetlw3t7tt667q5j5lm')
2026-02-25T10:04:59Z WARNING bsky_collector_v2.job.index_feed_generators: listRecords failed repo=did:plc:mtbuzmps7owafddm7a47trw4 err=HttpError('InvalidRequest: Could not find repo: did:plc:mtbuzmps7owafddm7a47trw4')
2026-02-25T10:04:59Z WARNING bsky_collector_v2.job.index_feed_generators: listRecords failed repo=did:plc:n2er2pwriikak6sjiwrpn45t err=HttpError('InvalidRequest: Could not find repo: did:plc:n2er2pwriikak6sjiwrpn45t')
2026-02-25T10:04:59Z WARNING bsky_collector_v2.job.index_feed_generators: listRecords failed repo=did:plc:nqqglmnzzyegpcq5fb2nvkb2 err=HttpError('InvalidRequest: Could not find repo: did:plc:nqqglmnzzyegpcq5fb2nvkb2')
2026-02-25T10:04:59Z WARNING bsky_collector_v2.job.index_feed_generators: listRecords failed repo=did:plc:o4q75flb7k2b5cxtn7kvjikp err=HttpError('InvalidRequest: Could not find repo: did:plc:o4q75flb7k2b5cxtn7kvjikp')
2026-02-25T10:04:59Z WARNING bsky_collector_v2.job.index_feed_generators: listRecords failed repo=did:plc:ppasjihmpmee6isaowzviqsk err=HttpError('InvalidRequest: Could not find repo: did:plc:ppasjihmpmee6isaowzviqsk')
2026-02-25T10:05:00Z WARNING bsky_collector_v2.job.index_feed_generators: listRecords failed repo=did:plc:pqcmnko5qbjwmbjsmgw56ocb err=HttpError('InvalidRequest: Could not find repo: did:plc:pqcmnko5qbjwmbjsmgw56ocb')
2026-02-25T10:05:00Z WARNING bsky_collector_v2.job.index_feed_generators: listRecords failed repo=did:plc:qxrk2cibkup6td2c6kiqim5h err=HttpError('InvalidRequest: Could not find repo: did:plc:qxrk2cibkup6td2c6kiqim5h')
2026-02-25T10:05:00Z WARNING bsky_collector_v2.job.index_feed_generators: listRecords failed repo=did:plc:rjkrti3vvs5kgfsxutblrw3v err=HttpError('InvalidRequest: Could not find repo: did:plc:rjkrti3vvs5kgfsxutblrw3v')
2026-02-25T10:05:00Z WARNING bsky_collector_v2.job.index_feed_generators: listRecords failed repo=did:plc:smh7ss4hsyn7663nrlzevxre err=HttpError('InvalidRequest: Could not find repo: did:plc:smh7ss4hsyn7663nrlzevxre')
2026-02-25T10:05:00Z WARNING bsky_collector_v2.job.index_feed_generators: listRecords failed repo=did:plc:sysxgi7passtezhtwbwhoagz err=HttpError('InvalidRequest: Could not find repo: did:plc:sysxgi7passtezhtwbwhoagz')
2026-02-25T10:05:00Z WARNING bsky_collector_v2.job.index_feed_generators: listRecords failed repo=did:plc:uryu4ih4gtoxym6t4rwkwf5u err=HttpError('InvalidRequest: Could not find repo: did:plc:uryu4ih4gtoxym6t4rwkwf5u')
2026-02-25T10:05:01Z WARNING bsky_collector_v2.job.index_feed_generators: listRecords failed repo=did:plc:vwosr4qnxvlowvfwlp53jwru err=HttpError('InvalidRequest: Could not find repo: did:plc:vwosr4qnxvlowvfwlp53jwru')
2026-02-25T10:05:01Z WARNING bsky_collector_v2.job.index_feed_generators: listRecords failed repo=did:plc:vz2oj37d2ernqgpmxnrsjhln err=HttpError('InvalidRequest: Could not find repo: did:plc:vz2oj37d2ernqgpmxnrsjhln')
2026-02-25T10:05:01Z WARNING bsky_collector_v2.job.index_feed_generators: listRecords failed repo=did:plc:wejqci32mqe2oyeukguk62m7 err=HttpError('InvalidRequest: Could not find repo: did:plc:wejqci32mqe2oyeukguk62m7')
2026-02-25T10:05:01Z WARNING bsky_collector_v2.job.index_feed_generators: listRecords failed repo=did:plc:wl2wyj7clhyvbyvucthqjiee err=HttpError('InvalidRequest: Could not find repo: did:plc:wl2wyj7clhyvbyvucthqjiee')
2026-02-25T10:05:01Z WARNING bsky_collector_v2.job.index_feed_generators: listRecords failed repo=did:plc:wwudqneqm2qdwn7p4porqf6c err=HttpError('InvalidRequest: Could not find repo: did:plc:wwudqneqm2qdwn7p4porqf6c')
2026-02-25T10:05:01Z WARNING bsky_collector_v2.job.index_feed_generators: listRecords failed repo=did:plc:xrylbgdyli4ichgjdkjqelrq err=HttpError('InvalidRequest: Could not find repo: did:plc:xrylbgdyli4ichgjdkjqelrq')
2026-02-25T10:05:01Z WARNING bsky_collector_v2.job.index_feed_generators: listRecords failed repo=did:plc:zp4uoivsc64vjk4g5dgn3xfg err=HttpError('InvalidRequest: Could not find repo: did:plc:zp4uoivsc64vjk4g5dgn3xfg')
2026-02-25T10:05:02Z WARNING bsky_collector_v2.job.index_feed_generators: listRecords failed repo=did:plc:33sxhzfd6nwhxkqp5mykjp7f err=HttpError('InvalidRequest: Could not find repo: did:plc:33sxhzfd6nwhxkqp5mykjp7f')
2026-02-25T10:05:02Z WARNING bsky_collector_v2.job.index_feed_generators: listRecords failed repo=did:plc:37527uck3n6rjxrrjgdc3mwj err=HttpError('InvalidRequest: Could not find repo: did:plc:37527uck3n6rjxrrjgdc3mwj')
2026-02-25T10:05:02Z WARNING bsky_collector_v2.job.index_feed_generators: listRecords failed repo=did:plc:3i4vx2zjyxznn2taxvfl5xqk err=HttpError('InvalidRequest: Could not find repo: did:plc:3i4vx2zjyxznn2taxvfl5xqk')
2026-02-25T10:05:02Z WARNING bsky_collector_v2.job.index_feed_generators: listRecords failed repo=did:plc:3j7hpepucn45tlrcuwcc3bs3 err=HttpError('InvalidRequest: Could not find repo: did:plc:3j7hpepucn45tlrcuwcc3bs3')
2026-02-25T10:05:02Z WARNING bsky_collector_v2.job.index_feed_generators: listRecords failed repo=did:plc:3rapywgsefkbnrs5rm4i2xny err=HttpError('InvalidRequest: Could not find repo: did:plc:3rapywgsefkbnrs5rm4i2xny')
2026-02-25T10:05:02Z WARNING bsky_collector_v2.job.index_feed_generators: listRecords failed repo=did:plc:4emrcco7ywhzzyvyjv35nxhz err=HttpError('InvalidRequest: Could not find repo: did:plc:4emrcco7ywhzzyvyjv35nxhz')
2026-02-25T10:05:02Z WARNING bsky_collector_v2.job.index_feed_generators: listRecords failed repo=did:plc:4isilfgktdgt2i6nrcfaayxy err=HttpError('InvalidRequest: Could not find repo: did:plc:4isilfgktdgt2i6nrcfaayxy')
2026-02-25T10:05:03Z WARNING bsky_collector_v2.job.index_feed_generators: listRecords failed repo=did:plc:54b22kgpltw6tehncvzspvmp err=HttpError('InvalidRequest: Could not find repo: did:plc:54b22kgpltw6tehncvzspvmp')
2026-02-25T10:05:03Z WARNING bsky_collector_v2.job.index_feed_generators: listRecords failed repo=did:plc:5dckjzcs4gt6xfvcnnkoagcq err=HttpError('InvalidRequest: Could not find repo: did:plc:5dckjzcs4gt6xfvcnnkoagcq')
2026-02-25T10:05:03Z WARNING bsky_collector_v2.job.index_feed_generators: listRecords failed repo=did:plc:5obaobw5xlyvdzhzdfftdekw err=HttpError('InvalidRequest: Could not find repo: did:plc:5obaobw5xlyvdzhzdfftdekw')
2026-02-25T10:05:03Z WARNING bsky_collector_v2.job.index_feed_generators: listRecords failed repo=did:plc:ad3jckwif5h4skyriyebsaro err=HttpError('InvalidRequest: Could not find repo: did:plc:ad3jckwif5h4skyriyebsaro')
2026-02-25T10:05:03Z WARNING bsky_collector_v2.job.index_feed_generators: listRecords failed repo=did:plc:anxplrujaug3vooylay6ople err=HttpError('InvalidRequest: Could not find repo: did:plc:anxplrujaug3vooylay6ople')
2026-02-25T10:05:03Z WARNING bsky_collector_v2.job.index_feed_generators: listRecords failed repo=did:plc:ao373xgrbrxza6mrckyei2z5 err=HttpError('InvalidRequest: Could not find repo: did:plc:ao373xgrbrxza6mrckyei2z5')
2026-02-25T10:05:04Z WARNING bsky_collector_v2.job.index_feed_generators: listRecords failed repo=did:plc:bpsbzik5dtrilux4u7yrpbwz err=HttpError('InvalidRequest: Could not find repo: did:plc:bpsbzik5dtrilux4u7yrpbwz')
2026-02-25T10:05:04Z WARNING bsky_collector_v2.job.index_feed_generators: listRecords failed repo=did:plc:d4v35katf6ynzjyme5izbfef err=HttpError('InvalidRequest: Could not find repo: did:plc:d4v35katf6ynzjyme5izbfef')
2026-02-25T10:05:04Z WARNING bsky_collector_v2.job.index_feed_generators: listRecords failed repo=did:plc:dkceog3eszizdfhebihtifkc err=HttpError('InvalidRequest: Could not find repo: did:plc:dkceog3eszizdfhebihtifkc')
2026-02-25T10:05:04Z WARNING bsky_collector_v2.job.index_feed_generators: listRecords failed repo=did:plc:epwgpejkgkfpa7lqgiwkcmtg err=HttpError('InvalidRequest: Could not find repo: did:plc:epwgpejkgkfpa7lqgiwkcmtg')
2026-02-25T10:05:04Z WARNING bsky_collector_v2.job.index_feed_generators: listRecords failed repo=did:plc:esubjnze6soyikntxfj267zo err=HttpError('InvalidRequest: Could not find repo: did:plc:esubjnze6soyikntxfj267zo')
2026-02-25T10:05:04Z WARNING bsky_collector_v2.job.index_feed_generators: listRecords failed repo=did:plc:gesaxrdquioxgbfvi4m4f3rk err=HttpError('InvalidRequest: Could not find repo: did:plc:gesaxrdquioxgbfvi4m4f3rk')
2026-02-25T10:05:04Z WARNING bsky_collector_v2.job.index_feed_generators: listRecords failed repo=did:plc:gjxgxtmx2yo3mtmcmusabq3a err=HttpError('InvalidRequest: Could not find repo: did:plc:gjxgxtmx2yo3mtmcmusabq3a')
2026-02-25T10:05:04Z WARNING bsky_collector_v2.job.index_feed_generators: listRecords failed repo=did:plc:gxq7zsqw3gwju6rjo5jxo67m err=HttpError('InvalidRequest: Could not find repo: did:plc:gxq7zsqw3gwju6rjo5jxo67m')
2026-02-25T10:05:05Z WARNING bsky_collector_v2.job.index_feed_generators: listRecords failed repo=did:plc:h5aoxual3zlxk4oiwtrd5lyb err=HttpError('InvalidRequest: Could not find repo: did:plc:h5aoxual3zlxk4oiwtrd5lyb')
2026-02-25T10:05:05Z WARNING bsky_collector_v2.job.index_feed_generators: listRecords failed repo=did:plc:hozq4vgmquqg2plw7y4p2rar err=HttpError('InvalidRequest: Could not find repo: did:plc:hozq4vgmquqg2plw7y4p2rar')
2026-02-25T10:05:05Z WARNING bsky_collector_v2.job.index_feed_generators: listRecords failed repo=did:plc:htm5flk4ux233icmzv42hszg err=HttpError('InvalidRequest: Could not find repo: did:plc:htm5flk4ux233icmzv42hszg')
2026-02-25T10:05:05Z WARNING bsky_collector_v2.job.index_feed_generators: listRecords failed repo=did:plc:ihog6dlsw6jqmtqjb2bkm6me err=HttpError('InvalidRequest: Could not find repo: did:plc:ihog6dlsw6jqmtqjb2bkm6me')
2026-02-25T10:05:05Z WARNING bsky_collector_v2.job.index_feed_generators: listRecords failed repo=did:plc:jg4upyvt6mmd466i3kcrsgun err=HttpError('InvalidRequest: Could not find repo: did:plc:jg4upyvt6mmd466i3kcrsgun')
2026-02-25T10:05:05Z WARNING bsky_collector_v2.job.index_feed_generators: listRecords failed repo=did:plc:jlgz3uwav4vc5cyalc7a53os err=HttpError('InvalidRequest: Could not find repo: did:plc:jlgz3uwav4vc5cyalc7a53os')
2026-02-25T10:05:06Z WARNING bsky_collector_v2.job.index_feed_generators: listRecords failed repo=did:plc:kcucyqlrv3zvvbyxw4vdqos4 err=HttpError('InvalidRequest: Could not find repo: did:plc:kcucyqlrv3zvvbyxw4vdqos4')
2026-02-25T10:05:06Z WARNING bsky_collector_v2.job.index_feed_generators: listRecords failed repo=did:plc:kcxqk7hascabdraw3d7huh4j err=HttpError('InvalidRequest: Could not find repo: did:plc:kcxqk7hascabdraw3d7huh4j')
2026-02-25T10:05:06Z WARNING bsky_collector_v2.job.index_feed_generators: listRecords failed repo=did:plc:kdbrj2dmnoo4ebqxxp2agxjw err=HttpError('InvalidRequest: Could not find repo: did:plc:kdbrj2dmnoo4ebqxxp2agxjw')
2026-02-25T10:05:06Z WARNING bsky_collector_v2.job.index_feed_generators: listRecords failed repo=did:plc:kwoosysb3ly7ualy2v5uqkbj err=HttpError('InvalidRequest: Could not find repo: did:plc:kwoosysb3ly7ualy2v5uqkbj')
2026-02-25T10:05:06Z WARNING bsky_collector_v2.job.index_feed_generators: listRecords failed repo=did:plc:l36rl6y2kedoiiy2jjp5ruba err=HttpError('InvalidRequest: Could not find repo: did:plc:l36rl6y2kedoiiy2jjp5ruba')
2026-02-25T10:05:06Z WARNING bsky_collector_v2.job.index_feed_generators: listRecords failed repo=did:plc:laqiuhtlopcjplvhssldglao err=HttpError('InvalidRequest: Could not find repo: did:plc:laqiuhtlopcjplvhssldglao')
2026-02-25T10:05:06Z WARNING bsky_collector_v2.job.index_feed_generators: listRecords failed repo=did:plc:lcjwfocp2zyd54a7qz5kmkkc err=HttpError('InvalidRequest: Could not find repo: did:plc:lcjwfocp2zyd54a7qz5kmkkc')
2026-02-25T10:05:06Z WARNING bsky_collector_v2.job.index_feed_generators: listRecords failed repo=did:plc:lnuuyvoqsyenmebaxzvl7dh3 err=HttpError('InvalidRequest: Could not find repo: did:plc:lnuuyvoqsyenmebaxzvl7dh3')
2026-02-25T10:05:07Z WARNING bsky_collector_v2.job.index_feed_generators: listRecords failed repo=did:plc:mb5bjheormxu3is7ute2b5zz err=HttpError('InvalidRequest: Could not find repo: did:plc:mb5bjheormxu3is7ute2b5zz')
2026-02-25T10:05:07Z WARNING bsky_collector_v2.job.index_feed_generators: listRecords failed repo=did:plc:mbihjcrilucgdrpjghkzhcif err=HttpError('InvalidRequest: Could not find repo: did:plc:mbihjcrilucgdrpjghkzhcif')
2026-02-25T10:05:07Z WARNING bsky_collector_v2.job.index_feed_generators: listRecords failed repo=did:plc:mjsez3iezvnqxykykrr6rdrv err=HttpError('InvalidRequest: Could not find repo: did:plc:mjsez3iezvnqxykykrr6rdrv')
2026-02-25T10:05:07Z WARNING bsky_collector_v2.job.index_feed_generators: listRecords failed repo=did:plc:msnbyzetlw3t7tt667q5j5lm err=HttpError('InvalidRequest: Could not find repo: did:plc:msnbyzetlw3t7tt667q5j5lm')
2026-02-25T10:05:07Z WARNING bsky_collector_v2.job.index_feed_generators: listRecords failed repo=did:plc:mtbuzmps7owafddm7a47trw4 err=HttpError('InvalidRequest: Could not find repo: did:plc:mtbuzmps7owafddm7a47trw4')
2026-02-25T10:05:07Z WARNING bsky_collector_v2.job.index_feed_generators: listRecords failed repo=did:plc:n2er2pwriikak6sjiwrpn45t err=HttpError('InvalidRequest: Could not find repo: did:plc:n2er2pwriikak6sjiwrpn45t')
2026-02-25T10:05:07Z WARNING bsky_collector_v2.job.index_feed_generators: listRecords failed repo=did:plc:nqqglmnzzyegpcq5fb2nvkb2 err=HttpError('InvalidRequest: Could not find repo: did:plc:nqqglmnzzyegpcq5fb2nvkb2')
2026-02-25T10:05:07Z WARNING bsky_collector_v2.job.index_feed_generators: listRecords failed repo=did:plc:o4q75flb7k2b5cxtn7kvjikp err=HttpError('InvalidRequest: Could not find repo: did:plc:o4q75flb7k2b5cxtn7kvjikp')
2026-02-25T10:05:08Z WARNING bsky_collector_v2.job.index_feed_generators: listRecords failed repo=did:plc:ppasjihmpmee6isaowzviqsk err=HttpError('InvalidRequest: Could not find repo: did:plc:ppasjihmpmee6isaowzviqsk')
2026-02-25T10:05:08Z WARNING bsky_collector_v2.job.index_feed_generators: listRecords failed repo=did:plc:pqcmnko5qbjwmbjsmgw56ocb err=HttpError('InvalidRequest: Could not find repo: did:plc:pqcmnko5qbjwmbjsmgw56ocb')
2026-02-25T10:05:08Z WARNING bsky_collector_v2.job.index_feed_generators: listRecords failed repo=did:plc:qxrk2cibkup6td2c6kiqim5h err=HttpError('InvalidRequest: Could not find repo: did:plc:qxrk2cibkup6td2c6kiqim5h')
2026-02-25T10:05:08Z WARNING bsky_collector_v2.job.index_feed_generators: listRecords failed repo=did:plc:rjkrti3vvs5kgfsxutblrw3v err=HttpError('InvalidRequest: Could not find repo: did:plc:rjkrti3vvs5kgfsxutblrw3v')
2026-02-25T10:05:08Z WARNING bsky_collector_v2.job.index_feed_generators: listRecords failed repo=did:plc:smh7ss4hsyn7663nrlzevxre err=HttpError('InvalidRequest: Could not find repo: did:plc:smh7ss4hsyn7663nrlzevxre')
2026-02-25T10:05:08Z WARNING bsky_collector_v2.job.index_feed_generators: listRecords failed repo=did:plc:sysxgi7passtezhtwbwhoagz err=HttpError('InvalidRequest: Could not find repo: did:plc:sysxgi7passtezhtwbwhoagz')
2026-02-25T10:05:08Z WARNING bsky_collector_v2.job.index_feed_generators: listRecords failed repo=did:plc:uryu4ih4gtoxym6t4rwkwf5u err=HttpError('InvalidRequest: Could not find repo: did:plc:uryu4ih4gtoxym6t4rwkwf5u')
2026-02-25T10:05:08Z WARNING bsky_collector_v2.job.index_feed_generators: listRecords failed repo=did:plc:vwosr4qnxvlowvfwlp53jwru err=HttpError('InvalidRequest: Could not find repo: did:plc:vwosr4qnxvlowvfwlp53jwru')
2026-02-25T10:05:09Z WARNING bsky_collector_v2.job.index_feed_generators: listRecords failed repo=did:plc:vz2oj37d2ernqgpmxnrsjhln err=HttpError('InvalidRequest: Could not find repo: did:plc:vz2oj37d2ernqgpmxnrsjhln')
2026-02-25T10:05:09Z WARNING bsky_collector_v2.job.index_feed_generators: listRecords failed repo=did:plc:wejqci32mqe2oyeukguk62m7 err=HttpError('InvalidRequest: Could not find repo: did:plc:wejqci32mqe2oyeukguk62m7')
2026-02-25T10:05:09Z WARNING bsky_collector_v2.job.index_feed_generators: listRecords failed repo=did:plc:wl2wyj7clhyvbyvucthqjiee err=HttpError('InvalidRequest: Could not find repo: did:plc:wl2wyj7clhyvbyvucthqjiee')
2026-02-25T10:05:09Z WARNING bsky_collector_v2.job.index_feed_generators: listRecords failed repo=did:plc:wwudqneqm2qdwn7p4porqf6c err=HttpError('InvalidRequest: Could not find repo: did:plc:wwudqneqm2qdwn7p4porqf6c')
2026-02-25T10:05:09Z WARNING bsky_collector_v2.job.index_feed_generators: listRecords failed repo=did:plc:xrylbgdyli4ichgjdkjqelrq err=HttpError('InvalidRequest: Could not find repo: did:plc:xrylbgdyli4ichgjdkjqelrq')
2026-02-25T10:05:09Z WARNING bsky_collector_v2.job.index_feed_generators: listRecords failed repo=did:plc:zp4uoivsc64vjk4g5dgn3xfg err=HttpError('InvalidRequest: Could not find repo: did:plc:zp4uoivsc64vjk4g5dgn3xfg')
2026-02-25T10:05:10Z INFO bsky_collector_v2.job.index_feed_generators: enqueued repos page=31 mode=listRepos inserted=500 repos_returned=500 next_cursor=set
2026-02-25T10:06:45Z INFO bsky_collector_v2.job.index_feed_generators: enqueued repos page=32 mode=listRepos inserted=500 repos_returned=500 next_cursor=set
2026-02-25T10:07:10Z INFO bsky_collector_v2.job.index_feed_generators: indexed repo=did:plc:d4ne5fw5vcswhp6tzj7ptl5l part=565 records=1 next_cursor=set
2026-02-25T10:08:24Z INFO bsky_collector_v2.job.index_feed_generators: enqueued repos page=33 mode=listRepos inserted=500 repos_returned=500 next_cursor=set
2026-02-25T10:08:25Z INFO bsky_collector_v2.job.index_feed_generators: indexed repo=did:plc:266uaa36coel7qfmzakn2xhd part=566 records=1 next_cursor=set
2026-02-25T10:09:19Z INFO bsky_collector_v2.job.index_feed_generators: indexed repo=did:plc:nn5lo3zzncrr232ojwjao3ht part=567 records=1 next_cursor=set
