2026-03-22T20:42:28Z INFO bsky_collector_v2: out_base ok path=/Volumes/T9/BlueSky/data_v2_full mount=/Volumes/T9
2026-03-22T20:42:28Z INFO bsky_collector_v2: job start subcommand=index-feed-generators dry_run=False resume=True
2026-03-22T20:42:29Z INFO bsky_collector_v2.job.index_feed_generators: feed generator index hosts relay_host=https://bsky.network records_host=https://bsky.social auth=yes
2026-03-22T20:42:53Z INFO bsky_collector_v2.job.index_feed_generators: indexed repo=did:plc:nhf3yeki2ekqeiy3xywd5ldj part=218 records=1 next_cursor=set
2026-03-22T20:43:29Z INFO bsky_collector_v2.job.index_feed_generators: enqueued repos page=1 mode=listRepos inserted=500 repos_returned=500 next_cursor=set
2026-03-22T20:43:43Z INFO bsky_collector_v2.job.index_feed_generators: indexed repo=did:plc:7clbyp2efzpzulldhsr4b2mw part=219 records=2 next_cursor=set
2026-03-22T20:44:05Z WARNING bsky_collector_v2.job.index_feed_generators: listRecords failed repo=did:plc:gj4kepxu4vvlle2m42ojex7b err=HttpError('InvalidRequest: Could not find repo: did:plc:gj4kepxu4vvlle2m42ojex7b')
2026-03-22T20:44:13Z INFO bsky_collector_v2.job.index_feed_generators: indexed repo=did:plc:jpgzudk2xf7tqjfuxd6qyvvq part=220 records=1 next_cursor=set
2026-03-22T20:44:18Z WARNING bsky_collector_v2.job.index_feed_generators: listRecords failed repo=did:plc:lfav47xnyzclthy7as2p7stt err=HttpError('InvalidRequest: Could not find repo: did:plc:lfav47xnyzclthy7as2p7stt')
2026-03-22T20:45:11Z WARNING bsky_collector_v2.job.index_feed_generators: listRecords failed repo=did:plc:gj4kepxu4vvlle2m42ojex7b err=HttpError('InvalidRequest: Could not find repo: did:plc:gj4kepxu4vvlle2m42ojex7b')
2026-03-22T20:45:11Z WARNING bsky_collector_v2.job.index_feed_generators: listRecords failed repo=did:plc:lfav47xnyzclthy7as2p7stt err=HttpError('InvalidRequest: Could not find repo: did:plc:lfav47xnyzclthy7as2p7stt')
2026-03-22T20:45:11Z WARNING bsky_collector_v2.job.index_feed_generators: listRecords failed repo=did:plc:gj4kepxu4vvlle2m42ojex7b err=HttpError('InvalidRequest: Could not find repo: did:plc:gj4kepxu4vvlle2m42ojex7b')
2026-03-22T20:45:11Z WARNING bsky_collector_v2.job.index_feed_generators: listRecords failed repo=did:plc:lfav47xnyzclthy7as2p7stt err=HttpError('InvalidRequest: Could not find repo: did:plc:lfav47xnyzclthy7as2p7stt')
2026-03-22T20:45:11Z INFO bsky_collector_v2.job.index_feed_generators: enqueued repos page=2 mode=listRepos inserted=500 repos_returned=500 next_cursor=set
2026-03-22T20:46:56Z INFO bsky_collector_v2.job.index_feed_generators: enqueued repos page=3 mode=listRepos inserted=500 repos_returned=500 next_cursor=set
2026-03-22T20:46:59Z WARNING bsky_collector_v2.job.index_feed_generators: listRecords failed repo=did:plc:37dc7jdg7cpy3zi67nc62wp4 err=HttpError('InvalidRequest: Could not find repo: did:plc:37dc7jdg7cpy3zi67nc62wp4')
2026-03-22T20:47:16Z WARNING bsky_collector_v2.job.index_feed_generators: listRecords failed repo=did:plc:ce5w7iptn3a7cbkcq2khdnva err=HttpError('InvalidRequest: Could not find repo: did:plc:ce5w7iptn3a7cbkcq2khdnva')
2026-03-22T20:47:42Z WARNING bsky_collector_v2.job.index_feed_generators: listRecords failed repo=did:plc:lh37qcqu2vl7vplpys455yh4 err=HttpError('InvalidRequest: Could not find repo: did:plc:lh37qcqu2vl7vplpys455yh4')
2026-03-22T20:48:19Z WARNING bsky_collector_v2.job.index_feed_generators: listRecords failed repo=did:plc:37dc7jdg7cpy3zi67nc62wp4 err=HttpError('InvalidRequest: Could not find repo: did:plc:37dc7jdg7cpy3zi67nc62wp4')
2026-03-22T20:48:19Z WARNING bsky_collector_v2.job.index_feed_generators: listRecords failed repo=did:plc:ce5w7iptn3a7cbkcq2khdnva err=HttpError('InvalidRequest: Could not find repo: did:plc:ce5w7iptn3a7cbkcq2khdnva')
2026-03-22T20:48:19Z WARNING bsky_collector_v2.job.index_feed_generators: listRecords failed repo=did:plc:lh37qcqu2vl7vplpys455yh4 err=HttpError('InvalidRequest: Could not find repo: did:plc:lh37qcqu2vl7vplpys455yh4')
2026-03-22T20:48:19Z WARNING bsky_collector_v2.job.index_feed_generators: listRecords failed repo=did:plc:37dc7jdg7cpy3zi67nc62wp4 err=HttpError('InvalidRequest: Could not find repo: did:plc:37dc7jdg7cpy3zi67nc62wp4')
2026-03-22T20:48:19Z WARNING bsky_collector_v2.job.index_feed_generators: listRecords failed repo=did:plc:ce5w7iptn3a7cbkcq2khdnva err=HttpError('InvalidRequest: Could not find repo: did:plc:ce5w7iptn3a7cbkcq2khdnva')
2026-03-22T20:48:19Z WARNING bsky_collector_v2.job.index_feed_generators: listRecords failed repo=did:plc:lh37qcqu2vl7vplpys455yh4 err=HttpError('InvalidRequest: Could not find repo: did:plc:lh37qcqu2vl7vplpys455yh4')
2026-03-22T20:48:20Z INFO bsky_collector_v2.job.index_feed_generators: enqueued repos page=4 mode=listRepos inserted=500 repos_returned=500 next_cursor=set
2026-03-22T20:49:15Z WARNING bsky_collector_v2.job.index_feed_generators: listRecords failed repo=did:plc:h7zcmrat56pe6fvmjkldslj3 err=HttpError('InvalidRequest: Could not find repo: did:plc:h7zcmrat56pe6fvmjkldslj3')
2026-03-22T20:49:38Z WARNING bsky_collector_v2.job.index_feed_generators: listRecords failed repo=did:plc:nhti7zlqzm5hm3q5nia7rrtb err=HttpError('InvalidRequest: Could not find repo: did:plc:nhti7zlqzm5hm3q5nia7rrtb')
2026-03-22T20:49:53Z WARNING bsky_collector_v2.job.index_feed_generators: listRecords failed repo=did:plc:shmeakkb4hfkehpgublnh7qv err=HttpError('InvalidRequest: Could not find repo: did:plc:shmeakkb4hfkehpgublnh7qv')
2026-03-22T20:50:07Z WARNING bsky_collector_v2.job.index_feed_generators: listRecords failed repo=did:plc:xxkqt37z5yqrwzuqqwqziloa err=HttpError('InvalidRequest: Could not find repo: did:plc:xxkqt37z5yqrwzuqqwqziloa')
2026-03-22T20:50:12Z WARNING bsky_collector_v2.job.index_feed_generators: listRecords failed repo=did:plc:h7zcmrat56pe6fvmjkldslj3 err=HttpError('InvalidRequest: Could not find repo: did:plc:h7zcmrat56pe6fvmjkldslj3')
2026-03-22T20:50:12Z WARNING bsky_collector_v2.job.index_feed_generators: listRecords failed repo=did:plc:nhti7zlqzm5hm3q5nia7rrtb err=HttpError('InvalidRequest: Could not find repo: did:plc:nhti7zlqzm5hm3q5nia7rrtb')
2026-03-22T20:50:12Z WARNING bsky_collector_v2.job.index_feed_generators: listRecords failed repo=did:plc:shmeakkb4hfkehpgublnh7qv err=HttpError('InvalidRequest: Could not find repo: did:plc:shmeakkb4hfkehpgublnh7qv')
2026-03-22T20:50:13Z WARNING bsky_collector_v2.job.index_feed_generators: listRecords failed repo=did:plc:xxkqt37z5yqrwzuqqwqziloa err=HttpError('InvalidRequest: Could not find repo: did:plc:xxkqt37z5yqrwzuqqwqziloa')
2026-03-22T20:50:13Z WARNING bsky_collector_v2.job.index_feed_generators: listRecords failed repo=did:plc:h7zcmrat56pe6fvmjkldslj3 err=HttpError('InvalidRequest: Could not find repo: did:plc:h7zcmrat56pe6fvmjkldslj3')
2026-03-22T20:50:13Z WARNING bsky_collector_v2.job.index_feed_generators: listRecords failed repo=did:plc:nhti7zlqzm5hm3q5nia7rrtb err=HttpError('InvalidRequest: Could not find repo: did:plc:nhti7zlqzm5hm3q5nia7rrtb')
2026-03-22T20:50:13Z WARNING bsky_collector_v2.job.index_feed_generators: listRecords failed repo=did:plc:shmeakkb4hfkehpgublnh7qv err=HttpError('InvalidRequest: Could not find repo: did:plc:shmeakkb4hfkehpgublnh7qv')
2026-03-22T20:50:13Z WARNING bsky_collector_v2.job.index_feed_generators: listRecords failed repo=did:plc:xxkqt37z5yqrwzuqqwqziloa err=HttpError('InvalidRequest: Could not find repo: did:plc:xxkqt37z5yqrwzuqqwqziloa')
2026-03-22T20:50:13Z INFO bsky_collector_v2.job.index_feed_generators: enqueued repos page=5 mode=listRepos inserted=500 repos_returned=500 next_cursor=set
2026-03-22T20:50:15Z WARNING bsky_collector_v2.job.index_feed_generators: listRecords failed repo=did:plc:2z34iub2jzocgyixovo7ttfj err=HttpError('InvalidRequest: Could not find repo: did:plc:2z34iub2jzocgyixovo7ttfj')
2026-03-22T20:51:16Z WARNING bsky_collector_v2.job.index_feed_generators: listRecords failed repo=did:plc:mzog5xyw56fmlmlf3wbsqqpt err=HttpError('InvalidRequest: Could not find repo: did:plc:mzog5xyw56fmlmlf3wbsqqpt')
2026-03-22T20:51:21Z WARNING bsky_collector_v2.job.index_feed_generators: listRecords failed repo=did:plc:p2u2oy4igmmoqrk6mgt2ll7g err=HttpError('InvalidRequest: Could not find repo: did:plc:p2u2oy4igmmoqrk6mgt2ll7g')
2026-03-22T20:51:22Z WARNING bsky_collector_v2.job.index_feed_generators: listRecords failed repo=did:plc:piky5l5wpsr2sw5tjihb74s4 err=HttpError('InvalidRequest: Could not find repo: did:plc:piky5l5wpsr2sw5tjihb74s4')
2026-03-22T20:51:53Z WARNING bsky_collector_v2.job.index_feed_generators: listRecords failed repo=did:plc:2z34iub2jzocgyixovo7ttfj err=HttpError('InvalidRequest: Could not find repo: did:plc:2z34iub2jzocgyixovo7ttfj')
2026-03-22T20:51:54Z WARNING bsky_collector_v2.job.index_feed_generators: listRecords failed repo=did:plc:mzog5xyw56fmlmlf3wbsqqpt err=HttpError('InvalidRequest: Could not find repo: did:plc:mzog5xyw56fmlmlf3wbsqqpt')
2026-03-22T20:51:54Z WARNING bsky_collector_v2.job.index_feed_generators: listRecords failed repo=did:plc:p2u2oy4igmmoqrk6mgt2ll7g err=HttpError('InvalidRequest: Could not find repo: did:plc:p2u2oy4igmmoqrk6mgt2ll7g')
2026-03-22T20:51:54Z WARNING bsky_collector_v2.job.index_feed_generators: listRecords failed repo=did:plc:piky5l5wpsr2sw5tjihb74s4 err=HttpError('InvalidRequest: Could not find repo: did:plc:piky5l5wpsr2sw5tjihb74s4')
2026-03-22T20:51:54Z WARNING bsky_collector_v2.job.index_feed_generators: listRecords failed repo=did:plc:2z34iub2jzocgyixovo7ttfj err=HttpError('InvalidRequest: Could not find repo: did:plc:2z34iub2jzocgyixovo7ttfj')
2026-03-22T20:51:54Z WARNING bsky_collector_v2.job.index_feed_generators: listRecords failed repo=did:plc:mzog5xyw56fmlmlf3wbsqqpt err=HttpError('InvalidRequest: Could not find repo: did:plc:mzog5xyw56fmlmlf3wbsqqpt')
2026-03-22T20:51:54Z WARNING bsky_collector_v2.job.index_feed_generators: listRecords failed repo=did:plc:p2u2oy4igmmoqrk6mgt2ll7g err=HttpError('InvalidRequest: Could not find repo: did:plc:p2u2oy4igmmoqrk6mgt2ll7g')
2026-03-22T20:51:54Z WARNING bsky_collector_v2.job.index_feed_generators: listRecords failed repo=did:plc:piky5l5wpsr2sw5tjihb74s4 err=HttpError('InvalidRequest: Could not find repo: did:plc:piky5l5wpsr2sw5tjihb74s4')
2026-03-22T20:51:54Z INFO bsky_collector_v2.job.index_feed_generators: enqueued repos page=6 mode=listRepos inserted=500 repos_returned=500 next_cursor=set
2026-03-22T20:51:58Z WARNING bsky_collector_v2.job.index_feed_generators: listRecords failed repo=did:plc:3utvly4zbif7u3cmjso3swbz err=HttpError('InvalidRequest: Could not find repo: did:plc:3utvly4zbif7u3cmjso3swbz')
2026-03-22T20:52:24Z INFO bsky_collector_v2.job.index_feed_generators: indexed repo=did:plc:ch6vb64ixhduw3amc2wayee2 part=221 records=1 next_cursor=set
2026-03-22T20:52:34Z WARNING bsky_collector_v2.job.index_feed_generators: listRecords failed repo=did:plc:ed3asz6wdarxw5t5v2npijau err=HttpError('InvalidRequest: Could not find repo: did:plc:ed3asz6wdarxw5t5v2npijau')
2026-03-22T20:53:05Z INFO bsky_collector_v2.job.index_feed_generators: indexed repo=did:plc:mf65m7ohjryggolesmffhldg part=222 records=1 next_cursor=set
2026-03-22T20:53:18Z WARNING bsky_collector_v2.job.index_feed_generators: listRecords failed repo=did:plc:qqsepxrvjsb65f677b3yekdt err=HttpError('InvalidRequest: Could not find repo: did:plc:qqsepxrvjsb65f677b3yekdt')
2026-03-22T20:53:26Z WARNING bsky_collector_v2.job.index_feed_generators: listRecords failed repo=did:plc:t5nkow56o6livudfyvwlxbge err=HttpError('InvalidRequest: Could not find repo: did:plc:t5nkow56o6livudfyvwlxbge')
2026-03-22T20:53:47Z WARNING bsky_collector_v2.job.index_feed_generators: listRecords failed repo=did:plc:3utvly4zbif7u3cmjso3swbz err=HttpError('InvalidRequest: Could not find repo: did:plc:3utvly4zbif7u3cmjso3swbz')
2026-03-22T20:53:47Z WARNING bsky_collector_v2.job.index_feed_generators: listRecords failed repo=did:plc:ed3asz6wdarxw5t5v2npijau err=HttpError('InvalidRequest: Could not find repo: did:plc:ed3asz6wdarxw5t5v2npijau')
2026-03-22T20:53:47Z WARNING bsky_collector_v2.job.index_feed_generators: listRecords failed repo=did:plc:qqsepxrvjsb65f677b3yekdt err=HttpError('InvalidRequest: Could not find repo: did:plc:qqsepxrvjsb65f677b3yekdt')
2026-03-22T20:53:47Z WARNING bsky_collector_v2.job.index_feed_generators: listRecords failed repo=did:plc:t5nkow56o6livudfyvwlxbge err=HttpError('InvalidRequest: Could not find repo: did:plc:t5nkow56o6livudfyvwlxbge')
2026-03-22T20:53:47Z WARNING bsky_collector_v2.job.index_feed_generators: listRecords failed repo=did:plc:3utvly4zbif7u3cmjso3swbz err=HttpError('InvalidRequest: Could not find repo: did:plc:3utvly4zbif7u3cmjso3swbz')
2026-03-22T20:53:47Z WARNING bsky_collector_v2.job.index_feed_generators: listRecords failed repo=did:plc:ed3asz6wdarxw5t5v2npijau err=HttpError('InvalidRequest: Could not find repo: did:plc:ed3asz6wdarxw5t5v2npijau')
2026-03-22T20:53:47Z WARNING bsky_collector_v2.job.index_feed_generators: listRecords failed repo=did:plc:qqsepxrvjsb65f677b3yekdt err=HttpError('InvalidRequest: Could not find repo: did:plc:qqsepxrvjsb65f677b3yekdt')
2026-03-22T20:53:47Z WARNING bsky_collector_v2.job.index_feed_generators: listRecords failed repo=did:plc:t5nkow56o6livudfyvwlxbge err=HttpError('InvalidRequest: Could not find repo: did:plc:t5nkow56o6livudfyvwlxbge')
2026-03-22T20:53:48Z INFO bsky_collector_v2.job.index_feed_generators: enqueued repos page=7 mode=listRepos inserted=500 repos_returned=500 next_cursor=set
2026-03-22T20:54:44Z WARNING bsky_collector_v2.job.index_feed_generators: listRecords failed repo=did:plc:mruoy44u5osnvfgiv5d7lnjv err=HttpError('InvalidRequest: Could not find repo: did:plc:mruoy44u5osnvfgiv5d7lnjv')
2026-03-22T20:55:21Z WARNING bsky_collector_v2.job.index_feed_generators: listRecords failed repo=did:plc:mruoy44u5osnvfgiv5d7lnjv err=HttpError('InvalidRequest: Could not find repo: did:plc:mruoy44u5osnvfgiv5d7lnjv')
2026-03-22T20:55:21Z WARNING bsky_collector_v2.job.index_feed_generators: listRecords failed repo=did:plc:mruoy44u5osnvfgiv5d7lnjv err=HttpError('InvalidRequest: Could not find repo: did:plc:mruoy44u5osnvfgiv5d7lnjv')
2026-03-22T20:55:21Z INFO bsky_collector_v2.job.index_feed_generators: enqueued repos page=8 mode=listRepos inserted=500 repos_returned=500 next_cursor=set
2026-03-22T20:55:39Z WARNING bsky_collector_v2.job.index_feed_generators: listRecords failed repo=did:plc:75psiy6nmvuvtdazpk7jrdvg err=HttpError('InvalidRequest: Could not find repo: did:plc:75psiy6nmvuvtdazpk7jrdvg')
2026-03-22T20:55:39Z WARNING bsky_collector_v2.job.index_feed_generators: listRecords failed repo=did:plc:7nfiweyxbt4gebaplab4tdlw err=HttpError('InvalidRequest: Could not find repo: did:plc:7nfiweyxbt4gebaplab4tdlw')
2026-03-22T20:56:05Z INFO bsky_collector_v2.job.index_feed_generators: indexed repo=did:plc:fhfyqp6upsw2sdghiqm2rrca part=223 records=1 next_cursor=set
2026-03-22T20:56:44Z WARNING bsky_collector_v2.job.index_feed_generators: listRecords failed repo=did:plc:rooxej2exa3qhc36p3gqkutd err=HttpError('InvalidRequest: Could not find repo: did:plc:rooxej2exa3qhc36p3gqkutd')
2026-03-22T20:56:44Z WARNING bsky_collector_v2.job.index_feed_generators: listRecords failed repo=did:plc:rtmsvl5cne25wiuvyayqhjy3 err=HttpError('InvalidRequest: Could not find repo: did:plc:rtmsvl5cne25wiuvyayqhjy3')
2026-03-22T20:57:16Z WARNING bsky_collector_v2.job.index_feed_generators: listRecords failed repo=did:plc:75psiy6nmvuvtdazpk7jrdvg err=HttpError('InvalidRequest: Could not find repo: did:plc:75psiy6nmvuvtdazpk7jrdvg')
2026-03-22T20:57:16Z WARNING bsky_collector_v2.job.index_feed_generators: listRecords failed repo=did:plc:7nfiweyxbt4gebaplab4tdlw err=HttpError('InvalidRequest: Could not find repo: did:plc:7nfiweyxbt4gebaplab4tdlw')
2026-03-22T20:57:17Z WARNING bsky_collector_v2.job.index_feed_generators: listRecords failed repo=did:plc:rooxej2exa3qhc36p3gqkutd err=HttpError('InvalidRequest: Could not find repo: did:plc:rooxej2exa3qhc36p3gqkutd')
2026-03-22T20:57:17Z WARNING bsky_collector_v2.job.index_feed_generators: listRecords failed repo=did:plc:rtmsvl5cne25wiuvyayqhjy3 err=HttpError('InvalidRequest: Could not find repo: did:plc:rtmsvl5cne25wiuvyayqhjy3')
2026-03-22T20:57:17Z WARNING bsky_collector_v2.job.index_feed_generators: listRecords failed repo=did:plc:75psiy6nmvuvtdazpk7jrdvg err=HttpError('InvalidRequest: Could not find repo: did:plc:75psiy6nmvuvtdazpk7jrdvg')
2026-03-22T20:57:17Z WARNING bsky_collector_v2.job.index_feed_generators: listRecords failed repo=did:plc:7nfiweyxbt4gebaplab4tdlw err=HttpError('InvalidRequest: Could not find repo: did:plc:7nfiweyxbt4gebaplab4tdlw')
2026-03-22T20:57:17Z WARNING bsky_collector_v2.job.index_feed_generators: listRecords failed repo=did:plc:rooxej2exa3qhc36p3gqkutd err=HttpError('InvalidRequest: Could not find repo: did:plc:rooxej2exa3qhc36p3gqkutd')
2026-03-22T20:57:17Z WARNING bsky_collector_v2.job.index_feed_generators: listRecords failed repo=did:plc:rtmsvl5cne25wiuvyayqhjy3 err=HttpError('InvalidRequest: Could not find repo: did:plc:rtmsvl5cne25wiuvyayqhjy3')
2026-03-22T20:57:18Z INFO bsky_collector_v2.job.index_feed_generators: enqueued repos page=9 mode=listRepos inserted=500 repos_returned=500 next_cursor=set
2026-03-22T20:57:22Z WARNING bsky_collector_v2.job.index_feed_generators: listRecords failed repo=did:plc:3h3twdkp7zkb3rtqm4unqeey err=HttpError('InvalidRequest: Could not find repo: did:plc:3h3twdkp7zkb3rtqm4unqeey')
2026-03-22T20:58:09Z WARNING bsky_collector_v2.job.index_feed_generators: listRecords failed repo=did:plc:jm6yn4lchojbsrs6zg7swxwq err=HttpError('InvalidRequest: Could not find repo: did:plc:jm6yn4lchojbsrs6zg7swxwq')
2026-03-22T20:58:52Z WARNING bsky_collector_v2.job.index_feed_generators: listRecords failed repo=did:plc:z6ageabbb6wul3pmbwnjwmsl err=HttpError('InvalidRequest: Could not find repo: did:plc:z6ageabbb6wul3pmbwnjwmsl')
2026-03-22T20:58:55Z WARNING bsky_collector_v2.job.index_feed_generators: listRecords failed repo=did:plc:3h3twdkp7zkb3rtqm4unqeey err=HttpError('InvalidRequest: Could not find repo: did:plc:3h3twdkp7zkb3rtqm4unqeey')
2026-03-22T20:58:55Z WARNING bsky_collector_v2.job.index_feed_generators: listRecords failed repo=did:plc:jm6yn4lchojbsrs6zg7swxwq err=HttpError('InvalidRequest: Could not find repo: did:plc:jm6yn4lchojbsrs6zg7swxwq')
2026-03-22T20:58:55Z WARNING bsky_collector_v2.job.index_feed_generators: listRecords failed repo=did:plc:z6ageabbb6wul3pmbwnjwmsl err=HttpError('InvalidRequest: Could not find repo: did:plc:z6ageabbb6wul3pmbwnjwmsl')
2026-03-22T20:58:55Z WARNING bsky_collector_v2.job.index_feed_generators: listRecords failed repo=did:plc:3h3twdkp7zkb3rtqm4unqeey err=HttpError('InvalidRequest: Could not find repo: did:plc:3h3twdkp7zkb3rtqm4unqeey')
2026-03-22T20:58:55Z WARNING bsky_collector_v2.job.index_feed_generators: listRecords failed repo=did:plc:jm6yn4lchojbsrs6zg7swxwq err=HttpError('InvalidRequest: Could not find repo: did:plc:jm6yn4lchojbsrs6zg7swxwq')
2026-03-22T20:58:55Z WARNING bsky_collector_v2.job.index_feed_generators: listRecords failed repo=did:plc:z6ageabbb6wul3pmbwnjwmsl err=HttpError('InvalidRequest: Could not find repo: did:plc:z6ageabbb6wul3pmbwnjwmsl')
2026-03-22T20:58:56Z INFO bsky_collector_v2.job.index_feed_generators: enqueued repos page=10 mode=listRepos inserted=500 repos_returned=500 next_cursor=set
2026-03-22T20:58:56Z WARNING bsky_collector_v2.job.index_feed_generators: listRecords failed repo=did:plc:2d2jq3o53ihh6u2jfvp2lw7u err=HttpError('InvalidRequest: Could not find repo: did:plc:2d2jq3o53ihh6u2jfvp2lw7u')
2026-03-22T20:59:16Z WARNING bsky_collector_v2.job.index_feed_generators: listRecords failed repo=did:plc:d7osmgihsonydfkme5l6ybc7 err=HttpError('InvalidRequest: Could not find repo: did:plc:d7osmgihsonydfkme5l6ybc7')
2026-03-22T21:00:01Z WARNING bsky_collector_v2.job.index_feed_generators: listRecords failed repo=did:plc:q3sgpzv5rnk77qjryn33fthm err=HttpError('InvalidRequest: Could not find repo: did:plc:q3sgpzv5rnk77qjryn33fthm')
2026-03-22T21:00:33Z WARNING bsky_collector_v2.job.index_feed_generators: listRecords failed repo=did:plc:2d2jq3o53ihh6u2jfvp2lw7u err=HttpError('InvalidRequest: Could not find repo: did:plc:2d2jq3o53ihh6u2jfvp2lw7u')
2026-03-22T21:00:33Z WARNING bsky_collector_v2.job.index_feed_generators: listRecords failed repo=did:plc:d7osmgihsonydfkme5l6ybc7 err=HttpError('InvalidRequest: Could not find repo: did:plc:d7osmgihsonydfkme5l6ybc7')
2026-03-22T21:00:34Z WARNING bsky_collector_v2.job.index_feed_generators: listRecords failed repo=did:plc:q3sgpzv5rnk77qjryn33fthm err=HttpError('InvalidRequest: Could not find repo: did:plc:q3sgpzv5rnk77qjryn33fthm')
2026-03-22T21:00:34Z WARNING bsky_collector_v2.job.index_feed_generators: listRecords failed repo=did:plc:2d2jq3o53ihh6u2jfvp2lw7u err=HttpError('InvalidRequest: Could not find repo: did:plc:2d2jq3o53ihh6u2jfvp2lw7u')
2026-03-22T21:00:34Z WARNING bsky_collector_v2.job.index_feed_generators: listRecords failed repo=did:plc:d7osmgihsonydfkme5l6ybc7 err=HttpError('InvalidRequest: Could not find repo: did:plc:d7osmgihsonydfkme5l6ybc7')
2026-03-22T21:00:34Z WARNING bsky_collector_v2.job.index_feed_generators: listRecords failed repo=did:plc:q3sgpzv5rnk77qjryn33fthm err=HttpError('InvalidRequest: Could not find repo: did:plc:q3sgpzv5rnk77qjryn33fthm')
2026-03-22T21:00:35Z INFO bsky_collector_v2.job.index_feed_generators: enqueued repos page=11 mode=listRepos inserted=500 repos_returned=500 next_cursor=set
2026-03-22T21:01:30Z WARNING bsky_collector_v2.job.index_feed_generators: listRecords failed repo=did:plc:jhkfm3eotejyx6wir4nmbncg err=HttpError('InvalidRequest: Could not find repo: did:plc:jhkfm3eotejyx6wir4nmbncg')
2026-03-22T21:02:08Z WARNING bsky_collector_v2.job.index_feed_generators: listRecords failed repo=did:plc:whmq774xnomdc2dvk4efmoli err=HttpError('InvalidRequest: Could not find repo: did:plc:whmq774xnomdc2dvk4efmoli')
2026-03-22T21:02:24Z WARNING bsky_collector_v2.job.index_feed_generators: listRecords failed repo=did:plc:jhkfm3eotejyx6wir4nmbncg err=HttpError('InvalidRequest: Could not find repo: did:plc:jhkfm3eotejyx6wir4nmbncg')
2026-03-22T21:02:24Z WARNING bsky_collector_v2.job.index_feed_generators: listRecords failed repo=did:plc:whmq774xnomdc2dvk4efmoli err=HttpError('InvalidRequest: Could not find repo: did:plc:whmq774xnomdc2dvk4efmoli')
2026-03-22T21:02:24Z WARNING bsky_collector_v2.job.index_feed_generators: listRecords failed repo=did:plc:jhkfm3eotejyx6wir4nmbncg err=HttpError('InvalidRequest: Could not find repo: did:plc:jhkfm3eotejyx6wir4nmbncg')
2026-03-22T21:02:25Z WARNING bsky_collector_v2.job.index_feed_generators: listRecords failed repo=did:plc:whmq774xnomdc2dvk4efmoli err=HttpError('InvalidRequest: Could not find repo: did:plc:whmq774xnomdc2dvk4efmoli')
2026-03-22T21:02:25Z INFO bsky_collector_v2.job.index_feed_generators: enqueued repos page=12 mode=listRepos inserted=500 repos_returned=500 next_cursor=set
2026-03-22T21:02:28Z WARNING bsky_collector_v2.job.index_feed_generators: listRecords failed repo=did:plc:2qurwlimeqokbo55c6kqmyrf err=HttpError('InvalidRequest: Could not find repo: did:plc:2qurwlimeqokbo55c6kqmyrf')
2026-03-22T21:02:57Z WARNING bsky_collector_v2.job.index_feed_generators: listRecords failed repo=did:plc:eyz6whedhis5ucqyaautwlpf err=HttpError('InvalidRequest: Could not find repo: did:plc:eyz6whedhis5ucqyaautwlpf')
2026-03-22T21:04:01Z WARNING bsky_collector_v2.job.index_feed_generators: listRecords failed repo=did:plc:2qurwlimeqokbo55c6kqmyrf err=HttpError('InvalidRequest: Could not find repo: did:plc:2qurwlimeqokbo55c6kqmyrf')
2026-03-22T21:04:01Z WARNING bsky_collector_v2.job.index_feed_generators: listRecords failed repo=did:plc:eyz6whedhis5ucqyaautwlpf err=HttpError('InvalidRequest: Could not find repo: did:plc:eyz6whedhis5ucqyaautwlpf')
2026-03-22T21:04:01Z WARNING bsky_collector_v2.job.index_feed_generators: listRecords failed repo=did:plc:2qurwlimeqokbo55c6kqmyrf err=HttpError('InvalidRequest: Could not find repo: did:plc:2qurwlimeqokbo55c6kqmyrf')
2026-03-22T21:04:01Z WARNING bsky_collector_v2.job.index_feed_generators: listRecords failed repo=did:plc:eyz6whedhis5ucqyaautwlpf err=HttpError('InvalidRequest: Could not find repo: did:plc:eyz6whedhis5ucqyaautwlpf')
2026-03-22T21:04:02Z INFO bsky_collector_v2.job.index_feed_generators: enqueued repos page=13 mode=listRepos inserted=500 repos_returned=500 next_cursor=set
2026-03-22T21:04:14Z WARNING bsky_collector_v2.job.index_feed_generators: listRecords failed repo=did:plc:6h3f6onmxwuyjazs5ki7khb5 err=HttpError('InvalidRequest: Could not find repo: did:plc:6h3f6onmxwuyjazs5ki7khb5')
2026-03-22T21:04:18Z INFO bsky_collector_v2.job.index_feed_generators: indexed repo=did:plc:7hmwmjlnmkcbdgjscggcqgyk part=224 records=1 next_cursor=set
2026-03-22T21:04:50Z WARNING bsky_collector_v2.job.index_feed_generators: listRecords failed repo=did:plc:jv2mae74mfqkwagrdraphfqs err=HttpError('InvalidRequest: Could not find repo: did:plc:jv2mae74mfqkwagrdraphfqs')
2026-03-22T21:05:02Z INFO bsky_collector_v2.job.index_feed_generators: indexed repo=did:plc:o4yhaamuw7uhjjkip66ewi4k part=225 records=1 next_cursor=set
2026-03-22T21:05:28Z WARNING bsky_collector_v2.job.index_feed_generators: listRecords failed repo=did:plc:xux2hfiaifcl443vevkucrgj err=HttpError('InvalidRequest: Could not find repo: did:plc:xux2hfiaifcl443vevkucrgj')
2026-03-22T21:05:34Z WARNING bsky_collector_v2.job.index_feed_generators: listRecords failed repo=did:plc:6h3f6onmxwuyjazs5ki7khb5 err=HttpError('InvalidRequest: Could not find repo: did:plc:6h3f6onmxwuyjazs5ki7khb5')
2026-03-22T21:05:34Z WARNING bsky_collector_v2.job.index_feed_generators: listRecords failed repo=did:plc:jv2mae74mfqkwagrdraphfqs err=HttpError('InvalidRequest: Could not find repo: did:plc:jv2mae74mfqkwagrdraphfqs')
2026-03-22T21:05:34Z WARNING bsky_collector_v2.job.index_feed_generators: listRecords failed repo=did:plc:xux2hfiaifcl443vevkucrgj err=HttpError('InvalidRequest: Could not find repo: did:plc:xux2hfiaifcl443vevkucrgj')
2026-03-22T21:05:34Z WARNING bsky_collector_v2.job.index_feed_generators: listRecords failed repo=did:plc:6h3f6onmxwuyjazs5ki7khb5 err=HttpError('InvalidRequest: Could not find repo: did:plc:6h3f6onmxwuyjazs5ki7khb5')
2026-03-22T21:05:34Z WARNING bsky_collector_v2.job.index_feed_generators: listRecords failed repo=did:plc:jv2mae74mfqkwagrdraphfqs err=HttpError('InvalidRequest: Could not find repo: did:plc:jv2mae74mfqkwagrdraphfqs')
2026-03-22T21:05:34Z WARNING bsky_collector_v2.job.index_feed_generators: listRecords failed repo=did:plc:xux2hfiaifcl443vevkucrgj err=HttpError('InvalidRequest: Could not find repo: did:plc:xux2hfiaifcl443vevkucrgj')
2026-03-22T21:05:35Z INFO bsky_collector_v2.job.index_feed_generators: enqueued repos page=14 mode=listRepos inserted=500 repos_returned=500 next_cursor=set
2026-03-22T21:05:44Z INFO bsky_collector_v2.job.index_feed_generators: indexed repo=did:plc:63wytfb2epym3xtpysvadht6 part=226 records=2 next_cursor=set
2026-03-22T21:05:44Z WARNING bsky_collector_v2.job.index_feed_generators: listRecords failed repo=did:plc:64jmzlbfhqjzfdro2a445brn err=HttpError('InvalidRequest: Could not find repo: did:plc:64jmzlbfhqjzfdro2a445brn')
2026-03-22T21:06:10Z WARNING bsky_collector_v2.job.index_feed_generators: listRecords failed repo=did:plc:i44nwlwr6hpuu3jo2mkmnulo err=HttpError('InvalidRequest: Could not find repo: did:plc:i44nwlwr6hpuu3jo2mkmnulo')
2026-03-22T21:06:44Z WARNING bsky_collector_v2.job.index_feed_generators: listRecords failed repo=did:plc:tpdpeom7j3csztqfw6ge62dk err=HttpError('InvalidRequest: Could not find repo: did:plc:tpdpeom7j3csztqfw6ge62dk')
2026-03-22T21:06:45Z WARNING bsky_collector_v2.job.index_feed_generators: listRecords failed repo=did:plc:u5yuy72mwx4wwidckb7qq7rf err=HttpError('InvalidRequest: Could not find repo: did:plc:u5yuy72mwx4wwidckb7qq7rf')
2026-03-22T21:06:58Z WARNING bsky_collector_v2.job.index_feed_generators: listRecords failed repo=did:plc:64jmzlbfhqjzfdro2a445brn err=HttpError('InvalidRequest: Could not find repo: did:plc:64jmzlbfhqjzfdro2a445brn')
2026-03-22T21:06:58Z WARNING bsky_collector_v2.job.index_feed_generators: listRecords failed repo=did:plc:i44nwlwr6hpuu3jo2mkmnulo err=HttpError('InvalidRequest: Could not find repo: did:plc:i44nwlwr6hpuu3jo2mkmnulo')
2026-03-22T21:06:58Z WARNING bsky_collector_v2.job.index_feed_generators: listRecords failed repo=did:plc:tpdpeom7j3csztqfw6ge62dk err=HttpError('InvalidRequest: Could not find repo: did:plc:tpdpeom7j3csztqfw6ge62dk')
2026-03-22T21:06:58Z WARNING bsky_collector_v2.job.index_feed_generators: listRecords failed repo=did:plc:u5yuy72mwx4wwidckb7qq7rf err=HttpError('InvalidRequest: Could not find repo: did:plc:u5yuy72mwx4wwidckb7qq7rf')
2026-03-22T21:06:58Z WARNING bsky_collector_v2.job.index_feed_generators: listRecords failed repo=did:plc:64jmzlbfhqjzfdro2a445brn err=HttpError('InvalidRequest: Could not find repo: did:plc:64jmzlbfhqjzfdro2a445brn')
2026-03-22T21:06:58Z WARNING bsky_collector_v2.job.index_feed_generators: listRecords failed repo=did:plc:i44nwlwr6hpuu3jo2mkmnulo err=HttpError('InvalidRequest: Could not find repo: did:plc:i44nwlwr6hpuu3jo2mkmnulo')
2026-03-22T21:06:58Z WARNING bsky_collector_v2.job.index_feed_generators: listRecords failed repo=did:plc:tpdpeom7j3csztqfw6ge62dk err=HttpError('InvalidRequest: Could not find repo: did:plc:tpdpeom7j3csztqfw6ge62dk')
2026-03-22T21:06:58Z WARNING bsky_collector_v2.job.index_feed_generators: listRecords failed repo=did:plc:u5yuy72mwx4wwidckb7qq7rf err=HttpError('InvalidRequest: Could not find repo: did:plc:u5yuy72mwx4wwidckb7qq7rf')
2026-03-22T21:06:59Z INFO bsky_collector_v2.job.index_feed_generators: enqueued repos page=15 mode=listRepos inserted=500 repos_returned=500 next_cursor=set
2026-03-22T21:07:00Z WARNING bsky_collector_v2.job.index_feed_generators: listRecords failed repo=did:plc:2bq75hqbkvhlao6lnapmb7df err=HttpError('InvalidRequest: Could not find repo: did:plc:2bq75hqbkvhlao6lnapmb7df')
2026-03-22T21:07:06Z WARNING bsky_collector_v2.job.index_feed_generators: listRecords failed repo=did:plc:577dnsugz6vk744oznzxvp4d err=HttpError('InvalidRequest: Could not find repo: did:plc:577dnsugz6vk744oznzxvp4d')
2026-03-22T21:07:14Z WARNING bsky_collector_v2.job.index_feed_generators: listRecords failed repo=did:plc:ay7c7burk56q7jk2jjiezxfb err=HttpError('InvalidRequest: Could not find repo: did:plc:ay7c7burk56q7jk2jjiezxfb')
2026-03-22T21:07:22Z WARNING bsky_collector_v2.job.index_feed_generators: listRecords failed repo=did:plc:dv7yucrysj32ihrohcrv7qe5 err=HttpError('InvalidRequest: Could not find repo: did:plc:dv7yucrysj32ihrohcrv7qe5')
2026-03-22T21:07:43Z WARNING bsky_collector_v2.job.index_feed_generators: listRecords failed repo=did:plc:lr6g473v7fmpvbqfwhdk22xf err=HttpError('InvalidRequest: Could not find repo: did:plc:lr6g473v7fmpvbqfwhdk22xf')
2026-03-22T21:08:00Z WARNING bsky_collector_v2.job.index_feed_generators: listRecords failed repo=did:plc:sfdxmdfqkfqtycl6xmdlosvf err=HttpError('InvalidRequest: Could not find repo: did:plc:sfdxmdfqkfqtycl6xmdlosvf')
2026-03-22T21:08:27Z WARNING bsky_collector_v2.job.index_feed_generators: listRecords failed repo=did:plc:2bq75hqbkvhlao6lnapmb7df err=HttpError('InvalidRequest: Could not find repo: did:plc:2bq75hqbkvhlao6lnapmb7df')
2026-03-22T21:08:27Z WARNING bsky_collector_v2.job.index_feed_generators: listRecords failed repo=did:plc:577dnsugz6vk744oznzxvp4d err=HttpError('InvalidRequest: Could not find repo: did:plc:577dnsugz6vk744oznzxvp4d')
2026-03-22T21:08:27Z WARNING bsky_collector_v2.job.index_feed_generators: listRecords failed repo=did:plc:ay7c7burk56q7jk2jjiezxfb err=HttpError('InvalidRequest: Could not find repo: did:plc:ay7c7burk56q7jk2jjiezxfb')
2026-03-22T21:08:27Z WARNING bsky_collector_v2.job.index_feed_generators: listRecords failed repo=did:plc:dv7yucrysj32ihrohcrv7qe5 err=HttpError('InvalidRequest: Could not find repo: did:plc:dv7yucrysj32ihrohcrv7qe5')
2026-03-22T21:08:27Z WARNING bsky_collector_v2.job.index_feed_generators: listRecords failed repo=did:plc:lr6g473v7fmpvbqfwhdk22xf err=HttpError('InvalidRequest: Could not find repo: did:plc:lr6g473v7fmpvbqfwhdk22xf')
2026-03-22T21:08:28Z WARNING bsky_collector_v2.job.index_feed_generators: listRecords failed repo=did:plc:sfdxmdfqkfqtycl6xmdlosvf err=HttpError('InvalidRequest: Could not find repo: did:plc:sfdxmdfqkfqtycl6xmdlosvf')
2026-03-22T21:08:28Z WARNING bsky_collector_v2.job.index_feed_generators: listRecords failed repo=did:plc:2bq75hqbkvhlao6lnapmb7df err=HttpError('InvalidRequest: Could not find repo: did:plc:2bq75hqbkvhlao6lnapmb7df')
2026-03-22T21:08:28Z WARNING bsky_collector_v2.job.index_feed_generators: listRecords failed repo=did:plc:577dnsugz6vk744oznzxvp4d err=HttpError('InvalidRequest: Could not find repo: did:plc:577dnsugz6vk744oznzxvp4d')
2026-03-22T21:08:28Z WARNING bsky_collector_v2.job.index_feed_generators: listRecords failed repo=did:plc:ay7c7burk56q7jk2jjiezxfb err=HttpError('InvalidRequest: Could not find repo: did:plc:ay7c7burk56q7jk2jjiezxfb')
2026-03-22T21:08:28Z WARNING bsky_collector_v2.job.index_feed_generators: listRecords failed repo=did:plc:dv7yucrysj32ihrohcrv7qe5 err=HttpError('InvalidRequest: Could not find repo: did:plc:dv7yucrysj32ihrohcrv7qe5')
2026-03-22T21:08:28Z WARNING bsky_collector_v2.job.index_feed_generators: listRecords failed repo=did:plc:lr6g473v7fmpvbqfwhdk22xf err=HttpError('InvalidRequest: Could not find repo: did:plc:lr6g473v7fmpvbqfwhdk22xf')
2026-03-22T21:08:29Z WARNING bsky_collector_v2.job.index_feed_generators: listRecords failed repo=did:plc:sfdxmdfqkfqtycl6xmdlosvf err=HttpError('InvalidRequest: Could not find repo: did:plc:sfdxmdfqkfqtycl6xmdlosvf')
2026-03-22T21:08:29Z INFO bsky_collector_v2.job.index_feed_generators: enqueued repos page=16 mode=listRepos inserted=500 repos_returned=500 next_cursor=set
2026-03-22T21:08:53Z INFO bsky_collector_v2.job.index_feed_generators: indexed repo=did:plc:c5dvx44vfk6v557ebr6p5di5 part=227 records=3 next_cursor=set
2026-03-22T21:09:01Z INFO bsky_collector_v2.job.index_feed_generators: indexed repo=did:plc:fsrot2mvmn3hqyb2lzeiz37h part=228 records=1 next_cursor=set
2026-03-22T21:10:01Z INFO bsky_collector_v2.job.index_feed_generators: enqueued repos page=17 mode=listRepos inserted=500 repos_returned=500 next_cursor=set
2026-03-22T21:11:22Z WARNING bsky_collector_v2.job.index_feed_generators: listRecords failed repo=did:plc:s5mpdimbh3rfg5kzukq55fho err=HttpError('InvalidRequest: Could not find repo: did:plc:s5mpdimbh3rfg5kzukq55fho')
2026-03-22T21:11:49Z WARNING bsky_collector_v2.job.index_feed_generators: listRecords failed repo=did:plc:s5mpdimbh3rfg5kzukq55fho err=HttpError('InvalidRequest: Could not find repo: did:plc:s5mpdimbh3rfg5kzukq55fho')
2026-03-22T21:11:49Z WARNING bsky_collector_v2.job.index_feed_generators: listRecords failed repo=did:plc:s5mpdimbh3rfg5kzukq55fho err=HttpError('InvalidRequest: Could not find repo: did:plc:s5mpdimbh3rfg5kzukq55fho')
2026-03-22T21:11:50Z INFO bsky_collector_v2.job.index_feed_generators: enqueued repos page=18 mode=listRepos inserted=500 repos_returned=500 next_cursor=set
2026-03-22T21:12:02Z WARNING bsky_collector_v2.job.index_feed_generators: listRecords failed repo=did:plc:65shxo7cklxrdu5gxw2nip2b err=HttpError('InvalidRequest: Could not find repo: did:plc:65shxo7cklxrdu5gxw2nip2b')
2026-03-22T21:12:37Z WARNING bsky_collector_v2.job.index_feed_generators: listRecords failed repo=did:plc:lauh4v3mqmsbofo7huritj2j err=HttpError('InvalidRequest: Could not find repo: did:plc:lauh4v3mqmsbofo7huritj2j')
2026-03-22T21:13:29Z WARNING bsky_collector_v2.job.index_feed_generators: listRecords failed repo=did:plc:65shxo7cklxrdu5gxw2nip2b err=HttpError('InvalidRequest: Could not find repo: did:plc:65shxo7cklxrdu5gxw2nip2b')
2026-03-22T21:13:29Z WARNING bsky_collector_v2.job.index_feed_generators: listRecords failed repo=did:plc:lauh4v3mqmsbofo7huritj2j err=HttpError('InvalidRequest: Could not find repo: did:plc:lauh4v3mqmsbofo7huritj2j')
2026-03-22T21:13:29Z WARNING bsky_collector_v2.job.index_feed_generators: listRecords failed repo=did:plc:65shxo7cklxrdu5gxw2nip2b err=HttpError('InvalidRequest: Could not find repo: did:plc:65shxo7cklxrdu5gxw2nip2b')
2026-03-22T21:13:29Z WARNING bsky_collector_v2.job.index_feed_generators: listRecords failed repo=did:plc:lauh4v3mqmsbofo7huritj2j err=HttpError('InvalidRequest: Could not find repo: did:plc:lauh4v3mqmsbofo7huritj2j')
2026-03-22T21:13:30Z INFO bsky_collector_v2.job.index_feed_generators: enqueued repos page=19 mode=listRepos inserted=500 repos_returned=500 next_cursor=set
2026-03-22T21:13:46Z WARNING bsky_collector_v2.job.index_feed_generators: listRecords failed repo=did:plc:6x4uhpk4uwmgpdbdqxuimehe err=HttpError('InvalidRequest: Could not find repo: did:plc:6x4uhpk4uwmgpdbdqxuimehe')
2026-03-22T21:14:06Z WARNING bsky_collector_v2.job.index_feed_generators: listRecords failed repo=did:plc:fgo67alhpq6aayza2gow6tn7 err=HttpError('InvalidRequest: Could not find repo: did:plc:fgo67alhpq6aayza2gow6tn7')
2026-03-22T21:14:41Z WARNING bsky_collector_v2.job.index_feed_generators: listRecords failed repo=did:plc:qqzfblwyntwxrc4glyvbsku2 err=HttpError('InvalidRequest: Could not find repo: did:plc:qqzfblwyntwxrc4glyvbsku2')
2026-03-22T21:15:13Z WARNING bsky_collector_v2.job.index_feed_generators: listRecords failed repo=did:plc:z3vdeqzaw4dhtr53fpv4vhhf err=HttpError('InvalidRequest: Could not find repo: did:plc:z3vdeqzaw4dhtr53fpv4vhhf')
2026-03-22T21:15:16Z WARNING bsky_collector_v2.job.index_feed_generators: listRecords failed repo=did:plc:6x4uhpk4uwmgpdbdqxuimehe err=HttpError('InvalidRequest: Could not find repo: did:plc:6x4uhpk4uwmgpdbdqxuimehe')
2026-03-22T21:15:16Z WARNING bsky_collector_v2.job.index_feed_generators: listRecords failed repo=did:plc:fgo67alhpq6aayza2gow6tn7 err=HttpError('InvalidRequest: Could not find repo: did:plc:fgo67alhpq6aayza2gow6tn7')
2026-03-22T21:15:16Z WARNING bsky_collector_v2.job.index_feed_generators: listRecords failed repo=did:plc:qqzfblwyntwxrc4glyvbsku2 err=HttpError('InvalidRequest: Could not find repo: did:plc:qqzfblwyntwxrc4glyvbsku2')
2026-03-22T21:15:16Z WARNING bsky_collector_v2.job.index_feed_generators: listRecords failed repo=did:plc:z3vdeqzaw4dhtr53fpv4vhhf err=HttpError('InvalidRequest: Could not find repo: did:plc:z3vdeqzaw4dhtr53fpv4vhhf')
2026-03-22T21:15:16Z WARNING bsky_collector_v2.job.index_feed_generators: listRecords failed repo=did:plc:6x4uhpk4uwmgpdbdqxuimehe err=HttpError('InvalidRequest: Could not find repo: did:plc:6x4uhpk4uwmgpdbdqxuimehe')
2026-03-22T21:15:16Z WARNING bsky_collector_v2.job.index_feed_generators: listRecords failed repo=did:plc:fgo67alhpq6aayza2gow6tn7 err=HttpError('InvalidRequest: Could not find repo: did:plc:fgo67alhpq6aayza2gow6tn7')
2026-03-22T21:15:17Z WARNING bsky_collector_v2.job.index_feed_generators: listRecords failed repo=did:plc:qqzfblwyntwxrc4glyvbsku2 err=HttpError('InvalidRequest: Could not find repo: did:plc:qqzfblwyntwxrc4glyvbsku2')
2026-03-22T21:15:17Z WARNING bsky_collector_v2.job.index_feed_generators: listRecords failed repo=did:plc:z3vdeqzaw4dhtr53fpv4vhhf err=HttpError('InvalidRequest: Could not find repo: did:plc:z3vdeqzaw4dhtr53fpv4vhhf')
2026-03-22T21:15:17Z INFO bsky_collector_v2.job.index_feed_generators: enqueued repos page=20 mode=listRepos inserted=500 repos_returned=500 next_cursor=set
2026-03-22T21:16:07Z WARNING bsky_collector_v2.job.index_feed_generators: listRecords failed repo=did:plc:iio2pkb4ach3gcopv5gu2fit err=HttpError('InvalidRequest: Could not find repo: did:plc:iio2pkb4ach3gcopv5gu2fit')
2026-03-22T21:16:44Z WARNING bsky_collector_v2.job.index_feed_generators: listRecords failed repo=did:plc:vyyjldbcxqx3whzl7tisdy7k err=HttpError('InvalidRequest: Could not find repo: did:plc:vyyjldbcxqx3whzl7tisdy7k')
2026-03-22T21:16:59Z WARNING bsky_collector_v2.job.index_feed_generators: listRecords failed repo=did:plc:iio2pkb4ach3gcopv5gu2fit err=HttpError('InvalidRequest: Could not find repo: did:plc:iio2pkb4ach3gcopv5gu2fit')
2026-03-22T21:16:59Z WARNING bsky_collector_v2.job.index_feed_generators: listRecords failed repo=did:plc:vyyjldbcxqx3whzl7tisdy7k err=HttpError('InvalidRequest: Could not find repo: did:plc:vyyjldbcxqx3whzl7tisdy7k')
2026-03-22T21:16:59Z WARNING bsky_collector_v2.job.index_feed_generators: listRecords failed repo=did:plc:iio2pkb4ach3gcopv5gu2fit err=HttpError('InvalidRequest: Could not find repo: did:plc:iio2pkb4ach3gcopv5gu2fit')
2026-03-22T21:16:59Z WARNING bsky_collector_v2.job.index_feed_generators: listRecords failed repo=did:plc:vyyjldbcxqx3whzl7tisdy7k err=HttpError('InvalidRequest: Could not find repo: did:plc:vyyjldbcxqx3whzl7tisdy7k')
2026-03-22T21:16:59Z INFO bsky_collector_v2.job.index_feed_generators: enqueued repos page=21 mode=listRepos inserted=500 repos_returned=500 next_cursor=set
2026-03-22T21:17:09Z WARNING bsky_collector_v2.job.index_feed_generators: listRecords failed repo=did:plc:5lyv64ah7xg3nxgt5uwhiic4 err=HttpError('InvalidRequest: Could not find repo: did:plc:5lyv64ah7xg3nxgt5uwhiic4')
2026-03-22T21:17:39Z WARNING bsky_collector_v2.job.index_feed_generators: listRecords failed repo=did:plc:eomdlvteq2x22iqeylkq2b2m err=HttpError('InvalidRequest: Could not find repo: did:plc:eomdlvteq2x22iqeylkq2b2m')
2026-03-22T21:18:04Z INFO bsky_collector_v2.job.index_feed_generators: indexed repo=did:plc:l7haay6bxhkvjc6boijsnx62 part=229 records=1 next_cursor=set
2026-03-22T21:18:58Z WARNING bsky_collector_v2.job.index_feed_generators: listRecords failed repo=did:plc:5lyv64ah7xg3nxgt5uwhiic4 err=HttpError('InvalidRequest: Could not find repo: did:plc:5lyv64ah7xg3nxgt5uwhiic4')
2026-03-22T21:18:58Z WARNING bsky_collector_v2.job.index_feed_generators: listRecords failed repo=did:plc:eomdlvteq2x22iqeylkq2b2m err=HttpError('InvalidRequest: Could not find repo: did:plc:eomdlvteq2x22iqeylkq2b2m')
2026-03-22T21:18:58Z WARNING bsky_collector_v2.job.index_feed_generators: listRecords failed repo=did:plc:5lyv64ah7xg3nxgt5uwhiic4 err=HttpError('InvalidRequest: Could not find repo: did:plc:5lyv64ah7xg3nxgt5uwhiic4')
2026-03-22T21:18:58Z WARNING bsky_collector_v2.job.index_feed_generators: listRecords failed repo=did:plc:eomdlvteq2x22iqeylkq2b2m err=HttpError('InvalidRequest: Could not find repo: did:plc:eomdlvteq2x22iqeylkq2b2m')
2026-03-22T21:18:59Z INFO bsky_collector_v2.job.index_feed_generators: enqueued repos page=22 mode=listRepos inserted=500 repos_returned=500 next_cursor=set
2026-03-22T21:19:35Z WARNING bsky_collector_v2.job.index_feed_generators: listRecords failed repo=did:plc:cqjs5c57y2kn2k74tiw7xyao err=HttpError('InvalidRequest: Could not find repo: did:plc:cqjs5c57y2kn2k74tiw7xyao')
2026-03-22T21:19:43Z WARNING bsky_collector_v2.job.index_feed_generators: listRecords failed repo=did:plc:g7qlxct6abbrz7ppgqznzq7y err=HttpError('InvalidRequest: Could not find repo: did:plc:g7qlxct6abbrz7ppgqznzq7y')
2026-03-22T21:19:57Z WARNING bsky_collector_v2.job.index_feed_generators: listRecords failed repo=did:plc:leqytkyxmpulcwwfa3zrsmc7 err=HttpError('InvalidRequest: Could not find repo: did:plc:leqytkyxmpulcwwfa3zrsmc7')
2026-03-22T21:20:33Z WARNING bsky_collector_v2.job.index_feed_generators: listRecords failed repo=did:plc:cqjs5c57y2kn2k74tiw7xyao err=HttpError('InvalidRequest: Could not find repo: did:plc:cqjs5c57y2kn2k74tiw7xyao')
2026-03-22T21:20:33Z WARNING bsky_collector_v2.job.index_feed_generators: listRecords failed repo=did:plc:g7qlxct6abbrz7ppgqznzq7y err=HttpError('InvalidRequest: Could not find repo: did:plc:g7qlxct6abbrz7ppgqznzq7y')
2026-03-22T21:20:33Z WARNING bsky_collector_v2.job.index_feed_generators: listRecords failed repo=did:plc:leqytkyxmpulcwwfa3zrsmc7 err=HttpError('InvalidRequest: Could not find repo: did:plc:leqytkyxmpulcwwfa3zrsmc7')
2026-03-22T21:20:33Z WARNING bsky_collector_v2.job.index_feed_generators: listRecords failed repo=did:plc:cqjs5c57y2kn2k74tiw7xyao err=HttpError('InvalidRequest: Could not find repo: did:plc:cqjs5c57y2kn2k74tiw7xyao')
2026-03-22T21:20:33Z WARNING bsky_collector_v2.job.index_feed_generators: listRecords failed repo=did:plc:g7qlxct6abbrz7ppgqznzq7y err=HttpError('InvalidRequest: Could not find repo: did:plc:g7qlxct6abbrz7ppgqznzq7y')
2026-03-22T21:20:33Z WARNING bsky_collector_v2.job.index_feed_generators: listRecords failed repo=did:plc:leqytkyxmpulcwwfa3zrsmc7 err=HttpError('InvalidRequest: Could not find repo: did:plc:leqytkyxmpulcwwfa3zrsmc7')
2026-03-22T21:20:34Z INFO bsky_collector_v2.job.index_feed_generators: enqueued repos page=23 mode=listRepos inserted=500 repos_returned=500 next_cursor=set
2026-03-22T21:20:55Z WARNING bsky_collector_v2.job.index_feed_generators: listRecords failed repo=did:plc:bc2ciitg6bz2z7cxdllpm73q err=HttpError('InvalidRequest: Could not find repo: did:plc:bc2ciitg6bz2z7cxdllpm73q')
2026-03-22T21:20:59Z WARNING bsky_collector_v2.job.index_feed_generators: listRecords failed repo=did:plc:d2vihecw4gn2xlivduc6khjy err=HttpError('InvalidRequest: Could not find repo: did:plc:d2vihecw4gn2xlivduc6khjy')
2026-03-22T21:21:00Z WARNING bsky_collector_v2.job.index_feed_generators: listRecords failed repo=did:plc:dbq6jtcw4zaljqwukwsrbhh5 err=HttpError('InvalidRequest: Could not find repo: did:plc:dbq6jtcw4zaljqwukwsrbhh5')
2026-03-22T21:21:00Z WARNING bsky_collector_v2.job.index_feed_generators: listRecords failed repo=did:plc:dhn6n5ytwr44o64w3jeklw2u err=HttpError('InvalidRequest: Could not find repo: did:plc:dhn6n5ytwr44o64w3jeklw2u')
2026-03-22T21:21:04Z WARNING bsky_collector_v2.job.index_feed_generators: listRecords failed repo=did:plc:et77sjpmpxc6bblzggym5rdt err=HttpError('InvalidRequest: Could not find repo: did:plc:et77sjpmpxc6bblzggym5rdt')
2026-03-22T21:21:06Z WARNING bsky_collector_v2.job.index_feed_generators: listRecords failed repo=did:plc:fpprgk4ht3gc7s4oqdzmmc7c err=HttpError('InvalidRequest: Could not find repo: did:plc:fpprgk4ht3gc7s4oqdzmmc7c')
2026-03-22T21:21:07Z WARNING bsky_collector_v2.job.index_feed_generators: listRecords failed repo=did:plc:ftumcsd2aw6oc3vhbqfk665t err=HttpError('InvalidRequest: Could not find repo: did:plc:ftumcsd2aw6oc3vhbqfk665t')
2026-03-22T21:21:18Z WARNING bsky_collector_v2.job.index_feed_generators: listRecords failed repo=did:plc:jv53u226yg4t5zbzo5s34sio err=HttpError('InvalidRequest: Could not find repo: did:plc:jv53u226yg4t5zbzo5s34sio')
2026-03-22T21:21:23Z WARNING bsky_collector_v2.job.index_feed_generators: listRecords failed repo=did:plc:m3klov5zkvrwazobg4j6o5oz err=HttpError('InvalidRequest: Could not find repo: did:plc:m3klov5zkvrwazobg4j6o5oz')
2026-03-22T21:21:23Z WARNING bsky_collector_v2.job.index_feed_generators: listRecords failed repo=did:plc:mctrn72i346przhm2uzwjufl err=HttpError('InvalidRequest: Could not find repo: did:plc:mctrn72i346przhm2uzwjufl')
2026-03-22T21:21:25Z WARNING bsky_collector_v2.job.index_feed_generators: listRecords failed repo=did:plc:mkedh7zvt645dtp2h4m23cay err=HttpError('InvalidRequest: Could not find repo: did:plc:mkedh7zvt645dtp2h4m23cay')
2026-03-22T21:21:31Z WARNING bsky_collector_v2.job.index_feed_generators: listRecords failed repo=did:plc:pnb6qder4orfik5pwwjxgj6w err=HttpError('InvalidRequest: Could not find repo: did:plc:pnb6qder4orfik5pwwjxgj6w')
2026-03-22T21:21:41Z WARNING bsky_collector_v2.job.index_feed_generators: listRecords failed repo=did:plc:tk37gwtugqn3ahxr63odq4gb err=HttpError('InvalidRequest: Could not find repo: did:plc:tk37gwtugqn3ahxr63odq4gb')
2026-03-22T21:21:44Z WARNING bsky_collector_v2.job.index_feed_generators: listRecords failed repo=did:plc:uveduisqzzyn6qqa5dwjkeqc err=HttpError('InvalidRequest: Could not find repo: did:plc:uveduisqzzyn6qqa5dwjkeqc')
2026-03-22T21:22:00Z WARNING bsky_collector_v2.job.index_feed_generators: listRecords failed repo=did:plc:bc2ciitg6bz2z7cxdllpm73q err=HttpError('InvalidRequest: Could not find repo: did:plc:bc2ciitg6bz2z7cxdllpm73q')
2026-03-22T21:22:01Z WARNING bsky_collector_v2.job.index_feed_generators: listRecords failed repo=did:plc:d2vihecw4gn2xlivduc6khjy err=HttpError('InvalidRequest: Could not find repo: did:plc:d2vihecw4gn2xlivduc6khjy')
2026-03-22T21:22:01Z WARNING bsky_collector_v2.job.index_feed_generators: listRecords failed repo=did:plc:dbq6jtcw4zaljqwukwsrbhh5 err=HttpError('InvalidRequest: Could not find repo: did:plc:dbq6jtcw4zaljqwukwsrbhh5')
2026-03-22T21:22:01Z WARNING bsky_collector_v2.job.index_feed_generators: listRecords failed repo=did:plc:dhn6n5ytwr44o64w3jeklw2u err=HttpError('InvalidRequest: Could not find repo: did:plc:dhn6n5ytwr44o64w3jeklw2u')
2026-03-22T21:22:01Z WARNING bsky_collector_v2.job.index_feed_generators: listRecords failed repo=did:plc:et77sjpmpxc6bblzggym5rdt err=HttpError('InvalidRequest: Could not find repo: did:plc:et77sjpmpxc6bblzggym5rdt')
2026-03-22T21:22:01Z WARNING bsky_collector_v2.job.index_feed_generators: listRecords failed repo=did:plc:fpprgk4ht3gc7s4oqdzmmc7c err=HttpError('InvalidRequest: Could not find repo: did:plc:fpprgk4ht3gc7s4oqdzmmc7c')
2026-03-22T21:22:01Z WARNING bsky_collector_v2.job.index_feed_generators: listRecords failed repo=did:plc:ftumcsd2aw6oc3vhbqfk665t err=HttpError('InvalidRequest: Could not find repo: did:plc:ftumcsd2aw6oc3vhbqfk665t')
2026-03-22T21:22:01Z WARNING bsky_collector_v2.job.index_feed_generators: listRecords failed repo=did:plc:jv53u226yg4t5zbzo5s34sio err=HttpError('InvalidRequest: Could not find repo: did:plc:jv53u226yg4t5zbzo5s34sio')
2026-03-22T21:22:01Z WARNING bsky_collector_v2.job.index_feed_generators: listRecords failed repo=did:plc:m3klov5zkvrwazobg4j6o5oz err=HttpError('InvalidRequest: Could not find repo: did:plc:m3klov5zkvrwazobg4j6o5oz')
2026-03-22T21:22:01Z WARNING bsky_collector_v2.job.index_feed_generators: listRecords failed repo=did:plc:mctrn72i346przhm2uzwjufl err=HttpError('InvalidRequest: Could not find repo: did:plc:mctrn72i346przhm2uzwjufl')
2026-03-22T21:22:01Z WARNING bsky_collector_v2.job.index_feed_generators: listRecords failed repo=did:plc:mkedh7zvt645dtp2h4m23cay err=HttpError('InvalidRequest: Could not find repo: did:plc:mkedh7zvt645dtp2h4m23cay')
2026-03-22T21:22:01Z WARNING bsky_collector_v2.job.index_feed_generators: listRecords failed repo=did:plc:pnb6qder4orfik5pwwjxgj6w err=HttpError('InvalidRequest: Could not find repo: did:plc:pnb6qder4orfik5pwwjxgj6w')
2026-03-22T21:22:01Z WARNING bsky_collector_v2.job.index_feed_generators: listRecords failed repo=did:plc:tk37gwtugqn3ahxr63odq4gb err=HttpError('InvalidRequest: Could not find repo: did:plc:tk37gwtugqn3ahxr63odq4gb')
2026-03-22T21:22:01Z WARNING bsky_collector_v2.job.index_feed_generators: listRecords failed repo=did:plc:uveduisqzzyn6qqa5dwjkeqc err=HttpError('InvalidRequest: Could not find repo: did:plc:uveduisqzzyn6qqa5dwjkeqc')
2026-03-22T21:22:01Z WARNING bsky_collector_v2.job.index_feed_generators: listRecords failed repo=did:plc:bc2ciitg6bz2z7cxdllpm73q err=HttpError('InvalidRequest: Could not find repo: did:plc:bc2ciitg6bz2z7cxdllpm73q')
2026-03-22T21:22:01Z WARNING bsky_collector_v2.job.index_feed_generators: listRecords failed repo=did:plc:d2vihecw4gn2xlivduc6khjy err=HttpError('InvalidRequest: Could not find repo: did:plc:d2vihecw4gn2xlivduc6khjy')
2026-03-22T21:22:01Z WARNING bsky_collector_v2.job.index_feed_generators: listRecords failed repo=did:plc:dbq6jtcw4zaljqwukwsrbhh5 err=HttpError('InvalidRequest: Could not find repo: did:plc:dbq6jtcw4zaljqwukwsrbhh5')
2026-03-22T21:22:01Z WARNING bsky_collector_v2.job.index_feed_generators: listRecords failed repo=did:plc:dhn6n5ytwr44o64w3jeklw2u err=HttpError('InvalidRequest: Could not find repo: did:plc:dhn6n5ytwr44o64w3jeklw2u')
2026-03-22T21:22:01Z WARNING bsky_collector_v2.job.index_feed_generators: listRecords failed repo=did:plc:et77sjpmpxc6bblzggym5rdt err=HttpError('InvalidRequest: Could not find repo: did:plc:et77sjpmpxc6bblzggym5rdt')
2026-03-22T21:22:01Z WARNING bsky_collector_v2.job.index_feed_generators: listRecords failed repo=did:plc:fpprgk4ht3gc7s4oqdzmmc7c err=HttpError('InvalidRequest: Could not find repo: did:plc:fpprgk4ht3gc7s4oqdzmmc7c')
2026-03-22T21:22:02Z WARNING bsky_collector_v2.job.index_feed_generators: listRecords failed repo=did:plc:ftumcsd2aw6oc3vhbqfk665t err=HttpError('InvalidRequest: Could not find repo: did:plc:ftumcsd2aw6oc3vhbqfk665t')
2026-03-22T21:22:02Z WARNING bsky_collector_v2.job.index_feed_generators: listRecords failed repo=did:plc:jv53u226yg4t5zbzo5s34sio err=HttpError('InvalidRequest: Could not find repo: did:plc:jv53u226yg4t5zbzo5s34sio')
2026-03-22T21:22:02Z WARNING bsky_collector_v2.job.index_feed_generators: listRecords failed repo=did:plc:m3klov5zkvrwazobg4j6o5oz err=HttpError('InvalidRequest: Could not find repo: did:plc:m3klov5zkvrwazobg4j6o5oz')
2026-03-22T21:22:02Z WARNING bsky_collector_v2.job.index_feed_generators: listRecords failed repo=did:plc:mctrn72i346przhm2uzwjufl err=HttpError('InvalidRequest: Could not find repo: did:plc:mctrn72i346przhm2uzwjufl')
2026-03-22T21:22:02Z WARNING bsky_collector_v2.job.index_feed_generators: listRecords failed repo=did:plc:mkedh7zvt645dtp2h4m23cay err=HttpError('InvalidRequest: Could not find repo: did:plc:mkedh7zvt645dtp2h4m23cay')
2026-03-22T21:22:02Z WARNING bsky_collector_v2.job.index_feed_generators: listRecords failed repo=did:plc:pnb6qder4orfik5pwwjxgj6w err=HttpError('InvalidRequest: Could not find repo: did:plc:pnb6qder4orfik5pwwjxgj6w')
2026-03-22T21:22:02Z WARNING bsky_collector_v2.job.index_feed_generators: listRecords failed repo=did:plc:tk37gwtugqn3ahxr63odq4gb err=HttpError('InvalidRequest: Could not find repo: did:plc:tk37gwtugqn3ahxr63odq4gb')
2026-03-22T21:22:02Z WARNING bsky_collector_v2.job.index_feed_generators: listRecords failed repo=did:plc:uveduisqzzyn6qqa5dwjkeqc err=HttpError('InvalidRequest: Could not find repo: did:plc:uveduisqzzyn6qqa5dwjkeqc')
2026-03-22T21:22:03Z INFO bsky_collector_v2.job.index_feed_generators: enqueued repos page=24 mode=listRepos inserted=500 repos_returned=500 next_cursor=set
2026-03-22T21:22:04Z WARNING bsky_collector_v2.job.index_feed_generators: listRecords failed repo=did:plc:2aiihzoebuzhdnnlw3fdy2vk err=HttpError('InvalidRequest: Could not find repo: did:plc:2aiihzoebuzhdnnlw3fdy2vk')
2026-03-22T21:22:04Z WARNING bsky_collector_v2.job.index_feed_generators: listRecords failed repo=did:plc:2djbaielqihlzecxziitucew err=HttpError('InvalidRequest: Could not find repo: did:plc:2djbaielqihlzecxziitucew')
2026-03-22T21:22:22Z WARNING bsky_collector_v2.job.index_feed_generators: listRecords failed repo=did:plc:aet57d66y5xxea4a2bgrz3im err=HttpError('InvalidRequest: Could not find repo: did:plc:aet57d66y5xxea4a2bgrz3im')
2026-03-22T21:22:46Z WARNING bsky_collector_v2.job.index_feed_generators: listRecords failed repo=did:plc:i5r76eyn5m4nrauc56evxupd err=HttpError('InvalidRequest: Could not find repo: did:plc:i5r76eyn5m4nrauc56evxupd')
2026-03-22T21:22:48Z WARNING bsky_collector_v2.job.index_feed_generators: listRecords failed repo=did:plc:ioiaxbympaazd2djo3gkbs5a err=HttpError('InvalidRequest: Could not find repo: did:plc:ioiaxbympaazd2djo3gkbs5a')
2026-03-22T21:22:51Z WARNING bsky_collector_v2.job.index_feed_generators: listRecords failed repo=did:plc:k4m6vkaifiqhssmaig3wua5l err=HttpError('InvalidRequest: Could not find repo: did:plc:k4m6vkaifiqhssmaig3wua5l')
2026-03-22T21:22:57Z WARNING bsky_collector_v2.job.index_feed_generators: listRecords failed repo=did:plc:mvo7gs7abqnxpdcsttowxscr err=HttpError('InvalidRequest: Could not find repo: did:plc:mvo7gs7abqnxpdcsttowxscr')
2026-03-22T21:23:31Z WARNING bsky_collector_v2.job.index_feed_generators: listRecords failed repo=did:plc:trwb2ovx4uvukrhii5anix3x err=HttpError('InvalidRequest: Could not find repo: did:plc:trwb2ovx4uvukrhii5anix3x')
2026-03-22T21:23:54Z WARNING bsky_collector_v2.job.index_feed_generators: listRecords failed repo=did:plc:2aiihzoebuzhdnnlw3fdy2vk err=HttpError('InvalidRequest: Could not find repo: did:plc:2aiihzoebuzhdnnlw3fdy2vk')
2026-03-22T21:23:54Z WARNING bsky_collector_v2.job.index_feed_generators: listRecords failed repo=did:plc:2djbaielqihlzecxziitucew err=HttpError('InvalidRequest: Could not find repo: did:plc:2djbaielqihlzecxziitucew')
2026-03-22T21:23:54Z WARNING bsky_collector_v2.job.index_feed_generators: listRecords failed repo=did:plc:aet57d66y5xxea4a2bgrz3im err=HttpError('InvalidRequest: Could not find repo: did:plc:aet57d66y5xxea4a2bgrz3im')
2026-03-22T21:23:54Z WARNING bsky_collector_v2.job.index_feed_generators: listRecords failed repo=did:plc:i5r76eyn5m4nrauc56evxupd err=HttpError('InvalidRequest: Could not find repo: did:plc:i5r76eyn5m4nrauc56evxupd')
2026-03-22T21:23:54Z WARNING bsky_collector_v2.job.index_feed_generators: listRecords failed repo=did:plc:ioiaxbympaazd2djo3gkbs5a err=HttpError('InvalidRequest: Could not find repo: did:plc:ioiaxbympaazd2djo3gkbs5a')
2026-03-22T21:23:54Z WARNING bsky_collector_v2.job.index_feed_generators: listRecords failed repo=did:plc:k4m6vkaifiqhssmaig3wua5l err=HttpError('InvalidRequest: Could not find repo: did:plc:k4m6vkaifiqhssmaig3wua5l')
2026-03-22T21:23:54Z WARNING bsky_collector_v2.job.index_feed_generators: listRecords failed repo=did:plc:mvo7gs7abqnxpdcsttowxscr err=HttpError('InvalidRequest: Could not find repo: did:plc:mvo7gs7abqnxpdcsttowxscr')
2026-03-22T21:23:54Z WARNING bsky_collector_v2.job.index_feed_generators: listRecords failed repo=did:plc:trwb2ovx4uvukrhii5anix3x err=HttpError('InvalidRequest: Could not find repo: did:plc:trwb2ovx4uvukrhii5anix3x')
2026-03-22T21:23:54Z WARNING bsky_collector_v2.job.index_feed_generators: listRecords failed repo=did:plc:2aiihzoebuzhdnnlw3fdy2vk err=HttpError('InvalidRequest: Could not find repo: did:plc:2aiihzoebuzhdnnlw3fdy2vk')
2026-03-22T21:23:54Z WARNING bsky_collector_v2.job.index_feed_generators: listRecords failed repo=did:plc:2djbaielqihlzecxziitucew err=HttpError('InvalidRequest: Could not find repo: did:plc:2djbaielqihlzecxziitucew')
2026-03-22T21:23:54Z WARNING bsky_collector_v2.job.index_feed_generators: listRecords failed repo=did:plc:aet57d66y5xxea4a2bgrz3im err=HttpError('InvalidRequest: Could not find repo: did:plc:aet57d66y5xxea4a2bgrz3im')
2026-03-22T21:23:54Z WARNING bsky_collector_v2.job.index_feed_generators: listRecords failed repo=did:plc:i5r76eyn5m4nrauc56evxupd err=HttpError('InvalidRequest: Could not find repo: did:plc:i5r76eyn5m4nrauc56evxupd')
2026-03-22T21:23:54Z WARNING bsky_collector_v2.job.index_feed_generators: listRecords failed repo=did:plc:ioiaxbympaazd2djo3gkbs5a err=HttpError('InvalidRequest: Could not find repo: did:plc:ioiaxbympaazd2djo3gkbs5a')
2026-03-22T21:23:54Z WARNING bsky_collector_v2.job.index_feed_generators: listRecords failed repo=did:plc:k4m6vkaifiqhssmaig3wua5l err=HttpError('InvalidRequest: Could not find repo: did:plc:k4m6vkaifiqhssmaig3wua5l')
2026-03-22T21:23:54Z WARNING bsky_collector_v2.job.index_feed_generators: listRecords failed repo=did:plc:mvo7gs7abqnxpdcsttowxscr err=HttpError('InvalidRequest: Could not find repo: did:plc:mvo7gs7abqnxpdcsttowxscr')
2026-03-22T21:23:54Z WARNING bsky_collector_v2.job.index_feed_generators: listRecords failed repo=did:plc:trwb2ovx4uvukrhii5anix3x err=HttpError('InvalidRequest: Could not find repo: did:plc:trwb2ovx4uvukrhii5anix3x')
2026-03-22T21:23:55Z INFO bsky_collector_v2.job.index_feed_generators: enqueued repos page=25 mode=listRepos inserted=500 repos_returned=500 next_cursor=set
2026-03-22T21:23:58Z WARNING bsky_collector_v2.job.index_feed_generators: listRecords failed repo=did:plc:33kpfjvuxidg5tqwaro3h7c6 err=HttpError('InvalidRequest: Could not find repo: did:plc:33kpfjvuxidg5tqwaro3h7c6')
2026-03-22T21:25:00Z WARNING bsky_collector_v2.job.index_feed_generators: listRecords failed repo=did:plc:pqerwmnouevyltxyoayhholf err=HttpError('InvalidRequest: Could not find repo: did:plc:pqerwmnouevyltxyoayhholf')
2026-03-22T21:25:31Z INFO bsky_collector_v2.job.index_feed_generators: indexed repo=did:plc:xqglbrnyotqdlsrpf7672xf3 part=230 records=1 next_cursor=set
2026-03-22T21:25:38Z WARNING bsky_collector_v2.job.index_feed_generators: listRecords failed repo=did:plc:33kpfjvuxidg5tqwaro3h7c6 err=HttpError('InvalidRequest: Could not find repo: did:plc:33kpfjvuxidg5tqwaro3h7c6')
2026-03-22T21:25:38Z WARNING bsky_collector_v2.job.index_feed_generators: listRecords failed repo=did:plc:pqerwmnouevyltxyoayhholf err=HttpError('InvalidRequest: Could not find repo: did:plc:pqerwmnouevyltxyoayhholf')
2026-03-22T21:25:38Z WARNING bsky_collector_v2.job.index_feed_generators: listRecords failed repo=did:plc:33kpfjvuxidg5tqwaro3h7c6 err=HttpError('InvalidRequest: Could not find repo: did:plc:33kpfjvuxidg5tqwaro3h7c6')
2026-03-22T21:25:38Z WARNING bsky_collector_v2.job.index_feed_generators: listRecords failed repo=did:plc:pqerwmnouevyltxyoayhholf err=HttpError('InvalidRequest: Could not find repo: did:plc:pqerwmnouevyltxyoayhholf')
2026-03-22T21:25:39Z INFO bsky_collector_v2.job.index_feed_generators: enqueued repos page=26 mode=listRepos inserted=500 repos_returned=500 next_cursor=set
2026-03-22T21:25:49Z INFO bsky_collector_v2.job.index_feed_generators: indexed repo=did:plc:6lewebogl2xlf37fgweoth65 part=231 records=3 next_cursor=set
2026-03-22T21:26:32Z WARNING bsky_collector_v2.job.index_feed_generators: listRecords failed repo=did:plc:mcw6yuge2bzlx7wvbsqae6po err=HttpError('InvalidRequest: Could not find repo: did:plc:mcw6yuge2bzlx7wvbsqae6po')
2026-03-22T21:26:41Z WARNING bsky_collector_v2.job.index_feed_generators: listRecords failed repo=did:plc:qch2vb6bnox637gp6wkxklco err=HttpError('InvalidRequest: Could not find repo: did:plc:qch2vb6bnox637gp6wkxklco')
2026-03-22T21:26:48Z WARNING bsky_collector_v2.job.index_feed_generators: listRecords failed repo=did:plc:s7qzxczrkpq7bgoclz34f3v6 err=HttpError('InvalidRequest: Could not find repo: did:plc:s7qzxczrkpq7bgoclz34f3v6')
2026-03-22T21:27:09Z WARNING bsky_collector_v2.job.index_feed_generators: listRecords failed repo=did:plc:mcw6yuge2bzlx7wvbsqae6po err=HttpError('InvalidRequest: Could not find repo: did:plc:mcw6yuge2bzlx7wvbsqae6po')
2026-03-22T21:27:09Z WARNING bsky_collector_v2.job.index_feed_generators: listRecords failed repo=did:plc:qch2vb6bnox637gp6wkxklco err=HttpError('InvalidRequest: Could not find repo: did:plc:qch2vb6bnox637gp6wkxklco')
2026-03-22T21:27:09Z WARNING bsky_collector_v2.job.index_feed_generators: listRecords failed repo=did:plc:s7qzxczrkpq7bgoclz34f3v6 err=HttpError('InvalidRequest: Could not find repo: did:plc:s7qzxczrkpq7bgoclz34f3v6')
2026-03-22T21:27:10Z WARNING bsky_collector_v2.job.index_feed_generators: listRecords failed repo=did:plc:mcw6yuge2bzlx7wvbsqae6po err=HttpError('InvalidRequest: Could not find repo: did:plc:mcw6yuge2bzlx7wvbsqae6po')
2026-03-22T21:27:10Z WARNING bsky_collector_v2.job.index_feed_generators: listRecords failed repo=did:plc:qch2vb6bnox637gp6wkxklco err=HttpError('InvalidRequest: Could not find repo: did:plc:qch2vb6bnox637gp6wkxklco')
2026-03-22T21:27:10Z WARNING bsky_collector_v2.job.index_feed_generators: listRecords failed repo=did:plc:s7qzxczrkpq7bgoclz34f3v6 err=HttpError('InvalidRequest: Could not find repo: did:plc:s7qzxczrkpq7bgoclz34f3v6')
2026-03-22T21:27:10Z INFO bsky_collector_v2.job.index_feed_generators: enqueued repos page=27 mode=listRepos inserted=500 repos_returned=500 next_cursor=set
2026-03-22T21:28:18Z INFO bsky_collector_v2.job.index_feed_generators: indexed repo=did:plc:nirnycc52pixqvrhnwjanld5 part=232 records=1 next_cursor=set
2026-03-22T21:28:20Z WARNING bsky_collector_v2.job.index_feed_generators: listRecords failed repo=did:plc:ocwahvewbi7shsye5bgwvrku err=HttpError('InvalidRequest: Could not find repo: did:plc:ocwahvewbi7shsye5bgwvrku')
2026-03-22T21:28:20Z WARNING bsky_collector_v2.job.index_feed_generators: listRecords failed repo=did:plc:of6zztphxna5yfofo7s5axnj err=HttpError('InvalidRequest: Could not find repo: did:plc:of6zztphxna5yfofo7s5axnj')
2026-03-22T21:28:38Z WARNING bsky_collector_v2.job.index_feed_generators: listRecords failed repo=did:plc:v63kiq5v5g4tpb3ozbza4hm6 err=HttpError('InvalidRequest: Could not find repo: did:plc:v63kiq5v5g4tpb3ozbza4hm6')
2026-03-22T21:28:42Z WARNING bsky_collector_v2.job.index_feed_generators: listRecords failed repo=did:plc:whvdow5umfabsdroxbhplvod err=HttpError('InvalidRequest: Could not find repo: did:plc:whvdow5umfabsdroxbhplvod')
2026-03-22T21:28:53Z WARNING bsky_collector_v2.job.index_feed_generators: listRecords failed repo=did:plc:ocwahvewbi7shsye5bgwvrku err=HttpError('InvalidRequest: Could not find repo: did:plc:ocwahvewbi7shsye5bgwvrku')
2026-03-22T21:28:53Z WARNING bsky_collector_v2.job.index_feed_generators: listRecords failed repo=did:plc:of6zztphxna5yfofo7s5axnj err=HttpError('InvalidRequest: Could not find repo: did:plc:of6zztphxna5yfofo7s5axnj')
2026-03-22T21:28:53Z WARNING bsky_collector_v2.job.index_feed_generators: listRecords failed repo=did:plc:v63kiq5v5g4tpb3ozbza4hm6 err=HttpError('InvalidRequest: Could not find repo: did:plc:v63kiq5v5g4tpb3ozbza4hm6')
2026-03-22T21:28:53Z WARNING bsky_collector_v2.job.index_feed_generators: listRecords failed repo=did:plc:whvdow5umfabsdroxbhplvod err=HttpError('InvalidRequest: Could not find repo: did:plc:whvdow5umfabsdroxbhplvod')
2026-03-22T21:28:53Z WARNING bsky_collector_v2.job.index_feed_generators: listRecords failed repo=did:plc:ocwahvewbi7shsye5bgwvrku err=HttpError('InvalidRequest: Could not find repo: did:plc:ocwahvewbi7shsye5bgwvrku')
2026-03-22T21:28:53Z WARNING bsky_collector_v2.job.index_feed_generators: listRecords failed repo=did:plc:of6zztphxna5yfofo7s5axnj err=HttpError('InvalidRequest: Could not find repo: did:plc:of6zztphxna5yfofo7s5axnj')
2026-03-22T21:28:53Z WARNING bsky_collector_v2.job.index_feed_generators: listRecords failed repo=did:plc:v63kiq5v5g4tpb3ozbza4hm6 err=HttpError('InvalidRequest: Could not find repo: did:plc:v63kiq5v5g4tpb3ozbza4hm6')
2026-03-22T21:28:53Z WARNING bsky_collector_v2.job.index_feed_generators: listRecords failed repo=did:plc:whvdow5umfabsdroxbhplvod err=HttpError('InvalidRequest: Could not find repo: did:plc:whvdow5umfabsdroxbhplvod')
2026-03-22T21:28:54Z INFO bsky_collector_v2.job.index_feed_generators: enqueued repos page=28 mode=listRepos inserted=500 repos_returned=500 next_cursor=set
2026-03-22T21:29:12Z WARNING bsky_collector_v2.job.index_feed_generators: listRecords failed repo=did:plc:ag3vbtquy7xox5d3d5rqzbec err=HttpError('InvalidRequest: Could not find repo: did:plc:ag3vbtquy7xox5d3d5rqzbec')
2026-03-22T21:29:47Z WARNING bsky_collector_v2.job.index_feed_generators: listRecords failed repo=did:plc:msxri5dhurh4kuuwkh7qre6e err=HttpError('InvalidRequest: Could not find repo: did:plc:msxri5dhurh4kuuwkh7qre6e')
2026-03-22T21:29:50Z WARNING bsky_collector_v2.job.index_feed_generators: listRecords failed repo=did:plc:obz3afknobsijunetvz2a2uz err=HttpError('InvalidRequest: Could not find repo: did:plc:obz3afknobsijunetvz2a2uz')
2026-03-22T21:29:51Z WARNING bsky_collector_v2.job.index_feed_generators: listRecords failed repo=did:plc:ol2akdku3qqpizgswuc3sbli err=HttpError('InvalidRequest: Could not find repo: did:plc:ol2akdku3qqpizgswuc3sbli')
2026-03-22T21:30:22Z WARNING bsky_collector_v2.job.index_feed_generators: listRecords failed repo=did:plc:ag3vbtquy7xox5d3d5rqzbec err=HttpError('InvalidRequest: Could not find repo: did:plc:ag3vbtquy7xox5d3d5rqzbec')
2026-03-22T21:30:22Z WARNING bsky_collector_v2.job.index_feed_generators: listRecords failed repo=did:plc:msxri5dhurh4kuuwkh7qre6e err=HttpError('InvalidRequest: Could not find repo: did:plc:msxri5dhurh4kuuwkh7qre6e')
2026-03-22T21:30:22Z WARNING bsky_collector_v2.job.index_feed_generators: listRecords failed repo=did:plc:obz3afknobsijunetvz2a2uz err=HttpError('InvalidRequest: Could not find repo: did:plc:obz3afknobsijunetvz2a2uz')
2026-03-22T21:30:22Z WARNING bsky_collector_v2.job.index_feed_generators: listRecords failed repo=did:plc:ol2akdku3qqpizgswuc3sbli err=HttpError('InvalidRequest: Could not find repo: did:plc:ol2akdku3qqpizgswuc3sbli')
2026-03-22T21:30:22Z WARNING bsky_collector_v2.job.index_feed_generators: listRecords failed repo=did:plc:ag3vbtquy7xox5d3d5rqzbec err=HttpError('InvalidRequest: Could not find repo: did:plc:ag3vbtquy7xox5d3d5rqzbec')
2026-03-22T21:30:22Z WARNING bsky_collector_v2.job.index_feed_generators: listRecords failed repo=did:plc:msxri5dhurh4kuuwkh7qre6e err=HttpError('InvalidRequest: Could not find repo: did:plc:msxri5dhurh4kuuwkh7qre6e')
2026-03-22T21:30:22Z WARNING bsky_collector_v2.job.index_feed_generators: listRecords failed repo=did:plc:obz3afknobsijunetvz2a2uz err=HttpError('InvalidRequest: Could not find repo: did:plc:obz3afknobsijunetvz2a2uz')
2026-03-22T21:30:22Z WARNING bsky_collector_v2.job.index_feed_generators: listRecords failed repo=did:plc:ol2akdku3qqpizgswuc3sbli err=HttpError('InvalidRequest: Could not find repo: did:plc:ol2akdku3qqpizgswuc3sbli')
2026-03-22T21:30:23Z INFO bsky_collector_v2.job.index_feed_generators: enqueued repos page=29 mode=listRepos inserted=500 repos_returned=500 next_cursor=set
2026-03-22T21:30:39Z WARNING bsky_collector_v2.job.index_feed_generators: listRecords failed repo=did:plc:a3j3lahfcpu6vyspcnwr466s err=HttpError('InvalidRequest: Could not find repo: did:plc:a3j3lahfcpu6vyspcnwr466s')
2026-03-22T21:30:54Z WARNING bsky_collector_v2.job.index_feed_generators: listRecords failed repo=did:plc:eztobuhq5rmkydqxdzo5pjh5 err=HttpError('InvalidRequest: Could not find repo: did:plc:eztobuhq5rmkydqxdzo5pjh5')
2026-03-22T21:31:04Z WARNING bsky_collector_v2.job.index_feed_generators: listRecords failed repo=did:plc:jsouabi2wwd4bverxo4lenhx err=HttpError('InvalidRequest: Could not find repo: did:plc:jsouabi2wwd4bverxo4lenhx')
2026-03-22T21:31:23Z WARNING bsky_collector_v2.job.index_feed_generators: listRecords failed repo=did:plc:qqkhlsa2gtvbuk2wtqlloymd err=HttpError('InvalidRequest: Could not find repo: did:plc:qqkhlsa2gtvbuk2wtqlloymd')
2026-03-22T21:31:51Z WARNING bsky_collector_v2.job.index_feed_generators: listRecords failed repo=did:plc:a3j3lahfcpu6vyspcnwr466s err=HttpError('InvalidRequest: Could not find repo: did:plc:a3j3lahfcpu6vyspcnwr466s')
2026-03-22T21:31:51Z WARNING bsky_collector_v2.job.index_feed_generators: listRecords failed repo=did:plc:eztobuhq5rmkydqxdzo5pjh5 err=HttpError('InvalidRequest: Could not find repo: did:plc:eztobuhq5rmkydqxdzo5pjh5')
2026-03-22T21:31:51Z WARNING bsky_collector_v2.job.index_feed_generators: listRecords failed repo=did:plc:jsouabi2wwd4bverxo4lenhx err=HttpError('InvalidRequest: Could not find repo: did:plc:jsouabi2wwd4bverxo4lenhx')
2026-03-22T21:31:51Z WARNING bsky_collector_v2.job.index_feed_generators: listRecords failed repo=did:plc:qqkhlsa2gtvbuk2wtqlloymd err=HttpError('InvalidRequest: Could not find repo: did:plc:qqkhlsa2gtvbuk2wtqlloymd')
2026-03-22T21:31:51Z WARNING bsky_collector_v2.job.index_feed_generators: listRecords failed repo=did:plc:a3j3lahfcpu6vyspcnwr466s err=HttpError('InvalidRequest: Could not find repo: did:plc:a3j3lahfcpu6vyspcnwr466s')
2026-03-22T21:31:52Z WARNING bsky_collector_v2.job.index_feed_generators: listRecords failed repo=did:plc:eztobuhq5rmkydqxdzo5pjh5 err=HttpError('InvalidRequest: Could not find repo: did:plc:eztobuhq5rmkydqxdzo5pjh5')
2026-03-22T21:31:52Z WARNING bsky_collector_v2.job.index_feed_generators: listRecords failed repo=did:plc:jsouabi2wwd4bverxo4lenhx err=HttpError('InvalidRequest: Could not find repo: did:plc:jsouabi2wwd4bverxo4lenhx')
2026-03-22T21:31:52Z WARNING bsky_collector_v2.job.index_feed_generators: listRecords failed repo=did:plc:qqkhlsa2gtvbuk2wtqlloymd err=HttpError('InvalidRequest: Could not find repo: did:plc:qqkhlsa2gtvbuk2wtqlloymd')
2026-03-22T21:31:52Z INFO bsky_collector_v2.job.index_feed_generators: enqueued repos page=30 mode=listRepos inserted=500 repos_returned=500 next_cursor=set
2026-03-22T21:33:10Z WARNING bsky_collector_v2.job.index_feed_generators: listRecords failed repo=did:plc:qxxt7rpjgtbzjckpwxlwnbk4 err=HttpError('InvalidRequest: Could not find repo: did:plc:qxxt7rpjgtbzjckpwxlwnbk4')
2026-03-22T21:33:34Z WARNING bsky_collector_v2.job.index_feed_generators: listRecords failed repo=did:plc:qxxt7rpjgtbzjckpwxlwnbk4 err=HttpError('InvalidRequest: Could not find repo: did:plc:qxxt7rpjgtbzjckpwxlwnbk4')
2026-03-22T21:33:34Z WARNING bsky_collector_v2.job.index_feed_generators: listRecords failed repo=did:plc:qxxt7rpjgtbzjckpwxlwnbk4 err=HttpError('InvalidRequest: Could not find repo: did:plc:qxxt7rpjgtbzjckpwxlwnbk4')
2026-03-22T21:33:35Z INFO bsky_collector_v2.job.index_feed_generators: enqueued repos page=31 mode=listRepos inserted=500 repos_returned=500 next_cursor=set
2026-03-22T21:34:13Z WARNING bsky_collector_v2.job.index_feed_generators: listRecords failed repo=did:plc:dcorcvxc7nqto3j5kssg3l7e err=HttpError('InvalidRequest: Could not find repo: did:plc:dcorcvxc7nqto3j5kssg3l7e')
2026-03-22T21:35:16Z WARNING bsky_collector_v2.job.index_feed_generators: listRecords failed repo=did:plc:dcorcvxc7nqto3j5kssg3l7e err=HttpError('InvalidRequest: Could not find repo: did:plc:dcorcvxc7nqto3j5kssg3l7e')
2026-03-22T21:35:16Z WARNING bsky_collector_v2.job.index_feed_generators: listRecords failed repo=did:plc:dcorcvxc7nqto3j5kssg3l7e err=HttpError('InvalidRequest: Could not find repo: did:plc:dcorcvxc7nqto3j5kssg3l7e')
2026-03-22T21:35:17Z INFO bsky_collector_v2.job.index_feed_generators: enqueued repos page=32 mode=listRepos inserted=500 repos_returned=500 next_cursor=set
2026-03-22T21:37:00Z INFO bsky_collector_v2.job.index_feed_generators: enqueued repos page=33 mode=listRepos inserted=500 repos_returned=500 next_cursor=set
