2026-03-11T15:34:50Z INFO bsky_collector_v2: out_base ok path=D:\BlueSky\data_v2_full mount=D:\
2026-03-11T15:34:50Z INFO bsky_collector_v2: job start subcommand=index-feed-generators dry_run=False resume=True
2026-03-11T15:34:51Z INFO bsky_collector_v2.job.index_feed_generators: feed generator index hosts relay_host=https://bsky.network records_host=https://bsky.social auth=yes
2026-03-11T15:35:22Z WARNING bsky_collector_v2.job.index_feed_generators: listRecords failed repo=did:plc:zugzmlyw2qdacyaiy3nnu2ws err=HttpError('InvalidRequest: Could not find repo: did:plc:zugzmlyw2qdacyaiy3nnu2ws')
2026-03-11T15:35:23Z WARNING bsky_collector_v2.job.index_feed_generators: listRecords failed repo=did:plc:zugzmlyw2qdacyaiy3nnu2ws err=HttpError('InvalidRequest: Could not find repo: did:plc:zugzmlyw2qdacyaiy3nnu2ws')
2026-03-11T15:35:23Z WARNING bsky_collector_v2.job.index_feed_generators: listRecords failed repo=did:plc:zugzmlyw2qdacyaiy3nnu2ws err=HttpError('InvalidRequest: Could not find repo: did:plc:zugzmlyw2qdacyaiy3nnu2ws')
2026-03-11T15:35:24Z INFO bsky_collector_v2.job.index_feed_generators: enqueued repos page=1 mode=listRepos inserted=500 repos_returned=500 next_cursor=set
2026-03-11T15:35:33Z WARNING bsky_collector_v2.job.index_feed_generators: listRecords failed repo=did:plc:56lkx5224ijht5coobro3wrp err=HttpError('InvalidRequest: Could not find repo: did:plc:56lkx5224ijht5coobro3wrp')
2026-03-11T15:36:59Z WARNING bsky_collector_v2.job.index_feed_generators: listRecords failed repo=did:plc:56lkx5224ijht5coobro3wrp err=HttpError('InvalidRequest: Could not find repo: did:plc:56lkx5224ijht5coobro3wrp')
2026-03-11T15:36:59Z WARNING bsky_collector_v2.job.index_feed_generators: listRecords failed repo=did:plc:56lkx5224ijht5coobro3wrp err=HttpError('InvalidRequest: Could not find repo: did:plc:56lkx5224ijht5coobro3wrp')
2026-03-11T15:37:00Z INFO bsky_collector_v2.job.index_feed_generators: enqueued repos page=2 mode=listRepos inserted=500 repos_returned=500 next_cursor=set
2026-03-11T15:37:00Z WARNING bsky_collector_v2.job.index_feed_generators: listRecords failed repo=did:plc:25t7pfhp6vvkq6gqkdmbl5hj err=HttpError('InvalidRequest: Could not find repo: did:plc:25t7pfhp6vvkq6gqkdmbl5hj')
2026-03-11T15:37:53Z WARNING bsky_collector_v2.job.index_feed_generators: listRecords failed repo=did:plc:ifawx6bikx6hmn2anbbxftyq err=HttpError('InvalidRequest: Could not find repo: did:plc:ifawx6bikx6hmn2anbbxftyq')
2026-03-11T15:38:49Z WARNING bsky_collector_v2.job.index_feed_generators: listRecords failed repo=did:plc:25t7pfhp6vvkq6gqkdmbl5hj err=HttpError('InvalidRequest: Could not find repo: did:plc:25t7pfhp6vvkq6gqkdmbl5hj')
2026-03-11T15:38:49Z WARNING bsky_collector_v2.job.index_feed_generators: listRecords failed repo=did:plc:ifawx6bikx6hmn2anbbxftyq err=HttpError('InvalidRequest: Could not find repo: did:plc:ifawx6bikx6hmn2anbbxftyq')
2026-03-11T15:38:49Z WARNING bsky_collector_v2.job.index_feed_generators: listRecords failed repo=did:plc:25t7pfhp6vvkq6gqkdmbl5hj err=HttpError('InvalidRequest: Could not find repo: did:plc:25t7pfhp6vvkq6gqkdmbl5hj')
2026-03-11T15:38:49Z WARNING bsky_collector_v2.job.index_feed_generators: listRecords failed repo=did:plc:ifawx6bikx6hmn2anbbxftyq err=HttpError('InvalidRequest: Could not find repo: did:plc:ifawx6bikx6hmn2anbbxftyq')
2026-03-11T15:38:50Z INFO bsky_collector_v2.job.index_feed_generators: enqueued repos page=3 mode=listRepos inserted=500 repos_returned=500 next_cursor=set
2026-03-11T15:38:51Z INFO bsky_collector_v2.job.index_feed_generators: indexed repo=did:plc:2ewouhqinjxw6yjnjchatmd5 part=240 records=1 next_cursor=set
2026-03-11T15:39:27Z WARNING bsky_collector_v2.job.index_feed_generators: listRecords failed repo=did:plc:g25ikll2wtzioo5353rq73eb err=HttpError('InvalidRequest: Could not find repo: did:plc:g25ikll2wtzioo5353rq73eb')
2026-03-11T15:40:10Z WARNING bsky_collector_v2.job.index_feed_generators: listRecords failed repo=did:plc:twwby4gbdsk56gsiwth73vdi err=HttpError('InvalidRequest: Could not find repo: did:plc:twwby4gbdsk56gsiwth73vdi')
2026-03-11T15:40:30Z WARNING bsky_collector_v2.job.index_feed_generators: listRecords failed repo=did:plc:g25ikll2wtzioo5353rq73eb err=HttpError('InvalidRequest: Could not find repo: did:plc:g25ikll2wtzioo5353rq73eb')
2026-03-11T15:40:30Z WARNING bsky_collector_v2.job.index_feed_generators: listRecords failed repo=did:plc:twwby4gbdsk56gsiwth73vdi err=HttpError('InvalidRequest: Could not find repo: did:plc:twwby4gbdsk56gsiwth73vdi')
2026-03-11T15:40:30Z WARNING bsky_collector_v2.job.index_feed_generators: listRecords failed repo=did:plc:g25ikll2wtzioo5353rq73eb err=HttpError('InvalidRequest: Could not find repo: did:plc:g25ikll2wtzioo5353rq73eb')
2026-03-11T15:40:30Z WARNING bsky_collector_v2.job.index_feed_generators: listRecords failed repo=did:plc:twwby4gbdsk56gsiwth73vdi err=HttpError('InvalidRequest: Could not find repo: did:plc:twwby4gbdsk56gsiwth73vdi')
2026-03-11T15:40:30Z INFO bsky_collector_v2.job.index_feed_generators: enqueued repos page=4 mode=listRepos inserted=500 repos_returned=500 next_cursor=set
2026-03-11T15:41:24Z WARNING bsky_collector_v2.job.index_feed_generators: listRecords failed repo=did:plc:iakepg4lnrwk7cgdpbhkf44z err=HttpError('InvalidRequest: Could not find repo: did:plc:iakepg4lnrwk7cgdpbhkf44z')
2026-03-11T15:41:48Z WARNING bsky_collector_v2.job.index_feed_generators: listRecords failed repo=did:plc:mfdkz6qaoesnmck3h3jwgxdo err=HttpError('InvalidRequest: Could not find repo: did:plc:mfdkz6qaoesnmck3h3jwgxdo')
2026-03-11T15:42:31Z WARNING bsky_collector_v2.job.index_feed_generators: listRecords failed repo=did:plc:iakepg4lnrwk7cgdpbhkf44z err=HttpError('InvalidRequest: Could not find repo: did:plc:iakepg4lnrwk7cgdpbhkf44z')
2026-03-11T15:42:31Z WARNING bsky_collector_v2.job.index_feed_generators: listRecords failed repo=did:plc:mfdkz6qaoesnmck3h3jwgxdo err=HttpError('InvalidRequest: Could not find repo: did:plc:mfdkz6qaoesnmck3h3jwgxdo')
2026-03-11T15:42:31Z WARNING bsky_collector_v2.job.index_feed_generators: listRecords failed repo=did:plc:iakepg4lnrwk7cgdpbhkf44z err=HttpError('InvalidRequest: Could not find repo: did:plc:iakepg4lnrwk7cgdpbhkf44z')
2026-03-11T15:42:31Z WARNING bsky_collector_v2.job.index_feed_generators: listRecords failed repo=did:plc:mfdkz6qaoesnmck3h3jwgxdo err=HttpError('InvalidRequest: Could not find repo: did:plc:mfdkz6qaoesnmck3h3jwgxdo')
2026-03-11T15:42:32Z INFO bsky_collector_v2.job.index_feed_generators: enqueued repos page=5 mode=listRepos inserted=500 repos_returned=500 next_cursor=set
2026-03-11T15:44:18Z INFO bsky_collector_v2.job.index_feed_generators: enqueued repos page=6 mode=listRepos inserted=500 repos_returned=500 next_cursor=set
2026-03-11T15:45:45Z WARNING bsky_collector_v2.job.index_feed_generators: listRecords failed repo=did:plc:xorq4rzhcib7xd627tofl5tl err=HttpError('InvalidRequest: Could not find repo: did:plc:xorq4rzhcib7xd627tofl5tl')
2026-03-11T15:45:54Z WARNING bsky_collector_v2.job.index_feed_generators: listRecords failed repo=did:plc:xorq4rzhcib7xd627tofl5tl err=HttpError('InvalidRequest: Could not find repo: did:plc:xorq4rzhcib7xd627tofl5tl')
2026-03-11T15:45:54Z WARNING bsky_collector_v2.job.index_feed_generators: listRecords failed repo=did:plc:xorq4rzhcib7xd627tofl5tl err=HttpError('InvalidRequest: Could not find repo: did:plc:xorq4rzhcib7xd627tofl5tl')
2026-03-11T15:45:55Z INFO bsky_collector_v2.job.index_feed_generators: enqueued repos page=7 mode=listRepos inserted=500 repos_returned=500 next_cursor=set
2026-03-11T15:46:38Z INFO bsky_collector_v2.job.index_feed_generators: indexed repo=did:plc:dlilqyb5lqp7arsqcbpbfa3y part=241 records=1 next_cursor=set
2026-03-11T15:47:45Z INFO bsky_collector_v2.job.index_feed_generators: enqueued repos page=8 mode=listRepos inserted=500 repos_returned=500 next_cursor=set
2026-03-11T15:47:53Z INFO bsky_collector_v2.job.index_feed_generators: indexed repo=did:plc:4wnyr6x7nhhmtrn5hwmtl4wi part=242 records=1 next_cursor=set
2026-03-11T15:48:29Z INFO bsky_collector_v2.job.index_feed_generators: indexed repo=did:plc:i66pmozpdrjpmzkmbhlw5qdx part=243 records=1 next_cursor=set
2026-03-11T15:48:39Z WARNING bsky_collector_v2.job.index_feed_generators: listRecords failed repo=did:plc:lruwct5vhkcr6d53qmoo7myo err=HttpError('InvalidRequest: Could not find repo: did:plc:lruwct5vhkcr6d53qmoo7myo')
2026-03-11T15:49:17Z INFO bsky_collector_v2.job.index_feed_generators: indexed repo=did:plc:z4t3bewwchwh3trnjjfkk2ie part=244 records=2 next_cursor=set
2026-03-11T15:49:21Z WARNING bsky_collector_v2.job.index_feed_generators: listRecords failed repo=did:plc:lruwct5vhkcr6d53qmoo7myo err=HttpError('InvalidRequest: Could not find repo: did:plc:lruwct5vhkcr6d53qmoo7myo')
2026-03-11T15:49:22Z WARNING bsky_collector_v2.job.index_feed_generators: listRecords failed repo=did:plc:lruwct5vhkcr6d53qmoo7myo err=HttpError('InvalidRequest: Could not find repo: did:plc:lruwct5vhkcr6d53qmoo7myo')
2026-03-11T15:49:22Z INFO bsky_collector_v2.job.index_feed_generators: enqueued repos page=9 mode=listRepos inserted=500 repos_returned=500 next_cursor=set
2026-03-11T15:51:12Z INFO bsky_collector_v2.job.index_feed_generators: enqueued repos page=10 mode=listRepos inserted=500 repos_returned=500 next_cursor=set
2026-03-11T15:52:50Z INFO bsky_collector_v2.job.index_feed_generators: enqueued repos page=11 mode=listRepos inserted=500 repos_returned=500 next_cursor=set
2026-03-11T15:53:37Z WARNING bsky_collector_v2.job.index_feed_generators: listRecords failed repo=did:plc:frcw5pxcqipns2cdmrdppugz err=HttpError('InvalidRequest: Could not find repo: did:plc:frcw5pxcqipns2cdmrdppugz')
2026-03-11T15:53:43Z WARNING bsky_collector_v2.job.index_feed_generators: listRecords failed repo=did:plc:ijw4qq7sm4ko26mbvr7cjrwm err=HttpError('InvalidRequest: Could not find repo: did:plc:ijw4qq7sm4ko26mbvr7cjrwm')
2026-03-11T15:53:48Z INFO bsky_collector_v2.job.index_feed_generators: indexed repo=did:plc:kdk74pgywehx6zudwgejfjzs part=245 records=1 next_cursor=set
2026-03-11T15:54:37Z WARNING bsky_collector_v2.job.index_feed_generators: listRecords failed repo=did:plc:frcw5pxcqipns2cdmrdppugz err=HttpError('InvalidRequest: Could not find repo: did:plc:frcw5pxcqipns2cdmrdppugz')
2026-03-11T15:54:37Z WARNING bsky_collector_v2.job.index_feed_generators: listRecords failed repo=did:plc:ijw4qq7sm4ko26mbvr7cjrwm err=HttpError('InvalidRequest: Could not find repo: did:plc:ijw4qq7sm4ko26mbvr7cjrwm')
2026-03-11T15:54:37Z WARNING bsky_collector_v2.job.index_feed_generators: listRecords failed repo=did:plc:frcw5pxcqipns2cdmrdppugz err=HttpError('InvalidRequest: Could not find repo: did:plc:frcw5pxcqipns2cdmrdppugz')
2026-03-11T15:54:37Z WARNING bsky_collector_v2.job.index_feed_generators: listRecords failed repo=did:plc:ijw4qq7sm4ko26mbvr7cjrwm err=HttpError('InvalidRequest: Could not find repo: did:plc:ijw4qq7sm4ko26mbvr7cjrwm')
2026-03-11T15:54:38Z INFO bsky_collector_v2.job.index_feed_generators: enqueued repos page=12 mode=listRepos inserted=500 repos_returned=500 next_cursor=set
2026-03-11T15:57:08Z INFO bsky_collector_v2.job.index_feed_generators: enqueued repos page=13 mode=listRepos inserted=500 repos_returned=500 next_cursor=set
2026-03-11T15:59:46Z WARNING bsky_collector_v2.job.index_feed_generators: listRecords failed repo=did:plc:k7ses5csccgdq5pwuyxlb375 err=HttpError('InvalidRequest: Could not find repo: did:plc:k7ses5csccgdq5pwuyxlb375')
2026-03-11T16:00:28Z INFO bsky_collector_v2.job.index_feed_generators: indexed repo=did:plc:t7ls6dilfhwnhk6t2r7auvkc part=246 records=4 next_cursor=set
2026-03-11T16:00:58Z WARNING bsky_collector_v2.job.index_feed_generators: listRecords failed repo=did:plc:k7ses5csccgdq5pwuyxlb375 err=HttpError('InvalidRequest: Could not find repo: did:plc:k7ses5csccgdq5pwuyxlb375')
2026-03-11T16:00:59Z WARNING bsky_collector_v2.job.index_feed_generators: listRecords failed repo=did:plc:k7ses5csccgdq5pwuyxlb375 err=HttpError('InvalidRequest: Could not find repo: did:plc:k7ses5csccgdq5pwuyxlb375')
2026-03-11T16:00:59Z INFO bsky_collector_v2.job.index_feed_generators: enqueued repos page=14 mode=listRepos inserted=500 repos_returned=500 next_cursor=set
2026-03-11T16:01:03Z WARNING bsky_collector_v2.job.index_feed_generators: listRecords failed repo=did:plc:2tfbsjx3cy67kg7fmkfsf5xn err=HttpError('InvalidRequest: Could not find repo: did:plc:2tfbsjx3cy67kg7fmkfsf5xn')
2026-03-11T16:02:50Z INFO bsky_collector_v2.job.index_feed_generators: indexed repo=did:plc:gxwusgmzp4z4lwak4efj7imc part=247 records=1 next_cursor=set
2026-03-11T16:03:54Z WARNING bsky_collector_v2.job.index_feed_generators: listRecords failed repo=did:plc:ntucbcwctyy6em75wgmqse35 err=HttpError('InvalidRequest: Could not find repo: did:plc:ntucbcwctyy6em75wgmqse35')
2026-03-11T16:03:59Z WARNING bsky_collector_v2.job.index_feed_generators: listRecords failed repo=did:plc:oz5gjnhs3wqrs4nknsh655wf err=HttpError('InvalidRequest: Could not find repo: did:plc:oz5gjnhs3wqrs4nknsh655wf')
2026-03-11T16:04:41Z WARNING bsky_collector_v2.job.index_feed_generators: listRecords failed repo=did:plc:2tfbsjx3cy67kg7fmkfsf5xn err=HttpError('InvalidRequest: Could not find repo: did:plc:2tfbsjx3cy67kg7fmkfsf5xn')
2026-03-11T16:04:42Z WARNING bsky_collector_v2.job.index_feed_generators: listRecords failed repo=did:plc:ntucbcwctyy6em75wgmqse35 err=HttpError('InvalidRequest: Could not find repo: did:plc:ntucbcwctyy6em75wgmqse35')
2026-03-11T16:04:42Z WARNING bsky_collector_v2.job.index_feed_generators: listRecords failed repo=did:plc:oz5gjnhs3wqrs4nknsh655wf err=HttpError('InvalidRequest: Could not find repo: did:plc:oz5gjnhs3wqrs4nknsh655wf')
2026-03-11T16:04:42Z WARNING bsky_collector_v2.job.index_feed_generators: listRecords failed repo=did:plc:2tfbsjx3cy67kg7fmkfsf5xn err=HttpError('InvalidRequest: Could not find repo: did:plc:2tfbsjx3cy67kg7fmkfsf5xn')
2026-03-11T16:04:42Z WARNING bsky_collector_v2.job.index_feed_generators: listRecords failed repo=did:plc:ntucbcwctyy6em75wgmqse35 err=HttpError('InvalidRequest: Could not find repo: did:plc:ntucbcwctyy6em75wgmqse35')
2026-03-11T16:04:42Z WARNING bsky_collector_v2.job.index_feed_generators: listRecords failed repo=did:plc:oz5gjnhs3wqrs4nknsh655wf err=HttpError('InvalidRequest: Could not find repo: did:plc:oz5gjnhs3wqrs4nknsh655wf')
2026-03-11T16:04:43Z INFO bsky_collector_v2.job.index_feed_generators: enqueued repos page=15 mode=listRepos inserted=500 repos_returned=500 next_cursor=set
2026-03-11T16:05:17Z INFO bsky_collector_v2.job.index_feed_generators: indexed repo=did:plc:aedpxmjbomak4qcltojeeqek part=248 records=2 next_cursor=set
2026-03-11T16:06:07Z INFO bsky_collector_v2.job.index_feed_generators: indexed repo=did:plc:qdi5plwpddt2pfgfnuh6iyqg part=249 records=3 next_cursor=set
2026-03-11T16:07:22Z INFO bsky_collector_v2.job.index_feed_generators: enqueued repos page=16 mode=listRepos inserted=500 repos_returned=500 next_cursor=set
2026-03-11T16:09:17Z WARNING bsky_collector_v2.job.index_feed_generators: listRecords failed repo=did:plc:6xlhghu4muygpvjxafdzxhb3 err=HttpError('InternalServerError: Internal Server Error')
2026-03-11T16:09:50Z INFO bsky_collector_v2.job.index_feed_generators: indexed repo=did:plc:d27kgwme6iuq32sjnkmfgz6g part=250 records=1 next_cursor=set
2026-03-11T16:10:50Z WARNING bsky_collector_v2.job.index_feed_generators: listRecords failed repo=did:plc:raf56vqtp7je3m2tn5mrl4n2 err=HttpError('InvalidRequest: Could not find repo: did:plc:raf56vqtp7je3m2tn5mrl4n2')
2026-03-11T16:11:20Z WARNING bsky_collector_v2.job.index_feed_generators: listRecords failed repo=did:plc:zcod3azufwrvg73mxw2zulhi err=HttpError('InvalidRequest: Could not find repo: did:plc:zcod3azufwrvg73mxw2zulhi')
2026-03-11T16:11:25Z WARNING bsky_collector_v2.job.index_feed_generators: listRecords failed repo=did:plc:raf56vqtp7je3m2tn5mrl4n2 err=HttpError('InvalidRequest: Could not find repo: did:plc:raf56vqtp7je3m2tn5mrl4n2')
2026-03-11T16:11:25Z WARNING bsky_collector_v2.job.index_feed_generators: listRecords failed repo=did:plc:zcod3azufwrvg73mxw2zulhi err=HttpError('InvalidRequest: Could not find repo: did:plc:zcod3azufwrvg73mxw2zulhi')
2026-03-11T16:11:25Z WARNING bsky_collector_v2.job.index_feed_generators: listRecords failed repo=did:plc:raf56vqtp7je3m2tn5mrl4n2 err=HttpError('InvalidRequest: Could not find repo: did:plc:raf56vqtp7je3m2tn5mrl4n2')
2026-03-11T16:11:25Z WARNING bsky_collector_v2.job.index_feed_generators: listRecords failed repo=did:plc:zcod3azufwrvg73mxw2zulhi err=HttpError('InvalidRequest: Could not find repo: did:plc:zcod3azufwrvg73mxw2zulhi')
2026-03-11T16:11:26Z INFO bsky_collector_v2.job.index_feed_generators: enqueued repos page=17 mode=listRepos inserted=500 repos_returned=500 next_cursor=set
2026-03-11T16:15:04Z INFO bsky_collector_v2.job.index_feed_generators: enqueued repos page=18 mode=listRepos inserted=500 repos_returned=500 next_cursor=set
2026-03-11T16:15:37Z WARNING bsky_collector_v2.job.index_feed_generators: listRecords failed repo=did:plc:ezdk7htdrgvd7itmcejpw4q6 err=HttpError('InvalidRequest: Could not find repo: did:plc:ezdk7htdrgvd7itmcejpw4q6')
2026-03-11T16:16:02Z WARNING bsky_collector_v2.job.index_feed_generators: listRecords failed repo=did:plc:nlzrgm47drm3pn2cklbbefhi err=HttpError('InvalidRequest: Could not find repo: did:plc:nlzrgm47drm3pn2cklbbefhi')
2026-03-11T16:16:15Z INFO bsky_collector_v2.job.index_feed_generators: indexed repo=did:plc:rk3piufc2zrzsfpo6wlbs2j4 part=251 records=2 next_cursor=set
2026-03-11T16:16:23Z WARNING bsky_collector_v2.job.index_feed_generators: listRecords failed repo=did:plc:uaoqmwsmoamj6hqmgo4ptgyj err=HttpError('InvalidRequest: Could not find repo: did:plc:uaoqmwsmoamj6hqmgo4ptgyj')
2026-03-11T16:16:35Z INFO bsky_collector_v2.job.index_feed_generators: indexed repo=did:plc:xnlkvphbugj2nbuy4ccrfhxc part=252 records=1 next_cursor=set
2026-03-11T16:16:42Z WARNING bsky_collector_v2.job.index_feed_generators: listRecords failed repo=did:plc:ezdk7htdrgvd7itmcejpw4q6 err=HttpError('InvalidRequest: Could not find repo: did:plc:ezdk7htdrgvd7itmcejpw4q6')
2026-03-11T16:16:42Z WARNING bsky_collector_v2.job.index_feed_generators: listRecords failed repo=did:plc:nlzrgm47drm3pn2cklbbefhi err=HttpError('InvalidRequest: Could not find repo: did:plc:nlzrgm47drm3pn2cklbbefhi')
2026-03-11T16:16:43Z WARNING bsky_collector_v2.job.index_feed_generators: listRecords failed repo=did:plc:uaoqmwsmoamj6hqmgo4ptgyj err=HttpError('InvalidRequest: Could not find repo: did:plc:uaoqmwsmoamj6hqmgo4ptgyj')
2026-03-11T16:16:43Z WARNING bsky_collector_v2.job.index_feed_generators: listRecords failed repo=did:plc:ezdk7htdrgvd7itmcejpw4q6 err=HttpError('InvalidRequest: Could not find repo: did:plc:ezdk7htdrgvd7itmcejpw4q6')
2026-03-11T16:16:43Z WARNING bsky_collector_v2.job.index_feed_generators: listRecords failed repo=did:plc:nlzrgm47drm3pn2cklbbefhi err=HttpError('InvalidRequest: Could not find repo: did:plc:nlzrgm47drm3pn2cklbbefhi')
2026-03-11T16:16:43Z WARNING bsky_collector_v2.job.index_feed_generators: listRecords failed repo=did:plc:uaoqmwsmoamj6hqmgo4ptgyj err=HttpError('InvalidRequest: Could not find repo: did:plc:uaoqmwsmoamj6hqmgo4ptgyj')
2026-03-11T16:16:44Z INFO bsky_collector_v2.job.index_feed_generators: enqueued repos page=19 mode=listRepos inserted=500 repos_returned=500 next_cursor=set
2026-03-11T16:18:53Z INFO bsky_collector_v2.job.index_feed_generators: enqueued repos page=20 mode=listRepos inserted=500 repos_returned=500 next_cursor=set
2026-03-11T16:19:28Z INFO bsky_collector_v2.job.index_feed_generators: indexed repo=did:plc:fbaregqutxetyr6usjjpaewi part=253 records=1 next_cursor=set
2026-03-11T16:20:31Z INFO bsky_collector_v2.job.index_feed_generators: enqueued repos page=21 mode=listRepos inserted=500 repos_returned=500 next_cursor=set
2026-03-11T16:20:48Z INFO bsky_collector_v2.job.index_feed_generators: indexed repo=did:plc:alidczaul7tapojpdgcxalkp part=254 records=1 next_cursor=set
2026-03-11T16:22:15Z INFO bsky_collector_v2.job.index_feed_generators: enqueued repos page=22 mode=listRepos inserted=500 repos_returned=500 next_cursor=set
2026-03-11T16:22:28Z WARNING bsky_collector_v2.job.index_feed_generators: listRecords failed repo=did:plc:623upwjxelnka6cd6iudri32 err=HttpError('InvalidRequest: Could not find repo: did:plc:623upwjxelnka6cd6iudri32')
2026-03-11T16:22:40Z WARNING bsky_collector_v2.job.index_feed_generators: listRecords failed repo=did:plc:baevidvovjodeni27hjfhede err=HttpError('InvalidRequest: Could not find repo: did:plc:baevidvovjodeni27hjfhede')
2026-03-11T16:23:49Z WARNING bsky_collector_v2.job.index_feed_generators: listRecords failed repo=did:plc:623upwjxelnka6cd6iudri32 err=HttpError('InvalidRequest: Could not find repo: did:plc:623upwjxelnka6cd6iudri32')
2026-03-11T16:23:49Z WARNING bsky_collector_v2.job.index_feed_generators: listRecords failed repo=did:plc:baevidvovjodeni27hjfhede err=HttpError('InvalidRequest: Could not find repo: did:plc:baevidvovjodeni27hjfhede')
2026-03-11T16:23:50Z WARNING bsky_collector_v2.job.index_feed_generators: listRecords failed repo=did:plc:623upwjxelnka6cd6iudri32 err=HttpError('InvalidRequest: Could not find repo: did:plc:623upwjxelnka6cd6iudri32')
2026-03-11T16:23:50Z WARNING bsky_collector_v2.job.index_feed_generators: listRecords failed repo=did:plc:baevidvovjodeni27hjfhede err=HttpError('InvalidRequest: Could not find repo: did:plc:baevidvovjodeni27hjfhede')
2026-03-11T16:23:50Z INFO bsky_collector_v2.job.index_feed_generators: enqueued repos page=23 mode=listRepos inserted=500 repos_returned=500 next_cursor=set
2026-03-11T16:24:08Z INFO bsky_collector_v2.job.index_feed_generators: indexed repo=did:plc:7gnmo64w6jtymh4byrehbvrg part=255 records=4 next_cursor=set
2026-03-11T16:26:16Z INFO bsky_collector_v2.job.index_feed_generators: enqueued repos page=24 mode=listRepos inserted=500 repos_returned=500 next_cursor=set
2026-03-11T16:26:19Z WARNING bsky_collector_v2.job.index_feed_generators: listRecords failed repo=did:plc:2tb5mobkkyuq755aurgay274 err=HttpError('InvalidRequest: Could not find repo: did:plc:2tb5mobkkyuq755aurgay274')
2026-03-11T16:27:08Z WARNING bsky_collector_v2.job.index_feed_generators: listRecords failed repo=did:plc:kuo73qjmkgn6hthq3m7ggym6 err=HttpError('InvalidRequest: Could not find repo: did:plc:kuo73qjmkgn6hthq3m7ggym6')
2026-03-11T16:27:56Z WARNING bsky_collector_v2.job.index_feed_generators: listRecords failed repo=did:plc:2tb5mobkkyuq755aurgay274 err=HttpError('InvalidRequest: Could not find repo: did:plc:2tb5mobkkyuq755aurgay274')
2026-03-11T16:27:56Z WARNING bsky_collector_v2.job.index_feed_generators: listRecords failed repo=did:plc:kuo73qjmkgn6hthq3m7ggym6 err=HttpError('InvalidRequest: Could not find repo: did:plc:kuo73qjmkgn6hthq3m7ggym6')
2026-03-11T16:27:56Z WARNING bsky_collector_v2.job.index_feed_generators: listRecords failed repo=did:plc:2tb5mobkkyuq755aurgay274 err=HttpError('InvalidRequest: Could not find repo: did:plc:2tb5mobkkyuq755aurgay274')
2026-03-11T16:27:56Z WARNING bsky_collector_v2.job.index_feed_generators: listRecords failed repo=did:plc:kuo73qjmkgn6hthq3m7ggym6 err=HttpError('InvalidRequest: Could not find repo: did:plc:kuo73qjmkgn6hthq3m7ggym6')
2026-03-11T16:27:56Z INFO bsky_collector_v2.job.index_feed_generators: enqueued repos page=25 mode=listRepos inserted=500 repos_returned=500 next_cursor=set
2026-03-11T16:27:59Z INFO bsky_collector_v2.job.index_feed_generators: indexed repo=did:plc:2l52ilg7w37povjrl6ygxfvs part=256 records=1 next_cursor=set
2026-03-11T16:29:39Z INFO bsky_collector_v2.job.index_feed_generators: enqueued repos page=26 mode=listRepos inserted=500 repos_returned=500 next_cursor=set
