2026-03-12T03:36:39Z INFO bsky_collector_v2: out_base ok path=D:\BlueSky\data_v2_full mount=D:\
2026-03-12T03:36:39Z INFO bsky_collector_v2: job start subcommand=index-feed-generators dry_run=False resume=True
2026-03-12T03:36:40Z INFO bsky_collector_v2.job.index_feed_generators: feed generator index hosts relay_host=https://bsky.network records_host=https://bsky.social auth=yes
2026-03-12T03:36:58Z WARNING bsky_collector_v2.job.index_feed_generators: listRecords failed repo=did:plc:gd3zcvf5tz4lhux6s46rfdpi err=HttpError('InvalidRequest: Could not find repo: did:plc:gd3zcvf5tz4lhux6s46rfdpi')
2026-03-12T03:38:08Z WARNING bsky_collector_v2.job.index_feed_generators: listRecords failed repo=did:plc:3vnx5cbghsua27u3uv7torfe err=HttpError('InvalidRequest: Could not find repo: did:plc:3vnx5cbghsua27u3uv7torfe')
2026-03-12T03:38:09Z WARNING bsky_collector_v2.job.index_feed_generators: listRecords failed repo=did:plc:c6xh3u5gphcxogk7jgada2c2 err=HttpError('InvalidRequest: Could not find repo: did:plc:c6xh3u5gphcxogk7jgada2c2')
2026-03-12T03:38:09Z WARNING bsky_collector_v2.job.index_feed_generators: listRecords failed repo=did:plc:gd3zcvf5tz4lhux6s46rfdpi err=HttpError('InvalidRequest: Could not find repo: did:plc:gd3zcvf5tz4lhux6s46rfdpi')
2026-03-12T03:38:09Z WARNING bsky_collector_v2.job.index_feed_generators: listRecords failed repo=did:plc:3vnx5cbghsua27u3uv7torfe err=HttpError('InvalidRequest: Could not find repo: did:plc:3vnx5cbghsua27u3uv7torfe')
2026-03-12T03:38:09Z WARNING bsky_collector_v2.job.index_feed_generators: listRecords failed repo=did:plc:c6xh3u5gphcxogk7jgada2c2 err=HttpError('InvalidRequest: Could not find repo: did:plc:c6xh3u5gphcxogk7jgada2c2')
2026-03-12T03:38:09Z WARNING bsky_collector_v2.job.index_feed_generators: listRecords failed repo=did:plc:gd3zcvf5tz4lhux6s46rfdpi err=HttpError('InvalidRequest: Could not find repo: did:plc:gd3zcvf5tz4lhux6s46rfdpi')
2026-03-12T03:38:10Z INFO bsky_collector_v2.job.index_feed_generators: enqueued repos page=1 mode=listRepos inserted=500 repos_returned=500 next_cursor=set
2026-03-12T03:38:49Z INFO bsky_collector_v2.job.index_feed_generators: indexed repo=did:plc:cfjaa5cl3xn2qdd6lkx64ppq part=44 records=1 next_cursor=set
2026-03-12T03:40:19Z INFO bsky_collector_v2.job.index_feed_generators: enqueued repos page=2 mode=listRepos inserted=500 repos_returned=500 next_cursor=set
2026-03-12T03:40:53Z INFO bsky_collector_v2.job.index_feed_generators: indexed repo=did:plc:c3qlg6xkkmpzwujhj42jwudm part=45 records=3 next_cursor=set
2026-03-12T03:42:02Z WARNING bsky_collector_v2.job.index_feed_generators: listRecords failed repo=did:plc:qxougudnzwly5y5kwwgwibhy err=HttpError('InvalidRequest: Could not find repo: did:plc:qxougudnzwly5y5kwwgwibhy')
2026-03-12T03:42:39Z WARNING bsky_collector_v2.job.index_feed_generators: listRecords failed repo=did:plc:xswjoijaudiiushqcjwaaiak err=HttpError('InvalidRequest: Could not find repo: did:plc:xswjoijaudiiushqcjwaaiak')
2026-03-12T03:42:46Z WARNING bsky_collector_v2.job.index_feed_generators: listRecords failed repo=did:plc:qxougudnzwly5y5kwwgwibhy err=HttpError('InvalidRequest: Could not find repo: did:plc:qxougudnzwly5y5kwwgwibhy')
2026-03-12T03:42:46Z WARNING bsky_collector_v2.job.index_feed_generators: listRecords failed repo=did:plc:xswjoijaudiiushqcjwaaiak err=HttpError('InvalidRequest: Could not find repo: did:plc:xswjoijaudiiushqcjwaaiak')
2026-03-12T03:42:47Z WARNING bsky_collector_v2.job.index_feed_generators: listRecords failed repo=did:plc:qxougudnzwly5y5kwwgwibhy err=HttpError('InvalidRequest: Could not find repo: did:plc:qxougudnzwly5y5kwwgwibhy')
2026-03-12T03:42:47Z WARNING bsky_collector_v2.job.index_feed_generators: listRecords failed repo=did:plc:xswjoijaudiiushqcjwaaiak err=HttpError('InvalidRequest: Could not find repo: did:plc:xswjoijaudiiushqcjwaaiak')
2026-03-12T03:42:47Z INFO bsky_collector_v2.job.index_feed_generators: enqueued repos page=3 mode=listRepos inserted=500 repos_returned=500 next_cursor=set
2026-03-12T03:43:53Z WARNING bsky_collector_v2.job.index_feed_generators: listRecords failed repo=did:plc:gh6z6exaevczos7dupvzztts err=HttpError('InvalidRequest: Could not find repo: did:plc:gh6z6exaevczos7dupvzztts')
2026-03-12T03:44:20Z INFO bsky_collector_v2.job.index_feed_generators: indexed repo=did:plc:mdx2kappbg2zlbctzys5j3wm part=46 records=2 next_cursor=set
2026-03-12T03:44:59Z WARNING bsky_collector_v2.job.index_feed_generators: listRecords failed repo=did:plc:vrnunnxtg2x42e2uee4igf3f err=HttpError('InvalidRequest: Could not find repo: did:plc:vrnunnxtg2x42e2uee4igf3f')
2026-03-12T03:45:12Z WARNING bsky_collector_v2.job.index_feed_generators: listRecords failed repo=did:plc:gh6z6exaevczos7dupvzztts err=HttpError('InvalidRequest: Could not find repo: did:plc:gh6z6exaevczos7dupvzztts')
2026-03-12T03:45:12Z WARNING bsky_collector_v2.job.index_feed_generators: listRecords failed repo=did:plc:vrnunnxtg2x42e2uee4igf3f err=HttpError('InvalidRequest: Could not find repo: did:plc:vrnunnxtg2x42e2uee4igf3f')
2026-03-12T03:45:12Z WARNING bsky_collector_v2.job.index_feed_generators: listRecords failed repo=did:plc:gh6z6exaevczos7dupvzztts err=HttpError('InvalidRequest: Could not find repo: did:plc:gh6z6exaevczos7dupvzztts')
2026-03-12T03:45:12Z WARNING bsky_collector_v2.job.index_feed_generators: listRecords failed repo=did:plc:vrnunnxtg2x42e2uee4igf3f err=HttpError('InvalidRequest: Could not find repo: did:plc:vrnunnxtg2x42e2uee4igf3f')
2026-03-12T03:45:13Z INFO bsky_collector_v2.job.index_feed_generators: enqueued repos page=4 mode=listRepos inserted=500 repos_returned=500 next_cursor=set
2026-03-12T03:45:48Z WARNING bsky_collector_v2.job.index_feed_generators: listRecords failed repo=did:plc:f2ichttpnrjrmdvbespu4ut7 err=HttpError('InvalidRequest: Could not find repo: did:plc:f2ichttpnrjrmdvbespu4ut7')
2026-03-12T03:46:38Z WARNING bsky_collector_v2.job.index_feed_generators: listRecords failed repo=did:plc:sfwre4ostmzmqgd4nmcudv3j err=HttpError('InvalidRequest: Could not find repo: did:plc:sfwre4ostmzmqgd4nmcudv3j')
2026-03-12T03:46:59Z WARNING bsky_collector_v2.job.index_feed_generators: listRecords failed repo=did:plc:f2ichttpnrjrmdvbespu4ut7 err=HttpError('InvalidRequest: Could not find repo: did:plc:f2ichttpnrjrmdvbespu4ut7')
2026-03-12T03:46:59Z WARNING bsky_collector_v2.job.index_feed_generators: listRecords failed repo=did:plc:sfwre4ostmzmqgd4nmcudv3j err=HttpError('InvalidRequest: Could not find repo: did:plc:sfwre4ostmzmqgd4nmcudv3j')
2026-03-12T03:46:59Z WARNING bsky_collector_v2.job.index_feed_generators: listRecords failed repo=did:plc:f2ichttpnrjrmdvbespu4ut7 err=HttpError('InvalidRequest: Could not find repo: did:plc:f2ichttpnrjrmdvbespu4ut7')
2026-03-12T03:46:59Z WARNING bsky_collector_v2.job.index_feed_generators: listRecords failed repo=did:plc:sfwre4ostmzmqgd4nmcudv3j err=HttpError('InvalidRequest: Could not find repo: did:plc:sfwre4ostmzmqgd4nmcudv3j')
2026-03-12T03:47:00Z INFO bsky_collector_v2.job.index_feed_generators: enqueued repos page=5 mode=listRepos inserted=500 repos_returned=500 next_cursor=set
2026-03-12T03:47:32Z WARNING bsky_collector_v2.job.index_feed_generators: listRecords failed repo=did:plc:b7d6ieey7rth42tkychhqomh err=HttpError('InvalidRequest: Could not find repo: did:plc:b7d6ieey7rth42tkychhqomh')
2026-03-12T03:48:21Z WARNING bsky_collector_v2.job.index_feed_generators: listRecords failed repo=did:plc:pmmz36pv6r7zzlulszmiimsk err=HttpError('InvalidRequest: Could not find repo: did:plc:pmmz36pv6r7zzlulszmiimsk')
2026-03-12T03:48:44Z INFO bsky_collector_v2.job.index_feed_generators: indexed repo=did:plc:tojf34qdoobmdzflerok2r2i part=47 records=3 next_cursor=set
2026-03-12T03:48:45Z WARNING bsky_collector_v2.job.index_feed_generators: listRecords failed repo=did:plc:trxx7jntlymawiodaigovv5f err=HttpError('InvalidRequest: Could not find repo: did:plc:trxx7jntlymawiodaigovv5f')
2026-03-12T03:49:07Z WARNING bsky_collector_v2.job.index_feed_generators: listRecords failed repo=did:plc:b7d6ieey7rth42tkychhqomh err=HttpError('InvalidRequest: Could not find repo: did:plc:b7d6ieey7rth42tkychhqomh')
2026-03-12T03:49:07Z WARNING bsky_collector_v2.job.index_feed_generators: listRecords failed repo=did:plc:pmmz36pv6r7zzlulszmiimsk err=HttpError('InvalidRequest: Could not find repo: did:plc:pmmz36pv6r7zzlulszmiimsk')
2026-03-12T03:49:07Z WARNING bsky_collector_v2.job.index_feed_generators: listRecords failed repo=did:plc:trxx7jntlymawiodaigovv5f err=HttpError('InvalidRequest: Could not find repo: did:plc:trxx7jntlymawiodaigovv5f')
2026-03-12T03:49:07Z WARNING bsky_collector_v2.job.index_feed_generators: listRecords failed repo=did:plc:b7d6ieey7rth42tkychhqomh err=HttpError('InvalidRequest: Could not find repo: did:plc:b7d6ieey7rth42tkychhqomh')
2026-03-12T03:49:07Z WARNING bsky_collector_v2.job.index_feed_generators: listRecords failed repo=did:plc:pmmz36pv6r7zzlulszmiimsk err=HttpError('InvalidRequest: Could not find repo: did:plc:pmmz36pv6r7zzlulszmiimsk')
2026-03-12T03:49:07Z WARNING bsky_collector_v2.job.index_feed_generators: listRecords failed repo=did:plc:trxx7jntlymawiodaigovv5f err=HttpError('InvalidRequest: Could not find repo: did:plc:trxx7jntlymawiodaigovv5f')
2026-03-12T03:49:08Z INFO bsky_collector_v2.job.index_feed_generators: enqueued repos page=6 mode=listRepos inserted=500 repos_returned=500 next_cursor=set
2026-03-12T03:50:21Z INFO bsky_collector_v2.job.index_feed_generators: indexed repo=did:plc:pqc75slf2mj5opu2l43pqmec part=48 records=1 next_cursor=set
2026-03-12T03:50:24Z WARNING bsky_collector_v2.job.index_feed_generators: listRecords failed repo=did:plc:qo2urk437ss36eyefp5jgoyw err=HttpError('InvalidRequest: Could not find repo: did:plc:qo2urk437ss36eyefp5jgoyw')
2026-03-12T03:51:06Z WARNING bsky_collector_v2.job.index_feed_generators: listRecords failed repo=did:plc:zxasisxjsn245f6en34oekot err=HttpError('InvalidRequest: Could not find repo: did:plc:zxasisxjsn245f6en34oekot')
2026-03-12T03:51:06Z WARNING bsky_collector_v2.job.index_feed_generators: listRecords failed repo=did:plc:qo2urk437ss36eyefp5jgoyw err=HttpError('InvalidRequest: Could not find repo: did:plc:qo2urk437ss36eyefp5jgoyw')
2026-03-12T03:51:06Z WARNING bsky_collector_v2.job.index_feed_generators: listRecords failed repo=did:plc:zxasisxjsn245f6en34oekot err=HttpError('InvalidRequest: Could not find repo: did:plc:zxasisxjsn245f6en34oekot')
2026-03-12T03:51:06Z WARNING bsky_collector_v2.job.index_feed_generators: listRecords failed repo=did:plc:qo2urk437ss36eyefp5jgoyw err=HttpError('InvalidRequest: Could not find repo: did:plc:qo2urk437ss36eyefp5jgoyw')
2026-03-12T03:51:07Z WARNING bsky_collector_v2.job.index_feed_generators: listRecords failed repo=did:plc:zxasisxjsn245f6en34oekot err=HttpError('InvalidRequest: Could not find repo: did:plc:zxasisxjsn245f6en34oekot')
2026-03-12T03:51:07Z INFO bsky_collector_v2.job.index_feed_generators: enqueued repos page=7 mode=listRepos inserted=500 repos_returned=500 next_cursor=set
2026-03-12T03:52:53Z INFO bsky_collector_v2.job.index_feed_generators: enqueued repos page=8 mode=listRepos inserted=500 repos_returned=500 next_cursor=set
2026-03-12T03:53:25Z WARNING bsky_collector_v2.job.index_feed_generators: listRecords failed repo=did:plc:dfw7w6ke5siay2icgjdi7rsc err=HttpError('InvalidRequest: Could not find repo: did:plc:dfw7w6ke5siay2icgjdi7rsc')
2026-03-12T03:54:30Z WARNING bsky_collector_v2.job.index_feed_generators: listRecords failed repo=did:plc:dfw7w6ke5siay2icgjdi7rsc err=HttpError('InvalidRequest: Could not find repo: did:plc:dfw7w6ke5siay2icgjdi7rsc')
2026-03-12T03:54:30Z WARNING bsky_collector_v2.job.index_feed_generators: listRecords failed repo=did:plc:dfw7w6ke5siay2icgjdi7rsc err=HttpError('InvalidRequest: Could not find repo: did:plc:dfw7w6ke5siay2icgjdi7rsc')
2026-03-12T03:54:31Z INFO bsky_collector_v2.job.index_feed_generators: enqueued repos page=9 mode=listRepos inserted=500 repos_returned=500 next_cursor=set
2026-03-12T03:54:45Z INFO bsky_collector_v2.job.index_feed_generators: indexed repo=did:plc:6swqaas6en4jjgsjfkrj7amp part=49 records=1 next_cursor=set
2026-03-12T03:56:25Z INFO bsky_collector_v2.job.index_feed_generators: enqueued repos page=10 mode=listRepos inserted=500 repos_returned=500 next_cursor=set
2026-03-12T03:57:30Z INFO bsky_collector_v2.job.index_feed_generators: indexed repo=did:plc:mp2n7cdxk5qwddmna2w26vbc part=50 records=1 next_cursor=set
2026-03-12T03:57:42Z WARNING bsky_collector_v2.job.index_feed_generators: listRecords failed repo=did:plc:qkxdtwxo4v66dvwz225yyrbv err=HttpError('InvalidRequest: Could not find repo: did:plc:qkxdtwxo4v66dvwz225yyrbv')
2026-03-12T03:58:06Z WARNING bsky_collector_v2.job.index_feed_generators: listRecords failed repo=did:plc:xuhou32r56wislg6u73kflx2 err=HttpError('InvalidRequest: Could not find repo: did:plc:xuhou32r56wislg6u73kflx2')
2026-03-12T03:58:11Z WARNING bsky_collector_v2.job.index_feed_generators: listRecords failed repo=did:plc:qkxdtwxo4v66dvwz225yyrbv err=HttpError('InvalidRequest: Could not find repo: did:plc:qkxdtwxo4v66dvwz225yyrbv')
2026-03-12T03:58:11Z WARNING bsky_collector_v2.job.index_feed_generators: listRecords failed repo=did:plc:xuhou32r56wislg6u73kflx2 err=HttpError('InvalidRequest: Could not find repo: did:plc:xuhou32r56wislg6u73kflx2')
2026-03-12T03:58:12Z WARNING bsky_collector_v2.job.index_feed_generators: listRecords failed repo=did:plc:qkxdtwxo4v66dvwz225yyrbv err=HttpError('InvalidRequest: Could not find repo: did:plc:qkxdtwxo4v66dvwz225yyrbv')
2026-03-12T03:58:12Z WARNING bsky_collector_v2.job.index_feed_generators: listRecords failed repo=did:plc:xuhou32r56wislg6u73kflx2 err=HttpError('InvalidRequest: Could not find repo: did:plc:xuhou32r56wislg6u73kflx2')
2026-03-12T03:58:12Z INFO bsky_collector_v2.job.index_feed_generators: enqueued repos page=11 mode=listRepos inserted=500 repos_returned=500 next_cursor=set
2026-03-12T03:58:15Z INFO bsky_collector_v2.job.index_feed_generators: indexed repo=did:plc:2syyfmo4wsmhpdhjrpnmqusd part=51 records=4 next_cursor=set
2026-03-12T03:58:48Z WARNING bsky_collector_v2.job.index_feed_generators: listRecords failed repo=did:plc:do5m3ximgrzsn2e54jxugsvk err=HttpError('InvalidRequest: Could not find repo: did:plc:do5m3ximgrzsn2e54jxugsvk')
2026-03-12T03:59:31Z WARNING bsky_collector_v2.job.index_feed_generators: listRecords failed repo=did:plc:onrhnmqyy4ue2wajvncfjhkm err=HttpError('InvalidRequest: Could not find repo: did:plc:onrhnmqyy4ue2wajvncfjhkm')
2026-03-12T04:00:28Z WARNING bsky_collector_v2.job.index_feed_generators: listRecords failed repo=did:plc:sm2j6lnufnt5sbdkdh5zipoy err=HttpError('InternalServerError: Internal Server Error')
2026-03-12T04:01:01Z WARNING bsky_collector_v2.job.index_feed_generators: listRecords failed repo=did:plc:ssrheo7o6pz6qblahepl3a4z err=HttpError('InternalServerError: Internal Server Error')
2026-03-12T04:01:34Z WARNING bsky_collector_v2.job.index_feed_generators: listRecords failed repo=did:plc:stnasfhpgj4stdt4felkg2ka err=HttpError('InternalServerError: Internal Server Error')
2026-03-12T04:02:07Z WARNING bsky_collector_v2.job.index_feed_generators: listRecords failed repo=did:plc:svf6wmrogfx6ds5u5arx2ai2 err=HttpError('InternalServerError: Internal Server Error')
2026-03-12T04:02:44Z WARNING bsky_collector_v2.job.index_feed_generators: listRecords failed repo=did:plc:u2ig5qkb7baevbbbh3zi2zu7 err=HttpError('InternalServerError: Internal Server Error')
2026-03-12T04:03:17Z WARNING bsky_collector_v2.job.index_feed_generators: listRecords failed repo=did:plc:u6mj3of672u6mh65ejffzi7d err=HttpError('InternalServerError: Internal Server Error')
2026-03-12T04:04:25Z WARNING bsky_collector_v2.job.index_feed_generators: listRecords failed repo=did:plc:w7n7yijsvhd32i2c5brpfucw err=HttpError('InternalServerError: Internal Server Error')
2026-03-12T04:04:26Z INFO bsky_collector_v2.job.index_feed_generators: indexed repo=did:plc:whti4273jq2ul7hbnwshibhv part=52 records=2 next_cursor=set
2026-03-12T04:04:58Z WARNING bsky_collector_v2.job.index_feed_generators: listRecords failed repo=did:plc:whtm6ibwlcnnioovqf3dlwp5 err=HttpError('InternalServerError: Internal Server Error')
2026-03-12T04:05:31Z WARNING bsky_collector_v2.job.index_feed_generators: listRecords failed repo=did:plc:wiz6x5jggkjgbuwhgenzjjvo err=HttpError('InternalServerError: Internal Server Error')
2026-03-12T04:06:08Z WARNING bsky_collector_v2.job.index_feed_generators: listRecords failed repo=did:plc:xxkpeh44gtcb52aiwiub6fwm err=HttpError('InternalServerError: Internal Server Error')
2026-03-12T04:07:00Z WARNING bsky_collector_v2.job.index_feed_generators: listRecords failed repo=did:plc:do5m3ximgrzsn2e54jxugsvk err=HttpError('InvalidRequest: Could not find repo: did:plc:do5m3ximgrzsn2e54jxugsvk')
2026-03-12T04:07:00Z WARNING bsky_collector_v2.job.index_feed_generators: listRecords failed repo=did:plc:onrhnmqyy4ue2wajvncfjhkm err=HttpError('InvalidRequest: Could not find repo: did:plc:onrhnmqyy4ue2wajvncfjhkm')
2026-03-12T04:07:05Z WARNING bsky_collector_v2.job.index_feed_generators: listRecords failed repo=did:plc:do5m3ximgrzsn2e54jxugsvk err=HttpError('InvalidRequest: Could not find repo: did:plc:do5m3ximgrzsn2e54jxugsvk')
2026-03-12T04:07:05Z WARNING bsky_collector_v2.job.index_feed_generators: listRecords failed repo=did:plc:onrhnmqyy4ue2wajvncfjhkm err=HttpError('InvalidRequest: Could not find repo: did:plc:onrhnmqyy4ue2wajvncfjhkm')
2026-03-12T04:07:06Z INFO bsky_collector_v2.job.index_feed_generators: enqueued repos page=12 mode=listRepos inserted=500 repos_returned=500 next_cursor=set
2026-03-12T04:07:52Z WARNING bsky_collector_v2.job.index_feed_generators: listRecords failed repo=did:plc:2fzs3dcq2jaswrkhop5yn6es err=HttpError('InternalServerError: Internal Server Error')
2026-03-12T04:08:52Z WARNING bsky_collector_v2.job.index_feed_generators: listRecords failed repo=did:plc:e2esm7htuakazpeq2jroa6o2 err=HttpError('InvalidRequest: Could not find repo: did:plc:e2esm7htuakazpeq2jroa6o2')
2026-03-12T04:10:12Z INFO bsky_collector_v2.job.index_feed_generators: indexed repo=did:plc:ycz3ecv6ldqzqzirnogpxvuo part=53 records=6 next_cursor=set
2026-03-12T04:10:21Z WARNING bsky_collector_v2.job.index_feed_generators: listRecords failed repo=did:plc:e2esm7htuakazpeq2jroa6o2 err=HttpError('InvalidRequest: Could not find repo: did:plc:e2esm7htuakazpeq2jroa6o2')
2026-03-12T04:10:21Z WARNING bsky_collector_v2.job.index_feed_generators: listRecords failed repo=did:plc:e2esm7htuakazpeq2jroa6o2 err=HttpError('InvalidRequest: Could not find repo: did:plc:e2esm7htuakazpeq2jroa6o2')
2026-03-12T04:10:21Z INFO bsky_collector_v2.job.index_feed_generators: enqueued repos page=13 mode=listRepos inserted=500 repos_returned=500 next_cursor=set
2026-03-12T04:10:33Z WARNING bsky_collector_v2.job.index_feed_generators: listRecords failed repo=did:plc:3swqhdc3cw3wp4hfidav77ly err=HttpError('InvalidRequest: Could not find repo: did:plc:3swqhdc3cw3wp4hfidav77ly')
2026-03-12T04:10:35Z INFO bsky_collector_v2.job.index_feed_generators: indexed repo=did:plc:4624l6g3up62yrmljxyyvgst part=54 records=1 next_cursor=set
2026-03-12T04:11:13Z INFO bsky_collector_v2.job.index_feed_generators: indexed repo=did:plc:h4psjpvgxqiqjjxffjvrmoqr part=55 records=1 next_cursor=set
2026-03-12T04:11:38Z WARNING bsky_collector_v2.job.index_feed_generators: listRecords failed repo=did:plc:oo2lytv73p375pnlyvjdnxix err=HttpError('InvalidRequest: Could not find repo: did:plc:oo2lytv73p375pnlyvjdnxix')
2026-03-12T04:12:19Z WARNING bsky_collector_v2.job.index_feed_generators: listRecords failed repo=did:plc:3swqhdc3cw3wp4hfidav77ly err=HttpError('InvalidRequest: Could not find repo: did:plc:3swqhdc3cw3wp4hfidav77ly')
2026-03-12T04:12:20Z WARNING bsky_collector_v2.job.index_feed_generators: listRecords failed repo=did:plc:oo2lytv73p375pnlyvjdnxix err=HttpError('InvalidRequest: Could not find repo: did:plc:oo2lytv73p375pnlyvjdnxix')
2026-03-12T04:12:20Z WARNING bsky_collector_v2.job.index_feed_generators: listRecords failed repo=did:plc:3swqhdc3cw3wp4hfidav77ly err=HttpError('InvalidRequest: Could not find repo: did:plc:3swqhdc3cw3wp4hfidav77ly')
2026-03-12T04:12:20Z WARNING bsky_collector_v2.job.index_feed_generators: listRecords failed repo=did:plc:oo2lytv73p375pnlyvjdnxix err=HttpError('InvalidRequest: Could not find repo: did:plc:oo2lytv73p375pnlyvjdnxix')
2026-03-12T04:12:20Z INFO bsky_collector_v2.job.index_feed_generators: enqueued repos page=14 mode=listRepos inserted=500 repos_returned=500 next_cursor=set
2026-03-12T04:12:59Z WARNING bsky_collector_v2.job.index_feed_generators: listRecords failed repo=did:plc:crdrhpmo2cpfkvjtz7brp2sm err=HttpError('InvalidRequest: Could not find repo: did:plc:crdrhpmo2cpfkvjtz7brp2sm')
2026-03-12T04:14:39Z WARNING bsky_collector_v2.job.index_feed_generators: listRecords failed repo=did:plc:pasv7patpr3jm2pgggkxd4xr err=HttpError('InternalServerError: Internal Server Error')
2026-03-12T04:15:12Z INFO bsky_collector_v2.job.index_feed_generators: indexed repo=did:plc:tl7z5caapgyy5she37e3wvoy part=56 records=1 next_cursor=set
2026-03-12T04:15:37Z WARNING bsky_collector_v2.job.index_feed_generators: listRecords failed repo=did:plc:crdrhpmo2cpfkvjtz7brp2sm err=HttpError('InvalidRequest: Could not find repo: did:plc:crdrhpmo2cpfkvjtz7brp2sm')
2026-03-12T04:15:37Z WARNING bsky_collector_v2.job.index_feed_generators: listRecords failed repo=did:plc:crdrhpmo2cpfkvjtz7brp2sm err=HttpError('InvalidRequest: Could not find repo: did:plc:crdrhpmo2cpfkvjtz7brp2sm')
2026-03-12T04:15:38Z INFO bsky_collector_v2.job.index_feed_generators: enqueued repos page=15 mode=listRepos inserted=500 repos_returned=500 next_cursor=set
2026-03-12T04:15:45Z WARNING bsky_collector_v2.job.index_feed_generators: listRecords failed repo=did:plc:3sxw2f2s4ykdslvu2sdgjvsk err=HttpError('InvalidRequest: Could not find repo: did:plc:3sxw2f2s4ykdslvu2sdgjvsk')
2026-03-12T04:15:51Z WARNING bsky_collector_v2.job.index_feed_generators: listRecords failed repo=did:plc:5n2gmnppgs6wt6ydkvtjrohs err=HttpError('InvalidRequest: Could not find repo: did:plc:5n2gmnppgs6wt6ydkvtjrohs')
2026-03-12T04:16:55Z WARNING bsky_collector_v2.job.index_feed_generators: listRecords failed repo=did:plc:smkkh3n2t2wvi27z5vmvv4a3 err=HttpError('InvalidRequest: Could not find repo: did:plc:smkkh3n2t2wvi27z5vmvv4a3')
2026-03-12T04:17:23Z WARNING bsky_collector_v2.job.index_feed_generators: listRecords failed repo=did:plc:3sxw2f2s4ykdslvu2sdgjvsk err=HttpError('InvalidRequest: Could not find repo: did:plc:3sxw2f2s4ykdslvu2sdgjvsk')
2026-03-12T04:17:23Z WARNING bsky_collector_v2.job.index_feed_generators: listRecords failed repo=did:plc:5n2gmnppgs6wt6ydkvtjrohs err=HttpError('InvalidRequest: Could not find repo: did:plc:5n2gmnppgs6wt6ydkvtjrohs')
2026-03-12T04:17:24Z WARNING bsky_collector_v2.job.index_feed_generators: listRecords failed repo=did:plc:smkkh3n2t2wvi27z5vmvv4a3 err=HttpError('InvalidRequest: Could not find repo: did:plc:smkkh3n2t2wvi27z5vmvv4a3')
2026-03-12T04:17:24Z WARNING bsky_collector_v2.job.index_feed_generators: listRecords failed repo=did:plc:3sxw2f2s4ykdslvu2sdgjvsk err=HttpError('InvalidRequest: Could not find repo: did:plc:3sxw2f2s4ykdslvu2sdgjvsk')
2026-03-12T04:17:24Z WARNING bsky_collector_v2.job.index_feed_generators: listRecords failed repo=did:plc:5n2gmnppgs6wt6ydkvtjrohs err=HttpError('InvalidRequest: Could not find repo: did:plc:5n2gmnppgs6wt6ydkvtjrohs')
2026-03-12T04:17:24Z WARNING bsky_collector_v2.job.index_feed_generators: listRecords failed repo=did:plc:smkkh3n2t2wvi27z5vmvv4a3 err=HttpError('InvalidRequest: Could not find repo: did:plc:smkkh3n2t2wvi27z5vmvv4a3')
2026-03-12T04:17:25Z INFO bsky_collector_v2.job.index_feed_generators: enqueued repos page=16 mode=listRepos inserted=500 repos_returned=500 next_cursor=set
2026-03-12T04:18:56Z WARNING bsky_collector_v2.job.index_feed_generators: listRecords failed repo=did:plc:uvzajgwjg5bag65k4sk3mf6z err=HttpError('InvalidRequest: Could not find repo: did:plc:uvzajgwjg5bag65k4sk3mf6z')
2026-03-12T04:19:14Z WARNING bsky_collector_v2.job.index_feed_generators: listRecords failed repo=did:plc:uvzajgwjg5bag65k4sk3mf6z err=HttpError('InvalidRequest: Could not find repo: did:plc:uvzajgwjg5bag65k4sk3mf6z')
2026-03-12T04:19:14Z WARNING bsky_collector_v2.job.index_feed_generators: listRecords failed repo=did:plc:uvzajgwjg5bag65k4sk3mf6z err=HttpError('InvalidRequest: Could not find repo: did:plc:uvzajgwjg5bag65k4sk3mf6z')
2026-03-12T04:19:14Z INFO bsky_collector_v2.job.index_feed_generators: enqueued repos page=17 mode=listRepos inserted=500 repos_returned=500 next_cursor=set
2026-03-12T04:20:17Z WARNING bsky_collector_v2.job.index_feed_generators: listRecords failed repo=did:plc:ma32zqngcikjs773kt6mzu32 err=HttpError('InvalidRequest: Could not find repo: did:plc:ma32zqngcikjs773kt6mzu32')
2026-03-12T04:21:32Z WARNING bsky_collector_v2.job.index_feed_generators: listRecords failed repo=did:plc:qafydc3l2ufstqxqevna3bl7 err=HttpError('InternalServerError: Internal Server Error')
2026-03-12T04:21:42Z INFO bsky_collector_v2.job.index_feed_generators: indexed repo=did:plc:qpso23hpehhdp4tfv3in6cqd part=57 records=1 next_cursor=set
2026-03-12T04:22:20Z WARNING bsky_collector_v2.job.index_feed_generators: listRecords failed repo=did:plc:ma32zqngcikjs773kt6mzu32 err=HttpError('InvalidRequest: Could not find repo: did:plc:ma32zqngcikjs773kt6mzu32')
2026-03-12T04:22:21Z WARNING bsky_collector_v2.job.index_feed_generators: listRecords failed repo=did:plc:ma32zqngcikjs773kt6mzu32 err=HttpError('InvalidRequest: Could not find repo: did:plc:ma32zqngcikjs773kt6mzu32')
2026-03-12T04:22:21Z INFO bsky_collector_v2.job.index_feed_generators: enqueued repos page=18 mode=listRepos inserted=500 repos_returned=500 next_cursor=set
2026-03-12T04:22:27Z INFO bsky_collector_v2.job.index_feed_generators: indexed repo=did:plc:3wlwgnqkajx7j7bmaui6ov3r part=58 records=1 next_cursor=set
2026-03-12T04:23:33Z WARNING bsky_collector_v2.job.index_feed_generators: listRecords failed repo=did:plc:purh2gj4gfwomk7zcrd6yrvo err=HttpError('InvalidRequest: Could not find repo: did:plc:purh2gj4gfwomk7zcrd6yrvo')
2026-03-12T04:23:39Z WARNING bsky_collector_v2.job.index_feed_generators: listRecords failed repo=did:plc:rfvfes63ney3mxsvkhy5ovab err=HttpError('InvalidRequest: Could not find repo: did:plc:rfvfes63ney3mxsvkhy5ovab')
2026-03-12T04:24:12Z WARNING bsky_collector_v2.job.index_feed_generators: listRecords failed repo=did:plc:purh2gj4gfwomk7zcrd6yrvo err=HttpError('InvalidRequest: Could not find repo: did:plc:purh2gj4gfwomk7zcrd6yrvo')
2026-03-12T04:24:12Z WARNING bsky_collector_v2.job.index_feed_generators: listRecords failed repo=did:plc:rfvfes63ney3mxsvkhy5ovab err=HttpError('InvalidRequest: Could not find repo: did:plc:rfvfes63ney3mxsvkhy5ovab')
2026-03-12T04:24:12Z WARNING bsky_collector_v2.job.index_feed_generators: listRecords failed repo=did:plc:purh2gj4gfwomk7zcrd6yrvo err=HttpError('InvalidRequest: Could not find repo: did:plc:purh2gj4gfwomk7zcrd6yrvo')
2026-03-12T04:24:12Z WARNING bsky_collector_v2.job.index_feed_generators: listRecords failed repo=did:plc:rfvfes63ney3mxsvkhy5ovab err=HttpError('InvalidRequest: Could not find repo: did:plc:rfvfes63ney3mxsvkhy5ovab')
2026-03-12T04:24:12Z INFO bsky_collector_v2.job.index_feed_generators: enqueued repos page=19 mode=listRepos inserted=500 repos_returned=500 next_cursor=set
2026-03-12T04:25:53Z WARNING bsky_collector_v2.job.index_feed_generators: listRecords failed repo=did:plc:kkepibn65k4lblwqxi2b47dz err=HttpError('InternalServerError: Internal Server Error')
2026-03-12T04:26:27Z WARNING bsky_collector_v2.job.index_feed_generators: listRecords failed repo=did:plc:krbffuhsfwwop6aosnuxk2rc err=HttpError('InternalServerError: Internal Server Error')
2026-03-12T04:27:00Z WARNING bsky_collector_v2.job.index_feed_generators: listRecords failed repo=did:plc:krxg5rj4orn6hswsbr64w6mc err=HttpError('InternalServerError: Internal Server Error')
2026-03-12T04:27:23Z INFO bsky_collector_v2.job.index_feed_generators: indexed repo=did:plc:m2fzosaoolss3buyc436ihpw part=59 records=1 next_cursor=set
2026-03-12T04:27:59Z WARNING bsky_collector_v2.job.index_feed_generators: listRecords failed repo=did:plc:n45m7pvqbrnipt32bhsng5us err=HttpError('InternalServerError: Internal Server Error')
2026-03-12T04:29:04Z WARNING bsky_collector_v2.job.index_feed_generators: listRecords failed repo=did:plc:njj2toprviglo3k7bpc5hz5k err=HttpError('InternalServerError: Internal Server Error')
2026-03-12T04:30:45Z WARNING bsky_collector_v2.job.index_feed_generators: listRecords failed repo=did:plc:rtjm2tbm32yzqao6pskkk2yi err=HttpError('InternalServerError: Internal Server Error')
2026-03-12T04:31:24Z INFO bsky_collector_v2.job.index_feed_generators: indexed repo=did:plc:xa3xfcxqzgi7bkhskrpcafy6 part=60 records=1 next_cursor=set
2026-03-12T04:31:37Z INFO bsky_collector_v2.job.index_feed_generators: enqueued repos page=20 mode=listRepos inserted=500 repos_returned=500 next_cursor=set
