2026-03-26T19:19:22Z INFO bsky_collector_v2: out_base ok path=/Volumes/T9/BlueSky/data_v2_full mount=/Volumes/T9
2026-03-26T19:19:22Z INFO bsky_collector_v2: job start subcommand=index-feed-generators dry_run=False resume=True
2026-03-26T19:19:22Z INFO bsky_collector_v2.job.index_feed_generators: feed generator index hosts relay_host=https://bsky.network records_host=https://bsky.social auth=yes
2026-03-26T19:19:22Z INFO bsky_collector_v2.job.index_feed_generators: recovered repo tasks in_progress->pending n=1
2026-03-26T19:19:34Z WARNING bsky_collector_v2.job.index_feed_generators: listRecords failed repo=did:plc:a67ygu6fiebpruxcczdkjlsk err=HttpError('InvalidRequest: Could not find repo: did:plc:a67ygu6fiebpruxcczdkjlsk')
2026-03-26T19:19:43Z WARNING bsky_collector_v2.job.index_feed_generators: listRecords failed repo=did:plc:d42dn72cgl5grjy64puaktct err=HttpError('InvalidRequest: Could not find repo: did:plc:d42dn72cgl5grjy64puaktct')
2026-03-26T19:20:20Z WARNING bsky_collector_v2.job.index_feed_generators: listRecords failed repo=did:plc:qv4hku42cx53dxwxuwvtcfy3 err=HttpError('InvalidRequest: Could not find repo: did:plc:qv4hku42cx53dxwxuwvtcfy3')
2026-03-26T19:20:46Z WARNING bsky_collector_v2.job.index_feed_generators: listRecords failed repo=did:plc:zomryzzykvkrn3xmxydixq5k err=HttpError('InvalidRequest: Could not find repo: did:plc:zomryzzykvkrn3xmxydixq5k')
2026-03-26T19:20:47Z WARNING bsky_collector_v2.job.index_feed_generators: listRecords failed repo=did:plc:22hzgmibdaz4c4xv32jtwnel err=HttpError('InvalidRequest: Could not find repo: did:plc:22hzgmibdaz4c4xv32jtwnel')
2026-03-26T19:20:47Z WARNING bsky_collector_v2.job.index_feed_generators: listRecords failed repo=did:plc:3tqqtgnlvyx2mdnksvidogta err=HttpError('InvalidRequest: Could not find repo: did:plc:3tqqtgnlvyx2mdnksvidogta')
2026-03-26T19:20:47Z WARNING bsky_collector_v2.job.index_feed_generators: listRecords failed repo=did:plc:77gkko7k6tbcewoxn22gdjyr err=HttpError('InvalidRequest: Could not find repo: did:plc:77gkko7k6tbcewoxn22gdjyr')
2026-03-26T19:20:47Z WARNING bsky_collector_v2.job.index_feed_generators: listRecords failed repo=did:plc:a67ygu6fiebpruxcczdkjlsk err=HttpError('InvalidRequest: Could not find repo: did:plc:a67ygu6fiebpruxcczdkjlsk')
2026-03-26T19:20:48Z WARNING bsky_collector_v2.job.index_feed_generators: listRecords failed repo=did:plc:d42dn72cgl5grjy64puaktct err=HttpError('InvalidRequest: Could not find repo: did:plc:d42dn72cgl5grjy64puaktct')
2026-03-26T19:20:48Z WARNING bsky_collector_v2.job.index_feed_generators: listRecords failed repo=did:plc:qv4hku42cx53dxwxuwvtcfy3 err=HttpError('InvalidRequest: Could not find repo: did:plc:qv4hku42cx53dxwxuwvtcfy3')
2026-03-26T19:20:48Z WARNING bsky_collector_v2.job.index_feed_generators: listRecords failed repo=did:plc:zomryzzykvkrn3xmxydixq5k err=HttpError('InvalidRequest: Could not find repo: did:plc:zomryzzykvkrn3xmxydixq5k')
2026-03-26T19:20:48Z WARNING bsky_collector_v2.job.index_feed_generators: listRecords failed repo=did:plc:22hzgmibdaz4c4xv32jtwnel err=HttpError('InvalidRequest: Could not find repo: did:plc:22hzgmibdaz4c4xv32jtwnel')
2026-03-26T19:20:48Z WARNING bsky_collector_v2.job.index_feed_generators: listRecords failed repo=did:plc:3tqqtgnlvyx2mdnksvidogta err=HttpError('InvalidRequest: Could not find repo: did:plc:3tqqtgnlvyx2mdnksvidogta')
2026-03-26T19:20:48Z WARNING bsky_collector_v2.job.index_feed_generators: listRecords failed repo=did:plc:77gkko7k6tbcewoxn22gdjyr err=HttpError('InvalidRequest: Could not find repo: did:plc:77gkko7k6tbcewoxn22gdjyr')
2026-03-26T19:20:48Z WARNING bsky_collector_v2.job.index_feed_generators: listRecords failed repo=did:plc:a67ygu6fiebpruxcczdkjlsk err=HttpError('InvalidRequest: Could not find repo: did:plc:a67ygu6fiebpruxcczdkjlsk')
2026-03-26T19:20:48Z WARNING bsky_collector_v2.job.index_feed_generators: listRecords failed repo=did:plc:d42dn72cgl5grjy64puaktct err=HttpError('InvalidRequest: Could not find repo: did:plc:d42dn72cgl5grjy64puaktct')
2026-03-26T19:20:48Z WARNING bsky_collector_v2.job.index_feed_generators: listRecords failed repo=did:plc:qv4hku42cx53dxwxuwvtcfy3 err=HttpError('InvalidRequest: Could not find repo: did:plc:qv4hku42cx53dxwxuwvtcfy3')
2026-03-26T19:20:48Z WARNING bsky_collector_v2.job.index_feed_generators: listRecords failed repo=did:plc:zomryzzykvkrn3xmxydixq5k err=HttpError('InvalidRequest: Could not find repo: did:plc:zomryzzykvkrn3xmxydixq5k')
2026-03-26T19:20:49Z INFO bsky_collector_v2.job.index_feed_generators: enqueued repos page=1 mode=listRepos inserted=500 repos_returned=500 next_cursor=set
2026-03-26T19:21:23Z WARNING bsky_collector_v2.job.index_feed_generators: listRecords failed repo=did:plc:fxqxqihf2v72igzchj5dt2h5 err=HttpError('InvalidRequest: Could not find repo: did:plc:fxqxqihf2v72igzchj5dt2h5')
2026-03-26T19:21:25Z WARNING bsky_collector_v2.job.index_feed_generators: listRecords failed repo=did:plc:gnr7d2n4s5hg3lpbesfbo3od err=HttpError('InvalidRequest: Could not find repo: did:plc:gnr7d2n4s5hg3lpbesfbo3od')
2026-03-26T19:21:33Z WARNING bsky_collector_v2.job.index_feed_generators: listRecords failed repo=did:plc:jtsd7u44fbyxpbeumdakump7 err=HttpError('InvalidRequest: Could not find repo: did:plc:jtsd7u44fbyxpbeumdakump7')
2026-03-26T19:21:43Z WARNING bsky_collector_v2.job.index_feed_generators: listRecords failed repo=did:plc:npf3sfgurzxc2skqdwn22znw err=HttpError('InvalidRequest: Could not find repo: did:plc:npf3sfgurzxc2skqdwn22znw')
2026-03-26T19:21:50Z WARNING bsky_collector_v2.job.index_feed_generators: listRecords failed repo=did:plc:q4ycjjnbdbugurttaadp3sjw err=HttpError('InvalidRequest: Could not find repo: did:plc:q4ycjjnbdbugurttaadp3sjw')
2026-03-26T19:22:01Z WARNING bsky_collector_v2.job.index_feed_generators: listRecords failed repo=did:plc:u3kt25rtoclwfflg5gqsrczw err=HttpError('InvalidRequest: Could not find repo: did:plc:u3kt25rtoclwfflg5gqsrczw')
2026-03-26T19:22:17Z WARNING bsky_collector_v2.job.index_feed_generators: listRecords failed repo=did:plc:fxqxqihf2v72igzchj5dt2h5 err=HttpError('InvalidRequest: Could not find repo: did:plc:fxqxqihf2v72igzchj5dt2h5')
2026-03-26T19:22:17Z WARNING bsky_collector_v2.job.index_feed_generators: listRecords failed repo=did:plc:gnr7d2n4s5hg3lpbesfbo3od err=HttpError('InvalidRequest: Could not find repo: did:plc:gnr7d2n4s5hg3lpbesfbo3od')
2026-03-26T19:22:17Z WARNING bsky_collector_v2.job.index_feed_generators: listRecords failed repo=did:plc:jtsd7u44fbyxpbeumdakump7 err=HttpError('InvalidRequest: Could not find repo: did:plc:jtsd7u44fbyxpbeumdakump7')
2026-03-26T19:22:17Z WARNING bsky_collector_v2.job.index_feed_generators: listRecords failed repo=did:plc:npf3sfgurzxc2skqdwn22znw err=HttpError('InvalidRequest: Could not find repo: did:plc:npf3sfgurzxc2skqdwn22znw')
2026-03-26T19:22:17Z WARNING bsky_collector_v2.job.index_feed_generators: listRecords failed repo=did:plc:q4ycjjnbdbugurttaadp3sjw err=HttpError('InvalidRequest: Could not find repo: did:plc:q4ycjjnbdbugurttaadp3sjw')
2026-03-26T19:22:17Z WARNING bsky_collector_v2.job.index_feed_generators: listRecords failed repo=did:plc:u3kt25rtoclwfflg5gqsrczw err=HttpError('InvalidRequest: Could not find repo: did:plc:u3kt25rtoclwfflg5gqsrczw')
2026-03-26T19:22:17Z WARNING bsky_collector_v2.job.index_feed_generators: listRecords failed repo=did:plc:fxqxqihf2v72igzchj5dt2h5 err=HttpError('InvalidRequest: Could not find repo: did:plc:fxqxqihf2v72igzchj5dt2h5')
2026-03-26T19:22:17Z WARNING bsky_collector_v2.job.index_feed_generators: listRecords failed repo=did:plc:gnr7d2n4s5hg3lpbesfbo3od err=HttpError('InvalidRequest: Could not find repo: did:plc:gnr7d2n4s5hg3lpbesfbo3od')
2026-03-26T19:22:17Z WARNING bsky_collector_v2.job.index_feed_generators: listRecords failed repo=did:plc:jtsd7u44fbyxpbeumdakump7 err=HttpError('InvalidRequest: Could not find repo: did:plc:jtsd7u44fbyxpbeumdakump7')
2026-03-26T19:22:17Z WARNING bsky_collector_v2.job.index_feed_generators: listRecords failed repo=did:plc:npf3sfgurzxc2skqdwn22znw err=HttpError('InvalidRequest: Could not find repo: did:plc:npf3sfgurzxc2skqdwn22znw')
2026-03-26T19:22:17Z WARNING bsky_collector_v2.job.index_feed_generators: listRecords failed repo=did:plc:q4ycjjnbdbugurttaadp3sjw err=HttpError('InvalidRequest: Could not find repo: did:plc:q4ycjjnbdbugurttaadp3sjw')
2026-03-26T19:22:17Z WARNING bsky_collector_v2.job.index_feed_generators: listRecords failed repo=did:plc:u3kt25rtoclwfflg5gqsrczw err=HttpError('InvalidRequest: Could not find repo: did:plc:u3kt25rtoclwfflg5gqsrczw')
2026-03-26T19:22:18Z INFO bsky_collector_v2.job.index_feed_generators: enqueued repos page=2 mode=listRepos inserted=500 repos_returned=500 next_cursor=set
2026-03-26T19:22:31Z WARNING bsky_collector_v2.job.index_feed_generators: listRecords failed repo=did:plc:7ixs5ycktrgumgjincer4sj2 err=HttpError('InvalidRequest: Could not find repo: did:plc:7ixs5ycktrgumgjincer4sj2')
