2026-03-06T14:28:40Z INFO bsky_collector_v2: out_base ok path=D:\BlueSky\data_v2_full mount=D:\
2026-03-06T14:28:40Z INFO bsky_collector_v2: job start subcommand=index-feed-generators dry_run=False resume=True
2026-03-06T14:28:40Z INFO bsky_collector_v2.job.index_feed_generators: feed generator index hosts relay_host=https://bsky.network records_host=https://bsky.social auth=yes
2026-03-06T14:29:09Z WARNING bsky_collector_v2.job.index_feed_generators: listRecords failed repo=did:plc:kykr2kyjhmnblntyk436obai err=HttpError('InvalidRequest: Could not find repo: did:plc:kykr2kyjhmnblntyk436obai')
2026-03-06T14:29:09Z WARNING bsky_collector_v2.job.index_feed_generators: listRecords failed repo=did:plc:kykr2kyjhmnblntyk436obai err=HttpError('InvalidRequest: Could not find repo: did:plc:kykr2kyjhmnblntyk436obai')
2026-03-06T14:29:10Z INFO bsky_collector_v2.job.index_feed_generators: enqueued repos page=1 mode=listRepos inserted=500 repos_returned=500 next_cursor=set
2026-03-06T14:29:37Z WARNING bsky_collector_v2.job.index_feed_generators: listRecords failed repo=did:plc:aa2ffsc6fijkjbcgd3rb3f3m err=HttpError('InvalidRequest: Could not find repo: did:plc:aa2ffsc6fijkjbcgd3rb3f3m')
2026-03-06T14:30:57Z WARNING bsky_collector_v2.job.index_feed_generators: listRecords failed repo=did:plc:aa2ffsc6fijkjbcgd3rb3f3m err=HttpError('InvalidRequest: Could not find repo: did:plc:aa2ffsc6fijkjbcgd3rb3f3m')
2026-03-06T14:30:57Z WARNING bsky_collector_v2.job.index_feed_generators: listRecords failed repo=did:plc:aa2ffsc6fijkjbcgd3rb3f3m err=HttpError('InvalidRequest: Could not find repo: did:plc:aa2ffsc6fijkjbcgd3rb3f3m')
2026-03-06T14:30:58Z INFO bsky_collector_v2.job.index_feed_generators: enqueued repos page=2 mode=listRepos inserted=500 repos_returned=500 next_cursor=set
2026-03-06T14:31:44Z WARNING bsky_collector_v2.job.index_feed_generators: listRecords failed repo=did:plc:knsw7ccvijxvrqwxt2euxcip err=HttpError('InvalidRequest: Could not find repo: did:plc:knsw7ccvijxvrqwxt2euxcip')
2026-03-06T14:32:30Z WARNING bsky_collector_v2.job.index_feed_generators: listRecords failed repo=did:plc:zl4ugdpxfgrzlr5uz2nm7kcq err=HttpError('InvalidRequest: Could not find repo: did:plc:zl4ugdpxfgrzlr5uz2nm7kcq')
2026-03-06T14:32:31Z WARNING bsky_collector_v2.job.index_feed_generators: listRecords failed repo=did:plc:knsw7ccvijxvrqwxt2euxcip err=HttpError('InvalidRequest: Could not find repo: did:plc:knsw7ccvijxvrqwxt2euxcip')
2026-03-06T14:32:32Z WARNING bsky_collector_v2.job.index_feed_generators: listRecords failed repo=did:plc:zl4ugdpxfgrzlr5uz2nm7kcq err=HttpError('InvalidRequest: Could not find repo: did:plc:zl4ugdpxfgrzlr5uz2nm7kcq')
2026-03-06T14:32:32Z WARNING bsky_collector_v2.job.index_feed_generators: listRecords failed repo=did:plc:knsw7ccvijxvrqwxt2euxcip err=HttpError('InvalidRequest: Could not find repo: did:plc:knsw7ccvijxvrqwxt2euxcip')
2026-03-06T14:32:32Z WARNING bsky_collector_v2.job.index_feed_generators: listRecords failed repo=did:plc:zl4ugdpxfgrzlr5uz2nm7kcq err=HttpError('InvalidRequest: Could not find repo: did:plc:zl4ugdpxfgrzlr5uz2nm7kcq')
2026-03-06T14:32:32Z INFO bsky_collector_v2.job.index_feed_generators: enqueued repos page=3 mode=listRepos inserted=500 repos_returned=500 next_cursor=set
2026-03-06T14:32:34Z WARNING bsky_collector_v2.job.index_feed_generators: listRecords failed repo=did:plc:23wypatvo2gy3isdoyipdfpb err=HttpError('InvalidRequest: Could not find repo: did:plc:23wypatvo2gy3isdoyipdfpb')
2026-03-06T14:33:30Z WARNING bsky_collector_v2.job.index_feed_generators: listRecords failed repo=did:plc:kbg6k4qerm7tcgfmzfepbkse err=HttpError('InvalidRequest: Could not find repo: did:plc:kbg6k4qerm7tcgfmzfepbkse')
2026-03-06T14:33:47Z WARNING bsky_collector_v2.job.index_feed_generators: listRecords failed repo=did:plc:p7r757wbeypmgqaxtfnd6v3j err=HttpError('InvalidRequest: Could not find repo: did:plc:p7r757wbeypmgqaxtfnd6v3j')
2026-03-06T14:34:21Z WARNING bsky_collector_v2.job.index_feed_generators: listRecords failed repo=did:plc:23wypatvo2gy3isdoyipdfpb err=HttpError('InvalidRequest: Could not find repo: did:plc:23wypatvo2gy3isdoyipdfpb')
2026-03-06T14:34:21Z WARNING bsky_collector_v2.job.index_feed_generators: listRecords failed repo=did:plc:kbg6k4qerm7tcgfmzfepbkse err=HttpError('InvalidRequest: Could not find repo: did:plc:kbg6k4qerm7tcgfmzfepbkse')
2026-03-06T14:34:21Z WARNING bsky_collector_v2.job.index_feed_generators: listRecords failed repo=did:plc:p7r757wbeypmgqaxtfnd6v3j err=HttpError('InvalidRequest: Could not find repo: did:plc:p7r757wbeypmgqaxtfnd6v3j')
2026-03-06T14:34:21Z WARNING bsky_collector_v2.job.index_feed_generators: listRecords failed repo=did:plc:23wypatvo2gy3isdoyipdfpb err=HttpError('InvalidRequest: Could not find repo: did:plc:23wypatvo2gy3isdoyipdfpb')
2026-03-06T14:34:21Z WARNING bsky_collector_v2.job.index_feed_generators: listRecords failed repo=did:plc:kbg6k4qerm7tcgfmzfepbkse err=HttpError('InvalidRequest: Could not find repo: did:plc:kbg6k4qerm7tcgfmzfepbkse')
2026-03-06T14:34:21Z WARNING bsky_collector_v2.job.index_feed_generators: listRecords failed repo=did:plc:p7r757wbeypmgqaxtfnd6v3j err=HttpError('InvalidRequest: Could not find repo: did:plc:p7r757wbeypmgqaxtfnd6v3j')
2026-03-06T14:34:22Z INFO bsky_collector_v2.job.index_feed_generators: enqueued repos page=4 mode=listRepos inserted=500 repos_returned=500 next_cursor=set
2026-03-06T14:36:09Z INFO bsky_collector_v2.job.index_feed_generators: enqueued repos page=5 mode=listRepos inserted=500 repos_returned=500 next_cursor=set
2026-03-06T14:36:32Z WARNING bsky_collector_v2.job.index_feed_generators: listRecords failed repo=did:plc:bjicjif4jw7aei7ssasq6m4u err=HttpError('InvalidRequest: Could not find repo: did:plc:bjicjif4jw7aei7ssasq6m4u')
2026-03-06T14:36:45Z WARNING bsky_collector_v2.job.index_feed_generators: listRecords failed repo=did:plc:fq5dcixi3tcdfqufuml23u4j err=HttpError('InvalidRequest: Could not find repo: did:plc:fq5dcixi3tcdfqufuml23u4j')
2026-03-06T14:37:00Z INFO bsky_collector_v2.job.index_feed_generators: indexed repo=did:plc:kfjc32inzbdtksef4jvq3fjo part=316 records=1 next_cursor=set
2026-03-06T14:37:16Z WARNING bsky_collector_v2.job.index_feed_generators: listRecords failed repo=did:plc:pjywe4i32fzsxvrmhdepjnww err=HttpError('InvalidRequest: Could not find repo: did:plc:pjywe4i32fzsxvrmhdepjnww')
2026-03-06T14:37:29Z INFO bsky_collector_v2.job.index_feed_generators: indexed repo=did:plc:tzszvfw6gn5xnxap52ymqsqe part=317 records=2 next_cursor=set
2026-03-06T14:37:41Z WARNING bsky_collector_v2.job.index_feed_generators: listRecords failed repo=did:plc:xphuyowngswfupavsxespxhs err=HttpError('InvalidRequest: Could not find repo: did:plc:xphuyowngswfupavsxespxhs')
2026-03-06T14:37:48Z WARNING bsky_collector_v2.job.index_feed_generators: listRecords failed repo=did:plc:bjicjif4jw7aei7ssasq6m4u err=HttpError('InvalidRequest: Could not find repo: did:plc:bjicjif4jw7aei7ssasq6m4u')
2026-03-06T14:37:48Z WARNING bsky_collector_v2.job.index_feed_generators: listRecords failed repo=did:plc:fq5dcixi3tcdfqufuml23u4j err=HttpError('InvalidRequest: Could not find repo: did:plc:fq5dcixi3tcdfqufuml23u4j')
2026-03-06T14:37:48Z WARNING bsky_collector_v2.job.index_feed_generators: listRecords failed repo=did:plc:pjywe4i32fzsxvrmhdepjnww err=HttpError('InvalidRequest: Could not find repo: did:plc:pjywe4i32fzsxvrmhdepjnww')
2026-03-06T14:37:48Z WARNING bsky_collector_v2.job.index_feed_generators: listRecords failed repo=did:plc:xphuyowngswfupavsxespxhs err=HttpError('InvalidRequest: Could not find repo: did:plc:xphuyowngswfupavsxespxhs')
2026-03-06T14:37:48Z WARNING bsky_collector_v2.job.index_feed_generators: listRecords failed repo=did:plc:bjicjif4jw7aei7ssasq6m4u err=HttpError('InvalidRequest: Could not find repo: did:plc:bjicjif4jw7aei7ssasq6m4u')
2026-03-06T14:37:48Z WARNING bsky_collector_v2.job.index_feed_generators: listRecords failed repo=did:plc:fq5dcixi3tcdfqufuml23u4j err=HttpError('InvalidRequest: Could not find repo: did:plc:fq5dcixi3tcdfqufuml23u4j')
2026-03-06T14:37:49Z WARNING bsky_collector_v2.job.index_feed_generators: listRecords failed repo=did:plc:pjywe4i32fzsxvrmhdepjnww err=HttpError('InvalidRequest: Could not find repo: did:plc:pjywe4i32fzsxvrmhdepjnww')
2026-03-06T14:37:49Z WARNING bsky_collector_v2.job.index_feed_generators: listRecords failed repo=did:plc:xphuyowngswfupavsxespxhs err=HttpError('InvalidRequest: Could not find repo: did:plc:xphuyowngswfupavsxespxhs')
2026-03-06T14:37:49Z INFO bsky_collector_v2.job.index_feed_generators: enqueued repos page=6 mode=listRepos inserted=500 repos_returned=500 next_cursor=set
2026-03-06T14:38:08Z INFO bsky_collector_v2.job.index_feed_generators: indexed repo=did:plc:7q5rp36qrfchetsk7znsvenj part=318 records=2 next_cursor=set
2026-03-06T14:38:08Z INFO bsky_collector_v2.job.index_feed_generators: indexed repo=did:plc:7ug5vnwqnr4u43rhqbheu7cj part=319 records=6 next_cursor=set
2026-03-06T14:38:14Z WARNING bsky_collector_v2.job.index_feed_generators: listRecords failed repo=did:plc:b5beiyp7qif6vlomtgll2jsi err=HttpError('InvalidRequest: Could not find repo: did:plc:b5beiyp7qif6vlomtgll2jsi')
2026-03-06T14:39:31Z WARNING bsky_collector_v2.job.index_feed_generators: listRecords failed repo=did:plc:b5beiyp7qif6vlomtgll2jsi err=HttpError('InvalidRequest: Could not find repo: did:plc:b5beiyp7qif6vlomtgll2jsi')
2026-03-06T14:39:31Z WARNING bsky_collector_v2.job.index_feed_generators: listRecords failed repo=did:plc:b5beiyp7qif6vlomtgll2jsi err=HttpError('InvalidRequest: Could not find repo: did:plc:b5beiyp7qif6vlomtgll2jsi')
2026-03-06T14:39:31Z INFO bsky_collector_v2.job.index_feed_generators: enqueued repos page=7 mode=listRepos inserted=500 repos_returned=500 next_cursor=set
2026-03-06T14:40:05Z WARNING bsky_collector_v2.job.index_feed_generators: listRecords failed repo=did:plc:e57cimxsjeabowiqytsfvy7i err=HttpError('InvalidRequest: Could not find repo: did:plc:e57cimxsjeabowiqytsfvy7i')
2026-03-06T14:40:31Z WARNING bsky_collector_v2.job.index_feed_generators: listRecords failed repo=did:plc:mjf6esbqo4rvegubr7xcj34f err=HttpError('InvalidRequest: Could not find repo: did:plc:mjf6esbqo4rvegubr7xcj34f')
2026-03-06T14:41:10Z WARNING bsky_collector_v2.job.index_feed_generators: listRecords failed repo=did:plc:e57cimxsjeabowiqytsfvy7i err=HttpError('InvalidRequest: Could not find repo: did:plc:e57cimxsjeabowiqytsfvy7i')
2026-03-06T14:41:10Z WARNING bsky_collector_v2.job.index_feed_generators: listRecords failed repo=did:plc:mjf6esbqo4rvegubr7xcj34f err=HttpError('InvalidRequest: Could not find repo: did:plc:mjf6esbqo4rvegubr7xcj34f')
2026-03-06T14:41:10Z WARNING bsky_collector_v2.job.index_feed_generators: listRecords failed repo=did:plc:e57cimxsjeabowiqytsfvy7i err=HttpError('InvalidRequest: Could not find repo: did:plc:e57cimxsjeabowiqytsfvy7i')
2026-03-06T14:41:11Z WARNING bsky_collector_v2.job.index_feed_generators: listRecords failed repo=did:plc:mjf6esbqo4rvegubr7xcj34f err=HttpError('InvalidRequest: Could not find repo: did:plc:mjf6esbqo4rvegubr7xcj34f')
2026-03-06T14:41:11Z INFO bsky_collector_v2.job.index_feed_generators: enqueued repos page=8 mode=listRepos inserted=500 repos_returned=500 next_cursor=set
2026-03-06T14:42:47Z WARNING bsky_collector_v2.job.index_feed_generators: listRecords failed repo=did:plc:xit337hry7hcjsd5aesknw2e err=HttpError('InvalidRequest: Could not find repo: did:plc:xit337hry7hcjsd5aesknw2e')
2026-03-06T14:42:52Z WARNING bsky_collector_v2.job.index_feed_generators: listRecords failed repo=did:plc:ywkp3qqxlmrpvmpvint2xhcr err=HttpError('InvalidRequest: Could not find repo: did:plc:ywkp3qqxlmrpvmpvint2xhcr')
2026-03-06T14:42:56Z WARNING bsky_collector_v2.job.index_feed_generators: listRecords failed repo=did:plc:xit337hry7hcjsd5aesknw2e err=HttpError('InvalidRequest: Could not find repo: did:plc:xit337hry7hcjsd5aesknw2e')
2026-03-06T14:42:56Z WARNING bsky_collector_v2.job.index_feed_generators: listRecords failed repo=did:plc:ywkp3qqxlmrpvmpvint2xhcr err=HttpError('InvalidRequest: Could not find repo: did:plc:ywkp3qqxlmrpvmpvint2xhcr')
2026-03-06T14:42:56Z WARNING bsky_collector_v2.job.index_feed_generators: listRecords failed repo=did:plc:xit337hry7hcjsd5aesknw2e err=HttpError('InvalidRequest: Could not find repo: did:plc:xit337hry7hcjsd5aesknw2e')
2026-03-06T14:42:56Z WARNING bsky_collector_v2.job.index_feed_generators: listRecords failed repo=did:plc:ywkp3qqxlmrpvmpvint2xhcr err=HttpError('InvalidRequest: Could not find repo: did:plc:ywkp3qqxlmrpvmpvint2xhcr')
2026-03-06T14:42:57Z INFO bsky_collector_v2.job.index_feed_generators: enqueued repos page=9 mode=listRepos inserted=500 repos_returned=500 next_cursor=set
2026-03-06T14:43:02Z WARNING bsky_collector_v2.job.index_feed_generators: listRecords failed repo=did:plc:3w4t3imw5dnnq6gbpvnsy2zi err=HttpError('InvalidRequest: Could not find repo: did:plc:3w4t3imw5dnnq6gbpvnsy2zi')
2026-03-06T14:43:06Z WARNING bsky_collector_v2.job.index_feed_generators: listRecords failed repo=did:plc:5aawpv7z3jnju754ppfzqjeq err=HttpError('InvalidRequest: Could not find repo: did:plc:5aawpv7z3jnju754ppfzqjeq')
2026-03-06T14:44:15Z INFO bsky_collector_v2.job.index_feed_generators: indexed repo=did:plc:v27lt3nze2ia3clojwkwoctl part=320 records=1 next_cursor=set
2026-03-06T14:44:19Z INFO bsky_collector_v2.job.index_feed_generators: indexed repo=did:plc:w4aodooli5tydp4a6f6tlv44 part=321 records=1 next_cursor=set
2026-03-06T14:44:32Z WARNING bsky_collector_v2.job.index_feed_generators: listRecords failed repo=did:plc:3w4t3imw5dnnq6gbpvnsy2zi err=HttpError('InvalidRequest: Could not find repo: did:plc:3w4t3imw5dnnq6gbpvnsy2zi')
2026-03-06T14:44:32Z WARNING bsky_collector_v2.job.index_feed_generators: listRecords failed repo=did:plc:5aawpv7z3jnju754ppfzqjeq err=HttpError('InvalidRequest: Could not find repo: did:plc:5aawpv7z3jnju754ppfzqjeq')
2026-03-06T14:44:32Z WARNING bsky_collector_v2.job.index_feed_generators: listRecords failed repo=did:plc:3w4t3imw5dnnq6gbpvnsy2zi err=HttpError('InvalidRequest: Could not find repo: did:plc:3w4t3imw5dnnq6gbpvnsy2zi')
2026-03-06T14:44:32Z WARNING bsky_collector_v2.job.index_feed_generators: listRecords failed repo=did:plc:5aawpv7z3jnju754ppfzqjeq err=HttpError('InvalidRequest: Could not find repo: did:plc:5aawpv7z3jnju754ppfzqjeq')
2026-03-06T14:44:33Z INFO bsky_collector_v2.job.index_feed_generators: enqueued repos page=10 mode=listRepos inserted=500 repos_returned=500 next_cursor=set
2026-03-06T14:46:09Z INFO bsky_collector_v2.job.index_feed_generators: enqueued repos page=11 mode=listRepos inserted=500 repos_returned=500 next_cursor=set
2026-03-06T14:46:23Z WARNING bsky_collector_v2.job.index_feed_generators: listRecords failed repo=did:plc:6jrffnazjppsesob4zclcvn5 err=HttpError('InvalidRequest: Could not find repo: did:plc:6jrffnazjppsesob4zclcvn5')
2026-03-06T14:47:04Z WARNING bsky_collector_v2.job.index_feed_generators: listRecords failed repo=did:plc:mbqdnu2sfe44v4gkrx6h4tyb err=HttpError('InvalidRequest: Could not find repo: did:plc:mbqdnu2sfe44v4gkrx6h4tyb')
2026-03-06T14:47:45Z WARNING bsky_collector_v2.job.index_feed_generators: listRecords failed repo=did:plc:6jrffnazjppsesob4zclcvn5 err=HttpError('InvalidRequest: Could not find repo: did:plc:6jrffnazjppsesob4zclcvn5')
2026-03-06T14:47:45Z WARNING bsky_collector_v2.job.index_feed_generators: listRecords failed repo=did:plc:mbqdnu2sfe44v4gkrx6h4tyb err=HttpError('InvalidRequest: Could not find repo: did:plc:mbqdnu2sfe44v4gkrx6h4tyb')
2026-03-06T14:47:45Z WARNING bsky_collector_v2.job.index_feed_generators: listRecords failed repo=did:plc:6jrffnazjppsesob4zclcvn5 err=HttpError('InvalidRequest: Could not find repo: did:plc:6jrffnazjppsesob4zclcvn5')
2026-03-06T14:47:45Z WARNING bsky_collector_v2.job.index_feed_generators: listRecords failed repo=did:plc:mbqdnu2sfe44v4gkrx6h4tyb err=HttpError('InvalidRequest: Could not find repo: did:plc:mbqdnu2sfe44v4gkrx6h4tyb')
2026-03-06T14:47:46Z INFO bsky_collector_v2.job.index_feed_generators: enqueued repos page=12 mode=listRepos inserted=500 repos_returned=500 next_cursor=set
2026-03-06T14:48:30Z WARNING bsky_collector_v2.job.index_feed_generators: listRecords failed repo=did:plc:hkwb76mrfyohbdw4msfls34k err=HttpError('InvalidRequest: Could not find repo: did:plc:hkwb76mrfyohbdw4msfls34k')
2026-03-06T14:48:31Z INFO bsky_collector_v2.job.index_feed_generators: indexed repo=did:plc:iceg5ukajkawok43nb6vitao part=322 records=1 next_cursor=set
2026-03-06T14:48:58Z WARNING bsky_collector_v2.job.index_feed_generators: listRecords failed repo=did:plc:qil4ttinlbgxehq2w7y5ssfm err=HttpError('InvalidRequest: Could not find repo: did:plc:qil4ttinlbgxehq2w7y5ssfm')
2026-03-06T14:49:16Z WARNING bsky_collector_v2.job.index_feed_generators: listRecords failed repo=did:plc:xviy5nupk3fzhnsqyc3qy7lv err=HttpError('InvalidRequest: Could not find repo: did:plc:xviy5nupk3fzhnsqyc3qy7lv')
2026-03-06T14:49:24Z WARNING bsky_collector_v2.job.index_feed_generators: listRecords failed repo=did:plc:hkwb76mrfyohbdw4msfls34k err=HttpError('InvalidRequest: Could not find repo: did:plc:hkwb76mrfyohbdw4msfls34k')
2026-03-06T14:49:25Z WARNING bsky_collector_v2.job.index_feed_generators: listRecords failed repo=did:plc:qil4ttinlbgxehq2w7y5ssfm err=HttpError('InvalidRequest: Could not find repo: did:plc:qil4ttinlbgxehq2w7y5ssfm')
2026-03-06T14:49:25Z WARNING bsky_collector_v2.job.index_feed_generators: listRecords failed repo=did:plc:xviy5nupk3fzhnsqyc3qy7lv err=HttpError('InvalidRequest: Could not find repo: did:plc:xviy5nupk3fzhnsqyc3qy7lv')
2026-03-06T14:49:25Z WARNING bsky_collector_v2.job.index_feed_generators: listRecords failed repo=did:plc:hkwb76mrfyohbdw4msfls34k err=HttpError('InvalidRequest: Could not find repo: did:plc:hkwb76mrfyohbdw4msfls34k')
2026-03-06T14:49:25Z WARNING bsky_collector_v2.job.index_feed_generators: listRecords failed repo=did:plc:qil4ttinlbgxehq2w7y5ssfm err=HttpError('InvalidRequest: Could not find repo: did:plc:qil4ttinlbgxehq2w7y5ssfm')
2026-03-06T14:49:25Z WARNING bsky_collector_v2.job.index_feed_generators: listRecords failed repo=did:plc:xviy5nupk3fzhnsqyc3qy7lv err=HttpError('InvalidRequest: Could not find repo: did:plc:xviy5nupk3fzhnsqyc3qy7lv')
2026-03-06T14:49:25Z INFO bsky_collector_v2.job.index_feed_generators: enqueued repos page=13 mode=listRepos inserted=500 repos_returned=500 next_cursor=set
2026-03-06T14:49:30Z WARNING bsky_collector_v2.job.index_feed_generators: listRecords failed repo=did:plc:3zmk5vqig5tbzajc2knss3xc err=HttpError('InvalidRequest: Could not find repo: did:plc:3zmk5vqig5tbzajc2knss3xc')
2026-03-06T14:51:10Z WARNING bsky_collector_v2.job.index_feed_generators: listRecords failed repo=did:plc:3zmk5vqig5tbzajc2knss3xc err=HttpError('InvalidRequest: Could not find repo: did:plc:3zmk5vqig5tbzajc2knss3xc')
2026-03-06T14:51:10Z WARNING bsky_collector_v2.job.index_feed_generators: listRecords failed repo=did:plc:3zmk5vqig5tbzajc2knss3xc err=HttpError('InvalidRequest: Could not find repo: did:plc:3zmk5vqig5tbzajc2knss3xc')
2026-03-06T14:51:11Z INFO bsky_collector_v2.job.index_feed_generators: enqueued repos page=14 mode=listRepos inserted=500 repos_returned=500 next_cursor=set
2026-03-06T14:51:41Z INFO bsky_collector_v2.job.index_feed_generators: indexed repo=did:plc:asjs7fxo42o4ltxmvhzjmcek part=323 records=2 next_cursor=set
2026-03-06T14:52:17Z WARNING bsky_collector_v2.job.index_feed_generators: listRecords failed repo=did:plc:k6kmm62gx4guz7n5k3vd3e3u err=HttpError('InvalidRequest: Could not find repo: did:plc:k6kmm62gx4guz7n5k3vd3e3u')
2026-03-06T14:53:18Z WARNING bsky_collector_v2.job.index_feed_generators: listRecords failed repo=did:plc:k6kmm62gx4guz7n5k3vd3e3u err=HttpError('InvalidRequest: Could not find repo: did:plc:k6kmm62gx4guz7n5k3vd3e3u')
2026-03-06T14:53:18Z WARNING bsky_collector_v2.job.index_feed_generators: listRecords failed repo=did:plc:k6kmm62gx4guz7n5k3vd3e3u err=HttpError('InvalidRequest: Could not find repo: did:plc:k6kmm62gx4guz7n5k3vd3e3u')
2026-03-06T14:53:19Z INFO bsky_collector_v2.job.index_feed_generators: enqueued repos page=15 mode=listRepos inserted=500 repos_returned=500 next_cursor=set
2026-03-06T14:54:56Z INFO bsky_collector_v2.job.index_feed_generators: enqueued repos page=16 mode=listRepos inserted=500 repos_returned=500 next_cursor=set
2026-03-06T14:55:34Z WARNING bsky_collector_v2.job.index_feed_generators: listRecords failed repo=did:plc:e74jpzhvvkh3cmvtbuw7e5aj err=HttpError('InvalidRequest: Could not find repo: did:plc:e74jpzhvvkh3cmvtbuw7e5aj')
2026-03-06T14:55:39Z INFO bsky_collector_v2.job.index_feed_generators: indexed repo=did:plc:fiy6gk5puld7olxskygbfvyw part=324 records=4 next_cursor=set
2026-03-06T14:55:48Z WARNING bsky_collector_v2.job.index_feed_generators: listRecords failed repo=did:plc:igrjyvakvmfpjnmvpimnh5ce err=HttpError('InvalidRequest: Could not find repo: did:plc:igrjyvakvmfpjnmvpimnh5ce')
2026-03-06T14:56:17Z WARNING bsky_collector_v2.job.index_feed_generators: listRecords failed repo=did:plc:p5jemoop4vf3mqpcx3jhnm5c err=HttpError('InvalidRequest: Could not find repo: did:plc:p5jemoop4vf3mqpcx3jhnm5c')
2026-03-06T14:56:53Z WARNING bsky_collector_v2.job.index_feed_generators: listRecords failed repo=did:plc:e74jpzhvvkh3cmvtbuw7e5aj err=HttpError('InvalidRequest: Could not find repo: did:plc:e74jpzhvvkh3cmvtbuw7e5aj')
2026-03-06T14:56:53Z WARNING bsky_collector_v2.job.index_feed_generators: listRecords failed repo=did:plc:igrjyvakvmfpjnmvpimnh5ce err=HttpError('InvalidRequest: Could not find repo: did:plc:igrjyvakvmfpjnmvpimnh5ce')
2026-03-06T14:56:53Z WARNING bsky_collector_v2.job.index_feed_generators: listRecords failed repo=did:plc:p5jemoop4vf3mqpcx3jhnm5c err=HttpError('InvalidRequest: Could not find repo: did:plc:p5jemoop4vf3mqpcx3jhnm5c')
2026-03-06T14:56:53Z WARNING bsky_collector_v2.job.index_feed_generators: listRecords failed repo=did:plc:e74jpzhvvkh3cmvtbuw7e5aj err=HttpError('InvalidRequest: Could not find repo: did:plc:e74jpzhvvkh3cmvtbuw7e5aj')
2026-03-06T14:56:53Z WARNING bsky_collector_v2.job.index_feed_generators: listRecords failed repo=did:plc:igrjyvakvmfpjnmvpimnh5ce err=HttpError('InvalidRequest: Could not find repo: did:plc:igrjyvakvmfpjnmvpimnh5ce')
2026-03-06T14:56:53Z WARNING bsky_collector_v2.job.index_feed_generators: listRecords failed repo=did:plc:p5jemoop4vf3mqpcx3jhnm5c err=HttpError('InvalidRequest: Could not find repo: did:plc:p5jemoop4vf3mqpcx3jhnm5c')
2026-03-06T14:56:54Z INFO bsky_collector_v2.job.index_feed_generators: enqueued repos page=17 mode=listRepos inserted=500 repos_returned=500 next_cursor=set
2026-03-06T14:57:14Z INFO bsky_collector_v2.job.index_feed_generators: indexed repo=did:plc:ajdmb5egtusnb3kewfiwtzit part=325 records=1 next_cursor=set
2026-03-06T14:58:27Z WARNING bsky_collector_v2.job.index_feed_generators: listRecords failed repo=did:plc:xvv6f4xzr6zt4cf5fjsg7e2w err=HttpError('InvalidRequest: Could not find repo: did:plc:xvv6f4xzr6zt4cf5fjsg7e2w')
2026-03-06T14:58:36Z WARNING bsky_collector_v2.job.index_feed_generators: listRecords failed repo=did:plc:xvv6f4xzr6zt4cf5fjsg7e2w err=HttpError('InvalidRequest: Could not find repo: did:plc:xvv6f4xzr6zt4cf5fjsg7e2w')
2026-03-06T14:58:36Z WARNING bsky_collector_v2.job.index_feed_generators: listRecords failed repo=did:plc:xvv6f4xzr6zt4cf5fjsg7e2w err=HttpError('InvalidRequest: Could not find repo: did:plc:xvv6f4xzr6zt4cf5fjsg7e2w')
2026-03-06T14:58:37Z INFO bsky_collector_v2.job.index_feed_generators: enqueued repos page=18 mode=listRepos inserted=500 repos_returned=500 next_cursor=set
2026-03-06T14:59:03Z INFO bsky_collector_v2.job.index_feed_generators: indexed repo=did:plc:c7wdjxdjexigrww5wae7473z part=326 records=1 next_cursor=set
2026-03-06T14:59:30Z INFO bsky_collector_v2.job.index_feed_generators: indexed repo=did:plc:lwoiy3j3gdgrinm6xcsequxm part=327 records=3 next_cursor=set
2026-03-06T15:00:15Z INFO bsky_collector_v2.job.index_feed_generators: enqueued repos page=19 mode=listRepos inserted=500 repos_returned=500 next_cursor=set
2026-03-06T15:01:45Z INFO bsky_collector_v2.job.index_feed_generators: enqueued repos page=20 mode=listRepos inserted=500 repos_returned=500 next_cursor=set
2026-03-06T15:02:33Z WARNING bsky_collector_v2.job.index_feed_generators: listRecords failed repo=did:plc:h5twucjmpdeh266th6ep7llq err=HttpError('InvalidRequest: Could not find repo: did:plc:h5twucjmpdeh266th6ep7llq')
2026-03-06T15:02:58Z INFO bsky_collector_v2.job.index_feed_generators: indexed repo=did:plc:nsthxxgvvapxmryrkarggblx part=328 records=2 next_cursor=set
2026-03-06T15:03:32Z WARNING bsky_collector_v2.job.index_feed_generators: listRecords failed repo=did:plc:h5twucjmpdeh266th6ep7llq err=HttpError('InvalidRequest: Could not find repo: did:plc:h5twucjmpdeh266th6ep7llq')
2026-03-06T15:03:32Z WARNING bsky_collector_v2.job.index_feed_generators: listRecords failed repo=did:plc:h5twucjmpdeh266th6ep7llq err=HttpError('InvalidRequest: Could not find repo: did:plc:h5twucjmpdeh266th6ep7llq')
2026-03-06T15:03:32Z INFO bsky_collector_v2.job.index_feed_generators: enqueued repos page=21 mode=listRepos inserted=500 repos_returned=500 next_cursor=set
2026-03-06T15:04:21Z INFO bsky_collector_v2.job.index_feed_generators: indexed repo=did:plc:lcxt2sreqpqqofjxph2zlo23 part=329 records=1 next_cursor=set
2026-03-06T15:04:57Z INFO bsky_collector_v2.job.index_feed_generators: indexed repo=did:plc:xyqb6ohq5tzy7uzag57nsydt part=330 records=1 next_cursor=set
2026-03-06T15:05:05Z INFO bsky_collector_v2.job.index_feed_generators: enqueued repos page=22 mode=listRepos inserted=500 repos_returned=500 next_cursor=set
2026-03-06T15:05:48Z WARNING bsky_collector_v2.job.index_feed_generators: listRecords failed repo=did:plc:kgeus7ww5jhfilufurecfs3u err=HttpError('InvalidRequest: Could not find repo: did:plc:kgeus7ww5jhfilufurecfs3u')
2026-03-06T15:05:58Z WARNING bsky_collector_v2.job.index_feed_generators: listRecords failed repo=did:plc:mzxjegohyoevgr5emfqia3wr err=HttpError('InvalidRequest: Could not find repo: did:plc:mzxjegohyoevgr5emfqia3wr')
2026-03-06T15:06:43Z WARNING bsky_collector_v2.job.index_feed_generators: listRecords failed repo=did:plc:kgeus7ww5jhfilufurecfs3u err=HttpError('InvalidRequest: Could not find repo: did:plc:kgeus7ww5jhfilufurecfs3u')
2026-03-06T15:06:43Z WARNING bsky_collector_v2.job.index_feed_generators: listRecords failed repo=did:plc:mzxjegohyoevgr5emfqia3wr err=HttpError('InvalidRequest: Could not find repo: did:plc:mzxjegohyoevgr5emfqia3wr')
2026-03-06T15:06:44Z WARNING bsky_collector_v2.job.index_feed_generators: listRecords failed repo=did:plc:kgeus7ww5jhfilufurecfs3u err=HttpError('InvalidRequest: Could not find repo: did:plc:kgeus7ww5jhfilufurecfs3u')
2026-03-06T15:06:44Z WARNING bsky_collector_v2.job.index_feed_generators: listRecords failed repo=did:plc:mzxjegohyoevgr5emfqia3wr err=HttpError('InvalidRequest: Could not find repo: did:plc:mzxjegohyoevgr5emfqia3wr')
2026-03-06T15:06:44Z INFO bsky_collector_v2.job.index_feed_generators: enqueued repos page=23 mode=listRepos inserted=500 repos_returned=500 next_cursor=set
2026-03-06T15:07:26Z WARNING bsky_collector_v2.job.index_feed_generators: listRecords failed repo=did:plc:hdgs4sfrp35ym6fues4o2bf5 err=HttpError('InvalidRequest: Could not find repo: did:plc:hdgs4sfrp35ym6fues4o2bf5')
2026-03-06T15:08:18Z WARNING bsky_collector_v2.job.index_feed_generators: listRecords failed repo=did:plc:hdgs4sfrp35ym6fues4o2bf5 err=HttpError('InvalidRequest: Could not find repo: did:plc:hdgs4sfrp35ym6fues4o2bf5')
2026-03-06T15:08:18Z WARNING bsky_collector_v2.job.index_feed_generators: listRecords failed repo=did:plc:hdgs4sfrp35ym6fues4o2bf5 err=HttpError('InvalidRequest: Could not find repo: did:plc:hdgs4sfrp35ym6fues4o2bf5')
2026-03-06T15:08:19Z INFO bsky_collector_v2.job.index_feed_generators: enqueued repos page=24 mode=listRepos inserted=500 repos_returned=500 next_cursor=set
2026-03-06T15:08:24Z WARNING bsky_collector_v2.job.index_feed_generators: listRecords failed repo=did:plc:3o6kky4tylyh7753cfotkwu5 err=HttpError('InvalidRequest: Could not find repo: did:plc:3o6kky4tylyh7753cfotkwu5')
2026-03-06T15:08:25Z INFO bsky_collector_v2.job.index_feed_generators: indexed repo=did:plc:43phjuhmkupyifaglwvzpfrs part=331 records=1 next_cursor=set
2026-03-06T15:08:31Z WARNING bsky_collector_v2.job.index_feed_generators: listRecords failed repo=did:plc:67x7e6w4ciqqyfcruiij5fch err=HttpError('InvalidRequest: Could not find repo: did:plc:67x7e6w4ciqqyfcruiij5fch')
2026-03-06T15:09:02Z WARNING bsky_collector_v2.job.index_feed_generators: listRecords failed repo=did:plc:jqpsgy366vtrtc6h5nrh4ies err=HttpError('InvalidRequest: Could not find repo: did:plc:jqpsgy366vtrtc6h5nrh4ies')
2026-03-06T15:09:37Z INFO bsky_collector_v2.job.index_feed_generators: indexed repo=did:plc:v7d4w7zpujsbizvw353lm7tm part=332 records=1 next_cursor=set
2026-03-06T15:09:50Z WARNING bsky_collector_v2.job.index_feed_generators: listRecords failed repo=did:plc:3o6kky4tylyh7753cfotkwu5 err=HttpError('InvalidRequest: Could not find repo: did:plc:3o6kky4tylyh7753cfotkwu5')
2026-03-06T15:09:50Z WARNING bsky_collector_v2.job.index_feed_generators: listRecords failed repo=did:plc:67x7e6w4ciqqyfcruiij5fch err=HttpError('InvalidRequest: Could not find repo: did:plc:67x7e6w4ciqqyfcruiij5fch')
2026-03-06T15:09:50Z WARNING bsky_collector_v2.job.index_feed_generators: listRecords failed repo=did:plc:jqpsgy366vtrtc6h5nrh4ies err=HttpError('InvalidRequest: Could not find repo: did:plc:jqpsgy366vtrtc6h5nrh4ies')
2026-03-06T15:09:50Z WARNING bsky_collector_v2.job.index_feed_generators: listRecords failed repo=did:plc:3o6kky4tylyh7753cfotkwu5 err=HttpError('InvalidRequest: Could not find repo: did:plc:3o6kky4tylyh7753cfotkwu5')
2026-03-06T15:09:50Z WARNING bsky_collector_v2.job.index_feed_generators: listRecords failed repo=did:plc:67x7e6w4ciqqyfcruiij5fch err=HttpError('InvalidRequest: Could not find repo: did:plc:67x7e6w4ciqqyfcruiij5fch')
2026-03-06T15:09:50Z WARNING bsky_collector_v2.job.index_feed_generators: listRecords failed repo=did:plc:jqpsgy366vtrtc6h5nrh4ies err=HttpError('InvalidRequest: Could not find repo: did:plc:jqpsgy366vtrtc6h5nrh4ies')
2026-03-06T15:09:51Z INFO bsky_collector_v2.job.index_feed_generators: enqueued repos page=25 mode=listRepos inserted=500 repos_returned=500 next_cursor=set
2026-03-06T15:10:49Z WARNING bsky_collector_v2.job.index_feed_generators: listRecords failed repo=did:plc:kxaa2le7m6a6xo5afqpbqlx2 err=HttpError('InvalidRequest: Could not find repo: did:plc:kxaa2le7m6a6xo5afqpbqlx2')
2026-03-06T15:11:33Z WARNING bsky_collector_v2.job.index_feed_generators: listRecords failed repo=did:plc:kxaa2le7m6a6xo5afqpbqlx2 err=HttpError('InvalidRequest: Could not find repo: did:plc:kxaa2le7m6a6xo5afqpbqlx2')
2026-03-06T15:11:34Z WARNING bsky_collector_v2.job.index_feed_generators: listRecords failed repo=did:plc:kxaa2le7m6a6xo5afqpbqlx2 err=HttpError('InvalidRequest: Could not find repo: did:plc:kxaa2le7m6a6xo5afqpbqlx2')
2026-03-06T15:11:34Z INFO bsky_collector_v2.job.index_feed_generators: enqueued repos page=26 mode=listRepos inserted=500 repos_returned=500 next_cursor=set
2026-03-06T15:12:10Z WARNING bsky_collector_v2.job.index_feed_generators: listRecords failed repo=did:plc:gri5xkfrqmyhxkeo5rbgxhcy err=HttpError('InvalidRequest: Could not find repo: did:plc:gri5xkfrqmyhxkeo5rbgxhcy')
2026-03-06T15:12:17Z WARNING bsky_collector_v2.job.index_feed_generators: listRecords failed repo=did:plc:ixijjix433qvdxjri2ilyvpx err=HttpError('InvalidRequest: Could not find repo: did:plc:ixijjix433qvdxjri2ilyvpx')
2026-03-06T15:13:07Z WARNING bsky_collector_v2.job.index_feed_generators: listRecords failed repo=did:plc:gri5xkfrqmyhxkeo5rbgxhcy err=HttpError('InvalidRequest: Could not find repo: did:plc:gri5xkfrqmyhxkeo5rbgxhcy')
2026-03-06T15:13:07Z WARNING bsky_collector_v2.job.index_feed_generators: listRecords failed repo=did:plc:ixijjix433qvdxjri2ilyvpx err=HttpError('InvalidRequest: Could not find repo: did:plc:ixijjix433qvdxjri2ilyvpx')
2026-03-06T15:13:07Z WARNING bsky_collector_v2.job.index_feed_generators: listRecords failed repo=did:plc:gri5xkfrqmyhxkeo5rbgxhcy err=HttpError('InvalidRequest: Could not find repo: did:plc:gri5xkfrqmyhxkeo5rbgxhcy')
2026-03-06T15:13:07Z WARNING bsky_collector_v2.job.index_feed_generators: listRecords failed repo=did:plc:ixijjix433qvdxjri2ilyvpx err=HttpError('InvalidRequest: Could not find repo: did:plc:ixijjix433qvdxjri2ilyvpx')
2026-03-06T15:13:08Z INFO bsky_collector_v2.job.index_feed_generators: enqueued repos page=27 mode=listRepos inserted=500 repos_returned=500 next_cursor=set
2026-03-06T15:13:08Z WARNING bsky_collector_v2.job.index_feed_generators: listRecords failed repo=did:plc:234aebdocwqpfllc4ekyctnd err=HttpError('InvalidRequest: Could not find repo: did:plc:234aebdocwqpfllc4ekyctnd')
2026-03-06T15:13:18Z INFO bsky_collector_v2.job.index_feed_generators: indexed repo=did:plc:5odbnhsulfaegefle62dkgsf part=333 records=1 next_cursor=set
2026-03-06T15:13:53Z WARNING bsky_collector_v2.job.index_feed_generators: listRecords failed repo=did:plc:jknkeuyrgr6spa6plotqdmy3 err=HttpError('InvalidRequest: Could not find repo: did:plc:jknkeuyrgr6spa6plotqdmy3')
2026-03-06T15:13:59Z WARNING bsky_collector_v2.job.index_feed_generators: listRecords failed repo=did:plc:kxd56ev2bhu6gx3awpnzbmtk err=HttpError('InvalidRequest: Could not find repo: did:plc:kxd56ev2bhu6gx3awpnzbmtk')
2026-03-06T15:14:01Z WARNING bsky_collector_v2.job.index_feed_generators: listRecords failed repo=did:plc:lxfnldtiwwpxzqez6hunyxmk err=HttpError('InvalidRequest: Could not find repo: did:plc:lxfnldtiwwpxzqez6hunyxmk')
2026-03-06T15:14:06Z WARNING bsky_collector_v2.job.index_feed_generators: listRecords failed repo=did:plc:oryqdqu3wbdjgrlnxnquhods err=HttpError('InvalidRequest: Could not find repo: did:plc:oryqdqu3wbdjgrlnxnquhods')
2026-03-06T15:14:07Z WARNING bsky_collector_v2.job.index_feed_generators: listRecords failed repo=did:plc:oxfd56qhqiub6wltffuyc4f6 err=HttpError('InvalidRequest: Could not find repo: did:plc:oxfd56qhqiub6wltffuyc4f6')
2026-03-06T15:14:37Z WARNING bsky_collector_v2.job.index_feed_generators: listRecords failed repo=did:plc:234aebdocwqpfllc4ekyctnd err=HttpError('InvalidRequest: Could not find repo: did:plc:234aebdocwqpfllc4ekyctnd')
2026-03-06T15:14:37Z WARNING bsky_collector_v2.job.index_feed_generators: listRecords failed repo=did:plc:jknkeuyrgr6spa6plotqdmy3 err=HttpError('InvalidRequest: Could not find repo: did:plc:jknkeuyrgr6spa6plotqdmy3')
2026-03-06T15:14:38Z WARNING bsky_collector_v2.job.index_feed_generators: listRecords failed repo=did:plc:kxd56ev2bhu6gx3awpnzbmtk err=HttpError('InvalidRequest: Could not find repo: did:plc:kxd56ev2bhu6gx3awpnzbmtk')
2026-03-06T15:14:38Z WARNING bsky_collector_v2.job.index_feed_generators: listRecords failed repo=did:plc:lxfnldtiwwpxzqez6hunyxmk err=HttpError('InvalidRequest: Could not find repo: did:plc:lxfnldtiwwpxzqez6hunyxmk')
2026-03-06T15:14:38Z WARNING bsky_collector_v2.job.index_feed_generators: listRecords failed repo=did:plc:oryqdqu3wbdjgrlnxnquhods err=HttpError('InvalidRequest: Could not find repo: did:plc:oryqdqu3wbdjgrlnxnquhods')
2026-03-06T15:14:38Z WARNING bsky_collector_v2.job.index_feed_generators: listRecords failed repo=did:plc:oxfd56qhqiub6wltffuyc4f6 err=HttpError('InvalidRequest: Could not find repo: did:plc:oxfd56qhqiub6wltffuyc4f6')
2026-03-06T15:14:38Z WARNING bsky_collector_v2.job.index_feed_generators: listRecords failed repo=did:plc:234aebdocwqpfllc4ekyctnd err=HttpError('InvalidRequest: Could not find repo: did:plc:234aebdocwqpfllc4ekyctnd')
2026-03-06T15:14:38Z WARNING bsky_collector_v2.job.index_feed_generators: listRecords failed repo=did:plc:jknkeuyrgr6spa6plotqdmy3 err=HttpError('InvalidRequest: Could not find repo: did:plc:jknkeuyrgr6spa6plotqdmy3')
2026-03-06T15:14:38Z WARNING bsky_collector_v2.job.index_feed_generators: listRecords failed repo=did:plc:kxd56ev2bhu6gx3awpnzbmtk err=HttpError('InvalidRequest: Could not find repo: did:plc:kxd56ev2bhu6gx3awpnzbmtk')
2026-03-06T15:14:38Z WARNING bsky_collector_v2.job.index_feed_generators: listRecords failed repo=did:plc:lxfnldtiwwpxzqez6hunyxmk err=HttpError('InvalidRequest: Could not find repo: did:plc:lxfnldtiwwpxzqez6hunyxmk')
2026-03-06T15:14:38Z WARNING bsky_collector_v2.job.index_feed_generators: listRecords failed repo=did:plc:oryqdqu3wbdjgrlnxnquhods err=HttpError('InvalidRequest: Could not find repo: did:plc:oryqdqu3wbdjgrlnxnquhods')
2026-03-06T15:14:38Z WARNING bsky_collector_v2.job.index_feed_generators: listRecords failed repo=did:plc:oxfd56qhqiub6wltffuyc4f6 err=HttpError('InvalidRequest: Could not find repo: did:plc:oxfd56qhqiub6wltffuyc4f6')
2026-03-06T15:14:39Z INFO bsky_collector_v2.job.index_feed_generators: enqueued repos page=28 mode=listRepos inserted=500 repos_returned=500 next_cursor=set
2026-03-06T15:14:45Z WARNING bsky_collector_v2.job.index_feed_generators: listRecords failed repo=did:plc:4f4jf2ypo5my7ldqvlchvvmj err=HttpError('InvalidRequest: Could not find repo: did:plc:4f4jf2ypo5my7ldqvlchvvmj')
2026-03-06T15:14:50Z WARNING bsky_collector_v2.job.index_feed_generators: listRecords failed repo=did:plc:647ncyuvh7a43tdhp7tebzxt err=HttpError('InvalidRequest: Could not find repo: did:plc:647ncyuvh7a43tdhp7tebzxt')
2026-03-06T15:15:06Z WARNING bsky_collector_v2.job.index_feed_generators: listRecords failed repo=did:plc:c2au2njrying7bjw4kcre26j err=HttpError('InvalidRequest: Could not find repo: did:plc:c2au2njrying7bjw4kcre26j')
2026-03-06T15:15:27Z WARNING bsky_collector_v2.job.index_feed_generators: listRecords failed repo=did:plc:h7lbtg2kp2oqypolm7t3jrar err=HttpError('InvalidRequest: Could not find repo: did:plc:h7lbtg2kp2oqypolm7t3jrar')
2026-03-06T15:15:31Z INFO bsky_collector_v2.job.index_feed_generators: indexed repo=did:plc:i2iymfjdpdhz6xndz4pfege7 part=334 records=1 next_cursor=set
2026-03-06T15:15:56Z WARNING bsky_collector_v2.job.index_feed_generators: listRecords failed repo=did:plc:qeqhpziuxio7etraexowl5mt err=HttpError('InvalidRequest: Could not find repo: did:plc:qeqhpziuxio7etraexowl5mt')
2026-03-06T15:16:24Z WARNING bsky_collector_v2.job.index_feed_generators: listRecords failed repo=did:plc:4f4jf2ypo5my7ldqvlchvvmj err=HttpError('InvalidRequest: Could not find repo: did:plc:4f4jf2ypo5my7ldqvlchvvmj')
2026-03-06T15:16:24Z WARNING bsky_collector_v2.job.index_feed_generators: listRecords failed repo=did:plc:647ncyuvh7a43tdhp7tebzxt err=HttpError('InvalidRequest: Could not find repo: did:plc:647ncyuvh7a43tdhp7tebzxt')
2026-03-06T15:16:25Z WARNING bsky_collector_v2.job.index_feed_generators: listRecords failed repo=did:plc:c2au2njrying7bjw4kcre26j err=HttpError('InvalidRequest: Could not find repo: did:plc:c2au2njrying7bjw4kcre26j')
2026-03-06T15:16:25Z WARNING bsky_collector_v2.job.index_feed_generators: listRecords failed repo=did:plc:h7lbtg2kp2oqypolm7t3jrar err=HttpError('InvalidRequest: Could not find repo: did:plc:h7lbtg2kp2oqypolm7t3jrar')
2026-03-06T15:16:25Z WARNING bsky_collector_v2.job.index_feed_generators: listRecords failed repo=did:plc:qeqhpziuxio7etraexowl5mt err=HttpError('InvalidRequest: Could not find repo: did:plc:qeqhpziuxio7etraexowl5mt')
2026-03-06T15:16:25Z WARNING bsky_collector_v2.job.index_feed_generators: listRecords failed repo=did:plc:4f4jf2ypo5my7ldqvlchvvmj err=HttpError('InvalidRequest: Could not find repo: did:plc:4f4jf2ypo5my7ldqvlchvvmj')
2026-03-06T15:16:25Z WARNING bsky_collector_v2.job.index_feed_generators: listRecords failed repo=did:plc:647ncyuvh7a43tdhp7tebzxt err=HttpError('InvalidRequest: Could not find repo: did:plc:647ncyuvh7a43tdhp7tebzxt')
2026-03-06T15:16:25Z WARNING bsky_collector_v2.job.index_feed_generators: listRecords failed repo=did:plc:c2au2njrying7bjw4kcre26j err=HttpError('InvalidRequest: Could not find repo: did:plc:c2au2njrying7bjw4kcre26j')
2026-03-06T15:16:25Z WARNING bsky_collector_v2.job.index_feed_generators: listRecords failed repo=did:plc:h7lbtg2kp2oqypolm7t3jrar err=HttpError('InvalidRequest: Could not find repo: did:plc:h7lbtg2kp2oqypolm7t3jrar')
2026-03-06T15:16:25Z WARNING bsky_collector_v2.job.index_feed_generators: listRecords failed repo=did:plc:qeqhpziuxio7etraexowl5mt err=HttpError('InvalidRequest: Could not find repo: did:plc:qeqhpziuxio7etraexowl5mt')
2026-03-06T15:16:26Z INFO bsky_collector_v2.job.index_feed_generators: enqueued repos page=29 mode=listRepos inserted=500 repos_returned=500 next_cursor=set
2026-03-06T15:16:34Z WARNING bsky_collector_v2.job.index_feed_generators: listRecords failed repo=did:plc:4wdbnfbgsc4doetl7sb7fzah err=HttpError('InvalidRequest: Could not find repo: did:plc:4wdbnfbgsc4doetl7sb7fzah')
2026-03-06T15:17:22Z INFO bsky_collector_v2.job.index_feed_generators: indexed repo=did:plc:ok3vr5wip2q77y2seffo3jns part=335 records=1 next_cursor=set
2026-03-06T15:17:59Z WARNING bsky_collector_v2.job.index_feed_generators: listRecords failed repo=did:plc:4wdbnfbgsc4doetl7sb7fzah err=HttpError('InvalidRequest: Could not find repo: did:plc:4wdbnfbgsc4doetl7sb7fzah')
2026-03-06T15:17:59Z WARNING bsky_collector_v2.job.index_feed_generators: listRecords failed repo=did:plc:4wdbnfbgsc4doetl7sb7fzah err=HttpError('InvalidRequest: Could not find repo: did:plc:4wdbnfbgsc4doetl7sb7fzah')
2026-03-06T15:17:59Z INFO bsky_collector_v2.job.index_feed_generators: enqueued repos page=30 mode=listRepos inserted=500 repos_returned=500 next_cursor=set
2026-03-06T15:18:29Z WARNING bsky_collector_v2.job.index_feed_generators: listRecords failed repo=did:plc:evyhe2w6cizxgtjkfwrek45c err=HttpError('InvalidRequest: Could not find repo: did:plc:evyhe2w6cizxgtjkfwrek45c')
2026-03-06T15:18:40Z INFO bsky_collector_v2.job.index_feed_generators: indexed repo=did:plc:j2rmp23mnt7gyjion3vsueyd part=336 records=1 next_cursor=set
2026-03-06T15:18:41Z WARNING bsky_collector_v2.job.index_feed_generators: listRecords failed repo=did:plc:j754oiid7wvdc6a52nloioxp err=HttpError('InvalidRequest: Could not find repo: did:plc:j754oiid7wvdc6a52nloioxp')
2026-03-06T15:19:18Z WARNING bsky_collector_v2.job.index_feed_generators: listRecords failed repo=did:plc:usqceae6s3fl2a4qt6tb6p5i err=HttpError('InvalidRequest: Could not find repo: did:plc:usqceae6s3fl2a4qt6tb6p5i')
2026-03-06T15:19:35Z WARNING bsky_collector_v2.job.index_feed_generators: listRecords failed repo=did:plc:evyhe2w6cizxgtjkfwrek45c err=HttpError('InvalidRequest: Could not find repo: did:plc:evyhe2w6cizxgtjkfwrek45c')
2026-03-06T15:19:35Z WARNING bsky_collector_v2.job.index_feed_generators: listRecords failed repo=did:plc:j754oiid7wvdc6a52nloioxp err=HttpError('InvalidRequest: Could not find repo: did:plc:j754oiid7wvdc6a52nloioxp')
2026-03-06T15:19:35Z WARNING bsky_collector_v2.job.index_feed_generators: listRecords failed repo=did:plc:usqceae6s3fl2a4qt6tb6p5i err=HttpError('InvalidRequest: Could not find repo: did:plc:usqceae6s3fl2a4qt6tb6p5i')
2026-03-06T15:19:35Z WARNING bsky_collector_v2.job.index_feed_generators: listRecords failed repo=did:plc:evyhe2w6cizxgtjkfwrek45c err=HttpError('InvalidRequest: Could not find repo: did:plc:evyhe2w6cizxgtjkfwrek45c')
2026-03-06T15:19:35Z WARNING bsky_collector_v2.job.index_feed_generators: listRecords failed repo=did:plc:j754oiid7wvdc6a52nloioxp err=HttpError('InvalidRequest: Could not find repo: did:plc:j754oiid7wvdc6a52nloioxp')
2026-03-06T15:19:35Z WARNING bsky_collector_v2.job.index_feed_generators: listRecords failed repo=did:plc:usqceae6s3fl2a4qt6tb6p5i err=HttpError('InvalidRequest: Could not find repo: did:plc:usqceae6s3fl2a4qt6tb6p5i')
2026-03-06T15:19:36Z INFO bsky_collector_v2.job.index_feed_generators: enqueued repos page=31 mode=listRepos inserted=500 repos_returned=500 next_cursor=set
2026-03-06T15:21:21Z WARNING bsky_collector_v2.job.index_feed_generators: listRecords failed repo=did:plc:wg43zcj62tbrz5duw3ihqpiz err=HttpError('InvalidRequest: Could not find repo: did:plc:wg43zcj62tbrz5duw3ihqpiz')
2026-03-06T15:21:24Z WARNING bsky_collector_v2.job.index_feed_generators: listRecords failed repo=did:plc:xk5ibwkarbtqojvx7qglevkb err=HttpError('InvalidRequest: Could not find repo: did:plc:xk5ibwkarbtqojvx7qglevkb')
2026-03-06T15:21:30Z INFO bsky_collector_v2.job.index_feed_generators: indexed repo=did:plc:zjjh64p3pzjrdmynalz4ypsf part=337 records=2 next_cursor=set
2026-03-06T15:21:33Z WARNING bsky_collector_v2.job.index_feed_generators: listRecords failed repo=did:plc:wg43zcj62tbrz5duw3ihqpiz err=HttpError('InvalidRequest: Could not find repo: did:plc:wg43zcj62tbrz5duw3ihqpiz')
2026-03-06T15:21:33Z WARNING bsky_collector_v2.job.index_feed_generators: listRecords failed repo=did:plc:xk5ibwkarbtqojvx7qglevkb err=HttpError('InvalidRequest: Could not find repo: did:plc:xk5ibwkarbtqojvx7qglevkb')
2026-03-06T15:21:33Z WARNING bsky_collector_v2.job.index_feed_generators: listRecords failed repo=did:plc:wg43zcj62tbrz5duw3ihqpiz err=HttpError('InvalidRequest: Could not find repo: did:plc:wg43zcj62tbrz5duw3ihqpiz')
2026-03-06T15:21:34Z WARNING bsky_collector_v2.job.index_feed_generators: listRecords failed repo=did:plc:xk5ibwkarbtqojvx7qglevkb err=HttpError('InvalidRequest: Could not find repo: did:plc:xk5ibwkarbtqojvx7qglevkb')
2026-03-06T15:21:34Z INFO bsky_collector_v2.job.index_feed_generators: enqueued repos page=32 mode=listRepos inserted=500 repos_returned=500 next_cursor=set
2026-03-06T15:21:57Z WARNING bsky_collector_v2.job.index_feed_generators: listRecords failed repo=did:plc:74tjh3hjvl764w5uqvp6yo3x err=HttpError('InvalidRequest: Could not find repo: did:plc:74tjh3hjvl764w5uqvp6yo3x')
2026-03-06T15:22:04Z INFO bsky_collector_v2.job.index_feed_generators: indexed repo=did:plc:b3nkl4akwcrup2rxnfy2wj2r part=338 records=1 next_cursor=set
2026-03-06T15:23:21Z WARNING bsky_collector_v2.job.index_feed_generators: listRecords failed repo=did:plc:74tjh3hjvl764w5uqvp6yo3x err=HttpError('InvalidRequest: Could not find repo: did:plc:74tjh3hjvl764w5uqvp6yo3x')
2026-03-06T15:23:21Z WARNING bsky_collector_v2.job.index_feed_generators: listRecords failed repo=did:plc:74tjh3hjvl764w5uqvp6yo3x err=HttpError('InvalidRequest: Could not find repo: did:plc:74tjh3hjvl764w5uqvp6yo3x')
2026-03-06T15:23:22Z INFO bsky_collector_v2.job.index_feed_generators: enqueued repos page=33 mode=listRepos inserted=500 repos_returned=500 next_cursor=set
2026-03-06T15:23:26Z WARNING bsky_collector_v2.job.index_feed_generators: listRecords failed repo=did:plc:3l3dnz3vzyltu3zgjnekxzuf err=HttpError('InvalidRequest: Could not find repo: did:plc:3l3dnz3vzyltu3zgjnekxzuf')
