2026-03-24T12:13:35Z INFO bsky_collector_v2: out_base ok path=/Volumes/T9/BlueSky/data_v2_full mount=/Volumes/T9
2026-03-24T12:13:35Z INFO bsky_collector_v2: job start subcommand=index-feed-generators dry_run=False resume=True
2026-03-24T12:13:36Z INFO bsky_collector_v2.job.index_feed_generators: feed generator index hosts relay_host=https://bsky.network records_host=https://bsky.social auth=yes
2026-03-24T12:14:05Z INFO bsky_collector_v2.job.index_feed_generators: enqueued repos page=1 mode=listRepos inserted=500 repos_returned=500 next_cursor=set
2026-03-24T12:14:26Z WARNING bsky_collector_v2.job.index_feed_generators: listRecords failed repo=did:plc:dhfmx4rfgbtu7dly2bifsrqt err=HttpError('InvalidRequest: Could not find repo: did:plc:dhfmx4rfgbtu7dly2bifsrqt')
2026-03-24T12:14:58Z WARNING bsky_collector_v2.job.index_feed_generators: listRecords failed repo=did:plc:n7q5p7aew5jsjgjp7x4ostvz err=HttpError('InvalidRequest: Could not find repo: did:plc:n7q5p7aew5jsjgjp7x4ostvz')
2026-03-24T12:15:10Z INFO bsky_collector_v2.job.index_feed_generators: indexed repo=did:plc:q6kan4oxddhgwnk4yjwvviao part=55 records=1 next_cursor=set
2026-03-24T12:15:30Z WARNING bsky_collector_v2.job.index_feed_generators: listRecords failed repo=did:plc:dhfmx4rfgbtu7dly2bifsrqt err=HttpError('InvalidRequest: Could not find repo: did:plc:dhfmx4rfgbtu7dly2bifsrqt')
2026-03-24T12:15:30Z WARNING bsky_collector_v2.job.index_feed_generators: listRecords failed repo=did:plc:n7q5p7aew5jsjgjp7x4ostvz err=HttpError('InvalidRequest: Could not find repo: did:plc:n7q5p7aew5jsjgjp7x4ostvz')
2026-03-24T12:15:30Z WARNING bsky_collector_v2.job.index_feed_generators: listRecords failed repo=did:plc:dhfmx4rfgbtu7dly2bifsrqt err=HttpError('InvalidRequest: Could not find repo: did:plc:dhfmx4rfgbtu7dly2bifsrqt')
2026-03-24T12:15:30Z WARNING bsky_collector_v2.job.index_feed_generators: listRecords failed repo=did:plc:n7q5p7aew5jsjgjp7x4ostvz err=HttpError('InvalidRequest: Could not find repo: did:plc:n7q5p7aew5jsjgjp7x4ostvz')
2026-03-24T12:15:31Z INFO bsky_collector_v2.job.index_feed_generators: enqueued repos page=2 mode=listRepos inserted=500 repos_returned=500 next_cursor=set
2026-03-24T12:15:42Z WARNING bsky_collector_v2.job.index_feed_generators: listRecords failed repo=did:plc:5p4ebqw52l3x65msvo2ttflm err=HttpError('InvalidRequest: Could not find repo: did:plc:5p4ebqw52l3x65msvo2ttflm')
2026-03-24T12:17:09Z WARNING bsky_collector_v2.job.index_feed_generators: listRecords failed repo=did:plc:5p4ebqw52l3x65msvo2ttflm err=HttpError('InvalidRequest: Could not find repo: did:plc:5p4ebqw52l3x65msvo2ttflm')
2026-03-24T12:17:09Z WARNING bsky_collector_v2.job.index_feed_generators: listRecords failed repo=did:plc:5p4ebqw52l3x65msvo2ttflm err=HttpError('InvalidRequest: Could not find repo: did:plc:5p4ebqw52l3x65msvo2ttflm')
2026-03-24T12:17:10Z INFO bsky_collector_v2.job.index_feed_generators: enqueued repos page=3 mode=listRepos inserted=500 repos_returned=500 next_cursor=set
2026-03-24T12:17:19Z WARNING bsky_collector_v2.job.index_feed_generators: listRecords failed repo=did:plc:4pnlkt2zjgysjsnkcjugeza6 err=HttpError('InvalidRequest: Could not find repo: did:plc:4pnlkt2zjgysjsnkcjugeza6')
2026-03-24T12:17:23Z INFO bsky_collector_v2.job.index_feed_generators: indexed repo=did:plc:6okmpojshtzf2do2r77voddl part=56 records=1 next_cursor=set
2026-03-24T12:17:42Z WARNING bsky_collector_v2.job.index_feed_generators: listRecords failed repo=did:plc:gapecyso3n635asz7xtu4jtw err=HttpError('InvalidRequest: Could not find repo: did:plc:gapecyso3n635asz7xtu4jtw')
2026-03-24T12:18:15Z WARNING bsky_collector_v2.job.index_feed_generators: listRecords failed repo=did:plc:sfqhimyyqrmi37boc66mou35 err=HttpError('InvalidRequest: Could not find repo: did:plc:sfqhimyyqrmi37boc66mou35')
2026-03-24T12:18:33Z WARNING bsky_collector_v2.job.index_feed_generators: listRecords failed repo=did:plc:4pnlkt2zjgysjsnkcjugeza6 err=HttpError('InvalidRequest: Could not find repo: did:plc:4pnlkt2zjgysjsnkcjugeza6')
2026-03-24T12:18:33Z WARNING bsky_collector_v2.job.index_feed_generators: listRecords failed repo=did:plc:gapecyso3n635asz7xtu4jtw err=HttpError('InvalidRequest: Could not find repo: did:plc:gapecyso3n635asz7xtu4jtw')
2026-03-24T12:18:33Z WARNING bsky_collector_v2.job.index_feed_generators: listRecords failed repo=did:plc:sfqhimyyqrmi37boc66mou35 err=HttpError('InvalidRequest: Could not find repo: did:plc:sfqhimyyqrmi37boc66mou35')
2026-03-24T12:18:33Z WARNING bsky_collector_v2.job.index_feed_generators: listRecords failed repo=did:plc:4pnlkt2zjgysjsnkcjugeza6 err=HttpError('InvalidRequest: Could not find repo: did:plc:4pnlkt2zjgysjsnkcjugeza6')
2026-03-24T12:18:33Z WARNING bsky_collector_v2.job.index_feed_generators: listRecords failed repo=did:plc:gapecyso3n635asz7xtu4jtw err=HttpError('InvalidRequest: Could not find repo: did:plc:gapecyso3n635asz7xtu4jtw')
2026-03-24T12:18:34Z WARNING bsky_collector_v2.job.index_feed_generators: listRecords failed repo=did:plc:sfqhimyyqrmi37boc66mou35 err=HttpError('InvalidRequest: Could not find repo: did:plc:sfqhimyyqrmi37boc66mou35')
2026-03-24T12:18:34Z INFO bsky_collector_v2.job.index_feed_generators: enqueued repos page=4 mode=listRepos inserted=500 repos_returned=500 next_cursor=set
2026-03-24T12:19:33Z INFO bsky_collector_v2.job.index_feed_generators: indexed repo=did:plc:mwungv45mi2dsa6ie3fa63g4 part=57 records=2 next_cursor=set
2026-03-24T12:19:45Z INFO bsky_collector_v2.job.index_feed_generators: indexed repo=did:plc:r6n7scdo274hpntcqkbe33k2 part=58 records=1 next_cursor=set
2026-03-24T12:20:09Z WARNING bsky_collector_v2.job.index_feed_generators: listRecords failed repo=did:plc:zzwt4liz2enthx3cxpdmyz56 err=HttpError('InvalidRequest: Could not find repo: did:plc:zzwt4liz2enthx3cxpdmyz56')
2026-03-24T12:20:09Z WARNING bsky_collector_v2.job.index_feed_generators: listRecords failed repo=did:plc:zzwt4liz2enthx3cxpdmyz56 err=HttpError('InvalidRequest: Could not find repo: did:plc:zzwt4liz2enthx3cxpdmyz56')
2026-03-24T12:20:09Z WARNING bsky_collector_v2.job.index_feed_generators: listRecords failed repo=did:plc:zzwt4liz2enthx3cxpdmyz56 err=HttpError('InvalidRequest: Could not find repo: did:plc:zzwt4liz2enthx3cxpdmyz56')
2026-03-24T12:20:10Z INFO bsky_collector_v2.job.index_feed_generators: enqueued repos page=5 mode=listRepos inserted=500 repos_returned=500 next_cursor=set
2026-03-24T12:20:11Z WARNING bsky_collector_v2.job.index_feed_generators: listRecords failed repo=did:plc:2xyubg7uw733ludjso2hwf77 err=HttpError('InvalidRequest: Could not find repo: did:plc:2xyubg7uw733ludjso2hwf77')
2026-03-24T12:21:07Z WARNING bsky_collector_v2.job.index_feed_generators: listRecords failed repo=did:plc:jxr5zzjjx2wh5ybfju3auv6d err=HttpError('InvalidRequest: Could not find repo: did:plc:jxr5zzjjx2wh5ybfju3auv6d')
2026-03-24T12:21:28Z WARNING bsky_collector_v2.job.index_feed_generators: listRecords failed repo=did:plc:ocbbiq6yf2q4onhhkprjdd6a err=HttpError('InvalidRequest: Could not find repo: did:plc:ocbbiq6yf2q4onhhkprjdd6a')
2026-03-24T12:22:00Z WARNING bsky_collector_v2.job.index_feed_generators: listRecords failed repo=did:plc:2xyubg7uw733ludjso2hwf77 err=HttpError('InvalidRequest: Could not find repo: did:plc:2xyubg7uw733ludjso2hwf77')
2026-03-24T12:22:00Z WARNING bsky_collector_v2.job.index_feed_generators: listRecords failed repo=did:plc:jxr5zzjjx2wh5ybfju3auv6d err=HttpError('InvalidRequest: Could not find repo: did:plc:jxr5zzjjx2wh5ybfju3auv6d')
2026-03-24T12:22:00Z WARNING bsky_collector_v2.job.index_feed_generators: listRecords failed repo=did:plc:ocbbiq6yf2q4onhhkprjdd6a err=HttpError('InvalidRequest: Could not find repo: did:plc:ocbbiq6yf2q4onhhkprjdd6a')
2026-03-24T12:22:00Z WARNING bsky_collector_v2.job.index_feed_generators: listRecords failed repo=did:plc:2xyubg7uw733ludjso2hwf77 err=HttpError('InvalidRequest: Could not find repo: did:plc:2xyubg7uw733ludjso2hwf77')
2026-03-24T12:22:00Z WARNING bsky_collector_v2.job.index_feed_generators: listRecords failed repo=did:plc:jxr5zzjjx2wh5ybfju3auv6d err=HttpError('InvalidRequest: Could not find repo: did:plc:jxr5zzjjx2wh5ybfju3auv6d')
2026-03-24T12:22:00Z WARNING bsky_collector_v2.job.index_feed_generators: listRecords failed repo=did:plc:ocbbiq6yf2q4onhhkprjdd6a err=HttpError('InvalidRequest: Could not find repo: did:plc:ocbbiq6yf2q4onhhkprjdd6a')
2026-03-24T12:22:01Z INFO bsky_collector_v2.job.index_feed_generators: enqueued repos page=6 mode=listRepos inserted=500 repos_returned=500 next_cursor=set
2026-03-24T12:22:19Z WARNING bsky_collector_v2.job.index_feed_generators: listRecords failed repo=did:plc:7dy663bf3ay5iajqm7jwv6ld err=HttpError('InvalidRequest: Could not find repo: did:plc:7dy663bf3ay5iajqm7jwv6ld')
2026-03-24T12:22:22Z WARNING bsky_collector_v2.job.index_feed_generators: listRecords failed repo=did:plc:axdfqc7dcpogxovrbso6dd74 err=HttpError('InvalidRequest: Could not find repo: did:plc:axdfqc7dcpogxovrbso6dd74')
2026-03-24T12:22:46Z WARNING bsky_collector_v2.job.index_feed_generators: listRecords failed repo=did:plc:kbadklz2bwxkq4gu3scsxbai err=HttpError('InvalidRequest: Could not find repo: did:plc:kbadklz2bwxkq4gu3scsxbai')
2026-03-24T12:23:28Z WARNING bsky_collector_v2.job.index_feed_generators: listRecords failed repo=did:plc:7dy663bf3ay5iajqm7jwv6ld err=HttpError('InvalidRequest: Could not find repo: did:plc:7dy663bf3ay5iajqm7jwv6ld')
2026-03-24T12:23:28Z WARNING bsky_collector_v2.job.index_feed_generators: listRecords failed repo=did:plc:axdfqc7dcpogxovrbso6dd74 err=HttpError('InvalidRequest: Could not find repo: did:plc:axdfqc7dcpogxovrbso6dd74')
2026-03-24T12:23:28Z WARNING bsky_collector_v2.job.index_feed_generators: listRecords failed repo=did:plc:kbadklz2bwxkq4gu3scsxbai err=HttpError('InvalidRequest: Could not find repo: did:plc:kbadklz2bwxkq4gu3scsxbai')
2026-03-24T12:23:28Z WARNING bsky_collector_v2.job.index_feed_generators: listRecords failed repo=did:plc:7dy663bf3ay5iajqm7jwv6ld err=HttpError('InvalidRequest: Could not find repo: did:plc:7dy663bf3ay5iajqm7jwv6ld')
2026-03-24T12:23:28Z WARNING bsky_collector_v2.job.index_feed_generators: listRecords failed repo=did:plc:axdfqc7dcpogxovrbso6dd74 err=HttpError('InvalidRequest: Could not find repo: did:plc:axdfqc7dcpogxovrbso6dd74')
2026-03-24T12:23:28Z WARNING bsky_collector_v2.job.index_feed_generators: listRecords failed repo=did:plc:kbadklz2bwxkq4gu3scsxbai err=HttpError('InvalidRequest: Could not find repo: did:plc:kbadklz2bwxkq4gu3scsxbai')
2026-03-24T12:23:29Z INFO bsky_collector_v2.job.index_feed_generators: enqueued repos page=7 mode=listRepos inserted=500 repos_returned=500 next_cursor=set
2026-03-24T12:24:32Z INFO bsky_collector_v2.job.index_feed_generators: indexed repo=did:plc:thsiigrduiqx23bwca4r52sf part=59 records=2 next_cursor=set
2026-03-24T12:24:50Z INFO bsky_collector_v2.job.index_feed_generators: enqueued repos page=8 mode=listRepos inserted=500 repos_returned=500 next_cursor=set
2026-03-24T12:25:20Z WARNING bsky_collector_v2.job.index_feed_generators: listRecords failed repo=did:plc:htif7zz2ecmptaan754336gn err=HttpError('InvalidRequest: Could not find repo: did:plc:htif7zz2ecmptaan754336gn')
2026-03-24T12:25:42Z WARNING bsky_collector_v2.job.index_feed_generators: listRecords failed repo=did:plc:pogqetd4av7t6usoq6hm2dwk err=HttpError('InvalidRequest: Could not find repo: did:plc:pogqetd4av7t6usoq6hm2dwk')
2026-03-24T12:26:20Z WARNING bsky_collector_v2.job.index_feed_generators: listRecords failed repo=did:plc:htif7zz2ecmptaan754336gn err=HttpError('InvalidRequest: Could not find repo: did:plc:htif7zz2ecmptaan754336gn')
2026-03-24T12:26:20Z WARNING bsky_collector_v2.job.index_feed_generators: listRecords failed repo=did:plc:pogqetd4av7t6usoq6hm2dwk err=HttpError('InvalidRequest: Could not find repo: did:plc:pogqetd4av7t6usoq6hm2dwk')
2026-03-24T12:26:20Z WARNING bsky_collector_v2.job.index_feed_generators: listRecords failed repo=did:plc:htif7zz2ecmptaan754336gn err=HttpError('InvalidRequest: Could not find repo: did:plc:htif7zz2ecmptaan754336gn')
2026-03-24T12:26:20Z WARNING bsky_collector_v2.job.index_feed_generators: listRecords failed repo=did:plc:pogqetd4av7t6usoq6hm2dwk err=HttpError('InvalidRequest: Could not find repo: did:plc:pogqetd4av7t6usoq6hm2dwk')
2026-03-24T12:26:21Z INFO bsky_collector_v2.job.index_feed_generators: enqueued repos page=9 mode=listRepos inserted=500 repos_returned=500 next_cursor=set
2026-03-24T12:27:06Z WARNING bsky_collector_v2.job.index_feed_generators: listRecords failed repo=did:plc:l3jcgzvobr7szjazzbcmfryt err=HttpError('InvalidRequest: Could not find repo: did:plc:l3jcgzvobr7szjazzbcmfryt')
2026-03-24T12:27:10Z INFO bsky_collector_v2.job.index_feed_generators: indexed repo=did:plc:mbtznjvx6gy7z3ttq6723ge3 part=60 records=1 next_cursor=set
2026-03-24T12:27:38Z WARNING bsky_collector_v2.job.index_feed_generators: listRecords failed repo=did:plc:xjpft4i7lsgbf4w7h37incrp err=HttpError('InvalidRequest: Could not find repo: did:plc:xjpft4i7lsgbf4w7h37incrp')
2026-03-24T12:27:44Z WARNING bsky_collector_v2.job.index_feed_generators: listRecords failed repo=did:plc:l3jcgzvobr7szjazzbcmfryt err=HttpError('InvalidRequest: Could not find repo: did:plc:l3jcgzvobr7szjazzbcmfryt')
2026-03-24T12:27:44Z WARNING bsky_collector_v2.job.index_feed_generators: listRecords failed repo=did:plc:xjpft4i7lsgbf4w7h37incrp err=HttpError('InvalidRequest: Could not find repo: did:plc:xjpft4i7lsgbf4w7h37incrp')
2026-03-24T12:27:44Z WARNING bsky_collector_v2.job.index_feed_generators: listRecords failed repo=did:plc:l3jcgzvobr7szjazzbcmfryt err=HttpError('InvalidRequest: Could not find repo: did:plc:l3jcgzvobr7szjazzbcmfryt')
2026-03-24T12:27:44Z WARNING bsky_collector_v2.job.index_feed_generators: listRecords failed repo=did:plc:xjpft4i7lsgbf4w7h37incrp err=HttpError('InvalidRequest: Could not find repo: did:plc:xjpft4i7lsgbf4w7h37incrp')
2026-03-24T12:27:45Z INFO bsky_collector_v2.job.index_feed_generators: enqueued repos page=10 mode=listRepos inserted=500 repos_returned=500 next_cursor=set
2026-03-24T12:28:33Z INFO bsky_collector_v2.job.index_feed_generators: indexed repo=did:plc:igiowx5zf26tws57edwjr2vk part=61 records=2 next_cursor=set
2026-03-24T12:29:16Z INFO bsky_collector_v2.job.index_feed_generators: enqueued repos page=11 mode=listRepos inserted=500 repos_returned=500 next_cursor=set
2026-03-24T12:29:40Z WARNING bsky_collector_v2.job.index_feed_generators: listRecords failed repo=did:plc:d2b2yyrp4jmhn42zjet4w33n err=HttpError('InvalidRequest: Could not find repo: did:plc:d2b2yyrp4jmhn42zjet4w33n')
2026-03-24T12:29:54Z WARNING bsky_collector_v2.job.index_feed_generators: listRecords failed repo=did:plc:iaxtageamjhafkpuwkb42xpr err=HttpError('InvalidRequest: Could not find repo: did:plc:iaxtageamjhafkpuwkb42xpr')
2026-03-24T12:30:12Z WARNING bsky_collector_v2.job.index_feed_generators: listRecords failed repo=did:plc:p5vge734j4ljbuhjqkb2gc4a err=HttpError('InvalidRequest: Could not find repo: did:plc:p5vge734j4ljbuhjqkb2gc4a')
2026-03-24T12:30:34Z WARNING bsky_collector_v2.job.index_feed_generators: listRecords failed repo=did:plc:d2b2yyrp4jmhn42zjet4w33n err=HttpError('InvalidRequest: Could not find repo: did:plc:d2b2yyrp4jmhn42zjet4w33n')
2026-03-24T12:30:34Z WARNING bsky_collector_v2.job.index_feed_generators: listRecords failed repo=did:plc:iaxtageamjhafkpuwkb42xpr err=HttpError('InvalidRequest: Could not find repo: did:plc:iaxtageamjhafkpuwkb42xpr')
2026-03-24T12:30:34Z WARNING bsky_collector_v2.job.index_feed_generators: listRecords failed repo=did:plc:p5vge734j4ljbuhjqkb2gc4a err=HttpError('InvalidRequest: Could not find repo: did:plc:p5vge734j4ljbuhjqkb2gc4a')
2026-03-24T12:30:34Z WARNING bsky_collector_v2.job.index_feed_generators: listRecords failed repo=did:plc:d2b2yyrp4jmhn42zjet4w33n err=HttpError('InvalidRequest: Could not find repo: did:plc:d2b2yyrp4jmhn42zjet4w33n')
2026-03-24T12:30:34Z WARNING bsky_collector_v2.job.index_feed_generators: listRecords failed repo=did:plc:iaxtageamjhafkpuwkb42xpr err=HttpError('InvalidRequest: Could not find repo: did:plc:iaxtageamjhafkpuwkb42xpr')
2026-03-24T12:30:34Z WARNING bsky_collector_v2.job.index_feed_generators: listRecords failed repo=did:plc:p5vge734j4ljbuhjqkb2gc4a err=HttpError('InvalidRequest: Could not find repo: did:plc:p5vge734j4ljbuhjqkb2gc4a')
2026-03-24T12:30:35Z INFO bsky_collector_v2.job.index_feed_generators: enqueued repos page=12 mode=listRepos inserted=500 repos_returned=500 next_cursor=set
2026-03-24T12:31:53Z WARNING bsky_collector_v2.job.index_feed_generators: listRecords failed repo=did:plc:zfwvx6jksshnrgnsktduky6f err=HttpError('InvalidRequest: Could not find repo: did:plc:zfwvx6jksshnrgnsktduky6f')
2026-03-24T12:31:54Z WARNING bsky_collector_v2.job.index_feed_generators: listRecords failed repo=did:plc:zfwvx6jksshnrgnsktduky6f err=HttpError('InvalidRequest: Could not find repo: did:plc:zfwvx6jksshnrgnsktduky6f')
2026-03-24T12:31:55Z WARNING bsky_collector_v2.job.index_feed_generators: listRecords failed repo=did:plc:zfwvx6jksshnrgnsktduky6f err=HttpError('InvalidRequest: Could not find repo: did:plc:zfwvx6jksshnrgnsktduky6f')
2026-03-24T12:31:55Z INFO bsky_collector_v2.job.index_feed_generators: enqueued repos page=13 mode=listRepos inserted=500 repos_returned=500 next_cursor=set
2026-03-24T12:33:03Z INFO bsky_collector_v2.job.index_feed_generators: indexed repo=did:plc:uasb2jdvy6r2iukooq7hsvdq part=62 records=9 next_cursor=set
2026-03-24T12:33:18Z INFO bsky_collector_v2.job.index_feed_generators: enqueued repos page=14 mode=listRepos inserted=500 repos_returned=500 next_cursor=set
2026-03-24T12:33:55Z WARNING bsky_collector_v2.job.index_feed_generators: listRecords failed repo=did:plc:hcscywytqqip6wmo3xawwtpz err=HttpError('InvalidRequest: Could not find repo: did:plc:hcscywytqqip6wmo3xawwtpz')
2026-03-24T12:34:03Z WARNING bsky_collector_v2.job.index_feed_generators: listRecords failed repo=did:plc:ku4zzsm7cqejmdipnnntuld5 err=HttpError('InvalidRequest: Could not find repo: did:plc:ku4zzsm7cqejmdipnnntuld5')
2026-03-24T12:34:13Z WARNING bsky_collector_v2.job.index_feed_generators: listRecords failed repo=did:plc:p7nxpp6h2ybbvi5njsms4ys4 err=HttpError('InvalidRequest: Could not find repo: did:plc:p7nxpp6h2ybbvi5njsms4ys4')
2026-03-24T12:34:47Z WARNING bsky_collector_v2.job.index_feed_generators: listRecords failed repo=did:plc:hcscywytqqip6wmo3xawwtpz err=HttpError('InvalidRequest: Could not find repo: did:plc:hcscywytqqip6wmo3xawwtpz')
2026-03-24T12:34:48Z WARNING bsky_collector_v2.job.index_feed_generators: listRecords failed repo=did:plc:ku4zzsm7cqejmdipnnntuld5 err=HttpError('InvalidRequest: Could not find repo: did:plc:ku4zzsm7cqejmdipnnntuld5')
2026-03-24T12:34:48Z WARNING bsky_collector_v2.job.index_feed_generators: listRecords failed repo=did:plc:p7nxpp6h2ybbvi5njsms4ys4 err=HttpError('InvalidRequest: Could not find repo: did:plc:p7nxpp6h2ybbvi5njsms4ys4')
2026-03-24T12:34:48Z WARNING bsky_collector_v2.job.index_feed_generators: listRecords failed repo=did:plc:hcscywytqqip6wmo3xawwtpz err=HttpError('InvalidRequest: Could not find repo: did:plc:hcscywytqqip6wmo3xawwtpz')
2026-03-24T12:34:49Z WARNING bsky_collector_v2.job.index_feed_generators: listRecords failed repo=did:plc:ku4zzsm7cqejmdipnnntuld5 err=HttpError('InvalidRequest: Could not find repo: did:plc:ku4zzsm7cqejmdipnnntuld5')
2026-03-24T12:34:49Z WARNING bsky_collector_v2.job.index_feed_generators: listRecords failed repo=did:plc:p7nxpp6h2ybbvi5njsms4ys4 err=HttpError('InvalidRequest: Could not find repo: did:plc:p7nxpp6h2ybbvi5njsms4ys4')
2026-03-24T12:34:50Z INFO bsky_collector_v2.job.index_feed_generators: enqueued repos page=15 mode=listRepos inserted=500 repos_returned=500 next_cursor=set
2026-03-24T12:35:33Z WARNING bsky_collector_v2.job.index_feed_generators: listRecords failed repo=did:plc:iagxvvqnonv5fo3rsq46nmyx err=HttpError('InvalidRequest: Could not find repo: did:plc:iagxvvqnonv5fo3rsq46nmyx')
2026-03-24T12:36:31Z WARNING bsky_collector_v2.job.index_feed_generators: listRecords failed repo=did:plc:iagxvvqnonv5fo3rsq46nmyx err=HttpError('InvalidRequest: Could not find repo: did:plc:iagxvvqnonv5fo3rsq46nmyx')
2026-03-24T12:36:31Z WARNING bsky_collector_v2.job.index_feed_generators: listRecords failed repo=did:plc:iagxvvqnonv5fo3rsq46nmyx err=HttpError('InvalidRequest: Could not find repo: did:plc:iagxvvqnonv5fo3rsq46nmyx')
2026-03-24T12:36:31Z INFO bsky_collector_v2.job.index_feed_generators: enqueued repos page=16 mode=listRepos inserted=500 repos_returned=500 next_cursor=set
2026-03-24T12:36:38Z WARNING bsky_collector_v2.job.index_feed_generators: listRecords failed repo=did:plc:4rxi2orb2vt7anbfuqfl25sp err=HttpError('InvalidRequest: Could not find repo: did:plc:4rxi2orb2vt7anbfuqfl25sp')
2026-03-24T12:36:59Z WARNING bsky_collector_v2.job.index_feed_generators: listRecords failed repo=did:plc:elduo3bfnw7w4rordxrgmwvg err=HttpError('InvalidRequest: Could not find repo: did:plc:elduo3bfnw7w4rordxrgmwvg')
2026-03-24T12:43:12Z WARNING bsky_collector_v2.job.index_feed_generators: listRecords failed repo=did:plc:rzqdnqs76jk4bge244fnfmh3 err=HttpError('InvalidRequest: Could not find repo: did:plc:rzqdnqs76jk4bge244fnfmh3')
2026-03-24T12:46:14Z WARNING bsky_collector_v2.job.index_feed_generators: listRecords failed repo=did:plc:uk525dx4vbnx2jboxzpdgdtg err=HttpError("exhausted retries: ConnectError('[Errno 8] nodename nor servname provided, or not known')")
