2026-03-01T08:03:28Z INFO bsky_collector_v2: out_base ok path=D:\BlueSky\data_v2_full mount=D:\
2026-03-01T08:03:28Z INFO bsky_collector_v2: job start subcommand=index-feed-generators dry_run=False resume=True
2026-03-01T08:03:29Z INFO bsky_collector_v2.job.index_feed_generators: feed generator index hosts relay_host=https://bsky.network records_host=https://bsky.social auth=yes
2026-03-01T08:04:06Z WARNING bsky_collector_v2.job.index_feed_generators: listRecords failed repo=did:plc:fwpemt25comi4oraofyqkwbr err=HttpError('InvalidRequest: Could not find repo: did:plc:fwpemt25comi4oraofyqkwbr')
2026-03-01T08:05:05Z WARNING bsky_collector_v2.job.index_feed_generators: listRecords failed repo=did:plc:fwpemt25comi4oraofyqkwbr err=HttpError('InvalidRequest: Could not find repo: did:plc:fwpemt25comi4oraofyqkwbr')
2026-03-01T08:05:05Z WARNING bsky_collector_v2.job.index_feed_generators: listRecords failed repo=did:plc:fwpemt25comi4oraofyqkwbr err=HttpError('InvalidRequest: Could not find repo: did:plc:fwpemt25comi4oraofyqkwbr')
2026-03-01T08:05:06Z INFO bsky_collector_v2.job.index_feed_generators: enqueued repos page=1 mode=listRepos inserted=500 repos_returned=500 next_cursor=set
2026-03-01T08:06:12Z INFO bsky_collector_v2.job.index_feed_generators: indexed repo=did:plc:djrvnrsxfqhgzamup5kjeh5t part=324 records=1 next_cursor=set
2026-03-01T08:07:10Z INFO bsky_collector_v2.job.index_feed_generators: indexed repo=did:plc:ii7xc4yzl46654bdiie52vgs part=325 records=1 next_cursor=set
2026-03-01T08:07:25Z INFO bsky_collector_v2.job.index_feed_generators: indexed repo=did:plc:nqt2yufoeieuj4qejjne26kd part=326 records=1 next_cursor=set
2026-03-01T08:08:08Z INFO bsky_collector_v2.job.index_feed_generators: enqueued repos page=2 mode=listRepos inserted=500 repos_returned=500 next_cursor=set
2026-03-01T08:09:08Z INFO bsky_collector_v2.job.index_feed_generators: indexed repo=did:plc:lywldcugtjn3m4bhklqiscgw part=327 records=3 next_cursor=set
2026-03-01T08:10:35Z WARNING bsky_collector_v2.job.index_feed_generators: listRecords failed repo=did:plc:uo6jooxodipidd7uj7vs6gsx err=HttpError('InvalidRequest: Could not find repo: did:plc:uo6jooxodipidd7uj7vs6gsx')
2026-03-01T08:11:02Z WARNING bsky_collector_v2.job.index_feed_generators: listRecords failed repo=did:plc:uo6jooxodipidd7uj7vs6gsx err=HttpError('InvalidRequest: Could not find repo: did:plc:uo6jooxodipidd7uj7vs6gsx')
2026-03-01T08:11:02Z WARNING bsky_collector_v2.job.index_feed_generators: listRecords failed repo=did:plc:uo6jooxodipidd7uj7vs6gsx err=HttpError('InvalidRequest: Could not find repo: did:plc:uo6jooxodipidd7uj7vs6gsx')
2026-03-01T08:11:03Z INFO bsky_collector_v2.job.index_feed_generators: enqueued repos page=3 mode=listRepos inserted=500 repos_returned=500 next_cursor=set
2026-03-01T08:12:03Z INFO bsky_collector_v2.job.index_feed_generators: indexed repo=did:plc:iwyky326msbagjs3qd6lyjpg part=328 records=1 next_cursor=set
2026-03-01T08:13:01Z INFO bsky_collector_v2.job.index_feed_generators: enqueued repos page=4 mode=listRepos inserted=500 repos_returned=500 next_cursor=set
2026-03-01T08:14:17Z INFO bsky_collector_v2.job.index_feed_generators: indexed repo=did:plc:fehqdwo5ynl7dbetdm5qijno part=329 records=1 next_cursor=set
2026-03-01T08:15:03Z INFO bsky_collector_v2.job.index_feed_generators: indexed repo=did:plc:un4ddhrurovj2o7saqk7pofi part=330 records=1 next_cursor=set
2026-03-01T08:15:04Z WARNING bsky_collector_v2.job.index_feed_generators: listRecords failed repo=did:plc:unhjhdpdlmfavffrfj6gqtwi err=HttpError('InvalidRequest: Could not find repo: did:plc:unhjhdpdlmfavffrfj6gqtwi')
2026-03-01T08:15:56Z WARNING bsky_collector_v2.job.index_feed_generators: listRecords failed repo=did:plc:unhjhdpdlmfavffrfj6gqtwi err=HttpError('InvalidRequest: Could not find repo: did:plc:unhjhdpdlmfavffrfj6gqtwi')
2026-03-01T08:15:56Z WARNING bsky_collector_v2.job.index_feed_generators: listRecords failed repo=did:plc:unhjhdpdlmfavffrfj6gqtwi err=HttpError('InvalidRequest: Could not find repo: did:plc:unhjhdpdlmfavffrfj6gqtwi')
2026-03-01T08:15:56Z INFO bsky_collector_v2.job.index_feed_generators: enqueued repos page=5 mode=listRepos inserted=500 repos_returned=500 next_cursor=set
2026-03-01T08:16:48Z WARNING bsky_collector_v2.job.index_feed_generators: listRecords failed repo=did:plc:7dhw3ppmc2lq2i3tb2xjswcw err=HttpError('InvalidRequest: Could not find repo: did:plc:7dhw3ppmc2lq2i3tb2xjswcw')
2026-03-01T08:18:49Z WARNING bsky_collector_v2.job.index_feed_generators: listRecords failed repo=did:plc:vtgjvvityyzkvkvu6gyxp4mf err=HttpError('InternalServerError: Internal Server Error')
2026-03-01T08:19:40Z WARNING bsky_collector_v2.job.index_feed_generators: listRecords failed repo=did:plc:7dhw3ppmc2lq2i3tb2xjswcw err=HttpError('InvalidRequest: Could not find repo: did:plc:7dhw3ppmc2lq2i3tb2xjswcw')
2026-03-01T08:19:41Z WARNING bsky_collector_v2.job.index_feed_generators: listRecords failed repo=did:plc:7dhw3ppmc2lq2i3tb2xjswcw err=HttpError('InvalidRequest: Could not find repo: did:plc:7dhw3ppmc2lq2i3tb2xjswcw')
2026-03-01T08:19:41Z INFO bsky_collector_v2.job.index_feed_generators: enqueued repos page=6 mode=listRepos inserted=500 repos_returned=500 next_cursor=set
2026-03-01T08:21:38Z INFO bsky_collector_v2.job.index_feed_generators: enqueued repos page=7 mode=listRepos inserted=500 repos_returned=500 next_cursor=set
2026-03-01T08:22:07Z WARNING bsky_collector_v2.job.index_feed_generators: listRecords failed repo=did:plc:divcrhmey75ywfa4dlknj7sv err=HttpError('InvalidRequest: Could not find repo: did:plc:divcrhmey75ywfa4dlknj7sv')
2026-03-01T08:23:28Z WARNING bsky_collector_v2.job.index_feed_generators: listRecords failed repo=did:plc:divcrhmey75ywfa4dlknj7sv err=HttpError('InvalidRequest: Could not find repo: did:plc:divcrhmey75ywfa4dlknj7sv')
2026-03-01T08:23:29Z WARNING bsky_collector_v2.job.index_feed_generators: listRecords failed repo=did:plc:divcrhmey75ywfa4dlknj7sv err=HttpError('InvalidRequest: Could not find repo: did:plc:divcrhmey75ywfa4dlknj7sv')
2026-03-01T08:23:29Z INFO bsky_collector_v2.job.index_feed_generators: enqueued repos page=8 mode=listRepos inserted=500 repos_returned=500 next_cursor=set
2026-03-01T08:24:10Z WARNING bsky_collector_v2.job.index_feed_generators: listRecords failed repo=did:plc:hiwkvntjemhufojssuxpcpju err=HttpError('InvalidRequest: Could not find repo: did:plc:hiwkvntjemhufojssuxpcpju')
2026-03-01T08:25:08Z WARNING bsky_collector_v2.job.index_feed_generators: listRecords failed repo=did:plc:hiwkvntjemhufojssuxpcpju err=HttpError('InvalidRequest: Could not find repo: did:plc:hiwkvntjemhufojssuxpcpju')
2026-03-01T08:25:08Z WARNING bsky_collector_v2.job.index_feed_generators: listRecords failed repo=did:plc:hiwkvntjemhufojssuxpcpju err=HttpError('InvalidRequest: Could not find repo: did:plc:hiwkvntjemhufojssuxpcpju')
2026-03-01T08:25:09Z INFO bsky_collector_v2.job.index_feed_generators: enqueued repos page=9 mode=listRepos inserted=500 repos_returned=500 next_cursor=set
2026-03-01T08:25:11Z INFO bsky_collector_v2.job.index_feed_generators: indexed repo=did:plc:2p5oll2uuniva437nwbscfxv part=331 records=3 next_cursor=set
2026-03-01T08:25:43Z WARNING bsky_collector_v2.job.index_feed_generators: listRecords failed repo=did:plc:f6dl7jhkm2qfmbukglq6pxro err=HttpError('InvalidRequest: Could not find repo: did:plc:f6dl7jhkm2qfmbukglq6pxro')
2026-03-01T08:26:38Z WARNING bsky_collector_v2.job.index_feed_generators: listRecords failed repo=did:plc:sl4nsabetezouopaxbxksixt err=HttpError('NotEnoughResources: NotEnoughResources')
2026-03-01T08:27:02Z WARNING bsky_collector_v2.job.index_feed_generators: listRecords failed repo=did:plc:voqso26xniagdsmaka5xppdf err=HttpError('NotEnoughResources: NotEnoughResources')
2026-03-01T08:27:09Z WARNING bsky_collector_v2.job.index_feed_generators: listRecords failed repo=did:plc:w3p5za6jbteqsuj3jecb7c4j err=HttpError('NotEnoughResources: NotEnoughResources')
2026-03-01T08:27:32Z WARNING bsky_collector_v2.job.index_feed_generators: listRecords failed repo=did:plc:f6dl7jhkm2qfmbukglq6pxro err=HttpError('InvalidRequest: Could not find repo: did:plc:f6dl7jhkm2qfmbukglq6pxro')
2026-03-01T08:27:35Z WARNING bsky_collector_v2.job.index_feed_generators: listRecords failed repo=did:plc:sl4nsabetezouopaxbxksixt err=HttpError('NotEnoughResources: NotEnoughResources')
2026-03-01T08:27:39Z WARNING bsky_collector_v2.job.index_feed_generators: listRecords failed repo=did:plc:voqso26xniagdsmaka5xppdf err=HttpError('NotEnoughResources: NotEnoughResources')
2026-03-01T08:27:44Z WARNING bsky_collector_v2.job.index_feed_generators: listRecords failed repo=did:plc:w3p5za6jbteqsuj3jecb7c4j err=HttpError('NotEnoughResources: NotEnoughResources')
2026-03-01T08:27:45Z WARNING bsky_collector_v2.job.index_feed_generators: listRecords failed repo=did:plc:f6dl7jhkm2qfmbukglq6pxro err=HttpError('InvalidRequest: Could not find repo: did:plc:f6dl7jhkm2qfmbukglq6pxro')
2026-03-01T08:27:50Z WARNING bsky_collector_v2.job.index_feed_generators: listRecords failed repo=did:plc:sl4nsabetezouopaxbxksixt err=HttpError('NotEnoughResources: NotEnoughResources')
2026-03-01T08:27:58Z INFO bsky_collector_v2.job.index_feed_generators: enqueued repos page=10 mode=listRepos inserted=500 repos_returned=500 next_cursor=set
2026-03-01T08:29:12Z WARNING bsky_collector_v2.job.index_feed_generators: listRecords failed repo=did:plc:bhmbbu2iqn44i3f6mnt3u65y err=HttpError('NotEnoughResources: NotEnoughResources')
2026-03-01T08:29:37Z WARNING bsky_collector_v2.job.index_feed_generators: listRecords failed repo=did:plc:ffakxwlkeps4ledwiuidn44j err=HttpError('NotEnoughResources: NotEnoughResources')
2026-03-01T08:29:58Z INFO bsky_collector_v2.job.index_feed_generators: indexed repo=did:plc:j3kavn2ayg5fp37prbpu6o6d part=332 records=1 next_cursor=set
2026-03-01T08:31:01Z INFO bsky_collector_v2.job.index_feed_generators: indexed repo=did:plc:q7mklh2dq5hhuluy2l2mwyly part=333 records=1 next_cursor=set
2026-03-01T08:31:34Z INFO bsky_collector_v2.job.index_feed_generators: enqueued repos page=11 mode=listRepos inserted=500 repos_returned=500 next_cursor=set
2026-03-01T08:32:11Z WARNING bsky_collector_v2.job.index_feed_generators: listRecords failed repo=did:plc:e6v2v64ey246s3hpgilktcgd err=HttpError('NotEnoughResources: NotEnoughResources')
2026-03-01T08:32:46Z WARNING bsky_collector_v2.job.index_feed_generators: listRecords failed repo=did:plc:lkra5mgystv4vkqg6sbobwxk err=HttpError('NotEnoughResources: NotEnoughResources')
2026-03-01T08:34:05Z INFO bsky_collector_v2.job.index_feed_generators: enqueued repos page=12 mode=listRepos inserted=500 repos_returned=500 next_cursor=set
2026-03-01T08:34:39Z WARNING bsky_collector_v2.job.index_feed_generators: listRecords failed repo=did:plc:ey2te5hgjc5o474455fg2uvr err=HttpError('InvalidRequest: Could not find repo: did:plc:ey2te5hgjc5o474455fg2uvr')
2026-03-01T08:35:41Z WARNING bsky_collector_v2.job.index_feed_generators: listRecords failed repo=did:plc:ey2te5hgjc5o474455fg2uvr err=HttpError('InvalidRequest: Could not find repo: did:plc:ey2te5hgjc5o474455fg2uvr')
2026-03-01T08:35:41Z WARNING bsky_collector_v2.job.index_feed_generators: listRecords failed repo=did:plc:ey2te5hgjc5o474455fg2uvr err=HttpError('InvalidRequest: Could not find repo: did:plc:ey2te5hgjc5o474455fg2uvr')
2026-03-01T08:35:41Z INFO bsky_collector_v2.job.index_feed_generators: enqueued repos page=13 mode=listRepos inserted=500 repos_returned=500 next_cursor=set
2026-03-01T08:38:15Z WARNING bsky_collector_v2.job.index_feed_generators: listRecords failed repo=did:plc:okerbm7tp36ttci2mbfnbw46 err=HttpError('InvalidRequest: Could not find repo: did:plc:okerbm7tp36ttci2mbfnbw46')
2026-03-01T08:38:56Z INFO bsky_collector_v2.job.index_feed_generators: indexed repo=did:plc:yo3eunqpj7gxyf2qegmvgspa part=334 records=3 next_cursor=set
2026-03-01T08:39:46Z WARNING bsky_collector_v2.job.index_feed_generators: listRecords failed repo=did:plc:okerbm7tp36ttci2mbfnbw46 err=HttpError('InvalidRequest: Could not find repo: did:plc:okerbm7tp36ttci2mbfnbw46')
2026-03-01T08:39:46Z WARNING bsky_collector_v2.job.index_feed_generators: listRecords failed repo=did:plc:okerbm7tp36ttci2mbfnbw46 err=HttpError('InvalidRequest: Could not find repo: did:plc:okerbm7tp36ttci2mbfnbw46')
2026-03-01T08:39:46Z INFO bsky_collector_v2.job.index_feed_generators: enqueued repos page=14 mode=listRepos inserted=500 repos_returned=500 next_cursor=set
2026-03-01T08:43:38Z INFO bsky_collector_v2.job.index_feed_generators: enqueued repos page=15 mode=listRepos inserted=500 repos_returned=500 next_cursor=set
2026-03-01T08:45:21Z INFO bsky_collector_v2.job.index_feed_generators: enqueued repos page=16 mode=listRepos inserted=500 repos_returned=500 next_cursor=set
2026-03-01T08:46:05Z INFO bsky_collector_v2.job.index_feed_generators: indexed repo=did:plc:fvn47lw3lgnlltcwtmzcaech part=335 records=1 next_cursor=set
2026-03-01T08:47:17Z INFO bsky_collector_v2.job.index_feed_generators: enqueued repos page=17 mode=listRepos inserted=500 repos_returned=500 next_cursor=set
2026-03-01T08:47:35Z WARNING bsky_collector_v2.job.index_feed_generators: listRecords failed repo=did:plc:7ud6iclldnomicsqecongxgm err=HttpError('InvalidRequest: Could not find repo: did:plc:7ud6iclldnomicsqecongxgm')
2026-03-01T08:49:19Z INFO bsky_collector_v2.job.index_feed_generators: indexed repo=did:plc:wforfwxb52edo2idwjdh6nht part=336 records=1 next_cursor=set
2026-03-01T08:50:07Z WARNING bsky_collector_v2.job.index_feed_generators: listRecords failed repo=did:plc:7ud6iclldnomicsqecongxgm err=HttpError('InvalidRequest: Could not find repo: did:plc:7ud6iclldnomicsqecongxgm')
2026-03-01T08:50:07Z WARNING bsky_collector_v2.job.index_feed_generators: listRecords failed repo=did:plc:7ud6iclldnomicsqecongxgm err=HttpError('InvalidRequest: Could not find repo: did:plc:7ud6iclldnomicsqecongxgm')
2026-03-01T08:50:08Z INFO bsky_collector_v2.job.index_feed_generators: enqueued repos page=18 mode=listRepos inserted=500 repos_returned=500 next_cursor=set
2026-03-01T08:50:25Z INFO bsky_collector_v2.job.index_feed_generators: indexed repo=did:plc:6fepin5evia3jge7jmzcke6o part=337 records=7 next_cursor=set
2026-03-01T08:52:36Z INFO bsky_collector_v2.job.index_feed_generators: enqueued repos page=19 mode=listRepos inserted=500 repos_returned=500 next_cursor=set
2026-03-01T08:53:26Z INFO bsky_collector_v2.job.index_feed_generators: indexed repo=did:plc:jxc2worldsc6uxfzo2lobimy part=338 records=1 next_cursor=set
2026-03-01T08:54:02Z INFO bsky_collector_v2.job.index_feed_generators: indexed repo=did:plc:xemotlp5xsot4fzg5wsitxbk part=339 records=2 next_cursor=set
2026-03-01T08:54:11Z INFO bsky_collector_v2.job.index_feed_generators: enqueued repos page=20 mode=listRepos inserted=500 repos_returned=500 next_cursor=set
2026-03-01T08:54:52Z WARNING bsky_collector_v2.job.index_feed_generators: listRecords failed repo=did:plc:fhnd2kiuusde4l5w6txc6bf4 err=HttpError('InvalidRequest: Could not find repo: did:plc:fhnd2kiuusde4l5w6txc6bf4')
2026-03-01T08:55:28Z WARNING bsky_collector_v2.job.index_feed_generators: listRecords failed repo=did:plc:rzjn4vdylgooukekctxcprow err=HttpError('InvalidRequest: Could not find repo: did:plc:rzjn4vdylgooukekctxcprow')
2026-03-01T08:55:57Z WARNING bsky_collector_v2.job.index_feed_generators: listRecords failed repo=did:plc:fhnd2kiuusde4l5w6txc6bf4 err=HttpError('InvalidRequest: Could not find repo: did:plc:fhnd2kiuusde4l5w6txc6bf4')
2026-03-01T08:55:58Z WARNING bsky_collector_v2.job.index_feed_generators: listRecords failed repo=did:plc:rzjn4vdylgooukekctxcprow err=HttpError('InvalidRequest: Could not find repo: did:plc:rzjn4vdylgooukekctxcprow')
2026-03-01T08:55:58Z WARNING bsky_collector_v2.job.index_feed_generators: listRecords failed repo=did:plc:fhnd2kiuusde4l5w6txc6bf4 err=HttpError('InvalidRequest: Could not find repo: did:plc:fhnd2kiuusde4l5w6txc6bf4')
2026-03-01T08:55:58Z WARNING bsky_collector_v2.job.index_feed_generators: listRecords failed repo=did:plc:rzjn4vdylgooukekctxcprow err=HttpError('InvalidRequest: Could not find repo: did:plc:rzjn4vdylgooukekctxcprow')
2026-03-01T08:55:58Z INFO bsky_collector_v2.job.index_feed_generators: enqueued repos page=21 mode=listRepos inserted=500 repos_returned=500 next_cursor=set
2026-03-01T08:56:03Z WARNING bsky_collector_v2.job.index_feed_generators: listRecords failed repo=did:plc:34htnqaiipkxdh5o525znqpl err=HttpError('InvalidRequest: Could not find repo: did:plc:34htnqaiipkxdh5o525znqpl')
