2026-02-20T04:36:58Z INFO bsky_collector_v2: out_base ok path=D:\BlueSky\data_v2_full mount=D:\
2026-02-20T04:36:58Z INFO bsky_collector_v2: job start subcommand=index-feed-generators dry_run=False resume=True
2026-02-20T04:36:58Z INFO bsky_collector_v2.job.index_feed_generators: feed generator index hosts relay_host=https://bsky.network records_host=https://bsky.social auth=yes
2026-02-20T04:37:03Z INFO bsky_collector_v2.job.index_feed_generators: indexed repo=did:plc:4px7vaf4mvo6s4fisfgx4zs2 part=516 records=1 next_cursor=set
2026-02-20T04:37:08Z INFO bsky_collector_v2.job.index_feed_generators: indexed repo=did:plc:7bf2bi2vopiamf3ykly45p52 part=517 records=2 next_cursor=set
2026-02-20T04:37:28Z INFO bsky_collector_v2.job.index_feed_generators: indexed repo=did:plc:g6jvmp6tx4qfciyjtiyikdbq part=518 records=1 next_cursor=set
2026-02-20T04:37:28Z INFO bsky_collector_v2.job.index_feed_generators: indexed repo=did:plc:gbgxl6j3oijs67kv4buhvr6p part=519 records=4 next_cursor=set
2026-02-20T04:37:38Z INFO bsky_collector_v2.job.index_feed_generators: indexed repo=did:plc:k2d63ulit65nsvc6yr66no75 part=520 records=1 next_cursor=set
2026-02-20T04:38:11Z INFO bsky_collector_v2.job.index_feed_generators: indexed repo=did:plc:vjz2kjqh777zrpngbbjjemky part=521 records=1 next_cursor=set
2026-02-20T04:38:23Z INFO bsky_collector_v2.job.index_feed_generators: indexed repo=did:plc:yecwbz5aujnbwl6al2umyhzn part=522 records=1 next_cursor=set
2026-02-20T04:38:24Z WARNING bsky_collector_v2.job.index_feed_generators: listRecords failed repo=did:plc:yh7iqs5vvu2h4nbi36unblxt err=HttpError('InvalidRequest: Could not find repo: did:plc:yh7iqs5vvu2h4nbi36unblxt')
2026-02-20T04:38:25Z INFO bsky_collector_v2.job.index_feed_generators: indexed repo=did:plc:z6qxlkyfoh4n5fyq75yhstkf part=523 records=1 next_cursor=set
2026-02-20T04:38:29Z WARNING bsky_collector_v2.job.index_feed_generators: listRecords failed repo=did:plc:yh7iqs5vvu2h4nbi36unblxt err=HttpError('InvalidRequest: Could not find repo: did:plc:yh7iqs5vvu2h4nbi36unblxt')
2026-02-20T04:38:29Z WARNING bsky_collector_v2.job.index_feed_generators: listRecords failed repo=did:plc:yh7iqs5vvu2h4nbi36unblxt err=HttpError('InvalidRequest: Could not find repo: did:plc:yh7iqs5vvu2h4nbi36unblxt')
2026-02-20T04:38:30Z INFO bsky_collector_v2.job.index_feed_generators: enqueued repos page=1 mode=listRepos inserted=500 repos_returned=500 next_cursor=set
2026-02-20T04:39:03Z INFO bsky_collector_v2.job.index_feed_generators: indexed repo=did:plc:ejomkn2alixcbvj7yddr24ri part=524 records=4 next_cursor=set
2026-02-20T04:39:30Z INFO bsky_collector_v2.job.index_feed_generators: indexed repo=did:plc:mr56j3sjqkpsg2ciy62vu3ld part=525 records=1 next_cursor=set
2026-02-20T04:39:34Z INFO bsky_collector_v2.job.index_feed_generators: indexed repo=did:plc:nrzdbm74cx4j3bfeefexxql5 part=526 records=2 next_cursor=set
2026-02-20T04:40:06Z INFO bsky_collector_v2.job.index_feed_generators: enqueued repos page=2 mode=listRepos inserted=500 repos_returned=500 next_cursor=set
2026-02-20T04:41:30Z INFO bsky_collector_v2.job.index_feed_generators: indexed repo=did:plc:ta3hyahbedxfzm4uceqmgp7d part=527 records=3 next_cursor=set
2026-02-20T04:41:45Z WARNING bsky_collector_v2.job.index_feed_generators: listRecords failed repo=did:plc:ye3hhwmtkvlzts5flijl2exn err=HttpError('InvalidRequest: Could not find repo: did:plc:ye3hhwmtkvlzts5flijl2exn')
2026-02-20T04:41:49Z WARNING bsky_collector_v2.job.index_feed_generators: listRecords failed repo=did:plc:ye3hhwmtkvlzts5flijl2exn err=HttpError('InvalidRequest: Could not find repo: did:plc:ye3hhwmtkvlzts5flijl2exn')
2026-02-20T04:41:49Z WARNING bsky_collector_v2.job.index_feed_generators: listRecords failed repo=did:plc:ye3hhwmtkvlzts5flijl2exn err=HttpError('InvalidRequest: Could not find repo: did:plc:ye3hhwmtkvlzts5flijl2exn')
2026-02-20T04:41:50Z INFO bsky_collector_v2.job.index_feed_generators: enqueued repos page=3 mode=listRepos inserted=500 repos_returned=500 next_cursor=set
2026-02-20T04:41:56Z INFO bsky_collector_v2.job.index_feed_generators: indexed repo=did:plc:3y6xjspgkc6avhgbxohhjw3s part=528 records=2 next_cursor=set
2026-02-20T04:42:07Z INFO bsky_collector_v2.job.index_feed_generators: indexed repo=did:plc:7izqx7sxa5wh3x522uqvit4z part=529 records=1 next_cursor=set
2026-02-20T04:42:23Z INFO bsky_collector_v2.job.index_feed_generators: indexed repo=did:plc:fwqwpv2zumdjsoaf7lkabcqv part=530 records=1 next_cursor=set
2026-02-20T04:43:03Z INFO bsky_collector_v2.job.index_feed_generators: indexed repo=did:plc:sevgwev2gbd5ihz2xbu3f7sx part=531 records=1 next_cursor=set
2026-02-20T04:43:27Z INFO bsky_collector_v2.job.index_feed_generators: enqueued repos page=4 mode=listRepos inserted=500 repos_returned=500 next_cursor=set
2026-02-20T04:43:39Z INFO bsky_collector_v2.job.index_feed_generators: indexed repo=did:plc:5nfwofpyjuntapcx5auz2u2r part=532 records=2 next_cursor=set
2026-02-20T04:44:27Z INFO bsky_collector_v2.job.index_feed_generators: indexed repo=did:plc:ongfws2xy7diu72kozusvypt part=533 records=2 next_cursor=set
2026-02-20T04:45:01Z INFO bsky_collector_v2.job.index_feed_generators: enqueued repos page=5 mode=listRepos inserted=500 repos_returned=500 next_cursor=set
2026-02-20T04:45:15Z WARNING bsky_collector_v2.job.index_feed_generators: listRecords failed repo=did:plc:6zvppjep7xuy3xelgjfbluza err=HttpError('InvalidRequest: Could not find repo: did:plc:6zvppjep7xuy3xelgjfbluza')
2026-02-20T04:45:22Z INFO bsky_collector_v2.job.index_feed_generators: indexed repo=did:plc:azfdsivt6dx5yuknpr5bzjrp part=534 records=2 next_cursor=set
2026-02-20T04:45:46Z INFO bsky_collector_v2.job.index_feed_generators: indexed repo=did:plc:ijryz7h7wd4o2nghs3cripjl part=535 records=2 next_cursor=set
2026-02-20T04:46:42Z WARNING bsky_collector_v2.job.index_feed_generators: listRecords failed repo=did:plc:6zvppjep7xuy3xelgjfbluza err=HttpError('InvalidRequest: Could not find repo: did:plc:6zvppjep7xuy3xelgjfbluza')
2026-02-20T04:46:43Z WARNING bsky_collector_v2.job.index_feed_generators: listRecords failed repo=did:plc:6zvppjep7xuy3xelgjfbluza err=HttpError('InvalidRequest: Could not find repo: did:plc:6zvppjep7xuy3xelgjfbluza')
2026-02-20T04:46:43Z INFO bsky_collector_v2.job.index_feed_generators: enqueued repos page=6 mode=listRepos inserted=500 repos_returned=500 next_cursor=set
2026-02-20T04:46:47Z INFO bsky_collector_v2.job.index_feed_generators: indexed repo=did:plc:3rp72mpbkpvm6ajkwa5vfezt part=536 records=1 next_cursor=set
2026-02-20T04:46:52Z INFO bsky_collector_v2.job.index_feed_generators: indexed repo=did:plc:56yuesnnup2dngtjmuztxk67 part=537 records=6 next_cursor=set
2026-02-20T04:47:14Z INFO bsky_collector_v2.job.index_feed_generators: indexed repo=did:plc:egstbs6kbghscvjwyygx4a3q part=538 records=1 next_cursor=set
2026-02-20T04:48:02Z INFO bsky_collector_v2.job.index_feed_generators: indexed repo=did:plc:unyxizvk4yjivebf7cjpt6vb part=539 records=2 next_cursor=set
2026-02-20T04:48:08Z INFO bsky_collector_v2.job.index_feed_generators: indexed repo=did:plc:wu2yohfgu6wrteoff7efgim4 part=540 records=2 next_cursor=set
2026-02-20T04:48:18Z INFO bsky_collector_v2.job.index_feed_generators: enqueued repos page=7 mode=listRepos inserted=500 repos_returned=500 next_cursor=set
2026-02-20T04:48:30Z WARNING bsky_collector_v2.job.index_feed_generators: listRecords failed repo=did:plc:6cgk3itqpnoxqsnydhxguxk5 err=HttpError('InvalidRequest: Could not find repo: did:plc:6cgk3itqpnoxqsnydhxguxk5')
2026-02-20T04:48:45Z INFO bsky_collector_v2.job.index_feed_generators: indexed repo=did:plc:dschblen33uedupt77653s3c part=541 records=2 next_cursor=set
2026-02-20T04:48:57Z INFO bsky_collector_v2.job.index_feed_generators: indexed repo=did:plc:hx2spvwygxtfkniov6eore72 part=542 records=1 next_cursor=set
2026-02-20T04:49:12Z INFO bsky_collector_v2.job.index_feed_generators: indexed repo=did:plc:mua3ht75bs4gjxbanqavbxhp part=543 records=3 next_cursor=set
2026-02-20T04:49:15Z INFO bsky_collector_v2.job.index_feed_generators: indexed repo=did:plc:nqpnvwdbxeynzuyt3x56ayci part=544 records=1 next_cursor=set
2026-02-20T04:49:53Z WARNING bsky_collector_v2.job.index_feed_generators: listRecords failed repo=did:plc:6cgk3itqpnoxqsnydhxguxk5 err=HttpError('InvalidRequest: Could not find repo: did:plc:6cgk3itqpnoxqsnydhxguxk5')
2026-02-20T04:49:54Z WARNING bsky_collector_v2.job.index_feed_generators: listRecords failed repo=did:plc:6cgk3itqpnoxqsnydhxguxk5 err=HttpError('InvalidRequest: Could not find repo: did:plc:6cgk3itqpnoxqsnydhxguxk5')
2026-02-20T04:49:55Z INFO bsky_collector_v2.job.index_feed_generators: enqueued repos page=8 mode=listRepos inserted=500 repos_returned=500 next_cursor=set
2026-02-20T04:50:06Z INFO bsky_collector_v2.job.index_feed_generators: indexed repo=did:plc:5qgx4yfh45gqlcmert2er2hc part=545 records=3 next_cursor=set
2026-02-20T04:50:07Z INFO bsky_collector_v2.job.index_feed_generators: indexed repo=did:plc:63zndxk7hkvo24gsyvuvlqam part=546 records=2 next_cursor=set
2026-02-20T04:50:10Z INFO bsky_collector_v2.job.index_feed_generators: indexed repo=did:plc:6pniz3hpo4wu2jbn5wjdempk part=547 records=3 next_cursor=set
2026-02-20T04:50:15Z INFO bsky_collector_v2.job.index_feed_generators: indexed repo=did:plc:actyqo22wl4rwt3bscqchmid part=548 records=1 next_cursor=set
2026-02-20T04:50:33Z INFO bsky_collector_v2.job.index_feed_generators: indexed repo=did:plc:g73uqsykulfy3ffndqesia7z part=549 records=1 next_cursor=set
2026-02-20T04:51:31Z INFO bsky_collector_v2.job.index_feed_generators: enqueued repos page=9 mode=listRepos inserted=500 repos_returned=500 next_cursor=set
2026-02-20T04:51:32Z INFO bsky_collector_v2.job.index_feed_generators: indexed repo=did:plc:2n6edexhuk2yflvmbh4pn2uv part=550 records=2 next_cursor=set
2026-02-20T04:52:00Z INFO bsky_collector_v2.job.index_feed_generators: indexed repo=did:plc:dtmeqkvmcig2pfgcbptpddft part=551 records=3 next_cursor=set
2026-02-20T04:52:01Z INFO bsky_collector_v2.job.index_feed_generators: indexed repo=did:plc:e5bfa4f3jz4kr6yu5nxszjh3 part=552 records=2 next_cursor=set
2026-02-20T04:52:27Z WARNING bsky_collector_v2.job.index_feed_generators: listRecords failed repo=did:plc:mr4jyhipg7xttlxnsostycyx err=HttpError('InvalidRequest: Could not find repo: did:plc:mr4jyhipg7xttlxnsostycyx')
2026-02-20T04:53:03Z WARNING bsky_collector_v2.job.index_feed_generators: listRecords failed repo=did:plc:mr4jyhipg7xttlxnsostycyx err=HttpError('InvalidRequest: Could not find repo: did:plc:mr4jyhipg7xttlxnsostycyx')
2026-02-20T04:53:03Z WARNING bsky_collector_v2.job.index_feed_generators: listRecords failed repo=did:plc:mr4jyhipg7xttlxnsostycyx err=HttpError('InvalidRequest: Could not find repo: did:plc:mr4jyhipg7xttlxnsostycyx')
2026-02-20T04:53:04Z INFO bsky_collector_v2.job.index_feed_generators: enqueued repos page=10 mode=listRepos inserted=500 repos_returned=500 next_cursor=set
2026-02-20T04:53:15Z INFO bsky_collector_v2.job.index_feed_generators: indexed repo=did:plc:6shy3ah3ocukdubustoikbg7 part=553 records=7 next_cursor=set
2026-02-20T04:53:47Z WARNING bsky_collector_v2.job.index_feed_generators: listRecords failed repo=did:plc:jub3iyvjbwf4ryqia7hiutb7 err=HttpError('InvalidRequest: Could not find repo: did:plc:jub3iyvjbwf4ryqia7hiutb7')
2026-02-20T04:53:58Z INFO bsky_collector_v2.job.index_feed_generators: indexed repo=did:plc:nx2uivsnexgfpkjmnzzz5zne part=554 records=4 next_cursor=set
2026-02-20T04:54:22Z INFO bsky_collector_v2.job.index_feed_generators: indexed repo=did:plc:vnrf5xhxms3k5lszjyii3qw2 part=555 records=2 next_cursor=set
2026-02-20T04:54:29Z INFO bsky_collector_v2.job.index_feed_generators: indexed repo=did:plc:y7j6qhdggyegmvicleabnsgu part=556 records=1 next_cursor=set
2026-02-20T04:54:35Z INFO bsky_collector_v2.job.index_feed_generators: indexed repo=did:plc:zwkakdnvhe2wagqdpwjlqlve part=557 records=3 next_cursor=set
2026-02-20T04:54:35Z WARNING bsky_collector_v2.job.index_feed_generators: listRecords failed repo=did:plc:jub3iyvjbwf4ryqia7hiutb7 err=HttpError('InvalidRequest: Could not find repo: did:plc:jub3iyvjbwf4ryqia7hiutb7')
2026-02-20T04:54:36Z WARNING bsky_collector_v2.job.index_feed_generators: listRecords failed repo=did:plc:jub3iyvjbwf4ryqia7hiutb7 err=HttpError('InvalidRequest: Could not find repo: did:plc:jub3iyvjbwf4ryqia7hiutb7')
2026-02-20T04:54:36Z INFO bsky_collector_v2.job.index_feed_generators: enqueued repos page=11 mode=listRepos inserted=500 repos_returned=500 next_cursor=set
2026-02-20T04:54:57Z INFO bsky_collector_v2.job.index_feed_generators: indexed repo=did:plc:b6n5rhtjf26jmdr4dd3ghkt3 part=558 records=2 next_cursor=set
2026-02-20T04:55:13Z WARNING bsky_collector_v2.job.index_feed_generators: listRecords failed repo=did:plc:h72nvpo5jzgiwohwyinipbol err=HttpError('InvalidRequest: Could not find repo: did:plc:h72nvpo5jzgiwohwyinipbol')
2026-02-20T04:55:42Z INFO bsky_collector_v2.job.index_feed_generators: indexed repo=did:plc:qdygvbuhqggyjr25svar6xeq part=559 records=1 next_cursor=set
2026-02-20T04:55:51Z INFO bsky_collector_v2.job.index_feed_generators: indexed repo=did:plc:sjt43mpr72ywhuyevrhic5h7 part=560 records=1 next_cursor=set
2026-02-20T04:55:57Z INFO bsky_collector_v2.job.index_feed_generators: indexed repo=did:plc:u2wi666564jvqzqzxxhlpg5f part=561 records=1 next_cursor=set
2026-02-20T04:56:12Z WARNING bsky_collector_v2.job.index_feed_generators: listRecords failed repo=did:plc:h72nvpo5jzgiwohwyinipbol err=HttpError('InvalidRequest: Could not find repo: did:plc:h72nvpo5jzgiwohwyinipbol')
2026-02-20T04:56:12Z WARNING bsky_collector_v2.job.index_feed_generators: listRecords failed repo=did:plc:h72nvpo5jzgiwohwyinipbol err=HttpError('InvalidRequest: Could not find repo: did:plc:h72nvpo5jzgiwohwyinipbol')
2026-02-20T04:56:13Z INFO bsky_collector_v2.job.index_feed_generators: enqueued repos page=12 mode=listRepos inserted=500 repos_returned=500 next_cursor=set
2026-02-20T04:57:11Z WARNING bsky_collector_v2.job.index_feed_generators: listRecords failed repo=did:plc:nxwzq5k6h57lvacc3szyunip err=HttpError('InvalidRequest: Could not find repo: did:plc:nxwzq5k6h57lvacc3szyunip')
2026-02-20T04:57:34Z INFO bsky_collector_v2.job.index_feed_generators: indexed repo=did:plc:vtlnztwhwjwtqk375c2ty34b part=562 records=1 next_cursor=set
2026-02-20T04:57:48Z WARNING bsky_collector_v2.job.index_feed_generators: listRecords failed repo=did:plc:nxwzq5k6h57lvacc3szyunip err=HttpError('InvalidRequest: Could not find repo: did:plc:nxwzq5k6h57lvacc3szyunip')
2026-02-20T04:57:48Z WARNING bsky_collector_v2.job.index_feed_generators: listRecords failed repo=did:plc:nxwzq5k6h57lvacc3szyunip err=HttpError('InvalidRequest: Could not find repo: did:plc:nxwzq5k6h57lvacc3szyunip')
2026-02-20T04:57:49Z INFO bsky_collector_v2.job.index_feed_generators: enqueued repos page=13 mode=listRepos inserted=500 repos_returned=500 next_cursor=set
2026-02-20T04:57:58Z INFO bsky_collector_v2.job.index_feed_generators: indexed repo=did:plc:5bicqikvdlonlldcdmvssx3x part=563 records=1 next_cursor=set
2026-02-20T04:59:02Z INFO bsky_collector_v2.job.index_feed_generators: indexed repo=did:plc:vkvizqyryktyo3ad2qox2cry part=564 records=1 next_cursor=set
2026-02-20T04:59:07Z INFO bsky_collector_v2.job.index_feed_generators: indexed repo=did:plc:xogk4kw5ad3qldl2npkm5swk part=565 records=1 next_cursor=set
2026-02-20T04:59:15Z INFO bsky_collector_v2.job.index_feed_generators: enqueued repos page=14 mode=listRepos inserted=500 repos_returned=500 next_cursor=set
2026-02-20T04:59:19Z WARNING bsky_collector_v2.job.index_feed_generators: listRecords failed repo=did:plc:3jdfsuntkxzgawhnjsjcnwat err=HttpError('InvalidRequest: Could not find repo: did:plc:3jdfsuntkxzgawhnjsjcnwat')
2026-02-20T04:59:24Z WARNING bsky_collector_v2.job.index_feed_generators: listRecords failed repo=did:plc:4rvuwzlbutp4fljw6apftt64 err=HttpError('InvalidRequest: Could not find repo: did:plc:4rvuwzlbutp4fljw6apftt64')
2026-02-20T04:59:49Z INFO bsky_collector_v2.job.index_feed_generators: indexed repo=did:plc:g747cq3qtigmujc4psuoko3p part=566 records=3 next_cursor=set
2026-02-20T05:00:04Z INFO bsky_collector_v2.job.index_feed_generators: indexed repo=did:plc:kwsbyaguybnda4dv355exgis part=567 records=3 next_cursor=set
2026-02-20T05:00:05Z INFO bsky_collector_v2.job.index_feed_generators: indexed repo=did:plc:larnsecngqmz5flk2vjrxf5i part=568 records=3 next_cursor=set
2026-02-20T05:00:28Z INFO bsky_collector_v2.job.index_feed_generators: indexed repo=did:plc:ps47ydxqpfzlscxh6ys4tgub part=569 records=1 next_cursor=set
2026-02-20T05:00:31Z WARNING bsky_collector_v2.job.index_feed_generators: listRecords failed repo=did:plc:qnpi4q3vcsjs3s6bxjjuftjg err=HttpError('InvalidRequest: Could not find repo: did:plc:qnpi4q3vcsjs3s6bxjjuftjg')
2026-02-20T05:00:45Z INFO bsky_collector_v2.job.index_feed_generators: indexed repo=did:plc:vgtaddsu7el6lyrg6bpmd5df part=570 records=1 next_cursor=set
2026-02-20T05:00:58Z WARNING bsky_collector_v2.job.index_feed_generators: listRecords failed repo=did:plc:3jdfsuntkxzgawhnjsjcnwat err=HttpError('InvalidRequest: Could not find repo: did:plc:3jdfsuntkxzgawhnjsjcnwat')
2026-02-20T05:00:58Z WARNING bsky_collector_v2.job.index_feed_generators: listRecords failed repo=did:plc:4rvuwzlbutp4fljw6apftt64 err=HttpError('InvalidRequest: Could not find repo: did:plc:4rvuwzlbutp4fljw6apftt64')
2026-02-20T05:00:59Z WARNING bsky_collector_v2.job.index_feed_generators: listRecords failed repo=did:plc:qnpi4q3vcsjs3s6bxjjuftjg err=HttpError('InvalidRequest: Could not find repo: did:plc:qnpi4q3vcsjs3s6bxjjuftjg')
2026-02-20T05:00:59Z WARNING bsky_collector_v2.job.index_feed_generators: listRecords failed repo=did:plc:3jdfsuntkxzgawhnjsjcnwat err=HttpError('InvalidRequest: Could not find repo: did:plc:3jdfsuntkxzgawhnjsjcnwat')
2026-02-20T05:00:59Z WARNING bsky_collector_v2.job.index_feed_generators: listRecords failed repo=did:plc:4rvuwzlbutp4fljw6apftt64 err=HttpError('InvalidRequest: Could not find repo: did:plc:4rvuwzlbutp4fljw6apftt64')
2026-02-20T05:00:59Z WARNING bsky_collector_v2.job.index_feed_generators: listRecords failed repo=did:plc:qnpi4q3vcsjs3s6bxjjuftjg err=HttpError('InvalidRequest: Could not find repo: did:plc:qnpi4q3vcsjs3s6bxjjuftjg')
2026-02-20T05:01:00Z INFO bsky_collector_v2.job.index_feed_generators: enqueued repos page=15 mode=listRepos inserted=500 repos_returned=500 next_cursor=set
2026-02-20T05:01:15Z INFO bsky_collector_v2.job.index_feed_generators: indexed repo=did:plc:7ovfmfuucpnux6oa5rz6acc4 part=571 records=3 next_cursor=set
2026-02-20T05:01:21Z WARNING bsky_collector_v2.job.index_feed_generators: listRecords failed repo=did:plc:bwlkv3q3gupn62klzbbfmgmm err=HttpError('InvalidRequest: Could not find repo: did:plc:bwlkv3q3gupn62klzbbfmgmm')
2026-02-20T05:01:29Z WARNING bsky_collector_v2.job.index_feed_generators: listRecords failed repo=did:plc:egxsjvh5l53l4bwe2ea2rfdm err=HttpError('InvalidRequest: Could not find repo: did:plc:egxsjvh5l53l4bwe2ea2rfdm')
2026-02-20T05:01:38Z WARNING bsky_collector_v2.job.index_feed_generators: listRecords failed repo=did:plc:icy6ayp6bwt7mgdh665mwgyp err=HttpError('InvalidRequest: Could not find repo: did:plc:icy6ayp6bwt7mgdh665mwgyp')
2026-02-20T05:01:42Z INFO bsky_collector_v2.job.index_feed_generators: indexed repo=did:plc:jui3i323gxfmxql4uhwecrdn part=572 records=1 next_cursor=set
2026-02-20T05:01:56Z WARNING bsky_collector_v2.job.index_feed_generators: listRecords failed repo=did:plc:movgva6hunnauacohongkxa5 err=HttpError('InvalidRequest: Could not find repo: did:plc:movgva6hunnauacohongkxa5')
2026-02-20T05:02:41Z WARNING bsky_collector_v2.job.index_feed_generators: listRecords failed repo=did:plc:bwlkv3q3gupn62klzbbfmgmm err=HttpError('InvalidRequest: Could not find repo: did:plc:bwlkv3q3gupn62klzbbfmgmm')
2026-02-20T05:02:41Z WARNING bsky_collector_v2.job.index_feed_generators: listRecords failed repo=did:plc:egxsjvh5l53l4bwe2ea2rfdm err=HttpError('InvalidRequest: Could not find repo: did:plc:egxsjvh5l53l4bwe2ea2rfdm')
2026-02-20T05:02:42Z WARNING bsky_collector_v2.job.index_feed_generators: listRecords failed repo=did:plc:icy6ayp6bwt7mgdh665mwgyp err=HttpError('InvalidRequest: Could not find repo: did:plc:icy6ayp6bwt7mgdh665mwgyp')
2026-02-20T05:02:42Z WARNING bsky_collector_v2.job.index_feed_generators: listRecords failed repo=did:plc:movgva6hunnauacohongkxa5 err=HttpError('InvalidRequest: Could not find repo: did:plc:movgva6hunnauacohongkxa5')
2026-02-20T05:02:42Z WARNING bsky_collector_v2.job.index_feed_generators: listRecords failed repo=did:plc:bwlkv3q3gupn62klzbbfmgmm err=HttpError('InvalidRequest: Could not find repo: did:plc:bwlkv3q3gupn62klzbbfmgmm')
2026-02-20T05:02:42Z WARNING bsky_collector_v2.job.index_feed_generators: listRecords failed repo=did:plc:egxsjvh5l53l4bwe2ea2rfdm err=HttpError('InvalidRequest: Could not find repo: did:plc:egxsjvh5l53l4bwe2ea2rfdm')
2026-02-20T05:02:42Z WARNING bsky_collector_v2.job.index_feed_generators: listRecords failed repo=did:plc:icy6ayp6bwt7mgdh665mwgyp err=HttpError('InvalidRequest: Could not find repo: did:plc:icy6ayp6bwt7mgdh665mwgyp')
2026-02-20T05:02:42Z WARNING bsky_collector_v2.job.index_feed_generators: listRecords failed repo=did:plc:movgva6hunnauacohongkxa5 err=HttpError('InvalidRequest: Could not find repo: did:plc:movgva6hunnauacohongkxa5')
2026-02-20T05:02:43Z INFO bsky_collector_v2.job.index_feed_generators: enqueued repos page=16 mode=listRepos inserted=500 repos_returned=500 next_cursor=set
2026-02-20T05:02:51Z INFO bsky_collector_v2.job.index_feed_generators: indexed repo=did:plc:4quux7il7bfjpnfdzoy7yc5w part=573 records=1 next_cursor=set
2026-02-20T05:02:52Z WARNING bsky_collector_v2.job.index_feed_generators: listRecords failed repo=did:plc:5eyzxq6litcyeva7et2xs6yt err=HttpError('InvalidRequest: Could not find repo: did:plc:5eyzxq6litcyeva7et2xs6yt')
2026-02-20T05:03:03Z INFO bsky_collector_v2.job.index_feed_generators: indexed repo=did:plc:apxk4twlwlk4zafghrvfe2cx part=574 records=3 next_cursor=set
2026-02-20T05:03:36Z INFO bsky_collector_v2.job.index_feed_generators: indexed repo=did:plc:krktkc5zef4cgxu7frowmklc part=575 records=1 next_cursor=set
2026-02-20T05:03:38Z INFO bsky_collector_v2.job.index_feed_generators: indexed repo=did:plc:m3lsbpqkcvjwc5larincpuj3 part=576 records=1 next_cursor=set
2026-02-20T05:03:52Z WARNING bsky_collector_v2.job.index_feed_generators: listRecords failed repo=did:plc:qv3lkiomr7iqtjvy3mh4e2e5 err=HttpError('InvalidRequest: Could not find repo: did:plc:qv3lkiomr7iqtjvy3mh4e2e5')
2026-02-20T05:03:58Z INFO bsky_collector_v2.job.index_feed_generators: indexed repo=did:plc:sqygmorblu2c7ifpqxqyczoy part=577 records=1 next_cursor=set
2026-02-20T05:04:00Z WARNING bsky_collector_v2.job.index_feed_generators: listRecords failed repo=did:plc:tndeaffsojahb3tzjut27gi5 err=HttpError('InvalidRequest: Could not find repo: did:plc:tndeaffsojahb3tzjut27gi5')
2026-02-20T05:04:13Z WARNING bsky_collector_v2.job.index_feed_generators: listRecords failed repo=did:plc:5eyzxq6litcyeva7et2xs6yt err=HttpError('InvalidRequest: Could not find repo: did:plc:5eyzxq6litcyeva7et2xs6yt')
2026-02-20T05:04:14Z WARNING bsky_collector_v2.job.index_feed_generators: listRecords failed repo=did:plc:qv3lkiomr7iqtjvy3mh4e2e5 err=HttpError('InvalidRequest: Could not find repo: did:plc:qv3lkiomr7iqtjvy3mh4e2e5')
2026-02-20T05:04:14Z WARNING bsky_collector_v2.job.index_feed_generators: listRecords failed repo=did:plc:tndeaffsojahb3tzjut27gi5 err=HttpError('InvalidRequest: Could not find repo: did:plc:tndeaffsojahb3tzjut27gi5')
2026-02-20T05:04:14Z WARNING bsky_collector_v2.job.index_feed_generators: listRecords failed repo=did:plc:5eyzxq6litcyeva7et2xs6yt err=HttpError('InvalidRequest: Could not find repo: did:plc:5eyzxq6litcyeva7et2xs6yt')
2026-02-20T05:04:14Z WARNING bsky_collector_v2.job.index_feed_generators: listRecords failed repo=did:plc:qv3lkiomr7iqtjvy3mh4e2e5 err=HttpError('InvalidRequest: Could not find repo: did:plc:qv3lkiomr7iqtjvy3mh4e2e5')
2026-02-20T05:04:15Z WARNING bsky_collector_v2.job.index_feed_generators: listRecords failed repo=did:plc:tndeaffsojahb3tzjut27gi5 err=HttpError('InvalidRequest: Could not find repo: did:plc:tndeaffsojahb3tzjut27gi5')
2026-02-20T05:04:15Z INFO bsky_collector_v2.job.index_feed_generators: enqueued repos page=17 mode=listRepos inserted=500 repos_returned=500 next_cursor=set
2026-02-20T05:04:29Z INFO bsky_collector_v2.job.index_feed_generators: indexed repo=did:plc:74u3ti2t5utyqtf5npbbf63w part=578 records=3 next_cursor=set
2026-02-20T05:04:34Z INFO bsky_collector_v2.job.index_feed_generators: indexed repo=did:plc:a7ytkrnxuisepbbutsvj7qw6 part=579 records=1 next_cursor=set
2026-02-20T05:04:41Z INFO bsky_collector_v2.job.index_feed_generators: indexed repo=did:plc:cvuwa4mxs3jmkvepx2tjtlth part=580 records=3 next_cursor=set
2026-02-20T05:04:49Z INFO bsky_collector_v2.job.index_feed_generators: indexed repo=did:plc:gbk4txfpgd5dw6yjuv7kuubn part=581 records=1 next_cursor=set
2026-02-20T05:04:50Z WARNING bsky_collector_v2.job.index_feed_generators: listRecords failed repo=did:plc:gf24kgy6n56bjmkidjgiimnj err=HttpError('InvalidRequest: Could not find repo: did:plc:gf24kgy6n56bjmkidjgiimnj')
2026-02-20T05:05:08Z WARNING bsky_collector_v2.job.index_feed_generators: listRecords failed repo=did:plc:mrzniqjplsrw4tvtjirn3bat err=HttpError('InvalidRequest: Could not find repo: did:plc:mrzniqjplsrw4tvtjirn3bat')
2026-02-20T05:05:22Z WARNING bsky_collector_v2.job.index_feed_generators: listRecords failed repo=did:plc:rx3qudtyqkfgcfq5lrkb366g err=HttpError('InvalidRequest: Could not find repo: did:plc:rx3qudtyqkfgcfq5lrkb366g')
2026-02-20T05:05:52Z INFO bsky_collector_v2.job.index_feed_generators: indexed repo=did:plc:yw7do7jmffibgnrppsddujcg part=582 records=1 next_cursor=set
2026-02-20T05:05:54Z WARNING bsky_collector_v2.job.index_feed_generators: listRecords failed repo=did:plc:zkhwzntzdmudxsa2ll6ur2sv err=HttpError('InvalidRequest: Could not find repo: did:plc:zkhwzntzdmudxsa2ll6ur2sv')
2026-02-20T05:05:56Z WARNING bsky_collector_v2.job.index_feed_generators: listRecords failed repo=did:plc:gf24kgy6n56bjmkidjgiimnj err=HttpError('InvalidRequest: Could not find repo: did:plc:gf24kgy6n56bjmkidjgiimnj')
2026-02-20T05:05:57Z WARNING bsky_collector_v2.job.index_feed_generators: listRecords failed repo=did:plc:mrzniqjplsrw4tvtjirn3bat err=HttpError('InvalidRequest: Could not find repo: did:plc:mrzniqjplsrw4tvtjirn3bat')
2026-02-20T05:05:57Z WARNING bsky_collector_v2.job.index_feed_generators: listRecords failed repo=did:plc:rx3qudtyqkfgcfq5lrkb366g err=HttpError('InvalidRequest: Could not find repo: did:plc:rx3qudtyqkfgcfq5lrkb366g')
2026-02-20T05:05:57Z WARNING bsky_collector_v2.job.index_feed_generators: listRecords failed repo=did:plc:zkhwzntzdmudxsa2ll6ur2sv err=HttpError('InvalidRequest: Could not find repo: did:plc:zkhwzntzdmudxsa2ll6ur2sv')
2026-02-20T05:05:57Z WARNING bsky_collector_v2.job.index_feed_generators: listRecords failed repo=did:plc:gf24kgy6n56bjmkidjgiimnj err=HttpError('InvalidRequest: Could not find repo: did:plc:gf24kgy6n56bjmkidjgiimnj')
2026-02-20T05:05:57Z WARNING bsky_collector_v2.job.index_feed_generators: listRecords failed repo=did:plc:mrzniqjplsrw4tvtjirn3bat err=HttpError('InvalidRequest: Could not find repo: did:plc:mrzniqjplsrw4tvtjirn3bat')
2026-02-20T05:05:57Z WARNING bsky_collector_v2.job.index_feed_generators: listRecords failed repo=did:plc:rx3qudtyqkfgcfq5lrkb366g err=HttpError('InvalidRequest: Could not find repo: did:plc:rx3qudtyqkfgcfq5lrkb366g')
2026-02-20T05:05:57Z WARNING bsky_collector_v2.job.index_feed_generators: listRecords failed repo=did:plc:zkhwzntzdmudxsa2ll6ur2sv err=HttpError('InvalidRequest: Could not find repo: did:plc:zkhwzntzdmudxsa2ll6ur2sv')
2026-02-20T05:05:58Z INFO bsky_collector_v2.job.index_feed_generators: enqueued repos page=18 mode=listRepos inserted=500 repos_returned=500 next_cursor=set
2026-02-20T05:06:09Z WARNING bsky_collector_v2.job.index_feed_generators: listRecords failed repo=did:plc:54boiuy75quyseexsgffox6t err=HttpError('InvalidRequest: Could not find repo: did:plc:54boiuy75quyseexsgffox6t')
2026-02-20T05:06:24Z WARNING bsky_collector_v2.job.index_feed_generators: listRecords failed repo=did:plc:dy62mdx64e6i32pcuzfkekmk err=HttpError('InvalidRequest: Could not find repo: did:plc:dy62mdx64e6i32pcuzfkekmk')
2026-02-20T05:06:30Z WARNING bsky_collector_v2.job.index_feed_generators: listRecords failed repo=did:plc:g2kvea5n2nqahf2xiqud6qdp err=HttpError('InvalidRequest: Could not find repo: did:plc:g2kvea5n2nqahf2xiqud6qdp')
2026-02-20T05:07:11Z INFO bsky_collector_v2.job.index_feed_generators: indexed repo=did:plc:tyga2jcde7owdzvmp2y7uula part=583 records=1 next_cursor=set
2026-02-20T05:07:21Z WARNING bsky_collector_v2.job.index_feed_generators: listRecords failed repo=did:plc:xemoyakjwy5znmhd5mnvrgm6 err=HttpError('InvalidRequest: Could not find repo: did:plc:xemoyakjwy5znmhd5mnvrgm6')
2026-02-20T05:07:29Z WARNING bsky_collector_v2.job.index_feed_generators: listRecords failed repo=did:plc:54boiuy75quyseexsgffox6t err=HttpError('InvalidRequest: Could not find repo: did:plc:54boiuy75quyseexsgffox6t')
2026-02-20T05:07:29Z WARNING bsky_collector_v2.job.index_feed_generators: listRecords failed repo=did:plc:dy62mdx64e6i32pcuzfkekmk err=HttpError('InvalidRequest: Could not find repo: did:plc:dy62mdx64e6i32pcuzfkekmk')
2026-02-20T05:07:29Z WARNING bsky_collector_v2.job.index_feed_generators: listRecords failed repo=did:plc:g2kvea5n2nqahf2xiqud6qdp err=HttpError('InvalidRequest: Could not find repo: did:plc:g2kvea5n2nqahf2xiqud6qdp')
2026-02-20T05:07:29Z WARNING bsky_collector_v2.job.index_feed_generators: listRecords failed repo=did:plc:xemoyakjwy5znmhd5mnvrgm6 err=HttpError('InvalidRequest: Could not find repo: did:plc:xemoyakjwy5znmhd5mnvrgm6')
2026-02-20T05:07:29Z WARNING bsky_collector_v2.job.index_feed_generators: listRecords failed repo=did:plc:54boiuy75quyseexsgffox6t err=HttpError('InvalidRequest: Could not find repo: did:plc:54boiuy75quyseexsgffox6t')
2026-02-20T05:07:29Z WARNING bsky_collector_v2.job.index_feed_generators: listRecords failed repo=did:plc:dy62mdx64e6i32pcuzfkekmk err=HttpError('InvalidRequest: Could not find repo: did:plc:dy62mdx64e6i32pcuzfkekmk')
2026-02-20T05:07:29Z WARNING bsky_collector_v2.job.index_feed_generators: listRecords failed repo=did:plc:g2kvea5n2nqahf2xiqud6qdp err=HttpError('InvalidRequest: Could not find repo: did:plc:g2kvea5n2nqahf2xiqud6qdp')
2026-02-20T05:07:29Z WARNING bsky_collector_v2.job.index_feed_generators: listRecords failed repo=did:plc:xemoyakjwy5znmhd5mnvrgm6 err=HttpError('InvalidRequest: Could not find repo: did:plc:xemoyakjwy5znmhd5mnvrgm6')
2026-02-20T05:07:30Z INFO bsky_collector_v2.job.index_feed_generators: enqueued repos page=19 mode=listRepos inserted=500 repos_returned=500 next_cursor=set
2026-02-20T05:07:37Z WARNING bsky_collector_v2.job.index_feed_generators: listRecords failed repo=did:plc:5f34xab7ov72rqpepowq3uqw err=HttpError('InvalidRequest: Could not find repo: did:plc:5f34xab7ov72rqpepowq3uqw')
2026-02-20T05:07:43Z INFO bsky_collector_v2.job.index_feed_generators: indexed repo=did:plc:7coinmwonniszksgvoy2x5ah part=584 records=1 next_cursor=set
2026-02-20T05:07:46Z INFO bsky_collector_v2.job.index_feed_generators: indexed repo=did:plc:abjazrkkjpuzup5wpqgr4j25 part=585 records=1 next_cursor=set
2026-02-20T05:07:46Z INFO bsky_collector_v2.job.index_feed_generators: indexed repo=did:plc:ae4jz2getfi5vnqwlgxiol5v part=586 records=1 next_cursor=set
2026-02-20T05:07:48Z INFO bsky_collector_v2.job.index_feed_generators: indexed repo=did:plc:bmm7oaefpmumgf2jbyrya4pf part=587 records=2 next_cursor=set
2026-02-20T05:08:10Z INFO bsky_collector_v2.job.index_feed_generators: indexed repo=did:plc:iwobdr7gxcw2ljr4fpz6sy24 part=588 records=1 next_cursor=set
2026-02-20T05:08:11Z INFO bsky_collector_v2.job.index_feed_generators: indexed repo=did:plc:k5oe6bvisgjitcu2igdgbxgw part=589 records=1 next_cursor=set
2026-02-20T05:08:15Z WARNING bsky_collector_v2.job.index_feed_generators: listRecords failed repo=did:plc:lngglgkbj3hmxaqvblypj45e err=HttpError('InvalidRequest: Could not find repo: did:plc:lngglgkbj3hmxaqvblypj45e')
2026-02-20T05:08:19Z INFO bsky_collector_v2.job.index_feed_generators: indexed repo=did:plc:msvmkkrzhladq3ggdrfmwblj part=590 records=3 next_cursor=set
2026-02-20T05:08:40Z INFO bsky_collector_v2.job.index_feed_generators: indexed repo=did:plc:t2zvv6qrge52zpnr26yr5vpm part=591 records=3 next_cursor=set
2026-02-20T05:08:50Z INFO bsky_collector_v2.job.index_feed_generators: indexed repo=did:plc:xg7xitw2rh2elz3domcjpydu part=592 records=3 next_cursor=set
2026-02-20T05:09:01Z WARNING bsky_collector_v2.job.index_feed_generators: listRecords failed repo=did:plc:5f34xab7ov72rqpepowq3uqw err=HttpError('InvalidRequest: Could not find repo: did:plc:5f34xab7ov72rqpepowq3uqw')
2026-02-20T05:09:02Z WARNING bsky_collector_v2.job.index_feed_generators: listRecords failed repo=did:plc:lngglgkbj3hmxaqvblypj45e err=HttpError('InvalidRequest: Could not find repo: did:plc:lngglgkbj3hmxaqvblypj45e')
2026-02-20T05:09:03Z WARNING bsky_collector_v2.job.index_feed_generators: listRecords failed repo=did:plc:5f34xab7ov72rqpepowq3uqw err=HttpError('InvalidRequest: Could not find repo: did:plc:5f34xab7ov72rqpepowq3uqw')
2026-02-20T05:09:03Z WARNING bsky_collector_v2.job.index_feed_generators: listRecords failed repo=did:plc:lngglgkbj3hmxaqvblypj45e err=HttpError('InvalidRequest: Could not find repo: did:plc:lngglgkbj3hmxaqvblypj45e')
2026-02-20T05:09:04Z INFO bsky_collector_v2.job.index_feed_generators: enqueued repos page=20 mode=listRepos inserted=500 repos_returned=500 next_cursor=set
2026-02-20T05:09:04Z WARNING bsky_collector_v2.job.index_feed_generators: listRecords failed repo=did:plc:26c3hfexfmavqhq7o23pnaoe err=HttpError('InvalidRequest: Could not find repo: did:plc:26c3hfexfmavqhq7o23pnaoe')
2026-02-20T05:09:17Z WARNING bsky_collector_v2.job.index_feed_generators: listRecords failed repo=did:plc:6nibvwk7qscp3o7jxmhl76pw err=HttpError('InvalidRequest: Could not find repo: did:plc:6nibvwk7qscp3o7jxmhl76pw')
2026-02-20T05:09:21Z WARNING bsky_collector_v2.job.index_feed_generators: listRecords failed repo=did:plc:7raaq4npuyo3tixhff2yfz4s err=HttpError('InvalidRequest: Could not find repo: did:plc:7raaq4npuyo3tixhff2yfz4s')
2026-02-20T05:09:24Z INFO bsky_collector_v2.job.index_feed_generators: indexed repo=did:plc:bahabbulejomm33m3je4n7is part=593 records=1 next_cursor=set
2026-02-20T05:09:25Z WARNING bsky_collector_v2.job.index_feed_generators: listRecords failed repo=did:plc:bqpo5tks2mcaegkfmehqh7hh err=HttpError('InvalidRequest: Could not find repo: did:plc:bqpo5tks2mcaegkfmehqh7hh')
2026-02-20T05:09:46Z INFO bsky_collector_v2.job.index_feed_generators: indexed repo=did:plc:fiojm4rbr6fcw7ynomy3aj4v part=594 records=1 next_cursor=set
2026-02-20T05:09:50Z INFO bsky_collector_v2.job.index_feed_generators: indexed repo=did:plc:fuhae4lxzd2p2ltd4kdcdg6n part=595 records=2 next_cursor=set
2026-02-20T05:09:56Z WARNING bsky_collector_v2.job.index_feed_generators: listRecords failed repo=did:plc:gukz7qky53755ku6kod4vl7u err=HttpError('InvalidRequest: Could not find repo: did:plc:gukz7qky53755ku6kod4vl7u')
2026-02-20T05:10:16Z WARNING bsky_collector_v2.job.index_feed_generators: listRecords failed repo=did:plc:mbwahs2wk3m4huculbulhjra err=HttpError('InvalidRequest: Could not find repo: did:plc:mbwahs2wk3m4huculbulhjra')
2026-02-20T05:10:16Z INFO bsky_collector_v2.job.index_feed_generators: indexed repo=did:plc:mcef53246lcusctc7276nwy7 part=596 records=1 next_cursor=set
2026-02-20T05:10:23Z INFO bsky_collector_v2.job.index_feed_generators: indexed repo=did:plc:p3dpvenbl7j6j5vj2r3ds2rv part=597 records=19 next_cursor=set
2026-02-20T05:10:27Z INFO bsky_collector_v2.job.index_feed_generators: indexed repo=did:plc:q7mv536u6eculibvhhvdriwx part=598 records=1 next_cursor=set
2026-02-20T05:10:35Z INFO bsky_collector_v2.job.index_feed_generators: indexed repo=did:plc:t4yzn4kjs3qh37qdrjtotn4v part=599 records=1 next_cursor=set
2026-02-20T05:10:50Z INFO bsky_collector_v2.job.index_feed_generators: indexed repo=did:plc:yrick3jazac7jxkn6mv2azbh part=600 records=1 next_cursor=set
2026-02-20T05:10:51Z INFO bsky_collector_v2.job.index_feed_generators: indexed repo=did:plc:yukb5jkq76bsmzbxbivmglph part=601 records=1 next_cursor=set
2026-02-20T05:10:54Z WARNING bsky_collector_v2.job.index_feed_generators: listRecords failed repo=did:plc:26c3hfexfmavqhq7o23pnaoe err=HttpError('InvalidRequest: Could not find repo: did:plc:26c3hfexfmavqhq7o23pnaoe')
2026-02-20T05:10:54Z WARNING bsky_collector_v2.job.index_feed_generators: listRecords failed repo=did:plc:6nibvwk7qscp3o7jxmhl76pw err=HttpError('InvalidRequest: Could not find repo: did:plc:6nibvwk7qscp3o7jxmhl76pw')
2026-02-20T05:10:54Z WARNING bsky_collector_v2.job.index_feed_generators: listRecords failed repo=did:plc:7raaq4npuyo3tixhff2yfz4s err=HttpError('InvalidRequest: Could not find repo: did:plc:7raaq4npuyo3tixhff2yfz4s')
2026-02-20T05:10:54Z WARNING bsky_collector_v2.job.index_feed_generators: listRecords failed repo=did:plc:bqpo5tks2mcaegkfmehqh7hh err=HttpError('InvalidRequest: Could not find repo: did:plc:bqpo5tks2mcaegkfmehqh7hh')
2026-02-20T05:10:55Z WARNING bsky_collector_v2.job.index_feed_generators: listRecords failed repo=did:plc:gukz7qky53755ku6kod4vl7u err=HttpError('InvalidRequest: Could not find repo: did:plc:gukz7qky53755ku6kod4vl7u')
2026-02-20T05:10:55Z WARNING bsky_collector_v2.job.index_feed_generators: listRecords failed repo=did:plc:mbwahs2wk3m4huculbulhjra err=HttpError('InvalidRequest: Could not find repo: did:plc:mbwahs2wk3m4huculbulhjra')
2026-02-20T05:10:55Z WARNING bsky_collector_v2.job.index_feed_generators: listRecords failed repo=did:plc:26c3hfexfmavqhq7o23pnaoe err=HttpError('InvalidRequest: Could not find repo: did:plc:26c3hfexfmavqhq7o23pnaoe')
2026-02-20T05:10:55Z WARNING bsky_collector_v2.job.index_feed_generators: listRecords failed repo=did:plc:6nibvwk7qscp3o7jxmhl76pw err=HttpError('InvalidRequest: Could not find repo: did:plc:6nibvwk7qscp3o7jxmhl76pw')
2026-02-20T05:10:55Z WARNING bsky_collector_v2.job.index_feed_generators: listRecords failed repo=did:plc:7raaq4npuyo3tixhff2yfz4s err=HttpError('InvalidRequest: Could not find repo: did:plc:7raaq4npuyo3tixhff2yfz4s')
2026-02-20T05:10:56Z WARNING bsky_collector_v2.job.index_feed_generators: listRecords failed repo=did:plc:bqpo5tks2mcaegkfmehqh7hh err=HttpError('InvalidRequest: Could not find repo: did:plc:bqpo5tks2mcaegkfmehqh7hh')
2026-02-20T05:10:56Z WARNING bsky_collector_v2.job.index_feed_generators: listRecords failed repo=did:plc:gukz7qky53755ku6kod4vl7u err=HttpError('InvalidRequest: Could not find repo: did:plc:gukz7qky53755ku6kod4vl7u')
2026-02-20T05:10:56Z WARNING bsky_collector_v2.job.index_feed_generators: listRecords failed repo=did:plc:mbwahs2wk3m4huculbulhjra err=HttpError('InvalidRequest: Could not find repo: did:plc:mbwahs2wk3m4huculbulhjra')
2026-02-20T05:10:56Z INFO bsky_collector_v2.job.index_feed_generators: enqueued repos page=21 mode=listRepos inserted=500 repos_returned=500 next_cursor=set
2026-02-20T05:11:07Z INFO bsky_collector_v2.job.index_feed_generators: indexed repo=did:plc:64kypkwygkewqbfyfdi2k4vy part=602 records=8 next_cursor=set
2026-02-20T05:11:16Z INFO bsky_collector_v2.job.index_feed_generators: indexed repo=did:plc:7jpsyr6ulrlpae7hkddwydz3 part=603 records=1 next_cursor=set
2026-02-20T05:11:40Z INFO bsky_collector_v2.job.index_feed_generators: indexed repo=did:plc:d5niskenpzlm3pr24ykvns6w part=604 records=1 next_cursor=set
2026-02-20T05:11:59Z WARNING bsky_collector_v2.job.index_feed_generators: listRecords failed repo=did:plc:kovy33dvsdao6vuvnhymlc5t err=HttpError('InvalidRequest: Could not find repo: did:plc:kovy33dvsdao6vuvnhymlc5t')
2026-02-20T05:12:15Z INFO bsky_collector_v2.job.index_feed_generators: indexed repo=did:plc:pidryos4ggn4kpr5ptlsowvr part=605 records=1 next_cursor=set
2026-02-20T05:12:46Z WARNING bsky_collector_v2.job.index_feed_generators: listRecords failed repo=did:plc:kovy33dvsdao6vuvnhymlc5t err=HttpError('InvalidRequest: Could not find repo: did:plc:kovy33dvsdao6vuvnhymlc5t')
2026-02-20T05:12:46Z WARNING bsky_collector_v2.job.index_feed_generators: listRecords failed repo=did:plc:kovy33dvsdao6vuvnhymlc5t err=HttpError('InvalidRequest: Could not find repo: did:plc:kovy33dvsdao6vuvnhymlc5t')
2026-02-20T05:12:47Z INFO bsky_collector_v2.job.index_feed_generators: enqueued repos page=22 mode=listRepos inserted=500 repos_returned=500 next_cursor=set
2026-02-20T05:12:51Z INFO bsky_collector_v2.job.index_feed_generators: indexed repo=did:plc:2unamqz3zsmrywfcob4n3jri part=606 records=2 next_cursor=set
2026-02-20T05:13:02Z INFO bsky_collector_v2.job.index_feed_generators: indexed repo=did:plc:6m23qwdo3mbixdj2pdiq5d4g part=607 records=2 next_cursor=set
2026-02-20T05:13:09Z WARNING bsky_collector_v2.job.index_feed_generators: listRecords failed repo=did:plc:b5pstifppfgzvqsagmfj3crn err=HttpError('InvalidRequest: Could not find repo: did:plc:b5pstifppfgzvqsagmfj3crn')
2026-02-20T05:13:24Z INFO bsky_collector_v2.job.index_feed_generators: indexed repo=did:plc:htuaykkdv3z7tpb7wc7bbfhx part=608 records=1 next_cursor=set
2026-02-20T05:13:37Z WARNING bsky_collector_v2.job.index_feed_generators: listRecords failed repo=did:plc:lpefcoxvqocwoq3mtjmikadg err=HttpError('InvalidRequest: Could not find repo: did:plc:lpefcoxvqocwoq3mtjmikadg')
2026-02-20T05:13:57Z INFO bsky_collector_v2.job.index_feed_generators: indexed repo=did:plc:rgu5kmooieopbehi4aqtr4ky part=609 records=1 next_cursor=set
2026-02-20T05:14:00Z INFO bsky_collector_v2.job.index_feed_generators: indexed repo=did:plc:scecatunzalkxxnfpg2y7cvo part=610 records=1 next_cursor=set
2026-02-20T05:14:12Z INFO bsky_collector_v2.job.index_feed_generators: indexed repo=did:plc:wkpdyrswt6owbr44lgqdyhig part=611 records=1 next_cursor=set
2026-02-20T05:14:26Z WARNING bsky_collector_v2.job.index_feed_generators: listRecords failed repo=did:plc:b5pstifppfgzvqsagmfj3crn err=HttpError('InvalidRequest: Could not find repo: did:plc:b5pstifppfgzvqsagmfj3crn')
2026-02-20T05:14:26Z WARNING bsky_collector_v2.job.index_feed_generators: listRecords failed repo=did:plc:lpefcoxvqocwoq3mtjmikadg err=HttpError('InvalidRequest: Could not find repo: did:plc:lpefcoxvqocwoq3mtjmikadg')
2026-02-20T05:14:26Z WARNING bsky_collector_v2.job.index_feed_generators: listRecords failed repo=did:plc:b5pstifppfgzvqsagmfj3crn err=HttpError('InvalidRequest: Could not find repo: did:plc:b5pstifppfgzvqsagmfj3crn')
2026-02-20T05:14:26Z WARNING bsky_collector_v2.job.index_feed_generators: listRecords failed repo=did:plc:lpefcoxvqocwoq3mtjmikadg err=HttpError('InvalidRequest: Could not find repo: did:plc:lpefcoxvqocwoq3mtjmikadg')
2026-02-20T05:14:27Z INFO bsky_collector_v2.job.index_feed_generators: enqueued repos page=23 mode=listRepos inserted=500 repos_returned=500 next_cursor=set
2026-02-20T05:14:56Z WARNING bsky_collector_v2.job.index_feed_generators: listRecords failed repo=did:plc:dp3epi2y7kyd2foeeu2qrw4b err=HttpError('InvalidRequest: Could not find repo: did:plc:dp3epi2y7kyd2foeeu2qrw4b')
2026-02-20T05:15:03Z WARNING bsky_collector_v2.job.index_feed_generators: listRecords failed repo=did:plc:goawj2gyxrlluluemjasvhop err=HttpError('InvalidRequest: Could not find repo: did:plc:goawj2gyxrlluluemjasvhop')
2026-02-20T05:15:09Z WARNING bsky_collector_v2.job.index_feed_generators: listRecords failed repo=did:plc:isfjhz2tivklknpdwvrurbij err=HttpError('InvalidRequest: Could not find repo: did:plc:isfjhz2tivklknpdwvrurbij')
2026-02-20T05:15:12Z WARNING bsky_collector_v2.job.index_feed_generators: listRecords failed repo=did:plc:k4ehtso3monj5eqypt3xjihv err=HttpError('InvalidRequest: Could not find repo: did:plc:k4ehtso3monj5eqypt3xjihv')
2026-02-20T05:15:33Z INFO bsky_collector_v2.job.index_feed_generators: indexed repo=did:plc:onj7bqx3vliaewx67joehq6m part=612 records=3 next_cursor=set
2026-02-20T05:16:09Z WARNING bsky_collector_v2.job.index_feed_generators: listRecords failed repo=did:plc:zorvhnou3uto2foyhbsgxi3u err=HttpError('InvalidRequest: Could not find repo: did:plc:zorvhnou3uto2foyhbsgxi3u')
2026-02-20T05:16:10Z WARNING bsky_collector_v2.job.index_feed_generators: listRecords failed repo=did:plc:dp3epi2y7kyd2foeeu2qrw4b err=HttpError('InvalidRequest: Could not find repo: did:plc:dp3epi2y7kyd2foeeu2qrw4b')
2026-02-20T05:16:10Z WARNING bsky_collector_v2.job.index_feed_generators: listRecords failed repo=did:plc:goawj2gyxrlluluemjasvhop err=HttpError('InvalidRequest: Could not find repo: did:plc:goawj2gyxrlluluemjasvhop')
2026-02-20T05:16:10Z WARNING bsky_collector_v2.job.index_feed_generators: listRecords failed repo=did:plc:isfjhz2tivklknpdwvrurbij err=HttpError('InvalidRequest: Could not find repo: did:plc:isfjhz2tivklknpdwvrurbij')
2026-02-20T05:16:10Z WARNING bsky_collector_v2.job.index_feed_generators: listRecords failed repo=did:plc:k4ehtso3monj5eqypt3xjihv err=HttpError('InvalidRequest: Could not find repo: did:plc:k4ehtso3monj5eqypt3xjihv')
2026-02-20T05:16:10Z WARNING bsky_collector_v2.job.index_feed_generators: listRecords failed repo=did:plc:zorvhnou3uto2foyhbsgxi3u err=HttpError('InvalidRequest: Could not find repo: did:plc:zorvhnou3uto2foyhbsgxi3u')
2026-02-20T05:16:10Z WARNING bsky_collector_v2.job.index_feed_generators: listRecords failed repo=did:plc:dp3epi2y7kyd2foeeu2qrw4b err=HttpError('InvalidRequest: Could not find repo: did:plc:dp3epi2y7kyd2foeeu2qrw4b')
2026-02-20T05:16:11Z WARNING bsky_collector_v2.job.index_feed_generators: listRecords failed repo=did:plc:goawj2gyxrlluluemjasvhop err=HttpError('InvalidRequest: Could not find repo: did:plc:goawj2gyxrlluluemjasvhop')
2026-02-20T05:16:11Z WARNING bsky_collector_v2.job.index_feed_generators: listRecords failed repo=did:plc:isfjhz2tivklknpdwvrurbij err=HttpError('InvalidRequest: Could not find repo: did:plc:isfjhz2tivklknpdwvrurbij')
2026-02-20T05:16:11Z WARNING bsky_collector_v2.job.index_feed_generators: listRecords failed repo=did:plc:k4ehtso3monj5eqypt3xjihv err=HttpError('InvalidRequest: Could not find repo: did:plc:k4ehtso3monj5eqypt3xjihv')
2026-02-20T05:16:11Z WARNING bsky_collector_v2.job.index_feed_generators: listRecords failed repo=did:plc:zorvhnou3uto2foyhbsgxi3u err=HttpError('InvalidRequest: Could not find repo: did:plc:zorvhnou3uto2foyhbsgxi3u')
2026-02-20T05:16:11Z INFO bsky_collector_v2.job.index_feed_generators: enqueued repos page=24 mode=listRepos inserted=500 repos_returned=500 next_cursor=set
2026-02-20T05:16:23Z WARNING bsky_collector_v2.job.index_feed_generators: listRecords failed repo=did:plc:6gi75mopflzsvd4nmfxn3aav err=HttpError('InvalidRequest: Could not find repo: did:plc:6gi75mopflzsvd4nmfxn3aav')
2026-02-20T05:17:08Z WARNING bsky_collector_v2.job.index_feed_generators: listRecords failed repo=did:plc:odrmhatppa62gie56n4obltg err=HttpError('InvalidRequest: Could not find repo: did:plc:odrmhatppa62gie56n4obltg')
2026-02-20T05:17:14Z INFO bsky_collector_v2.job.index_feed_generators: indexed repo=did:plc:qx5q5kw64cwxv6lguu5ixc5b part=613 records=2 next_cursor=set
2026-02-20T05:17:42Z WARNING bsky_collector_v2.job.index_feed_generators: listRecords failed repo=did:plc:6gi75mopflzsvd4nmfxn3aav err=HttpError('InvalidRequest: Could not find repo: did:plc:6gi75mopflzsvd4nmfxn3aav')
2026-02-20T05:17:42Z WARNING bsky_collector_v2.job.index_feed_generators: listRecords failed repo=did:plc:odrmhatppa62gie56n4obltg err=HttpError('InvalidRequest: Could not find repo: did:plc:odrmhatppa62gie56n4obltg')
2026-02-20T05:17:43Z WARNING bsky_collector_v2.job.index_feed_generators: listRecords failed repo=did:plc:6gi75mopflzsvd4nmfxn3aav err=HttpError('InvalidRequest: Could not find repo: did:plc:6gi75mopflzsvd4nmfxn3aav')
2026-02-20T05:17:43Z WARNING bsky_collector_v2.job.index_feed_generators: listRecords failed repo=did:plc:odrmhatppa62gie56n4obltg err=HttpError('InvalidRequest: Could not find repo: did:plc:odrmhatppa62gie56n4obltg')
2026-02-20T05:17:43Z INFO bsky_collector_v2.job.index_feed_generators: enqueued repos page=25 mode=listRepos inserted=500 repos_returned=500 next_cursor=set
2026-02-20T05:18:04Z INFO bsky_collector_v2.job.index_feed_generators: indexed repo=did:plc:ak2ljwhpuqbfnqfwrx75kw6h part=614 records=1 next_cursor=set
2026-02-20T05:18:20Z INFO bsky_collector_v2.job.index_feed_generators: indexed repo=did:plc:h5rl3cmcczoen6jdvxgcwqgq part=615 records=2 next_cursor=set
2026-02-20T05:18:44Z INFO bsky_collector_v2.job.index_feed_generators: indexed repo=did:plc:mfkwjrrznmhft6q3vojlcilj part=616 records=2 next_cursor=set
2026-02-20T05:18:59Z INFO bsky_collector_v2.job.index_feed_generators: indexed repo=did:plc:rk6dwyjozwliucccwgzrv5c7 part=617 records=5 next_cursor=set
2026-02-20T05:19:22Z INFO bsky_collector_v2.job.index_feed_generators: indexed repo=did:plc:yzqfliywcadqfvqm2ktdrgm2 part=618 records=1 next_cursor=set
2026-02-20T05:19:27Z INFO bsky_collector_v2.job.index_feed_generators: enqueued repos page=26 mode=listRepos inserted=500 repos_returned=500 next_cursor=set
2026-02-20T05:19:52Z INFO bsky_collector_v2.job.index_feed_generators: indexed repo=did:plc:ckmjdyuc4pswcwjneb3orzcy part=619 records=1 next_cursor=set
2026-02-20T05:20:11Z WARNING bsky_collector_v2.job.index_feed_generators: listRecords failed repo=did:plc:knyejblw4rteig6mlv6rsfqw err=HttpError('InvalidRequest: Could not find repo: did:plc:knyejblw4rteig6mlv6rsfqw')
2026-02-20T05:20:22Z INFO bsky_collector_v2.job.index_feed_generators: indexed repo=did:plc:o46if33ztajr2pffvzihxyzw part=620 records=1 next_cursor=set
2026-02-20T05:20:24Z INFO bsky_collector_v2.job.index_feed_generators: indexed repo=did:plc:ohww3leyh7akanhrjhdplpo2 part=621 records=2 next_cursor=set
2026-02-20T05:20:26Z WARNING bsky_collector_v2.job.index_feed_generators: listRecords failed repo=did:plc:pakedncjvc7k4iqzim2onqnh err=HttpError('InvalidRequest: Could not find repo: did:plc:pakedncjvc7k4iqzim2onqnh')
2026-02-20T05:20:27Z INFO bsky_collector_v2.job.index_feed_generators: indexed repo=did:plc:ppcc3bwtpnhf7prux4uf3w3s part=622 records=2 next_cursor=set
2026-02-20T05:20:53Z INFO bsky_collector_v2.job.index_feed_generators: indexed repo=did:plc:z36hcw7sb2crugkmtvjox6sa part=623 records=3 next_cursor=set
2026-02-20T05:20:55Z WARNING bsky_collector_v2.job.index_feed_generators: listRecords failed repo=did:plc:knyejblw4rteig6mlv6rsfqw err=HttpError('InvalidRequest: Could not find repo: did:plc:knyejblw4rteig6mlv6rsfqw')
2026-02-20T05:20:56Z WARNING bsky_collector_v2.job.index_feed_generators: listRecords failed repo=did:plc:pakedncjvc7k4iqzim2onqnh err=HttpError('InvalidRequest: Could not find repo: did:plc:pakedncjvc7k4iqzim2onqnh')
2026-02-20T05:20:56Z WARNING bsky_collector_v2.job.index_feed_generators: listRecords failed repo=did:plc:knyejblw4rteig6mlv6rsfqw err=HttpError('InvalidRequest: Could not find repo: did:plc:knyejblw4rteig6mlv6rsfqw')
2026-02-20T05:20:56Z WARNING bsky_collector_v2.job.index_feed_generators: listRecords failed repo=did:plc:pakedncjvc7k4iqzim2onqnh err=HttpError('InvalidRequest: Could not find repo: did:plc:pakedncjvc7k4iqzim2onqnh')
2026-02-20T05:20:57Z INFO bsky_collector_v2.job.index_feed_generators: enqueued repos page=27 mode=listRepos inserted=500 repos_returned=500 next_cursor=set
2026-02-20T05:21:08Z INFO bsky_collector_v2.job.index_feed_generators: indexed repo=did:plc:5jboj5vhfc2lvoqnw43elynu part=624 records=1 next_cursor=set
2026-02-20T05:21:25Z WARNING bsky_collector_v2.job.index_feed_generators: listRecords failed repo=did:plc:dmysamzrzoe2qoie7swvjxcd err=HttpError('InvalidRequest: Could not find repo: did:plc:dmysamzrzoe2qoie7swvjxcd')
2026-02-20T05:21:27Z INFO bsky_collector_v2.job.index_feed_generators: indexed repo=did:plc:e7cakxjucqz3wdtvzawmqglv part=625 records=1 next_cursor=set
2026-02-20T05:21:36Z INFO bsky_collector_v2.job.index_feed_generators: indexed repo=did:plc:hzbhgo4vn5euba5luzauurp6 part=626 records=1 next_cursor=set
2026-02-20T05:21:39Z WARNING bsky_collector_v2.job.index_feed_generators: listRecords failed repo=did:plc:irzufosxanmmxuhg6s3uafj6 err=HttpError('InvalidRequest: Could not find repo: did:plc:irzufosxanmmxuhg6s3uafj6')
2026-02-20T05:21:43Z INFO bsky_collector_v2.job.index_feed_generators: indexed repo=did:plc:kcaby7zil2wjktgamuaxhoci part=627 records=3 next_cursor=set
2026-02-20T05:21:53Z INFO bsky_collector_v2.job.index_feed_generators: indexed repo=did:plc:nyn7b3p6cju73n7hn2xdwolu part=628 records=2 next_cursor=set
2026-02-20T05:22:07Z INFO bsky_collector_v2.job.index_feed_generators: indexed repo=did:plc:sx5fobqa66gtxnf3n64s6vgv part=629 records=1 next_cursor=set
2026-02-20T05:22:17Z WARNING bsky_collector_v2.job.index_feed_generators: listRecords failed repo=did:plc:vyc4m3ggwlcc54cz4ld7a6ik err=HttpError('InvalidRequest: Could not find repo: did:plc:vyc4m3ggwlcc54cz4ld7a6ik')
2026-02-20T05:22:23Z WARNING bsky_collector_v2.job.index_feed_generators: listRecords failed repo=did:plc:wykiuv2tw45gbrimutpq7eym err=HttpError('InvalidRequest: Could not find repo: did:plc:wykiuv2tw45gbrimutpq7eym')
2026-02-20T05:22:26Z WARNING bsky_collector_v2.job.index_feed_generators: listRecords failed repo=did:plc:ydopfzxlhgousyjbqearwjrv err=HttpError('InvalidRequest: Could not find repo: did:plc:ydopfzxlhgousyjbqearwjrv')
2026-02-20T05:22:30Z WARNING bsky_collector_v2.job.index_feed_generators: listRecords failed repo=did:plc:dmysamzrzoe2qoie7swvjxcd err=HttpError('InvalidRequest: Could not find repo: did:plc:dmysamzrzoe2qoie7swvjxcd')
2026-02-20T05:22:31Z WARNING bsky_collector_v2.job.index_feed_generators: listRecords failed repo=did:plc:irzufosxanmmxuhg6s3uafj6 err=HttpError('InvalidRequest: Could not find repo: did:plc:irzufosxanmmxuhg6s3uafj6')
2026-02-20T05:22:32Z WARNING bsky_collector_v2.job.index_feed_generators: listRecords failed repo=did:plc:vyc4m3ggwlcc54cz4ld7a6ik err=HttpError('InvalidRequest: Could not find repo: did:plc:vyc4m3ggwlcc54cz4ld7a6ik')
2026-02-20T05:22:32Z WARNING bsky_collector_v2.job.index_feed_generators: listRecords failed repo=did:plc:wykiuv2tw45gbrimutpq7eym err=HttpError('InvalidRequest: Could not find repo: did:plc:wykiuv2tw45gbrimutpq7eym')
2026-02-20T05:22:32Z WARNING bsky_collector_v2.job.index_feed_generators: listRecords failed repo=did:plc:ydopfzxlhgousyjbqearwjrv err=HttpError('InvalidRequest: Could not find repo: did:plc:ydopfzxlhgousyjbqearwjrv')
2026-02-20T05:22:32Z WARNING bsky_collector_v2.job.index_feed_generators: listRecords failed repo=did:plc:dmysamzrzoe2qoie7swvjxcd err=HttpError('InvalidRequest: Could not find repo: did:plc:dmysamzrzoe2qoie7swvjxcd')
2026-02-20T05:22:32Z WARNING bsky_collector_v2.job.index_feed_generators: listRecords failed repo=did:plc:irzufosxanmmxuhg6s3uafj6 err=HttpError('InvalidRequest: Could not find repo: did:plc:irzufosxanmmxuhg6s3uafj6')
2026-02-20T05:22:32Z WARNING bsky_collector_v2.job.index_feed_generators: listRecords failed repo=did:plc:vyc4m3ggwlcc54cz4ld7a6ik err=HttpError('InvalidRequest: Could not find repo: did:plc:vyc4m3ggwlcc54cz4ld7a6ik')
2026-02-20T05:22:32Z WARNING bsky_collector_v2.job.index_feed_generators: listRecords failed repo=did:plc:wykiuv2tw45gbrimutpq7eym err=HttpError('InvalidRequest: Could not find repo: did:plc:wykiuv2tw45gbrimutpq7eym')
2026-02-20T05:22:32Z WARNING bsky_collector_v2.job.index_feed_generators: listRecords failed repo=did:plc:ydopfzxlhgousyjbqearwjrv err=HttpError('InvalidRequest: Could not find repo: did:plc:ydopfzxlhgousyjbqearwjrv')
2026-02-20T05:22:33Z INFO bsky_collector_v2.job.index_feed_generators: enqueued repos page=28 mode=listRepos inserted=500 repos_returned=500 next_cursor=set
2026-02-20T05:22:39Z INFO bsky_collector_v2.job.index_feed_generators: indexed repo=did:plc:47utwzhavuouorwfvxmxdd4y part=630 records=1 next_cursor=set
2026-02-20T05:22:41Z INFO bsky_collector_v2.job.index_feed_generators: indexed repo=did:plc:4zhwu5e7w3oiksemxz2dv25r part=631 records=2 next_cursor=set
2026-02-20T05:23:20Z WARNING bsky_collector_v2.job.index_feed_generators: listRecords failed repo=did:plc:jz4h5jq5ksajcp5ysqp6id5z err=HttpError('InvalidRequest: Could not find repo: did:plc:jz4h5jq5ksajcp5ysqp6id5z')
2026-02-20T05:24:11Z WARNING bsky_collector_v2.job.index_feed_generators: listRecords failed repo=did:plc:ye7foa5yhp5iiwyj6frmffxn err=HttpError('InvalidRequest: Could not find repo: did:plc:ye7foa5yhp5iiwyj6frmffxn')
2026-02-20T05:24:15Z INFO bsky_collector_v2.job.index_feed_generators: indexed repo=did:plc:znqais6dy6dyvzv34rug3u4z part=632 records=2 next_cursor=set
2026-02-20T05:24:16Z WARNING bsky_collector_v2.job.index_feed_generators: listRecords failed repo=did:plc:jz4h5jq5ksajcp5ysqp6id5z err=HttpError('InvalidRequest: Could not find repo: did:plc:jz4h5jq5ksajcp5ysqp6id5z')
2026-02-20T05:24:16Z WARNING bsky_collector_v2.job.index_feed_generators: listRecords failed repo=did:plc:ye7foa5yhp5iiwyj6frmffxn err=HttpError('InvalidRequest: Could not find repo: did:plc:ye7foa5yhp5iiwyj6frmffxn')
2026-02-20T05:24:16Z WARNING bsky_collector_v2.job.index_feed_generators: listRecords failed repo=did:plc:jz4h5jq5ksajcp5ysqp6id5z err=HttpError('InvalidRequest: Could not find repo: did:plc:jz4h5jq5ksajcp5ysqp6id5z')
2026-02-20T05:24:16Z WARNING bsky_collector_v2.job.index_feed_generators: listRecords failed repo=did:plc:ye7foa5yhp5iiwyj6frmffxn err=HttpError('InvalidRequest: Could not find repo: did:plc:ye7foa5yhp5iiwyj6frmffxn')
2026-02-20T05:24:17Z INFO bsky_collector_v2.job.index_feed_generators: enqueued repos page=29 mode=listRepos inserted=500 repos_returned=500 next_cursor=set
2026-02-20T05:24:17Z INFO bsky_collector_v2.job.index_feed_generators: indexed repo=did:plc:2fd7mxf63aci7yakro6osllb part=633 records=1 next_cursor=set
2026-02-20T05:24:20Z INFO bsky_collector_v2.job.index_feed_generators: indexed repo=did:plc:3bykj2yq5fw5e2k6czqlybg4 part=634 records=1 next_cursor=set
2026-02-20T05:24:34Z INFO bsky_collector_v2.job.index_feed_generators: indexed repo=did:plc:ak65mlmu2ira7mat6t5viovt part=635 records=2 next_cursor=set
2026-02-20T05:25:01Z WARNING bsky_collector_v2.job.index_feed_generators: listRecords failed repo=did:plc:ksli6a6zd7glhiytp34hnyd7 err=HttpError('InvalidRequest: Could not find repo: did:plc:ksli6a6zd7glhiytp34hnyd7')
2026-02-20T05:25:02Z INFO bsky_collector_v2.job.index_feed_generators: indexed repo=did:plc:ldaq5aj434gphq6t5kbgsbz3 part=636 records=10 next_cursor=set
2026-02-20T05:25:16Z INFO bsky_collector_v2.job.index_feed_generators: indexed repo=did:plc:q24olizdo2jyy2adtk3kkjg5 part=637 records=1 next_cursor=set
2026-02-20T05:25:26Z INFO bsky_collector_v2.job.index_feed_generators: indexed repo=did:plc:tksdynqw7brrpgauhfl4gcbw part=638 records=1 next_cursor=set
2026-02-20T05:25:29Z INFO bsky_collector_v2.job.index_feed_generators: indexed repo=did:plc:uqz5oiwka2l3jch6ifpqq5ba part=639 records=4 next_cursor=set
2026-02-20T05:25:44Z WARNING bsky_collector_v2.job.index_feed_generators: listRecords failed repo=did:plc:ksli6a6zd7glhiytp34hnyd7 err=HttpError('InvalidRequest: Could not find repo: did:plc:ksli6a6zd7glhiytp34hnyd7')
2026-02-20T05:25:45Z WARNING bsky_collector_v2.job.index_feed_generators: listRecords failed repo=did:plc:ksli6a6zd7glhiytp34hnyd7 err=HttpError('InvalidRequest: Could not find repo: did:plc:ksli6a6zd7glhiytp34hnyd7')
2026-02-20T05:25:46Z INFO bsky_collector_v2.job.index_feed_generators: enqueued repos page=30 mode=listRepos inserted=500 repos_returned=500 next_cursor=set
2026-02-20T05:25:46Z INFO bsky_collector_v2.job.index_feed_generators: indexed repo=did:plc:27lzucj7t4kybx3ir3oqpuwr part=640 records=1 next_cursor=set
2026-02-20T05:25:57Z WARNING bsky_collector_v2.job.index_feed_generators: listRecords failed repo=did:plc:54fqbtw5bxbtbicb24vkhhkv err=HttpError('InvalidRequest: Could not find repo: did:plc:54fqbtw5bxbtbicb24vkhhkv')
2026-02-20T05:26:09Z WARNING bsky_collector_v2.job.index_feed_generators: listRecords failed repo=did:plc:bgpwj2mjff56mckgl6vjsywf err=HttpError('InvalidRequest: Could not find repo: did:plc:bgpwj2mjff56mckgl6vjsywf')
2026-02-20T05:26:29Z INFO bsky_collector_v2.job.index_feed_generators: indexed repo=did:plc:j7u26dbetyqxuwghrvjmw53x part=641 records=2 next_cursor=set
2026-02-20T05:26:31Z INFO bsky_collector_v2.job.index_feed_generators: indexed repo=did:plc:juu67fq6kdssadl7o3swmd53 part=642 records=2 next_cursor=set
2026-02-20T05:27:23Z WARNING bsky_collector_v2.job.index_feed_generators: listRecords failed repo=did:plc:y2r7o2n2oyp3bfylgc3yu2rx err=HttpError('InvalidRequest: Could not find repo: did:plc:y2r7o2n2oyp3bfylgc3yu2rx')
2026-02-20T05:27:24Z INFO bsky_collector_v2.job.index_feed_generators: indexed repo=did:plc:y7z25rglx2k56ww6ynhpz7uj part=643 records=1 next_cursor=set
2026-02-20T05:27:29Z INFO bsky_collector_v2.job.index_feed_generators: indexed repo=did:plc:z4ck6q7btq44hgpdsc3hnusv part=644 records=4 next_cursor=set
2026-02-20T05:27:33Z WARNING bsky_collector_v2.job.index_feed_generators: listRecords failed repo=did:plc:54fqbtw5bxbtbicb24vkhhkv err=HttpError('InvalidRequest: Could not find repo: did:plc:54fqbtw5bxbtbicb24vkhhkv')
2026-02-20T05:27:33Z WARNING bsky_collector_v2.job.index_feed_generators: listRecords failed repo=did:plc:bgpwj2mjff56mckgl6vjsywf err=HttpError('InvalidRequest: Could not find repo: did:plc:bgpwj2mjff56mckgl6vjsywf')
2026-02-20T05:27:33Z WARNING bsky_collector_v2.job.index_feed_generators: listRecords failed repo=did:plc:y2r7o2n2oyp3bfylgc3yu2rx err=HttpError('InvalidRequest: Could not find repo: did:plc:y2r7o2n2oyp3bfylgc3yu2rx')
2026-02-20T05:27:33Z WARNING bsky_collector_v2.job.index_feed_generators: listRecords failed repo=did:plc:54fqbtw5bxbtbicb24vkhhkv err=HttpError('InvalidRequest: Could not find repo: did:plc:54fqbtw5bxbtbicb24vkhhkv')
2026-02-20T05:27:34Z WARNING bsky_collector_v2.job.index_feed_generators: listRecords failed repo=did:plc:bgpwj2mjff56mckgl6vjsywf err=HttpError('InvalidRequest: Could not find repo: did:plc:bgpwj2mjff56mckgl6vjsywf')
2026-02-20T05:27:34Z WARNING bsky_collector_v2.job.index_feed_generators: listRecords failed repo=did:plc:y2r7o2n2oyp3bfylgc3yu2rx err=HttpError('InvalidRequest: Could not find repo: did:plc:y2r7o2n2oyp3bfylgc3yu2rx')
2026-02-20T05:27:34Z INFO bsky_collector_v2.job.index_feed_generators: enqueued repos page=31 mode=listRepos inserted=500 repos_returned=500 next_cursor=set
2026-02-20T05:27:48Z WARNING bsky_collector_v2.job.index_feed_generators: listRecords failed repo=did:plc:7gcwtvgfphdrou2twau54jjw err=HttpError('InvalidRequest: Could not find repo: did:plc:7gcwtvgfphdrou2twau54jjw')
2026-02-20T05:28:03Z INFO bsky_collector_v2.job.index_feed_generators: indexed repo=did:plc:dteu62ilnatkaylmhn3wf7jr part=645 records=1 next_cursor=set
2026-02-20T05:28:27Z WARNING bsky_collector_v2.job.index_feed_generators: listRecords failed repo=did:plc:lhm5kvtcge3rcltsvmykso3i err=HttpError('InvalidRequest: Could not find repo: did:plc:lhm5kvtcge3rcltsvmykso3i')
2026-02-20T05:28:28Z WARNING bsky_collector_v2.job.index_feed_generators: listRecords failed repo=did:plc:lvri76s23vgrnht7im7uymlr err=HttpError('InvalidRequest: Could not find repo: did:plc:lvri76s23vgrnht7im7uymlr')
2026-02-20T05:28:37Z WARNING bsky_collector_v2.job.index_feed_generators: listRecords failed repo=did:plc:ojbshcmco5aulfklsncc2kew err=HttpError('InvalidRequest: Could not find repo: did:plc:ojbshcmco5aulfklsncc2kew')
2026-02-20T05:28:47Z INFO bsky_collector_v2.job.index_feed_generators: indexed repo=did:plc:sjw6tkrdn7ggubu2432slhph part=646 records=2 next_cursor=set
2026-02-20T05:28:50Z INFO bsky_collector_v2.job.index_feed_generators: indexed repo=did:plc:tdbs7ym32dslbk7ho6r46nsl part=647 records=2 next_cursor=set
2026-02-20T05:29:09Z WARNING bsky_collector_v2.job.index_feed_generators: listRecords failed repo=did:plc:7gcwtvgfphdrou2twau54jjw err=HttpError('InvalidRequest: Could not find repo: did:plc:7gcwtvgfphdrou2twau54jjw')
2026-02-20T05:29:09Z WARNING bsky_collector_v2.job.index_feed_generators: listRecords failed repo=did:plc:lhm5kvtcge3rcltsvmykso3i err=HttpError('InvalidRequest: Could not find repo: did:plc:lhm5kvtcge3rcltsvmykso3i')
2026-02-20T05:29:09Z WARNING bsky_collector_v2.job.index_feed_generators: listRecords failed repo=did:plc:lvri76s23vgrnht7im7uymlr err=HttpError('InvalidRequest: Could not find repo: did:plc:lvri76s23vgrnht7im7uymlr')
2026-02-20T05:29:09Z WARNING bsky_collector_v2.job.index_feed_generators: listRecords failed repo=did:plc:ojbshcmco5aulfklsncc2kew err=HttpError('InvalidRequest: Could not find repo: did:plc:ojbshcmco5aulfklsncc2kew')
2026-02-20T05:29:09Z WARNING bsky_collector_v2.job.index_feed_generators: listRecords failed repo=did:plc:7gcwtvgfphdrou2twau54jjw err=HttpError('InvalidRequest: Could not find repo: did:plc:7gcwtvgfphdrou2twau54jjw')
2026-02-20T05:29:09Z WARNING bsky_collector_v2.job.index_feed_generators: listRecords failed repo=did:plc:lhm5kvtcge3rcltsvmykso3i err=HttpError('InvalidRequest: Could not find repo: did:plc:lhm5kvtcge3rcltsvmykso3i')
2026-02-20T05:29:09Z WARNING bsky_collector_v2.job.index_feed_generators: listRecords failed repo=did:plc:lvri76s23vgrnht7im7uymlr err=HttpError('InvalidRequest: Could not find repo: did:plc:lvri76s23vgrnht7im7uymlr')
2026-02-20T05:29:09Z WARNING bsky_collector_v2.job.index_feed_generators: listRecords failed repo=did:plc:ojbshcmco5aulfklsncc2kew err=HttpError('InvalidRequest: Could not find repo: did:plc:ojbshcmco5aulfklsncc2kew')
2026-02-20T05:29:10Z INFO bsky_collector_v2.job.index_feed_generators: enqueued repos page=32 mode=listRepos inserted=500 repos_returned=500 next_cursor=set
2026-02-20T05:29:37Z INFO bsky_collector_v2.job.index_feed_generators: indexed repo=did:plc:difjsauz26vnv7c5woktj4ju part=648 records=2 next_cursor=set
2026-02-20T05:30:07Z INFO bsky_collector_v2.job.index_feed_generators: indexed repo=did:plc:nrc3det6blghcfxnksxg44dc part=649 records=2 next_cursor=set
2026-02-20T05:30:22Z WARNING bsky_collector_v2.job.index_feed_generators: listRecords failed repo=did:plc:ubmnsj4e7s7rsk2lb6idpf2m err=HttpError('InvalidRequest: Could not find repo: did:plc:ubmnsj4e7s7rsk2lb6idpf2m')
2026-02-20T05:30:29Z WARNING bsky_collector_v2.job.index_feed_generators: listRecords failed repo=did:plc:xczpyvq4vgm2k4lii5ph3zjj err=HttpError('InvalidRequest: Could not find repo: did:plc:xczpyvq4vgm2k4lii5ph3zjj')
2026-02-20T05:30:39Z WARNING bsky_collector_v2.job.index_feed_generators: listRecords failed repo=did:plc:ubmnsj4e7s7rsk2lb6idpf2m err=HttpError('InvalidRequest: Could not find repo: did:plc:ubmnsj4e7s7rsk2lb6idpf2m')
2026-02-20T05:30:40Z WARNING bsky_collector_v2.job.index_feed_generators: listRecords failed repo=did:plc:xczpyvq4vgm2k4lii5ph3zjj err=HttpError('InvalidRequest: Could not find repo: did:plc:xczpyvq4vgm2k4lii5ph3zjj')
2026-02-20T05:30:40Z WARNING bsky_collector_v2.job.index_feed_generators: listRecords failed repo=did:plc:ubmnsj4e7s7rsk2lb6idpf2m err=HttpError('InvalidRequest: Could not find repo: did:plc:ubmnsj4e7s7rsk2lb6idpf2m')
2026-02-20T05:30:40Z WARNING bsky_collector_v2.job.index_feed_generators: listRecords failed repo=did:plc:xczpyvq4vgm2k4lii5ph3zjj err=HttpError('InvalidRequest: Could not find repo: did:plc:xczpyvq4vgm2k4lii5ph3zjj')
2026-02-20T05:30:40Z INFO bsky_collector_v2.job.index_feed_generators: enqueued repos page=33 mode=listRepos inserted=500 repos_returned=500 next_cursor=set
2026-02-20T05:30:41Z WARNING bsky_collector_v2.job.index_feed_generators: listRecords failed repo=did:plc:247hadhoqucto75g7fq3dkfc err=HttpError('InvalidRequest: Could not find repo: did:plc:247hadhoqucto75g7fq3dkfc')
2026-02-20T05:30:56Z INFO bsky_collector_v2.job.index_feed_generators: indexed repo=did:plc:7bkjuf7v4mngyyuokz3uwnzf part=650 records=1 next_cursor=set
2026-02-20T05:31:06Z WARNING bsky_collector_v2.job.index_feed_generators: listRecords failed repo=did:plc:cayy2fkihmt4clotp4mx7mxw err=HttpError('InvalidRequest: Could not find repo: did:plc:cayy2fkihmt4clotp4mx7mxw')
2026-02-20T05:31:10Z INFO bsky_collector_v2.job.index_feed_generators: indexed repo=did:plc:dj5invrzpyxmocumcfupl3bj part=651 records=2 next_cursor=set
2026-02-20T05:31:18Z INFO bsky_collector_v2.job.index_feed_generators: indexed repo=did:plc:fzlysuvzlnvo4zkv3tmswztj part=652 records=2 next_cursor=set
2026-02-20T05:31:21Z INFO bsky_collector_v2.job.index_feed_generators: indexed repo=did:plc:gvez5atjwt3frrdz6rwmap6a part=653 records=1 next_cursor=set
2026-02-20T05:31:54Z INFO bsky_collector_v2.job.index_feed_generators: indexed repo=did:plc:shh3lc4nlxncnhelwz2xylni part=654 records=1 next_cursor=set
