2026-02-24T07:11:46Z INFO bsky_collector_v2: out_base ok path=D:\BlueSky\data_v2_full mount=D:\
2026-02-24T07:11:46Z INFO bsky_collector_v2: job start subcommand=index-feed-generators dry_run=False resume=True
2026-02-24T07:11:46Z INFO bsky_collector_v2.job.index_feed_generators: feed generator index hosts relay_host=https://bsky.network records_host=https://bsky.social auth=yes
2026-02-24T07:11:49Z INFO bsky_collector_v2.job.index_feed_generators: indexed repo=did:plc:axtgpoiwa2otppjyumpcyoto part=427 records=2 next_cursor=set
2026-02-24T07:13:18Z WARNING bsky_collector_v2.job.index_feed_generators: listRecords failed repo=did:plc:wx4xa2qrglaxi54rptkdupgg err=HttpError('InvalidRequest: Could not find repo: did:plc:wx4xa2qrglaxi54rptkdupgg')
2026-02-24T07:13:33Z WARNING bsky_collector_v2.job.index_feed_generators: listRecords failed repo=did:plc:wx4xa2qrglaxi54rptkdupgg err=HttpError('InvalidRequest: Could not find repo: did:plc:wx4xa2qrglaxi54rptkdupgg')
2026-02-24T07:13:33Z WARNING bsky_collector_v2.job.index_feed_generators: listRecords failed repo=did:plc:wx4xa2qrglaxi54rptkdupgg err=HttpError('InvalidRequest: Could not find repo: did:plc:wx4xa2qrglaxi54rptkdupgg')
2026-02-24T07:13:34Z INFO bsky_collector_v2.job.index_feed_generators: enqueued repos page=1 mode=listRepos inserted=500 repos_returned=500 next_cursor=set
2026-02-24T07:13:50Z INFO bsky_collector_v2.job.index_feed_generators: indexed repo=did:plc:7cjdza64w3jxyenrhyjimt7x part=428 records=1 next_cursor=set
2026-02-24T07:13:54Z WARNING bsky_collector_v2.job.index_feed_generators: listRecords failed repo=did:plc:aediray7gfvrrtnmru6qi3pk err=HttpError('InvalidRequest: Could not find repo: did:plc:aediray7gfvrrtnmru6qi3pk')
2026-02-24T07:14:30Z INFO bsky_collector_v2.job.index_feed_generators: indexed repo=did:plc:jqgxr43tt4u7vecnyfzzzkk6 part=429 records=2 next_cursor=set
2026-02-24T07:16:16Z WARNING bsky_collector_v2.job.index_feed_generators: listRecords failed repo=did:plc:aediray7gfvrrtnmru6qi3pk err=HttpError('InvalidRequest: Could not find repo: did:plc:aediray7gfvrrtnmru6qi3pk')
2026-02-24T07:16:17Z WARNING bsky_collector_v2.job.index_feed_generators: listRecords failed repo=did:plc:aediray7gfvrrtnmru6qi3pk err=HttpError('InvalidRequest: Could not find repo: did:plc:aediray7gfvrrtnmru6qi3pk')
2026-02-24T07:16:17Z INFO bsky_collector_v2.job.index_feed_generators: enqueued repos page=2 mode=listRepos inserted=500 repos_returned=500 next_cursor=set
2026-02-24T07:16:18Z WARNING bsky_collector_v2.job.index_feed_generators: listRecords failed repo=did:plc:25gdhx47uei2ilqosnop6gw4 err=HttpError('InvalidRequest: Could not find repo: did:plc:25gdhx47uei2ilqosnop6gw4')
2026-02-24T07:16:23Z WARNING bsky_collector_v2.job.index_feed_generators: listRecords failed repo=did:plc:36rwne5ohbpfmtz2n2c255q2 err=HttpError('InvalidRequest: Could not find repo: did:plc:36rwne5ohbpfmtz2n2c255q2')
2026-02-24T07:16:32Z INFO bsky_collector_v2.job.index_feed_generators: indexed repo=did:plc:6b7voxinigy5lhyuwuaamf4i part=430 records=1 next_cursor=set
2026-02-24T07:17:59Z INFO bsky_collector_v2.job.index_feed_generators: indexed repo=did:plc:ri3kaghaspmwj6bmwntgyvms part=431 records=2 next_cursor=set
2026-02-24T07:18:36Z WARNING bsky_collector_v2.job.index_feed_generators: listRecords failed repo=did:plc:25gdhx47uei2ilqosnop6gw4 err=HttpError('InvalidRequest: Could not find repo: did:plc:25gdhx47uei2ilqosnop6gw4')
2026-02-24T07:18:36Z WARNING bsky_collector_v2.job.index_feed_generators: listRecords failed repo=did:plc:36rwne5ohbpfmtz2n2c255q2 err=HttpError('InvalidRequest: Could not find repo: did:plc:36rwne5ohbpfmtz2n2c255q2')
2026-02-24T07:18:37Z WARNING bsky_collector_v2.job.index_feed_generators: listRecords failed repo=did:plc:25gdhx47uei2ilqosnop6gw4 err=HttpError('InvalidRequest: Could not find repo: did:plc:25gdhx47uei2ilqosnop6gw4')
2026-02-24T07:18:37Z WARNING bsky_collector_v2.job.index_feed_generators: listRecords failed repo=did:plc:36rwne5ohbpfmtz2n2c255q2 err=HttpError('InvalidRequest: Could not find repo: did:plc:36rwne5ohbpfmtz2n2c255q2')
2026-02-24T07:18:37Z INFO bsky_collector_v2.job.index_feed_generators: enqueued repos page=3 mode=listRepos inserted=500 repos_returned=500 next_cursor=set
2026-02-24T07:19:02Z INFO bsky_collector_v2.job.index_feed_generators: indexed repo=did:plc:3qo2hiy3ds4cgfh3rcwke5ay part=432 records=4 next_cursor=set
2026-02-24T07:19:08Z WARNING bsky_collector_v2.job.index_feed_generators: listRecords failed repo=did:plc:5us4uk3r4btzwnsfqse5q6hw err=HttpError('InvalidRequest: Could not find repo: did:plc:5us4uk3r4btzwnsfqse5q6hw')
2026-02-24T07:20:35Z INFO bsky_collector_v2.job.index_feed_generators: indexed repo=did:plc:uutns5eblf7l3yindeexitlr part=433 records=1 next_cursor=set
2026-02-24T07:20:36Z INFO bsky_collector_v2.job.index_feed_generators: indexed repo=did:plc:va7xsp7w63sn3qbym6dixlnl part=434 records=1 next_cursor=set
2026-02-24T07:20:53Z WARNING bsky_collector_v2.job.index_feed_generators: listRecords failed repo=did:plc:5us4uk3r4btzwnsfqse5q6hw err=HttpError('InvalidRequest: Could not find repo: did:plc:5us4uk3r4btzwnsfqse5q6hw')
2026-02-24T07:20:54Z WARNING bsky_collector_v2.job.index_feed_generators: listRecords failed repo=did:plc:5us4uk3r4btzwnsfqse5q6hw err=HttpError('InvalidRequest: Could not find repo: did:plc:5us4uk3r4btzwnsfqse5q6hw')
2026-02-24T07:20:55Z INFO bsky_collector_v2.job.index_feed_generators: enqueued repos page=4 mode=listRepos inserted=500 repos_returned=500 next_cursor=set
2026-02-24T07:21:05Z WARNING bsky_collector_v2.job.index_feed_generators: listRecords failed repo=did:plc:3zuqjfmoaylvsfgbrbquodms err=HttpError('InvalidRequest: Could not find repo: did:plc:3zuqjfmoaylvsfgbrbquodms')
2026-02-24T07:21:19Z INFO bsky_collector_v2.job.index_feed_generators: indexed repo=did:plc:afvveamb7s2ieneyltfmcx3z part=435 records=1 next_cursor=set
2026-02-24T07:21:27Z INFO bsky_collector_v2.job.index_feed_generators: indexed repo=did:plc:d4dljwiu3jyybjb2tno4qywj part=436 records=2 next_cursor=set
2026-02-24T07:21:40Z INFO bsky_collector_v2.job.index_feed_generators: indexed repo=did:plc:gxchvsog6oci7kqrreuhofwa part=437 records=1 next_cursor=set
2026-02-24T07:21:41Z WARNING bsky_collector_v2.job.index_feed_generators: listRecords failed repo=did:plc:hphoddcymh4en66wlc2ykmkr err=HttpError('InvalidRequest: Could not find repo: did:plc:hphoddcymh4en66wlc2ykmkr')
2026-02-24T07:22:59Z INFO bsky_collector_v2.job.index_feed_generators: indexed repo=did:plc:y4ywcrpnb66yowoef45rh4dp part=438 records=1 next_cursor=set
2026-02-24T07:23:13Z WARNING bsky_collector_v2.job.index_feed_generators: listRecords failed repo=did:plc:3zuqjfmoaylvsfgbrbquodms err=HttpError('InvalidRequest: Could not find repo: did:plc:3zuqjfmoaylvsfgbrbquodms')
2026-02-24T07:23:14Z WARNING bsky_collector_v2.job.index_feed_generators: listRecords failed repo=did:plc:hphoddcymh4en66wlc2ykmkr err=HttpError('InvalidRequest: Could not find repo: did:plc:hphoddcymh4en66wlc2ykmkr')
2026-02-24T07:23:15Z WARNING bsky_collector_v2.job.index_feed_generators: listRecords failed repo=did:plc:3zuqjfmoaylvsfgbrbquodms err=HttpError('InvalidRequest: Could not find repo: did:plc:3zuqjfmoaylvsfgbrbquodms')
2026-02-24T07:23:15Z WARNING bsky_collector_v2.job.index_feed_generators: listRecords failed repo=did:plc:hphoddcymh4en66wlc2ykmkr err=HttpError('InvalidRequest: Could not find repo: did:plc:hphoddcymh4en66wlc2ykmkr')
2026-02-24T07:23:16Z INFO bsky_collector_v2.job.index_feed_generators: enqueued repos page=5 mode=listRepos inserted=500 repos_returned=500 next_cursor=set
2026-02-24T07:23:56Z INFO bsky_collector_v2.job.index_feed_generators: indexed repo=did:plc:d7j4xp7cjsrg4uwg26f6hmuh part=439 records=1 next_cursor=set
2026-02-24T07:25:14Z INFO bsky_collector_v2.job.index_feed_generators: indexed repo=did:plc:ucvoqsu3mnaoiybaqnimbjh4 part=440 records=2 next_cursor=set
2026-02-24T07:25:23Z WARNING bsky_collector_v2.job.index_feed_generators: listRecords failed repo=did:plc:xuc5iylyvwye35d7poi6ujbn err=HttpError('InvalidRequest: Could not find repo: did:plc:xuc5iylyvwye35d7poi6ujbn')
2026-02-24T07:25:46Z WARNING bsky_collector_v2.job.index_feed_generators: listRecords failed repo=did:plc:zu775bkxenfn3wkjncppfjby err=HttpError('NotEnoughResources: NotEnoughResources')
2026-02-24T07:25:49Z WARNING bsky_collector_v2.job.index_feed_generators: listRecords failed repo=did:plc:xuc5iylyvwye35d7poi6ujbn err=HttpError('InvalidRequest: Could not find repo: did:plc:xuc5iylyvwye35d7poi6ujbn')
2026-02-24T07:25:50Z WARNING bsky_collector_v2.job.index_feed_generators: listRecords failed repo=did:plc:xuc5iylyvwye35d7poi6ujbn err=HttpError('InvalidRequest: Could not find repo: did:plc:xuc5iylyvwye35d7poi6ujbn')
2026-02-24T07:25:51Z INFO bsky_collector_v2.job.index_feed_generators: enqueued repos page=6 mode=listRepos inserted=500 repos_returned=500 next_cursor=set
2026-02-24T07:31:18Z INFO bsky_collector_v2.job.index_feed_generators: enqueued repos page=7 mode=listRepos inserted=500 repos_returned=500 next_cursor=set
2026-02-24T07:32:50Z WARNING bsky_collector_v2.job.index_feed_generators: listRecords failed repo=did:plc:r5itizc7m7hlx2xhralve4d7 err=HttpError('InvalidRequest: Could not find repo: did:plc:r5itizc7m7hlx2xhralve4d7')
2026-02-24T07:33:09Z INFO bsky_collector_v2.job.index_feed_generators: indexed repo=did:plc:xbrylfdkai25kt5krulvl253 part=441 records=1 next_cursor=set
2026-02-24T07:33:25Z INFO bsky_collector_v2.job.index_feed_generators: indexed repo=did:plc:zb5pj2yqsn6vttx5tbmeqvle part=442 records=1 next_cursor=set
2026-02-24T07:33:30Z WARNING bsky_collector_v2.job.index_feed_generators: listRecords failed repo=did:plc:r5itizc7m7hlx2xhralve4d7 err=HttpError('InvalidRequest: Could not find repo: did:plc:r5itizc7m7hlx2xhralve4d7')
2026-02-24T07:33:30Z WARNING bsky_collector_v2.job.index_feed_generators: listRecords failed repo=did:plc:r5itizc7m7hlx2xhralve4d7 err=HttpError('InvalidRequest: Could not find repo: did:plc:r5itizc7m7hlx2xhralve4d7')
2026-02-24T07:33:31Z INFO bsky_collector_v2.job.index_feed_generators: enqueued repos page=8 mode=listRepos inserted=500 repos_returned=500 next_cursor=set
2026-02-24T07:33:52Z INFO bsky_collector_v2.job.index_feed_generators: indexed repo=did:plc:65zkvjxsf7anfczooifrz6dw part=443 records=1 next_cursor=set
2026-02-24T07:35:41Z INFO bsky_collector_v2.job.index_feed_generators: enqueued repos page=9 mode=listRepos inserted=500 repos_returned=500 next_cursor=set
2026-02-24T07:35:47Z INFO bsky_collector_v2.job.index_feed_generators: indexed repo=did:plc:3gvmil5kyvv3f3gy2as6wloy part=444 records=2 next_cursor=set
2026-02-24T07:35:48Z INFO bsky_collector_v2.job.index_feed_generators: indexed repo=did:plc:3m3jwcmxeohlaxncubngi26u part=445 records=1 next_cursor=set
2026-02-24T07:37:29Z WARNING bsky_collector_v2.job.index_feed_generators: listRecords failed repo=did:plc:o7x3aaueo7gbdj5s6ywwl7sl err=HttpError('InvalidRequest: Could not find repo: did:plc:o7x3aaueo7gbdj5s6ywwl7sl')
2026-02-24T07:38:11Z WARNING bsky_collector_v2.job.index_feed_generators: listRecords failed repo=did:plc:o7x3aaueo7gbdj5s6ywwl7sl err=HttpError('InvalidRequest: Could not find repo: did:plc:o7x3aaueo7gbdj5s6ywwl7sl')
2026-02-24T07:38:11Z WARNING bsky_collector_v2.job.index_feed_generators: listRecords failed repo=did:plc:o7x3aaueo7gbdj5s6ywwl7sl err=HttpError('InvalidRequest: Could not find repo: did:plc:o7x3aaueo7gbdj5s6ywwl7sl')
2026-02-24T07:38:12Z INFO bsky_collector_v2.job.index_feed_generators: enqueued repos page=10 mode=listRepos inserted=500 repos_returned=500 next_cursor=set
2026-02-24T07:38:18Z WARNING bsky_collector_v2.job.index_feed_generators: listRecords failed repo=did:plc:47ic4xbfh6rt2jcvu6cqnge3 err=HttpError('InvalidRequest: Could not find repo: did:plc:47ic4xbfh6rt2jcvu6cqnge3')
2026-02-24T07:38:57Z INFO bsky_collector_v2.job.index_feed_generators: indexed repo=did:plc:dgvy4capos2zm5ujg7m3dfer part=446 records=3 next_cursor=set
2026-02-24T07:42:01Z INFO bsky_collector_v2.job.index_feed_generators: indexed repo=did:plc:wwtb7mfayizvkp74qfgnzxjp part=447 records=1 next_cursor=set
2026-02-24T07:42:10Z WARNING bsky_collector_v2.job.index_feed_generators: listRecords failed repo=did:plc:47ic4xbfh6rt2jcvu6cqnge3 err=HttpError('InvalidRequest: Could not find repo: did:plc:47ic4xbfh6rt2jcvu6cqnge3')
2026-02-24T07:42:10Z WARNING bsky_collector_v2.job.index_feed_generators: listRecords failed repo=did:plc:47ic4xbfh6rt2jcvu6cqnge3 err=HttpError('InvalidRequest: Could not find repo: did:plc:47ic4xbfh6rt2jcvu6cqnge3')
2026-02-24T07:42:11Z INFO bsky_collector_v2.job.index_feed_generators: enqueued repos page=11 mode=listRepos inserted=500 repos_returned=500 next_cursor=set
2026-02-24T07:43:28Z WARNING bsky_collector_v2.job.index_feed_generators: listRecords failed repo=did:plc:gnv6ttpsss6p6fqusfghs6mh err=HttpError('InvalidRequest: Could not find repo: did:plc:gnv6ttpsss6p6fqusfghs6mh')
2026-02-24T07:43:31Z INFO bsky_collector_v2.job.index_feed_generators: indexed repo=did:plc:hnaknpbmurz2cp4vjdhzyvf4 part=448 records=1 next_cursor=set
2026-02-24T07:43:32Z INFO bsky_collector_v2.job.index_feed_generators: indexed repo=did:plc:i36pzrzizl4qsxb3bxkeiy37 part=449 records=2 next_cursor=set
2026-02-24T07:43:44Z WARNING bsky_collector_v2.job.index_feed_generators: listRecords failed repo=did:plc:lql4ikawrq75xclanmlukh4l err=HttpError('InvalidRequest: Could not find repo: did:plc:lql4ikawrq75xclanmlukh4l')
2026-02-24T07:45:48Z WARNING bsky_collector_v2.job.index_feed_generators: listRecords failed repo=did:plc:s5l2r3lkidx67whozq7xbayc err=HttpError('InvalidRequest: Could not find repo: did:plc:s5l2r3lkidx67whozq7xbayc')
2026-02-24T07:46:53Z WARNING bsky_collector_v2.job.index_feed_generators: listRecords failed repo=did:plc:gnv6ttpsss6p6fqusfghs6mh err=HttpError('InvalidRequest: Could not find repo: did:plc:gnv6ttpsss6p6fqusfghs6mh')
2026-02-24T07:46:53Z WARNING bsky_collector_v2.job.index_feed_generators: listRecords failed repo=did:plc:lql4ikawrq75xclanmlukh4l err=HttpError('InvalidRequest: Could not find repo: did:plc:lql4ikawrq75xclanmlukh4l')
2026-02-24T07:46:53Z WARNING bsky_collector_v2.job.index_feed_generators: listRecords failed repo=did:plc:s5l2r3lkidx67whozq7xbayc err=HttpError('InvalidRequest: Could not find repo: did:plc:s5l2r3lkidx67whozq7xbayc')
2026-02-24T07:46:53Z WARNING bsky_collector_v2.job.index_feed_generators: listRecords failed repo=did:plc:gnv6ttpsss6p6fqusfghs6mh err=HttpError('InvalidRequest: Could not find repo: did:plc:gnv6ttpsss6p6fqusfghs6mh')
2026-02-24T07:46:53Z WARNING bsky_collector_v2.job.index_feed_generators: listRecords failed repo=did:plc:lql4ikawrq75xclanmlukh4l err=HttpError('InvalidRequest: Could not find repo: did:plc:lql4ikawrq75xclanmlukh4l')
2026-02-24T07:46:53Z WARNING bsky_collector_v2.job.index_feed_generators: listRecords failed repo=did:plc:s5l2r3lkidx67whozq7xbayc err=HttpError('InvalidRequest: Could not find repo: did:plc:s5l2r3lkidx67whozq7xbayc')
2026-02-24T07:46:54Z INFO bsky_collector_v2.job.index_feed_generators: enqueued repos page=12 mode=listRepos inserted=500 repos_returned=500 next_cursor=set
2026-02-24T07:47:06Z INFO bsky_collector_v2.job.index_feed_generators: indexed repo=did:plc:6bxdarnjioshorqm4qk6ggmt part=450 records=3 next_cursor=set
2026-02-24T07:48:22Z WARNING bsky_collector_v2.job.index_feed_generators: listRecords failed repo=did:plc:qaadenzaslhbbanmfyxgbot2 err=HttpError('InvalidRequest: Could not find repo: did:plc:qaadenzaslhbbanmfyxgbot2')
2026-02-24T07:48:38Z INFO bsky_collector_v2.job.index_feed_generators: indexed repo=did:plc:somyhsba2ne4pmr5lqxdxrj5 part=451 records=2 next_cursor=set
2026-02-24T07:48:46Z INFO bsky_collector_v2.job.index_feed_generators: indexed repo=did:plc:tvfs6uwh4cpdva6cnivcso25 part=452 records=2 next_cursor=set
2026-02-24T07:49:02Z WARNING bsky_collector_v2.job.index_feed_generators: listRecords failed repo=did:plc:y4kvbuunm3jsexlxl2hliug2 err=HttpError('InvalidRequest: Could not find repo: did:plc:y4kvbuunm3jsexlxl2hliug2')
2026-02-24T07:49:09Z WARNING bsky_collector_v2.job.index_feed_generators: listRecords failed repo=did:plc:qaadenzaslhbbanmfyxgbot2 err=HttpError('InvalidRequest: Could not find repo: did:plc:qaadenzaslhbbanmfyxgbot2')
2026-02-24T07:49:09Z WARNING bsky_collector_v2.job.index_feed_generators: listRecords failed repo=did:plc:y4kvbuunm3jsexlxl2hliug2 err=HttpError('InvalidRequest: Could not find repo: did:plc:y4kvbuunm3jsexlxl2hliug2')
2026-02-24T07:49:09Z WARNING bsky_collector_v2.job.index_feed_generators: listRecords failed repo=did:plc:qaadenzaslhbbanmfyxgbot2 err=HttpError('InvalidRequest: Could not find repo: did:plc:qaadenzaslhbbanmfyxgbot2')
2026-02-24T07:49:09Z WARNING bsky_collector_v2.job.index_feed_generators: listRecords failed repo=did:plc:y4kvbuunm3jsexlxl2hliug2 err=HttpError('InvalidRequest: Could not find repo: did:plc:y4kvbuunm3jsexlxl2hliug2')
2026-02-24T07:49:10Z INFO bsky_collector_v2.job.index_feed_generators: enqueued repos page=13 mode=listRepos inserted=500 repos_returned=500 next_cursor=set
2026-02-24T07:50:37Z WARNING bsky_collector_v2.job.index_feed_generators: listRecords failed repo=did:plc:igog7avhvvnf557kubvzg7ws err=HttpError('InvalidRequest: Could not find repo: did:plc:igog7avhvvnf557kubvzg7ws')
2026-02-24T07:51:08Z WARNING bsky_collector_v2.job.index_feed_generators: listRecords failed repo=did:plc:qwiiaxywfps5twucjsevy2ud err=HttpError('InvalidRequest: Could not find repo: did:plc:qwiiaxywfps5twucjsevy2ud')
2026-02-24T07:51:08Z WARNING bsky_collector_v2.job.index_feed_generators: listRecords failed repo=did:plc:qxmtie7vxemb363qrn5svvnb err=HttpError('InvalidRequest: Could not find repo: did:plc:qxmtie7vxemb363qrn5svvnb')
2026-02-24T07:51:59Z WARNING bsky_collector_v2.job.index_feed_generators: listRecords failed repo=did:plc:igog7avhvvnf557kubvzg7ws err=HttpError('InvalidRequest: Could not find repo: did:plc:igog7avhvvnf557kubvzg7ws')
2026-02-24T07:51:59Z WARNING bsky_collector_v2.job.index_feed_generators: listRecords failed repo=did:plc:qwiiaxywfps5twucjsevy2ud err=HttpError('InvalidRequest: Could not find repo: did:plc:qwiiaxywfps5twucjsevy2ud')
2026-02-24T07:51:59Z WARNING bsky_collector_v2.job.index_feed_generators: listRecords failed repo=did:plc:qxmtie7vxemb363qrn5svvnb err=HttpError('InvalidRequest: Could not find repo: did:plc:qxmtie7vxemb363qrn5svvnb')
2026-02-24T07:51:59Z WARNING bsky_collector_v2.job.index_feed_generators: listRecords failed repo=did:plc:igog7avhvvnf557kubvzg7ws err=HttpError('InvalidRequest: Could not find repo: did:plc:igog7avhvvnf557kubvzg7ws')
2026-02-24T07:51:59Z WARNING bsky_collector_v2.job.index_feed_generators: listRecords failed repo=did:plc:qwiiaxywfps5twucjsevy2ud err=HttpError('InvalidRequest: Could not find repo: did:plc:qwiiaxywfps5twucjsevy2ud')
2026-02-24T07:51:59Z WARNING bsky_collector_v2.job.index_feed_generators: listRecords failed repo=did:plc:qxmtie7vxemb363qrn5svvnb err=HttpError('InvalidRequest: Could not find repo: did:plc:qxmtie7vxemb363qrn5svvnb')
2026-02-24T07:52:00Z INFO bsky_collector_v2.job.index_feed_generators: enqueued repos page=14 mode=listRepos inserted=500 repos_returned=500 next_cursor=set
2026-02-24T07:54:19Z INFO bsky_collector_v2.job.index_feed_generators: indexed repo=did:plc:pwnurm5ue23tzmqepudfarvh part=453 records=2 next_cursor=set
2026-02-24T07:54:48Z WARNING bsky_collector_v2.job.index_feed_generators: listRecords failed repo=did:plc:yihyf5ircbl6rsxe4vp4lanp err=HttpError('InvalidRequest: Could not find repo: did:plc:yihyf5ircbl6rsxe4vp4lanp')
2026-02-24T07:54:57Z WARNING bsky_collector_v2.job.index_feed_generators: listRecords failed repo=did:plc:yihyf5ircbl6rsxe4vp4lanp err=HttpError('InvalidRequest: Could not find repo: did:plc:yihyf5ircbl6rsxe4vp4lanp')
2026-02-24T07:54:57Z WARNING bsky_collector_v2.job.index_feed_generators: listRecords failed repo=did:plc:yihyf5ircbl6rsxe4vp4lanp err=HttpError('InvalidRequest: Could not find repo: did:plc:yihyf5ircbl6rsxe4vp4lanp')
2026-02-24T07:54:58Z INFO bsky_collector_v2.job.index_feed_generators: enqueued repos page=15 mode=listRepos inserted=500 repos_returned=500 next_cursor=set
2026-02-24T07:58:09Z INFO bsky_collector_v2.job.index_feed_generators: indexed repo=did:plc:qzyleevz4csh5lnmwim4fs3x part=454 records=1 next_cursor=set
2026-02-24T07:58:15Z INFO bsky_collector_v2.job.index_feed_generators: indexed repo=did:plc:scl73xqpiex4ddkar2c25sy4 part=455 records=2 next_cursor=set
2026-02-24T07:58:18Z INFO bsky_collector_v2.job.index_feed_generators: indexed repo=did:plc:svu3uafjvn4tv4knozoskuy3 part=456 records=1 next_cursor=set
2026-02-24T07:58:36Z WARNING bsky_collector_v2.job.index_feed_generators: listRecords failed repo=did:plc:y33exjha7ajdqiwn6gbnakkf err=HttpError('InvalidRequest: Could not find repo: did:plc:y33exjha7ajdqiwn6gbnakkf')
2026-02-24T07:58:52Z WARNING bsky_collector_v2.job.index_feed_generators: listRecords failed repo=did:plc:y33exjha7ajdqiwn6gbnakkf err=HttpError('InvalidRequest: Could not find repo: did:plc:y33exjha7ajdqiwn6gbnakkf')
2026-02-24T07:58:52Z WARNING bsky_collector_v2.job.index_feed_generators: listRecords failed repo=did:plc:y33exjha7ajdqiwn6gbnakkf err=HttpError('InvalidRequest: Could not find repo: did:plc:y33exjha7ajdqiwn6gbnakkf')
2026-02-24T07:58:52Z INFO bsky_collector_v2.job.index_feed_generators: enqueued repos page=16 mode=listRepos inserted=500 repos_returned=500 next_cursor=set
2026-02-24T07:59:22Z INFO bsky_collector_v2.job.index_feed_generators: indexed repo=did:plc:a6crtxnqppog5ctal2qbfhpa part=457 records=1 next_cursor=set
2026-02-24T07:59:59Z INFO bsky_collector_v2.job.index_feed_generators: indexed repo=did:plc:h5zeudxw74mlyzugfcfsub5l part=458 records=1 next_cursor=set
2026-02-24T08:00:23Z INFO bsky_collector_v2.job.index_feed_generators: indexed repo=did:plc:p6hgvztisis6qvxayvdlftir part=459 records=1 next_cursor=set
2026-02-24T08:01:01Z WARNING bsky_collector_v2.job.index_feed_generators: listRecords failed repo=did:plc:rrwkibfqx4f6aku4fmk3l7vq err=HttpError('InvalidRequest: Could not find repo: did:plc:rrwkibfqx4f6aku4fmk3l7vq')
2026-02-24T08:01:49Z WARNING bsky_collector_v2.job.index_feed_generators: listRecords failed repo=did:plc:stfofyxqvuev6zmjicov23tj err=HttpError('NotEnoughResources: NotEnoughResources')
2026-02-24T08:02:04Z WARNING bsky_collector_v2.job.index_feed_generators: listRecords failed repo=did:plc:uur6yk2uwv75kn5spqqquyfy err=HttpError('InvalidRequest: Could not find repo: did:plc:uur6yk2uwv75kn5spqqquyfy')
2026-02-24T08:02:07Z WARNING bsky_collector_v2.job.index_feed_generators: listRecords failed repo=did:plc:uuuup6kx3kn4jrt5i7mxuyss err=HttpError('NotEnoughResources: NotEnoughResources')
2026-02-24T08:02:34Z WARNING bsky_collector_v2.job.index_feed_generators: listRecords failed repo=did:plc:zjzwobsy7yyrnatty33cfh6p err=HttpError('NotEnoughResources: NotEnoughResources')
2026-02-24T08:02:38Z INFO bsky_collector_v2.job.index_feed_generators: indexed repo=did:plc:zwlr6djd2dhzwg7alglng7gm part=460 records=1 next_cursor=set
2026-02-24T08:02:40Z WARNING bsky_collector_v2.job.index_feed_generators: listRecords failed repo=did:plc:rrwkibfqx4f6aku4fmk3l7vq err=HttpError('InvalidRequest: Could not find repo: did:plc:rrwkibfqx4f6aku4fmk3l7vq')
2026-02-24T08:02:44Z WARNING bsky_collector_v2.job.index_feed_generators: listRecords failed repo=did:plc:stfofyxqvuev6zmjicov23tj err=HttpError('NotEnoughResources: NotEnoughResources')
2026-02-24T08:02:44Z WARNING bsky_collector_v2.job.index_feed_generators: listRecords failed repo=did:plc:uur6yk2uwv75kn5spqqquyfy err=HttpError('InvalidRequest: Could not find repo: did:plc:uur6yk2uwv75kn5spqqquyfy')
2026-02-24T08:02:50Z WARNING bsky_collector_v2.job.index_feed_generators: listRecords failed repo=did:plc:rrwkibfqx4f6aku4fmk3l7vq err=HttpError('InvalidRequest: Could not find repo: did:plc:rrwkibfqx4f6aku4fmk3l7vq')
2026-02-24T08:02:52Z WARNING bsky_collector_v2.job.index_feed_generators: listRecords failed repo=did:plc:uur6yk2uwv75kn5spqqquyfy err=HttpError('InvalidRequest: Could not find repo: did:plc:uur6yk2uwv75kn5spqqquyfy')
2026-02-24T08:02:52Z INFO bsky_collector_v2.job.index_feed_generators: enqueued repos page=17 mode=listRepos inserted=500 repos_returned=500 next_cursor=set
2026-02-24T08:04:06Z WARNING bsky_collector_v2.job.index_feed_generators: listRecords failed repo=did:plc:34qel2g4gfshal557rtbzzqe err=HttpError('NotEnoughResources: NotEnoughResources')
2026-02-24T08:04:38Z INFO bsky_collector_v2.job.index_feed_generators: indexed repo=did:plc:d3cdgslnkwcwqr37lar24wjz part=461 records=2 next_cursor=set
2026-02-24T08:06:39Z INFO bsky_collector_v2.job.index_feed_generators: enqueued repos page=18 mode=listRepos inserted=500 repos_returned=500 next_cursor=set
