2026-02-19T11:35:16Z INFO bsky_collector_v2: out_base ok path=D:\BlueSky\data_v2_full mount=D:\
2026-02-19T11:35:16Z INFO bsky_collector_v2: job start subcommand=index-feed-generators dry_run=False resume=True
2026-02-19T11:35:17Z INFO bsky_collector_v2.job.index_feed_generators: feed generator index hosts relay_host=https://bsky.network records_host=https://bsky.social auth=yes
2026-02-19T11:35:50Z INFO bsky_collector_v2.job.index_feed_generators: enqueued repos page=1 mode=listRepos inserted=500 repos_returned=500 next_cursor=set
2026-02-19T11:35:53Z INFO bsky_collector_v2.job.index_feed_generators: indexed repo=did:plc:2lqz4fyk732bpxquhq63xtvq part=1563 records=1 next_cursor=set
2026-02-19T11:36:34Z INFO bsky_collector_v2.job.index_feed_generators: indexed repo=did:plc:fxii65v343dqcfgnxnrlxpxb part=1564 records=1 next_cursor=set
2026-02-19T11:36:55Z INFO bsky_collector_v2.job.index_feed_generators: indexed repo=did:plc:obsvtcpiqexs656conymhzwm part=1565 records=2 next_cursor=set
2026-02-19T11:37:17Z WARNING bsky_collector_v2.job.index_feed_generators: listRecords failed repo=did:plc:w7y7oqx6rp5b6fh2myjj4a4n err=HttpError('InvalidRequest: Could not find repo: did:plc:w7y7oqx6rp5b6fh2myjj4a4n')
2026-02-19T11:37:24Z INFO bsky_collector_v2.job.index_feed_generators: indexed repo=did:plc:yawbdvfq4gr42a6s6jec56pa part=1566 records=2 next_cursor=set
2026-02-19T11:37:27Z WARNING bsky_collector_v2.job.index_feed_generators: listRecords failed repo=did:plc:w7y7oqx6rp5b6fh2myjj4a4n err=HttpError('InvalidRequest: Could not find repo: did:plc:w7y7oqx6rp5b6fh2myjj4a4n')
2026-02-19T11:37:27Z WARNING bsky_collector_v2.job.index_feed_generators: listRecords failed repo=did:plc:w7y7oqx6rp5b6fh2myjj4a4n err=HttpError('InvalidRequest: Could not find repo: did:plc:w7y7oqx6rp5b6fh2myjj4a4n')
2026-02-19T11:37:28Z INFO bsky_collector_v2.job.index_feed_generators: enqueued repos page=2 mode=listRepos inserted=500 repos_returned=500 next_cursor=set
2026-02-19T11:37:40Z INFO bsky_collector_v2.job.index_feed_generators: indexed repo=did:plc:5o7f7lqy7dsxsfmu5fxojicr part=1567 records=6 next_cursor=set
2026-02-19T11:38:04Z INFO bsky_collector_v2.job.index_feed_generators: indexed repo=did:plc:gfehhcfcszubnqf6rlxcgfxb part=1568 records=1 next_cursor=set
2026-02-19T11:38:13Z INFO bsky_collector_v2.job.index_feed_generators: indexed repo=did:plc:jiy7pkji5lfxgpm24giqkaml part=1569 records=1 next_cursor=set
2026-02-19T11:38:22Z INFO bsky_collector_v2.job.index_feed_generators: indexed repo=did:plc:mqm3bchqpmrzflhgfj4jnhqw part=1570 records=1 next_cursor=set
2026-02-19T11:38:43Z INFO bsky_collector_v2.job.index_feed_generators: indexed repo=did:plc:uitggyuerqrbbaachrhpp7ig part=1571 records=2 next_cursor=set
2026-02-19T11:38:57Z INFO bsky_collector_v2.job.index_feed_generators: enqueued repos page=3 mode=listRepos inserted=500 repos_returned=500 next_cursor=set
2026-02-19T11:39:12Z INFO bsky_collector_v2.job.index_feed_generators: indexed repo=did:plc:6add2hjefhfuh77gto4prmyq part=1572 records=1 next_cursor=set
2026-02-19T11:39:15Z INFO bsky_collector_v2.job.index_feed_generators: indexed repo=did:plc:76kjrykytyl3xx3tulrhl3xu part=1573 records=2 next_cursor=set
2026-02-19T11:39:31Z INFO bsky_collector_v2.job.index_feed_generators: indexed repo=did:plc:fdfpyqhe4dkubwvlelgkydzd part=1574 records=3 next_cursor=set
2026-02-19T11:39:32Z WARNING bsky_collector_v2.job.index_feed_generators: listRecords failed repo=did:plc:fkds4jmz7hsifaknvp7fw724 err=HttpError('InvalidRequest: Could not find repo: did:plc:fkds4jmz7hsifaknvp7fw724')
2026-02-19T11:39:35Z INFO bsky_collector_v2.job.index_feed_generators: indexed repo=did:plc:g3fcj7kl5tyo56p7ntg6ko37 part=1575 records=1 next_cursor=set
2026-02-19T11:39:39Z INFO bsky_collector_v2.job.index_feed_generators: indexed repo=did:plc:hhrrgya5kaeyb54dfan7f5eo part=1576 records=2 next_cursor=set
2026-02-19T11:40:13Z INFO bsky_collector_v2.job.index_feed_generators: indexed repo=did:plc:t37hru523qc2xm7hmmus2tex part=1577 records=1 next_cursor=set
2026-02-19T11:40:31Z WARNING bsky_collector_v2.job.index_feed_generators: listRecords failed repo=did:plc:fkds4jmz7hsifaknvp7fw724 err=HttpError('InvalidRequest: Could not find repo: did:plc:fkds4jmz7hsifaknvp7fw724')
2026-02-19T11:40:33Z WARNING bsky_collector_v2.job.index_feed_generators: listRecords failed repo=did:plc:fkds4jmz7hsifaknvp7fw724 err=HttpError('InvalidRequest: Could not find repo: did:plc:fkds4jmz7hsifaknvp7fw724')
2026-02-19T11:40:33Z INFO bsky_collector_v2.job.index_feed_generators: enqueued repos page=4 mode=listRepos inserted=500 repos_returned=500 next_cursor=set
2026-02-19T11:40:34Z INFO bsky_collector_v2.job.index_feed_generators: indexed repo=did:plc:23qzlwtgj6bzq4vlzjmiiunh part=1578 records=2 next_cursor=set
2026-02-19T11:40:52Z INFO bsky_collector_v2.job.index_feed_generators: indexed repo=did:plc:6cvoaonbohssdjhqlu3vp6qe part=1579 records=1 next_cursor=set
2026-02-19T11:42:13Z INFO bsky_collector_v2.job.index_feed_generators: enqueued repos page=5 mode=listRepos inserted=500 repos_returned=500 next_cursor=set
2026-02-19T11:42:14Z INFO bsky_collector_v2.job.index_feed_generators: indexed repo=did:plc:27rdvpb5pxuctuff4obsol3e part=1580 records=7 next_cursor=set
2026-02-19T11:42:17Z INFO bsky_collector_v2.job.index_feed_generators: indexed repo=did:plc:3wqrawq2fstyophrixv5xs2x part=1581 records=1 next_cursor=set
2026-02-19T11:42:53Z INFO bsky_collector_v2.job.index_feed_generators: indexed repo=did:plc:ixfusp2zkglizl7w4hjthfhq part=1582 records=2 next_cursor=set
2026-02-19T11:43:07Z INFO bsky_collector_v2.job.index_feed_generators: indexed repo=did:plc:o2zlwamxg2o3d7l2bmbskg7o part=1583 records=2 next_cursor=set
2026-02-19T11:43:20Z INFO bsky_collector_v2.job.index_feed_generators: indexed repo=did:plc:swpm6xlcgo5tbzlzs4vuzdbl part=1584 records=3 next_cursor=set
2026-02-19T11:43:23Z INFO bsky_collector_v2.job.index_feed_generators: indexed repo=did:plc:trbqns2ycjp5jsiki7hhxjqo part=1585 records=1 next_cursor=set
2026-02-19T11:43:29Z INFO bsky_collector_v2.job.index_feed_generators: indexed repo=did:plc:w4wekj27iuwpodmlgw3nrwd5 part=1586 records=1 next_cursor=set
2026-02-19T11:43:43Z INFO bsky_collector_v2.job.index_feed_generators: enqueued repos page=6 mode=listRepos inserted=500 repos_returned=500 next_cursor=set
2026-02-19T11:43:47Z INFO bsky_collector_v2.job.index_feed_generators: indexed repo=did:plc:3jw2rtkxzaqrlnlj5hug7q2c part=1587 records=1 next_cursor=set
2026-02-19T11:44:05Z INFO bsky_collector_v2.job.index_feed_generators: indexed repo=did:plc:bmxzo5o7z55335loskyst6q7 part=1588 records=1 next_cursor=set
2026-02-19T11:44:16Z WARNING bsky_collector_v2.job.index_feed_generators: listRecords failed repo=did:plc:fps67ulcdskaej2zvchlcmch err=HttpError('InvalidRequest: Could not find repo: did:plc:fps67ulcdskaej2zvchlcmch')
2026-02-19T11:44:54Z INFO bsky_collector_v2.job.index_feed_generators: indexed repo=did:plc:qbk3c2knmlo4fopxl6t6mnjm part=1589 records=1 next_cursor=set
2026-02-19T11:45:23Z WARNING bsky_collector_v2.job.index_feed_generators: listRecords failed repo=did:plc:fps67ulcdskaej2zvchlcmch err=HttpError('InvalidRequest: Could not find repo: did:plc:fps67ulcdskaej2zvchlcmch')
2026-02-19T11:45:24Z WARNING bsky_collector_v2.job.index_feed_generators: listRecords failed repo=did:plc:fps67ulcdskaej2zvchlcmch err=HttpError('InvalidRequest: Could not find repo: did:plc:fps67ulcdskaej2zvchlcmch')
2026-02-19T11:45:24Z INFO bsky_collector_v2.job.index_feed_generators: enqueued repos page=7 mode=listRepos inserted=500 repos_returned=500 next_cursor=set
2026-02-19T11:45:40Z INFO bsky_collector_v2.job.index_feed_generators: indexed repo=did:plc:6zwxrra56bxyiqkgbdol3wxb part=1590 records=1 next_cursor=set
2026-02-19T11:45:46Z INFO bsky_collector_v2.job.index_feed_generators: indexed repo=did:plc:bbmtjbbc45xatlcoent2x6fo part=1591 records=1 next_cursor=set
2026-02-19T11:45:54Z INFO bsky_collector_v2.job.index_feed_generators: indexed repo=did:plc:dzenqatp3hr4ixtkcdek2gul part=1592 records=4 next_cursor=set
2026-02-19T11:46:20Z INFO bsky_collector_v2.job.index_feed_generators: indexed repo=did:plc:nl4gwcbbuclsknuqohsqlvgl part=1593 records=1 next_cursor=set
2026-02-19T11:46:25Z WARNING bsky_collector_v2.job.index_feed_generators: listRecords failed repo=did:plc:pnksqegntq5t3o7pusp2idx3 err=HttpError('InvalidRequest: Could not find repo: did:plc:pnksqegntq5t3o7pusp2idx3')
2026-02-19T11:46:56Z INFO bsky_collector_v2.job.index_feed_generators: indexed repo=did:plc:xxzigk6cayt34rori5hwstmy part=1594 records=2 next_cursor=set
2026-02-19T11:47:10Z WARNING bsky_collector_v2.job.index_feed_generators: listRecords failed repo=did:plc:pnksqegntq5t3o7pusp2idx3 err=HttpError('InvalidRequest: Could not find repo: did:plc:pnksqegntq5t3o7pusp2idx3')
2026-02-19T11:47:10Z WARNING bsky_collector_v2.job.index_feed_generators: listRecords failed repo=did:plc:pnksqegntq5t3o7pusp2idx3 err=HttpError('InvalidRequest: Could not find repo: did:plc:pnksqegntq5t3o7pusp2idx3')
2026-02-19T11:47:11Z INFO bsky_collector_v2.job.index_feed_generators: enqueued repos page=8 mode=listRepos inserted=500 repos_returned=500 next_cursor=set
2026-02-19T11:47:38Z INFO bsky_collector_v2.job.index_feed_generators: indexed repo=did:plc:c2mrz4sasvf5n45bxspnugwx part=1595 records=1 next_cursor=set
2026-02-19T11:47:44Z INFO bsky_collector_v2.job.index_feed_generators: indexed repo=did:plc:eeh7dnmxwshzxv4qmhuq4dmi part=1596 records=1 next_cursor=set
2026-02-19T11:48:03Z INFO bsky_collector_v2.job.index_feed_generators: indexed repo=did:plc:lanfj5awh3lbrt6is3udeydq part=1597 records=1 next_cursor=set
2026-02-19T11:48:11Z INFO bsky_collector_v2.job.index_feed_generators: indexed repo=did:plc:o47oo63np3qemats6omzlvbg part=1598 records=1 next_cursor=set
2026-02-19T11:48:24Z INFO bsky_collector_v2.job.index_feed_generators: indexed repo=did:plc:rw2mpz3vmied3aleraukxlvo part=1599 records=1 next_cursor=set
2026-02-19T11:48:45Z INFO bsky_collector_v2.job.index_feed_generators: enqueued repos page=9 mode=listRepos inserted=500 repos_returned=500 next_cursor=set
2026-02-19T11:50:04Z INFO bsky_collector_v2.job.index_feed_generators: indexed repo=did:plc:vploqw4bguxfxtv6ysufa5n6 part=1600 records=1 next_cursor=set
2026-02-19T11:50:15Z INFO bsky_collector_v2.job.index_feed_generators: enqueued repos page=10 mode=listRepos inserted=500 repos_returned=500 next_cursor=set
2026-02-19T11:50:43Z INFO bsky_collector_v2.job.index_feed_generators: indexed repo=did:plc:epirykax5cky5p76pmvktyao part=1601 records=2 next_cursor=set
2026-02-19T11:50:46Z INFO bsky_collector_v2.job.index_feed_generators: indexed repo=did:plc:fhr7x67qvgjjukddrmvitmqf part=1602 records=1 next_cursor=set
2026-02-19T11:51:05Z INFO bsky_collector_v2.job.index_feed_generators: indexed repo=did:plc:lseztna6cgucd2jzytgqsdmk part=1603 records=1 next_cursor=set
2026-02-19T11:51:18Z INFO bsky_collector_v2.job.index_feed_generators: indexed repo=did:plc:r66z77uspt6bwbcpprrakxrp part=1604 records=3 next_cursor=set
2026-02-19T11:51:36Z INFO bsky_collector_v2.job.index_feed_generators: indexed repo=did:plc:xzeoqrkkbote3nfj7blvabql part=1605 records=2 next_cursor=set
2026-02-19T11:51:44Z INFO bsky_collector_v2.job.index_feed_generators: enqueued repos page=11 mode=listRepos inserted=500 repos_returned=500 next_cursor=set
2026-02-19T11:52:09Z INFO bsky_collector_v2.job.index_feed_generators: indexed repo=did:plc:e3z5omo7xjb7y5y4bsd4nel4 part=1606 records=1 next_cursor=set
2026-02-19T11:52:17Z INFO bsky_collector_v2.job.index_feed_generators: indexed repo=did:plc:gmjq26xgey57zfhvfrruhyma part=1607 records=1 next_cursor=set
2026-02-19T11:52:26Z INFO bsky_collector_v2.job.index_feed_generators: indexed repo=did:plc:jxk5dw5zbf356x6wnywpckzt part=1608 records=1 next_cursor=set
2026-02-19T11:52:36Z INFO bsky_collector_v2.job.index_feed_generators: indexed repo=did:plc:npd4iyrpnx4xqvwunuyhjwpc part=1609 records=1 next_cursor=set
2026-02-19T11:53:11Z INFO bsky_collector_v2.job.index_feed_generators: enqueued repos page=12 mode=listRepos inserted=500 repos_returned=500 next_cursor=set
2026-02-19T11:53:13Z INFO bsky_collector_v2.job.index_feed_generators: indexed repo=did:plc:2rze7rmzp2izw7w6pgs7323n part=1610 records=5 next_cursor=set
2026-02-19T11:53:16Z INFO bsky_collector_v2.job.index_feed_generators: indexed repo=did:plc:3sowgz75wsilrixtez6qfey7 part=1611 records=1 next_cursor=set
2026-02-19T11:53:23Z INFO bsky_collector_v2.job.index_feed_generators: indexed repo=did:plc:6ormzxhxfqwklajocwhc5run part=1612 records=2 next_cursor=set
2026-02-19T11:53:39Z INFO bsky_collector_v2.job.index_feed_generators: indexed repo=did:plc:edkoerttbclulblzdtj2jt27 part=1613 records=2 next_cursor=set
2026-02-19T11:53:42Z INFO bsky_collector_v2.job.index_feed_generators: indexed repo=did:plc:fdgxgr2xwh6znkab74ioeqst part=1614 records=1 next_cursor=set
2026-02-19T11:53:43Z INFO bsky_collector_v2.job.index_feed_generators: indexed repo=did:plc:fhg2euht3lttrxqqtpsi4r47 part=1615 records=1 next_cursor=set
2026-02-19T11:54:09Z INFO bsky_collector_v2.job.index_feed_generators: indexed repo=did:plc:onulwjjbyvwgbkemuco7otac part=1616 records=2 next_cursor=set
2026-02-19T11:54:17Z INFO bsky_collector_v2.job.index_feed_generators: indexed repo=did:plc:s7xw6pqvc72ha73bogjqp4m3 part=1617 records=1 next_cursor=set
2026-02-19T11:54:24Z WARNING bsky_collector_v2.job.index_feed_generators: listRecords failed repo=did:plc:v67zmfiznwinr4zx47xcsmcn err=HttpError('InvalidRequest: Could not find repo: did:plc:v67zmfiznwinr4zx47xcsmcn')
2026-02-19T11:54:33Z INFO bsky_collector_v2.job.index_feed_generators: indexed repo=did:plc:y3xzdhpfbjp7tjeikiypxs7m part=1618 records=1 next_cursor=set
2026-02-19T11:54:39Z WARNING bsky_collector_v2.job.index_feed_generators: listRecords failed repo=did:plc:v67zmfiznwinr4zx47xcsmcn err=HttpError('InvalidRequest: Could not find repo: did:plc:v67zmfiznwinr4zx47xcsmcn')
2026-02-19T11:54:39Z WARNING bsky_collector_v2.job.index_feed_generators: listRecords failed repo=did:plc:v67zmfiznwinr4zx47xcsmcn err=HttpError('InvalidRequest: Could not find repo: did:plc:v67zmfiznwinr4zx47xcsmcn')
2026-02-19T11:54:39Z INFO bsky_collector_v2.job.index_feed_generators: enqueued repos page=13 mode=listRepos inserted=500 repos_returned=500 next_cursor=set
2026-02-19T11:55:26Z INFO bsky_collector_v2.job.index_feed_generators: indexed repo=did:plc:jwrzq3vunxdwyzz2wdusessv part=1619 records=1 next_cursor=set
2026-02-19T11:55:30Z INFO bsky_collector_v2.job.index_feed_generators: indexed repo=did:plc:l2uv6ivfedhsjjmfmndx7p26 part=1620 records=3 next_cursor=set
2026-02-19T11:55:31Z WARNING bsky_collector_v2.job.index_feed_generators: listRecords failed repo=did:plc:l4acsb2ctthml3ajleeh3eys err=HttpError('InvalidRequest: Could not find repo: did:plc:l4acsb2ctthml3ajleeh3eys')
2026-02-19T11:55:55Z INFO bsky_collector_v2.job.index_feed_generators: indexed repo=did:plc:sjlx7ugpodx6ddstlu6alwud part=1621 records=1 next_cursor=set
2026-02-19T11:56:22Z WARNING bsky_collector_v2.job.index_feed_generators: listRecords failed repo=did:plc:l4acsb2ctthml3ajleeh3eys err=HttpError('InvalidRequest: Could not find repo: did:plc:l4acsb2ctthml3ajleeh3eys')
2026-02-19T11:56:23Z WARNING bsky_collector_v2.job.index_feed_generators: listRecords failed repo=did:plc:l4acsb2ctthml3ajleeh3eys err=HttpError('InvalidRequest: Could not find repo: did:plc:l4acsb2ctthml3ajleeh3eys')
2026-02-19T11:56:23Z INFO bsky_collector_v2.job.index_feed_generators: enqueued repos page=14 mode=listRepos inserted=500 repos_returned=500 next_cursor=set
2026-02-19T11:56:35Z INFO bsky_collector_v2.job.index_feed_generators: indexed repo=did:plc:5hq247ccrglrg53i5xxleqqt part=1622 records=2 next_cursor=set
2026-02-19T11:56:37Z INFO bsky_collector_v2.job.index_feed_generators: indexed repo=did:plc:6a7cghr7koyw5k3s753b5dor part=1623 records=2 next_cursor=set
2026-02-19T11:56:40Z INFO bsky_collector_v2.job.index_feed_generators: indexed repo=did:plc:7gpsgvmc535haozri7tnejp4 part=1624 records=1 next_cursor=set
2026-02-19T11:56:45Z WARNING bsky_collector_v2.job.index_feed_generators: listRecords failed repo=did:plc:bsn75pltez63u2idh2i45d4j err=HttpError('InvalidRequest: Could not find repo: did:plc:bsn75pltez63u2idh2i45d4j')
2026-02-19T11:56:49Z INFO bsky_collector_v2.job.index_feed_generators: indexed repo=did:plc:d3wjh6xljkptgj4fna3mkek4 part=1625 records=3 next_cursor=set
2026-02-19T11:57:05Z WARNING bsky_collector_v2.job.index_feed_generators: listRecords failed repo=did:plc:hbpklgauiqjbjzkkl4xjzdhh err=HttpError('InvalidRequest: Could not find repo: did:plc:hbpklgauiqjbjzkkl4xjzdhh')
2026-02-19T11:57:53Z INFO bsky_collector_v2.job.index_feed_generators: indexed repo=did:plc:sxffwddvs6rpsoawidg5qlyl part=1626 records=1 next_cursor=set
2026-02-19T11:57:59Z WARNING bsky_collector_v2.job.index_feed_generators: listRecords failed repo=did:plc:v6vubaphkxzifher6d24vjyp err=HttpError('InvalidRequest: Could not find repo: did:plc:v6vubaphkxzifher6d24vjyp')
2026-02-19T11:58:08Z INFO bsky_collector_v2.job.index_feed_generators: indexed repo=did:plc:xqg5gpp5hfnknjur2hbflvc6 part=1627 records=1 next_cursor=set
2026-02-19T11:58:13Z WARNING bsky_collector_v2.job.index_feed_generators: listRecords failed repo=did:plc:bsn75pltez63u2idh2i45d4j err=HttpError('InvalidRequest: Could not find repo: did:plc:bsn75pltez63u2idh2i45d4j')
2026-02-19T11:58:13Z WARNING bsky_collector_v2.job.index_feed_generators: listRecords failed repo=did:plc:hbpklgauiqjbjzkkl4xjzdhh err=HttpError('InvalidRequest: Could not find repo: did:plc:hbpklgauiqjbjzkkl4xjzdhh')
2026-02-19T11:58:13Z WARNING bsky_collector_v2.job.index_feed_generators: listRecords failed repo=did:plc:v6vubaphkxzifher6d24vjyp err=HttpError('InvalidRequest: Could not find repo: did:plc:v6vubaphkxzifher6d24vjyp')
2026-02-19T11:58:14Z WARNING bsky_collector_v2.job.index_feed_generators: listRecords failed repo=did:plc:bsn75pltez63u2idh2i45d4j err=HttpError('InvalidRequest: Could not find repo: did:plc:bsn75pltez63u2idh2i45d4j')
2026-02-19T11:58:14Z WARNING bsky_collector_v2.job.index_feed_generators: listRecords failed repo=did:plc:hbpklgauiqjbjzkkl4xjzdhh err=HttpError('InvalidRequest: Could not find repo: did:plc:hbpklgauiqjbjzkkl4xjzdhh')
2026-02-19T11:58:14Z WARNING bsky_collector_v2.job.index_feed_generators: listRecords failed repo=did:plc:v6vubaphkxzifher6d24vjyp err=HttpError('InvalidRequest: Could not find repo: did:plc:v6vubaphkxzifher6d24vjyp')
2026-02-19T11:58:15Z INFO bsky_collector_v2.job.index_feed_generators: enqueued repos page=15 mode=listRepos inserted=500 repos_returned=500 next_cursor=set
2026-02-19T11:58:23Z INFO bsky_collector_v2.job.index_feed_generators: indexed repo=did:plc:4pc6t2e7jjkboqr2mrbcj2gw part=1628 records=1 next_cursor=set
2026-02-19T11:58:40Z INFO bsky_collector_v2.job.index_feed_generators: indexed repo=did:plc:djddyosid5bldvelalumhawd part=1629 records=1 next_cursor=set
2026-02-19T11:58:47Z INFO bsky_collector_v2.job.index_feed_generators: indexed repo=did:plc:fryzgawljbxnqv2moym7kgmk part=1630 records=4 next_cursor=set
2026-02-19T11:58:49Z INFO bsky_collector_v2.job.index_feed_generators: indexed repo=did:plc:h3sd7wwn47qznhpcmn4tprsx part=1631 records=1 next_cursor=set
2026-02-19T11:59:03Z INFO bsky_collector_v2.job.index_feed_generators: indexed repo=did:plc:ntba25wmvjiqsxr65llh7jhn part=1632 records=1 next_cursor=set
2026-02-19T11:59:08Z INFO bsky_collector_v2.job.index_feed_generators: indexed repo=did:plc:ovmcdplxzv2t2vcvxnypbfn4 part=1633 records=1 next_cursor=set
2026-02-19T11:59:19Z INFO bsky_collector_v2.job.index_feed_generators: indexed repo=did:plc:ski2z4wibmkjiwf3y26xvlbt part=1634 records=1 next_cursor=set
2026-02-19T11:59:31Z INFO bsky_collector_v2.job.index_feed_generators: indexed repo=did:plc:wt4jpkfrf5qhr3lwnuwehfeu part=1635 records=2 next_cursor=set
2026-02-19T11:59:32Z INFO bsky_collector_v2.job.index_feed_generators: indexed repo=did:plc:xrkbjvd7r7w24mhbsv2hjuaz part=1636 records=1 next_cursor=set
2026-02-19T11:59:39Z INFO bsky_collector_v2.job.index_feed_generators: enqueued repos page=16 mode=listRepos inserted=500 repos_returned=500 next_cursor=set
2026-02-19T11:59:51Z INFO bsky_collector_v2.job.index_feed_generators: indexed repo=did:plc:5ihtxezmzijm6ljon37uc6nd part=1637 records=1 next_cursor=set
2026-02-19T12:00:02Z INFO bsky_collector_v2.job.index_feed_generators: indexed repo=did:plc:cr26c7oguulx6ipxdy6bf2it part=1638 records=4 next_cursor=set
2026-02-19T12:00:03Z INFO bsky_collector_v2.job.index_feed_generators: indexed repo=did:plc:csxypiykbue2ayj7f2cbf3pu part=1639 records=4 next_cursor=set
2026-02-19T12:01:09Z INFO bsky_collector_v2.job.index_feed_generators: indexed repo=did:plc:w3xevyycvef7y4tqsojptrf5 part=1640 records=4 next_cursor=set
2026-02-19T12:01:11Z INFO bsky_collector_v2.job.index_feed_generators: indexed repo=did:plc:wmcvbaryivozletvoxdpzo5n part=1641 records=1 next_cursor=set
2026-02-19T12:01:19Z INFO bsky_collector_v2.job.index_feed_generators: enqueued repos page=17 mode=listRepos inserted=500 repos_returned=500 next_cursor=set
2026-02-19T12:01:25Z WARNING bsky_collector_v2.job.index_feed_generators: listRecords failed repo=did:plc:4d3footpr6lgq6hy5m74xdmm err=HttpError('InvalidRequest: Could not find repo: did:plc:4d3footpr6lgq6hy5m74xdmm')
2026-02-19T12:01:33Z INFO bsky_collector_v2.job.index_feed_generators: indexed repo=did:plc:6ygin2n7ky7j2o462zskdn3l part=1642 records=1 next_cursor=set
2026-02-19T12:01:43Z INFO bsky_collector_v2.job.index_feed_generators: indexed repo=did:plc:clq74knchtjfaymllvttjk7q part=1643 records=4 next_cursor=set
2026-02-19T12:01:50Z INFO bsky_collector_v2.job.index_feed_generators: indexed repo=did:plc:fkanlpiebioi3j3s6fcn4spc part=1644 records=2 next_cursor=set
2026-02-19T12:01:54Z INFO bsky_collector_v2.job.index_feed_generators: indexed repo=did:plc:gvy5prwiexq7znrdbmzpuvie part=1645 records=1 next_cursor=set
2026-02-19T12:02:04Z INFO bsky_collector_v2.job.index_feed_generators: indexed repo=did:plc:kll37teltfou2itu5bvq2plm part=1646 records=2 next_cursor=set
2026-02-19T12:02:04Z WARNING bsky_collector_v2.job.index_feed_generators: listRecords failed repo=did:plc:kxllgnvlx52d7eyaoncgxene err=HttpError('InvalidRequest: Could not find repo: did:plc:kxllgnvlx52d7eyaoncgxene')
2026-02-19T12:02:06Z INFO bsky_collector_v2.job.index_feed_generators: indexed repo=did:plc:lvdkdcfaefgpdxbsqcwpyguq part=1647 records=2 next_cursor=set
2026-02-19T12:02:07Z INFO bsky_collector_v2.job.index_feed_generators: indexed repo=did:plc:lxbzv3emsq2srk5uzxpjxl7j part=1648 records=2 next_cursor=set
2026-02-19T12:02:12Z WARNING bsky_collector_v2.job.index_feed_generators: listRecords failed repo=did:plc:nhsgo4hyyiox4p36u3qhmzt2 err=HttpError('InvalidRequest: Could not find repo: did:plc:nhsgo4hyyiox4p36u3qhmzt2')
2026-02-19T12:02:58Z WARNING bsky_collector_v2.job.index_feed_generators: listRecords failed repo=did:plc:4d3footpr6lgq6hy5m74xdmm err=HttpError('InvalidRequest: Could not find repo: did:plc:4d3footpr6lgq6hy5m74xdmm')
2026-02-19T12:02:58Z WARNING bsky_collector_v2.job.index_feed_generators: listRecords failed repo=did:plc:kxllgnvlx52d7eyaoncgxene err=HttpError('InvalidRequest: Could not find repo: did:plc:kxllgnvlx52d7eyaoncgxene')
2026-02-19T12:02:59Z WARNING bsky_collector_v2.job.index_feed_generators: listRecords failed repo=did:plc:nhsgo4hyyiox4p36u3qhmzt2 err=HttpError('InvalidRequest: Could not find repo: did:plc:nhsgo4hyyiox4p36u3qhmzt2')
2026-02-19T12:02:59Z WARNING bsky_collector_v2.job.index_feed_generators: listRecords failed repo=did:plc:4d3footpr6lgq6hy5m74xdmm err=HttpError('InvalidRequest: Could not find repo: did:plc:4d3footpr6lgq6hy5m74xdmm')
2026-02-19T12:02:59Z WARNING bsky_collector_v2.job.index_feed_generators: listRecords failed repo=did:plc:kxllgnvlx52d7eyaoncgxene err=HttpError('InvalidRequest: Could not find repo: did:plc:kxllgnvlx52d7eyaoncgxene')
2026-02-19T12:02:59Z WARNING bsky_collector_v2.job.index_feed_generators: listRecords failed repo=did:plc:nhsgo4hyyiox4p36u3qhmzt2 err=HttpError('InvalidRequest: Could not find repo: did:plc:nhsgo4hyyiox4p36u3qhmzt2')
2026-02-19T12:03:00Z INFO bsky_collector_v2.job.index_feed_generators: enqueued repos page=18 mode=listRepos inserted=500 repos_returned=500 next_cursor=set
2026-02-19T12:03:04Z WARNING bsky_collector_v2.job.index_feed_generators: listRecords failed repo=did:plc:2xau7wbgdq4phuou2ypwuen7 err=HttpError('InvalidRequest: Could not find repo: did:plc:2xau7wbgdq4phuou2ypwuen7')
2026-02-19T12:03:56Z WARNING bsky_collector_v2.job.index_feed_generators: listRecords failed repo=did:plc:nugezmprscqzxdv3ko3tbmvz err=HttpError('InvalidRequest: Could not find repo: did:plc:nugezmprscqzxdv3ko3tbmvz')
2026-02-19T12:04:25Z INFO bsky_collector_v2.job.index_feed_generators: indexed repo=did:plc:ydqwxkszpwh7ordqg7dilrpe part=1649 records=3 next_cursor=set
2026-02-19T12:04:28Z WARNING bsky_collector_v2.job.index_feed_generators: listRecords failed repo=did:plc:2xau7wbgdq4phuou2ypwuen7 err=HttpError('InvalidRequest: Could not find repo: did:plc:2xau7wbgdq4phuou2ypwuen7')
2026-02-19T12:04:28Z WARNING bsky_collector_v2.job.index_feed_generators: listRecords failed repo=did:plc:nugezmprscqzxdv3ko3tbmvz err=HttpError('InvalidRequest: Could not find repo: did:plc:nugezmprscqzxdv3ko3tbmvz')
2026-02-19T12:04:29Z WARNING bsky_collector_v2.job.index_feed_generators: listRecords failed repo=did:plc:2xau7wbgdq4phuou2ypwuen7 err=HttpError('InvalidRequest: Could not find repo: did:plc:2xau7wbgdq4phuou2ypwuen7')
2026-02-19T12:04:29Z WARNING bsky_collector_v2.job.index_feed_generators: listRecords failed repo=did:plc:nugezmprscqzxdv3ko3tbmvz err=HttpError('InvalidRequest: Could not find repo: did:plc:nugezmprscqzxdv3ko3tbmvz')
2026-02-19T12:04:30Z INFO bsky_collector_v2.job.index_feed_generators: enqueued repos page=19 mode=listRepos inserted=500 repos_returned=500 next_cursor=set
2026-02-19T12:04:31Z INFO bsky_collector_v2.job.index_feed_generators: indexed repo=did:plc:2bazwmecx6oebxsexldxzbjc part=1650 records=4 next_cursor=set
2026-02-19T12:04:41Z INFO bsky_collector_v2.job.index_feed_generators: indexed repo=did:plc:6lq5cc6xabrzeqdbtv2vgcsv part=1651 records=1 next_cursor=set
2026-02-19T12:05:20Z INFO bsky_collector_v2.job.index_feed_generators: indexed repo=did:plc:l3yh3kklrkri6uk76fzuqpvo part=1652 records=2 next_cursor=set
2026-02-19T12:05:26Z INFO bsky_collector_v2.job.index_feed_generators: indexed repo=did:plc:ochhmqpjenro4kqt2cxkg3gh part=1653 records=1 next_cursor=set
2026-02-19T12:05:28Z INFO bsky_collector_v2.job.index_feed_generators: indexed repo=did:plc:pjbrdevvwx7zaxj5msil2v4e part=1654 records=1 next_cursor=set
2026-02-19T12:05:55Z INFO bsky_collector_v2.job.index_feed_generators: enqueued repos page=20 mode=listRepos inserted=500 repos_returned=500 next_cursor=set
2026-02-19T12:06:21Z INFO bsky_collector_v2.job.index_feed_generators: indexed repo=did:plc:em6dze2eqitutfkhxj4dofdc part=1655 records=3 next_cursor=set
2026-02-19T12:06:23Z INFO bsky_collector_v2.job.index_feed_generators: indexed repo=did:plc:foaa5ra3cgm64ahdfvomsvhp part=1656 records=2 next_cursor=set
2026-02-19T12:06:31Z WARNING bsky_collector_v2.job.index_feed_generators: listRecords failed repo=did:plc:ij2eal27o4mt4lsaikzmnziq err=HttpError('InvalidRequest: Could not find repo: did:plc:ij2eal27o4mt4lsaikzmnziq')
2026-02-19T12:07:05Z INFO bsky_collector_v2.job.index_feed_generators: indexed repo=did:plc:tcih4hkrkmmuwkwmgbfhddi5 part=1657 records=1 next_cursor=set
2026-02-19T12:07:21Z INFO bsky_collector_v2.job.index_feed_generators: indexed repo=did:plc:z5jeyzh4jmbijdtijqysph33 part=1658 records=1 next_cursor=set
2026-02-19T12:07:25Z WARNING bsky_collector_v2.job.index_feed_generators: listRecords failed repo=did:plc:ij2eal27o4mt4lsaikzmnziq err=HttpError('InvalidRequest: Could not find repo: did:plc:ij2eal27o4mt4lsaikzmnziq')
2026-02-19T12:07:25Z WARNING bsky_collector_v2.job.index_feed_generators: listRecords failed repo=did:plc:ij2eal27o4mt4lsaikzmnziq err=HttpError('InvalidRequest: Could not find repo: did:plc:ij2eal27o4mt4lsaikzmnziq')
2026-02-19T12:07:26Z INFO bsky_collector_v2.job.index_feed_generators: enqueued repos page=21 mode=listRepos inserted=500 repos_returned=500 next_cursor=set
2026-02-19T12:07:37Z INFO bsky_collector_v2.job.index_feed_generators: indexed repo=did:plc:55oxtj2gomqz3vfqsn43xolt part=1659 records=1 next_cursor=set
2026-02-19T12:07:45Z INFO bsky_collector_v2.job.index_feed_generators: indexed repo=did:plc:aczdihlcy4l4guos6kflthkg part=1660 records=3 next_cursor=set
2026-02-19T12:08:44Z INFO bsky_collector_v2.job.index_feed_generators: indexed repo=did:plc:qw3izw7qz2dbebpakp76jdrt part=1661 records=1 next_cursor=set
2026-02-19T12:08:57Z INFO bsky_collector_v2.job.index_feed_generators: indexed repo=did:plc:w4th3y4nxrk57rzro4l37s7t part=1662 records=1 next_cursor=set
2026-02-19T12:09:08Z INFO bsky_collector_v2.job.index_feed_generators: enqueued repos page=22 mode=listRepos inserted=500 repos_returned=500 next_cursor=set
2026-02-19T12:09:20Z INFO bsky_collector_v2.job.index_feed_generators: indexed repo=did:plc:6yfuymgtyovstme7pwesaunz part=1663 records=1 next_cursor=set
2026-02-19T12:10:28Z INFO bsky_collector_v2.job.index_feed_generators: indexed repo=did:plc:romykb563ygmjbiap3bah7nt part=1664 records=1 next_cursor=set
2026-02-19T12:10:30Z INFO bsky_collector_v2.job.index_feed_generators: indexed repo=did:plc:sim63dzgfszswywvndrsh4pr part=1665 records=1 next_cursor=set
2026-02-19T12:10:34Z INFO bsky_collector_v2.job.index_feed_generators: indexed repo=did:plc:upzajs55j6jgmkvcdpfw74cm part=1666 records=1 next_cursor=set
2026-02-19T12:10:43Z INFO bsky_collector_v2.job.index_feed_generators: indexed repo=did:plc:xenbfv5wf6xharo6epphpyek part=1667 records=33 next_cursor=set
2026-02-19T12:10:51Z INFO bsky_collector_v2.job.index_feed_generators: enqueued repos page=23 mode=listRepos inserted=500 repos_returned=500 next_cursor=set
2026-02-19T12:10:52Z INFO bsky_collector_v2.job.index_feed_generators: indexed repo=did:plc:2jrho5tqhkgmexvcmqwbdvg6 part=1668 records=1 next_cursor=set
2026-02-19T12:11:18Z INFO bsky_collector_v2.job.index_feed_generators: indexed repo=did:plc:eeexjwnm7sn2plcfpo4lwjby part=1669 records=1 next_cursor=set
2026-02-19T12:11:23Z INFO bsky_collector_v2.job.index_feed_generators: indexed repo=did:plc:gwdgsbagco7fkrfsuzue32sh part=1670 records=1 next_cursor=set
2026-02-19T12:11:37Z INFO bsky_collector_v2.job.index_feed_generators: indexed repo=did:plc:ioetefabahcyrcgkbuwfz5o7 part=1671 records=3 next_cursor=set
2026-02-19T12:12:35Z INFO bsky_collector_v2.job.index_feed_generators: enqueued repos page=24 mode=listRepos inserted=500 repos_returned=500 next_cursor=set
2026-02-19T12:13:02Z INFO bsky_collector_v2.job.index_feed_generators: indexed repo=did:plc:cmbyvitbhdm4h5iyotgsvpvl part=1672 records=1 next_cursor=set
2026-02-19T12:13:05Z INFO bsky_collector_v2.job.index_feed_generators: indexed repo=did:plc:d4d74fx2qbsfmmkxca24w76p part=1673 records=1 next_cursor=set
2026-02-19T12:13:56Z INFO bsky_collector_v2.job.index_feed_generators: indexed repo=did:plc:qnc3ddfo2kc5iwmoi5s62jyd part=1674 records=1 next_cursor=set
2026-02-19T12:14:29Z INFO bsky_collector_v2.job.index_feed_generators: indexed repo=did:plc:xfzo3jervhcos56tpyprldvg part=1675 records=1 next_cursor=set
2026-02-19T12:14:41Z INFO bsky_collector_v2.job.index_feed_generators: enqueued repos page=25 mode=listRepos inserted=500 repos_returned=500 next_cursor=set
2026-02-19T12:15:17Z INFO bsky_collector_v2.job.index_feed_generators: indexed repo=did:plc:dz75xmpnzkvkanvxgd73ak5m part=1676 records=1 next_cursor=set
2026-02-19T12:15:41Z INFO bsky_collector_v2.job.index_feed_generators: indexed repo=did:plc:jy4rhcf4kmconwlxo2e42yhb part=1677 records=1 next_cursor=set
2026-02-19T12:15:43Z INFO bsky_collector_v2.job.index_feed_generators: indexed repo=did:plc:kemjys622nmkjh4a4e67c3kl part=1678 records=1 next_cursor=set
2026-02-19T12:16:05Z INFO bsky_collector_v2.job.index_feed_generators: indexed repo=did:plc:qkj3htumpn7vjinbtnnkbh7o part=1679 records=1 next_cursor=set
2026-02-19T12:16:38Z INFO bsky_collector_v2.job.index_feed_generators: enqueued repos page=26 mode=listRepos inserted=500 repos_returned=500 next_cursor=set
2026-02-19T12:16:43Z INFO bsky_collector_v2.job.index_feed_generators: indexed repo=did:plc:45sd3iabyaytscitvxiqrpur part=1680 records=1 next_cursor=set
2026-02-19T12:16:53Z INFO bsky_collector_v2.job.index_feed_generators: indexed repo=did:plc:a3bbhyhumifmv4xvrepgpdgi part=1681 records=1 next_cursor=set
2026-02-19T12:17:03Z INFO bsky_collector_v2.job.index_feed_generators: indexed repo=did:plc:dyyvxb6waoyncx7y236pv7pd part=1682 records=1 next_cursor=set
2026-02-19T12:17:31Z INFO bsky_collector_v2.job.index_feed_generators: indexed repo=did:plc:lhg357awjmeppbnfppk7brcc part=1683 records=1 next_cursor=set
2026-02-19T12:17:40Z INFO bsky_collector_v2.job.index_feed_generators: indexed repo=did:plc:nyz2ssqxd3g72lpmdrfrsc74 part=1684 records=1 next_cursor=set
2026-02-19T12:17:53Z INFO bsky_collector_v2.job.index_feed_generators: indexed repo=did:plc:t7tjsrwm7n6xg6cbjz663zdo part=1685 records=1 next_cursor=set
2026-02-19T12:18:00Z INFO bsky_collector_v2.job.index_feed_generators: indexed repo=did:plc:vmecdrychbtp65evvliujnwz part=1686 records=1 next_cursor=set
2026-02-19T12:18:16Z INFO bsky_collector_v2.job.index_feed_generators: enqueued repos page=27 mode=listRepos inserted=500 repos_returned=500 next_cursor=set
2026-02-19T12:18:25Z INFO bsky_collector_v2.job.index_feed_generators: indexed repo=did:plc:5z674reoyr4b2g3sviiucmi6 part=1687 records=1 next_cursor=set
2026-02-19T12:18:32Z WARNING bsky_collector_v2.job.index_feed_generators: listRecords failed repo=did:plc:afqwgtrwul7233lyvewc5d6n err=HttpError('InvalidRequest: Could not find repo: did:plc:afqwgtrwul7233lyvewc5d6n')
2026-02-19T12:19:23Z WARNING bsky_collector_v2.job.index_feed_generators: listRecords failed repo=did:plc:rnbsur6y4t6zmc5lpkwd6n7x err=HttpError('InvalidRequest: Could not find repo: did:plc:rnbsur6y4t6zmc5lpkwd6n7x')
2026-02-19T12:19:51Z WARNING bsky_collector_v2.job.index_feed_generators: listRecords failed repo=did:plc:afqwgtrwul7233lyvewc5d6n err=HttpError('InvalidRequest: Could not find repo: did:plc:afqwgtrwul7233lyvewc5d6n')
2026-02-19T12:19:51Z WARNING bsky_collector_v2.job.index_feed_generators: listRecords failed repo=did:plc:rnbsur6y4t6zmc5lpkwd6n7x err=HttpError('InvalidRequest: Could not find repo: did:plc:rnbsur6y4t6zmc5lpkwd6n7x')
2026-02-19T12:19:51Z WARNING bsky_collector_v2.job.index_feed_generators: listRecords failed repo=did:plc:afqwgtrwul7233lyvewc5d6n err=HttpError('InvalidRequest: Could not find repo: did:plc:afqwgtrwul7233lyvewc5d6n')
2026-02-19T12:19:51Z WARNING bsky_collector_v2.job.index_feed_generators: listRecords failed repo=did:plc:rnbsur6y4t6zmc5lpkwd6n7x err=HttpError('InvalidRequest: Could not find repo: did:plc:rnbsur6y4t6zmc5lpkwd6n7x')
2026-02-19T12:19:52Z INFO bsky_collector_v2.job.index_feed_generators: enqueued repos page=28 mode=listRepos inserted=500 repos_returned=500 next_cursor=set
2026-02-19T12:20:01Z INFO bsky_collector_v2.job.index_feed_generators: indexed repo=did:plc:5uwdzjidqvbzitwhrd4jghph part=1688 records=1 next_cursor=set
2026-02-19T12:20:33Z INFO bsky_collector_v2.job.index_feed_generators: indexed repo=did:plc:inliftayz6aqvl7eiylpxhy7 part=1689 records=6 next_cursor=set
2026-02-19T12:21:02Z INFO bsky_collector_v2.job.index_feed_generators: indexed repo=did:plc:suqved52phuutv7zmzsa5sm5 part=1690 records=2 next_cursor=set
2026-02-19T12:21:20Z INFO bsky_collector_v2.job.index_feed_generators: enqueued repos page=29 mode=listRepos inserted=500 repos_returned=500 next_cursor=set
2026-02-19T12:21:20Z INFO bsky_collector_v2.job.index_feed_generators: indexed repo=did:plc:2ayyl5ch7hlhhoxmsjneokwq part=1691 records=1 next_cursor=set
2026-02-19T12:21:28Z INFO bsky_collector_v2.job.index_feed_generators: indexed repo=did:plc:4zfwmdqzqgeudgke4ciaxe4l part=1692 records=2 next_cursor=set
2026-02-19T12:21:38Z INFO bsky_collector_v2.job.index_feed_generators: indexed repo=did:plc:bh56pdpnsngdkdf57pg7d3vp part=1693 records=1 next_cursor=set
2026-02-19T12:22:01Z INFO bsky_collector_v2.job.index_feed_generators: indexed repo=did:plc:j27srsj7q462kccuxwsy263p part=1694 records=2 next_cursor=set
2026-02-19T12:22:25Z INFO bsky_collector_v2.job.index_feed_generators: indexed repo=did:plc:sqn4wwlgvo75u7waoqj4n3fc part=1695 records=1 next_cursor=set
2026-02-19T12:22:42Z INFO bsky_collector_v2.job.index_feed_generators: indexed repo=did:plc:yns4xyjl56pohmq6s5yafplm part=1696 records=1 next_cursor=set
2026-02-19T12:22:46Z INFO bsky_collector_v2.job.index_feed_generators: enqueued repos page=30 mode=listRepos inserted=500 repos_returned=500 next_cursor=set
2026-02-19T12:23:26Z INFO bsky_collector_v2.job.index_feed_generators: indexed repo=did:plc:iczzu6tcfe6qaoiaxtu4v7cx part=1697 records=2 next_cursor=set
2026-02-19T12:23:30Z INFO bsky_collector_v2.job.index_feed_generators: indexed repo=did:plc:kll27oofdmqpxza2dn3b2ydr part=1698 records=1 next_cursor=set
2026-02-19T12:24:13Z INFO bsky_collector_v2.job.index_feed_generators: enqueued repos page=31 mode=listRepos inserted=500 repos_returned=500 next_cursor=set
2026-02-19T12:24:49Z INFO bsky_collector_v2.job.index_feed_generators: indexed repo=did:plc:dpr52pyafox6gb4ckydwqgd6 part=1699 records=1 next_cursor=set
2026-02-19T12:25:48Z INFO bsky_collector_v2.job.index_feed_generators: enqueued repos page=32 mode=listRepos inserted=500 repos_returned=500 next_cursor=set
2026-02-19T12:25:53Z INFO bsky_collector_v2.job.index_feed_generators: indexed repo=did:plc:3xwmhzzkwrf3vou4r5pgzqtk part=1700 records=8 next_cursor=set
2026-02-19T12:26:37Z INFO bsky_collector_v2.job.index_feed_generators: indexed repo=did:plc:jirz5iwn4qaz23z6dn573jo7 part=1701 records=1 next_cursor=set
2026-02-19T12:26:38Z INFO bsky_collector_v2.job.index_feed_generators: indexed repo=did:plc:jwv5mfjhq72r6kcy73whbwgy part=1702 records=2 next_cursor=set
2026-02-19T12:26:46Z INFO bsky_collector_v2.job.index_feed_generators: indexed repo=did:plc:msx4wdsoz24ombgunhkmymav part=1703 records=1 next_cursor=set
2026-02-19T12:26:59Z INFO bsky_collector_v2.job.index_feed_generators: indexed repo=did:plc:qzbzsaytbxax47eng74vciyl part=1704 records=6 next_cursor=set
2026-02-19T12:27:14Z INFO bsky_collector_v2.job.index_feed_generators: indexed repo=did:plc:wh6zohm7ngjjcp7qy6f6thee part=1705 records=2 next_cursor=set
2026-02-19T12:27:23Z INFO bsky_collector_v2.job.index_feed_generators: enqueued repos page=33 mode=listRepos inserted=500 repos_returned=500 next_cursor=set
2026-02-19T12:27:47Z INFO bsky_collector_v2.job.index_feed_generators: indexed repo=did:plc:bsdusqwlxrnkwawpog4tw277 part=1706 records=1 next_cursor=set
2026-02-19T12:28:02Z INFO bsky_collector_v2.job.index_feed_generators: indexed repo=did:plc:g6c5zrwa2jn2tty37lkedw6k part=1707 records=10 next_cursor=set
2026-02-19T12:28:44Z INFO bsky_collector_v2.job.index_feed_generators: indexed repo=did:plc:volp4uhki3vs3lxtw73kqsgd part=1708 records=1 next_cursor=set
2026-02-19T12:28:54Z INFO bsky_collector_v2.job.index_feed_generators: enqueued repos page=34 mode=listRepos inserted=500 repos_returned=500 next_cursor=set
2026-02-19T12:28:57Z INFO bsky_collector_v2.job.index_feed_generators: indexed repo=did:plc:2xqc57oawl5uz3jiyf2seqop part=1709 records=1 next_cursor=set
2026-02-19T12:29:01Z INFO bsky_collector_v2.job.index_feed_generators: indexed repo=did:plc:4aj7hujucybehtvuteslorni part=1710 records=1 next_cursor=set
2026-02-19T12:29:33Z INFO bsky_collector_v2.job.index_feed_generators: indexed repo=did:plc:inz5mvrqkwo6q27mghfuialg part=1711 records=1 next_cursor=set
2026-02-19T12:30:05Z INFO bsky_collector_v2.job.index_feed_generators: indexed repo=did:plc:uvnh5kfkopec57gge6wxxntq part=1712 records=1 next_cursor=set
2026-02-19T12:30:11Z INFO bsky_collector_v2.job.index_feed_generators: indexed repo=did:plc:x6eiajp6nzkhphhh7syzjzev part=1713 records=3 next_cursor=set
2026-02-19T12:30:12Z INFO bsky_collector_v2.job.index_feed_generators: indexed repo=did:plc:xkpm7hzofmogaparc6ix3qdz part=1714 records=1 next_cursor=set
