2026-03-03T07:18:20Z INFO bsky_collector_v2: out_base ok path=D:\BlueSky\data_v2_full mount=D:\
2026-03-03T07:18:20Z INFO bsky_collector_v2: job start subcommand=index-feed-generators dry_run=False resume=True
2026-03-03T07:18:20Z INFO bsky_collector_v2.job.index_feed_generators: feed generator index hosts relay_host=https://bsky.network records_host=https://bsky.social auth=yes
2026-03-03T07:19:39Z WARNING bsky_collector_v2.job.index_feed_generators: listRecords failed repo=did:plc:soosaccjsfdzgcwzcrbtggbz err=HttpError('InvalidRequest: Could not find repo: did:plc:soosaccjsfdzgcwzcrbtggbz')
2026-03-03T07:20:05Z WARNING bsky_collector_v2.job.index_feed_generators: listRecords failed repo=did:plc:soosaccjsfdzgcwzcrbtggbz err=HttpError('InvalidRequest: Could not find repo: did:plc:soosaccjsfdzgcwzcrbtggbz')
2026-03-03T07:20:05Z WARNING bsky_collector_v2.job.index_feed_generators: listRecords failed repo=did:plc:soosaccjsfdzgcwzcrbtggbz err=HttpError('InvalidRequest: Could not find repo: did:plc:soosaccjsfdzgcwzcrbtggbz')
2026-03-03T07:20:05Z INFO bsky_collector_v2.job.index_feed_generators: enqueued repos page=1 mode=listRepos inserted=500 repos_returned=500 next_cursor=set
2026-03-03T07:20:16Z INFO bsky_collector_v2.job.index_feed_generators: indexed repo=did:plc:4l2zdr6cka5s6h3zwfo43sck part=206 records=1 next_cursor=set
2026-03-03T07:20:45Z INFO bsky_collector_v2.job.index_feed_generators: indexed repo=did:plc:c4ylaao4b6lu7ei6rfcrt5sc part=207 records=1 next_cursor=set
2026-03-03T07:22:19Z INFO bsky_collector_v2.job.index_feed_generators: indexed repo=did:plc:wfboevvlpw2li7lifu6zwwbu part=208 records=1 next_cursor=set
2026-03-03T07:22:30Z INFO bsky_collector_v2.job.index_feed_generators: enqueued repos page=2 mode=listRepos inserted=500 repos_returned=500 next_cursor=set
2026-03-03T07:23:10Z INFO bsky_collector_v2.job.index_feed_generators: indexed repo=did:plc:ganhlhioe7negtrp5m5cszvs part=209 records=4 next_cursor=set
2026-03-03T07:23:43Z WARNING bsky_collector_v2.job.index_feed_generators: listRecords failed repo=did:plc:orhkohapycth3nowszwndgd6 err=HttpError('InvalidRequest: Could not find repo: did:plc:orhkohapycth3nowszwndgd6')
2026-03-03T07:24:44Z WARNING bsky_collector_v2.job.index_feed_generators: listRecords failed repo=did:plc:orhkohapycth3nowszwndgd6 err=HttpError('InvalidRequest: Could not find repo: did:plc:orhkohapycth3nowszwndgd6')
2026-03-03T07:24:44Z WARNING bsky_collector_v2.job.index_feed_generators: listRecords failed repo=did:plc:orhkohapycth3nowszwndgd6 err=HttpError('InvalidRequest: Could not find repo: did:plc:orhkohapycth3nowszwndgd6')
2026-03-03T07:24:45Z INFO bsky_collector_v2.job.index_feed_generators: enqueued repos page=3 mode=listRepos inserted=500 repos_returned=500 next_cursor=set
2026-03-03T07:24:47Z WARNING bsky_collector_v2.job.index_feed_generators: listRecords failed repo=did:plc:3afej3o5nennwdklfr2uzib7 err=HttpError('InvalidRequest: Could not find repo: did:plc:3afej3o5nennwdklfr2uzib7')
2026-03-03T07:25:13Z INFO bsky_collector_v2.job.index_feed_generators: indexed repo=did:plc:arvsmkkcflx2hdfum5jk54n3 part=210 records=2 next_cursor=set
2026-03-03T07:25:27Z WARNING bsky_collector_v2.job.index_feed_generators: listRecords failed repo=did:plc:cq6cylqhevxb55vqneu4afwf err=HttpError('InvalidRequest: Could not find repo: did:plc:cq6cylqhevxb55vqneu4afwf')
2026-03-03T07:27:05Z WARNING bsky_collector_v2.job.index_feed_generators: listRecords failed repo=did:plc:3afej3o5nennwdklfr2uzib7 err=HttpError('InvalidRequest: Could not find repo: did:plc:3afej3o5nennwdklfr2uzib7')
2026-03-03T07:27:05Z WARNING bsky_collector_v2.job.index_feed_generators: listRecords failed repo=did:plc:cq6cylqhevxb55vqneu4afwf err=HttpError('InvalidRequest: Could not find repo: did:plc:cq6cylqhevxb55vqneu4afwf')
2026-03-03T07:27:06Z WARNING bsky_collector_v2.job.index_feed_generators: listRecords failed repo=did:plc:3afej3o5nennwdklfr2uzib7 err=HttpError('InvalidRequest: Could not find repo: did:plc:3afej3o5nennwdklfr2uzib7')
2026-03-03T07:27:06Z WARNING bsky_collector_v2.job.index_feed_generators: listRecords failed repo=did:plc:cq6cylqhevxb55vqneu4afwf err=HttpError('InvalidRequest: Could not find repo: did:plc:cq6cylqhevxb55vqneu4afwf')
2026-03-03T07:27:06Z INFO bsky_collector_v2.job.index_feed_generators: enqueued repos page=4 mode=listRepos inserted=500 repos_returned=500 next_cursor=set
2026-03-03T07:27:07Z WARNING bsky_collector_v2.job.index_feed_generators: listRecords failed repo=did:plc:2l5lhx36pvyrdiss5i7agww4 err=HttpError('InvalidRequest: Could not find repo: did:plc:2l5lhx36pvyrdiss5i7agww4')
2026-03-03T07:27:24Z WARNING bsky_collector_v2.job.index_feed_generators: listRecords failed repo=did:plc:7adigh6fs4a2flaf43vcrecc err=HttpError('InvalidRequest: Could not find repo: did:plc:7adigh6fs4a2flaf43vcrecc')
2026-03-03T07:27:31Z WARNING bsky_collector_v2.job.index_feed_generators: listRecords failed repo=did:plc:bbmkpfzpuiwc7tjzflvkwlag err=HttpError('InvalidRequest: Could not find repo: did:plc:bbmkpfzpuiwc7tjzflvkwlag')
2026-03-03T07:28:13Z WARNING bsky_collector_v2.job.index_feed_generators: listRecords failed repo=did:plc:deus5mbujjsrs22ggqg7bwfy err=HttpError('InvalidRequest: Could not find repo: did:plc:deus5mbujjsrs22ggqg7bwfy')
2026-03-03T07:28:34Z WARNING bsky_collector_v2.job.index_feed_generators: listRecords failed repo=did:plc:hgqpd3tdfpovxiyzb73ff7hx err=HttpError('InvalidRequest: Could not find repo: did:plc:hgqpd3tdfpovxiyzb73ff7hx')
2026-03-03T07:29:44Z WARNING bsky_collector_v2.job.index_feed_generators: listRecords failed repo=did:plc:oykvuoxk53uxajzwe4u5jczx err=HttpError('InvalidRequest: Could not find repo: did:plc:oykvuoxk53uxajzwe4u5jczx')
2026-03-03T07:30:20Z WARNING bsky_collector_v2.job.index_feed_generators: listRecords failed repo=did:plc:q5t3wdxji7gjeowzdttyws2k err=HttpError('NotEnoughResources: NotEnoughResources')
2026-03-03T07:30:42Z WARNING bsky_collector_v2.job.index_feed_generators: listRecords failed repo=did:plc:rtvuv66zusvzqhibbaclz7vd err=HttpError('InvalidRequest: Could not find repo: did:plc:rtvuv66zusvzqhibbaclz7vd')
2026-03-03T07:31:52Z WARNING bsky_collector_v2.job.index_feed_generators: listRecords failed repo=did:plc:2l5lhx36pvyrdiss5i7agww4 err=HttpError('InvalidRequest: Could not find repo: did:plc:2l5lhx36pvyrdiss5i7agww4')
2026-03-03T07:31:53Z WARNING bsky_collector_v2.job.index_feed_generators: listRecords failed repo=did:plc:7adigh6fs4a2flaf43vcrecc err=HttpError('InvalidRequest: Could not find repo: did:plc:7adigh6fs4a2flaf43vcrecc')
2026-03-03T07:31:53Z WARNING bsky_collector_v2.job.index_feed_generators: listRecords failed repo=did:plc:bbmkpfzpuiwc7tjzflvkwlag err=HttpError('InvalidRequest: Could not find repo: did:plc:bbmkpfzpuiwc7tjzflvkwlag')
2026-03-03T07:31:53Z WARNING bsky_collector_v2.job.index_feed_generators: listRecords failed repo=did:plc:deus5mbujjsrs22ggqg7bwfy err=HttpError('InvalidRequest: Could not find repo: did:plc:deus5mbujjsrs22ggqg7bwfy')
2026-03-03T07:31:53Z WARNING bsky_collector_v2.job.index_feed_generators: listRecords failed repo=did:plc:hgqpd3tdfpovxiyzb73ff7hx err=HttpError('InvalidRequest: Could not find repo: did:plc:hgqpd3tdfpovxiyzb73ff7hx')
2026-03-03T07:31:53Z WARNING bsky_collector_v2.job.index_feed_generators: listRecords failed repo=did:plc:oykvuoxk53uxajzwe4u5jczx err=HttpError('InvalidRequest: Could not find repo: did:plc:oykvuoxk53uxajzwe4u5jczx')
2026-03-03T07:31:53Z WARNING bsky_collector_v2.job.index_feed_generators: listRecords failed repo=did:plc:rtvuv66zusvzqhibbaclz7vd err=HttpError('InvalidRequest: Could not find repo: did:plc:rtvuv66zusvzqhibbaclz7vd')
2026-03-03T07:31:53Z WARNING bsky_collector_v2.job.index_feed_generators: listRecords failed repo=did:plc:2l5lhx36pvyrdiss5i7agww4 err=HttpError('InvalidRequest: Could not find repo: did:plc:2l5lhx36pvyrdiss5i7agww4')
2026-03-03T07:31:53Z WARNING bsky_collector_v2.job.index_feed_generators: listRecords failed repo=did:plc:7adigh6fs4a2flaf43vcrecc err=HttpError('InvalidRequest: Could not find repo: did:plc:7adigh6fs4a2flaf43vcrecc')
2026-03-03T07:31:53Z WARNING bsky_collector_v2.job.index_feed_generators: listRecords failed repo=did:plc:bbmkpfzpuiwc7tjzflvkwlag err=HttpError('InvalidRequest: Could not find repo: did:plc:bbmkpfzpuiwc7tjzflvkwlag')
2026-03-03T07:31:53Z WARNING bsky_collector_v2.job.index_feed_generators: listRecords failed repo=did:plc:deus5mbujjsrs22ggqg7bwfy err=HttpError('InvalidRequest: Could not find repo: did:plc:deus5mbujjsrs22ggqg7bwfy')
2026-03-03T07:31:53Z WARNING bsky_collector_v2.job.index_feed_generators: listRecords failed repo=did:plc:hgqpd3tdfpovxiyzb73ff7hx err=HttpError('InvalidRequest: Could not find repo: did:plc:hgqpd3tdfpovxiyzb73ff7hx')
2026-03-03T07:31:53Z WARNING bsky_collector_v2.job.index_feed_generators: listRecords failed repo=did:plc:oykvuoxk53uxajzwe4u5jczx err=HttpError('InvalidRequest: Could not find repo: did:plc:oykvuoxk53uxajzwe4u5jczx')
2026-03-03T07:31:54Z WARNING bsky_collector_v2.job.index_feed_generators: listRecords failed repo=did:plc:rtvuv66zusvzqhibbaclz7vd err=HttpError('InvalidRequest: Could not find repo: did:plc:rtvuv66zusvzqhibbaclz7vd')
2026-03-03T07:31:54Z INFO bsky_collector_v2.job.index_feed_generators: enqueued repos page=5 mode=listRepos inserted=500 repos_returned=500 next_cursor=set
2026-03-03T07:31:54Z WARNING bsky_collector_v2.job.index_feed_generators: listRecords failed repo=did:plc:235dwnjau5t3acymniijru4n err=HttpError('InvalidRequest: Could not find repo: did:plc:235dwnjau5t3acymniijru4n')
2026-03-03T07:31:59Z INFO bsky_collector_v2.job.index_feed_generators: indexed repo=did:plc:3fxe5uz2rycpljvtsoap4zjm part=211 records=1 next_cursor=set
2026-03-03T07:33:43Z INFO bsky_collector_v2.job.index_feed_generators: indexed repo=did:plc:gciy334j2czubkd2ty6ijl7e part=212 records=4 next_cursor=set
2026-03-03T07:33:51Z INFO bsky_collector_v2.job.index_feed_generators: indexed repo=did:plc:igotkbusmrioxf6dt5zvnd7a part=213 records=2 next_cursor=set
2026-03-03T07:33:59Z INFO bsky_collector_v2.job.index_feed_generators: indexed repo=did:plc:is57wlhzo6nehs6c2x7r2ass part=214 records=3 next_cursor=set
2026-03-03T07:35:41Z INFO bsky_collector_v2.job.index_feed_generators: indexed repo=did:plc:nif5ijtcufgdrt3vnuxqtmvx part=215 records=2 next_cursor=set
2026-03-03T07:36:31Z WARNING bsky_collector_v2.job.index_feed_generators: listRecords failed repo=did:plc:sfsrcsm63ouroc3xcngqvvg3 err=HttpError('InvalidRequest: Could not find repo: did:plc:sfsrcsm63ouroc3xcngqvvg3')
2026-03-03T07:37:01Z INFO bsky_collector_v2.job.index_feed_generators: indexed repo=did:plc:xv4wklg4nq5wqkfgpb3z555j part=216 records=1 next_cursor=set
2026-03-03T07:37:08Z WARNING bsky_collector_v2.job.index_feed_generators: listRecords failed repo=did:plc:yzbsrxjj52tufngfjtjjgtjr err=HttpError('NotEnoughResources: NotEnoughResources')
2026-03-03T07:37:09Z INFO bsky_collector_v2.job.index_feed_generators: indexed repo=did:plc:z7n4ooodsapnfikajazhzw67 part=217 records=3 next_cursor=set
2026-03-03T07:37:14Z WARNING bsky_collector_v2.job.index_feed_generators: listRecords failed repo=did:plc:235dwnjau5t3acymniijru4n err=HttpError('InvalidRequest: Could not find repo: did:plc:235dwnjau5t3acymniijru4n')
2026-03-03T07:37:17Z WARNING bsky_collector_v2.job.index_feed_generators: listRecords failed repo=did:plc:sfsrcsm63ouroc3xcngqvvg3 err=HttpError('InvalidRequest: Could not find repo: did:plc:sfsrcsm63ouroc3xcngqvvg3')
2026-03-03T07:37:21Z WARNING bsky_collector_v2.job.index_feed_generators: listRecords failed repo=did:plc:yzbsrxjj52tufngfjtjjgtjr err=HttpError('NotEnoughResources: NotEnoughResources')
2026-03-03T07:37:22Z WARNING bsky_collector_v2.job.index_feed_generators: listRecords failed repo=did:plc:235dwnjau5t3acymniijru4n err=HttpError('InvalidRequest: Could not find repo: did:plc:235dwnjau5t3acymniijru4n')
2026-03-03T07:37:22Z WARNING bsky_collector_v2.job.index_feed_generators: listRecords failed repo=did:plc:sfsrcsm63ouroc3xcngqvvg3 err=HttpError('InvalidRequest: Could not find repo: did:plc:sfsrcsm63ouroc3xcngqvvg3')
2026-03-03T07:37:26Z WARNING bsky_collector_v2.job.index_feed_generators: listRecords failed repo=did:plc:yzbsrxjj52tufngfjtjjgtjr err=HttpError('NotEnoughResources: NotEnoughResources')
2026-03-03T07:37:27Z INFO bsky_collector_v2.job.index_feed_generators: enqueued repos page=6 mode=listRepos inserted=500 repos_returned=500 next_cursor=set
2026-03-03T07:37:51Z WARNING bsky_collector_v2.job.index_feed_generators: listRecords failed repo=did:plc:56vzlcvbekesyjii4y5ifinn err=HttpError('InvalidRequest: Could not find repo: did:plc:56vzlcvbekesyjii4y5ifinn')
2026-03-03T07:38:19Z WARNING bsky_collector_v2.job.index_feed_generators: listRecords failed repo=did:plc:fd6v3im5go5c36vq6c4vuyvw err=HttpError('InvalidRequest: Could not find repo: did:plc:fd6v3im5go5c36vq6c4vuyvw')
2026-03-03T07:38:53Z WARNING bsky_collector_v2.job.index_feed_generators: listRecords failed repo=did:plc:npwoy5wbmpcrlpsam5rhbcyt err=HttpError('InvalidRequest: Could not find repo: did:plc:npwoy5wbmpcrlpsam5rhbcyt')
2026-03-03T07:39:17Z INFO bsky_collector_v2.job.index_feed_generators: indexed repo=did:plc:q7f77ammzed56wz2tzcdbyuz part=218 records=5 next_cursor=set
2026-03-03T07:39:23Z WARNING bsky_collector_v2.job.index_feed_generators: listRecords failed repo=did:plc:s6oikhw4ohj3dbfyuxbaug5e err=HttpError('InvalidRequest: Could not find repo: did:plc:s6oikhw4ohj3dbfyuxbaug5e')
2026-03-03T07:39:48Z WARNING bsky_collector_v2.job.index_feed_generators: listRecords failed repo=did:plc:56vzlcvbekesyjii4y5ifinn err=HttpError('InvalidRequest: Could not find repo: did:plc:56vzlcvbekesyjii4y5ifinn')
2026-03-03T07:39:48Z WARNING bsky_collector_v2.job.index_feed_generators: listRecords failed repo=did:plc:fd6v3im5go5c36vq6c4vuyvw err=HttpError('InvalidRequest: Could not find repo: did:plc:fd6v3im5go5c36vq6c4vuyvw')
2026-03-03T07:39:48Z WARNING bsky_collector_v2.job.index_feed_generators: listRecords failed repo=did:plc:npwoy5wbmpcrlpsam5rhbcyt err=HttpError('InvalidRequest: Could not find repo: did:plc:npwoy5wbmpcrlpsam5rhbcyt')
2026-03-03T07:39:48Z WARNING bsky_collector_v2.job.index_feed_generators: listRecords failed repo=did:plc:s6oikhw4ohj3dbfyuxbaug5e err=HttpError('InvalidRequest: Could not find repo: did:plc:s6oikhw4ohj3dbfyuxbaug5e')
2026-03-03T07:39:48Z WARNING bsky_collector_v2.job.index_feed_generators: listRecords failed repo=did:plc:56vzlcvbekesyjii4y5ifinn err=HttpError('InvalidRequest: Could not find repo: did:plc:56vzlcvbekesyjii4y5ifinn')
2026-03-03T07:39:48Z WARNING bsky_collector_v2.job.index_feed_generators: listRecords failed repo=did:plc:fd6v3im5go5c36vq6c4vuyvw err=HttpError('InvalidRequest: Could not find repo: did:plc:fd6v3im5go5c36vq6c4vuyvw')
2026-03-03T07:39:48Z WARNING bsky_collector_v2.job.index_feed_generators: listRecords failed repo=did:plc:npwoy5wbmpcrlpsam5rhbcyt err=HttpError('InvalidRequest: Could not find repo: did:plc:npwoy5wbmpcrlpsam5rhbcyt')
2026-03-03T07:39:48Z WARNING bsky_collector_v2.job.index_feed_generators: listRecords failed repo=did:plc:s6oikhw4ohj3dbfyuxbaug5e err=HttpError('InvalidRequest: Could not find repo: did:plc:s6oikhw4ohj3dbfyuxbaug5e')
2026-03-03T07:39:49Z INFO bsky_collector_v2.job.index_feed_generators: enqueued repos page=7 mode=listRepos inserted=500 repos_returned=500 next_cursor=set
2026-03-03T07:41:11Z WARNING bsky_collector_v2.job.index_feed_generators: listRecords failed repo=did:plc:e7rnzktzl2pn3box63snbp4m err=HttpError('InvalidRequest: Could not find repo: did:plc:e7rnzktzl2pn3box63snbp4m')
2026-03-03T07:41:13Z WARNING bsky_collector_v2.job.index_feed_generators: listRecords failed repo=did:plc:ensstjf7esiyfsxi4uohd6at err=HttpError('InvalidRequest: Could not find repo: did:plc:ensstjf7esiyfsxi4uohd6at')
2026-03-03T07:42:11Z WARNING bsky_collector_v2.job.index_feed_generators: listRecords failed repo=did:plc:pimszta2knqvfciwwi4vj6ui err=HttpError('InvalidRequest: Could not find repo: did:plc:pimszta2knqvfciwwi4vj6ui')
2026-03-03T07:42:45Z INFO bsky_collector_v2.job.index_feed_generators: indexed repo=did:plc:wk6ewppe5od5ru6p4pjxqsuw part=219 records=1 next_cursor=set
2026-03-03T07:42:59Z WARNING bsky_collector_v2.job.index_feed_generators: listRecords failed repo=did:plc:e7rnzktzl2pn3box63snbp4m err=HttpError('InvalidRequest: Could not find repo: did:plc:e7rnzktzl2pn3box63snbp4m')
2026-03-03T07:42:59Z WARNING bsky_collector_v2.job.index_feed_generators: listRecords failed repo=did:plc:ensstjf7esiyfsxi4uohd6at err=HttpError('InvalidRequest: Could not find repo: did:plc:ensstjf7esiyfsxi4uohd6at')
2026-03-03T07:43:00Z WARNING bsky_collector_v2.job.index_feed_generators: listRecords failed repo=did:plc:pimszta2knqvfciwwi4vj6ui err=HttpError('InvalidRequest: Could not find repo: did:plc:pimszta2knqvfciwwi4vj6ui')
2026-03-03T07:43:00Z WARNING bsky_collector_v2.job.index_feed_generators: listRecords failed repo=did:plc:e7rnzktzl2pn3box63snbp4m err=HttpError('InvalidRequest: Could not find repo: did:plc:e7rnzktzl2pn3box63snbp4m')
2026-03-03T07:43:00Z WARNING bsky_collector_v2.job.index_feed_generators: listRecords failed repo=did:plc:ensstjf7esiyfsxi4uohd6at err=HttpError('InvalidRequest: Could not find repo: did:plc:ensstjf7esiyfsxi4uohd6at')
2026-03-03T07:43:00Z WARNING bsky_collector_v2.job.index_feed_generators: listRecords failed repo=did:plc:pimszta2knqvfciwwi4vj6ui err=HttpError('InvalidRequest: Could not find repo: did:plc:pimszta2knqvfciwwi4vj6ui')
2026-03-03T07:43:01Z INFO bsky_collector_v2.job.index_feed_generators: enqueued repos page=8 mode=listRepos inserted=500 repos_returned=500 next_cursor=set
2026-03-03T07:43:01Z WARNING bsky_collector_v2.job.index_feed_generators: listRecords failed repo=did:plc:2kwoamlhfzxnnpafge7zkiyc err=HttpError('InvalidRequest: Could not find repo: did:plc:2kwoamlhfzxnnpafge7zkiyc')
2026-03-03T07:44:41Z WARNING bsky_collector_v2.job.index_feed_generators: listRecords failed repo=did:plc:vy6pwb62utjgsxnurxf4xosg err=HttpError('InvalidRequest: Could not find repo: did:plc:vy6pwb62utjgsxnurxf4xosg')
2026-03-03T07:45:04Z WARNING bsky_collector_v2.job.index_feed_generators: listRecords failed repo=did:plc:2kwoamlhfzxnnpafge7zkiyc err=HttpError('InvalidRequest: Could not find repo: did:plc:2kwoamlhfzxnnpafge7zkiyc')
2026-03-03T07:45:04Z WARNING bsky_collector_v2.job.index_feed_generators: listRecords failed repo=did:plc:vy6pwb62utjgsxnurxf4xosg err=HttpError('InvalidRequest: Could not find repo: did:plc:vy6pwb62utjgsxnurxf4xosg')
2026-03-03T07:45:04Z WARNING bsky_collector_v2.job.index_feed_generators: listRecords failed repo=did:plc:2kwoamlhfzxnnpafge7zkiyc err=HttpError('InvalidRequest: Could not find repo: did:plc:2kwoamlhfzxnnpafge7zkiyc')
2026-03-03T07:45:04Z WARNING bsky_collector_v2.job.index_feed_generators: listRecords failed repo=did:plc:vy6pwb62utjgsxnurxf4xosg err=HttpError('InvalidRequest: Could not find repo: did:plc:vy6pwb62utjgsxnurxf4xosg')
2026-03-03T07:45:05Z INFO bsky_collector_v2.job.index_feed_generators: enqueued repos page=9 mode=listRepos inserted=500 repos_returned=500 next_cursor=set
2026-03-03T07:46:40Z WARNING bsky_collector_v2.job.index_feed_generators: listRecords failed repo=did:plc:gfxzmvj4najkrk7v4qauk3sm err=HttpError('InvalidRequest: Could not find repo: did:plc:gfxzmvj4najkrk7v4qauk3sm')
2026-03-03T07:48:42Z WARNING bsky_collector_v2.job.index_feed_generators: listRecords failed repo=did:plc:gfxzmvj4najkrk7v4qauk3sm err=HttpError('InvalidRequest: Could not find repo: did:plc:gfxzmvj4najkrk7v4qauk3sm')
2026-03-03T07:48:42Z WARNING bsky_collector_v2.job.index_feed_generators: listRecords failed repo=did:plc:gfxzmvj4najkrk7v4qauk3sm err=HttpError('InvalidRequest: Could not find repo: did:plc:gfxzmvj4najkrk7v4qauk3sm')
2026-03-03T07:48:43Z INFO bsky_collector_v2.job.index_feed_generators: enqueued repos page=10 mode=listRepos inserted=500 repos_returned=500 next_cursor=set
2026-03-03T07:48:51Z WARNING bsky_collector_v2.job.index_feed_generators: listRecords failed repo=did:plc:3mvgp55j2spbpgzhlzk5vp6q err=HttpError('InvalidRequest: Could not find repo: did:plc:3mvgp55j2spbpgzhlzk5vp6q')
2026-03-03T07:49:46Z WARNING bsky_collector_v2.job.index_feed_generators: listRecords failed repo=did:plc:hcsphgv6fk6l76eavavrinul err=HttpError('InvalidRequest: Could not find repo: did:plc:hcsphgv6fk6l76eavavrinul')
2026-03-03T07:49:52Z WARNING bsky_collector_v2.job.index_feed_generators: listRecords failed repo=did:plc:iveji5s5oxzyxu44udejloqp err=HttpError('InvalidRequest: Could not find repo: did:plc:iveji5s5oxzyxu44udejloqp')
2026-03-03T07:49:58Z INFO bsky_collector_v2.job.index_feed_generators: indexed repo=did:plc:kbdukktvc6atvoixsvd4bavs part=220 records=1 next_cursor=set
2026-03-03T07:50:28Z INFO bsky_collector_v2.job.index_feed_generators: indexed repo=did:plc:shzwxt4dylelme3eksq4wwoi part=221 records=1 next_cursor=set
2026-03-03T07:50:47Z WARNING bsky_collector_v2.job.index_feed_generators: listRecords failed repo=did:plc:w7q2tbterjg4qt7mqhx65prx err=HttpError('NotEnoughResources: NotEnoughResources')
2026-03-03T07:51:57Z WARNING bsky_collector_v2.job.index_feed_generators: listRecords failed repo=did:plc:3mvgp55j2spbpgzhlzk5vp6q err=HttpError('InvalidRequest: Could not find repo: did:plc:3mvgp55j2spbpgzhlzk5vp6q')
2026-03-03T07:51:57Z WARNING bsky_collector_v2.job.index_feed_generators: listRecords failed repo=did:plc:hcsphgv6fk6l76eavavrinul err=HttpError('InvalidRequest: Could not find repo: did:plc:hcsphgv6fk6l76eavavrinul')
2026-03-03T07:51:57Z WARNING bsky_collector_v2.job.index_feed_generators: listRecords failed repo=did:plc:iveji5s5oxzyxu44udejloqp err=HttpError('InvalidRequest: Could not find repo: did:plc:iveji5s5oxzyxu44udejloqp')
2026-03-03T07:52:00Z WARNING bsky_collector_v2.job.index_feed_generators: listRecords failed repo=did:plc:3mvgp55j2spbpgzhlzk5vp6q err=HttpError('InvalidRequest: Could not find repo: did:plc:3mvgp55j2spbpgzhlzk5vp6q')
2026-03-03T07:52:01Z WARNING bsky_collector_v2.job.index_feed_generators: listRecords failed repo=did:plc:hcsphgv6fk6l76eavavrinul err=HttpError('InvalidRequest: Could not find repo: did:plc:hcsphgv6fk6l76eavavrinul')
2026-03-03T07:52:01Z WARNING bsky_collector_v2.job.index_feed_generators: listRecords failed repo=did:plc:iveji5s5oxzyxu44udejloqp err=HttpError('InvalidRequest: Could not find repo: did:plc:iveji5s5oxzyxu44udejloqp')
2026-03-03T07:52:01Z INFO bsky_collector_v2.job.index_feed_generators: enqueued repos page=11 mode=listRepos inserted=500 repos_returned=500 next_cursor=set
2026-03-03T07:52:05Z INFO bsky_collector_v2.job.index_feed_generators: indexed repo=did:plc:33civ35wt37lrrghfybeqngu part=222 records=1 next_cursor=set
2026-03-03T07:52:11Z WARNING bsky_collector_v2.job.index_feed_generators: listRecords failed repo=did:plc:4xtyjuzksgmov2dwdmjkdka3 err=HttpError('InvalidRequest: Could not find repo: did:plc:4xtyjuzksgmov2dwdmjkdka3')
2026-03-03T07:52:57Z WARNING bsky_collector_v2.job.index_feed_generators: listRecords failed repo=did:plc:eszauil3ftpd34p7lpnlsubr err=HttpError('InvalidRequest: Could not find repo: did:plc:eszauil3ftpd34p7lpnlsubr')
2026-03-03T07:53:02Z WARNING bsky_collector_v2.job.index_feed_generators: listRecords failed repo=did:plc:g223wlnleeyqmnucikyg3l63 err=HttpError('InvalidRequest: Could not find repo: did:plc:g223wlnleeyqmnucikyg3l63')
2026-03-03T07:54:10Z INFO bsky_collector_v2.job.index_feed_generators: indexed repo=did:plc:tz33bvwdaxlvzph5c7vm7ohe part=223 records=1 next_cursor=set
2026-03-03T07:55:01Z WARNING bsky_collector_v2.job.index_feed_generators: listRecords failed repo=did:plc:4xtyjuzksgmov2dwdmjkdka3 err=HttpError('InvalidRequest: Could not find repo: did:plc:4xtyjuzksgmov2dwdmjkdka3')
2026-03-03T07:55:02Z WARNING bsky_collector_v2.job.index_feed_generators: listRecords failed repo=did:plc:eszauil3ftpd34p7lpnlsubr err=HttpError('InvalidRequest: Could not find repo: did:plc:eszauil3ftpd34p7lpnlsubr')
2026-03-03T07:55:02Z WARNING bsky_collector_v2.job.index_feed_generators: listRecords failed repo=did:plc:g223wlnleeyqmnucikyg3l63 err=HttpError('InvalidRequest: Could not find repo: did:plc:g223wlnleeyqmnucikyg3l63')
2026-03-03T07:55:02Z WARNING bsky_collector_v2.job.index_feed_generators: listRecords failed repo=did:plc:4xtyjuzksgmov2dwdmjkdka3 err=HttpError('InvalidRequest: Could not find repo: did:plc:4xtyjuzksgmov2dwdmjkdka3')
2026-03-03T07:55:02Z WARNING bsky_collector_v2.job.index_feed_generators: listRecords failed repo=did:plc:eszauil3ftpd34p7lpnlsubr err=HttpError('InvalidRequest: Could not find repo: did:plc:eszauil3ftpd34p7lpnlsubr')
2026-03-03T07:55:02Z WARNING bsky_collector_v2.job.index_feed_generators: listRecords failed repo=did:plc:g223wlnleeyqmnucikyg3l63 err=HttpError('InvalidRequest: Could not find repo: did:plc:g223wlnleeyqmnucikyg3l63')
2026-03-03T07:55:03Z INFO bsky_collector_v2.job.index_feed_generators: enqueued repos page=12 mode=listRepos inserted=500 repos_returned=500 next_cursor=set
2026-03-03T07:55:14Z WARNING bsky_collector_v2.job.index_feed_generators: listRecords failed repo=did:plc:5ftmo74dhvqnk5v4pbi3ow7r err=HttpError('InvalidRequest: Could not find repo: did:plc:5ftmo74dhvqnk5v4pbi3ow7r')
2026-03-03T07:55:23Z INFO bsky_collector_v2.job.index_feed_generators: indexed repo=did:plc:acfxnjfwb4gdv5ul63bip3jf part=224 records=1 next_cursor=set
2026-03-03T07:56:08Z INFO bsky_collector_v2.job.index_feed_generators: indexed repo=did:plc:cb5mxlvornkfkmqtzhpqwnce part=225 records=4 next_cursor=set
2026-03-03T07:57:45Z INFO bsky_collector_v2.job.index_feed_generators: indexed repo=did:plc:rt2lologuzhbnfodutgckg2o part=226 records=1 next_cursor=set
2026-03-03T07:58:53Z WARNING bsky_collector_v2.job.index_feed_generators: listRecords failed repo=did:plc:5ftmo74dhvqnk5v4pbi3ow7r err=HttpError('InvalidRequest: Could not find repo: did:plc:5ftmo74dhvqnk5v4pbi3ow7r')
2026-03-03T07:58:54Z WARNING bsky_collector_v2.job.index_feed_generators: listRecords failed repo=did:plc:5ftmo74dhvqnk5v4pbi3ow7r err=HttpError('InvalidRequest: Could not find repo: did:plc:5ftmo74dhvqnk5v4pbi3ow7r')
2026-03-03T07:58:55Z INFO bsky_collector_v2.job.index_feed_generators: enqueued repos page=13 mode=listRepos inserted=500 repos_returned=500 next_cursor=set
2026-03-03T08:00:51Z WARNING bsky_collector_v2.job.index_feed_generators: listRecords failed repo=did:plc:ibsr6rs4v2v3dsxo5vh7u7rx err=HttpError('InvalidRequest: Could not find repo: did:plc:ibsr6rs4v2v3dsxo5vh7u7rx')
2026-03-03T08:01:38Z WARNING bsky_collector_v2.job.index_feed_generators: listRecords failed repo=did:plc:thf3wjswtdybdl64i3fh6bav err=HttpError('InvalidRequest: Could not find repo: did:plc:thf3wjswtdybdl64i3fh6bav')
2026-03-03T08:02:01Z WARNING bsky_collector_v2.job.index_feed_generators: listRecords failed repo=did:plc:ibsr6rs4v2v3dsxo5vh7u7rx err=HttpError('InvalidRequest: Could not find repo: did:plc:ibsr6rs4v2v3dsxo5vh7u7rx')
2026-03-03T08:02:01Z WARNING bsky_collector_v2.job.index_feed_generators: listRecords failed repo=did:plc:thf3wjswtdybdl64i3fh6bav err=HttpError('InvalidRequest: Could not find repo: did:plc:thf3wjswtdybdl64i3fh6bav')
2026-03-03T08:02:01Z WARNING bsky_collector_v2.job.index_feed_generators: listRecords failed repo=did:plc:ibsr6rs4v2v3dsxo5vh7u7rx err=HttpError('InvalidRequest: Could not find repo: did:plc:ibsr6rs4v2v3dsxo5vh7u7rx')
2026-03-03T08:02:01Z WARNING bsky_collector_v2.job.index_feed_generators: listRecords failed repo=did:plc:thf3wjswtdybdl64i3fh6bav err=HttpError('InvalidRequest: Could not find repo: did:plc:thf3wjswtdybdl64i3fh6bav')
2026-03-03T08:02:02Z INFO bsky_collector_v2.job.index_feed_generators: enqueued repos page=14 mode=listRepos inserted=500 repos_returned=500 next_cursor=set
2026-03-03T08:03:00Z INFO bsky_collector_v2.job.index_feed_generators: indexed repo=did:plc:ekc72blermskvcciayjwlso6 part=227 records=1 next_cursor=set
2026-03-03T08:05:19Z INFO bsky_collector_v2.job.index_feed_generators: enqueued repos page=15 mode=listRepos inserted=500 repos_returned=500 next_cursor=set
2026-03-03T08:06:05Z WARNING bsky_collector_v2.job.index_feed_generators: listRecords failed repo=did:plc:ej4ld3jfbsskpd4zbgeupy3i err=HttpError('NotEnoughResources: NotEnoughResources')
2026-03-03T08:06:10Z WARNING bsky_collector_v2.job.index_feed_generators: listRecords failed repo=did:plc:ew2n7lzwp76fksozwzzuzx4k err=HttpError('NotEnoughResources: NotEnoughResources')
2026-03-03T08:07:07Z WARNING bsky_collector_v2.job.index_feed_generators: listRecords failed repo=did:plc:iu53ygwqhlfvavis4br3nnnq err=HttpError('InvalidRequest: Could not find repo: did:plc:iu53ygwqhlfvavis4br3nnnq')
2026-03-03T08:09:11Z WARNING bsky_collector_v2.job.index_feed_generators: listRecords failed repo=did:plc:ucih2rgqytgwh5lqgbxurn3d err=HttpError('InvalidRequest: Could not find repo: did:plc:ucih2rgqytgwh5lqgbxurn3d')
2026-03-03T08:10:11Z WARNING bsky_collector_v2.job.index_feed_generators: listRecords failed repo=did:plc:iu53ygwqhlfvavis4br3nnnq err=HttpError('InvalidRequest: Could not find repo: did:plc:iu53ygwqhlfvavis4br3nnnq')
2026-03-03T08:10:11Z WARNING bsky_collector_v2.job.index_feed_generators: listRecords failed repo=did:plc:ucih2rgqytgwh5lqgbxurn3d err=HttpError('InvalidRequest: Could not find repo: did:plc:ucih2rgqytgwh5lqgbxurn3d')
2026-03-03T08:10:12Z WARNING bsky_collector_v2.job.index_feed_generators: listRecords failed repo=did:plc:iu53ygwqhlfvavis4br3nnnq err=HttpError('InvalidRequest: Could not find repo: did:plc:iu53ygwqhlfvavis4br3nnnq')
2026-03-03T08:10:12Z WARNING bsky_collector_v2.job.index_feed_generators: listRecords failed repo=did:plc:ucih2rgqytgwh5lqgbxurn3d err=HttpError('InvalidRequest: Could not find repo: did:plc:ucih2rgqytgwh5lqgbxurn3d')
2026-03-03T08:10:12Z INFO bsky_collector_v2.job.index_feed_generators: enqueued repos page=16 mode=listRepos inserted=500 repos_returned=500 next_cursor=set
2026-03-03T08:10:53Z WARNING bsky_collector_v2.job.index_feed_generators: listRecords failed repo=did:plc:3dttjxayrv7kiptouxp3frwj err=HttpError('NotEnoughResources: NotEnoughResources')
2026-03-03T08:11:06Z WARNING bsky_collector_v2.job.index_feed_generators: listRecords failed repo=did:plc:4hh6wz4pa2urvba52jdt3r6k err=HttpError('NotEnoughResources: NotEnoughResources')
2026-03-03T08:11:29Z WARNING bsky_collector_v2.job.index_feed_generators: listRecords failed repo=did:plc:7fi4hl6w45x7jojn66qcbb4t err=HttpError('NotEnoughResources: NotEnoughResources')
2026-03-03T08:11:38Z WARNING bsky_collector_v2.job.index_feed_generators: listRecords failed repo=did:plc:aa57xiulkkbq2ciysi4dawrs err=HttpError('NotEnoughResources: NotEnoughResources')
2026-03-03T08:12:40Z INFO bsky_collector_v2.job.index_feed_generators: indexed repo=did:plc:jcxnd3xxb2jpm6ndqfokv4dn part=228 records=2 next_cursor=set
2026-03-03T08:12:48Z WARNING bsky_collector_v2.job.index_feed_generators: listRecords failed repo=did:plc:lphvg72ismwbmcrv2aqwnkby err=HttpError('InvalidRequest: Could not find repo: did:plc:lphvg72ismwbmcrv2aqwnkby')
