2026-02-23T21:10:37Z INFO bsky_collector_v2: out_base ok path=D:\BlueSky\data_v2_full mount=D:\
2026-02-23T21:10:37Z INFO bsky_collector_v2: job start subcommand=index-feed-generators dry_run=False resume=True
2026-02-23T21:10:38Z INFO bsky_collector_v2.job.index_feed_generators: feed generator index hosts relay_host=https://bsky.network records_host=https://bsky.social auth=yes
2026-02-23T21:11:04Z INFO bsky_collector_v2.job.index_feed_generators: indexed repo=did:plc:lmzkvgheogii7ujm6qyzp2i5 part=1636 records=1 next_cursor=set
2026-02-23T21:11:04Z INFO bsky_collector_v2.job.index_feed_generators: indexed repo=did:plc:ls7hl6uzgi6sekc7kxseh6qc part=1637 records=1 next_cursor=set
2026-02-23T21:11:20Z INFO bsky_collector_v2.job.index_feed_generators: indexed repo=did:plc:qmy3miivssrn3lmjejfxn3ed part=1638 records=2 next_cursor=set
2026-02-23T21:11:26Z INFO bsky_collector_v2.job.index_feed_generators: indexed repo=did:plc:sc4doz5igf2lk7kqypu2ituz part=1639 records=1 next_cursor=set
2026-02-23T21:11:35Z INFO bsky_collector_v2.job.index_feed_generators: indexed repo=did:plc:uvx2vdmupj6pmsbpkvyawki5 part=1640 records=2 next_cursor=set
2026-02-23T21:11:59Z INFO bsky_collector_v2.job.index_feed_generators: enqueued repos page=1 mode=listRepos inserted=500 repos_returned=500 next_cursor=set
2026-02-23T21:12:04Z WARNING bsky_collector_v2.job.index_feed_generators: listRecords failed repo=did:plc:3a2rfiel62me7cvh3bd5shfg err=HttpError('InvalidRequest: Could not find repo: did:plc:3a2rfiel62me7cvh3bd5shfg')
2026-02-23T21:12:34Z INFO bsky_collector_v2.job.index_feed_generators: indexed repo=did:plc:edmc6mkv6r3yrmbhtqzaljg2 part=1641 records=1 next_cursor=set
2026-02-23T21:12:51Z WARNING bsky_collector_v2.job.index_feed_generators: listRecords failed repo=did:plc:jhcdxjhcfpuatnm72oez7hog err=HttpError('InvalidRequest: Could not find repo: did:plc:jhcdxjhcfpuatnm72oez7hog')
2026-02-23T21:13:06Z WARNING bsky_collector_v2.job.index_feed_generators: listRecords failed repo=did:plc:oyjt2smlpcm5syv7aa45cx4u err=HttpError('InvalidRequest: Could not find repo: did:plc:oyjt2smlpcm5syv7aa45cx4u')
2026-02-23T21:13:07Z INFO bsky_collector_v2.job.index_feed_generators: indexed repo=did:plc:pnnjtskbtur4uyae3mhb4o2k part=1642 records=1 next_cursor=set
2026-02-23T21:13:10Z WARNING bsky_collector_v2.job.index_feed_generators: listRecords failed repo=did:plc:qf3inykudqdnjbnlj25upmlt err=HttpError('InvalidRequest: Could not find repo: did:plc:qf3inykudqdnjbnlj25upmlt')
2026-02-23T21:13:27Z INFO bsky_collector_v2.job.index_feed_generators: indexed repo=did:plc:vqtxme5e53gonxakqpfpsspg part=1643 records=1 next_cursor=set
2026-02-23T21:13:38Z WARNING bsky_collector_v2.job.index_feed_generators: listRecords failed repo=did:plc:3a2rfiel62me7cvh3bd5shfg err=HttpError('InvalidRequest: Could not find repo: did:plc:3a2rfiel62me7cvh3bd5shfg')
2026-02-23T21:13:39Z WARNING bsky_collector_v2.job.index_feed_generators: listRecords failed repo=did:plc:jhcdxjhcfpuatnm72oez7hog err=HttpError('InvalidRequest: Could not find repo: did:plc:jhcdxjhcfpuatnm72oez7hog')
2026-02-23T21:13:39Z WARNING bsky_collector_v2.job.index_feed_generators: listRecords failed repo=did:plc:oyjt2smlpcm5syv7aa45cx4u err=HttpError('InvalidRequest: Could not find repo: did:plc:oyjt2smlpcm5syv7aa45cx4u')
2026-02-23T21:13:39Z WARNING bsky_collector_v2.job.index_feed_generators: listRecords failed repo=did:plc:qf3inykudqdnjbnlj25upmlt err=HttpError('InvalidRequest: Could not find repo: did:plc:qf3inykudqdnjbnlj25upmlt')
2026-02-23T21:13:39Z WARNING bsky_collector_v2.job.index_feed_generators: listRecords failed repo=did:plc:3a2rfiel62me7cvh3bd5shfg err=HttpError('InvalidRequest: Could not find repo: did:plc:3a2rfiel62me7cvh3bd5shfg')
2026-02-23T21:13:39Z WARNING bsky_collector_v2.job.index_feed_generators: listRecords failed repo=did:plc:jhcdxjhcfpuatnm72oez7hog err=HttpError('InvalidRequest: Could not find repo: did:plc:jhcdxjhcfpuatnm72oez7hog')
2026-02-23T21:13:39Z WARNING bsky_collector_v2.job.index_feed_generators: listRecords failed repo=did:plc:oyjt2smlpcm5syv7aa45cx4u err=HttpError('InvalidRequest: Could not find repo: did:plc:oyjt2smlpcm5syv7aa45cx4u')
2026-02-23T21:13:39Z WARNING bsky_collector_v2.job.index_feed_generators: listRecords failed repo=did:plc:qf3inykudqdnjbnlj25upmlt err=HttpError('InvalidRequest: Could not find repo: did:plc:qf3inykudqdnjbnlj25upmlt')
2026-02-23T21:13:40Z INFO bsky_collector_v2.job.index_feed_generators: enqueued repos page=2 mode=listRepos inserted=500 repos_returned=500 next_cursor=set
2026-02-23T21:13:55Z WARNING bsky_collector_v2.job.index_feed_generators: listRecords failed repo=did:plc:74oihmagagvpu3aer2edn6iq err=HttpError('InvalidRequest: Could not find repo: did:plc:74oihmagagvpu3aer2edn6iq')
2026-02-23T21:14:11Z INFO bsky_collector_v2.job.index_feed_generators: indexed repo=did:plc:e67le57bkzxyremchnq4zcwu part=1644 records=1 next_cursor=set
2026-02-23T21:14:12Z WARNING bsky_collector_v2.job.index_feed_generators: listRecords failed repo=did:plc:epul3j6xxyupdxwtjlfclcun err=HttpError('InvalidRequest: Could not find repo: did:plc:epul3j6xxyupdxwtjlfclcun')
2026-02-23T21:14:24Z WARNING bsky_collector_v2.job.index_feed_generators: listRecords failed repo=did:plc:ivf2du6soitmfqhm6pyhr7hk err=HttpError('InvalidRequest: Could not find repo: did:plc:ivf2du6soitmfqhm6pyhr7hk')
2026-02-23T21:15:15Z WARNING bsky_collector_v2.job.index_feed_generators: listRecords failed repo=did:plc:w6wbwbvsn7slqes35jgdkn65 err=HttpError('InvalidRequest: Could not find repo: did:plc:w6wbwbvsn7slqes35jgdkn65')
2026-02-23T21:15:26Z WARNING bsky_collector_v2.job.index_feed_generators: listRecords failed repo=did:plc:74oihmagagvpu3aer2edn6iq err=HttpError('InvalidRequest: Could not find repo: did:plc:74oihmagagvpu3aer2edn6iq')
2026-02-23T21:15:26Z WARNING bsky_collector_v2.job.index_feed_generators: listRecords failed repo=did:plc:epul3j6xxyupdxwtjlfclcun err=HttpError('InvalidRequest: Could not find repo: did:plc:epul3j6xxyupdxwtjlfclcun')
2026-02-23T21:15:26Z WARNING bsky_collector_v2.job.index_feed_generators: listRecords failed repo=did:plc:ivf2du6soitmfqhm6pyhr7hk err=HttpError('InvalidRequest: Could not find repo: did:plc:ivf2du6soitmfqhm6pyhr7hk')
2026-02-23T21:15:26Z WARNING bsky_collector_v2.job.index_feed_generators: listRecords failed repo=did:plc:w6wbwbvsn7slqes35jgdkn65 err=HttpError('InvalidRequest: Could not find repo: did:plc:w6wbwbvsn7slqes35jgdkn65')
2026-02-23T21:15:26Z WARNING bsky_collector_v2.job.index_feed_generators: listRecords failed repo=did:plc:74oihmagagvpu3aer2edn6iq err=HttpError('InvalidRequest: Could not find repo: did:plc:74oihmagagvpu3aer2edn6iq')
2026-02-23T21:15:27Z WARNING bsky_collector_v2.job.index_feed_generators: listRecords failed repo=did:plc:epul3j6xxyupdxwtjlfclcun err=HttpError('InvalidRequest: Could not find repo: did:plc:epul3j6xxyupdxwtjlfclcun')
2026-02-23T21:15:27Z WARNING bsky_collector_v2.job.index_feed_generators: listRecords failed repo=did:plc:ivf2du6soitmfqhm6pyhr7hk err=HttpError('InvalidRequest: Could not find repo: did:plc:ivf2du6soitmfqhm6pyhr7hk')
2026-02-23T21:15:27Z WARNING bsky_collector_v2.job.index_feed_generators: listRecords failed repo=did:plc:w6wbwbvsn7slqes35jgdkn65 err=HttpError('InvalidRequest: Could not find repo: did:plc:w6wbwbvsn7slqes35jgdkn65')
2026-02-23T21:15:27Z INFO bsky_collector_v2.job.index_feed_generators: enqueued repos page=3 mode=listRepos inserted=500 repos_returned=500 next_cursor=set
2026-02-23T21:16:07Z INFO bsky_collector_v2.job.index_feed_generators: indexed repo=did:plc:ierlqfbgkunyde5754i7tp66 part=1645 records=1 next_cursor=set
2026-02-23T21:16:15Z INFO bsky_collector_v2.job.index_feed_generators: indexed repo=did:plc:kle676krqpkfv5yucjtujpq6 part=1646 records=2 next_cursor=set
2026-02-23T21:16:18Z WARNING bsky_collector_v2.job.index_feed_generators: listRecords failed repo=did:plc:lzmz3nr4xt7tf7sz35wg3fy7 err=HttpError('InvalidRequest: Could not find repo: did:plc:lzmz3nr4xt7tf7sz35wg3fy7')
2026-02-23T21:17:03Z WARNING bsky_collector_v2.job.index_feed_generators: listRecords failed repo=did:plc:lzmz3nr4xt7tf7sz35wg3fy7 err=HttpError('InvalidRequest: Could not find repo: did:plc:lzmz3nr4xt7tf7sz35wg3fy7')
2026-02-23T21:17:03Z WARNING bsky_collector_v2.job.index_feed_generators: listRecords failed repo=did:plc:lzmz3nr4xt7tf7sz35wg3fy7 err=HttpError('InvalidRequest: Could not find repo: did:plc:lzmz3nr4xt7tf7sz35wg3fy7')
2026-02-23T21:17:03Z INFO bsky_collector_v2.job.index_feed_generators: enqueued repos page=4 mode=listRepos inserted=500 repos_returned=500 next_cursor=set
2026-02-23T21:17:13Z INFO bsky_collector_v2.job.index_feed_generators: indexed repo=did:plc:5373jcukv4hdotwoiql5lbti part=1647 records=5 next_cursor=set
2026-02-23T21:17:13Z INFO bsky_collector_v2.job.index_feed_generators: indexed repo=did:plc:575copqjl2pimhtcihepazwb part=1648 records=1 next_cursor=set
2026-02-23T21:17:31Z WARNING bsky_collector_v2.job.index_feed_generators: listRecords failed repo=did:plc:dmc5kwerec44wli6yorqowos err=HttpError('InvalidRequest: Could not find repo: did:plc:dmc5kwerec44wli6yorqowos')
2026-02-23T21:18:00Z INFO bsky_collector_v2.job.index_feed_generators: indexed repo=did:plc:nb2cgkypdtbzazdo5jnqfeyn part=1649 records=1 next_cursor=set
2026-02-23T21:18:04Z INFO bsky_collector_v2.job.index_feed_generators: indexed repo=did:plc:oo7xlw37cp3rilnxw5chmi55 part=1650 records=4 next_cursor=set
2026-02-23T21:18:42Z WARNING bsky_collector_v2.job.index_feed_generators: listRecords failed repo=did:plc:dmc5kwerec44wli6yorqowos err=HttpError('InvalidRequest: Could not find repo: did:plc:dmc5kwerec44wli6yorqowos')
2026-02-23T21:18:43Z WARNING bsky_collector_v2.job.index_feed_generators: listRecords failed repo=did:plc:dmc5kwerec44wli6yorqowos err=HttpError('InvalidRequest: Could not find repo: did:plc:dmc5kwerec44wli6yorqowos')
2026-02-23T21:18:43Z INFO bsky_collector_v2.job.index_feed_generators: enqueued repos page=5 mode=listRepos inserted=500 repos_returned=500 next_cursor=set
2026-02-23T21:18:45Z INFO bsky_collector_v2.job.index_feed_generators: indexed repo=did:plc:2fm7fekeq6fr3su4p7hvoe4w part=1651 records=1 next_cursor=set
2026-02-23T21:18:48Z INFO bsky_collector_v2.job.index_feed_generators: indexed repo=did:plc:3gltsmxwljgynnvh3wmfqow7 part=1652 records=4 next_cursor=set
2026-02-23T21:19:10Z INFO bsky_collector_v2.job.index_feed_generators: indexed repo=did:plc:c6b4ungdy35yiint5kczefyo part=1653 records=1 next_cursor=set
2026-02-23T21:19:34Z WARNING bsky_collector_v2.job.index_feed_generators: listRecords failed repo=did:plc:jhcalts5izuwlplhrpitcjt3 err=HttpError('InvalidRequest: Could not find repo: did:plc:jhcalts5izuwlplhrpitcjt3')
2026-02-23T21:19:49Z INFO bsky_collector_v2.job.index_feed_generators: indexed repo=did:plc:nxbhhxile74ceigg2jnvhloe part=1654 records=1 next_cursor=set
2026-02-23T21:20:25Z INFO bsky_collector_v2.job.index_feed_generators: indexed repo=did:plc:z6zguampvyulzkosp442o47q part=1655 records=4 next_cursor=set
2026-02-23T21:20:29Z WARNING bsky_collector_v2.job.index_feed_generators: listRecords failed repo=did:plc:jhcalts5izuwlplhrpitcjt3 err=HttpError('InvalidRequest: Could not find repo: did:plc:jhcalts5izuwlplhrpitcjt3')
2026-02-23T21:20:29Z WARNING bsky_collector_v2.job.index_feed_generators: listRecords failed repo=did:plc:jhcalts5izuwlplhrpitcjt3 err=HttpError('InvalidRequest: Could not find repo: did:plc:jhcalts5izuwlplhrpitcjt3')
2026-02-23T21:20:30Z INFO bsky_collector_v2.job.index_feed_generators: enqueued repos page=6 mode=listRepos inserted=500 repos_returned=500 next_cursor=set
2026-02-23T21:20:34Z WARNING bsky_collector_v2.job.index_feed_generators: listRecords failed repo=did:plc:3bwgyks2qdiyb4fmtfz2bitd err=HttpError('InvalidRequest: Could not find repo: did:plc:3bwgyks2qdiyb4fmtfz2bitd')
2026-02-23T21:21:02Z INFO bsky_collector_v2.job.index_feed_generators: indexed repo=did:plc:dm4ial6ifxegoqnrudclyjj2 part=1656 records=2 next_cursor=set
2026-02-23T21:21:03Z INFO bsky_collector_v2.job.index_feed_generators: indexed repo=did:plc:e6ka5gwc4pnrbt4j6en226bq part=1657 records=2 next_cursor=set
2026-02-23T21:21:18Z INFO bsky_collector_v2.job.index_feed_generators: indexed repo=did:plc:hgr6xtn63g42otzvfphpfqzb part=1658 records=2 next_cursor=set
2026-02-23T21:22:16Z WARNING bsky_collector_v2.job.index_feed_generators: listRecords failed repo=did:plc:3bwgyks2qdiyb4fmtfz2bitd err=HttpError('InvalidRequest: Could not find repo: did:plc:3bwgyks2qdiyb4fmtfz2bitd')
2026-02-23T21:22:16Z WARNING bsky_collector_v2.job.index_feed_generators: listRecords failed repo=did:plc:3bwgyks2qdiyb4fmtfz2bitd err=HttpError('InvalidRequest: Could not find repo: did:plc:3bwgyks2qdiyb4fmtfz2bitd')
2026-02-23T21:22:17Z INFO bsky_collector_v2.job.index_feed_generators: enqueued repos page=7 mode=listRepos inserted=500 repos_returned=500 next_cursor=set
2026-02-23T21:22:20Z WARNING bsky_collector_v2.job.index_feed_generators: listRecords failed repo=did:plc:3ndyxvzaj5dbpy35ctwetwxy err=HttpError('InvalidRequest: Could not find repo: did:plc:3ndyxvzaj5dbpy35ctwetwxy')
2026-02-23T21:22:44Z INFO bsky_collector_v2.job.index_feed_generators: indexed repo=did:plc:baemouyvbs3rrzsbv76c4tth part=1659 records=2 next_cursor=set
2026-02-23T21:23:20Z INFO bsky_collector_v2.job.index_feed_generators: indexed repo=did:plc:nkediyo3f2kfevdyeulyuf2m part=1660 records=1 next_cursor=set
2026-02-23T21:23:53Z WARNING bsky_collector_v2.job.index_feed_generators: listRecords failed repo=did:plc:wpf6psmhmkxde3fypozlkmj4 err=HttpError('InvalidRequest: Could not find repo: did:plc:wpf6psmhmkxde3fypozlkmj4')
2026-02-23T21:24:04Z WARNING bsky_collector_v2.job.index_feed_generators: listRecords failed repo=did:plc:3ndyxvzaj5dbpy35ctwetwxy err=HttpError('InvalidRequest: Could not find repo: did:plc:3ndyxvzaj5dbpy35ctwetwxy')
2026-02-23T21:24:05Z WARNING bsky_collector_v2.job.index_feed_generators: listRecords failed repo=did:plc:wpf6psmhmkxde3fypozlkmj4 err=HttpError('InvalidRequest: Could not find repo: did:plc:wpf6psmhmkxde3fypozlkmj4')
2026-02-23T21:24:05Z WARNING bsky_collector_v2.job.index_feed_generators: listRecords failed repo=did:plc:3ndyxvzaj5dbpy35ctwetwxy err=HttpError('InvalidRequest: Could not find repo: did:plc:3ndyxvzaj5dbpy35ctwetwxy')
2026-02-23T21:24:05Z WARNING bsky_collector_v2.job.index_feed_generators: listRecords failed repo=did:plc:wpf6psmhmkxde3fypozlkmj4 err=HttpError('InvalidRequest: Could not find repo: did:plc:wpf6psmhmkxde3fypozlkmj4')
2026-02-23T21:24:05Z INFO bsky_collector_v2.job.index_feed_generators: enqueued repos page=8 mode=listRepos inserted=500 repos_returned=500 next_cursor=set
2026-02-23T21:24:17Z WARNING bsky_collector_v2.job.index_feed_generators: listRecords failed repo=did:plc:6433hjjr53at2u2pfqitoeo2 err=HttpError('InvalidRequest: Could not find repo: did:plc:6433hjjr53at2u2pfqitoeo2')
2026-02-23T21:24:47Z INFO bsky_collector_v2.job.index_feed_generators: indexed repo=did:plc:hp726532zynzhgednoaupzsn part=1661 records=1 next_cursor=set
2026-02-23T21:25:19Z INFO bsky_collector_v2.job.index_feed_generators: indexed repo=did:plc:pxqkejnpp2j7xugpyqbgi64x part=1662 records=8 next_cursor=set
2026-02-23T21:25:23Z INFO bsky_collector_v2.job.index_feed_generators: indexed repo=did:plc:rehyupv5ssrsdy2mr4fxlpet part=1663 records=1 next_cursor=set
2026-02-23T21:25:27Z INFO bsky_collector_v2.job.index_feed_generators: indexed repo=did:plc:skigpz2j7w5hji6blnxoi6x5 part=1664 records=1 next_cursor=set
2026-02-23T21:25:48Z WARNING bsky_collector_v2.job.index_feed_generators: listRecords failed repo=did:plc:6433hjjr53at2u2pfqitoeo2 err=HttpError('InvalidRequest: Could not find repo: did:plc:6433hjjr53at2u2pfqitoeo2')
2026-02-23T21:25:49Z WARNING bsky_collector_v2.job.index_feed_generators: listRecords failed repo=did:plc:6433hjjr53at2u2pfqitoeo2 err=HttpError('InvalidRequest: Could not find repo: did:plc:6433hjjr53at2u2pfqitoeo2')
2026-02-23T21:25:50Z INFO bsky_collector_v2.job.index_feed_generators: enqueued repos page=9 mode=listRepos inserted=500 repos_returned=500 next_cursor=set
2026-02-23T21:25:57Z INFO bsky_collector_v2.job.index_feed_generators: indexed repo=did:plc:4tgwrgiti2pfxb3bbg524v3c part=1665 records=5 next_cursor=set
2026-02-23T21:26:34Z INFO bsky_collector_v2.job.index_feed_generators: indexed repo=did:plc:gmu4fvraoc2o5fjmx4dp6rah part=1666 records=2 next_cursor=set
2026-02-23T21:27:52Z INFO bsky_collector_v2.job.index_feed_generators: enqueued repos page=10 mode=listRepos inserted=500 repos_returned=500 next_cursor=set
2026-02-23T21:27:55Z WARNING bsky_collector_v2.job.index_feed_generators: listRecords failed repo=did:plc:2s6e27w5swcjukiou7klyymh err=HttpError('InvalidRequest: Could not find repo: did:plc:2s6e27w5swcjukiou7klyymh')
2026-02-23T21:28:04Z WARNING bsky_collector_v2.job.index_feed_generators: listRecords failed repo=did:plc:53viwraakub4myezqqpx6zfn err=HttpError('InvalidRequest: Could not find repo: did:plc:53viwraakub4myezqqpx6zfn')
2026-02-23T21:28:46Z INFO bsky_collector_v2.job.index_feed_generators: indexed repo=did:plc:jvbumolgz5kk52e2bs5bkirl part=1667 records=1 next_cursor=set
2026-02-23T21:29:06Z WARNING bsky_collector_v2.job.index_feed_generators: listRecords failed repo=did:plc:q4xenj57uch3ceddphq2fufl err=HttpError('InvalidRequest: Could not find repo: did:plc:q4xenj57uch3ceddphq2fufl')
2026-02-23T21:29:09Z WARNING bsky_collector_v2.job.index_feed_generators: listRecords failed repo=did:plc:rhatstl7xfpd56eqv4werdjn err=HttpError('InvalidRequest: Could not find repo: did:plc:rhatstl7xfpd56eqv4werdjn')
2026-02-23T21:29:28Z WARNING bsky_collector_v2.job.index_feed_generators: listRecords failed repo=did:plc:xr7h6olsljzlm5iv52qij5eh err=HttpError('InvalidRequest: Could not find repo: did:plc:xr7h6olsljzlm5iv52qij5eh')
2026-02-23T21:29:35Z WARNING bsky_collector_v2.job.index_feed_generators: listRecords failed repo=did:plc:2s6e27w5swcjukiou7klyymh err=HttpError('InvalidRequest: Could not find repo: did:plc:2s6e27w5swcjukiou7klyymh')
2026-02-23T21:29:35Z WARNING bsky_collector_v2.job.index_feed_generators: listRecords failed repo=did:plc:53viwraakub4myezqqpx6zfn err=HttpError('InvalidRequest: Could not find repo: did:plc:53viwraakub4myezqqpx6zfn')
2026-02-23T21:29:35Z WARNING bsky_collector_v2.job.index_feed_generators: listRecords failed repo=did:plc:q4xenj57uch3ceddphq2fufl err=HttpError('InvalidRequest: Could not find repo: did:plc:q4xenj57uch3ceddphq2fufl')
2026-02-23T21:29:35Z WARNING bsky_collector_v2.job.index_feed_generators: listRecords failed repo=did:plc:rhatstl7xfpd56eqv4werdjn err=HttpError('InvalidRequest: Could not find repo: did:plc:rhatstl7xfpd56eqv4werdjn')
2026-02-23T21:29:35Z WARNING bsky_collector_v2.job.index_feed_generators: listRecords failed repo=did:plc:xr7h6olsljzlm5iv52qij5eh err=HttpError('InvalidRequest: Could not find repo: did:plc:xr7h6olsljzlm5iv52qij5eh')
2026-02-23T21:29:36Z WARNING bsky_collector_v2.job.index_feed_generators: listRecords failed repo=did:plc:2s6e27w5swcjukiou7klyymh err=HttpError('InvalidRequest: Could not find repo: did:plc:2s6e27w5swcjukiou7klyymh')
2026-02-23T21:29:36Z WARNING bsky_collector_v2.job.index_feed_generators: listRecords failed repo=did:plc:53viwraakub4myezqqpx6zfn err=HttpError('InvalidRequest: Could not find repo: did:plc:53viwraakub4myezqqpx6zfn')
2026-02-23T21:29:36Z WARNING bsky_collector_v2.job.index_feed_generators: listRecords failed repo=did:plc:q4xenj57uch3ceddphq2fufl err=HttpError('InvalidRequest: Could not find repo: did:plc:q4xenj57uch3ceddphq2fufl')
2026-02-23T21:29:36Z WARNING bsky_collector_v2.job.index_feed_generators: listRecords failed repo=did:plc:rhatstl7xfpd56eqv4werdjn err=HttpError('InvalidRequest: Could not find repo: did:plc:rhatstl7xfpd56eqv4werdjn')
2026-02-23T21:29:36Z WARNING bsky_collector_v2.job.index_feed_generators: listRecords failed repo=did:plc:xr7h6olsljzlm5iv52qij5eh err=HttpError('InvalidRequest: Could not find repo: did:plc:xr7h6olsljzlm5iv52qij5eh')
2026-02-23T21:29:37Z INFO bsky_collector_v2.job.index_feed_generators: enqueued repos page=11 mode=listRepos inserted=500 repos_returned=500 next_cursor=set
2026-02-23T21:29:52Z INFO bsky_collector_v2.job.index_feed_generators: indexed repo=did:plc:5innitufgiew6tnx4rwzb6be part=1668 records=1 next_cursor=set
2026-02-23T21:30:27Z INFO bsky_collector_v2.job.index_feed_generators: indexed repo=did:plc:j3jeilcdywtqhwgojk224qs2 part=1669 records=1 next_cursor=set
2026-02-23T21:31:15Z INFO bsky_collector_v2.job.index_feed_generators: enqueued repos page=12 mode=listRepos inserted=500 repos_returned=500 next_cursor=set
2026-02-23T21:31:26Z INFO bsky_collector_v2.job.index_feed_generators: indexed repo=did:plc:666csnxx4e465n2dojnmp5zx part=1670 records=2 next_cursor=set
2026-02-23T21:31:26Z WARNING bsky_collector_v2.job.index_feed_generators: listRecords failed repo=did:plc:6cqe5lm6b7vkoszgfwvk7fdy err=HttpError('InvalidRequest: Could not find repo: did:plc:6cqe5lm6b7vkoszgfwvk7fdy')
2026-02-23T21:32:24Z WARNING bsky_collector_v2.job.index_feed_generators: listRecords failed repo=did:plc:kbfscobjppg3anl7swca6b7p err=HttpError('InvalidRequest: Could not find repo: did:plc:kbfscobjppg3anl7swca6b7p')
2026-02-23T21:33:22Z WARNING bsky_collector_v2.job.index_feed_generators: listRecords failed repo=did:plc:6cqe5lm6b7vkoszgfwvk7fdy err=HttpError('InvalidRequest: Could not find repo: did:plc:6cqe5lm6b7vkoszgfwvk7fdy')
2026-02-23T21:33:22Z WARNING bsky_collector_v2.job.index_feed_generators: listRecords failed repo=did:plc:kbfscobjppg3anl7swca6b7p err=HttpError('InvalidRequest: Could not find repo: did:plc:kbfscobjppg3anl7swca6b7p')
2026-02-23T21:33:22Z WARNING bsky_collector_v2.job.index_feed_generators: listRecords failed repo=did:plc:6cqe5lm6b7vkoszgfwvk7fdy err=HttpError('InvalidRequest: Could not find repo: did:plc:6cqe5lm6b7vkoszgfwvk7fdy')
2026-02-23T21:33:22Z WARNING bsky_collector_v2.job.index_feed_generators: listRecords failed repo=did:plc:kbfscobjppg3anl7swca6b7p err=HttpError('InvalidRequest: Could not find repo: did:plc:kbfscobjppg3anl7swca6b7p')
2026-02-23T21:33:23Z INFO bsky_collector_v2.job.index_feed_generators: enqueued repos page=13 mode=listRepos inserted=500 repos_returned=500 next_cursor=set
2026-02-23T21:34:23Z INFO bsky_collector_v2.job.index_feed_generators: indexed repo=did:plc:ntzvtwpc4dkpszauphplqi5p part=1671 records=1 next_cursor=set
2026-02-23T21:34:39Z INFO bsky_collector_v2.job.index_feed_generators: indexed repo=did:plc:s72vj6igliekdfghkpp7dz45 part=1672 records=9 next_cursor=set
2026-02-23T21:34:40Z INFO bsky_collector_v2.job.index_feed_generators: indexed repo=did:plc:sft7esr74bttihf4q73ajqyz part=1673 records=1 next_cursor=set
2026-02-23T21:34:56Z INFO bsky_collector_v2.job.index_feed_generators: indexed repo=did:plc:wna4vzm44wz7hdnagcvmlup4 part=1674 records=2 next_cursor=set
2026-02-23T21:35:06Z INFO bsky_collector_v2.job.index_feed_generators: enqueued repos page=14 mode=listRepos inserted=500 repos_returned=500 next_cursor=set
2026-02-23T21:35:39Z INFO bsky_collector_v2.job.index_feed_generators: indexed repo=did:plc:dd7z4ydk2hjdoexijaqflo4t part=1675 records=3 next_cursor=set
2026-02-23T21:36:35Z INFO bsky_collector_v2.job.index_feed_generators: indexed repo=did:plc:xjbd745ncpeenlqj2bfwxdqx part=1676 records=3 next_cursor=set
2026-02-23T21:36:44Z INFO bsky_collector_v2.job.index_feed_generators: enqueued repos page=15 mode=listRepos inserted=500 repos_returned=500 next_cursor=set
2026-02-23T21:37:09Z INFO bsky_collector_v2.job.index_feed_generators: indexed repo=did:plc:bvufd66zuukxobngl4dajyn3 part=1677 records=1 next_cursor=set
2026-02-23T21:38:34Z INFO bsky_collector_v2.job.index_feed_generators: enqueued repos page=16 mode=listRepos inserted=500 repos_returned=500 next_cursor=set
2026-02-23T21:39:03Z INFO bsky_collector_v2.job.index_feed_generators: indexed repo=did:plc:difydzvmo2l5kzi5kjavdowd part=1678 records=1 next_cursor=set
2026-02-23T21:39:06Z INFO bsky_collector_v2.job.index_feed_generators: indexed repo=did:plc:epmuy4h42zukmhnwk6e2wuzk part=1679 records=1 next_cursor=set
2026-02-23T21:39:06Z INFO bsky_collector_v2.job.index_feed_generators: indexed repo=did:plc:eqrtc5i6tukjcx7apaophkkq part=1680 records=1 next_cursor=set
2026-02-23T21:40:13Z WARNING bsky_collector_v2.job.index_feed_generators: listRecords failed repo=did:plc:vupiyqgu3ym3yzxvtpwtotvv err=HttpError('InvalidRequest: Could not find repo: did:plc:vupiyqgu3ym3yzxvtpwtotvv')
2026-02-23T21:40:28Z WARNING bsky_collector_v2.job.index_feed_generators: listRecords failed repo=did:plc:vupiyqgu3ym3yzxvtpwtotvv err=HttpError('InvalidRequest: Could not find repo: did:plc:vupiyqgu3ym3yzxvtpwtotvv')
2026-02-23T21:40:28Z WARNING bsky_collector_v2.job.index_feed_generators: listRecords failed repo=did:plc:vupiyqgu3ym3yzxvtpwtotvv err=HttpError('InvalidRequest: Could not find repo: did:plc:vupiyqgu3ym3yzxvtpwtotvv')
2026-02-23T21:40:29Z INFO bsky_collector_v2.job.index_feed_generators: enqueued repos page=17 mode=listRepos inserted=500 repos_returned=500 next_cursor=set
2026-02-23T21:40:43Z INFO bsky_collector_v2.job.index_feed_generators: indexed repo=did:plc:5ufwmkr52gvsjxmykncdzam6 part=1681 records=1 next_cursor=set
2026-02-23T21:41:41Z WARNING bsky_collector_v2.job.index_feed_generators: listRecords failed repo=did:plc:lmk65j3wrhtdodw4byv2syjt err=HttpError('InvalidRequest: Could not find repo: did:plc:lmk65j3wrhtdodw4byv2syjt')
2026-02-23T21:42:38Z WARNING bsky_collector_v2.job.index_feed_generators: listRecords failed repo=did:plc:lmk65j3wrhtdodw4byv2syjt err=HttpError('InvalidRequest: Could not find repo: did:plc:lmk65j3wrhtdodw4byv2syjt')
2026-02-23T21:42:38Z WARNING bsky_collector_v2.job.index_feed_generators: listRecords failed repo=did:plc:lmk65j3wrhtdodw4byv2syjt err=HttpError('InvalidRequest: Could not find repo: did:plc:lmk65j3wrhtdodw4byv2syjt')
2026-02-23T21:42:39Z INFO bsky_collector_v2.job.index_feed_generators: enqueued repos page=18 mode=listRepos inserted=500 repos_returned=500 next_cursor=set
2026-02-23T21:42:48Z WARNING bsky_collector_v2.job.index_feed_generators: listRecords failed repo=did:plc:47cnbubjvwvzhkdbg7wlpdik err=HttpError('InvalidRequest: Could not find repo: did:plc:47cnbubjvwvzhkdbg7wlpdik')
2026-02-23T21:43:18Z INFO bsky_collector_v2.job.index_feed_generators: indexed repo=did:plc:ghvc4ohuekz3hyusl5cyppsa part=1682 records=3 next_cursor=set
2026-02-23T21:44:06Z WARNING bsky_collector_v2.job.index_feed_generators: listRecords failed repo=did:plc:wkawj4kbnfa4p3qgzvrz5j6l err=HttpError('InvalidRequest: Could not find repo: did:plc:wkawj4kbnfa4p3qgzvrz5j6l')
2026-02-23T21:44:17Z WARNING bsky_collector_v2.job.index_feed_generators: listRecords failed repo=did:plc:47cnbubjvwvzhkdbg7wlpdik err=HttpError('InvalidRequest: Could not find repo: did:plc:47cnbubjvwvzhkdbg7wlpdik')
2026-02-23T21:44:18Z WARNING bsky_collector_v2.job.index_feed_generators: listRecords failed repo=did:plc:wkawj4kbnfa4p3qgzvrz5j6l err=HttpError('InvalidRequest: Could not find repo: did:plc:wkawj4kbnfa4p3qgzvrz5j6l')
2026-02-23T21:44:18Z WARNING bsky_collector_v2.job.index_feed_generators: listRecords failed repo=did:plc:47cnbubjvwvzhkdbg7wlpdik err=HttpError('InvalidRequest: Could not find repo: did:plc:47cnbubjvwvzhkdbg7wlpdik')
2026-02-23T21:44:18Z WARNING bsky_collector_v2.job.index_feed_generators: listRecords failed repo=did:plc:wkawj4kbnfa4p3qgzvrz5j6l err=HttpError('InvalidRequest: Could not find repo: did:plc:wkawj4kbnfa4p3qgzvrz5j6l')
2026-02-23T21:44:19Z INFO bsky_collector_v2.job.index_feed_generators: enqueued repos page=19 mode=listRepos inserted=500 repos_returned=500 next_cursor=set
2026-02-23T21:44:26Z WARNING bsky_collector_v2.job.index_feed_generators: listRecords failed repo=did:plc:4lkhla44hnlaawtmipfrayvh err=HttpError('InvalidRequest: Could not find repo: did:plc:4lkhla44hnlaawtmipfrayvh')
2026-02-23T21:45:19Z INFO bsky_collector_v2.job.index_feed_generators: indexed repo=did:plc:nr4pc6il43rhnopbkhh73p7a part=1683 records=1 next_cursor=set
2026-02-23T21:45:43Z INFO bsky_collector_v2.job.index_feed_generators: indexed repo=did:plc:ufsbexczqpjutfzexkbys6z2 part=1684 records=1 next_cursor=set
2026-02-23T21:46:09Z WARNING bsky_collector_v2.job.index_feed_generators: listRecords failed repo=did:plc:4lkhla44hnlaawtmipfrayvh err=HttpError('InvalidRequest: Could not find repo: did:plc:4lkhla44hnlaawtmipfrayvh')
2026-02-23T21:46:10Z WARNING bsky_collector_v2.job.index_feed_generators: listRecords failed repo=did:plc:4lkhla44hnlaawtmipfrayvh err=HttpError('InvalidRequest: Could not find repo: did:plc:4lkhla44hnlaawtmipfrayvh')
2026-02-23T21:46:10Z INFO bsky_collector_v2.job.index_feed_generators: enqueued repos page=20 mode=listRepos inserted=500 repos_returned=500 next_cursor=set
2026-02-23T21:47:02Z WARNING bsky_collector_v2.job.index_feed_generators: listRecords failed repo=did:plc:llha2yppo243csk3t5sbesap err=HttpError('InvalidRequest: Could not find repo: did:plc:llha2yppo243csk3t5sbesap')
2026-02-23T21:47:22Z INFO bsky_collector_v2.job.index_feed_generators: indexed repo=did:plc:rtsxyy64zgbm3zevlpx6dony part=1685 records=1 next_cursor=set
2026-02-23T21:47:30Z INFO bsky_collector_v2.job.index_feed_generators: indexed repo=did:plc:tqw4ywtrsanv6zde45lyolmv part=1686 records=5 next_cursor=set
2026-02-23T21:47:52Z WARNING bsky_collector_v2.job.index_feed_generators: listRecords failed repo=did:plc:llha2yppo243csk3t5sbesap err=HttpError('InvalidRequest: Could not find repo: did:plc:llha2yppo243csk3t5sbesap')
2026-02-23T21:47:52Z WARNING bsky_collector_v2.job.index_feed_generators: listRecords failed repo=did:plc:llha2yppo243csk3t5sbesap err=HttpError('InvalidRequest: Could not find repo: did:plc:llha2yppo243csk3t5sbesap')
2026-02-23T21:47:53Z INFO bsky_collector_v2.job.index_feed_generators: enqueued repos page=21 mode=listRepos inserted=500 repos_returned=500 next_cursor=set
2026-02-23T21:48:13Z INFO bsky_collector_v2.job.index_feed_generators: indexed repo=did:plc:aswhtb3dypdlixhrcq6yshrv part=1687 records=7 next_cursor=set
2026-02-23T21:49:15Z WARNING bsky_collector_v2.job.index_feed_generators: listRecords failed repo=did:plc:vfpdg7zpt5outu7jglwg6tal err=HttpError('InvalidRequest: Could not find repo: did:plc:vfpdg7zpt5outu7jglwg6tal')
2026-02-23T21:49:30Z WARNING bsky_collector_v2.job.index_feed_generators: listRecords failed repo=did:plc:vfpdg7zpt5outu7jglwg6tal err=HttpError('InvalidRequest: Could not find repo: did:plc:vfpdg7zpt5outu7jglwg6tal')
2026-02-23T21:49:30Z WARNING bsky_collector_v2.job.index_feed_generators: listRecords failed repo=did:plc:vfpdg7zpt5outu7jglwg6tal err=HttpError('InvalidRequest: Could not find repo: did:plc:vfpdg7zpt5outu7jglwg6tal')
2026-02-23T21:49:31Z INFO bsky_collector_v2.job.index_feed_generators: enqueued repos page=22 mode=listRepos inserted=500 repos_returned=500 next_cursor=set
2026-02-23T21:49:32Z INFO bsky_collector_v2.job.index_feed_generators: indexed repo=did:plc:2ogbf5jtp5omqbhtl6zbqort part=1688 records=1 next_cursor=set
2026-02-23T21:50:16Z INFO bsky_collector_v2.job.index_feed_generators: indexed repo=did:plc:fnbmmgxxazozwncbp7dvjj76 part=1689 records=11 next_cursor=set
2026-02-23T21:50:27Z WARNING bsky_collector_v2.job.index_feed_generators: listRecords failed repo=did:plc:iqz2xf7bb5kqrpry2cowws72 err=HttpError('InvalidRequest: Could not find repo: did:plc:iqz2xf7bb5kqrpry2cowws72')
2026-02-23T21:50:30Z WARNING bsky_collector_v2.job.index_feed_generators: listRecords failed repo=did:plc:jx5fuhqbyhxpvpmf346jawiy err=HttpError('InvalidRequest: Could not find repo: did:plc:jx5fuhqbyhxpvpmf346jawiy')
2026-02-23T21:51:10Z INFO bsky_collector_v2.job.index_feed_generators: indexed repo=did:plc:xkawmgpf7ocrxzkf4bxgjgmj part=1690 records=3 next_cursor=set
2026-02-23T21:51:16Z WARNING bsky_collector_v2.job.index_feed_generators: listRecords failed repo=did:plc:iqz2xf7bb5kqrpry2cowws72 err=HttpError('InvalidRequest: Could not find repo: did:plc:iqz2xf7bb5kqrpry2cowws72')
2026-02-23T21:51:16Z WARNING bsky_collector_v2.job.index_feed_generators: listRecords failed repo=did:plc:jx5fuhqbyhxpvpmf346jawiy err=HttpError('InvalidRequest: Could not find repo: did:plc:jx5fuhqbyhxpvpmf346jawiy')
2026-02-23T21:51:16Z WARNING bsky_collector_v2.job.index_feed_generators: listRecords failed repo=did:plc:iqz2xf7bb5kqrpry2cowws72 err=HttpError('InvalidRequest: Could not find repo: did:plc:iqz2xf7bb5kqrpry2cowws72')
2026-02-23T21:51:16Z WARNING bsky_collector_v2.job.index_feed_generators: listRecords failed repo=did:plc:jx5fuhqbyhxpvpmf346jawiy err=HttpError('InvalidRequest: Could not find repo: did:plc:jx5fuhqbyhxpvpmf346jawiy')
2026-02-23T21:51:17Z INFO bsky_collector_v2.job.index_feed_generators: enqueued repos page=23 mode=listRepos inserted=500 repos_returned=500 next_cursor=set
2026-02-23T21:51:53Z WARNING bsky_collector_v2.job.index_feed_generators: listRecords failed repo=did:plc:el6cnwj7djbvcqauxqzjrif7 err=HttpError('InvalidRequest: Could not find repo: did:plc:el6cnwj7djbvcqauxqzjrif7')
2026-02-23T21:51:56Z INFO bsky_collector_v2.job.index_feed_generators: indexed repo=did:plc:fcoozcjrygog66p2z5zjcdc5 part=1691 records=3 next_cursor=set
2026-02-23T21:52:08Z INFO bsky_collector_v2.job.index_feed_generators: indexed repo=did:plc:jjtpnzw5pgp3cnuueqnanxqk part=1692 records=2 next_cursor=set
2026-02-23T21:52:18Z WARNING bsky_collector_v2.job.index_feed_generators: listRecords failed repo=did:plc:minwfg7fed3x4aubrwx4knwu err=HttpError('InvalidRequest: Could not find repo: did:plc:minwfg7fed3x4aubrwx4knwu')
2026-02-23T21:52:58Z INFO bsky_collector_v2.job.index_feed_generators: indexed repo=did:plc:vnurdziylm3wwpovqkvwagte part=1693 records=4 next_cursor=set
2026-02-23T21:53:09Z INFO bsky_collector_v2.job.index_feed_generators: indexed repo=did:plc:ymw6ba6fdhh3kpxxw37ficke part=1694 records=1 next_cursor=set
2026-02-23T21:53:13Z WARNING bsky_collector_v2.job.index_feed_generators: listRecords failed repo=did:plc:el6cnwj7djbvcqauxqzjrif7 err=HttpError('InvalidRequest: Could not find repo: did:plc:el6cnwj7djbvcqauxqzjrif7')
2026-02-23T21:53:13Z WARNING bsky_collector_v2.job.index_feed_generators: listRecords failed repo=did:plc:minwfg7fed3x4aubrwx4knwu err=HttpError('InvalidRequest: Could not find repo: did:plc:minwfg7fed3x4aubrwx4knwu')
2026-02-23T21:53:15Z WARNING bsky_collector_v2.job.index_feed_generators: listRecords failed repo=did:plc:el6cnwj7djbvcqauxqzjrif7 err=HttpError('InvalidRequest: Could not find repo: did:plc:el6cnwj7djbvcqauxqzjrif7')
2026-02-23T21:53:15Z WARNING bsky_collector_v2.job.index_feed_generators: listRecords failed repo=did:plc:minwfg7fed3x4aubrwx4knwu err=HttpError('InvalidRequest: Could not find repo: did:plc:minwfg7fed3x4aubrwx4knwu')
2026-02-23T21:53:16Z INFO bsky_collector_v2.job.index_feed_generators: enqueued repos page=24 mode=listRepos inserted=500 repos_returned=500 next_cursor=set
2026-02-23T21:53:25Z WARNING bsky_collector_v2.job.index_feed_generators: listRecords failed repo=did:plc:2zgydp7jjw6rhsx4my5745lw err=HttpError('InvalidRequest: Could not find repo: did:plc:2zgydp7jjw6rhsx4my5745lw')
2026-02-23T21:54:44Z INFO bsky_collector_v2.job.index_feed_generators: indexed repo=did:plc:she67nxmzig574krep3ehl7s part=1695 records=4 next_cursor=set
2026-02-23T21:54:52Z INFO bsky_collector_v2.job.index_feed_generators: indexed repo=did:plc:voo4da6inio7a7tu4zueqkgf part=1696 records=2 next_cursor=set
2026-02-23T21:54:58Z INFO bsky_collector_v2.job.index_feed_generators: indexed repo=did:plc:xga7rq7nfkpl7qkxi3zmgqnj part=1697 records=3 next_cursor=set
2026-02-23T21:55:05Z WARNING bsky_collector_v2.job.index_feed_generators: listRecords failed repo=did:plc:2zgydp7jjw6rhsx4my5745lw err=HttpError('InvalidRequest: Could not find repo: did:plc:2zgydp7jjw6rhsx4my5745lw')
2026-02-23T21:55:06Z WARNING bsky_collector_v2.job.index_feed_generators: listRecords failed repo=did:plc:2zgydp7jjw6rhsx4my5745lw err=HttpError('InvalidRequest: Could not find repo: did:plc:2zgydp7jjw6rhsx4my5745lw')
2026-02-23T21:55:07Z INFO bsky_collector_v2.job.index_feed_generators: enqueued repos page=25 mode=listRepos inserted=500 repos_returned=500 next_cursor=set
2026-02-23T21:55:58Z INFO bsky_collector_v2.job.index_feed_generators: indexed repo=did:plc:hjgb2qlquknsgexrvnyntbic part=1698 records=1 next_cursor=set
2026-02-23T21:56:54Z INFO bsky_collector_v2.job.index_feed_generators: enqueued repos page=26 mode=listRepos inserted=500 repos_returned=500 next_cursor=set
2026-02-23T21:57:17Z WARNING bsky_collector_v2.job.index_feed_generators: listRecords failed repo=did:plc:a7en6wtgn2iqjofkooun3nzr err=HttpError('InvalidRequest: Could not find repo: did:plc:a7en6wtgn2iqjofkooun3nzr')
2026-02-23T21:57:58Z INFO bsky_collector_v2.job.index_feed_generators: indexed repo=did:plc:kl6ex6qbi7qmzvvmype7ts7z part=1699 records=1 next_cursor=set
2026-02-23T21:58:13Z WARNING bsky_collector_v2.job.index_feed_generators: listRecords failed repo=did:plc:pfpiq75iixyg7n4jimhgiwu2 err=HttpError('InvalidRequest: Could not find repo: did:plc:pfpiq75iixyg7n4jimhgiwu2')
2026-02-23T21:58:16Z WARNING bsky_collector_v2.job.index_feed_generators: listRecords failed repo=did:plc:qn4mbqq23dfq2utbgcxqmprg err=HttpError('InvalidRequest: Could not find repo: did:plc:qn4mbqq23dfq2utbgcxqmprg')
2026-02-23T21:58:59Z WARNING bsky_collector_v2.job.index_feed_generators: listRecords failed repo=did:plc:a7en6wtgn2iqjofkooun3nzr err=HttpError('InvalidRequest: Could not find repo: did:plc:a7en6wtgn2iqjofkooun3nzr')
2026-02-23T21:58:59Z WARNING bsky_collector_v2.job.index_feed_generators: listRecords failed repo=did:plc:pfpiq75iixyg7n4jimhgiwu2 err=HttpError('InvalidRequest: Could not find repo: did:plc:pfpiq75iixyg7n4jimhgiwu2')
2026-02-23T21:58:59Z WARNING bsky_collector_v2.job.index_feed_generators: listRecords failed repo=did:plc:qn4mbqq23dfq2utbgcxqmprg err=HttpError('InvalidRequest: Could not find repo: did:plc:qn4mbqq23dfq2utbgcxqmprg')
2026-02-23T21:58:59Z WARNING bsky_collector_v2.job.index_feed_generators: listRecords failed repo=did:plc:a7en6wtgn2iqjofkooun3nzr err=HttpError('InvalidRequest: Could not find repo: did:plc:a7en6wtgn2iqjofkooun3nzr')
2026-02-23T21:59:00Z WARNING bsky_collector_v2.job.index_feed_generators: listRecords failed repo=did:plc:pfpiq75iixyg7n4jimhgiwu2 err=HttpError('InvalidRequest: Could not find repo: did:plc:pfpiq75iixyg7n4jimhgiwu2')
2026-02-23T21:59:00Z WARNING bsky_collector_v2.job.index_feed_generators: listRecords failed repo=did:plc:qn4mbqq23dfq2utbgcxqmprg err=HttpError('InvalidRequest: Could not find repo: did:plc:qn4mbqq23dfq2utbgcxqmprg')
2026-02-23T21:59:00Z INFO bsky_collector_v2.job.index_feed_generators: enqueued repos page=27 mode=listRepos inserted=500 repos_returned=500 next_cursor=set
2026-02-23T21:59:26Z INFO bsky_collector_v2.job.index_feed_generators: indexed repo=did:plc:c6w2dnyamhstpmpnkkuwpzzp part=1700 records=2 next_cursor=set
2026-02-23T22:00:41Z INFO bsky_collector_v2.job.index_feed_generators: enqueued repos page=28 mode=listRepos inserted=500 repos_returned=500 next_cursor=set
2026-02-23T22:00:42Z INFO bsky_collector_v2.job.index_feed_generators: indexed repo=did:plc:2hrpmln2rrrykc2eqbb6s3b7 part=1701 records=1 next_cursor=set
2026-02-23T22:01:09Z INFO bsky_collector_v2.job.index_feed_generators: indexed repo=did:plc:azaye6g5ulcpk6d4dp5boycz part=1702 records=3 next_cursor=set
2026-02-23T22:01:16Z WARNING bsky_collector_v2.job.index_feed_generators: listRecords failed repo=did:plc:cnjumtbub3x6r6besvcu4mmr err=HttpError('InvalidRequest: Could not find repo: did:plc:cnjumtbub3x6r6besvcu4mmr')
2026-02-23T22:02:06Z WARNING bsky_collector_v2.job.index_feed_generators: listRecords failed repo=did:plc:shy4rhcnhuvralvihsf3uy3p err=HttpError('InvalidRequest: Could not find repo: did:plc:shy4rhcnhuvralvihsf3uy3p')
2026-02-23T22:02:28Z WARNING bsky_collector_v2.job.index_feed_generators: listRecords failed repo=did:plc:cnjumtbub3x6r6besvcu4mmr err=HttpError('InvalidRequest: Could not find repo: did:plc:cnjumtbub3x6r6besvcu4mmr')
2026-02-23T22:02:28Z WARNING bsky_collector_v2.job.index_feed_generators: listRecords failed repo=did:plc:shy4rhcnhuvralvihsf3uy3p err=HttpError('InvalidRequest: Could not find repo: did:plc:shy4rhcnhuvralvihsf3uy3p')
2026-02-23T22:02:28Z WARNING bsky_collector_v2.job.index_feed_generators: listRecords failed repo=did:plc:cnjumtbub3x6r6besvcu4mmr err=HttpError('InvalidRequest: Could not find repo: did:plc:cnjumtbub3x6r6besvcu4mmr')
2026-02-23T22:02:28Z WARNING bsky_collector_v2.job.index_feed_generators: listRecords failed repo=did:plc:shy4rhcnhuvralvihsf3uy3p err=HttpError('InvalidRequest: Could not find repo: did:plc:shy4rhcnhuvralvihsf3uy3p')
2026-02-23T22:02:28Z INFO bsky_collector_v2.job.index_feed_generators: enqueued repos page=29 mode=listRepos inserted=500 repos_returned=500 next_cursor=set
2026-02-23T22:04:14Z INFO bsky_collector_v2.job.index_feed_generators: enqueued repos page=30 mode=listRepos inserted=500 repos_returned=500 next_cursor=set
2026-02-23T22:04:25Z INFO bsky_collector_v2.job.index_feed_generators: indexed repo=did:plc:5myrpo3slil3xardfzgb3yyc part=1703 records=2 next_cursor=set
2026-02-23T22:04:41Z WARNING bsky_collector_v2.job.index_feed_generators: listRecords failed repo=did:plc:cl3p42ugj5jzvrxj4txqyfqr err=HttpError('InvalidRequest: Could not find repo: did:plc:cl3p42ugj5jzvrxj4txqyfqr')
