2026-03-21T19:31:42Z INFO bsky_collector_v2: out_base ok path=/Volumes/T9/BlueSky/data_v2_full mount=/Volumes/T9
2026-03-21T19:31:42Z INFO bsky_collector_v2: job start subcommand=index-feed-generators dry_run=False resume=True
2026-03-21T19:31:42Z INFO bsky_collector_v2.job.index_feed_generators: feed generator index hosts relay_host=https://bsky.network records_host=https://bsky.social auth=yes
2026-03-21T19:31:54Z WARNING bsky_collector_v2.job.index_feed_generators: listRecords failed repo=did:plc:p5q4wyflovbh5lvg6to2yajv err=HttpError('InvalidRequest: Could not find repo: did:plc:p5q4wyflovbh5lvg6to2yajv')
2026-03-21T19:32:01Z INFO bsky_collector_v2.job.index_feed_generators: indexed repo=did:plc:rxjfuv5gji7t6y2yl6p5jb23 part=185 records=1 next_cursor=set
2026-03-21T19:32:25Z WARNING bsky_collector_v2.job.index_feed_generators: listRecords failed repo=did:plc:zhj5smoh2vc7r36nszkynsnj err=HttpError('InvalidRequest: Could not find repo: did:plc:zhj5smoh2vc7r36nszkynsnj')
2026-03-21T19:32:30Z WARNING bsky_collector_v2.job.index_feed_generators: listRecords failed repo=did:plc:35eruteodfvh4bk7y4zny7je err=HttpError('InvalidRequest: Could not find repo: did:plc:35eruteodfvh4bk7y4zny7je')
2026-03-21T19:32:30Z WARNING bsky_collector_v2.job.index_feed_generators: listRecords failed repo=did:plc:akckmsvn3urknqtqs5nsklic err=HttpError('InvalidRequest: Could not find repo: did:plc:akckmsvn3urknqtqs5nsklic')
2026-03-21T19:32:30Z WARNING bsky_collector_v2.job.index_feed_generators: listRecords failed repo=did:plc:cqd3qsihb3gptryvn5pder7x err=HttpError('InvalidRequest: Could not find repo: did:plc:cqd3qsihb3gptryvn5pder7x')
2026-03-21T19:32:31Z WARNING bsky_collector_v2.job.index_feed_generators: listRecords failed repo=did:plc:p5q4wyflovbh5lvg6to2yajv err=HttpError('InvalidRequest: Could not find repo: did:plc:p5q4wyflovbh5lvg6to2yajv')
2026-03-21T19:32:31Z WARNING bsky_collector_v2.job.index_feed_generators: listRecords failed repo=did:plc:zhj5smoh2vc7r36nszkynsnj err=HttpError('InvalidRequest: Could not find repo: did:plc:zhj5smoh2vc7r36nszkynsnj')
2026-03-21T19:32:31Z WARNING bsky_collector_v2.job.index_feed_generators: listRecords failed repo=did:plc:35eruteodfvh4bk7y4zny7je err=HttpError('InvalidRequest: Could not find repo: did:plc:35eruteodfvh4bk7y4zny7je')
2026-03-21T19:32:31Z WARNING bsky_collector_v2.job.index_feed_generators: listRecords failed repo=did:plc:akckmsvn3urknqtqs5nsklic err=HttpError('InvalidRequest: Could not find repo: did:plc:akckmsvn3urknqtqs5nsklic')
2026-03-21T19:32:31Z WARNING bsky_collector_v2.job.index_feed_generators: listRecords failed repo=did:plc:cqd3qsihb3gptryvn5pder7x err=HttpError('InvalidRequest: Could not find repo: did:plc:cqd3qsihb3gptryvn5pder7x')
2026-03-21T19:32:32Z WARNING bsky_collector_v2.job.index_feed_generators: listRecords failed repo=did:plc:p5q4wyflovbh5lvg6to2yajv err=HttpError('InvalidRequest: Could not find repo: did:plc:p5q4wyflovbh5lvg6to2yajv')
2026-03-21T19:32:32Z WARNING bsky_collector_v2.job.index_feed_generators: listRecords failed repo=did:plc:zhj5smoh2vc7r36nszkynsnj err=HttpError('InvalidRequest: Could not find repo: did:plc:zhj5smoh2vc7r36nszkynsnj')
2026-03-21T19:32:33Z INFO bsky_collector_v2.job.index_feed_generators: enqueued repos page=1 mode=listRepos inserted=500 repos_returned=500 next_cursor=set
2026-03-21T19:32:54Z WARNING bsky_collector_v2.job.index_feed_generators: listRecords failed repo=did:plc:acmsyrp2zocnjwhpifkmkdxm err=HttpError('InvalidRequest: Could not find repo: did:plc:acmsyrp2zocnjwhpifkmkdxm')
2026-03-21T19:32:56Z WARNING bsky_collector_v2.job.index_feed_generators: listRecords failed repo=did:plc:av5z7uijoeg2wcryqwqbcdyp err=HttpError('InvalidRequest: Could not find repo: did:plc:av5z7uijoeg2wcryqwqbcdyp')
2026-03-21T19:33:07Z WARNING bsky_collector_v2.job.index_feed_generators: listRecords failed repo=did:plc:fczptragfyias3uiu5anr75g err=HttpError('InvalidRequest: Could not find repo: did:plc:fczptragfyias3uiu5anr75g')
2026-03-21T19:33:19Z WARNING bsky_collector_v2.job.index_feed_generators: listRecords failed repo=did:plc:ifih2t3hdlosbdunucq5bnwd err=HttpError('InvalidRequest: Could not find repo: did:plc:ifih2t3hdlosbdunucq5bnwd')
2026-03-21T19:33:38Z WARNING bsky_collector_v2.job.index_feed_generators: listRecords failed repo=did:plc:pjk5tlugqvggtjquaozjn2jv err=HttpError('InvalidRequest: Could not find repo: did:plc:pjk5tlugqvggtjquaozjn2jv')
2026-03-21T19:33:51Z WARNING bsky_collector_v2.job.index_feed_generators: listRecords failed repo=did:plc:u4pm3jmgvag7f7lchire3xrn err=HttpError('InvalidRequest: Could not find repo: did:plc:u4pm3jmgvag7f7lchire3xrn')
2026-03-21T19:34:01Z WARNING bsky_collector_v2.job.index_feed_generators: listRecords failed repo=did:plc:yzphcg34kbjslmaaghq4mxhr err=HttpError('InvalidRequest: Could not find repo: did:plc:yzphcg34kbjslmaaghq4mxhr')
2026-03-21T19:34:04Z WARNING bsky_collector_v2.job.index_feed_generators: listRecords failed repo=did:plc:acmsyrp2zocnjwhpifkmkdxm err=HttpError('InvalidRequest: Could not find repo: did:plc:acmsyrp2zocnjwhpifkmkdxm')
2026-03-21T19:34:04Z WARNING bsky_collector_v2.job.index_feed_generators: listRecords failed repo=did:plc:av5z7uijoeg2wcryqwqbcdyp err=HttpError('InvalidRequest: Could not find repo: did:plc:av5z7uijoeg2wcryqwqbcdyp')
2026-03-21T19:34:04Z WARNING bsky_collector_v2.job.index_feed_generators: listRecords failed repo=did:plc:fczptragfyias3uiu5anr75g err=HttpError('InvalidRequest: Could not find repo: did:plc:fczptragfyias3uiu5anr75g')
2026-03-21T19:34:04Z WARNING bsky_collector_v2.job.index_feed_generators: listRecords failed repo=did:plc:ifih2t3hdlosbdunucq5bnwd err=HttpError('InvalidRequest: Could not find repo: did:plc:ifih2t3hdlosbdunucq5bnwd')
2026-03-21T19:34:04Z WARNING bsky_collector_v2.job.index_feed_generators: listRecords failed repo=did:plc:pjk5tlugqvggtjquaozjn2jv err=HttpError('InvalidRequest: Could not find repo: did:plc:pjk5tlugqvggtjquaozjn2jv')
2026-03-21T19:34:04Z WARNING bsky_collector_v2.job.index_feed_generators: listRecords failed repo=did:plc:u4pm3jmgvag7f7lchire3xrn err=HttpError('InvalidRequest: Could not find repo: did:plc:u4pm3jmgvag7f7lchire3xrn')
2026-03-21T19:34:04Z WARNING bsky_collector_v2.job.index_feed_generators: listRecords failed repo=did:plc:yzphcg34kbjslmaaghq4mxhr err=HttpError('InvalidRequest: Could not find repo: did:plc:yzphcg34kbjslmaaghq4mxhr')
2026-03-21T19:34:04Z WARNING bsky_collector_v2.job.index_feed_generators: listRecords failed repo=did:plc:acmsyrp2zocnjwhpifkmkdxm err=HttpError('InvalidRequest: Could not find repo: did:plc:acmsyrp2zocnjwhpifkmkdxm')
2026-03-21T19:34:05Z WARNING bsky_collector_v2.job.index_feed_generators: listRecords failed repo=did:plc:av5z7uijoeg2wcryqwqbcdyp err=HttpError('InvalidRequest: Could not find repo: did:plc:av5z7uijoeg2wcryqwqbcdyp')
2026-03-21T19:34:05Z WARNING bsky_collector_v2.job.index_feed_generators: listRecords failed repo=did:plc:fczptragfyias3uiu5anr75g err=HttpError('InvalidRequest: Could not find repo: did:plc:fczptragfyias3uiu5anr75g')
2026-03-21T19:34:05Z WARNING bsky_collector_v2.job.index_feed_generators: listRecords failed repo=did:plc:ifih2t3hdlosbdunucq5bnwd err=HttpError('InvalidRequest: Could not find repo: did:plc:ifih2t3hdlosbdunucq5bnwd')
2026-03-21T19:34:05Z WARNING bsky_collector_v2.job.index_feed_generators: listRecords failed repo=did:plc:pjk5tlugqvggtjquaozjn2jv err=HttpError('InvalidRequest: Could not find repo: did:plc:pjk5tlugqvggtjquaozjn2jv')
2026-03-21T19:34:05Z WARNING bsky_collector_v2.job.index_feed_generators: listRecords failed repo=did:plc:u4pm3jmgvag7f7lchire3xrn err=HttpError('InvalidRequest: Could not find repo: did:plc:u4pm3jmgvag7f7lchire3xrn')
2026-03-21T19:34:05Z WARNING bsky_collector_v2.job.index_feed_generators: listRecords failed repo=did:plc:yzphcg34kbjslmaaghq4mxhr err=HttpError('InvalidRequest: Could not find repo: did:plc:yzphcg34kbjslmaaghq4mxhr')
2026-03-21T19:34:06Z INFO bsky_collector_v2.job.index_feed_generators: enqueued repos page=2 mode=listRepos inserted=500 repos_returned=500 next_cursor=set
2026-03-21T19:34:36Z WARNING bsky_collector_v2.job.index_feed_generators: listRecords failed repo=did:plc:dhl3d2oa3j5ul3nrjykb23us err=HttpError('InvalidRequest: Could not find repo: did:plc:dhl3d2oa3j5ul3nrjykb23us')
2026-03-21T19:35:01Z WARNING bsky_collector_v2.job.index_feed_generators: listRecords failed repo=did:plc:hiedqmdcrvasq7qwgesmqd4k err=HttpError('InvalidRequest: Could not find repo: did:plc:hiedqmdcrvasq7qwgesmqd4k')
2026-03-21T19:35:10Z WARNING bsky_collector_v2.job.index_feed_generators: listRecords failed repo=did:plc:kqhi44ajelqdblabxjwhxle6 err=HttpError('InvalidRequest: Could not find repo: did:plc:kqhi44ajelqdblabxjwhxle6')
2026-03-21T19:35:36Z WARNING bsky_collector_v2.job.index_feed_generators: listRecords failed repo=did:plc:turth4wmg2lile4jb2dkao5l err=HttpError('InvalidRequest: Could not find repo: did:plc:turth4wmg2lile4jb2dkao5l')
2026-03-21T19:35:41Z WARNING bsky_collector_v2.job.index_feed_generators: listRecords failed repo=did:plc:vcnndy3bjkhvwwhkm37vbexy err=HttpError('InvalidRequest: Could not find repo: did:plc:vcnndy3bjkhvwwhkm37vbexy')
2026-03-21T19:36:00Z WARNING bsky_collector_v2.job.index_feed_generators: listRecords failed repo=did:plc:dhl3d2oa3j5ul3nrjykb23us err=HttpError('InvalidRequest: Could not find repo: did:plc:dhl3d2oa3j5ul3nrjykb23us')
2026-03-21T19:36:00Z WARNING bsky_collector_v2.job.index_feed_generators: listRecords failed repo=did:plc:hiedqmdcrvasq7qwgesmqd4k err=HttpError('InvalidRequest: Could not find repo: did:plc:hiedqmdcrvasq7qwgesmqd4k')
2026-03-21T19:36:00Z WARNING bsky_collector_v2.job.index_feed_generators: listRecords failed repo=did:plc:kqhi44ajelqdblabxjwhxle6 err=HttpError('InvalidRequest: Could not find repo: did:plc:kqhi44ajelqdblabxjwhxle6')
2026-03-21T19:36:00Z WARNING bsky_collector_v2.job.index_feed_generators: listRecords failed repo=did:plc:turth4wmg2lile4jb2dkao5l err=HttpError('InvalidRequest: Could not find repo: did:plc:turth4wmg2lile4jb2dkao5l')
2026-03-21T19:36:01Z WARNING bsky_collector_v2.job.index_feed_generators: listRecords failed repo=did:plc:vcnndy3bjkhvwwhkm37vbexy err=HttpError('InvalidRequest: Could not find repo: did:plc:vcnndy3bjkhvwwhkm37vbexy')
2026-03-21T19:36:01Z WARNING bsky_collector_v2.job.index_feed_generators: listRecords failed repo=did:plc:dhl3d2oa3j5ul3nrjykb23us err=HttpError('InvalidRequest: Could not find repo: did:plc:dhl3d2oa3j5ul3nrjykb23us')
2026-03-21T19:36:01Z WARNING bsky_collector_v2.job.index_feed_generators: listRecords failed repo=did:plc:hiedqmdcrvasq7qwgesmqd4k err=HttpError('InvalidRequest: Could not find repo: did:plc:hiedqmdcrvasq7qwgesmqd4k')
2026-03-21T19:36:01Z WARNING bsky_collector_v2.job.index_feed_generators: listRecords failed repo=did:plc:kqhi44ajelqdblabxjwhxle6 err=HttpError('InvalidRequest: Could not find repo: did:plc:kqhi44ajelqdblabxjwhxle6')
2026-03-21T19:36:01Z WARNING bsky_collector_v2.job.index_feed_generators: listRecords failed repo=did:plc:turth4wmg2lile4jb2dkao5l err=HttpError('InvalidRequest: Could not find repo: did:plc:turth4wmg2lile4jb2dkao5l')
2026-03-21T19:36:01Z WARNING bsky_collector_v2.job.index_feed_generators: listRecords failed repo=did:plc:vcnndy3bjkhvwwhkm37vbexy err=HttpError('InvalidRequest: Could not find repo: did:plc:vcnndy3bjkhvwwhkm37vbexy')
2026-03-21T19:36:02Z INFO bsky_collector_v2.job.index_feed_generators: enqueued repos page=3 mode=listRepos inserted=500 repos_returned=500 next_cursor=set
2026-03-21T19:36:31Z WARNING bsky_collector_v2.job.index_feed_generators: listRecords failed repo=did:plc:dgnsrxgtqtixsyjpwmb4a5j6 err=HttpError('InvalidRequest: Could not find repo: did:plc:dgnsrxgtqtixsyjpwmb4a5j6')
2026-03-21T19:37:00Z WARNING bsky_collector_v2.job.index_feed_generators: listRecords failed repo=did:plc:np3wap436abovozwrwx7tyrt err=HttpError('InvalidRequest: Could not find repo: did:plc:np3wap436abovozwrwx7tyrt')
2026-03-21T19:37:09Z WARNING bsky_collector_v2.job.index_feed_generators: listRecords failed repo=did:plc:raruw2jdccxxj3mpgxdes6pa err=HttpError('InvalidRequest: Could not find repo: did:plc:raruw2jdccxxj3mpgxdes6pa')
2026-03-21T19:37:33Z INFO bsky_collector_v2.job.index_feed_generators: indexed repo=did:plc:wnyk3asfh6zxnprldvawee73 part=186 records=1 next_cursor=set
2026-03-21T19:37:42Z WARNING bsky_collector_v2.job.index_feed_generators: listRecords failed repo=did:plc:zouej5hdzlo5qskmvswy7kjo err=HttpError('InvalidRequest: Could not find repo: did:plc:zouej5hdzlo5qskmvswy7kjo')
2026-03-21T19:37:43Z WARNING bsky_collector_v2.job.index_feed_generators: listRecords failed repo=did:plc:dgnsrxgtqtixsyjpwmb4a5j6 err=HttpError('InvalidRequest: Could not find repo: did:plc:dgnsrxgtqtixsyjpwmb4a5j6')
2026-03-21T19:37:43Z WARNING bsky_collector_v2.job.index_feed_generators: listRecords failed repo=did:plc:np3wap436abovozwrwx7tyrt err=HttpError('InvalidRequest: Could not find repo: did:plc:np3wap436abovozwrwx7tyrt')
2026-03-21T19:37:43Z WARNING bsky_collector_v2.job.index_feed_generators: listRecords failed repo=did:plc:raruw2jdccxxj3mpgxdes6pa err=HttpError('InvalidRequest: Could not find repo: did:plc:raruw2jdccxxj3mpgxdes6pa')
2026-03-21T19:37:43Z WARNING bsky_collector_v2.job.index_feed_generators: listRecords failed repo=did:plc:zouej5hdzlo5qskmvswy7kjo err=HttpError('InvalidRequest: Could not find repo: did:plc:zouej5hdzlo5qskmvswy7kjo')
2026-03-21T19:37:43Z WARNING bsky_collector_v2.job.index_feed_generators: listRecords failed repo=did:plc:dgnsrxgtqtixsyjpwmb4a5j6 err=HttpError('InvalidRequest: Could not find repo: did:plc:dgnsrxgtqtixsyjpwmb4a5j6')
2026-03-21T19:37:43Z WARNING bsky_collector_v2.job.index_feed_generators: listRecords failed repo=did:plc:np3wap436abovozwrwx7tyrt err=HttpError('InvalidRequest: Could not find repo: did:plc:np3wap436abovozwrwx7tyrt')
2026-03-21T19:37:43Z WARNING bsky_collector_v2.job.index_feed_generators: listRecords failed repo=did:plc:raruw2jdccxxj3mpgxdes6pa err=HttpError('InvalidRequest: Could not find repo: did:plc:raruw2jdccxxj3mpgxdes6pa')
2026-03-21T19:37:43Z WARNING bsky_collector_v2.job.index_feed_generators: listRecords failed repo=did:plc:zouej5hdzlo5qskmvswy7kjo err=HttpError('InvalidRequest: Could not find repo: did:plc:zouej5hdzlo5qskmvswy7kjo')
2026-03-21T19:37:44Z INFO bsky_collector_v2.job.index_feed_generators: enqueued repos page=4 mode=listRepos inserted=500 repos_returned=500 next_cursor=set
2026-03-21T19:37:44Z WARNING bsky_collector_v2.job.index_feed_generators: listRecords failed repo=did:plc:2bzpojhhjjgyopttph2t3x2h err=HttpError('InvalidRequest: Could not find repo: did:plc:2bzpojhhjjgyopttph2t3x2h')
2026-03-21T19:37:46Z WARNING bsky_collector_v2.job.index_feed_generators: listRecords failed repo=did:plc:2wj2tm5wxe53b7q2equux4nk err=HttpError('InvalidRequest: Could not find repo: did:plc:2wj2tm5wxe53b7q2equux4nk')
2026-03-21T19:38:13Z WARNING bsky_collector_v2.job.index_feed_generators: listRecords failed repo=did:plc:ejixvwagtdgwxud4vsoucnw4 err=HttpError('InvalidRequest: Could not find repo: did:plc:ejixvwagtdgwxud4vsoucnw4')
2026-03-21T19:38:41Z WARNING bsky_collector_v2.job.index_feed_generators: listRecords failed repo=did:plc:ppht4jnlcpxiujrsv3tamlno err=HttpError('InvalidRequest: Could not find repo: did:plc:ppht4jnlcpxiujrsv3tamlno')
2026-03-21T19:38:42Z WARNING bsky_collector_v2.job.index_feed_generators: listRecords failed repo=did:plc:q4hcptscva63gkqoluy5ytj7 err=HttpError('InvalidRequest: Could not find repo: did:plc:q4hcptscva63gkqoluy5ytj7')
2026-03-21T19:38:52Z INFO bsky_collector_v2.job.index_feed_generators: indexed repo=did:plc:t7tgpb2whpkkzte7el6mfq3c part=187 records=2 next_cursor=set
2026-03-21T19:38:56Z INFO bsky_collector_v2.job.index_feed_generators: indexed repo=did:plc:um77im7q2be3itazsknucv2z part=188 records=5 next_cursor=set
2026-03-21T19:39:01Z WARNING bsky_collector_v2.job.index_feed_generators: listRecords failed repo=did:plc:vr5fufjwgnbdsyptx6sp3olh err=HttpError('InvalidRequest: Could not find repo: did:plc:vr5fufjwgnbdsyptx6sp3olh')
2026-03-21T19:39:10Z WARNING bsky_collector_v2.job.index_feed_generators: listRecords failed repo=did:plc:zai3zlboadpemobr4jygzxo6 err=HttpError('InvalidRequest: Could not find repo: did:plc:zai3zlboadpemobr4jygzxo6')
2026-03-21T19:39:12Z WARNING bsky_collector_v2.job.index_feed_generators: listRecords failed repo=did:plc:2bzpojhhjjgyopttph2t3x2h err=HttpError('InvalidRequest: Could not find repo: did:plc:2bzpojhhjjgyopttph2t3x2h')
2026-03-21T19:39:12Z WARNING bsky_collector_v2.job.index_feed_generators: listRecords failed repo=did:plc:2wj2tm5wxe53b7q2equux4nk err=HttpError('InvalidRequest: Could not find repo: did:plc:2wj2tm5wxe53b7q2equux4nk')
2026-03-21T19:39:12Z WARNING bsky_collector_v2.job.index_feed_generators: listRecords failed repo=did:plc:ejixvwagtdgwxud4vsoucnw4 err=HttpError('InvalidRequest: Could not find repo: did:plc:ejixvwagtdgwxud4vsoucnw4')
2026-03-21T19:39:12Z WARNING bsky_collector_v2.job.index_feed_generators: listRecords failed repo=did:plc:ppht4jnlcpxiujrsv3tamlno err=HttpError('InvalidRequest: Could not find repo: did:plc:ppht4jnlcpxiujrsv3tamlno')
2026-03-21T19:39:12Z WARNING bsky_collector_v2.job.index_feed_generators: listRecords failed repo=did:plc:q4hcptscva63gkqoluy5ytj7 err=HttpError('InvalidRequest: Could not find repo: did:plc:q4hcptscva63gkqoluy5ytj7')
2026-03-21T19:39:13Z WARNING bsky_collector_v2.job.index_feed_generators: listRecords failed repo=did:plc:vr5fufjwgnbdsyptx6sp3olh err=HttpError('InvalidRequest: Could not find repo: did:plc:vr5fufjwgnbdsyptx6sp3olh')
2026-03-21T19:39:13Z WARNING bsky_collector_v2.job.index_feed_generators: listRecords failed repo=did:plc:zai3zlboadpemobr4jygzxo6 err=HttpError('InvalidRequest: Could not find repo: did:plc:zai3zlboadpemobr4jygzxo6')
2026-03-21T19:39:13Z WARNING bsky_collector_v2.job.index_feed_generators: listRecords failed repo=did:plc:2bzpojhhjjgyopttph2t3x2h err=HttpError('InvalidRequest: Could not find repo: did:plc:2bzpojhhjjgyopttph2t3x2h')
2026-03-21T19:39:13Z WARNING bsky_collector_v2.job.index_feed_generators: listRecords failed repo=did:plc:2wj2tm5wxe53b7q2equux4nk err=HttpError('InvalidRequest: Could not find repo: did:plc:2wj2tm5wxe53b7q2equux4nk')
2026-03-21T19:39:13Z WARNING bsky_collector_v2.job.index_feed_generators: listRecords failed repo=did:plc:ejixvwagtdgwxud4vsoucnw4 err=HttpError('InvalidRequest: Could not find repo: did:plc:ejixvwagtdgwxud4vsoucnw4')
2026-03-21T19:39:13Z WARNING bsky_collector_v2.job.index_feed_generators: listRecords failed repo=did:plc:ppht4jnlcpxiujrsv3tamlno err=HttpError('InvalidRequest: Could not find repo: did:plc:ppht4jnlcpxiujrsv3tamlno')
2026-03-21T19:39:13Z WARNING bsky_collector_v2.job.index_feed_generators: listRecords failed repo=did:plc:q4hcptscva63gkqoluy5ytj7 err=HttpError('InvalidRequest: Could not find repo: did:plc:q4hcptscva63gkqoluy5ytj7')
2026-03-21T19:39:13Z WARNING bsky_collector_v2.job.index_feed_generators: listRecords failed repo=did:plc:vr5fufjwgnbdsyptx6sp3olh err=HttpError('InvalidRequest: Could not find repo: did:plc:vr5fufjwgnbdsyptx6sp3olh')
2026-03-21T19:39:13Z WARNING bsky_collector_v2.job.index_feed_generators: listRecords failed repo=did:plc:zai3zlboadpemobr4jygzxo6 err=HttpError('InvalidRequest: Could not find repo: did:plc:zai3zlboadpemobr4jygzxo6')
2026-03-21T19:39:14Z INFO bsky_collector_v2.job.index_feed_generators: enqueued repos page=5 mode=listRepos inserted=500 repos_returned=500 next_cursor=set
2026-03-21T19:39:29Z WARNING bsky_collector_v2.job.index_feed_generators: listRecords failed repo=did:plc:alumlopgnfpuq6zadi2ngfyx err=HttpError('InvalidRequest: Could not find repo: did:plc:alumlopgnfpuq6zadi2ngfyx')
2026-03-21T19:39:37Z WARNING bsky_collector_v2.job.index_feed_generators: listRecords failed repo=did:plc:dzvyzy7s56t6jp3isarrlu7a err=HttpError('InvalidRequest: Could not find repo: did:plc:dzvyzy7s56t6jp3isarrlu7a')
2026-03-21T19:39:47Z WARNING bsky_collector_v2.job.index_feed_generators: listRecords failed repo=did:plc:ibic6yhsvyxhvgvijkn7gcvf err=HttpError('InvalidRequest: Could not find repo: did:plc:ibic6yhsvyxhvgvijkn7gcvf')
2026-03-21T19:39:53Z WARNING bsky_collector_v2.job.index_feed_generators: listRecords failed repo=did:plc:ka5iqp4sllf677cpwlkvz24y err=HttpError('InvalidRequest: Could not find repo: did:plc:ka5iqp4sllf677cpwlkvz24y')
2026-03-21T19:39:58Z WARNING bsky_collector_v2.job.index_feed_generators: listRecords failed repo=did:plc:m76p5q4fruy5lrmwx34kn6cb err=HttpError('InvalidRequest: Could not find repo: did:plc:m76p5q4fruy5lrmwx34kn6cb')
2026-03-21T19:40:11Z WARNING bsky_collector_v2.job.index_feed_generators: listRecords failed repo=did:plc:rc3gkqs2dmkcemu3qnmwkgen err=HttpError('InvalidRequest: Could not find repo: did:plc:rc3gkqs2dmkcemu3qnmwkgen')
2026-03-21T19:40:29Z WARNING bsky_collector_v2.job.index_feed_generators: listRecords failed repo=did:plc:vunnpxjcdclfg4c5wix4j2he err=HttpError('InvalidRequest: Could not find repo: did:plc:vunnpxjcdclfg4c5wix4j2he')
2026-03-21T19:40:47Z WARNING bsky_collector_v2.job.index_feed_generators: listRecords failed repo=did:plc:alumlopgnfpuq6zadi2ngfyx err=HttpError('InvalidRequest: Could not find repo: did:plc:alumlopgnfpuq6zadi2ngfyx')
2026-03-21T19:40:47Z WARNING bsky_collector_v2.job.index_feed_generators: listRecords failed repo=did:plc:dzvyzy7s56t6jp3isarrlu7a err=HttpError('InvalidRequest: Could not find repo: did:plc:dzvyzy7s56t6jp3isarrlu7a')
2026-03-21T19:40:47Z WARNING bsky_collector_v2.job.index_feed_generators: listRecords failed repo=did:plc:ibic6yhsvyxhvgvijkn7gcvf err=HttpError('InvalidRequest: Could not find repo: did:plc:ibic6yhsvyxhvgvijkn7gcvf')
2026-03-21T19:40:47Z WARNING bsky_collector_v2.job.index_feed_generators: listRecords failed repo=did:plc:ka5iqp4sllf677cpwlkvz24y err=HttpError('InvalidRequest: Could not find repo: did:plc:ka5iqp4sllf677cpwlkvz24y')
2026-03-21T19:40:47Z WARNING bsky_collector_v2.job.index_feed_generators: listRecords failed repo=did:plc:m76p5q4fruy5lrmwx34kn6cb err=HttpError('InvalidRequest: Could not find repo: did:plc:m76p5q4fruy5lrmwx34kn6cb')
2026-03-21T19:40:48Z WARNING bsky_collector_v2.job.index_feed_generators: listRecords failed repo=did:plc:rc3gkqs2dmkcemu3qnmwkgen err=HttpError('InvalidRequest: Could not find repo: did:plc:rc3gkqs2dmkcemu3qnmwkgen')
2026-03-21T19:40:48Z WARNING bsky_collector_v2.job.index_feed_generators: listRecords failed repo=did:plc:vunnpxjcdclfg4c5wix4j2he err=HttpError('InvalidRequest: Could not find repo: did:plc:vunnpxjcdclfg4c5wix4j2he')
2026-03-21T19:40:48Z WARNING bsky_collector_v2.job.index_feed_generators: listRecords failed repo=did:plc:alumlopgnfpuq6zadi2ngfyx err=HttpError('InvalidRequest: Could not find repo: did:plc:alumlopgnfpuq6zadi2ngfyx')
2026-03-21T19:40:48Z WARNING bsky_collector_v2.job.index_feed_generators: listRecords failed repo=did:plc:dzvyzy7s56t6jp3isarrlu7a err=HttpError('InvalidRequest: Could not find repo: did:plc:dzvyzy7s56t6jp3isarrlu7a')
2026-03-21T19:40:48Z WARNING bsky_collector_v2.job.index_feed_generators: listRecords failed repo=did:plc:ibic6yhsvyxhvgvijkn7gcvf err=HttpError('InvalidRequest: Could not find repo: did:plc:ibic6yhsvyxhvgvijkn7gcvf')
2026-03-21T19:40:48Z WARNING bsky_collector_v2.job.index_feed_generators: listRecords failed repo=did:plc:ka5iqp4sllf677cpwlkvz24y err=HttpError('InvalidRequest: Could not find repo: did:plc:ka5iqp4sllf677cpwlkvz24y')
2026-03-21T19:40:48Z WARNING bsky_collector_v2.job.index_feed_generators: listRecords failed repo=did:plc:m76p5q4fruy5lrmwx34kn6cb err=HttpError('InvalidRequest: Could not find repo: did:plc:m76p5q4fruy5lrmwx34kn6cb')
2026-03-21T19:40:48Z WARNING bsky_collector_v2.job.index_feed_generators: listRecords failed repo=did:plc:rc3gkqs2dmkcemu3qnmwkgen err=HttpError('InvalidRequest: Could not find repo: did:plc:rc3gkqs2dmkcemu3qnmwkgen')
2026-03-21T19:40:48Z WARNING bsky_collector_v2.job.index_feed_generators: listRecords failed repo=did:plc:vunnpxjcdclfg4c5wix4j2he err=HttpError('InvalidRequest: Could not find repo: did:plc:vunnpxjcdclfg4c5wix4j2he')
2026-03-21T19:40:49Z INFO bsky_collector_v2.job.index_feed_generators: enqueued repos page=6 mode=listRepos inserted=500 repos_returned=500 next_cursor=set
2026-03-21T19:40:50Z WARNING bsky_collector_v2.job.index_feed_generators: listRecords failed repo=did:plc:3edio4kl2ez77jt5pxwiozgv err=HttpError('InvalidRequest: Could not find repo: did:plc:3edio4kl2ez77jt5pxwiozgv')
2026-03-21T19:41:02Z WARNING bsky_collector_v2.job.index_feed_generators: listRecords failed repo=did:plc:7vnvi7hqissor6wcbu4fxw7d err=HttpError('InvalidRequest: Could not find repo: did:plc:7vnvi7hqissor6wcbu4fxw7d')
2026-03-21T19:41:41Z WARNING bsky_collector_v2.job.index_feed_generators: listRecords failed repo=did:plc:kqfgncamf4ulzaqkhzacnx7t err=HttpError('InvalidRequest: Could not find repo: did:plc:kqfgncamf4ulzaqkhzacnx7t')
2026-03-21T19:42:19Z WARNING bsky_collector_v2.job.index_feed_generators: listRecords failed repo=did:plc:xxmzdgqff3jyjvicmalonx55 err=HttpError('InvalidRequest: Could not find repo: did:plc:xxmzdgqff3jyjvicmalonx55')
2026-03-21T19:42:22Z WARNING bsky_collector_v2.job.index_feed_generators: listRecords failed repo=did:plc:ypvcgm2a26aszxnrhe65bdnd err=HttpError('InvalidRequest: Could not find repo: did:plc:ypvcgm2a26aszxnrhe65bdnd')
2026-03-21T19:42:24Z WARNING bsky_collector_v2.job.index_feed_generators: listRecords failed repo=did:plc:zicwwbnvexppxpqadebnegfb err=HttpError('InvalidRequest: Could not find repo: did:plc:zicwwbnvexppxpqadebnegfb')
2026-03-21T19:42:26Z WARNING bsky_collector_v2.job.index_feed_generators: listRecords failed repo=did:plc:3edio4kl2ez77jt5pxwiozgv err=HttpError('InvalidRequest: Could not find repo: did:plc:3edio4kl2ez77jt5pxwiozgv')
2026-03-21T19:42:26Z WARNING bsky_collector_v2.job.index_feed_generators: listRecords failed repo=did:plc:7vnvi7hqissor6wcbu4fxw7d err=HttpError('InvalidRequest: Could not find repo: did:plc:7vnvi7hqissor6wcbu4fxw7d')
2026-03-21T19:42:26Z WARNING bsky_collector_v2.job.index_feed_generators: listRecords failed repo=did:plc:kqfgncamf4ulzaqkhzacnx7t err=HttpError('InvalidRequest: Could not find repo: did:plc:kqfgncamf4ulzaqkhzacnx7t')
2026-03-21T19:42:26Z WARNING bsky_collector_v2.job.index_feed_generators: listRecords failed repo=did:plc:xxmzdgqff3jyjvicmalonx55 err=HttpError('InvalidRequest: Could not find repo: did:plc:xxmzdgqff3jyjvicmalonx55')
2026-03-21T19:42:26Z WARNING bsky_collector_v2.job.index_feed_generators: listRecords failed repo=did:plc:ypvcgm2a26aszxnrhe65bdnd err=HttpError('InvalidRequest: Could not find repo: did:plc:ypvcgm2a26aszxnrhe65bdnd')
2026-03-21T19:42:26Z WARNING bsky_collector_v2.job.index_feed_generators: listRecords failed repo=did:plc:zicwwbnvexppxpqadebnegfb err=HttpError('InvalidRequest: Could not find repo: did:plc:zicwwbnvexppxpqadebnegfb')
2026-03-21T19:42:26Z WARNING bsky_collector_v2.job.index_feed_generators: listRecords failed repo=did:plc:3edio4kl2ez77jt5pxwiozgv err=HttpError('InvalidRequest: Could not find repo: did:plc:3edio4kl2ez77jt5pxwiozgv')
2026-03-21T19:42:26Z WARNING bsky_collector_v2.job.index_feed_generators: listRecords failed repo=did:plc:7vnvi7hqissor6wcbu4fxw7d err=HttpError('InvalidRequest: Could not find repo: did:plc:7vnvi7hqissor6wcbu4fxw7d')
2026-03-21T19:42:26Z WARNING bsky_collector_v2.job.index_feed_generators: listRecords failed repo=did:plc:kqfgncamf4ulzaqkhzacnx7t err=HttpError('InvalidRequest: Could not find repo: did:plc:kqfgncamf4ulzaqkhzacnx7t')
2026-03-21T19:42:26Z WARNING bsky_collector_v2.job.index_feed_generators: listRecords failed repo=did:plc:xxmzdgqff3jyjvicmalonx55 err=HttpError('InvalidRequest: Could not find repo: did:plc:xxmzdgqff3jyjvicmalonx55')
2026-03-21T19:42:26Z WARNING bsky_collector_v2.job.index_feed_generators: listRecords failed repo=did:plc:ypvcgm2a26aszxnrhe65bdnd err=HttpError('InvalidRequest: Could not find repo: did:plc:ypvcgm2a26aszxnrhe65bdnd')
2026-03-21T19:42:26Z WARNING bsky_collector_v2.job.index_feed_generators: listRecords failed repo=did:plc:zicwwbnvexppxpqadebnegfb err=HttpError('InvalidRequest: Could not find repo: did:plc:zicwwbnvexppxpqadebnegfb')
2026-03-21T19:42:27Z INFO bsky_collector_v2.job.index_feed_generators: enqueued repos page=7 mode=listRepos inserted=500 repos_returned=500 next_cursor=set
2026-03-21T19:42:28Z WARNING bsky_collector_v2.job.index_feed_generators: listRecords failed repo=did:plc:26kra3m4tarlm35zqnplnqkn err=HttpError('InvalidRequest: Could not find repo: did:plc:26kra3m4tarlm35zqnplnqkn')
2026-03-21T19:42:29Z WARNING bsky_collector_v2.job.index_feed_generators: listRecords failed repo=did:plc:2ytm4nyfcx5sxnfcjmvkfm33 err=HttpError('InvalidRequest: Could not find repo: did:plc:2ytm4nyfcx5sxnfcjmvkfm33')
2026-03-21T19:43:00Z WARNING bsky_collector_v2.job.index_feed_generators: listRecords failed repo=did:plc:cerznj3mzkl5i4hjzucsubtx err=HttpError('InvalidRequest: Could not find repo: did:plc:cerznj3mzkl5i4hjzucsubtx')
2026-03-21T19:43:17Z WARNING bsky_collector_v2.job.index_feed_generators: listRecords failed repo=did:plc:hoejdzrsjj7mxexispk6fzc7 err=HttpError('InvalidRequest: Could not find repo: did:plc:hoejdzrsjj7mxexispk6fzc7')
2026-03-21T19:43:17Z WARNING bsky_collector_v2.job.index_feed_generators: listRecords failed repo=did:plc:hz6cqra2inh32mjtatzh4bx4 err=HttpError('InvalidRequest: Could not find repo: did:plc:hz6cqra2inh32mjtatzh4bx4')
2026-03-21T19:43:27Z WARNING bsky_collector_v2.job.index_feed_generators: listRecords failed repo=did:plc:lomcslcjp2nwaaqgd52pjooc err=HttpError('InvalidRequest: Could not find repo: did:plc:lomcslcjp2nwaaqgd52pjooc')
2026-03-21T19:43:46Z WARNING bsky_collector_v2.job.index_feed_generators: listRecords failed repo=did:plc:rtjqh7jdfmt3vwajw3mikmo4 err=HttpError('InvalidRequest: Could not find repo: did:plc:rtjqh7jdfmt3vwajw3mikmo4')
2026-03-21T19:43:50Z WARNING bsky_collector_v2.job.index_feed_generators: listRecords failed repo=did:plc:tfcyzwcenxw4z4i2lvamu4iv err=HttpError('InvalidRequest: Could not find repo: did:plc:tfcyzwcenxw4z4i2lvamu4iv')
2026-03-21T19:44:09Z WARNING bsky_collector_v2.job.index_feed_generators: listRecords failed repo=did:plc:26kra3m4tarlm35zqnplnqkn err=HttpError('InvalidRequest: Could not find repo: did:plc:26kra3m4tarlm35zqnplnqkn')
2026-03-21T19:44:09Z WARNING bsky_collector_v2.job.index_feed_generators: listRecords failed repo=did:plc:2ytm4nyfcx5sxnfcjmvkfm33 err=HttpError('InvalidRequest: Could not find repo: did:plc:2ytm4nyfcx5sxnfcjmvkfm33')
2026-03-21T19:44:09Z WARNING bsky_collector_v2.job.index_feed_generators: listRecords failed repo=did:plc:cerznj3mzkl5i4hjzucsubtx err=HttpError('InvalidRequest: Could not find repo: did:plc:cerznj3mzkl5i4hjzucsubtx')
2026-03-21T19:44:09Z WARNING bsky_collector_v2.job.index_feed_generators: listRecords failed repo=did:plc:hoejdzrsjj7mxexispk6fzc7 err=HttpError('InvalidRequest: Could not find repo: did:plc:hoejdzrsjj7mxexispk6fzc7')
2026-03-21T19:44:09Z WARNING bsky_collector_v2.job.index_feed_generators: listRecords failed repo=did:plc:hz6cqra2inh32mjtatzh4bx4 err=HttpError('InvalidRequest: Could not find repo: did:plc:hz6cqra2inh32mjtatzh4bx4')
2026-03-21T19:44:09Z WARNING bsky_collector_v2.job.index_feed_generators: listRecords failed repo=did:plc:lomcslcjp2nwaaqgd52pjooc err=HttpError('InvalidRequest: Could not find repo: did:plc:lomcslcjp2nwaaqgd52pjooc')
2026-03-21T19:44:09Z WARNING bsky_collector_v2.job.index_feed_generators: listRecords failed repo=did:plc:rtjqh7jdfmt3vwajw3mikmo4 err=HttpError('InvalidRequest: Could not find repo: did:plc:rtjqh7jdfmt3vwajw3mikmo4')
2026-03-21T19:44:10Z WARNING bsky_collector_v2.job.index_feed_generators: listRecords failed repo=did:plc:tfcyzwcenxw4z4i2lvamu4iv err=HttpError('InvalidRequest: Could not find repo: did:plc:tfcyzwcenxw4z4i2lvamu4iv')
2026-03-21T19:44:10Z WARNING bsky_collector_v2.job.index_feed_generators: listRecords failed repo=did:plc:26kra3m4tarlm35zqnplnqkn err=HttpError('InvalidRequest: Could not find repo: did:plc:26kra3m4tarlm35zqnplnqkn')
2026-03-21T19:44:10Z WARNING bsky_collector_v2.job.index_feed_generators: listRecords failed repo=did:plc:2ytm4nyfcx5sxnfcjmvkfm33 err=HttpError('InvalidRequest: Could not find repo: did:plc:2ytm4nyfcx5sxnfcjmvkfm33')
2026-03-21T19:44:10Z WARNING bsky_collector_v2.job.index_feed_generators: listRecords failed repo=did:plc:cerznj3mzkl5i4hjzucsubtx err=HttpError('InvalidRequest: Could not find repo: did:plc:cerznj3mzkl5i4hjzucsubtx')
2026-03-21T19:44:10Z WARNING bsky_collector_v2.job.index_feed_generators: listRecords failed repo=did:plc:hoejdzrsjj7mxexispk6fzc7 err=HttpError('InvalidRequest: Could not find repo: did:plc:hoejdzrsjj7mxexispk6fzc7')
2026-03-21T19:44:10Z WARNING bsky_collector_v2.job.index_feed_generators: listRecords failed repo=did:plc:hz6cqra2inh32mjtatzh4bx4 err=HttpError('InvalidRequest: Could not find repo: did:plc:hz6cqra2inh32mjtatzh4bx4')
2026-03-21T19:44:10Z WARNING bsky_collector_v2.job.index_feed_generators: listRecords failed repo=did:plc:lomcslcjp2nwaaqgd52pjooc err=HttpError('InvalidRequest: Could not find repo: did:plc:lomcslcjp2nwaaqgd52pjooc')
2026-03-21T19:44:10Z WARNING bsky_collector_v2.job.index_feed_generators: listRecords failed repo=did:plc:rtjqh7jdfmt3vwajw3mikmo4 err=HttpError('InvalidRequest: Could not find repo: did:plc:rtjqh7jdfmt3vwajw3mikmo4')
2026-03-21T19:44:10Z WARNING bsky_collector_v2.job.index_feed_generators: listRecords failed repo=did:plc:tfcyzwcenxw4z4i2lvamu4iv err=HttpError('InvalidRequest: Could not find repo: did:plc:tfcyzwcenxw4z4i2lvamu4iv')
2026-03-21T19:44:11Z INFO bsky_collector_v2.job.index_feed_generators: enqueued repos page=8 mode=listRepos inserted=500 repos_returned=500 next_cursor=set
2026-03-21T19:44:41Z WARNING bsky_collector_v2.job.index_feed_generators: listRecords failed repo=did:plc:bvnej7apjuvt4cbbavkgdx5d err=HttpError('InvalidRequest: Could not find repo: did:plc:bvnej7apjuvt4cbbavkgdx5d')
2026-03-21T19:44:47Z WARNING bsky_collector_v2.job.index_feed_generators: listRecords failed repo=did:plc:dqba2evzrjoinwzcmmt5qvro err=HttpError('InvalidRequest: Could not find repo: did:plc:dqba2evzrjoinwzcmmt5qvro')
2026-03-21T19:44:50Z WARNING bsky_collector_v2.job.index_feed_generators: listRecords failed repo=did:plc:ezapxwxxd3opx6vwmhh35xha err=HttpError('InvalidRequest: Could not find repo: did:plc:ezapxwxxd3opx6vwmhh35xha')
2026-03-21T19:44:59Z WARNING bsky_collector_v2.job.index_feed_generators: listRecords failed repo=did:plc:hfz2ocsjms3c7mje7pgrkezk err=HttpError('InvalidRequest: Could not find repo: did:plc:hfz2ocsjms3c7mje7pgrkezk')
2026-03-21T19:45:05Z WARNING bsky_collector_v2.job.index_feed_generators: listRecords failed repo=did:plc:k22kggtlzulho4fnrcf7cdo3 err=HttpError('InvalidRequest: Could not find repo: did:plc:k22kggtlzulho4fnrcf7cdo3')
2026-03-21T19:45:37Z WARNING bsky_collector_v2.job.index_feed_generators: listRecords failed repo=did:plc:tjykdynnksunl6p7lyjiud3v err=HttpError('InvalidRequest: Could not find repo: did:plc:tjykdynnksunl6p7lyjiud3v')
2026-03-21T19:45:48Z WARNING bsky_collector_v2.job.index_feed_generators: listRecords failed repo=did:plc:xiv3w6y4khckzsn4bcnu2d4h err=HttpError('InvalidRequest: Could not find repo: did:plc:xiv3w6y4khckzsn4bcnu2d4h')
2026-03-21T19:45:53Z WARNING bsky_collector_v2.job.index_feed_generators: listRecords failed repo=did:plc:bvnej7apjuvt4cbbavkgdx5d err=HttpError('InvalidRequest: Could not find repo: did:plc:bvnej7apjuvt4cbbavkgdx5d')
2026-03-21T19:45:53Z WARNING bsky_collector_v2.job.index_feed_generators: listRecords failed repo=did:plc:dqba2evzrjoinwzcmmt5qvro err=HttpError('InvalidRequest: Could not find repo: did:plc:dqba2evzrjoinwzcmmt5qvro')
2026-03-21T19:45:53Z WARNING bsky_collector_v2.job.index_feed_generators: listRecords failed repo=did:plc:ezapxwxxd3opx6vwmhh35xha err=HttpError('InvalidRequest: Could not find repo: did:plc:ezapxwxxd3opx6vwmhh35xha')
2026-03-21T19:45:53Z WARNING bsky_collector_v2.job.index_feed_generators: listRecords failed repo=did:plc:hfz2ocsjms3c7mje7pgrkezk err=HttpError('InvalidRequest: Could not find repo: did:plc:hfz2ocsjms3c7mje7pgrkezk')
2026-03-21T19:45:53Z WARNING bsky_collector_v2.job.index_feed_generators: listRecords failed repo=did:plc:k22kggtlzulho4fnrcf7cdo3 err=HttpError('InvalidRequest: Could not find repo: did:plc:k22kggtlzulho4fnrcf7cdo3')
2026-03-21T19:45:53Z WARNING bsky_collector_v2.job.index_feed_generators: listRecords failed repo=did:plc:tjykdynnksunl6p7lyjiud3v err=HttpError('InvalidRequest: Could not find repo: did:plc:tjykdynnksunl6p7lyjiud3v')
2026-03-21T19:45:53Z WARNING bsky_collector_v2.job.index_feed_generators: listRecords failed repo=did:plc:xiv3w6y4khckzsn4bcnu2d4h err=HttpError('InvalidRequest: Could not find repo: did:plc:xiv3w6y4khckzsn4bcnu2d4h')
2026-03-21T19:45:53Z WARNING bsky_collector_v2.job.index_feed_generators: listRecords failed repo=did:plc:bvnej7apjuvt4cbbavkgdx5d err=HttpError('InvalidRequest: Could not find repo: did:plc:bvnej7apjuvt4cbbavkgdx5d')
2026-03-21T19:45:53Z WARNING bsky_collector_v2.job.index_feed_generators: listRecords failed repo=did:plc:dqba2evzrjoinwzcmmt5qvro err=HttpError('InvalidRequest: Could not find repo: did:plc:dqba2evzrjoinwzcmmt5qvro')
2026-03-21T19:45:53Z WARNING bsky_collector_v2.job.index_feed_generators: listRecords failed repo=did:plc:ezapxwxxd3opx6vwmhh35xha err=HttpError('InvalidRequest: Could not find repo: did:plc:ezapxwxxd3opx6vwmhh35xha')
2026-03-21T19:45:54Z WARNING bsky_collector_v2.job.index_feed_generators: listRecords failed repo=did:plc:hfz2ocsjms3c7mje7pgrkezk err=HttpError('InvalidRequest: Could not find repo: did:plc:hfz2ocsjms3c7mje7pgrkezk')
2026-03-21T19:45:54Z WARNING bsky_collector_v2.job.index_feed_generators: listRecords failed repo=did:plc:k22kggtlzulho4fnrcf7cdo3 err=HttpError('InvalidRequest: Could not find repo: did:plc:k22kggtlzulho4fnrcf7cdo3')
2026-03-21T19:45:54Z WARNING bsky_collector_v2.job.index_feed_generators: listRecords failed repo=did:plc:tjykdynnksunl6p7lyjiud3v err=HttpError('InvalidRequest: Could not find repo: did:plc:tjykdynnksunl6p7lyjiud3v')
2026-03-21T19:45:54Z WARNING bsky_collector_v2.job.index_feed_generators: listRecords failed repo=did:plc:xiv3w6y4khckzsn4bcnu2d4h err=HttpError('InvalidRequest: Could not find repo: did:plc:xiv3w6y4khckzsn4bcnu2d4h')
2026-03-21T19:45:54Z INFO bsky_collector_v2.job.index_feed_generators: enqueued repos page=9 mode=listRepos inserted=500 repos_returned=500 next_cursor=set
2026-03-21T19:46:20Z WARNING bsky_collector_v2.job.index_feed_generators: listRecords failed repo=did:plc:f75f2cnbysinhmrzbxuako2g err=HttpError('InvalidRequest: Could not find repo: did:plc:f75f2cnbysinhmrzbxuako2g')
2026-03-21T19:46:26Z INFO bsky_collector_v2.job.index_feed_generators: indexed repo=did:plc:hcpbvnowfsaygbacorcg55dk part=189 records=1 next_cursor=set
2026-03-21T19:47:03Z WARNING bsky_collector_v2.job.index_feed_generators: listRecords failed repo=did:plc:u43r4y3jma3u4fmia6njezon err=HttpError('InvalidRequest: Could not find repo: did:plc:u43r4y3jma3u4fmia6njezon')
2026-03-21T19:47:18Z WARNING bsky_collector_v2.job.index_feed_generators: listRecords failed repo=did:plc:f75f2cnbysinhmrzbxuako2g err=HttpError('InvalidRequest: Could not find repo: did:plc:f75f2cnbysinhmrzbxuako2g')
2026-03-21T19:47:18Z WARNING bsky_collector_v2.job.index_feed_generators: listRecords failed repo=did:plc:u43r4y3jma3u4fmia6njezon err=HttpError('InvalidRequest: Could not find repo: did:plc:u43r4y3jma3u4fmia6njezon')
2026-03-21T19:47:18Z WARNING bsky_collector_v2.job.index_feed_generators: listRecords failed repo=did:plc:f75f2cnbysinhmrzbxuako2g err=HttpError('InvalidRequest: Could not find repo: did:plc:f75f2cnbysinhmrzbxuako2g')
2026-03-21T19:47:18Z WARNING bsky_collector_v2.job.index_feed_generators: listRecords failed repo=did:plc:u43r4y3jma3u4fmia6njezon err=HttpError('InvalidRequest: Could not find repo: did:plc:u43r4y3jma3u4fmia6njezon')
2026-03-21T19:47:19Z INFO bsky_collector_v2.job.index_feed_generators: enqueued repos page=10 mode=listRepos inserted=500 repos_returned=500 next_cursor=set
2026-03-21T19:47:41Z WARNING bsky_collector_v2.job.index_feed_generators: listRecords failed repo=did:plc:5ntqzr2p65vmsahdr3weuiry err=HttpError('InvalidRequest: Could not find repo: did:plc:5ntqzr2p65vmsahdr3weuiry')
2026-03-21T19:47:59Z INFO bsky_collector_v2.job.index_feed_generators: indexed repo=did:plc:cu32gclitkoevuamfsmurz36 part=190 records=1 next_cursor=set
2026-03-21T19:48:04Z WARNING bsky_collector_v2.job.index_feed_generators: listRecords failed repo=did:plc:ee7i6pncbsdugjh5fwp53ugy err=HttpError('InvalidRequest: Could not find repo: did:plc:ee7i6pncbsdugjh5fwp53ugy')
2026-03-21T19:48:48Z INFO bsky_collector_v2.job.index_feed_generators: indexed repo=did:plc:vbggbmfh346wl273gbrbqlio part=191 records=5 next_cursor=set
2026-03-21T19:48:57Z WARNING bsky_collector_v2.job.index_feed_generators: listRecords failed repo=did:plc:yq3vqtpuw5kafvs2pxaw3uh6 err=HttpError('InvalidRequest: Could not find repo: did:plc:yq3vqtpuw5kafvs2pxaw3uh6')
2026-03-21T19:48:59Z WARNING bsky_collector_v2.job.index_feed_generators: listRecords failed repo=did:plc:5ntqzr2p65vmsahdr3weuiry err=HttpError('InvalidRequest: Could not find repo: did:plc:5ntqzr2p65vmsahdr3weuiry')
2026-03-21T19:49:00Z WARNING bsky_collector_v2.job.index_feed_generators: listRecords failed repo=did:plc:ee7i6pncbsdugjh5fwp53ugy err=HttpError('InvalidRequest: Could not find repo: did:plc:ee7i6pncbsdugjh5fwp53ugy')
2026-03-21T19:49:00Z WARNING bsky_collector_v2.job.index_feed_generators: listRecords failed repo=did:plc:yq3vqtpuw5kafvs2pxaw3uh6 err=HttpError('InvalidRequest: Could not find repo: did:plc:yq3vqtpuw5kafvs2pxaw3uh6')
2026-03-21T19:49:00Z WARNING bsky_collector_v2.job.index_feed_generators: listRecords failed repo=did:plc:5ntqzr2p65vmsahdr3weuiry err=HttpError('InvalidRequest: Could not find repo: did:plc:5ntqzr2p65vmsahdr3weuiry')
2026-03-21T19:49:00Z WARNING bsky_collector_v2.job.index_feed_generators: listRecords failed repo=did:plc:ee7i6pncbsdugjh5fwp53ugy err=HttpError('InvalidRequest: Could not find repo: did:plc:ee7i6pncbsdugjh5fwp53ugy')
2026-03-21T19:49:00Z WARNING bsky_collector_v2.job.index_feed_generators: listRecords failed repo=did:plc:yq3vqtpuw5kafvs2pxaw3uh6 err=HttpError('InvalidRequest: Could not find repo: did:plc:yq3vqtpuw5kafvs2pxaw3uh6')
2026-03-21T19:49:01Z INFO bsky_collector_v2.job.index_feed_generators: enqueued repos page=11 mode=listRepos inserted=500 repos_returned=500 next_cursor=set
2026-03-21T19:49:16Z WARNING bsky_collector_v2.job.index_feed_generators: listRecords failed repo=did:plc:7fjfnxwzf2z3cbpb5ndzviog err=HttpError('InvalidRequest: Could not find repo: did:plc:7fjfnxwzf2z3cbpb5ndzviog')
2026-03-21T19:49:25Z WARNING bsky_collector_v2.job.index_feed_generators: listRecords failed repo=did:plc:d2yaj6v46pdecumngx532wze err=HttpError('InvalidRequest: Could not find repo: did:plc:d2yaj6v46pdecumngx532wze')
2026-03-21T19:49:25Z WARNING bsky_collector_v2.job.index_feed_generators: listRecords failed repo=did:plc:d7s5yz6zw6hmebwydyhbs755 err=HttpError('InvalidRequest: Could not find repo: did:plc:d7s5yz6zw6hmebwydyhbs755')
2026-03-21T19:49:36Z WARNING bsky_collector_v2.job.index_feed_generators: listRecords failed repo=did:plc:fzamsdmehgodwvwp3oulus2y err=HttpError('InvalidRequest: Could not find repo: did:plc:fzamsdmehgodwvwp3oulus2y')
2026-03-21T19:50:04Z WARNING bsky_collector_v2.job.index_feed_generators: listRecords failed repo=did:plc:pzwk36m5fzeclbvv4vvwuzuo err=HttpError('InvalidRequest: Could not find repo: did:plc:pzwk36m5fzeclbvv4vvwuzuo')
2026-03-21T19:50:38Z WARNING bsky_collector_v2.job.index_feed_generators: listRecords failed repo=did:plc:7fjfnxwzf2z3cbpb5ndzviog err=HttpError('InvalidRequest: Could not find repo: did:plc:7fjfnxwzf2z3cbpb5ndzviog')
2026-03-21T19:50:39Z WARNING bsky_collector_v2.job.index_feed_generators: listRecords failed repo=did:plc:d2yaj6v46pdecumngx532wze err=HttpError('InvalidRequest: Could not find repo: did:plc:d2yaj6v46pdecumngx532wze')
2026-03-21T19:50:39Z WARNING bsky_collector_v2.job.index_feed_generators: listRecords failed repo=did:plc:d7s5yz6zw6hmebwydyhbs755 err=HttpError('InvalidRequest: Could not find repo: did:plc:d7s5yz6zw6hmebwydyhbs755')
2026-03-21T19:50:39Z WARNING bsky_collector_v2.job.index_feed_generators: listRecords failed repo=did:plc:fzamsdmehgodwvwp3oulus2y err=HttpError('InvalidRequest: Could not find repo: did:plc:fzamsdmehgodwvwp3oulus2y')
2026-03-21T19:50:39Z WARNING bsky_collector_v2.job.index_feed_generators: listRecords failed repo=did:plc:pzwk36m5fzeclbvv4vvwuzuo err=HttpError('InvalidRequest: Could not find repo: did:plc:pzwk36m5fzeclbvv4vvwuzuo')
2026-03-21T19:50:39Z WARNING bsky_collector_v2.job.index_feed_generators: listRecords failed repo=did:plc:7fjfnxwzf2z3cbpb5ndzviog err=HttpError('InvalidRequest: Could not find repo: did:plc:7fjfnxwzf2z3cbpb5ndzviog')
2026-03-21T19:50:40Z WARNING bsky_collector_v2.job.index_feed_generators: listRecords failed repo=did:plc:d2yaj6v46pdecumngx532wze err=HttpError('InvalidRequest: Could not find repo: did:plc:d2yaj6v46pdecumngx532wze')
2026-03-21T19:50:40Z WARNING bsky_collector_v2.job.index_feed_generators: listRecords failed repo=did:plc:d7s5yz6zw6hmebwydyhbs755 err=HttpError('InvalidRequest: Could not find repo: did:plc:d7s5yz6zw6hmebwydyhbs755')
2026-03-21T19:50:40Z WARNING bsky_collector_v2.job.index_feed_generators: listRecords failed repo=did:plc:fzamsdmehgodwvwp3oulus2y err=HttpError('InvalidRequest: Could not find repo: did:plc:fzamsdmehgodwvwp3oulus2y')
2026-03-21T19:50:40Z WARNING bsky_collector_v2.job.index_feed_generators: listRecords failed repo=did:plc:pzwk36m5fzeclbvv4vvwuzuo err=HttpError('InvalidRequest: Could not find repo: did:plc:pzwk36m5fzeclbvv4vvwuzuo')
2026-03-21T19:50:41Z INFO bsky_collector_v2.job.index_feed_generators: enqueued repos page=12 mode=listRepos inserted=500 repos_returned=500 next_cursor=set
2026-03-21T19:50:55Z WARNING bsky_collector_v2.job.index_feed_generators: listRecords failed repo=did:plc:5wvhpynlcga5a7ktvvafc5th err=HttpError('InvalidRequest: Could not find repo: did:plc:5wvhpynlcga5a7ktvvafc5th')
2026-03-21T19:51:57Z WARNING bsky_collector_v2.job.index_feed_generators: listRecords failed repo=did:plc:pxvj4kp2hyqcg3rosysh4uaw err=HttpError('InvalidRequest: Could not find repo: did:plc:pxvj4kp2hyqcg3rosysh4uaw')
2026-03-21T19:52:36Z WARNING bsky_collector_v2.job.index_feed_generators: listRecords failed repo=did:plc:5wvhpynlcga5a7ktvvafc5th err=HttpError('InvalidRequest: Could not find repo: did:plc:5wvhpynlcga5a7ktvvafc5th')
2026-03-21T19:52:36Z WARNING bsky_collector_v2.job.index_feed_generators: listRecords failed repo=did:plc:pxvj4kp2hyqcg3rosysh4uaw err=HttpError('InvalidRequest: Could not find repo: did:plc:pxvj4kp2hyqcg3rosysh4uaw')
2026-03-21T19:52:36Z WARNING bsky_collector_v2.job.index_feed_generators: listRecords failed repo=did:plc:5wvhpynlcga5a7ktvvafc5th err=HttpError('InvalidRequest: Could not find repo: did:plc:5wvhpynlcga5a7ktvvafc5th')
2026-03-21T19:52:36Z WARNING bsky_collector_v2.job.index_feed_generators: listRecords failed repo=did:plc:pxvj4kp2hyqcg3rosysh4uaw err=HttpError('InvalidRequest: Could not find repo: did:plc:pxvj4kp2hyqcg3rosysh4uaw')
2026-03-21T19:52:37Z INFO bsky_collector_v2.job.index_feed_generators: enqueued repos page=13 mode=listRepos inserted=500 repos_returned=500 next_cursor=set
2026-03-21T19:53:13Z WARNING bsky_collector_v2.job.index_feed_generators: listRecords failed repo=did:plc:hidf42jes6iip3smlxjxi67s err=HttpError('InvalidRequest: Could not find repo: did:plc:hidf42jes6iip3smlxjxi67s')
2026-03-21T19:53:54Z WARNING bsky_collector_v2.job.index_feed_generators: listRecords failed repo=did:plc:veecsgsnheypzoi4vyhxdsln err=HttpError('InvalidRequest: Could not find repo: did:plc:veecsgsnheypzoi4vyhxdsln')
2026-03-21T19:54:06Z WARNING bsky_collector_v2.job.index_feed_generators: listRecords failed repo=did:plc:hidf42jes6iip3smlxjxi67s err=HttpError('InvalidRequest: Could not find repo: did:plc:hidf42jes6iip3smlxjxi67s')
2026-03-21T19:54:06Z WARNING bsky_collector_v2.job.index_feed_generators: listRecords failed repo=did:plc:veecsgsnheypzoi4vyhxdsln err=HttpError('InvalidRequest: Could not find repo: did:plc:veecsgsnheypzoi4vyhxdsln')
2026-03-21T19:54:07Z WARNING bsky_collector_v2.job.index_feed_generators: listRecords failed repo=did:plc:hidf42jes6iip3smlxjxi67s err=HttpError('InvalidRequest: Could not find repo: did:plc:hidf42jes6iip3smlxjxi67s')
2026-03-21T19:54:07Z WARNING bsky_collector_v2.job.index_feed_generators: listRecords failed repo=did:plc:veecsgsnheypzoi4vyhxdsln err=HttpError('InvalidRequest: Could not find repo: did:plc:veecsgsnheypzoi4vyhxdsln')
2026-03-21T19:54:07Z INFO bsky_collector_v2.job.index_feed_generators: enqueued repos page=14 mode=listRepos inserted=500 repos_returned=500 next_cursor=set
2026-03-21T19:54:14Z WARNING bsky_collector_v2.job.index_feed_generators: listRecords failed repo=did:plc:4iqx5at25g254nmudb644ppb err=HttpError('InvalidRequest: Could not find repo: did:plc:4iqx5at25g254nmudb644ppb')
2026-03-21T19:55:02Z WARNING bsky_collector_v2.job.index_feed_generators: listRecords failed repo=did:plc:jaytdjnwkofvxiqxq5jpxv2p err=HttpError('InvalidRequest: Could not find repo: did:plc:jaytdjnwkofvxiqxq5jpxv2p')
2026-03-21T19:55:57Z WARNING bsky_collector_v2.job.index_feed_generators: listRecords failed repo=did:plc:4iqx5at25g254nmudb644ppb err=HttpError('InvalidRequest: Could not find repo: did:plc:4iqx5at25g254nmudb644ppb')
2026-03-21T19:55:57Z WARNING bsky_collector_v2.job.index_feed_generators: listRecords failed repo=did:plc:jaytdjnwkofvxiqxq5jpxv2p err=HttpError('InvalidRequest: Could not find repo: did:plc:jaytdjnwkofvxiqxq5jpxv2p')
2026-03-21T19:55:57Z WARNING bsky_collector_v2.job.index_feed_generators: listRecords failed repo=did:plc:4iqx5at25g254nmudb644ppb err=HttpError('InvalidRequest: Could not find repo: did:plc:4iqx5at25g254nmudb644ppb')
2026-03-21T19:55:57Z WARNING bsky_collector_v2.job.index_feed_generators: listRecords failed repo=did:plc:jaytdjnwkofvxiqxq5jpxv2p err=HttpError('InvalidRequest: Could not find repo: did:plc:jaytdjnwkofvxiqxq5jpxv2p')
2026-03-21T19:55:58Z INFO bsky_collector_v2.job.index_feed_generators: enqueued repos page=15 mode=listRepos inserted=500 repos_returned=500 next_cursor=set
2026-03-21T19:56:16Z WARNING bsky_collector_v2.job.index_feed_generators: listRecords failed repo=did:plc:bj6bocy7xxmf65l7uh4b4qln err=HttpError('InvalidRequest: Could not find repo: did:plc:bj6bocy7xxmf65l7uh4b4qln')
2026-03-21T19:57:21Z INFO bsky_collector_v2.job.index_feed_generators: indexed repo=did:plc:vtxbs7jcpzr7fe7fvm2t2wyc part=192 records=3 next_cursor=set
2026-03-21T19:57:24Z WARNING bsky_collector_v2.job.index_feed_generators: listRecords failed repo=did:plc:wx3ncpxcrpyaqa7utygqculx err=HttpError('InvalidRequest: Could not find repo: did:plc:wx3ncpxcrpyaqa7utygqculx')
2026-03-21T19:57:27Z INFO bsky_collector_v2.job.index_feed_generators: indexed repo=did:plc:xxm5vl74m7f3cbopvlybjftg part=193 records=32 next_cursor=set
2026-03-21T19:57:31Z WARNING bsky_collector_v2.job.index_feed_generators: listRecords failed repo=did:plc:zh5njujs3n2nfegm5xvz6auv err=HttpError('InvalidRequest: Could not find repo: did:plc:zh5njujs3n2nfegm5xvz6auv')
2026-03-21T19:57:33Z WARNING bsky_collector_v2.job.index_feed_generators: listRecords failed repo=did:plc:bj6bocy7xxmf65l7uh4b4qln err=HttpError('InvalidRequest: Could not find repo: did:plc:bj6bocy7xxmf65l7uh4b4qln')
2026-03-21T19:57:33Z WARNING bsky_collector_v2.job.index_feed_generators: listRecords failed repo=did:plc:wx3ncpxcrpyaqa7utygqculx err=HttpError('InvalidRequest: Could not find repo: did:plc:wx3ncpxcrpyaqa7utygqculx')
2026-03-21T19:57:33Z WARNING bsky_collector_v2.job.index_feed_generators: listRecords failed repo=did:plc:zh5njujs3n2nfegm5xvz6auv err=HttpError('InvalidRequest: Could not find repo: did:plc:zh5njujs3n2nfegm5xvz6auv')
2026-03-21T19:57:33Z WARNING bsky_collector_v2.job.index_feed_generators: listRecords failed repo=did:plc:bj6bocy7xxmf65l7uh4b4qln err=HttpError('InvalidRequest: Could not find repo: did:plc:bj6bocy7xxmf65l7uh4b4qln')
2026-03-21T19:57:33Z WARNING bsky_collector_v2.job.index_feed_generators: listRecords failed repo=did:plc:wx3ncpxcrpyaqa7utygqculx err=HttpError('InvalidRequest: Could not find repo: did:plc:wx3ncpxcrpyaqa7utygqculx')
2026-03-21T19:57:33Z WARNING bsky_collector_v2.job.index_feed_generators: listRecords failed repo=did:plc:zh5njujs3n2nfegm5xvz6auv err=HttpError('InvalidRequest: Could not find repo: did:plc:zh5njujs3n2nfegm5xvz6auv')
2026-03-21T19:57:34Z INFO bsky_collector_v2.job.index_feed_generators: enqueued repos page=16 mode=listRepos inserted=500 repos_returned=500 next_cursor=set
2026-03-21T19:57:39Z WARNING bsky_collector_v2.job.index_feed_generators: listRecords failed repo=did:plc:2zvvzqycylc7awapmms7nekq err=HttpError('InvalidRequest: Could not find repo: did:plc:2zvvzqycylc7awapmms7nekq')
2026-03-21T19:57:57Z WARNING bsky_collector_v2.job.index_feed_generators: listRecords failed repo=did:plc:bhptb3bc4mgoqsaqmq5vcauk err=HttpError('InvalidRequest: Could not find repo: did:plc:bhptb3bc4mgoqsaqmq5vcauk')
2026-03-21T19:58:15Z WARNING bsky_collector_v2.job.index_feed_generators: listRecords failed repo=did:plc:if6jptmq4zwqb5exlyd53fpc err=HttpError('InvalidRequest: Could not find repo: did:plc:if6jptmq4zwqb5exlyd53fpc')
2026-03-21T19:58:22Z WARNING bsky_collector_v2.job.index_feed_generators: listRecords failed repo=did:plc:jwursjtffqsvzlzfkilaqdub err=HttpError('InvalidRequest: Could not find repo: did:plc:jwursjtffqsvzlzfkilaqdub')
2026-03-21T19:58:44Z WARNING bsky_collector_v2.job.index_feed_generators: listRecords failed repo=did:plc:pyn4ataopu6vynzllovsuous err=HttpError('InvalidRequest: Could not find repo: did:plc:pyn4ataopu6vynzllovsuous')
2026-03-21T19:58:44Z WARNING bsky_collector_v2.job.index_feed_generators: listRecords failed repo=did:plc:q3xei74eusw2t7tb3tzvgl4x err=HttpError('InvalidRequest: Could not find repo: did:plc:q3xei74eusw2t7tb3tzvgl4x')
2026-03-21T19:58:49Z INFO bsky_collector_v2.job.index_feed_generators: indexed repo=did:plc:rfc6mwzsaukhnen24xf4omfx part=194 records=2 next_cursor=set
2026-03-21T19:59:18Z WARNING bsky_collector_v2.job.index_feed_generators: listRecords failed repo=did:plc:zp5tu2uesssocpnh6upzmt5o err=HttpError('InvalidRequest: Could not find repo: did:plc:zp5tu2uesssocpnh6upzmt5o')
2026-03-21T19:59:20Z WARNING bsky_collector_v2.job.index_feed_generators: listRecords failed repo=did:plc:2zvvzqycylc7awapmms7nekq err=HttpError('InvalidRequest: Could not find repo: did:plc:2zvvzqycylc7awapmms7nekq')
2026-03-21T19:59:21Z WARNING bsky_collector_v2.job.index_feed_generators: listRecords failed repo=did:plc:bhptb3bc4mgoqsaqmq5vcauk err=HttpError('InvalidRequest: Could not find repo: did:plc:bhptb3bc4mgoqsaqmq5vcauk')
2026-03-21T19:59:21Z WARNING bsky_collector_v2.job.index_feed_generators: listRecords failed repo=did:plc:if6jptmq4zwqb5exlyd53fpc err=HttpError('InvalidRequest: Could not find repo: did:plc:if6jptmq4zwqb5exlyd53fpc')
2026-03-21T19:59:21Z WARNING bsky_collector_v2.job.index_feed_generators: listRecords failed repo=did:plc:jwursjtffqsvzlzfkilaqdub err=HttpError('InvalidRequest: Could not find repo: did:plc:jwursjtffqsvzlzfkilaqdub')
2026-03-21T19:59:21Z WARNING bsky_collector_v2.job.index_feed_generators: listRecords failed repo=did:plc:pyn4ataopu6vynzllovsuous err=HttpError('InvalidRequest: Could not find repo: did:plc:pyn4ataopu6vynzllovsuous')
2026-03-21T19:59:21Z WARNING bsky_collector_v2.job.index_feed_generators: listRecords failed repo=did:plc:q3xei74eusw2t7tb3tzvgl4x err=HttpError('InvalidRequest: Could not find repo: did:plc:q3xei74eusw2t7tb3tzvgl4x')
2026-03-21T19:59:22Z WARNING bsky_collector_v2.job.index_feed_generators: listRecords failed repo=did:plc:zp5tu2uesssocpnh6upzmt5o err=HttpError('InvalidRequest: Could not find repo: did:plc:zp5tu2uesssocpnh6upzmt5o')
2026-03-21T19:59:22Z WARNING bsky_collector_v2.job.index_feed_generators: listRecords failed repo=did:plc:2zvvzqycylc7awapmms7nekq err=HttpError('InvalidRequest: Could not find repo: did:plc:2zvvzqycylc7awapmms7nekq')
2026-03-21T19:59:22Z WARNING bsky_collector_v2.job.index_feed_generators: listRecords failed repo=did:plc:bhptb3bc4mgoqsaqmq5vcauk err=HttpError('InvalidRequest: Could not find repo: did:plc:bhptb3bc4mgoqsaqmq5vcauk')
2026-03-21T19:59:23Z WARNING bsky_collector_v2.job.index_feed_generators: listRecords failed repo=did:plc:if6jptmq4zwqb5exlyd53fpc err=HttpError('InvalidRequest: Could not find repo: did:plc:if6jptmq4zwqb5exlyd53fpc')
2026-03-21T19:59:23Z WARNING bsky_collector_v2.job.index_feed_generators: listRecords failed repo=did:plc:jwursjtffqsvzlzfkilaqdub err=HttpError('InvalidRequest: Could not find repo: did:plc:jwursjtffqsvzlzfkilaqdub')
2026-03-21T19:59:23Z WARNING bsky_collector_v2.job.index_feed_generators: listRecords failed repo=did:plc:pyn4ataopu6vynzllovsuous err=HttpError('InvalidRequest: Could not find repo: did:plc:pyn4ataopu6vynzllovsuous')
2026-03-21T19:59:23Z WARNING bsky_collector_v2.job.index_feed_generators: listRecords failed repo=did:plc:q3xei74eusw2t7tb3tzvgl4x err=HttpError('InvalidRequest: Could not find repo: did:plc:q3xei74eusw2t7tb3tzvgl4x')
2026-03-21T19:59:23Z WARNING bsky_collector_v2.job.index_feed_generators: listRecords failed repo=did:plc:zp5tu2uesssocpnh6upzmt5o err=HttpError('InvalidRequest: Could not find repo: did:plc:zp5tu2uesssocpnh6upzmt5o')
2026-03-21T19:59:24Z INFO bsky_collector_v2.job.index_feed_generators: enqueued repos page=17 mode=listRepos inserted=500 repos_returned=500 next_cursor=set
2026-03-21T19:59:27Z WARNING bsky_collector_v2.job.index_feed_generators: listRecords failed repo=did:plc:2wntvruybqvah44evy33vt73 err=HttpError('InvalidRequest: Could not find repo: did:plc:2wntvruybqvah44evy33vt73')
2026-03-21T19:59:48Z WARNING bsky_collector_v2.job.index_feed_generators: listRecords failed repo=did:plc:are33z7eyp3e7ketzsignn4d err=HttpError('InvalidRequest: Could not find repo: did:plc:are33z7eyp3e7ketzsignn4d')
2026-03-21T20:00:24Z WARNING bsky_collector_v2.job.index_feed_generators: listRecords failed repo=did:plc:ps4s2rsna33ntftdhioufpv5 err=HttpError('InvalidRequest: Could not find repo: did:plc:ps4s2rsna33ntftdhioufpv5')
2026-03-21T20:00:57Z WARNING bsky_collector_v2.job.index_feed_generators: listRecords failed repo=did:plc:2wntvruybqvah44evy33vt73 err=HttpError('InvalidRequest: Could not find repo: did:plc:2wntvruybqvah44evy33vt73')
2026-03-21T20:00:58Z WARNING bsky_collector_v2.job.index_feed_generators: listRecords failed repo=did:plc:are33z7eyp3e7ketzsignn4d err=HttpError('InvalidRequest: Could not find repo: did:plc:are33z7eyp3e7ketzsignn4d')
2026-03-21T20:00:58Z WARNING bsky_collector_v2.job.index_feed_generators: listRecords failed repo=did:plc:ps4s2rsna33ntftdhioufpv5 err=HttpError('InvalidRequest: Could not find repo: did:plc:ps4s2rsna33ntftdhioufpv5')
2026-03-21T20:00:58Z WARNING bsky_collector_v2.job.index_feed_generators: listRecords failed repo=did:plc:2wntvruybqvah44evy33vt73 err=HttpError('InvalidRequest: Could not find repo: did:plc:2wntvruybqvah44evy33vt73')
2026-03-21T20:00:58Z WARNING bsky_collector_v2.job.index_feed_generators: listRecords failed repo=did:plc:are33z7eyp3e7ketzsignn4d err=HttpError('InvalidRequest: Could not find repo: did:plc:are33z7eyp3e7ketzsignn4d')
2026-03-21T20:00:58Z WARNING bsky_collector_v2.job.index_feed_generators: listRecords failed repo=did:plc:ps4s2rsna33ntftdhioufpv5 err=HttpError('InvalidRequest: Could not find repo: did:plc:ps4s2rsna33ntftdhioufpv5')
2026-03-21T20:00:59Z INFO bsky_collector_v2.job.index_feed_generators: enqueued repos page=18 mode=listRepos inserted=500 repos_returned=500 next_cursor=set
2026-03-21T20:01:28Z WARNING bsky_collector_v2.job.index_feed_generators: listRecords failed repo=did:plc:dl7l7fner4adtifzzrmbplqf err=HttpError('InvalidRequest: Could not find repo: did:plc:dl7l7fner4adtifzzrmbplqf')
2026-03-21T20:02:22Z WARNING bsky_collector_v2.job.index_feed_generators: listRecords failed repo=did:plc:tv2ms7h7e6zgcur63qgmcrq2 err=HttpError('InvalidRequest: Could not find repo: did:plc:tv2ms7h7e6zgcur63qgmcrq2')
2026-03-21T20:02:26Z WARNING bsky_collector_v2.job.index_feed_generators: listRecords failed repo=did:plc:va6r5e52kzx2eaqdgvpouzrk err=HttpError('InvalidRequest: Could not find repo: did:plc:va6r5e52kzx2eaqdgvpouzrk')
2026-03-21T20:02:31Z WARNING bsky_collector_v2.job.index_feed_generators: listRecords failed repo=did:plc:wkislfwy4rnmbshevdx4hdbl err=HttpError('InvalidRequest: Could not find repo: did:plc:wkislfwy4rnmbshevdx4hdbl')
2026-03-21T20:02:40Z WARNING bsky_collector_v2.job.index_feed_generators: listRecords failed repo=did:plc:dl7l7fner4adtifzzrmbplqf err=HttpError('InvalidRequest: Could not find repo: did:plc:dl7l7fner4adtifzzrmbplqf')
2026-03-21T20:02:40Z WARNING bsky_collector_v2.job.index_feed_generators: listRecords failed repo=did:plc:tv2ms7h7e6zgcur63qgmcrq2 err=HttpError('InvalidRequest: Could not find repo: did:plc:tv2ms7h7e6zgcur63qgmcrq2')
2026-03-21T20:02:40Z WARNING bsky_collector_v2.job.index_feed_generators: listRecords failed repo=did:plc:va6r5e52kzx2eaqdgvpouzrk err=HttpError('InvalidRequest: Could not find repo: did:plc:va6r5e52kzx2eaqdgvpouzrk')
2026-03-21T20:02:40Z WARNING bsky_collector_v2.job.index_feed_generators: listRecords failed repo=did:plc:wkislfwy4rnmbshevdx4hdbl err=HttpError('InvalidRequest: Could not find repo: did:plc:wkislfwy4rnmbshevdx4hdbl')
2026-03-21T20:02:40Z WARNING bsky_collector_v2.job.index_feed_generators: listRecords failed repo=did:plc:dl7l7fner4adtifzzrmbplqf err=HttpError('InvalidRequest: Could not find repo: did:plc:dl7l7fner4adtifzzrmbplqf')
2026-03-21T20:02:40Z WARNING bsky_collector_v2.job.index_feed_generators: listRecords failed repo=did:plc:tv2ms7h7e6zgcur63qgmcrq2 err=HttpError('InvalidRequest: Could not find repo: did:plc:tv2ms7h7e6zgcur63qgmcrq2')
2026-03-21T20:02:40Z WARNING bsky_collector_v2.job.index_feed_generators: listRecords failed repo=did:plc:va6r5e52kzx2eaqdgvpouzrk err=HttpError('InvalidRequest: Could not find repo: did:plc:va6r5e52kzx2eaqdgvpouzrk')
2026-03-21T20:02:40Z WARNING bsky_collector_v2.job.index_feed_generators: listRecords failed repo=did:plc:wkislfwy4rnmbshevdx4hdbl err=HttpError('InvalidRequest: Could not find repo: did:plc:wkislfwy4rnmbshevdx4hdbl')
2026-03-21T20:02:41Z INFO bsky_collector_v2.job.index_feed_generators: enqueued repos page=19 mode=listRepos inserted=500 repos_returned=500 next_cursor=set
2026-03-21T20:03:00Z WARNING bsky_collector_v2.job.index_feed_generators: listRecords failed repo=did:plc:bfyvl2c5v2ogar7amdjznl3y err=HttpError('InvalidRequest: Could not find repo: did:plc:bfyvl2c5v2ogar7amdjznl3y')
2026-03-21T20:03:41Z WARNING bsky_collector_v2.job.index_feed_generators: listRecords failed repo=did:plc:mx344cbcrcgusdobwptjyp6o err=HttpError('InvalidRequest: Could not find repo: did:plc:mx344cbcrcgusdobwptjyp6o')
2026-03-21T20:04:21Z WARNING bsky_collector_v2.job.index_feed_generators: listRecords failed repo=did:plc:bfyvl2c5v2ogar7amdjznl3y err=HttpError('InvalidRequest: Could not find repo: did:plc:bfyvl2c5v2ogar7amdjznl3y')
2026-03-21T20:04:21Z WARNING bsky_collector_v2.job.index_feed_generators: listRecords failed repo=did:plc:mx344cbcrcgusdobwptjyp6o err=HttpError('InvalidRequest: Could not find repo: did:plc:mx344cbcrcgusdobwptjyp6o')
2026-03-21T20:04:21Z WARNING bsky_collector_v2.job.index_feed_generators: listRecords failed repo=did:plc:bfyvl2c5v2ogar7amdjznl3y err=HttpError('InvalidRequest: Could not find repo: did:plc:bfyvl2c5v2ogar7amdjznl3y')
2026-03-21T20:04:21Z WARNING bsky_collector_v2.job.index_feed_generators: listRecords failed repo=did:plc:mx344cbcrcgusdobwptjyp6o err=HttpError('InvalidRequest: Could not find repo: did:plc:mx344cbcrcgusdobwptjyp6o')
2026-03-21T20:04:22Z INFO bsky_collector_v2.job.index_feed_generators: enqueued repos page=20 mode=listRepos inserted=500 repos_returned=500 next_cursor=set
2026-03-21T20:04:40Z WARNING bsky_collector_v2.job.index_feed_generators: listRecords failed repo=did:plc:b6satd6nf5i6w42c337vog7q err=HttpError('InvalidRequest: Could not find repo: did:plc:b6satd6nf5i6w42c337vog7q')
2026-03-21T20:04:42Z INFO bsky_collector_v2.job.index_feed_generators: indexed repo=did:plc:c2c7nuer62n6lhg5e2orq5tt part=195 records=1 next_cursor=set
2026-03-21T20:05:00Z WARNING bsky_collector_v2.job.index_feed_generators: listRecords failed repo=did:plc:h5ir2dlz27wbjmzflpi5offd err=HttpError('InvalidRequest: Could not find repo: did:plc:h5ir2dlz27wbjmzflpi5offd')
2026-03-21T20:05:02Z WARNING bsky_collector_v2.job.index_feed_generators: listRecords failed repo=did:plc:hdgcpopqxvlgwlxxme5kk6qq err=HttpError('InvalidRequest: Could not find repo: did:plc:hdgcpopqxvlgwlxxme5kk6qq')
2026-03-21T20:06:01Z WARNING bsky_collector_v2.job.index_feed_generators: listRecords failed repo=did:plc:b6satd6nf5i6w42c337vog7q err=HttpError('InvalidRequest: Could not find repo: did:plc:b6satd6nf5i6w42c337vog7q')
2026-03-21T20:06:01Z WARNING bsky_collector_v2.job.index_feed_generators: listRecords failed repo=did:plc:h5ir2dlz27wbjmzflpi5offd err=HttpError('InvalidRequest: Could not find repo: did:plc:h5ir2dlz27wbjmzflpi5offd')
2026-03-21T20:06:01Z WARNING bsky_collector_v2.job.index_feed_generators: listRecords failed repo=did:plc:hdgcpopqxvlgwlxxme5kk6qq err=HttpError('InvalidRequest: Could not find repo: did:plc:hdgcpopqxvlgwlxxme5kk6qq')
2026-03-21T20:06:01Z WARNING bsky_collector_v2.job.index_feed_generators: listRecords failed repo=did:plc:b6satd6nf5i6w42c337vog7q err=HttpError('InvalidRequest: Could not find repo: did:plc:b6satd6nf5i6w42c337vog7q')
2026-03-21T20:06:01Z WARNING bsky_collector_v2.job.index_feed_generators: listRecords failed repo=did:plc:h5ir2dlz27wbjmzflpi5offd err=HttpError('InvalidRequest: Could not find repo: did:plc:h5ir2dlz27wbjmzflpi5offd')
2026-03-21T20:06:01Z WARNING bsky_collector_v2.job.index_feed_generators: listRecords failed repo=did:plc:hdgcpopqxvlgwlxxme5kk6qq err=HttpError('InvalidRequest: Could not find repo: did:plc:hdgcpopqxvlgwlxxme5kk6qq')
2026-03-21T20:06:02Z INFO bsky_collector_v2.job.index_feed_generators: enqueued repos page=21 mode=listRepos inserted=500 repos_returned=500 next_cursor=set
2026-03-21T20:06:22Z INFO bsky_collector_v2.job.index_feed_generators: indexed repo=did:plc:bzh47uh2zc3zra63dxsxn73i part=196 records=1 next_cursor=set
2026-03-21T20:06:40Z WARNING bsky_collector_v2.job.index_feed_generators: listRecords failed repo=did:plc:ig3sitnfxoh7gjjtmvgsjyka err=HttpError('InvalidRequest: Could not find repo: did:plc:ig3sitnfxoh7gjjtmvgsjyka')
2026-03-21T20:06:58Z WARNING bsky_collector_v2.job.index_feed_generators: listRecords failed repo=did:plc:orsxgpaqgcbpj6tglofyn7ll err=HttpError('InvalidRequest: Could not find repo: did:plc:orsxgpaqgcbpj6tglofyn7ll')
2026-03-21T20:07:23Z WARNING bsky_collector_v2.job.index_feed_generators: listRecords failed repo=did:plc:y34dzcsbrbwum2rwt6zamkil err=HttpError('InvalidRequest: Could not find repo: did:plc:y34dzcsbrbwum2rwt6zamkil')
2026-03-21T20:07:27Z WARNING bsky_collector_v2.job.index_feed_generators: listRecords failed repo=did:plc:ig3sitnfxoh7gjjtmvgsjyka err=HttpError('InvalidRequest: Could not find repo: did:plc:ig3sitnfxoh7gjjtmvgsjyka')
2026-03-21T20:07:27Z WARNING bsky_collector_v2.job.index_feed_generators: listRecords failed repo=did:plc:orsxgpaqgcbpj6tglofyn7ll err=HttpError('InvalidRequest: Could not find repo: did:plc:orsxgpaqgcbpj6tglofyn7ll')
2026-03-21T20:07:27Z WARNING bsky_collector_v2.job.index_feed_generators: listRecords failed repo=did:plc:y34dzcsbrbwum2rwt6zamkil err=HttpError('InvalidRequest: Could not find repo: did:plc:y34dzcsbrbwum2rwt6zamkil')
2026-03-21T20:07:27Z WARNING bsky_collector_v2.job.index_feed_generators: listRecords failed repo=did:plc:ig3sitnfxoh7gjjtmvgsjyka err=HttpError('InvalidRequest: Could not find repo: did:plc:ig3sitnfxoh7gjjtmvgsjyka')
2026-03-21T20:07:27Z WARNING bsky_collector_v2.job.index_feed_generators: listRecords failed repo=did:plc:orsxgpaqgcbpj6tglofyn7ll err=HttpError('InvalidRequest: Could not find repo: did:plc:orsxgpaqgcbpj6tglofyn7ll')
2026-03-21T20:07:27Z WARNING bsky_collector_v2.job.index_feed_generators: listRecords failed repo=did:plc:y34dzcsbrbwum2rwt6zamkil err=HttpError('InvalidRequest: Could not find repo: did:plc:y34dzcsbrbwum2rwt6zamkil')
2026-03-21T20:07:28Z INFO bsky_collector_v2.job.index_feed_generators: enqueued repos page=22 mode=listRepos inserted=500 repos_returned=500 next_cursor=set
2026-03-21T20:07:53Z WARNING bsky_collector_v2.job.index_feed_generators: listRecords failed repo=did:plc:cahliqgasx6zitdhah3znn3s err=HttpError('InvalidRequest: Could not find repo: did:plc:cahliqgasx6zitdhah3znn3s')
2026-03-21T20:08:01Z INFO bsky_collector_v2.job.index_feed_generators: indexed repo=did:plc:euayxk74vaje5kjpuv4wvktg part=197 records=1 next_cursor=set
2026-03-21T20:08:06Z WARNING bsky_collector_v2.job.index_feed_generators: listRecords failed repo=did:plc:gqq6euoy35akdpdbmnymlhyo err=HttpError('InvalidRequest: Could not find repo: did:plc:gqq6euoy35akdpdbmnymlhyo')
2026-03-21T20:08:19Z WARNING bsky_collector_v2.job.index_feed_generators: listRecords failed repo=did:plc:kwqck7x2muz3bsecahlcuuqr err=HttpError('InvalidRequest: Could not find repo: did:plc:kwqck7x2muz3bsecahlcuuqr')
2026-03-21T20:08:25Z INFO bsky_collector_v2.job.index_feed_generators: indexed repo=did:plc:nkafedyt3bbzp7etkrcirw3g part=198 records=1 next_cursor=set
2026-03-21T20:08:41Z WARNING bsky_collector_v2.job.index_feed_generators: listRecords failed repo=did:plc:sznyvjj7vwbqnied23ohmdaq err=HttpError('InvalidRequest: Could not find repo: did:plc:sznyvjj7vwbqnied23ohmdaq')
2026-03-21T20:08:48Z WARNING bsky_collector_v2.job.index_feed_generators: listRecords failed repo=did:plc:vo22j6l72hfjzhyp5x7ftrym err=HttpError('InvalidRequest: Could not find repo: did:plc:vo22j6l72hfjzhyp5x7ftrym')
2026-03-21T20:09:07Z WARNING bsky_collector_v2.job.index_feed_generators: listRecords failed repo=did:plc:cahliqgasx6zitdhah3znn3s err=HttpError('InvalidRequest: Could not find repo: did:plc:cahliqgasx6zitdhah3znn3s')
2026-03-21T20:09:07Z WARNING bsky_collector_v2.job.index_feed_generators: listRecords failed repo=did:plc:gqq6euoy35akdpdbmnymlhyo err=HttpError('InvalidRequest: Could not find repo: did:plc:gqq6euoy35akdpdbmnymlhyo')
2026-03-21T20:09:07Z WARNING bsky_collector_v2.job.index_feed_generators: listRecords failed repo=did:plc:kwqck7x2muz3bsecahlcuuqr err=HttpError('InvalidRequest: Could not find repo: did:plc:kwqck7x2muz3bsecahlcuuqr')
2026-03-21T20:09:08Z WARNING bsky_collector_v2.job.index_feed_generators: listRecords failed repo=did:plc:sznyvjj7vwbqnied23ohmdaq err=HttpError('InvalidRequest: Could not find repo: did:plc:sznyvjj7vwbqnied23ohmdaq')
2026-03-21T20:09:08Z WARNING bsky_collector_v2.job.index_feed_generators: listRecords failed repo=did:plc:vo22j6l72hfjzhyp5x7ftrym err=HttpError('InvalidRequest: Could not find repo: did:plc:vo22j6l72hfjzhyp5x7ftrym')
2026-03-21T20:09:08Z WARNING bsky_collector_v2.job.index_feed_generators: listRecords failed repo=did:plc:cahliqgasx6zitdhah3znn3s err=HttpError('InvalidRequest: Could not find repo: did:plc:cahliqgasx6zitdhah3znn3s')
2026-03-21T20:09:08Z WARNING bsky_collector_v2.job.index_feed_generators: listRecords failed repo=did:plc:gqq6euoy35akdpdbmnymlhyo err=HttpError('InvalidRequest: Could not find repo: did:plc:gqq6euoy35akdpdbmnymlhyo')
2026-03-21T20:09:08Z WARNING bsky_collector_v2.job.index_feed_generators: listRecords failed repo=did:plc:kwqck7x2muz3bsecahlcuuqr err=HttpError('InvalidRequest: Could not find repo: did:plc:kwqck7x2muz3bsecahlcuuqr')
2026-03-21T20:09:08Z WARNING bsky_collector_v2.job.index_feed_generators: listRecords failed repo=did:plc:sznyvjj7vwbqnied23ohmdaq err=HttpError('InvalidRequest: Could not find repo: did:plc:sznyvjj7vwbqnied23ohmdaq')
2026-03-21T20:09:08Z WARNING bsky_collector_v2.job.index_feed_generators: listRecords failed repo=did:plc:vo22j6l72hfjzhyp5x7ftrym err=HttpError('InvalidRequest: Could not find repo: did:plc:vo22j6l72hfjzhyp5x7ftrym')
2026-03-21T20:09:09Z INFO bsky_collector_v2.job.index_feed_generators: enqueued repos page=23 mode=listRepos inserted=500 repos_returned=500 next_cursor=set
2026-03-21T20:09:34Z WARNING bsky_collector_v2.job.index_feed_generators: listRecords failed repo=did:plc:buho7nbmyulxx4ku5yougtpp err=HttpError('InvalidRequest: Could not find repo: did:plc:buho7nbmyulxx4ku5yougtpp')
2026-03-21T20:09:45Z WARNING bsky_collector_v2.job.index_feed_generators: listRecords failed repo=did:plc:gftyyaplctdd44uwbqp54lbq err=HttpError('InvalidRequest: Could not find repo: did:plc:gftyyaplctdd44uwbqp54lbq')
2026-03-21T20:10:55Z WARNING bsky_collector_v2.job.index_feed_generators: listRecords failed repo=did:plc:buho7nbmyulxx4ku5yougtpp err=HttpError('InvalidRequest: Could not find repo: did:plc:buho7nbmyulxx4ku5yougtpp')
2026-03-21T20:10:55Z WARNING bsky_collector_v2.job.index_feed_generators: listRecords failed repo=did:plc:gftyyaplctdd44uwbqp54lbq err=HttpError('InvalidRequest: Could not find repo: did:plc:gftyyaplctdd44uwbqp54lbq')
2026-03-21T20:10:55Z WARNING bsky_collector_v2.job.index_feed_generators: listRecords failed repo=did:plc:buho7nbmyulxx4ku5yougtpp err=HttpError('InvalidRequest: Could not find repo: did:plc:buho7nbmyulxx4ku5yougtpp')
2026-03-21T20:10:55Z WARNING bsky_collector_v2.job.index_feed_generators: listRecords failed repo=did:plc:gftyyaplctdd44uwbqp54lbq err=HttpError('InvalidRequest: Could not find repo: did:plc:gftyyaplctdd44uwbqp54lbq')
2026-03-21T20:10:56Z INFO bsky_collector_v2.job.index_feed_generators: enqueued repos page=24 mode=listRepos inserted=500 repos_returned=500 next_cursor=set
2026-03-21T20:11:19Z WARNING bsky_collector_v2.job.index_feed_generators: listRecords failed repo=did:plc:d5h7nhuhlltdswf5cgzrrfkp err=HttpError('InvalidRequest: Could not find repo: did:plc:d5h7nhuhlltdswf5cgzrrfkp')
2026-03-21T20:12:24Z WARNING bsky_collector_v2.job.index_feed_generators: listRecords failed repo=did:plc:d5h7nhuhlltdswf5cgzrrfkp err=HttpError('InvalidRequest: Could not find repo: did:plc:d5h7nhuhlltdswf5cgzrrfkp')
2026-03-21T20:12:24Z WARNING bsky_collector_v2.job.index_feed_generators: listRecords failed repo=did:plc:d5h7nhuhlltdswf5cgzrrfkp err=HttpError('InvalidRequest: Could not find repo: did:plc:d5h7nhuhlltdswf5cgzrrfkp')
2026-03-21T20:12:25Z INFO bsky_collector_v2.job.index_feed_generators: enqueued repos page=25 mode=listRepos inserted=500 repos_returned=500 next_cursor=set
2026-03-21T20:12:57Z WARNING bsky_collector_v2.job.index_feed_generators: listRecords failed repo=did:plc:dpl54sq42scsdvexjqzu6igz err=HttpError('InvalidRequest: Could not find repo: did:plc:dpl54sq42scsdvexjqzu6igz')
2026-03-21T20:14:06Z WARNING bsky_collector_v2.job.index_feed_generators: listRecords failed repo=did:plc:dpl54sq42scsdvexjqzu6igz err=HttpError('InvalidRequest: Could not find repo: did:plc:dpl54sq42scsdvexjqzu6igz')
2026-03-21T20:14:06Z WARNING bsky_collector_v2.job.index_feed_generators: listRecords failed repo=did:plc:dpl54sq42scsdvexjqzu6igz err=HttpError('InvalidRequest: Could not find repo: did:plc:dpl54sq42scsdvexjqzu6igz')
2026-03-21T20:14:07Z INFO bsky_collector_v2.job.index_feed_generators: enqueued repos page=26 mode=listRepos inserted=500 repos_returned=500 next_cursor=set
2026-03-21T20:14:49Z WARNING bsky_collector_v2.job.index_feed_generators: listRecords failed repo=did:plc:j3xdzhgmga3aonbrce3sawa3 err=HttpError('InvalidRequest: Could not find repo: did:plc:j3xdzhgmga3aonbrce3sawa3')
2026-03-21T20:15:09Z WARNING bsky_collector_v2.job.index_feed_generators: listRecords failed repo=did:plc:ptzmrcifksb2jylegel5brwd err=HttpError('InvalidRequest: Could not find repo: did:plc:ptzmrcifksb2jylegel5brwd')
2026-03-21T20:15:36Z WARNING bsky_collector_v2.job.index_feed_generators: listRecords failed repo=did:plc:j3xdzhgmga3aonbrce3sawa3 err=HttpError('InvalidRequest: Could not find repo: did:plc:j3xdzhgmga3aonbrce3sawa3')
2026-03-21T20:15:36Z WARNING bsky_collector_v2.job.index_feed_generators: listRecords failed repo=did:plc:ptzmrcifksb2jylegel5brwd err=HttpError('InvalidRequest: Could not find repo: did:plc:ptzmrcifksb2jylegel5brwd')
2026-03-21T20:15:36Z WARNING bsky_collector_v2.job.index_feed_generators: listRecords failed repo=did:plc:j3xdzhgmga3aonbrce3sawa3 err=HttpError('InvalidRequest: Could not find repo: did:plc:j3xdzhgmga3aonbrce3sawa3')
2026-03-21T20:15:36Z WARNING bsky_collector_v2.job.index_feed_generators: listRecords failed repo=did:plc:ptzmrcifksb2jylegel5brwd err=HttpError('InvalidRequest: Could not find repo: did:plc:ptzmrcifksb2jylegel5brwd')
2026-03-21T20:15:37Z INFO bsky_collector_v2.job.index_feed_generators: enqueued repos page=27 mode=listRepos inserted=500 repos_returned=500 next_cursor=set
2026-03-21T20:17:07Z WARNING bsky_collector_v2.job.index_feed_generators: listRecords failed repo=did:plc:xo2nw554l3ygkcto3vhkvvyw err=HttpError('InvalidRequest: Could not find repo: did:plc:xo2nw554l3ygkcto3vhkvvyw')
2026-03-21T20:17:17Z WARNING bsky_collector_v2.job.index_feed_generators: listRecords failed repo=did:plc:xo2nw554l3ygkcto3vhkvvyw err=HttpError('InvalidRequest: Could not find repo: did:plc:xo2nw554l3ygkcto3vhkvvyw')
2026-03-21T20:17:17Z WARNING bsky_collector_v2.job.index_feed_generators: listRecords failed repo=did:plc:xo2nw554l3ygkcto3vhkvvyw err=HttpError('InvalidRequest: Could not find repo: did:plc:xo2nw554l3ygkcto3vhkvvyw')
2026-03-21T20:17:18Z INFO bsky_collector_v2.job.index_feed_generators: enqueued repos page=28 mode=listRepos inserted=500 repos_returned=500 next_cursor=set
2026-03-21T20:18:32Z WARNING bsky_collector_v2.job.index_feed_generators: listRecords failed repo=did:plc:rpw3c3ja3cqvg2zyyupkvuhh err=HttpError('InvalidRequest: Could not find repo: did:plc:rpw3c3ja3cqvg2zyyupkvuhh')
2026-03-21T20:18:38Z WARNING bsky_collector_v2.job.index_feed_generators: listRecords failed repo=did:plc:tu6ickue52bsnv5rk7w2xaoq err=HttpError('InvalidRequest: Could not find repo: did:plc:tu6ickue52bsnv5rk7w2xaoq')
2026-03-21T20:18:55Z WARNING bsky_collector_v2.job.index_feed_generators: listRecords failed repo=did:plc:rpw3c3ja3cqvg2zyyupkvuhh err=HttpError('InvalidRequest: Could not find repo: did:plc:rpw3c3ja3cqvg2zyyupkvuhh')
2026-03-21T20:18:55Z WARNING bsky_collector_v2.job.index_feed_generators: listRecords failed repo=did:plc:tu6ickue52bsnv5rk7w2xaoq err=HttpError('InvalidRequest: Could not find repo: did:plc:tu6ickue52bsnv5rk7w2xaoq')
2026-03-21T20:18:55Z WARNING bsky_collector_v2.job.index_feed_generators: listRecords failed repo=did:plc:rpw3c3ja3cqvg2zyyupkvuhh err=HttpError('InvalidRequest: Could not find repo: did:plc:rpw3c3ja3cqvg2zyyupkvuhh')
2026-03-21T20:18:55Z WARNING bsky_collector_v2.job.index_feed_generators: listRecords failed repo=did:plc:tu6ickue52bsnv5rk7w2xaoq err=HttpError('InvalidRequest: Could not find repo: did:plc:tu6ickue52bsnv5rk7w2xaoq')
2026-03-21T20:18:55Z INFO bsky_collector_v2.job.index_feed_generators: enqueued repos page=29 mode=listRepos inserted=500 repos_returned=500 next_cursor=set
2026-03-21T20:19:23Z WARNING bsky_collector_v2.job.index_feed_generators: listRecords failed repo=did:plc:dqeuazo6pi5e2eqe5szienae err=HttpError('InvalidRequest: Could not find repo: did:plc:dqeuazo6pi5e2eqe5szienae')
2026-03-21T20:19:38Z WARNING bsky_collector_v2.job.index_feed_generators: listRecords failed repo=did:plc:hkz2i6jsl4bxgcieiti7oxfs err=HttpError('InvalidRequest: Could not find repo: did:plc:hkz2i6jsl4bxgcieiti7oxfs')
2026-03-21T20:19:52Z WARNING bsky_collector_v2.job.index_feed_generators: listRecords failed repo=did:plc:myahsuiwop4hlrxihe4cgln7 err=HttpError('InvalidRequest: Could not find repo: did:plc:myahsuiwop4hlrxihe4cgln7')
2026-03-21T20:20:37Z WARNING bsky_collector_v2.job.index_feed_generators: listRecords failed repo=did:plc:dqeuazo6pi5e2eqe5szienae err=HttpError('InvalidRequest: Could not find repo: did:plc:dqeuazo6pi5e2eqe5szienae')
2026-03-21T20:20:37Z WARNING bsky_collector_v2.job.index_feed_generators: listRecords failed repo=did:plc:hkz2i6jsl4bxgcieiti7oxfs err=HttpError('InvalidRequest: Could not find repo: did:plc:hkz2i6jsl4bxgcieiti7oxfs')
2026-03-21T20:20:37Z WARNING bsky_collector_v2.job.index_feed_generators: listRecords failed repo=did:plc:myahsuiwop4hlrxihe4cgln7 err=HttpError('InvalidRequest: Could not find repo: did:plc:myahsuiwop4hlrxihe4cgln7')
2026-03-21T20:20:37Z WARNING bsky_collector_v2.job.index_feed_generators: listRecords failed repo=did:plc:dqeuazo6pi5e2eqe5szienae err=HttpError('InvalidRequest: Could not find repo: did:plc:dqeuazo6pi5e2eqe5szienae')
2026-03-21T20:20:37Z WARNING bsky_collector_v2.job.index_feed_generators: listRecords failed repo=did:plc:hkz2i6jsl4bxgcieiti7oxfs err=HttpError('InvalidRequest: Could not find repo: did:plc:hkz2i6jsl4bxgcieiti7oxfs')
2026-03-21T20:20:37Z WARNING bsky_collector_v2.job.index_feed_generators: listRecords failed repo=did:plc:myahsuiwop4hlrxihe4cgln7 err=HttpError('InvalidRequest: Could not find repo: did:plc:myahsuiwop4hlrxihe4cgln7')
2026-03-21T20:20:38Z INFO bsky_collector_v2.job.index_feed_generators: enqueued repos page=30 mode=listRepos inserted=500 repos_returned=500 next_cursor=set
2026-03-21T20:21:10Z INFO bsky_collector_v2.job.index_feed_generators: indexed repo=did:plc:f345h4sfm356c5szpr5vqkdk part=199 records=1 next_cursor=set
2026-03-21T20:21:14Z WARNING bsky_collector_v2.job.index_feed_generators: listRecords failed repo=did:plc:gnbnrm6iw5yvbxhgczawab4t err=HttpError('InvalidRequest: Could not find repo: did:plc:gnbnrm6iw5yvbxhgczawab4t')
2026-03-21T20:21:26Z WARNING bsky_collector_v2.job.index_feed_generators: listRecords failed repo=did:plc:kqbgd53i5xiulxaqht2j7hag err=HttpError('InvalidRequest: Could not find repo: did:plc:kqbgd53i5xiulxaqht2j7hag')
2026-03-21T20:21:43Z WARNING bsky_collector_v2.job.index_feed_generators: listRecords failed repo=did:plc:nvjdkucahielnxnkclqw3wdu err=HttpError('InvalidRequest: Could not find repo: did:plc:nvjdkucahielnxnkclqw3wdu')
2026-03-21T20:22:19Z WARNING bsky_collector_v2.job.index_feed_generators: listRecords failed repo=did:plc:gnbnrm6iw5yvbxhgczawab4t err=HttpError('InvalidRequest: Could not find repo: did:plc:gnbnrm6iw5yvbxhgczawab4t')
2026-03-21T20:22:19Z WARNING bsky_collector_v2.job.index_feed_generators: listRecords failed repo=did:plc:kqbgd53i5xiulxaqht2j7hag err=HttpError('InvalidRequest: Could not find repo: did:plc:kqbgd53i5xiulxaqht2j7hag')
2026-03-21T20:22:19Z WARNING bsky_collector_v2.job.index_feed_generators: listRecords failed repo=did:plc:nvjdkucahielnxnkclqw3wdu err=HttpError('InvalidRequest: Could not find repo: did:plc:nvjdkucahielnxnkclqw3wdu')
2026-03-21T20:22:19Z WARNING bsky_collector_v2.job.index_feed_generators: listRecords failed repo=did:plc:gnbnrm6iw5yvbxhgczawab4t err=HttpError('InvalidRequest: Could not find repo: did:plc:gnbnrm6iw5yvbxhgczawab4t')
2026-03-21T20:22:19Z WARNING bsky_collector_v2.job.index_feed_generators: listRecords failed repo=did:plc:kqbgd53i5xiulxaqht2j7hag err=HttpError('InvalidRequest: Could not find repo: did:plc:kqbgd53i5xiulxaqht2j7hag')
2026-03-21T20:22:20Z WARNING bsky_collector_v2.job.index_feed_generators: listRecords failed repo=did:plc:nvjdkucahielnxnkclqw3wdu err=HttpError('InvalidRequest: Could not find repo: did:plc:nvjdkucahielnxnkclqw3wdu')
2026-03-21T20:22:20Z INFO bsky_collector_v2.job.index_feed_generators: enqueued repos page=31 mode=listRepos inserted=500 repos_returned=500 next_cursor=set
2026-03-21T20:22:28Z INFO bsky_collector_v2.job.index_feed_generators: indexed repo=did:plc:5uabvdzliaeal727xluk7sql part=200 records=1 next_cursor=set
2026-03-21T20:24:03Z INFO bsky_collector_v2.job.index_feed_generators: enqueued repos page=32 mode=listRepos inserted=500 repos_returned=500 next_cursor=set
2026-03-21T20:24:28Z WARNING bsky_collector_v2.job.index_feed_generators: listRecords failed repo=did:plc:clkbeddevsnji4bfuvqu6kyw err=HttpError('InvalidRequest: Could not find repo: did:plc:clkbeddevsnji4bfuvqu6kyw')
2026-03-21T20:24:33Z WARNING bsky_collector_v2.job.index_feed_generators: listRecords failed repo=did:plc:erug4rjlq5p63oxa3xzvxrgt err=HttpError('InvalidRequest: Could not find repo: did:plc:erug4rjlq5p63oxa3xzvxrgt')
2026-03-21T20:24:56Z WARNING bsky_collector_v2.job.index_feed_generators: listRecords failed repo=did:plc:lp7nmbogbgzohtkj4unz7rh5 err=HttpError('InvalidRequest: Could not find repo: did:plc:lp7nmbogbgzohtkj4unz7rh5')
2026-03-21T20:25:05Z WARNING bsky_collector_v2.job.index_feed_generators: listRecords failed repo=did:plc:pbe5cs3yh4wszfcdbtchdk4r err=HttpError('InvalidRequest: Could not find repo: did:plc:pbe5cs3yh4wszfcdbtchdk4r')
2026-03-21T20:25:06Z WARNING bsky_collector_v2.job.index_feed_generators: listRecords failed repo=did:plc:pe5ti6xijtkvq7obbrpo3pyy err=HttpError('InvalidRequest: Could not find repo: did:plc:pe5ti6xijtkvq7obbrpo3pyy')
2026-03-21T20:25:22Z WARNING bsky_collector_v2.job.index_feed_generators: listRecords failed repo=did:plc:wgmfvak6klfwtuhii4puoavc err=HttpError('InvalidRequest: Could not find repo: did:plc:wgmfvak6klfwtuhii4puoavc')
2026-03-21T20:25:32Z WARNING bsky_collector_v2.job.index_feed_generators: listRecords failed repo=did:plc:zqt2u3e2mhvv4emhpnlftrj7 err=HttpError('InvalidRequest: Could not find repo: did:plc:zqt2u3e2mhvv4emhpnlftrj7')
2026-03-21T20:25:33Z WARNING bsky_collector_v2.job.index_feed_generators: listRecords failed repo=did:plc:clkbeddevsnji4bfuvqu6kyw err=HttpError('InvalidRequest: Could not find repo: did:plc:clkbeddevsnji4bfuvqu6kyw')
2026-03-21T20:25:33Z WARNING bsky_collector_v2.job.index_feed_generators: listRecords failed repo=did:plc:erug4rjlq5p63oxa3xzvxrgt err=HttpError('InvalidRequest: Could not find repo: did:plc:erug4rjlq5p63oxa3xzvxrgt')
2026-03-21T20:25:33Z WARNING bsky_collector_v2.job.index_feed_generators: listRecords failed repo=did:plc:lp7nmbogbgzohtkj4unz7rh5 err=HttpError('InvalidRequest: Could not find repo: did:plc:lp7nmbogbgzohtkj4unz7rh5')
2026-03-21T20:25:33Z WARNING bsky_collector_v2.job.index_feed_generators: listRecords failed repo=did:plc:pbe5cs3yh4wszfcdbtchdk4r err=HttpError('InvalidRequest: Could not find repo: did:plc:pbe5cs3yh4wszfcdbtchdk4r')
2026-03-21T20:25:33Z WARNING bsky_collector_v2.job.index_feed_generators: listRecords failed repo=did:plc:pe5ti6xijtkvq7obbrpo3pyy err=HttpError('InvalidRequest: Could not find repo: did:plc:pe5ti6xijtkvq7obbrpo3pyy')
2026-03-21T20:25:33Z WARNING bsky_collector_v2.job.index_feed_generators: listRecords failed repo=did:plc:wgmfvak6klfwtuhii4puoavc err=HttpError('InvalidRequest: Could not find repo: did:plc:wgmfvak6klfwtuhii4puoavc')
2026-03-21T20:25:33Z WARNING bsky_collector_v2.job.index_feed_generators: listRecords failed repo=did:plc:zqt2u3e2mhvv4emhpnlftrj7 err=HttpError('InvalidRequest: Could not find repo: did:plc:zqt2u3e2mhvv4emhpnlftrj7')
2026-03-21T20:25:33Z WARNING bsky_collector_v2.job.index_feed_generators: listRecords failed repo=did:plc:clkbeddevsnji4bfuvqu6kyw err=HttpError('InvalidRequest: Could not find repo: did:plc:clkbeddevsnji4bfuvqu6kyw')
2026-03-21T20:25:33Z WARNING bsky_collector_v2.job.index_feed_generators: listRecords failed repo=did:plc:erug4rjlq5p63oxa3xzvxrgt err=HttpError('InvalidRequest: Could not find repo: did:plc:erug4rjlq5p63oxa3xzvxrgt')
2026-03-21T20:25:33Z WARNING bsky_collector_v2.job.index_feed_generators: listRecords failed repo=did:plc:lp7nmbogbgzohtkj4unz7rh5 err=HttpError('InvalidRequest: Could not find repo: did:plc:lp7nmbogbgzohtkj4unz7rh5')
2026-03-21T20:25:33Z WARNING bsky_collector_v2.job.index_feed_generators: listRecords failed repo=did:plc:pbe5cs3yh4wszfcdbtchdk4r err=HttpError('InvalidRequest: Could not find repo: did:plc:pbe5cs3yh4wszfcdbtchdk4r')
2026-03-21T20:25:33Z WARNING bsky_collector_v2.job.index_feed_generators: listRecords failed repo=did:plc:pe5ti6xijtkvq7obbrpo3pyy err=HttpError('InvalidRequest: Could not find repo: did:plc:pe5ti6xijtkvq7obbrpo3pyy')
2026-03-21T20:25:33Z WARNING bsky_collector_v2.job.index_feed_generators: listRecords failed repo=did:plc:wgmfvak6klfwtuhii4puoavc err=HttpError('InvalidRequest: Could not find repo: did:plc:wgmfvak6klfwtuhii4puoavc')
2026-03-21T20:25:33Z WARNING bsky_collector_v2.job.index_feed_generators: listRecords failed repo=did:plc:zqt2u3e2mhvv4emhpnlftrj7 err=HttpError('InvalidRequest: Could not find repo: did:plc:zqt2u3e2mhvv4emhpnlftrj7')
2026-03-21T20:25:34Z INFO bsky_collector_v2.job.index_feed_generators: enqueued repos page=33 mode=listRepos inserted=500 repos_returned=500 next_cursor=set
