2026-02-27T14:21:07Z INFO bsky_collector_v2: out_base ok path=D:\BlueSky\data_v2_full mount=D:\
2026-02-27T14:21:07Z INFO bsky_collector_v2: job start subcommand=index-feed-generators dry_run=False resume=True
2026-02-27T14:21:08Z INFO bsky_collector_v2.job.index_feed_generators: feed generator index hosts relay_host=https://bsky.network records_host=https://bsky.social auth=yes
2026-02-27T14:21:14Z INFO bsky_collector_v2.job.index_feed_generators: indexed repo=did:plc:ioxqapswtlguxqipwubr7gve part=605 records=3 next_cursor=set
2026-02-27T14:21:26Z INFO bsky_collector_v2.job.index_feed_generators: indexed repo=did:plc:nwrnj7v4iixoj7wblnhdahss part=606 records=3 next_cursor=set
2026-02-27T14:21:28Z WARNING bsky_collector_v2.job.index_feed_generators: listRecords failed repo=did:plc:otgppllfho6x5f3j3xfaakhr err=HttpError('InvalidRequest: Could not find repo: did:plc:otgppllfho6x5f3j3xfaakhr')
2026-02-27T14:21:54Z INFO bsky_collector_v2.job.index_feed_generators: indexed repo=did:plc:wqk7qolgkuoft6mfneufbhcq part=607 records=1 next_cursor=set
2026-02-27T14:22:06Z WARNING bsky_collector_v2.job.index_feed_generators: listRecords failed repo=did:plc:otgppllfho6x5f3j3xfaakhr err=HttpError('InvalidRequest: Could not find repo: did:plc:otgppllfho6x5f3j3xfaakhr')
2026-02-27T14:22:06Z WARNING bsky_collector_v2.job.index_feed_generators: listRecords failed repo=did:plc:otgppllfho6x5f3j3xfaakhr err=HttpError('InvalidRequest: Could not find repo: did:plc:otgppllfho6x5f3j3xfaakhr')
2026-02-27T14:22:07Z INFO bsky_collector_v2.job.index_feed_generators: enqueued repos page=1 mode=listRepos inserted=500 repos_returned=500 next_cursor=set
2026-02-27T14:22:25Z INFO bsky_collector_v2.job.index_feed_generators: indexed repo=did:plc:ahvw2nxqhbvwtes7pk6ho5pc part=608 records=2 next_cursor=set
2026-02-27T14:22:35Z INFO bsky_collector_v2.job.index_feed_generators: indexed repo=did:plc:di6ppdshpvfmzvquhib3xlfe part=609 records=3 next_cursor=set
2026-02-27T14:23:46Z INFO bsky_collector_v2.job.index_feed_generators: enqueued repos page=2 mode=listRepos inserted=500 repos_returned=500 next_cursor=set
2026-02-27T14:23:54Z WARNING bsky_collector_v2.job.index_feed_generators: listRecords failed repo=did:plc:4kwsz4mddvdyvkjrhsmjxu7b err=HttpError('InvalidRequest: Could not find repo: did:plc:4kwsz4mddvdyvkjrhsmjxu7b')
2026-02-27T14:23:56Z WARNING bsky_collector_v2.job.index_feed_generators: listRecords failed repo=did:plc:4wfifoococykxgpazy5eeq6a err=HttpError('InvalidRequest: Could not find repo: did:plc:4wfifoococykxgpazy5eeq6a')
2026-02-27T14:23:56Z WARNING bsky_collector_v2.job.index_feed_generators: listRecords failed repo=did:plc:54n547vqmbhmqpl2u4l53jy6 err=HttpError('InvalidRequest: Could not find repo: did:plc:54n547vqmbhmqpl2u4l53jy6')
2026-02-27T14:23:59Z WARNING bsky_collector_v2.job.index_feed_generators: listRecords failed repo=did:plc:66i37ntf7qwa7svjwopt7btj err=HttpError('InvalidRequest: Could not find repo: did:plc:66i37ntf7qwa7svjwopt7btj')
2026-02-27T14:23:59Z INFO bsky_collector_v2.job.index_feed_generators: indexed repo=did:plc:6cf5tgyoasvgcelpxy2exmkt part=610 records=1 next_cursor=set
2026-02-27T14:24:00Z WARNING bsky_collector_v2.job.index_feed_generators: listRecords failed repo=did:plc:6lyujhcic543ustprmuoumdo err=HttpError('InvalidRequest: Could not find repo: did:plc:6lyujhcic543ustprmuoumdo')
2026-02-27T14:24:10Z WARNING bsky_collector_v2.job.index_feed_generators: listRecords failed repo=did:plc:by2pfazlul6o4yr43qjbabnc err=HttpError('InvalidRequest: Could not find repo: did:plc:by2pfazlul6o4yr43qjbabnc')
2026-02-27T14:24:12Z WARNING bsky_collector_v2.job.index_feed_generators: listRecords failed repo=did:plc:dd73eapevkzst24fjvz2kefw err=HttpError('InvalidRequest: Could not find repo: did:plc:dd73eapevkzst24fjvz2kefw')
2026-02-27T14:24:15Z WARNING bsky_collector_v2.job.index_feed_generators: listRecords failed repo=did:plc:dq74cfzjprl4migrscycepzp err=HttpError('InvalidRequest: Could not find repo: did:plc:dq74cfzjprl4migrscycepzp')
2026-02-27T14:24:15Z INFO bsky_collector_v2.job.index_feed_generators: indexed repo=did:plc:dyueuj2ljxhdxibcn62ktvg3 part=611 records=2 next_cursor=set
2026-02-27T14:24:19Z WARNING bsky_collector_v2.job.index_feed_generators: listRecords failed repo=did:plc:evyyhw345tcn7dxfbshdnb6l err=HttpError('InvalidRequest: Could not find repo: did:plc:evyyhw345tcn7dxfbshdnb6l')
2026-02-27T14:24:35Z WARNING bsky_collector_v2.job.index_feed_generators: listRecords failed repo=did:plc:jm3wrx3ikehmz5leomjwvaau err=HttpError('InvalidRequest: Could not find repo: did:plc:jm3wrx3ikehmz5leomjwvaau')
2026-02-27T14:24:44Z WARNING bsky_collector_v2.job.index_feed_generators: listRecords failed repo=did:plc:mgfmckioxys6ewu657navfmb err=HttpError('InvalidRequest: Could not find repo: did:plc:mgfmckioxys6ewu657navfmb')
2026-02-27T14:25:03Z WARNING bsky_collector_v2.job.index_feed_generators: listRecords failed repo=did:plc:rkmiyotj7zrvunwfuvnzhg4k err=HttpError('InvalidRequest: Could not find repo: did:plc:rkmiyotj7zrvunwfuvnzhg4k')
2026-02-27T14:25:20Z WARNING bsky_collector_v2.job.index_feed_generators: listRecords failed repo=did:plc:y3kzrmi5y66jhketdxxtf4zp err=HttpError('InvalidRequest: Could not find repo: did:plc:y3kzrmi5y66jhketdxxtf4zp')
2026-02-27T14:25:24Z WARNING bsky_collector_v2.job.index_feed_generators: listRecords failed repo=did:plc:zpirogu2sno2slinpck3wrze err=HttpError('InvalidRequest: Could not find repo: did:plc:zpirogu2sno2slinpck3wrze')
2026-02-27T14:25:24Z WARNING bsky_collector_v2.job.index_feed_generators: listRecords failed repo=did:plc:4kwsz4mddvdyvkjrhsmjxu7b err=HttpError('InvalidRequest: Could not find repo: did:plc:4kwsz4mddvdyvkjrhsmjxu7b')
2026-02-27T14:25:24Z WARNING bsky_collector_v2.job.index_feed_generators: listRecords failed repo=did:plc:4wfifoococykxgpazy5eeq6a err=HttpError('InvalidRequest: Could not find repo: did:plc:4wfifoococykxgpazy5eeq6a')
2026-02-27T14:25:24Z WARNING bsky_collector_v2.job.index_feed_generators: listRecords failed repo=did:plc:54n547vqmbhmqpl2u4l53jy6 err=HttpError('InvalidRequest: Could not find repo: did:plc:54n547vqmbhmqpl2u4l53jy6')
2026-02-27T14:25:25Z WARNING bsky_collector_v2.job.index_feed_generators: listRecords failed repo=did:plc:66i37ntf7qwa7svjwopt7btj err=HttpError('InvalidRequest: Could not find repo: did:plc:66i37ntf7qwa7svjwopt7btj')
2026-02-27T14:25:25Z WARNING bsky_collector_v2.job.index_feed_generators: listRecords failed repo=did:plc:6lyujhcic543ustprmuoumdo err=HttpError('InvalidRequest: Could not find repo: did:plc:6lyujhcic543ustprmuoumdo')
2026-02-27T14:25:25Z WARNING bsky_collector_v2.job.index_feed_generators: listRecords failed repo=did:plc:by2pfazlul6o4yr43qjbabnc err=HttpError('InvalidRequest: Could not find repo: did:plc:by2pfazlul6o4yr43qjbabnc')
2026-02-27T14:25:25Z WARNING bsky_collector_v2.job.index_feed_generators: listRecords failed repo=did:plc:dd73eapevkzst24fjvz2kefw err=HttpError('InvalidRequest: Could not find repo: did:plc:dd73eapevkzst24fjvz2kefw')
2026-02-27T14:25:25Z WARNING bsky_collector_v2.job.index_feed_generators: listRecords failed repo=did:plc:dq74cfzjprl4migrscycepzp err=HttpError('InvalidRequest: Could not find repo: did:plc:dq74cfzjprl4migrscycepzp')
2026-02-27T14:25:25Z WARNING bsky_collector_v2.job.index_feed_generators: listRecords failed repo=did:plc:evyyhw345tcn7dxfbshdnb6l err=HttpError('InvalidRequest: Could not find repo: did:plc:evyyhw345tcn7dxfbshdnb6l')
2026-02-27T14:25:25Z WARNING bsky_collector_v2.job.index_feed_generators: listRecords failed repo=did:plc:jm3wrx3ikehmz5leomjwvaau err=HttpError('InvalidRequest: Could not find repo: did:plc:jm3wrx3ikehmz5leomjwvaau')
2026-02-27T14:25:25Z WARNING bsky_collector_v2.job.index_feed_generators: listRecords failed repo=did:plc:mgfmckioxys6ewu657navfmb err=HttpError('InvalidRequest: Could not find repo: did:plc:mgfmckioxys6ewu657navfmb')
2026-02-27T14:25:25Z WARNING bsky_collector_v2.job.index_feed_generators: listRecords failed repo=did:plc:rkmiyotj7zrvunwfuvnzhg4k err=HttpError('InvalidRequest: Could not find repo: did:plc:rkmiyotj7zrvunwfuvnzhg4k')
2026-02-27T14:25:25Z WARNING bsky_collector_v2.job.index_feed_generators: listRecords failed repo=did:plc:y3kzrmi5y66jhketdxxtf4zp err=HttpError('InvalidRequest: Could not find repo: did:plc:y3kzrmi5y66jhketdxxtf4zp')
2026-02-27T14:25:26Z WARNING bsky_collector_v2.job.index_feed_generators: listRecords failed repo=did:plc:zpirogu2sno2slinpck3wrze err=HttpError('InvalidRequest: Could not find repo: did:plc:zpirogu2sno2slinpck3wrze')
2026-02-27T14:25:26Z WARNING bsky_collector_v2.job.index_feed_generators: listRecords failed repo=did:plc:4kwsz4mddvdyvkjrhsmjxu7b err=HttpError('InvalidRequest: Could not find repo: did:plc:4kwsz4mddvdyvkjrhsmjxu7b')
2026-02-27T14:25:26Z WARNING bsky_collector_v2.job.index_feed_generators: listRecords failed repo=did:plc:4wfifoococykxgpazy5eeq6a err=HttpError('InvalidRequest: Could not find repo: did:plc:4wfifoococykxgpazy5eeq6a')
2026-02-27T14:25:26Z WARNING bsky_collector_v2.job.index_feed_generators: listRecords failed repo=did:plc:54n547vqmbhmqpl2u4l53jy6 err=HttpError('InvalidRequest: Could not find repo: did:plc:54n547vqmbhmqpl2u4l53jy6')
2026-02-27T14:25:26Z WARNING bsky_collector_v2.job.index_feed_generators: listRecords failed repo=did:plc:66i37ntf7qwa7svjwopt7btj err=HttpError('InvalidRequest: Could not find repo: did:plc:66i37ntf7qwa7svjwopt7btj')
2026-02-27T14:25:26Z WARNING bsky_collector_v2.job.index_feed_generators: listRecords failed repo=did:plc:6lyujhcic543ustprmuoumdo err=HttpError('InvalidRequest: Could not find repo: did:plc:6lyujhcic543ustprmuoumdo')
2026-02-27T14:25:26Z WARNING bsky_collector_v2.job.index_feed_generators: listRecords failed repo=did:plc:by2pfazlul6o4yr43qjbabnc err=HttpError('InvalidRequest: Could not find repo: did:plc:by2pfazlul6o4yr43qjbabnc')
2026-02-27T14:25:26Z WARNING bsky_collector_v2.job.index_feed_generators: listRecords failed repo=did:plc:dd73eapevkzst24fjvz2kefw err=HttpError('InvalidRequest: Could not find repo: did:plc:dd73eapevkzst24fjvz2kefw')
2026-02-27T14:25:26Z WARNING bsky_collector_v2.job.index_feed_generators: listRecords failed repo=did:plc:dq74cfzjprl4migrscycepzp err=HttpError('InvalidRequest: Could not find repo: did:plc:dq74cfzjprl4migrscycepzp')
2026-02-27T14:25:26Z WARNING bsky_collector_v2.job.index_feed_generators: listRecords failed repo=did:plc:evyyhw345tcn7dxfbshdnb6l err=HttpError('InvalidRequest: Could not find repo: did:plc:evyyhw345tcn7dxfbshdnb6l')
2026-02-27T14:25:26Z WARNING bsky_collector_v2.job.index_feed_generators: listRecords failed repo=did:plc:jm3wrx3ikehmz5leomjwvaau err=HttpError('InvalidRequest: Could not find repo: did:plc:jm3wrx3ikehmz5leomjwvaau')
2026-02-27T14:25:26Z WARNING bsky_collector_v2.job.index_feed_generators: listRecords failed repo=did:plc:mgfmckioxys6ewu657navfmb err=HttpError('InvalidRequest: Could not find repo: did:plc:mgfmckioxys6ewu657navfmb')
2026-02-27T14:25:26Z WARNING bsky_collector_v2.job.index_feed_generators: listRecords failed repo=did:plc:rkmiyotj7zrvunwfuvnzhg4k err=HttpError('InvalidRequest: Could not find repo: did:plc:rkmiyotj7zrvunwfuvnzhg4k')
2026-02-27T14:25:26Z WARNING bsky_collector_v2.job.index_feed_generators: listRecords failed repo=did:plc:y3kzrmi5y66jhketdxxtf4zp err=HttpError('InvalidRequest: Could not find repo: did:plc:y3kzrmi5y66jhketdxxtf4zp')
2026-02-27T14:25:27Z WARNING bsky_collector_v2.job.index_feed_generators: listRecords failed repo=did:plc:zpirogu2sno2slinpck3wrze err=HttpError('InvalidRequest: Could not find repo: did:plc:zpirogu2sno2slinpck3wrze')
2026-02-27T14:25:27Z INFO bsky_collector_v2.job.index_feed_generators: enqueued repos page=3 mode=listRepos inserted=500 repos_returned=500 next_cursor=set
2026-02-27T14:25:28Z WARNING bsky_collector_v2.job.index_feed_generators: listRecords failed repo=did:plc:2p2hf24v4yqtqkrdsbv5lppr err=HttpError('InvalidRequest: Could not find repo: did:plc:2p2hf24v4yqtqkrdsbv5lppr')
2026-02-27T14:25:30Z WARNING bsky_collector_v2.job.index_feed_generators: listRecords failed repo=did:plc:2yt55o57sqcgav36bo7viiwt err=HttpError('InvalidRequest: Could not find repo: did:plc:2yt55o57sqcgav36bo7viiwt')
2026-02-27T14:25:33Z WARNING bsky_collector_v2.job.index_feed_generators: listRecords failed repo=did:plc:4nh5y35ai62xun6el5ug6r5d err=HttpError('InvalidRequest: Could not find repo: did:plc:4nh5y35ai62xun6el5ug6r5d')
2026-02-27T14:25:36Z WARNING bsky_collector_v2.job.index_feed_generators: listRecords failed repo=did:plc:5vbvgx3t6hujpr4upkfrez4u err=HttpError('InvalidRequest: Could not find repo: did:plc:5vbvgx3t6hujpr4upkfrez4u')
2026-02-27T14:25:39Z WARNING bsky_collector_v2.job.index_feed_generators: listRecords failed repo=did:plc:6wpza5rzzdrlesihm2bf6fir err=HttpError('InvalidRequest: Could not find repo: did:plc:6wpza5rzzdrlesihm2bf6fir')
2026-02-27T14:25:41Z WARNING bsky_collector_v2.job.index_feed_generators: listRecords failed repo=did:plc:77wt2n7zdmzrqvwwoulqk6ui err=HttpError('InvalidRequest: Could not find repo: did:plc:77wt2n7zdmzrqvwwoulqk6ui')
2026-02-27T14:25:41Z WARNING bsky_collector_v2.job.index_feed_generators: listRecords failed repo=did:plc:7ccrljou5mqx6umf4zjznoia err=HttpError('InvalidRequest: Could not find repo: did:plc:7ccrljou5mqx6umf4zjznoia')
2026-02-27T14:25:42Z WARNING bsky_collector_v2.job.index_feed_generators: listRecords failed repo=did:plc:7mkgxswskgxpkr74yh6zw7lh err=HttpError('InvalidRequest: Could not find repo: did:plc:7mkgxswskgxpkr74yh6zw7lh')
2026-02-27T14:25:44Z WARNING bsky_collector_v2.job.index_feed_generators: listRecords failed repo=did:plc:a3swhkvf4zahmofacrxg6nwl err=HttpError('InvalidRequest: Could not find repo: did:plc:a3swhkvf4zahmofacrxg6nwl')
2026-02-27T14:25:44Z WARNING bsky_collector_v2.job.index_feed_generators: listRecords failed repo=did:plc:a4zdqgp7eurcjkdjsyovgpww err=HttpError('InvalidRequest: Could not find repo: did:plc:a4zdqgp7eurcjkdjsyovgpww')
2026-02-27T14:25:44Z WARNING bsky_collector_v2.job.index_feed_generators: listRecords failed repo=did:plc:a66peoqa2xlkodaa7em53lsx err=HttpError('InvalidRequest: Could not find repo: did:plc:a66peoqa2xlkodaa7em53lsx')
2026-02-27T14:25:46Z WARNING bsky_collector_v2.job.index_feed_generators: listRecords failed repo=did:plc:b4xaboh4uy3r4m3dcyfvbqtf err=HttpError('InvalidRequest: Could not find repo: did:plc:b4xaboh4uy3r4m3dcyfvbqtf')
2026-02-27T14:25:49Z WARNING bsky_collector_v2.job.index_feed_generators: listRecords failed repo=did:plc:ccm7izpns5syhtbc4qxecrou err=HttpError('InvalidRequest: Could not find repo: did:plc:ccm7izpns5syhtbc4qxecrou')
2026-02-27T14:25:52Z WARNING bsky_collector_v2.job.index_feed_generators: listRecords failed repo=did:plc:cvlo34gwezyx2wbglitewk7n err=HttpError('InvalidRequest: Could not find repo: did:plc:cvlo34gwezyx2wbglitewk7n')
2026-02-27T14:25:54Z WARNING bsky_collector_v2.job.index_feed_generators: listRecords failed repo=did:plc:diamxicwqeyuhlppijdnuhhm err=HttpError('InvalidRequest: Could not find repo: did:plc:diamxicwqeyuhlppijdnuhhm')
2026-02-27T14:26:02Z WARNING bsky_collector_v2.job.index_feed_generators: listRecords failed repo=did:plc:gb6etle24mvnkl5kyzpw6rah err=HttpError('InvalidRequest: Could not find repo: did:plc:gb6etle24mvnkl5kyzpw6rah')
2026-02-27T14:26:05Z WARNING bsky_collector_v2.job.index_feed_generators: listRecords failed repo=did:plc:golem2hh6apdpbhmurg64msi err=HttpError('InvalidRequest: Could not find repo: did:plc:golem2hh6apdpbhmurg64msi')
2026-02-27T14:26:06Z WARNING bsky_collector_v2.job.index_feed_generators: listRecords failed repo=did:plc:gx5jotmgybs6q27fl33qx3op err=HttpError('InvalidRequest: Could not find repo: did:plc:gx5jotmgybs6q27fl33qx3op')
2026-02-27T14:26:09Z WARNING bsky_collector_v2.job.index_feed_generators: listRecords failed repo=did:plc:icwdfg4uk4ganee6xrfny4zp err=HttpError('InvalidRequest: Could not find repo: did:plc:icwdfg4uk4ganee6xrfny4zp')
2026-02-27T14:26:09Z WARNING bsky_collector_v2.job.index_feed_generators: listRecords failed repo=did:plc:igksl42qvtt3bbkghah634ow err=HttpError('InvalidRequest: Could not find repo: did:plc:igksl42qvtt3bbkghah634ow')
2026-02-27T14:26:09Z WARNING bsky_collector_v2.job.index_feed_generators: listRecords failed repo=did:plc:iiadumo3if4gbrnax4cutqmj err=HttpError('InvalidRequest: Could not find repo: did:plc:iiadumo3if4gbrnax4cutqmj')
2026-02-27T14:26:12Z WARNING bsky_collector_v2.job.index_feed_generators: listRecords failed repo=did:plc:j7aovwkb5pzvwgbwn24dolk6 err=HttpError('InvalidRequest: Could not find repo: did:plc:j7aovwkb5pzvwgbwn24dolk6')
2026-02-27T14:26:13Z WARNING bsky_collector_v2.job.index_feed_generators: listRecords failed repo=did:plc:jdukixbqtvxdzfhpryjglef4 err=HttpError('InvalidRequest: Could not find repo: did:plc:jdukixbqtvxdzfhpryjglef4')
2026-02-27T14:26:15Z WARNING bsky_collector_v2.job.index_feed_generators: listRecords failed repo=did:plc:k7ohhh6vlfkiw2f7a4mql3fh err=HttpError('InvalidRequest: Could not find repo: did:plc:k7ohhh6vlfkiw2f7a4mql3fh')
2026-02-27T14:26:17Z WARNING bsky_collector_v2.job.index_feed_generators: listRecords failed repo=did:plc:koiwdmu65ud5ztdggu4wxicb err=HttpError('InvalidRequest: Could not find repo: did:plc:koiwdmu65ud5ztdggu4wxicb')
2026-02-27T14:26:18Z WARNING bsky_collector_v2.job.index_feed_generators: listRecords failed repo=did:plc:lf3gcrejfb25ddppdblh3nko err=HttpError('InvalidRequest: Could not find repo: did:plc:lf3gcrejfb25ddppdblh3nko')
2026-02-27T14:26:19Z WARNING bsky_collector_v2.job.index_feed_generators: listRecords failed repo=did:plc:lxaaiuncxeft7avzlilid7dy err=HttpError('InvalidRequest: Could not find repo: did:plc:lxaaiuncxeft7avzlilid7dy')
2026-02-27T14:26:20Z WARNING bsky_collector_v2.job.index_feed_generators: listRecords failed repo=did:plc:m6j5k3yar3bcm4f3hf3f3sy3 err=HttpError('InvalidRequest: Could not find repo: did:plc:m6j5k3yar3bcm4f3hf3f3sy3')
2026-02-27T14:26:21Z WARNING bsky_collector_v2.job.index_feed_generators: listRecords failed repo=did:plc:myvyipg7d24fls4fvytufkck err=HttpError('InvalidRequest: Could not find repo: did:plc:myvyipg7d24fls4fvytufkck')
2026-02-27T14:26:21Z WARNING bsky_collector_v2.job.index_feed_generators: listRecords failed repo=did:plc:mzlcheenvrbim536gurqeie6 err=HttpError('InvalidRequest: Could not find repo: did:plc:mzlcheenvrbim536gurqeie6')
2026-02-27T14:26:22Z WARNING bsky_collector_v2.job.index_feed_generators: listRecords failed repo=did:plc:n6um6ls6cwm7b2j34dpulu54 err=HttpError('InvalidRequest: Could not find repo: did:plc:n6um6ls6cwm7b2j34dpulu54')
2026-02-27T14:26:33Z WARNING bsky_collector_v2.job.index_feed_generators: listRecords failed repo=did:plc:qlkmhw2jzz3l64zdkd5ankew err=HttpError('InvalidRequest: Could not find repo: did:plc:qlkmhw2jzz3l64zdkd5ankew')
2026-02-27T14:26:33Z WARNING bsky_collector_v2.job.index_feed_generators: listRecords failed repo=did:plc:qol4b7jy3ctmwnjot6cqhjo4 err=HttpError('InvalidRequest: Could not find repo: did:plc:qol4b7jy3ctmwnjot6cqhjo4')
2026-02-27T14:26:35Z WARNING bsky_collector_v2.job.index_feed_generators: listRecords failed repo=did:plc:r7wwxp4cjqtq3f4w5lfyl4dc err=HttpError('InvalidRequest: Could not find repo: did:plc:r7wwxp4cjqtq3f4w5lfyl4dc')
2026-02-27T14:26:35Z WARNING bsky_collector_v2.job.index_feed_generators: listRecords failed repo=did:plc:ramfudvyftzqed4knx3plh7z err=HttpError('InvalidRequest: Could not find repo: did:plc:ramfudvyftzqed4knx3plh7z')
2026-02-27T14:26:38Z WARNING bsky_collector_v2.job.index_feed_generators: listRecords failed repo=did:plc:sdutwtkhrpbs2zakkv4uxtat err=HttpError('InvalidRequest: Could not find repo: did:plc:sdutwtkhrpbs2zakkv4uxtat')
2026-02-27T14:26:44Z WARNING bsky_collector_v2.job.index_feed_generators: listRecords failed repo=did:plc:uyw3sbuixwu4tiqrigv642am err=HttpError('InvalidRequest: Could not find repo: did:plc:uyw3sbuixwu4tiqrigv642am')
2026-02-27T14:26:46Z WARNING bsky_collector_v2.job.index_feed_generators: listRecords failed repo=did:plc:vmceqfzykkmn7mh77in4dzky err=HttpError('InvalidRequest: Could not find repo: did:plc:vmceqfzykkmn7mh77in4dzky')
2026-02-27T14:26:47Z WARNING bsky_collector_v2.job.index_feed_generators: listRecords failed repo=did:plc:vuupwyvzbllqwm6fgfcmcnuo err=HttpError('InvalidRequest: Could not find repo: did:plc:vuupwyvzbllqwm6fgfcmcnuo')
2026-02-27T14:26:47Z WARNING bsky_collector_v2.job.index_feed_generators: listRecords failed repo=did:plc:w2oklw5726cp2dezlbgouzc5 err=HttpError('InvalidRequest: Could not find repo: did:plc:w2oklw5726cp2dezlbgouzc5')
2026-02-27T14:26:49Z WARNING bsky_collector_v2.job.index_feed_generators: listRecords failed repo=did:plc:wlzjpt3qyf5ugskdaawg6bkc err=HttpError('InvalidRequest: Could not find repo: did:plc:wlzjpt3qyf5ugskdaawg6bkc')
2026-02-27T14:26:52Z WARNING bsky_collector_v2.job.index_feed_generators: listRecords failed repo=did:plc:xhtau4s27whfjkatkqg6bnt3 err=HttpError('InvalidRequest: Could not find repo: did:plc:xhtau4s27whfjkatkqg6bnt3')
2026-02-27T14:26:53Z WARNING bsky_collector_v2.job.index_feed_generators: listRecords failed repo=did:plc:xnajyprwsncnes72gpn46klt err=HttpError('InvalidRequest: Could not find repo: did:plc:xnajyprwsncnes72gpn46klt')
2026-02-27T14:26:54Z WARNING bsky_collector_v2.job.index_feed_generators: listRecords failed repo=did:plc:ylcluop6rrivd7gqj2rychdx err=HttpError('InvalidRequest: Could not find repo: did:plc:ylcluop6rrivd7gqj2rychdx')
2026-02-27T14:26:59Z WARNING bsky_collector_v2.job.index_feed_generators: listRecords failed repo=did:plc:zqaatyru5mwlbvgf5gwkezec err=HttpError('InvalidRequest: Could not find repo: did:plc:zqaatyru5mwlbvgf5gwkezec')
2026-02-27T14:26:59Z WARNING bsky_collector_v2.job.index_feed_generators: listRecords failed repo=did:plc:zqwuam7awxvwoxbxcbrjigjl err=HttpError('InvalidRequest: Could not find repo: did:plc:zqwuam7awxvwoxbxcbrjigjl')
2026-02-27T14:27:01Z WARNING bsky_collector_v2.job.index_feed_generators: listRecords failed repo=did:plc:2p2hf24v4yqtqkrdsbv5lppr err=HttpError('InvalidRequest: Could not find repo: did:plc:2p2hf24v4yqtqkrdsbv5lppr')
2026-02-27T14:27:01Z WARNING bsky_collector_v2.job.index_feed_generators: listRecords failed repo=did:plc:2yt55o57sqcgav36bo7viiwt err=HttpError('InvalidRequest: Could not find repo: did:plc:2yt55o57sqcgav36bo7viiwt')
2026-02-27T14:27:01Z WARNING bsky_collector_v2.job.index_feed_generators: listRecords failed repo=did:plc:4nh5y35ai62xun6el5ug6r5d err=HttpError('InvalidRequest: Could not find repo: did:plc:4nh5y35ai62xun6el5ug6r5d')
2026-02-27T14:27:01Z WARNING bsky_collector_v2.job.index_feed_generators: listRecords failed repo=did:plc:5vbvgx3t6hujpr4upkfrez4u err=HttpError('InvalidRequest: Could not find repo: did:plc:5vbvgx3t6hujpr4upkfrez4u')
2026-02-27T14:27:01Z WARNING bsky_collector_v2.job.index_feed_generators: listRecords failed repo=did:plc:6wpza5rzzdrlesihm2bf6fir err=HttpError('InvalidRequest: Could not find repo: did:plc:6wpza5rzzdrlesihm2bf6fir')
2026-02-27T14:27:01Z WARNING bsky_collector_v2.job.index_feed_generators: listRecords failed repo=did:plc:77wt2n7zdmzrqvwwoulqk6ui err=HttpError('InvalidRequest: Could not find repo: did:plc:77wt2n7zdmzrqvwwoulqk6ui')
2026-02-27T14:27:01Z WARNING bsky_collector_v2.job.index_feed_generators: listRecords failed repo=did:plc:7ccrljou5mqx6umf4zjznoia err=HttpError('InvalidRequest: Could not find repo: did:plc:7ccrljou5mqx6umf4zjznoia')
2026-02-27T14:27:01Z WARNING bsky_collector_v2.job.index_feed_generators: listRecords failed repo=did:plc:7mkgxswskgxpkr74yh6zw7lh err=HttpError('InvalidRequest: Could not find repo: did:plc:7mkgxswskgxpkr74yh6zw7lh')
2026-02-27T14:27:01Z WARNING bsky_collector_v2.job.index_feed_generators: listRecords failed repo=did:plc:a3swhkvf4zahmofacrxg6nwl err=HttpError('InvalidRequest: Could not find repo: did:plc:a3swhkvf4zahmofacrxg6nwl')
2026-02-27T14:27:02Z WARNING bsky_collector_v2.job.index_feed_generators: listRecords failed repo=did:plc:a4zdqgp7eurcjkdjsyovgpww err=HttpError('InvalidRequest: Could not find repo: did:plc:a4zdqgp7eurcjkdjsyovgpww')
2026-02-27T14:27:02Z WARNING bsky_collector_v2.job.index_feed_generators: listRecords failed repo=did:plc:a66peoqa2xlkodaa7em53lsx err=HttpError('InvalidRequest: Could not find repo: did:plc:a66peoqa2xlkodaa7em53lsx')
2026-02-27T14:27:02Z WARNING bsky_collector_v2.job.index_feed_generators: listRecords failed repo=did:plc:b4xaboh4uy3r4m3dcyfvbqtf err=HttpError('InvalidRequest: Could not find repo: did:plc:b4xaboh4uy3r4m3dcyfvbqtf')
2026-02-27T14:27:02Z WARNING bsky_collector_v2.job.index_feed_generators: listRecords failed repo=did:plc:ccm7izpns5syhtbc4qxecrou err=HttpError('InvalidRequest: Could not find repo: did:plc:ccm7izpns5syhtbc4qxecrou')
2026-02-27T14:27:02Z WARNING bsky_collector_v2.job.index_feed_generators: listRecords failed repo=did:plc:cvlo34gwezyx2wbglitewk7n err=HttpError('InvalidRequest: Could not find repo: did:plc:cvlo34gwezyx2wbglitewk7n')
2026-02-27T14:27:02Z WARNING bsky_collector_v2.job.index_feed_generators: listRecords failed repo=did:plc:diamxicwqeyuhlppijdnuhhm err=HttpError('InvalidRequest: Could not find repo: did:plc:diamxicwqeyuhlppijdnuhhm')
2026-02-27T14:27:02Z WARNING bsky_collector_v2.job.index_feed_generators: listRecords failed repo=did:plc:gb6etle24mvnkl5kyzpw6rah err=HttpError('InvalidRequest: Could not find repo: did:plc:gb6etle24mvnkl5kyzpw6rah')
2026-02-27T14:27:02Z WARNING bsky_collector_v2.job.index_feed_generators: listRecords failed repo=did:plc:golem2hh6apdpbhmurg64msi err=HttpError('InvalidRequest: Could not find repo: did:plc:golem2hh6apdpbhmurg64msi')
2026-02-27T14:27:02Z WARNING bsky_collector_v2.job.index_feed_generators: listRecords failed repo=did:plc:gx5jotmgybs6q27fl33qx3op err=HttpError('InvalidRequest: Could not find repo: did:plc:gx5jotmgybs6q27fl33qx3op')
2026-02-27T14:27:02Z WARNING bsky_collector_v2.job.index_feed_generators: listRecords failed repo=did:plc:icwdfg4uk4ganee6xrfny4zp err=HttpError('InvalidRequest: Could not find repo: did:plc:icwdfg4uk4ganee6xrfny4zp')
2026-02-27T14:27:02Z WARNING bsky_collector_v2.job.index_feed_generators: listRecords failed repo=did:plc:igksl42qvtt3bbkghah634ow err=HttpError('InvalidRequest: Could not find repo: did:plc:igksl42qvtt3bbkghah634ow')
2026-02-27T14:27:02Z WARNING bsky_collector_v2.job.index_feed_generators: listRecords failed repo=did:plc:iiadumo3if4gbrnax4cutqmj err=HttpError('InvalidRequest: Could not find repo: did:plc:iiadumo3if4gbrnax4cutqmj')
2026-02-27T14:27:02Z WARNING bsky_collector_v2.job.index_feed_generators: listRecords failed repo=did:plc:j7aovwkb5pzvwgbwn24dolk6 err=HttpError('InvalidRequest: Could not find repo: did:plc:j7aovwkb5pzvwgbwn24dolk6')
2026-02-27T14:27:02Z WARNING bsky_collector_v2.job.index_feed_generators: listRecords failed repo=did:plc:jdukixbqtvxdzfhpryjglef4 err=HttpError('InvalidRequest: Could not find repo: did:plc:jdukixbqtvxdzfhpryjglef4')
2026-02-27T14:27:03Z WARNING bsky_collector_v2.job.index_feed_generators: listRecords failed repo=did:plc:k7ohhh6vlfkiw2f7a4mql3fh err=HttpError('InvalidRequest: Could not find repo: did:plc:k7ohhh6vlfkiw2f7a4mql3fh')
2026-02-27T14:27:03Z WARNING bsky_collector_v2.job.index_feed_generators: listRecords failed repo=did:plc:koiwdmu65ud5ztdggu4wxicb err=HttpError('InvalidRequest: Could not find repo: did:plc:koiwdmu65ud5ztdggu4wxicb')
2026-02-27T14:27:03Z WARNING bsky_collector_v2.job.index_feed_generators: listRecords failed repo=did:plc:lf3gcrejfb25ddppdblh3nko err=HttpError('InvalidRequest: Could not find repo: did:plc:lf3gcrejfb25ddppdblh3nko')
2026-02-27T14:27:03Z WARNING bsky_collector_v2.job.index_feed_generators: listRecords failed repo=did:plc:lxaaiuncxeft7avzlilid7dy err=HttpError('InvalidRequest: Could not find repo: did:plc:lxaaiuncxeft7avzlilid7dy')
2026-02-27T14:27:03Z WARNING bsky_collector_v2.job.index_feed_generators: listRecords failed repo=did:plc:m6j5k3yar3bcm4f3hf3f3sy3 err=HttpError('InvalidRequest: Could not find repo: did:plc:m6j5k3yar3bcm4f3hf3f3sy3')
2026-02-27T14:27:03Z WARNING bsky_collector_v2.job.index_feed_generators: listRecords failed repo=did:plc:myvyipg7d24fls4fvytufkck err=HttpError('InvalidRequest: Could not find repo: did:plc:myvyipg7d24fls4fvytufkck')
2026-02-27T14:27:03Z WARNING bsky_collector_v2.job.index_feed_generators: listRecords failed repo=did:plc:mzlcheenvrbim536gurqeie6 err=HttpError('InvalidRequest: Could not find repo: did:plc:mzlcheenvrbim536gurqeie6')
2026-02-27T14:27:03Z WARNING bsky_collector_v2.job.index_feed_generators: listRecords failed repo=did:plc:n6um6ls6cwm7b2j34dpulu54 err=HttpError('InvalidRequest: Could not find repo: did:plc:n6um6ls6cwm7b2j34dpulu54')
2026-02-27T14:27:03Z WARNING bsky_collector_v2.job.index_feed_generators: listRecords failed repo=did:plc:qlkmhw2jzz3l64zdkd5ankew err=HttpError('InvalidRequest: Could not find repo: did:plc:qlkmhw2jzz3l64zdkd5ankew')
2026-02-27T14:27:03Z WARNING bsky_collector_v2.job.index_feed_generators: listRecords failed repo=did:plc:qol4b7jy3ctmwnjot6cqhjo4 err=HttpError('InvalidRequest: Could not find repo: did:plc:qol4b7jy3ctmwnjot6cqhjo4')
2026-02-27T14:27:03Z WARNING bsky_collector_v2.job.index_feed_generators: listRecords failed repo=did:plc:r7wwxp4cjqtq3f4w5lfyl4dc err=HttpError('InvalidRequest: Could not find repo: did:plc:r7wwxp4cjqtq3f4w5lfyl4dc')
2026-02-27T14:27:03Z WARNING bsky_collector_v2.job.index_feed_generators: listRecords failed repo=did:plc:ramfudvyftzqed4knx3plh7z err=HttpError('InvalidRequest: Could not find repo: did:plc:ramfudvyftzqed4knx3plh7z')
2026-02-27T14:27:03Z WARNING bsky_collector_v2.job.index_feed_generators: listRecords failed repo=did:plc:sdutwtkhrpbs2zakkv4uxtat err=HttpError('InvalidRequest: Could not find repo: did:plc:sdutwtkhrpbs2zakkv4uxtat')
2026-02-27T14:27:04Z WARNING bsky_collector_v2.job.index_feed_generators: listRecords failed repo=did:plc:uyw3sbuixwu4tiqrigv642am err=HttpError('InvalidRequest: Could not find repo: did:plc:uyw3sbuixwu4tiqrigv642am')
2026-02-27T14:27:04Z WARNING bsky_collector_v2.job.index_feed_generators: listRecords failed repo=did:plc:vmceqfzykkmn7mh77in4dzky err=HttpError('InvalidRequest: Could not find repo: did:plc:vmceqfzykkmn7mh77in4dzky')
2026-02-27T14:27:04Z WARNING bsky_collector_v2.job.index_feed_generators: listRecords failed repo=did:plc:vuupwyvzbllqwm6fgfcmcnuo err=HttpError('InvalidRequest: Could not find repo: did:plc:vuupwyvzbllqwm6fgfcmcnuo')
2026-02-27T14:27:04Z WARNING bsky_collector_v2.job.index_feed_generators: listRecords failed repo=did:plc:w2oklw5726cp2dezlbgouzc5 err=HttpError('InvalidRequest: Could not find repo: did:plc:w2oklw5726cp2dezlbgouzc5')
2026-02-27T14:27:04Z WARNING bsky_collector_v2.job.index_feed_generators: listRecords failed repo=did:plc:wlzjpt3qyf5ugskdaawg6bkc err=HttpError('InvalidRequest: Could not find repo: did:plc:wlzjpt3qyf5ugskdaawg6bkc')
2026-02-27T14:27:04Z WARNING bsky_collector_v2.job.index_feed_generators: listRecords failed repo=did:plc:xhtau4s27whfjkatkqg6bnt3 err=HttpError('InvalidRequest: Could not find repo: did:plc:xhtau4s27whfjkatkqg6bnt3')
2026-02-27T14:27:04Z WARNING bsky_collector_v2.job.index_feed_generators: listRecords failed repo=did:plc:xnajyprwsncnes72gpn46klt err=HttpError('InvalidRequest: Could not find repo: did:plc:xnajyprwsncnes72gpn46klt')
2026-02-27T14:27:04Z WARNING bsky_collector_v2.job.index_feed_generators: listRecords failed repo=did:plc:ylcluop6rrivd7gqj2rychdx err=HttpError('InvalidRequest: Could not find repo: did:plc:ylcluop6rrivd7gqj2rychdx')
2026-02-27T14:27:04Z WARNING bsky_collector_v2.job.index_feed_generators: listRecords failed repo=did:plc:zqaatyru5mwlbvgf5gwkezec err=HttpError('InvalidRequest: Could not find repo: did:plc:zqaatyru5mwlbvgf5gwkezec')
2026-02-27T14:27:04Z WARNING bsky_collector_v2.job.index_feed_generators: listRecords failed repo=did:plc:zqwuam7awxvwoxbxcbrjigjl err=HttpError('InvalidRequest: Could not find repo: did:plc:zqwuam7awxvwoxbxcbrjigjl')
2026-02-27T14:27:04Z WARNING bsky_collector_v2.job.index_feed_generators: listRecords failed repo=did:plc:2p2hf24v4yqtqkrdsbv5lppr err=HttpError('InvalidRequest: Could not find repo: did:plc:2p2hf24v4yqtqkrdsbv5lppr')
2026-02-27T14:27:04Z WARNING bsky_collector_v2.job.index_feed_generators: listRecords failed repo=did:plc:2yt55o57sqcgav36bo7viiwt err=HttpError('InvalidRequest: Could not find repo: did:plc:2yt55o57sqcgav36bo7viiwt')
2026-02-27T14:27:04Z WARNING bsky_collector_v2.job.index_feed_generators: listRecords failed repo=did:plc:4nh5y35ai62xun6el5ug6r5d err=HttpError('InvalidRequest: Could not find repo: did:plc:4nh5y35ai62xun6el5ug6r5d')
2026-02-27T14:27:05Z WARNING bsky_collector_v2.job.index_feed_generators: listRecords failed repo=did:plc:5vbvgx3t6hujpr4upkfrez4u err=HttpError('InvalidRequest: Could not find repo: did:plc:5vbvgx3t6hujpr4upkfrez4u')
2026-02-27T14:27:05Z WARNING bsky_collector_v2.job.index_feed_generators: listRecords failed repo=did:plc:6wpza5rzzdrlesihm2bf6fir err=HttpError('InvalidRequest: Could not find repo: did:plc:6wpza5rzzdrlesihm2bf6fir')
2026-02-27T14:27:05Z WARNING bsky_collector_v2.job.index_feed_generators: listRecords failed repo=did:plc:77wt2n7zdmzrqvwwoulqk6ui err=HttpError('InvalidRequest: Could not find repo: did:plc:77wt2n7zdmzrqvwwoulqk6ui')
2026-02-27T14:27:05Z WARNING bsky_collector_v2.job.index_feed_generators: listRecords failed repo=did:plc:7ccrljou5mqx6umf4zjznoia err=HttpError('InvalidRequest: Could not find repo: did:plc:7ccrljou5mqx6umf4zjznoia')
2026-02-27T14:27:05Z WARNING bsky_collector_v2.job.index_feed_generators: listRecords failed repo=did:plc:7mkgxswskgxpkr74yh6zw7lh err=HttpError('InvalidRequest: Could not find repo: did:plc:7mkgxswskgxpkr74yh6zw7lh')
2026-02-27T14:27:05Z WARNING bsky_collector_v2.job.index_feed_generators: listRecords failed repo=did:plc:a3swhkvf4zahmofacrxg6nwl err=HttpError('InvalidRequest: Could not find repo: did:plc:a3swhkvf4zahmofacrxg6nwl')
2026-02-27T14:27:05Z WARNING bsky_collector_v2.job.index_feed_generators: listRecords failed repo=did:plc:a4zdqgp7eurcjkdjsyovgpww err=HttpError('InvalidRequest: Could not find repo: did:plc:a4zdqgp7eurcjkdjsyovgpww')
2026-02-27T14:27:05Z WARNING bsky_collector_v2.job.index_feed_generators: listRecords failed repo=did:plc:a66peoqa2xlkodaa7em53lsx err=HttpError('InvalidRequest: Could not find repo: did:plc:a66peoqa2xlkodaa7em53lsx')
2026-02-27T14:27:05Z WARNING bsky_collector_v2.job.index_feed_generators: listRecords failed repo=did:plc:b4xaboh4uy3r4m3dcyfvbqtf err=HttpError('InvalidRequest: Could not find repo: did:plc:b4xaboh4uy3r4m3dcyfvbqtf')
2026-02-27T14:27:05Z WARNING bsky_collector_v2.job.index_feed_generators: listRecords failed repo=did:plc:ccm7izpns5syhtbc4qxecrou err=HttpError('InvalidRequest: Could not find repo: did:plc:ccm7izpns5syhtbc4qxecrou')
2026-02-27T14:27:05Z WARNING bsky_collector_v2.job.index_feed_generators: listRecords failed repo=did:plc:cvlo34gwezyx2wbglitewk7n err=HttpError('InvalidRequest: Could not find repo: did:plc:cvlo34gwezyx2wbglitewk7n')
2026-02-27T14:27:05Z WARNING bsky_collector_v2.job.index_feed_generators: listRecords failed repo=did:plc:diamxicwqeyuhlppijdnuhhm err=HttpError('InvalidRequest: Could not find repo: did:plc:diamxicwqeyuhlppijdnuhhm')
2026-02-27T14:27:05Z WARNING bsky_collector_v2.job.index_feed_generators: listRecords failed repo=did:plc:gb6etle24mvnkl5kyzpw6rah err=HttpError('InvalidRequest: Could not find repo: did:plc:gb6etle24mvnkl5kyzpw6rah')
2026-02-27T14:27:05Z WARNING bsky_collector_v2.job.index_feed_generators: listRecords failed repo=did:plc:golem2hh6apdpbhmurg64msi err=HttpError('InvalidRequest: Could not find repo: did:plc:golem2hh6apdpbhmurg64msi')
2026-02-27T14:27:05Z WARNING bsky_collector_v2.job.index_feed_generators: listRecords failed repo=did:plc:gx5jotmgybs6q27fl33qx3op err=HttpError('InvalidRequest: Could not find repo: did:plc:gx5jotmgybs6q27fl33qx3op')
2026-02-27T14:27:06Z WARNING bsky_collector_v2.job.index_feed_generators: listRecords failed repo=did:plc:icwdfg4uk4ganee6xrfny4zp err=HttpError('InvalidRequest: Could not find repo: did:plc:icwdfg4uk4ganee6xrfny4zp')
2026-02-27T14:27:06Z WARNING bsky_collector_v2.job.index_feed_generators: listRecords failed repo=did:plc:igksl42qvtt3bbkghah634ow err=HttpError('InvalidRequest: Could not find repo: did:plc:igksl42qvtt3bbkghah634ow')
2026-02-27T14:27:06Z WARNING bsky_collector_v2.job.index_feed_generators: listRecords failed repo=did:plc:iiadumo3if4gbrnax4cutqmj err=HttpError('InvalidRequest: Could not find repo: did:plc:iiadumo3if4gbrnax4cutqmj')
2026-02-27T14:27:06Z WARNING bsky_collector_v2.job.index_feed_generators: listRecords failed repo=did:plc:j7aovwkb5pzvwgbwn24dolk6 err=HttpError('InvalidRequest: Could not find repo: did:plc:j7aovwkb5pzvwgbwn24dolk6')
2026-02-27T14:27:06Z WARNING bsky_collector_v2.job.index_feed_generators: listRecords failed repo=did:plc:jdukixbqtvxdzfhpryjglef4 err=HttpError('InvalidRequest: Could not find repo: did:plc:jdukixbqtvxdzfhpryjglef4')
2026-02-27T14:27:06Z WARNING bsky_collector_v2.job.index_feed_generators: listRecords failed repo=did:plc:k7ohhh6vlfkiw2f7a4mql3fh err=HttpError('InvalidRequest: Could not find repo: did:plc:k7ohhh6vlfkiw2f7a4mql3fh')
2026-02-27T14:27:06Z WARNING bsky_collector_v2.job.index_feed_generators: listRecords failed repo=did:plc:koiwdmu65ud5ztdggu4wxicb err=HttpError('InvalidRequest: Could not find repo: did:plc:koiwdmu65ud5ztdggu4wxicb')
2026-02-27T14:27:06Z WARNING bsky_collector_v2.job.index_feed_generators: listRecords failed repo=did:plc:lf3gcrejfb25ddppdblh3nko err=HttpError('InvalidRequest: Could not find repo: did:plc:lf3gcrejfb25ddppdblh3nko')
2026-02-27T14:27:06Z WARNING bsky_collector_v2.job.index_feed_generators: listRecords failed repo=did:plc:lxaaiuncxeft7avzlilid7dy err=HttpError('InvalidRequest: Could not find repo: did:plc:lxaaiuncxeft7avzlilid7dy')
2026-02-27T14:27:06Z WARNING bsky_collector_v2.job.index_feed_generators: listRecords failed repo=did:plc:m6j5k3yar3bcm4f3hf3f3sy3 err=HttpError('InvalidRequest: Could not find repo: did:plc:m6j5k3yar3bcm4f3hf3f3sy3')
2026-02-27T14:27:06Z WARNING bsky_collector_v2.job.index_feed_generators: listRecords failed repo=did:plc:myvyipg7d24fls4fvytufkck err=HttpError('InvalidRequest: Could not find repo: did:plc:myvyipg7d24fls4fvytufkck')
2026-02-27T14:27:06Z WARNING bsky_collector_v2.job.index_feed_generators: listRecords failed repo=did:plc:mzlcheenvrbim536gurqeie6 err=HttpError('InvalidRequest: Could not find repo: did:plc:mzlcheenvrbim536gurqeie6')
2026-02-27T14:27:06Z WARNING bsky_collector_v2.job.index_feed_generators: listRecords failed repo=did:plc:n6um6ls6cwm7b2j34dpulu54 err=HttpError('InvalidRequest: Could not find repo: did:plc:n6um6ls6cwm7b2j34dpulu54')
2026-02-27T14:27:06Z WARNING bsky_collector_v2.job.index_feed_generators: listRecords failed repo=did:plc:qlkmhw2jzz3l64zdkd5ankew err=HttpError('InvalidRequest: Could not find repo: did:plc:qlkmhw2jzz3l64zdkd5ankew')
2026-02-27T14:27:07Z WARNING bsky_collector_v2.job.index_feed_generators: listRecords failed repo=did:plc:qol4b7jy3ctmwnjot6cqhjo4 err=HttpError('InvalidRequest: Could not find repo: did:plc:qol4b7jy3ctmwnjot6cqhjo4')
2026-02-27T14:27:07Z WARNING bsky_collector_v2.job.index_feed_generators: listRecords failed repo=did:plc:r7wwxp4cjqtq3f4w5lfyl4dc err=HttpError('InvalidRequest: Could not find repo: did:plc:r7wwxp4cjqtq3f4w5lfyl4dc')
2026-02-27T14:27:07Z WARNING bsky_collector_v2.job.index_feed_generators: listRecords failed repo=did:plc:ramfudvyftzqed4knx3plh7z err=HttpError('InvalidRequest: Could not find repo: did:plc:ramfudvyftzqed4knx3plh7z')
2026-02-27T14:27:07Z WARNING bsky_collector_v2.job.index_feed_generators: listRecords failed repo=did:plc:sdutwtkhrpbs2zakkv4uxtat err=HttpError('InvalidRequest: Could not find repo: did:plc:sdutwtkhrpbs2zakkv4uxtat')
2026-02-27T14:27:07Z WARNING bsky_collector_v2.job.index_feed_generators: listRecords failed repo=did:plc:uyw3sbuixwu4tiqrigv642am err=HttpError('InvalidRequest: Could not find repo: did:plc:uyw3sbuixwu4tiqrigv642am')
2026-02-27T14:27:07Z WARNING bsky_collector_v2.job.index_feed_generators: listRecords failed repo=did:plc:vmceqfzykkmn7mh77in4dzky err=HttpError('InvalidRequest: Could not find repo: did:plc:vmceqfzykkmn7mh77in4dzky')
2026-02-27T14:27:07Z WARNING bsky_collector_v2.job.index_feed_generators: listRecords failed repo=did:plc:vuupwyvzbllqwm6fgfcmcnuo err=HttpError('InvalidRequest: Could not find repo: did:plc:vuupwyvzbllqwm6fgfcmcnuo')
2026-02-27T14:27:07Z WARNING bsky_collector_v2.job.index_feed_generators: listRecords failed repo=did:plc:w2oklw5726cp2dezlbgouzc5 err=HttpError('InvalidRequest: Could not find repo: did:plc:w2oklw5726cp2dezlbgouzc5')
2026-02-27T14:27:07Z WARNING bsky_collector_v2.job.index_feed_generators: listRecords failed repo=did:plc:wlzjpt3qyf5ugskdaawg6bkc err=HttpError('InvalidRequest: Could not find repo: did:plc:wlzjpt3qyf5ugskdaawg6bkc')
2026-02-27T14:27:07Z WARNING bsky_collector_v2.job.index_feed_generators: listRecords failed repo=did:plc:xhtau4s27whfjkatkqg6bnt3 err=HttpError('InvalidRequest: Could not find repo: did:plc:xhtau4s27whfjkatkqg6bnt3')
2026-02-27T14:27:07Z WARNING bsky_collector_v2.job.index_feed_generators: listRecords failed repo=did:plc:xnajyprwsncnes72gpn46klt err=HttpError('InvalidRequest: Could not find repo: did:plc:xnajyprwsncnes72gpn46klt')
2026-02-27T14:27:07Z WARNING bsky_collector_v2.job.index_feed_generators: listRecords failed repo=did:plc:ylcluop6rrivd7gqj2rychdx err=HttpError('InvalidRequest: Could not find repo: did:plc:ylcluop6rrivd7gqj2rychdx')
2026-02-27T14:27:07Z WARNING bsky_collector_v2.job.index_feed_generators: listRecords failed repo=did:plc:zqaatyru5mwlbvgf5gwkezec err=HttpError('InvalidRequest: Could not find repo: did:plc:zqaatyru5mwlbvgf5gwkezec')
2026-02-27T14:27:08Z WARNING bsky_collector_v2.job.index_feed_generators: listRecords failed repo=did:plc:zqwuam7awxvwoxbxcbrjigjl err=HttpError('InvalidRequest: Could not find repo: did:plc:zqwuam7awxvwoxbxcbrjigjl')
2026-02-27T14:27:08Z INFO bsky_collector_v2.job.index_feed_generators: enqueued repos page=4 mode=listRepos inserted=500 repos_returned=500 next_cursor=set
2026-02-27T14:27:10Z WARNING bsky_collector_v2.job.index_feed_generators: listRecords failed repo=did:plc:2zr63pytjvlb6gohdgsv4j4t err=HttpError('InvalidRequest: Could not find repo: did:plc:2zr63pytjvlb6gohdgsv4j4t')
2026-02-27T14:27:42Z WARNING bsky_collector_v2.job.index_feed_generators: listRecords failed repo=did:plc:ef4hpa6hadrk5sedbz72edww err=HttpError('InvalidRequest: Could not find repo: did:plc:ef4hpa6hadrk5sedbz72edww')
2026-02-27T14:27:51Z WARNING bsky_collector_v2.job.index_feed_generators: listRecords failed repo=did:plc:hw4xpqvltgnzfqjcu3typhns err=HttpError('InvalidRequest: Could not find repo: did:plc:hw4xpqvltgnzfqjcu3typhns')
2026-02-27T14:28:00Z WARNING bsky_collector_v2.job.index_feed_generators: listRecords failed repo=did:plc:ln522p7a4zlmutymcr2vqtow err=HttpError('InvalidRequest: Could not find repo: did:plc:ln522p7a4zlmutymcr2vqtow')
2026-02-27T14:28:08Z WARNING bsky_collector_v2.job.index_feed_generators: listRecords failed repo=did:plc:obrfm5mmd2eeghyhrocgek4q err=HttpError('InvalidRequest: Could not find repo: did:plc:obrfm5mmd2eeghyhrocgek4q')
2026-02-27T14:28:09Z WARNING bsky_collector_v2.job.index_feed_generators: listRecords failed repo=did:plc:oh2vwilpazxm756xonmrbtzp err=HttpError('InvalidRequest: Could not find repo: did:plc:oh2vwilpazxm756xonmrbtzp')
2026-02-27T14:28:14Z INFO bsky_collector_v2.job.index_feed_generators: indexed repo=did:plc:qamylikm54msucxfimgrhlfe part=612 records=1 next_cursor=set
2026-02-27T14:28:36Z WARNING bsky_collector_v2.job.index_feed_generators: listRecords failed repo=did:plc:xthjtfn35b52rhtfx6sfdoyq err=HttpError('InvalidRequest: Could not find repo: did:plc:xthjtfn35b52rhtfx6sfdoyq')
2026-02-27T14:28:41Z WARNING bsky_collector_v2.job.index_feed_generators: listRecords failed repo=did:plc:2zr63pytjvlb6gohdgsv4j4t err=HttpError('InvalidRequest: Could not find repo: did:plc:2zr63pytjvlb6gohdgsv4j4t')
2026-02-27T14:28:41Z WARNING bsky_collector_v2.job.index_feed_generators: listRecords failed repo=did:plc:ef4hpa6hadrk5sedbz72edww err=HttpError('InvalidRequest: Could not find repo: did:plc:ef4hpa6hadrk5sedbz72edww')
2026-02-27T14:28:41Z WARNING bsky_collector_v2.job.index_feed_generators: listRecords failed repo=did:plc:hw4xpqvltgnzfqjcu3typhns err=HttpError('InvalidRequest: Could not find repo: did:plc:hw4xpqvltgnzfqjcu3typhns')
2026-02-27T14:28:41Z WARNING bsky_collector_v2.job.index_feed_generators: listRecords failed repo=did:plc:ln522p7a4zlmutymcr2vqtow err=HttpError('InvalidRequest: Could not find repo: did:plc:ln522p7a4zlmutymcr2vqtow')
2026-02-27T14:28:41Z WARNING bsky_collector_v2.job.index_feed_generators: listRecords failed repo=did:plc:obrfm5mmd2eeghyhrocgek4q err=HttpError('InvalidRequest: Could not find repo: did:plc:obrfm5mmd2eeghyhrocgek4q')
2026-02-27T14:28:41Z WARNING bsky_collector_v2.job.index_feed_generators: listRecords failed repo=did:plc:oh2vwilpazxm756xonmrbtzp err=HttpError('InvalidRequest: Could not find repo: did:plc:oh2vwilpazxm756xonmrbtzp')
2026-02-27T14:28:42Z WARNING bsky_collector_v2.job.index_feed_generators: listRecords failed repo=did:plc:xthjtfn35b52rhtfx6sfdoyq err=HttpError('InvalidRequest: Could not find repo: did:plc:xthjtfn35b52rhtfx6sfdoyq')
2026-02-27T14:28:42Z WARNING bsky_collector_v2.job.index_feed_generators: listRecords failed repo=did:plc:2zr63pytjvlb6gohdgsv4j4t err=HttpError('InvalidRequest: Could not find repo: did:plc:2zr63pytjvlb6gohdgsv4j4t')
2026-02-27T14:28:42Z WARNING bsky_collector_v2.job.index_feed_generators: listRecords failed repo=did:plc:ef4hpa6hadrk5sedbz72edww err=HttpError('InvalidRequest: Could not find repo: did:plc:ef4hpa6hadrk5sedbz72edww')
2026-02-27T14:28:42Z WARNING bsky_collector_v2.job.index_feed_generators: listRecords failed repo=did:plc:hw4xpqvltgnzfqjcu3typhns err=HttpError('InvalidRequest: Could not find repo: did:plc:hw4xpqvltgnzfqjcu3typhns')
2026-02-27T14:28:42Z WARNING bsky_collector_v2.job.index_feed_generators: listRecords failed repo=did:plc:ln522p7a4zlmutymcr2vqtow err=HttpError('InvalidRequest: Could not find repo: did:plc:ln522p7a4zlmutymcr2vqtow')
2026-02-27T14:28:42Z WARNING bsky_collector_v2.job.index_feed_generators: listRecords failed repo=did:plc:obrfm5mmd2eeghyhrocgek4q err=HttpError('InvalidRequest: Could not find repo: did:plc:obrfm5mmd2eeghyhrocgek4q')
2026-02-27T14:28:42Z WARNING bsky_collector_v2.job.index_feed_generators: listRecords failed repo=did:plc:oh2vwilpazxm756xonmrbtzp err=HttpError('InvalidRequest: Could not find repo: did:plc:oh2vwilpazxm756xonmrbtzp')
2026-02-27T14:28:42Z WARNING bsky_collector_v2.job.index_feed_generators: listRecords failed repo=did:plc:xthjtfn35b52rhtfx6sfdoyq err=HttpError('InvalidRequest: Could not find repo: did:plc:xthjtfn35b52rhtfx6sfdoyq')
2026-02-27T14:28:43Z INFO bsky_collector_v2.job.index_feed_generators: enqueued repos page=5 mode=listRepos inserted=500 repos_returned=500 next_cursor=set
2026-02-27T14:28:46Z WARNING bsky_collector_v2.job.index_feed_generators: listRecords failed repo=did:plc:3czdyzbbaq6l7xi4roj3w6wi err=HttpError('InvalidRequest: Could not find repo: did:plc:3czdyzbbaq6l7xi4roj3w6wi')
2026-02-27T14:28:57Z WARNING bsky_collector_v2.job.index_feed_generators: listRecords failed repo=did:plc:aalcgd4nersrcb6hptifo6pb err=HttpError('InvalidRequest: Could not find repo: did:plc:aalcgd4nersrcb6hptifo6pb')
2026-02-27T14:30:07Z INFO bsky_collector_v2.job.index_feed_generators: indexed repo=did:plc:si6ekb6np62gawxo3qt7a5ep part=613 records=1 next_cursor=set
2026-02-27T14:30:28Z WARNING bsky_collector_v2.job.index_feed_generators: listRecords failed repo=did:plc:3czdyzbbaq6l7xi4roj3w6wi err=HttpError('InvalidRequest: Could not find repo: did:plc:3czdyzbbaq6l7xi4roj3w6wi')
2026-02-27T14:30:28Z WARNING bsky_collector_v2.job.index_feed_generators: listRecords failed repo=did:plc:aalcgd4nersrcb6hptifo6pb err=HttpError('InvalidRequest: Could not find repo: did:plc:aalcgd4nersrcb6hptifo6pb')
2026-02-27T14:30:28Z WARNING bsky_collector_v2.job.index_feed_generators: listRecords failed repo=did:plc:3czdyzbbaq6l7xi4roj3w6wi err=HttpError('InvalidRequest: Could not find repo: did:plc:3czdyzbbaq6l7xi4roj3w6wi')
2026-02-27T14:30:28Z WARNING bsky_collector_v2.job.index_feed_generators: listRecords failed repo=did:plc:aalcgd4nersrcb6hptifo6pb err=HttpError('InvalidRequest: Could not find repo: did:plc:aalcgd4nersrcb6hptifo6pb')
2026-02-27T14:30:29Z INFO bsky_collector_v2.job.index_feed_generators: enqueued repos page=6 mode=listRepos inserted=500 repos_returned=500 next_cursor=set
2026-02-27T14:31:44Z WARNING bsky_collector_v2.job.index_feed_generators: listRecords failed repo=did:plc:ppszkywzkc2i6uylxyuio7hu err=HttpError('InvalidRequest: Could not find repo: did:plc:ppszkywzkc2i6uylxyuio7hu')
2026-02-27T14:31:53Z INFO bsky_collector_v2.job.index_feed_generators: indexed repo=did:plc:rkpj34p5wuvoolta22s2yn66 part=614 records=3 next_cursor=set
2026-02-27T14:32:03Z WARNING bsky_collector_v2.job.index_feed_generators: listRecords failed repo=did:plc:u4k65oykdxx4dmpso2tp7pkt err=HttpError('InvalidRequest: Could not find repo: did:plc:u4k65oykdxx4dmpso2tp7pkt')
2026-02-27T14:32:07Z WARNING bsky_collector_v2.job.index_feed_generators: listRecords failed repo=did:plc:vlnp7jam7xhek2nnx2msvsjm err=HttpError('InvalidRequest: Could not find repo: did:plc:vlnp7jam7xhek2nnx2msvsjm')
2026-02-27T14:32:22Z WARNING bsky_collector_v2.job.index_feed_generators: listRecords failed repo=did:plc:ppszkywzkc2i6uylxyuio7hu err=HttpError('InvalidRequest: Could not find repo: did:plc:ppszkywzkc2i6uylxyuio7hu')
2026-02-27T14:32:22Z WARNING bsky_collector_v2.job.index_feed_generators: listRecords failed repo=did:plc:u4k65oykdxx4dmpso2tp7pkt err=HttpError('InvalidRequest: Could not find repo: did:plc:u4k65oykdxx4dmpso2tp7pkt')
2026-02-27T14:32:23Z WARNING bsky_collector_v2.job.index_feed_generators: listRecords failed repo=did:plc:vlnp7jam7xhek2nnx2msvsjm err=HttpError('InvalidRequest: Could not find repo: did:plc:vlnp7jam7xhek2nnx2msvsjm')
2026-02-27T14:32:23Z WARNING bsky_collector_v2.job.index_feed_generators: listRecords failed repo=did:plc:ppszkywzkc2i6uylxyuio7hu err=HttpError('InvalidRequest: Could not find repo: did:plc:ppszkywzkc2i6uylxyuio7hu')
2026-02-27T14:32:23Z WARNING bsky_collector_v2.job.index_feed_generators: listRecords failed repo=did:plc:u4k65oykdxx4dmpso2tp7pkt err=HttpError('InvalidRequest: Could not find repo: did:plc:u4k65oykdxx4dmpso2tp7pkt')
2026-02-27T14:32:23Z WARNING bsky_collector_v2.job.index_feed_generators: listRecords failed repo=did:plc:vlnp7jam7xhek2nnx2msvsjm err=HttpError('InvalidRequest: Could not find repo: did:plc:vlnp7jam7xhek2nnx2msvsjm')
2026-02-27T14:32:24Z INFO bsky_collector_v2.job.index_feed_generators: enqueued repos page=7 mode=listRepos inserted=500 repos_returned=500 next_cursor=set
2026-02-27T14:33:34Z INFO bsky_collector_v2.job.index_feed_generators: indexed repo=did:plc:qrezqajso635n3yt3zker4qt part=615 records=6 next_cursor=set
2026-02-27T14:33:38Z INFO bsky_collector_v2.job.index_feed_generators: indexed repo=did:plc:rwzytigdxgyyctk7mrerx7bz part=616 records=1 next_cursor=set
2026-02-27T14:33:49Z INFO bsky_collector_v2.job.index_feed_generators: indexed repo=did:plc:vw7ub6bfzeyxefplwiev2mog part=617 records=1 next_cursor=set
2026-02-27T14:34:04Z INFO bsky_collector_v2.job.index_feed_generators: enqueued repos page=8 mode=listRepos inserted=500 repos_returned=500 next_cursor=set
2026-02-27T14:35:37Z WARNING bsky_collector_v2.job.index_feed_generators: listRecords failed repo=did:plc:yhb7iggikgckfqfwakk4wygt err=HttpError('InvalidRequest: Could not find repo: did:plc:yhb7iggikgckfqfwakk4wygt')
2026-02-27T14:35:46Z WARNING bsky_collector_v2.job.index_feed_generators: listRecords failed repo=did:web:ntauthy.eepy.day err=HttpError('InvalidRequest: Could not find repo: did:web:ntauthy.eepy.day')
2026-02-27T14:35:46Z WARNING bsky_collector_v2.job.index_feed_generators: listRecords failed repo=did:plc:yhb7iggikgckfqfwakk4wygt err=HttpError('InvalidRequest: Could not find repo: did:plc:yhb7iggikgckfqfwakk4wygt')
2026-02-27T14:35:46Z WARNING bsky_collector_v2.job.index_feed_generators: listRecords failed repo=did:web:ntauthy.eepy.day err=HttpError('InvalidRequest: Could not find repo: did:web:ntauthy.eepy.day')
2026-02-27T14:35:47Z WARNING bsky_collector_v2.job.index_feed_generators: listRecords failed repo=did:plc:yhb7iggikgckfqfwakk4wygt err=HttpError('InvalidRequest: Could not find repo: did:plc:yhb7iggikgckfqfwakk4wygt')
2026-02-27T14:35:47Z WARNING bsky_collector_v2.job.index_feed_generators: listRecords failed repo=did:web:ntauthy.eepy.day err=HttpError('InvalidRequest: Could not find repo: did:web:ntauthy.eepy.day')
2026-02-27T14:35:47Z INFO bsky_collector_v2.job.index_feed_generators: enqueued repos page=9 mode=listRepos inserted=500 repos_returned=500 next_cursor=set
2026-02-27T14:35:49Z INFO bsky_collector_v2.job.index_feed_generators: indexed repo=did:plc:2np3uhhjtq6qvobql3z5ns5i part=618 records=1 next_cursor=set
2026-02-27T14:35:59Z INFO bsky_collector_v2.job.index_feed_generators: indexed repo=did:plc:5oziapwai3ehkoig2xa6oreh part=619 records=3 next_cursor=set
2026-02-27T14:36:05Z INFO bsky_collector_v2.job.index_feed_generators: indexed repo=did:plc:7noyv7p6qza4yzj7zcnb3b2a part=620 records=3 next_cursor=set
2026-02-27T14:36:23Z INFO bsky_collector_v2.job.index_feed_generators: indexed repo=did:plc:gnncvjp7cdejx3bdh3c7dh5r part=621 records=1 next_cursor=set
2026-02-27T14:37:19Z INFO bsky_collector_v2.job.index_feed_generators: enqueued repos page=10 mode=listRepos inserted=500 repos_returned=500 next_cursor=set
2026-02-27T14:37:50Z WARNING bsky_collector_v2.job.index_feed_generators: listRecords failed repo=did:plc:dd4r6ffteg4wzxns73727bp5 err=HttpError('InvalidRequest: Could not find repo: did:plc:dd4r6ffteg4wzxns73727bp5')
2026-02-27T14:38:09Z INFO bsky_collector_v2.job.index_feed_generators: indexed repo=did:plc:huwyzs36lhozpkry33zvwhrh part=622 records=1 next_cursor=set
2026-02-27T14:39:06Z WARNING bsky_collector_v2.job.index_feed_generators: listRecords failed repo=did:plc:dd4r6ffteg4wzxns73727bp5 err=HttpError('InvalidRequest: Could not find repo: did:plc:dd4r6ffteg4wzxns73727bp5')
2026-02-27T14:39:06Z WARNING bsky_collector_v2.job.index_feed_generators: listRecords failed repo=did:plc:dd4r6ffteg4wzxns73727bp5 err=HttpError('InvalidRequest: Could not find repo: did:plc:dd4r6ffteg4wzxns73727bp5')
2026-02-27T14:39:06Z INFO bsky_collector_v2.job.index_feed_generators: enqueued repos page=11 mode=listRepos inserted=500 repos_returned=500 next_cursor=set
2026-02-27T14:40:04Z INFO bsky_collector_v2.job.index_feed_generators: indexed repo=did:plc:nokcwcpxdlfdemc63xdtv4ea part=623 records=1 next_cursor=set
2026-02-27T14:40:37Z INFO bsky_collector_v2.job.index_feed_generators: enqueued repos page=12 mode=listRepos inserted=500 repos_returned=500 next_cursor=set
2026-02-27T14:40:40Z INFO bsky_collector_v2.job.index_feed_generators: indexed repo=did:plc:34bfjvmh3zel6zny4dny4r3c part=624 records=1 next_cursor=set
2026-02-27T14:41:08Z WARNING bsky_collector_v2.job.index_feed_generators: listRecords failed repo=did:plc:emw65suza2koyqzcfc4olu7x err=HttpError('InvalidRequest: Could not find repo: did:plc:emw65suza2koyqzcfc4olu7x')
2026-02-27T14:42:13Z WARNING bsky_collector_v2.job.index_feed_generators: listRecords failed repo=did:plc:emw65suza2koyqzcfc4olu7x err=HttpError('InvalidRequest: Could not find repo: did:plc:emw65suza2koyqzcfc4olu7x')
2026-02-27T14:42:13Z WARNING bsky_collector_v2.job.index_feed_generators: listRecords failed repo=did:plc:emw65suza2koyqzcfc4olu7x err=HttpError('InvalidRequest: Could not find repo: did:plc:emw65suza2koyqzcfc4olu7x')
2026-02-27T14:42:13Z INFO bsky_collector_v2.job.index_feed_generators: enqueued repos page=13 mode=listRepos inserted=500 repos_returned=500 next_cursor=set
2026-02-27T14:43:37Z INFO bsky_collector_v2.job.index_feed_generators: indexed repo=did:plc:tzj4w4gx4npnge2e3aaab227 part=625 records=1 next_cursor=set
2026-02-27T14:44:01Z INFO bsky_collector_v2.job.index_feed_generators: enqueued repos page=14 mode=listRepos inserted=500 repos_returned=500 next_cursor=set
2026-02-27T14:44:50Z INFO bsky_collector_v2.job.index_feed_generators: indexed repo=did:plc:kqvlmhcaoqclxwvdojvshq5f part=626 records=1 next_cursor=set
2026-02-27T14:45:37Z INFO bsky_collector_v2.job.index_feed_generators: enqueued repos page=15 mode=listRepos inserted=500 repos_returned=500 next_cursor=set
2026-02-27T14:46:48Z INFO bsky_collector_v2.job.index_feed_generators: indexed repo=did:plc:utnuqmbdu5igv2v6q725urrj part=627 records=1 next_cursor=set
2026-02-27T14:46:59Z INFO bsky_collector_v2.job.index_feed_generators: indexed repo=did:plc:xlnhwrbzrpayb2deojmegtcf part=628 records=2 next_cursor=set
2026-02-27T14:47:04Z INFO bsky_collector_v2.job.index_feed_generators: enqueued repos page=16 mode=listRepos inserted=500 repos_returned=500 next_cursor=set
2026-02-27T14:47:55Z INFO bsky_collector_v2.job.index_feed_generators: indexed repo=did:plc:l6ctuy36bv2zgcsrdnefdkpy part=629 records=1 next_cursor=set
2026-02-27T14:48:55Z INFO bsky_collector_v2.job.index_feed_generators: enqueued repos page=17 mode=listRepos inserted=500 repos_returned=500 next_cursor=set
2026-02-27T14:49:49Z INFO bsky_collector_v2.job.index_feed_generators: indexed repo=did:plc:m6zxekenyutiixu33mpuf2dx part=630 records=1 next_cursor=set
2026-02-27T14:50:32Z INFO bsky_collector_v2.job.index_feed_generators: indexed repo=did:plc:xfpek7hrnpsxls6mdlrjeitp part=631 records=1 next_cursor=set
2026-02-27T14:50:39Z INFO bsky_collector_v2.job.index_feed_generators: enqueued repos page=18 mode=listRepos inserted=500 repos_returned=500 next_cursor=set
2026-02-27T14:50:58Z INFO bsky_collector_v2.job.index_feed_generators: indexed repo=did:plc:appa6z3rtbnerbqpcusky5x6 part=632 records=5 next_cursor=set
2026-02-27T14:52:10Z INFO bsky_collector_v2.job.index_feed_generators: enqueued repos page=19 mode=listRepos inserted=500 repos_returned=500 next_cursor=set
2026-02-27T14:53:47Z INFO bsky_collector_v2.job.index_feed_generators: enqueued repos page=20 mode=listRepos inserted=500 repos_returned=500 next_cursor=set
2026-02-27T14:55:23Z INFO bsky_collector_v2.job.index_feed_generators: indexed repo=did:plc:vr6crsvtfya4y5c3n3ky76c6 part=633 records=1 next_cursor=set
2026-02-27T14:55:34Z WARNING bsky_collector_v2.job.index_feed_generators: listRecords failed repo=did:plc:z726crmetwotyzvvgntmkeuh err=HttpError('InvalidRequest: Could not find repo: did:plc:z726crmetwotyzvvgntmkeuh')
2026-02-27T14:55:37Z WARNING bsky_collector_v2.job.index_feed_generators: listRecords failed repo=did:plc:z726crmetwotyzvvgntmkeuh err=HttpError('InvalidRequest: Could not find repo: did:plc:z726crmetwotyzvvgntmkeuh')
2026-02-27T14:55:37Z WARNING bsky_collector_v2.job.index_feed_generators: listRecords failed repo=did:plc:z726crmetwotyzvvgntmkeuh err=HttpError('InvalidRequest: Could not find repo: did:plc:z726crmetwotyzvvgntmkeuh')
2026-02-27T14:55:37Z INFO bsky_collector_v2.job.index_feed_generators: enqueued repos page=21 mode=listRepos inserted=500 repos_returned=500 next_cursor=set
2026-02-27T14:56:56Z INFO bsky_collector_v2.job.index_feed_generators: indexed repo=did:plc:ug66w5d5cgjj4chiphhlb43v part=634 records=1 next_cursor=set
2026-02-27T14:57:14Z INFO bsky_collector_v2.job.index_feed_generators: enqueued repos page=22 mode=listRepos inserted=500 repos_returned=500 next_cursor=set
2026-02-27T14:57:38Z WARNING bsky_collector_v2.job.index_feed_generators: listRecords failed repo=did:plc:bxdyqh7mxyudgrhtj6irf34w err=HttpError('InvalidRequest: Could not find repo: did:plc:bxdyqh7mxyudgrhtj6irf34w')
2026-02-27T14:58:48Z WARNING bsky_collector_v2.job.index_feed_generators: listRecords failed repo=did:plc:bxdyqh7mxyudgrhtj6irf34w err=HttpError('InvalidRequest: Could not find repo: did:plc:bxdyqh7mxyudgrhtj6irf34w')
2026-02-27T14:58:48Z WARNING bsky_collector_v2.job.index_feed_generators: listRecords failed repo=did:plc:bxdyqh7mxyudgrhtj6irf34w err=HttpError('InvalidRequest: Could not find repo: did:plc:bxdyqh7mxyudgrhtj6irf34w')
2026-02-27T14:58:49Z INFO bsky_collector_v2.job.index_feed_generators: enqueued repos page=23 mode=listRepos inserted=500 repos_returned=500 next_cursor=set
2026-02-27T15:00:38Z INFO bsky_collector_v2.job.index_feed_generators: enqueued repos page=24 mode=listRepos inserted=500 repos_returned=500 next_cursor=set
2026-02-27T15:02:20Z INFO bsky_collector_v2.job.index_feed_generators: enqueued repos page=25 mode=listRepos inserted=500 repos_returned=500 next_cursor=set
2026-02-27T15:02:21Z INFO bsky_collector_v2.job.index_feed_generators: indexed repo=did:plc:2b7ivyrpzt2z73ny6oalqzc4 part=635 records=2 next_cursor=set
2026-02-27T15:02:51Z INFO bsky_collector_v2.job.index_feed_generators: indexed repo=did:plc:exgt6hivaozz4x7eyt5u7vd4 part=636 records=4 next_cursor=set
2026-02-27T15:03:33Z INFO bsky_collector_v2.job.index_feed_generators: indexed repo=did:plc:rzculhy3y56og5apacr3vc7v part=637 records=1 next_cursor=set
2026-02-27T15:03:52Z WARNING bsky_collector_v2.job.index_feed_generators: listRecords failed repo=did:plc:wtoto53vsufivgen74xbuoc6 err=HttpError('InvalidRequest: Could not find repo: did:plc:wtoto53vsufivgen74xbuoc6')
2026-02-27T15:04:02Z WARNING bsky_collector_v2.job.index_feed_generators: listRecords failed repo=did:plc:wtoto53vsufivgen74xbuoc6 err=HttpError('InvalidRequest: Could not find repo: did:plc:wtoto53vsufivgen74xbuoc6')
2026-02-27T15:04:02Z WARNING bsky_collector_v2.job.index_feed_generators: listRecords failed repo=did:plc:wtoto53vsufivgen74xbuoc6 err=HttpError('InvalidRequest: Could not find repo: did:plc:wtoto53vsufivgen74xbuoc6')
2026-02-27T15:04:03Z INFO bsky_collector_v2.job.index_feed_generators: enqueued repos page=26 mode=listRepos inserted=500 repos_returned=500 next_cursor=set
2026-02-27T15:04:19Z INFO bsky_collector_v2.job.index_feed_generators: indexed repo=did:plc:7ntn5rzbnkhjwgglw6gwoh2a part=638 records=1 next_cursor=set
2026-02-27T15:05:41Z INFO bsky_collector_v2.job.index_feed_generators: enqueued repos page=27 mode=listRepos inserted=500 repos_returned=500 next_cursor=set
2026-02-27T15:07:12Z INFO bsky_collector_v2.job.index_feed_generators: enqueued repos page=28 mode=listRepos inserted=500 repos_returned=500 next_cursor=set
2026-02-27T15:07:30Z INFO bsky_collector_v2.job.index_feed_generators: indexed repo=did:plc:7t34dpydq23guca64flhhgma part=639 records=1 next_cursor=set
2026-02-27T15:08:02Z INFO bsky_collector_v2.job.index_feed_generators: indexed repo=did:plc:m6m7fz62cmgpppgjizhcvqfv part=640 records=1 next_cursor=set
2026-02-27T15:08:22Z INFO bsky_collector_v2.job.index_feed_generators: indexed repo=did:plc:s7vsh4wfy2zlt3vxah6ejbve part=641 records=5 next_cursor=set
2026-02-27T15:08:40Z INFO bsky_collector_v2.job.index_feed_generators: indexed repo=did:plc:zzoi5r7gabvwykfj6wq2anu5 part=642 records=1 next_cursor=set
2026-02-27T15:08:42Z INFO bsky_collector_v2.job.index_feed_generators: enqueued repos page=29 mode=listRepos inserted=500 repos_returned=500 next_cursor=set
2026-02-27T15:08:46Z INFO bsky_collector_v2.job.index_feed_generators: indexed repo=did:plc:3ups4ofdypumr2kmfv365d32 part=643 records=1 next_cursor=set
2026-02-27T15:10:12Z INFO bsky_collector_v2.job.index_feed_generators: enqueued repos page=30 mode=listRepos inserted=500 repos_returned=500 next_cursor=set
2026-02-27T15:10:58Z INFO bsky_collector_v2.job.index_feed_generators: indexed repo=did:plc:kttprpvbdl3c4346oyxcbimd part=644 records=1 next_cursor=set
2026-02-27T15:11:48Z INFO bsky_collector_v2.job.index_feed_generators: enqueued repos page=31 mode=listRepos inserted=500 repos_returned=500 next_cursor=set
2026-02-27T15:12:13Z INFO bsky_collector_v2.job.index_feed_generators: indexed repo=did:plc:bwzpz5v4meapwnrjjfbhds6m part=645 records=21 next_cursor=set
2026-02-27T15:12:33Z WARNING bsky_collector_v2.job.index_feed_generators: listRecords failed repo=did:plc:gp2rqhhlhvk4sjgtaf52t6ie err=HttpError('InvalidRequest: Could not find repo: did:plc:gp2rqhhlhvk4sjgtaf52t6ie')
2026-02-27T15:13:33Z INFO bsky_collector_v2.job.index_feed_generators: indexed repo=did:plc:zvfsc76cgwdnat7hnhjs6xs7 part=646 records=1 next_cursor=set
2026-02-27T15:13:33Z WARNING bsky_collector_v2.job.index_feed_generators: listRecords failed repo=did:plc:gp2rqhhlhvk4sjgtaf52t6ie err=HttpError('InvalidRequest: Could not find repo: did:plc:gp2rqhhlhvk4sjgtaf52t6ie')
2026-02-27T15:13:33Z WARNING bsky_collector_v2.job.index_feed_generators: listRecords failed repo=did:plc:gp2rqhhlhvk4sjgtaf52t6ie err=HttpError('InvalidRequest: Could not find repo: did:plc:gp2rqhhlhvk4sjgtaf52t6ie')
2026-02-27T15:13:34Z INFO bsky_collector_v2.job.index_feed_generators: enqueued repos page=32 mode=listRepos inserted=500 repos_returned=500 next_cursor=set
2026-02-27T15:14:22Z INFO bsky_collector_v2.job.index_feed_generators: indexed repo=did:plc:ih3gsch76zz27jclpwxug3lc part=647 records=1 next_cursor=set
2026-02-27T15:15:15Z INFO bsky_collector_v2.job.index_feed_generators: indexed repo=did:plc:xvwgyei56cpj2o7a6gylov6n part=648 records=1 next_cursor=set
2026-02-27T15:15:26Z INFO bsky_collector_v2.job.index_feed_generators: enqueued repos page=33 mode=listRepos inserted=500 repos_returned=500 next_cursor=set
2026-02-27T15:16:05Z INFO bsky_collector_v2.job.index_feed_generators: indexed repo=did:plc:ho6j25ylid5xctxgziqdxt46 part=649 records=2 next_cursor=set
