2026-03-05T02:24:02Z INFO bsky_collector_v2: out_base ok path=D:\BlueSky\data_v2_full mount=D:\
2026-03-05T02:24:02Z INFO bsky_collector_v2: job start subcommand=index-feed-generators dry_run=False resume=True
2026-03-05T02:24:02Z INFO bsky_collector_v2.job.index_feed_generators: feed generator index hosts relay_host=https://bsky.network records_host=https://bsky.social auth=yes
2026-03-05T02:24:19Z WARNING bsky_collector_v2.job.index_feed_generators: listRecords failed repo=did:plc:6avwwwrh4k2rjhpwryjm3wi3 err=HttpError('InvalidRequest: Could not find repo: did:plc:6avwwwrh4k2rjhpwryjm3wi3')
2026-03-05T02:24:20Z WARNING bsky_collector_v2.job.index_feed_generators: listRecords failed repo=did:plc:oj5vszoa6x55mlwunk6sf7le err=HttpError('InvalidRequest: Could not find repo: did:plc:oj5vszoa6x55mlwunk6sf7le')
2026-03-05T02:24:20Z WARNING bsky_collector_v2.job.index_feed_generators: listRecords failed repo=did:plc:uv2pivuoxrmvrqeg5s3llvzm err=HttpError('InvalidRequest: Could not find repo: did:plc:uv2pivuoxrmvrqeg5s3llvzm')
2026-03-05T02:24:20Z WARNING bsky_collector_v2.job.index_feed_generators: listRecords failed repo=did:plc:6avwwwrh4k2rjhpwryjm3wi3 err=HttpError('InvalidRequest: Could not find repo: did:plc:6avwwwrh4k2rjhpwryjm3wi3')
2026-03-05T02:24:20Z WARNING bsky_collector_v2.job.index_feed_generators: listRecords failed repo=did:plc:oj5vszoa6x55mlwunk6sf7le err=HttpError('InvalidRequest: Could not find repo: did:plc:oj5vszoa6x55mlwunk6sf7le')
2026-03-05T02:24:20Z WARNING bsky_collector_v2.job.index_feed_generators: listRecords failed repo=did:plc:uv2pivuoxrmvrqeg5s3llvzm err=HttpError('InvalidRequest: Could not find repo: did:plc:uv2pivuoxrmvrqeg5s3llvzm')
2026-03-05T02:24:21Z INFO bsky_collector_v2.job.index_feed_generators: enqueued repos page=1 mode=listRepos inserted=500 repos_returned=500 next_cursor=set
2026-03-05T02:25:14Z WARNING bsky_collector_v2.job.index_feed_generators: listRecords failed repo=did:plc:kl3uuqgp63xbtrvbsr4we2kq err=HttpError('InvalidRequest: Could not find repo: did:plc:kl3uuqgp63xbtrvbsr4we2kq')
2026-03-05T02:25:33Z WARNING bsky_collector_v2.job.index_feed_generators: listRecords failed repo=did:plc:qqt2bvccb5wj2eyuaixiw2p6 err=HttpError('InvalidRequest: Could not find repo: did:plc:qqt2bvccb5wj2eyuaixiw2p6')
2026-03-05T02:26:03Z WARNING bsky_collector_v2.job.index_feed_generators: listRecords failed repo=did:plc:kl3uuqgp63xbtrvbsr4we2kq err=HttpError('InvalidRequest: Could not find repo: did:plc:kl3uuqgp63xbtrvbsr4we2kq')
2026-03-05T02:26:03Z WARNING bsky_collector_v2.job.index_feed_generators: listRecords failed repo=did:plc:qqt2bvccb5wj2eyuaixiw2p6 err=HttpError('InvalidRequest: Could not find repo: did:plc:qqt2bvccb5wj2eyuaixiw2p6')
2026-03-05T02:26:03Z WARNING bsky_collector_v2.job.index_feed_generators: listRecords failed repo=did:plc:kl3uuqgp63xbtrvbsr4we2kq err=HttpError('InvalidRequest: Could not find repo: did:plc:kl3uuqgp63xbtrvbsr4we2kq')
2026-03-05T02:26:03Z WARNING bsky_collector_v2.job.index_feed_generators: listRecords failed repo=did:plc:qqt2bvccb5wj2eyuaixiw2p6 err=HttpError('InvalidRequest: Could not find repo: did:plc:qqt2bvccb5wj2eyuaixiw2p6')
2026-03-05T02:26:04Z INFO bsky_collector_v2.job.index_feed_generators: enqueued repos page=2 mode=listRepos inserted=500 repos_returned=500 next_cursor=set
2026-03-05T02:26:33Z WARNING bsky_collector_v2.job.index_feed_generators: listRecords failed repo=did:plc:d6tj46g5l4ul6ie6wl4oygcm err=HttpError('InvalidRequest: Could not find repo: did:plc:d6tj46g5l4ul6ie6wl4oygcm')
2026-03-05T02:27:08Z WARNING bsky_collector_v2.job.index_feed_generators: listRecords failed repo=did:plc:m2bxgtfce3xkqfmxxpyk4zxd err=HttpError('InvalidRequest: Could not find repo: did:plc:m2bxgtfce3xkqfmxxpyk4zxd')
2026-03-05T02:27:19Z INFO bsky_collector_v2.job.index_feed_generators: indexed repo=did:plc:ojfo7trmsgwhv6rsx3u4ix3n part=41 records=2 next_cursor=set
2026-03-05T02:27:23Z WARNING bsky_collector_v2.job.index_feed_generators: listRecords failed repo=did:plc:p53r37uwd6ns7jthkeft2yw2 err=HttpError('InvalidRequest: Could not find repo: did:plc:p53r37uwd6ns7jthkeft2yw2')
2026-03-05T02:27:49Z INFO bsky_collector_v2.job.index_feed_generators: indexed repo=did:plc:xiiyyfoi4ms5isl7cytzo64v part=42 records=5 next_cursor=set
2026-03-05T02:27:56Z WARNING bsky_collector_v2.job.index_feed_generators: listRecords failed repo=did:plc:d6tj46g5l4ul6ie6wl4oygcm err=HttpError('InvalidRequest: Could not find repo: did:plc:d6tj46g5l4ul6ie6wl4oygcm')
2026-03-05T02:27:56Z WARNING bsky_collector_v2.job.index_feed_generators: listRecords failed repo=did:plc:m2bxgtfce3xkqfmxxpyk4zxd err=HttpError('InvalidRequest: Could not find repo: did:plc:m2bxgtfce3xkqfmxxpyk4zxd')
2026-03-05T02:27:56Z WARNING bsky_collector_v2.job.index_feed_generators: listRecords failed repo=did:plc:p53r37uwd6ns7jthkeft2yw2 err=HttpError('InvalidRequest: Could not find repo: did:plc:p53r37uwd6ns7jthkeft2yw2')
2026-03-05T02:27:56Z WARNING bsky_collector_v2.job.index_feed_generators: listRecords failed repo=did:plc:d6tj46g5l4ul6ie6wl4oygcm err=HttpError('InvalidRequest: Could not find repo: did:plc:d6tj46g5l4ul6ie6wl4oygcm')
2026-03-05T02:27:56Z WARNING bsky_collector_v2.job.index_feed_generators: listRecords failed repo=did:plc:m2bxgtfce3xkqfmxxpyk4zxd err=HttpError('InvalidRequest: Could not find repo: did:plc:m2bxgtfce3xkqfmxxpyk4zxd')
2026-03-05T02:27:56Z WARNING bsky_collector_v2.job.index_feed_generators: listRecords failed repo=did:plc:p53r37uwd6ns7jthkeft2yw2 err=HttpError('InvalidRequest: Could not find repo: did:plc:p53r37uwd6ns7jthkeft2yw2')
2026-03-05T02:27:57Z INFO bsky_collector_v2.job.index_feed_generators: enqueued repos page=3 mode=listRepos inserted=500 repos_returned=500 next_cursor=set
2026-03-05T02:29:41Z WARNING bsky_collector_v2.job.index_feed_generators: listRecords failed repo=did:plc:x7ezjz5vnsxel42eh2stplw3 err=HttpError('InvalidRequest: Could not find repo: did:plc:x7ezjz5vnsxel42eh2stplw3')
2026-03-05T02:29:45Z WARNING bsky_collector_v2.job.index_feed_generators: listRecords failed repo=did:plc:ybl2lhra7t3mwodxitruw64z err=HttpError('InvalidRequest: Could not find repo: did:plc:ybl2lhra7t3mwodxitruw64z')
2026-03-05T02:29:51Z WARNING bsky_collector_v2.job.index_feed_generators: listRecords failed repo=did:plc:x7ezjz5vnsxel42eh2stplw3 err=HttpError('InvalidRequest: Could not find repo: did:plc:x7ezjz5vnsxel42eh2stplw3')
2026-03-05T02:29:51Z WARNING bsky_collector_v2.job.index_feed_generators: listRecords failed repo=did:plc:ybl2lhra7t3mwodxitruw64z err=HttpError('InvalidRequest: Could not find repo: did:plc:ybl2lhra7t3mwodxitruw64z')
2026-03-05T02:29:51Z WARNING bsky_collector_v2.job.index_feed_generators: listRecords failed repo=did:plc:x7ezjz5vnsxel42eh2stplw3 err=HttpError('InvalidRequest: Could not find repo: did:plc:x7ezjz5vnsxel42eh2stplw3')
2026-03-05T02:29:51Z WARNING bsky_collector_v2.job.index_feed_generators: listRecords failed repo=did:plc:ybl2lhra7t3mwodxitruw64z err=HttpError('InvalidRequest: Could not find repo: did:plc:ybl2lhra7t3mwodxitruw64z')
2026-03-05T02:29:52Z INFO bsky_collector_v2.job.index_feed_generators: enqueued repos page=4 mode=listRepos inserted=500 repos_returned=500 next_cursor=set
2026-03-05T02:29:54Z INFO bsky_collector_v2.job.index_feed_generators: indexed repo=did:plc:372xkabdzumkvsq4kqz2cohr part=43 records=1 next_cursor=set
2026-03-05T02:29:55Z WARNING bsky_collector_v2.job.index_feed_generators: listRecords failed repo=did:plc:3i2hmmvwkdb7qxddrphnle3j err=HttpError('InvalidRequest: Could not find repo: did:plc:3i2hmmvwkdb7qxddrphnle3j')
2026-03-05T02:29:59Z INFO bsky_collector_v2.job.index_feed_generators: indexed repo=did:plc:4pz5usgq7sc6pzmrypt5x474 part=44 records=2 next_cursor=set
2026-03-05T02:30:00Z WARNING bsky_collector_v2.job.index_feed_generators: listRecords failed repo=did:plc:5bmorkk3opu45stuxxh5xxjv err=HttpError('InvalidRequest: Could not find repo: did:plc:5bmorkk3opu45stuxxh5xxjv')
2026-03-05T02:30:10Z INFO bsky_collector_v2.job.index_feed_generators: indexed repo=did:plc:a3xmvpqpwvv4rpnbdrzv24xn part=45 records=1 next_cursor=set
2026-03-05T02:30:55Z INFO bsky_collector_v2.job.index_feed_generators: indexed repo=did:plc:pjjw2rrhsfejrry4tcn7vxaf part=46 records=5 next_cursor=set
2026-03-05T02:31:18Z WARNING bsky_collector_v2.job.index_feed_generators: listRecords failed repo=did:plc:x2zffq4qptx3lmvchnf7a2ly err=HttpError('InvalidRequest: Could not find repo: did:plc:x2zffq4qptx3lmvchnf7a2ly')
2026-03-05T02:31:49Z WARNING bsky_collector_v2.job.index_feed_generators: listRecords failed repo=did:plc:3i2hmmvwkdb7qxddrphnle3j err=HttpError('InvalidRequest: Could not find repo: did:plc:3i2hmmvwkdb7qxddrphnle3j')
2026-03-05T02:31:49Z WARNING bsky_collector_v2.job.index_feed_generators: listRecords failed repo=did:plc:5bmorkk3opu45stuxxh5xxjv err=HttpError('InvalidRequest: Could not find repo: did:plc:5bmorkk3opu45stuxxh5xxjv')
2026-03-05T02:31:50Z WARNING bsky_collector_v2.job.index_feed_generators: listRecords failed repo=did:plc:x2zffq4qptx3lmvchnf7a2ly err=HttpError('InvalidRequest: Could not find repo: did:plc:x2zffq4qptx3lmvchnf7a2ly')
2026-03-05T02:31:50Z WARNING bsky_collector_v2.job.index_feed_generators: listRecords failed repo=did:plc:3i2hmmvwkdb7qxddrphnle3j err=HttpError('InvalidRequest: Could not find repo: did:plc:3i2hmmvwkdb7qxddrphnle3j')
2026-03-05T02:31:50Z WARNING bsky_collector_v2.job.index_feed_generators: listRecords failed repo=did:plc:5bmorkk3opu45stuxxh5xxjv err=HttpError('InvalidRequest: Could not find repo: did:plc:5bmorkk3opu45stuxxh5xxjv')
2026-03-05T02:31:50Z WARNING bsky_collector_v2.job.index_feed_generators: listRecords failed repo=did:plc:x2zffq4qptx3lmvchnf7a2ly err=HttpError('InvalidRequest: Could not find repo: did:plc:x2zffq4qptx3lmvchnf7a2ly')
2026-03-05T02:31:51Z INFO bsky_collector_v2.job.index_feed_generators: enqueued repos page=5 mode=listRepos inserted=500 repos_returned=500 next_cursor=set
2026-03-05T02:32:51Z WARNING bsky_collector_v2.job.index_feed_generators: listRecords failed repo=did:plc:ogybo3nmn32wbams6yksvwy3 err=HttpError('InvalidRequest: Could not find repo: did:plc:ogybo3nmn32wbams6yksvwy3')
2026-03-05T02:33:31Z WARNING bsky_collector_v2.job.index_feed_generators: listRecords failed repo=did:plc:ogybo3nmn32wbams6yksvwy3 err=HttpError('InvalidRequest: Could not find repo: did:plc:ogybo3nmn32wbams6yksvwy3')
2026-03-05T02:33:31Z WARNING bsky_collector_v2.job.index_feed_generators: listRecords failed repo=did:plc:ogybo3nmn32wbams6yksvwy3 err=HttpError('InvalidRequest: Could not find repo: did:plc:ogybo3nmn32wbams6yksvwy3')
2026-03-05T02:33:32Z INFO bsky_collector_v2.job.index_feed_generators: enqueued repos page=6 mode=listRepos inserted=500 repos_returned=500 next_cursor=set
2026-03-05T02:33:56Z INFO bsky_collector_v2.job.index_feed_generators: indexed repo=did:plc:b2af5ppm6awu6gsncrcebs6z part=47 records=1 next_cursor=set
2026-03-05T02:34:26Z WARNING bsky_collector_v2.job.index_feed_generators: listRecords failed repo=did:plc:k2kx2jpk54yu35glmjhqjmis err=HttpError('InvalidRequest: Could not find repo: did:plc:k2kx2jpk54yu35glmjhqjmis')
2026-03-05T02:34:35Z WARNING bsky_collector_v2.job.index_feed_generators: listRecords failed repo=did:plc:n3wofd2zyim2xlk3pekv6lsr err=HttpError('InvalidRequest: Could not find repo: did:plc:n3wofd2zyim2xlk3pekv6lsr')
2026-03-05T02:35:05Z WARNING bsky_collector_v2.job.index_feed_generators: listRecords failed repo=did:plc:x7jp4doqxa3cmqewxx7rcjzq err=HttpError('InvalidRequest: Could not find repo: did:plc:x7jp4doqxa3cmqewxx7rcjzq')
2026-03-05T02:35:13Z WARNING bsky_collector_v2.job.index_feed_generators: listRecords failed repo=did:plc:k2kx2jpk54yu35glmjhqjmis err=HttpError('InvalidRequest: Could not find repo: did:plc:k2kx2jpk54yu35glmjhqjmis')
2026-03-05T02:35:13Z WARNING bsky_collector_v2.job.index_feed_generators: listRecords failed repo=did:plc:n3wofd2zyim2xlk3pekv6lsr err=HttpError('InvalidRequest: Could not find repo: did:plc:n3wofd2zyim2xlk3pekv6lsr')
2026-03-05T02:35:13Z WARNING bsky_collector_v2.job.index_feed_generators: listRecords failed repo=did:plc:x7jp4doqxa3cmqewxx7rcjzq err=HttpError('InvalidRequest: Could not find repo: did:plc:x7jp4doqxa3cmqewxx7rcjzq')
2026-03-05T02:35:13Z WARNING bsky_collector_v2.job.index_feed_generators: listRecords failed repo=did:plc:k2kx2jpk54yu35glmjhqjmis err=HttpError('InvalidRequest: Could not find repo: did:plc:k2kx2jpk54yu35glmjhqjmis')
2026-03-05T02:35:13Z WARNING bsky_collector_v2.job.index_feed_generators: listRecords failed repo=did:plc:n3wofd2zyim2xlk3pekv6lsr err=HttpError('InvalidRequest: Could not find repo: did:plc:n3wofd2zyim2xlk3pekv6lsr')
2026-03-05T02:35:13Z WARNING bsky_collector_v2.job.index_feed_generators: listRecords failed repo=did:plc:x7jp4doqxa3cmqewxx7rcjzq err=HttpError('InvalidRequest: Could not find repo: did:plc:x7jp4doqxa3cmqewxx7rcjzq')
2026-03-05T02:35:14Z INFO bsky_collector_v2.job.index_feed_generators: enqueued repos page=7 mode=listRepos inserted=500 repos_returned=500 next_cursor=set
2026-03-05T02:35:28Z INFO bsky_collector_v2.job.index_feed_generators: indexed repo=did:plc:5ugj57yyggao74v6gnjgjgll part=48 records=2 next_cursor=set
2026-03-05T02:36:56Z INFO bsky_collector_v2.job.index_feed_generators: enqueued repos page=8 mode=listRepos inserted=500 repos_returned=500 next_cursor=set
2026-03-05T02:37:35Z INFO bsky_collector_v2.job.index_feed_generators: indexed repo=did:plc:htuo6gq2bxf6w5kdcqbezi2p part=49 records=1 next_cursor=set
2026-03-05T02:38:07Z WARNING bsky_collector_v2.job.index_feed_generators: listRecords failed repo=did:plc:rrz3sccb7m62zt7vohrzo4ja err=HttpError('InvalidRequest: Could not find repo: did:plc:rrz3sccb7m62zt7vohrzo4ja')
2026-03-05T02:38:42Z WARNING bsky_collector_v2.job.index_feed_generators: listRecords failed repo=did:plc:rrz3sccb7m62zt7vohrzo4ja err=HttpError('InvalidRequest: Could not find repo: did:plc:rrz3sccb7m62zt7vohrzo4ja')
2026-03-05T02:38:42Z WARNING bsky_collector_v2.job.index_feed_generators: listRecords failed repo=did:plc:rrz3sccb7m62zt7vohrzo4ja err=HttpError('InvalidRequest: Could not find repo: did:plc:rrz3sccb7m62zt7vohrzo4ja')
2026-03-05T02:38:43Z INFO bsky_collector_v2.job.index_feed_generators: enqueued repos page=9 mode=listRepos inserted=500 repos_returned=500 next_cursor=set
2026-03-05T02:39:49Z WARNING bsky_collector_v2.job.index_feed_generators: listRecords failed repo=did:plc:od4bkptcyedlh72ymmujn7jt err=HttpError('InvalidRequest: Could not find repo: did:plc:od4bkptcyedlh72ymmujn7jt')
2026-03-05T02:40:26Z WARNING bsky_collector_v2.job.index_feed_generators: listRecords failed repo=did:plc:od4bkptcyedlh72ymmujn7jt err=HttpError('InvalidRequest: Could not find repo: did:plc:od4bkptcyedlh72ymmujn7jt')
2026-03-05T02:40:27Z WARNING bsky_collector_v2.job.index_feed_generators: listRecords failed repo=did:plc:od4bkptcyedlh72ymmujn7jt err=HttpError('InvalidRequest: Could not find repo: did:plc:od4bkptcyedlh72ymmujn7jt')
2026-03-05T02:40:27Z INFO bsky_collector_v2.job.index_feed_generators: enqueued repos page=10 mode=listRepos inserted=500 repos_returned=500 next_cursor=set
2026-03-05T02:42:05Z WARNING bsky_collector_v2.job.index_feed_generators: listRecords failed repo=did:plc:sks3ebjreb52jkb43mwe4qdk err=HttpError('InvalidRequest: Could not find repo: did:plc:sks3ebjreb52jkb43mwe4qdk')
2026-03-05T02:42:18Z INFO bsky_collector_v2.job.index_feed_generators: indexed repo=did:plc:ww3ea42334kfjlptfhrs4kmn part=50 records=1 next_cursor=set
2026-03-05T02:42:32Z WARNING bsky_collector_v2.job.index_feed_generators: listRecords failed repo=did:plc:sks3ebjreb52jkb43mwe4qdk err=HttpError('InvalidRequest: Could not find repo: did:plc:sks3ebjreb52jkb43mwe4qdk')
2026-03-05T02:42:32Z WARNING bsky_collector_v2.job.index_feed_generators: listRecords failed repo=did:plc:sks3ebjreb52jkb43mwe4qdk err=HttpError('InvalidRequest: Could not find repo: did:plc:sks3ebjreb52jkb43mwe4qdk')
2026-03-05T02:42:33Z INFO bsky_collector_v2.job.index_feed_generators: enqueued repos page=11 mode=listRepos inserted=500 repos_returned=500 next_cursor=set
2026-03-05T02:42:40Z WARNING bsky_collector_v2.job.index_feed_generators: listRecords failed repo=did:plc:3z2jpr4z6vu4hm5cwcsff2ex err=HttpError('InvalidRequest: Could not find repo: did:plc:3z2jpr4z6vu4hm5cwcsff2ex')
2026-03-05T02:44:03Z WARNING bsky_collector_v2.job.index_feed_generators: listRecords failed repo=did:plc:qg5uxp4bi76gt3jvehc2pr44 err=HttpError('InvalidRequest: Could not find repo: did:plc:qg5uxp4bi76gt3jvehc2pr44')
2026-03-05T02:44:24Z INFO bsky_collector_v2.job.index_feed_generators: indexed repo=did:plc:vyg6awvtiwk66q4zkb2canzb part=51 records=2 next_cursor=set
2026-03-05T02:44:37Z WARNING bsky_collector_v2.job.index_feed_generators: listRecords failed repo=did:plc:3z2jpr4z6vu4hm5cwcsff2ex err=HttpError('InvalidRequest: Could not find repo: did:plc:3z2jpr4z6vu4hm5cwcsff2ex')
2026-03-05T02:44:38Z WARNING bsky_collector_v2.job.index_feed_generators: listRecords failed repo=did:plc:qg5uxp4bi76gt3jvehc2pr44 err=HttpError('InvalidRequest: Could not find repo: did:plc:qg5uxp4bi76gt3jvehc2pr44')
2026-03-05T02:44:38Z WARNING bsky_collector_v2.job.index_feed_generators: listRecords failed repo=did:plc:3z2jpr4z6vu4hm5cwcsff2ex err=HttpError('InvalidRequest: Could not find repo: did:plc:3z2jpr4z6vu4hm5cwcsff2ex')
2026-03-05T02:44:38Z WARNING bsky_collector_v2.job.index_feed_generators: listRecords failed repo=did:plc:qg5uxp4bi76gt3jvehc2pr44 err=HttpError('InvalidRequest: Could not find repo: did:plc:qg5uxp4bi76gt3jvehc2pr44')
2026-03-05T02:44:38Z INFO bsky_collector_v2.job.index_feed_generators: enqueued repos page=12 mode=listRepos inserted=500 repos_returned=500 next_cursor=set
2026-03-05T02:46:24Z INFO bsky_collector_v2.job.index_feed_generators: enqueued repos page=13 mode=listRepos inserted=500 repos_returned=500 next_cursor=set
2026-03-05T02:48:07Z INFO bsky_collector_v2.job.index_feed_generators: enqueued repos page=14 mode=listRepos inserted=500 repos_returned=500 next_cursor=set
2026-03-05T02:48:17Z INFO bsky_collector_v2.job.index_feed_generators: indexed repo=did:plc:5u4icbkdkofpcektrozcbvxp part=52 records=1 next_cursor=set
2026-03-05T02:48:25Z INFO bsky_collector_v2.job.index_feed_generators: indexed repo=did:plc:7onbwnivz5onnnwokxnb4ct5 part=53 records=1 next_cursor=set
2026-03-05T02:49:29Z WARNING bsky_collector_v2.job.index_feed_generators: listRecords failed repo=did:plc:s5vwv4jvxkkagjh5jrcnoza6 err=HttpError('InvalidRequest: Could not find repo: did:plc:s5vwv4jvxkkagjh5jrcnoza6')
2026-03-05T02:49:51Z WARNING bsky_collector_v2.job.index_feed_generators: listRecords failed repo=did:plc:s5vwv4jvxkkagjh5jrcnoza6 err=HttpError('InvalidRequest: Could not find repo: did:plc:s5vwv4jvxkkagjh5jrcnoza6')
2026-03-05T02:49:51Z WARNING bsky_collector_v2.job.index_feed_generators: listRecords failed repo=did:plc:s5vwv4jvxkkagjh5jrcnoza6 err=HttpError('InvalidRequest: Could not find repo: did:plc:s5vwv4jvxkkagjh5jrcnoza6')
2026-03-05T02:49:52Z INFO bsky_collector_v2.job.index_feed_generators: enqueued repos page=15 mode=listRepos inserted=500 repos_returned=500 next_cursor=set
2026-03-05T02:50:08Z INFO bsky_collector_v2.job.index_feed_generators: indexed repo=did:plc:7lguhnzsbknws3eidx5dbhgz part=54 records=1 next_cursor=set
2026-03-05T02:51:35Z INFO bsky_collector_v2.job.index_feed_generators: enqueued repos page=16 mode=listRepos inserted=500 repos_returned=500 next_cursor=set
2026-03-05T02:51:49Z INFO bsky_collector_v2.job.index_feed_generators: indexed repo=did:plc:a7eqpx7mmkuj7wcububkfizo part=55 records=2 next_cursor=set
2026-03-05T02:53:34Z INFO bsky_collector_v2.job.index_feed_generators: enqueued repos page=17 mode=listRepos inserted=500 repos_returned=500 next_cursor=set
2026-03-05T02:54:26Z WARNING bsky_collector_v2.job.index_feed_generators: listRecords failed repo=did:plc:iqwxxyoyfhbpq4zawbfcagk4 err=HttpError('InvalidRequest: Could not find repo: did:plc:iqwxxyoyfhbpq4zawbfcagk4')
2026-03-05T02:54:46Z WARNING bsky_collector_v2.job.index_feed_generators: listRecords failed repo=did:plc:ooqqgnngosqdhiqjurxu3rlv err=HttpError('InvalidRequest: Could not find repo: did:plc:ooqqgnngosqdhiqjurxu3rlv')
2026-03-05T02:55:00Z INFO bsky_collector_v2.job.index_feed_generators: indexed repo=did:plc:snhoeqnjyi5s6hn6d5crsntk part=56 records=1 next_cursor=set
2026-03-05T02:55:25Z WARNING bsky_collector_v2.job.index_feed_generators: listRecords failed repo=did:plc:iqwxxyoyfhbpq4zawbfcagk4 err=HttpError('InvalidRequest: Could not find repo: did:plc:iqwxxyoyfhbpq4zawbfcagk4')
2026-03-05T02:55:25Z WARNING bsky_collector_v2.job.index_feed_generators: listRecords failed repo=did:plc:ooqqgnngosqdhiqjurxu3rlv err=HttpError('InvalidRequest: Could not find repo: did:plc:ooqqgnngosqdhiqjurxu3rlv')
2026-03-05T02:55:25Z WARNING bsky_collector_v2.job.index_feed_generators: listRecords failed repo=did:plc:iqwxxyoyfhbpq4zawbfcagk4 err=HttpError('InvalidRequest: Could not find repo: did:plc:iqwxxyoyfhbpq4zawbfcagk4')
2026-03-05T02:55:25Z WARNING bsky_collector_v2.job.index_feed_generators: listRecords failed repo=did:plc:ooqqgnngosqdhiqjurxu3rlv err=HttpError('InvalidRequest: Could not find repo: did:plc:ooqqgnngosqdhiqjurxu3rlv')
2026-03-05T02:55:26Z INFO bsky_collector_v2.job.index_feed_generators: enqueued repos page=18 mode=listRepos inserted=500 repos_returned=500 next_cursor=set
2026-03-05T02:55:32Z INFO bsky_collector_v2.job.index_feed_generators: indexed repo=did:plc:37cwszppjr2daqhikgzi6ej7 part=57 records=1 next_cursor=set
2026-03-05T02:57:18Z INFO bsky_collector_v2.job.index_feed_generators: enqueued repos page=19 mode=listRepos inserted=500 repos_returned=500 next_cursor=set
2026-03-05T02:57:32Z INFO bsky_collector_v2.job.index_feed_generators: indexed repo=did:plc:744rn7pzaeyvlglgwl32fpmi part=58 records=2 next_cursor=set
2026-03-05T02:58:41Z INFO bsky_collector_v2.job.index_feed_generators: indexed repo=did:plc:nyo6x745hjqpc4flvf4x7n2w part=59 records=1 next_cursor=set
2026-03-05T02:59:21Z INFO bsky_collector_v2.job.index_feed_generators: enqueued repos page=20 mode=listRepos inserted=500 repos_returned=500 next_cursor=set
2026-03-05T03:00:57Z INFO bsky_collector_v2.job.index_feed_generators: enqueued repos page=21 mode=listRepos inserted=500 repos_returned=500 next_cursor=set
2026-03-05T03:01:14Z WARNING bsky_collector_v2.job.index_feed_generators: listRecords failed repo=did:plc:7iemehdlf76awy6wgbpth4zg err=HttpError('InvalidRequest: Could not find repo: did:plc:7iemehdlf76awy6wgbpth4zg')
2026-03-05T03:02:36Z WARNING bsky_collector_v2.job.index_feed_generators: listRecords failed repo=did:plc:7iemehdlf76awy6wgbpth4zg err=HttpError('InvalidRequest: Could not find repo: did:plc:7iemehdlf76awy6wgbpth4zg')
2026-03-05T03:02:36Z WARNING bsky_collector_v2.job.index_feed_generators: listRecords failed repo=did:plc:7iemehdlf76awy6wgbpth4zg err=HttpError('InvalidRequest: Could not find repo: did:plc:7iemehdlf76awy6wgbpth4zg')
2026-03-05T03:02:36Z INFO bsky_collector_v2.job.index_feed_generators: enqueued repos page=22 mode=listRepos inserted=500 repos_returned=500 next_cursor=set
2026-03-05T03:03:44Z INFO bsky_collector_v2.job.index_feed_generators: indexed repo=did:plc:o4seh3ohb75dmz7snoosq2mo part=60 records=2 next_cursor=set
2026-03-05T03:04:21Z INFO bsky_collector_v2.job.index_feed_generators: enqueued repos page=23 mode=listRepos inserted=500 repos_returned=500 next_cursor=set
2026-03-05T03:04:24Z INFO bsky_collector_v2.job.index_feed_generators: indexed repo=did:plc:3c3skqbao2txmet4dzyewxdu part=61 records=1 next_cursor=set
2026-03-05T03:04:25Z INFO bsky_collector_v2.job.index_feed_generators: indexed repo=did:plc:3j4od3sl2wlrlc62mbejc5f4 part=62 records=2 next_cursor=set
2026-03-05T03:05:00Z INFO bsky_collector_v2.job.index_feed_generators: indexed repo=did:plc:fyeuz7rh6g752pjxkzqkwwuz part=63 records=1 next_cursor=set
2026-03-05T03:06:17Z INFO bsky_collector_v2.job.index_feed_generators: enqueued repos page=24 mode=listRepos inserted=500 repos_returned=500 next_cursor=set
2026-03-05T03:07:53Z INFO bsky_collector_v2.job.index_feed_generators: enqueued repos page=25 mode=listRepos inserted=500 repos_returned=500 next_cursor=set
2026-03-05T03:08:38Z WARNING bsky_collector_v2.job.index_feed_generators: listRecords failed repo=did:plc:iskv2fmpftzc7beov7zqruq6 err=HttpError('InvalidRequest: Could not find repo: did:plc:iskv2fmpftzc7beov7zqruq6')
2026-03-05T03:09:30Z WARNING bsky_collector_v2.job.index_feed_generators: listRecords failed repo=did:plc:iskv2fmpftzc7beov7zqruq6 err=HttpError('InvalidRequest: Could not find repo: did:plc:iskv2fmpftzc7beov7zqruq6')
2026-03-05T03:09:30Z WARNING bsky_collector_v2.job.index_feed_generators: listRecords failed repo=did:plc:iskv2fmpftzc7beov7zqruq6 err=HttpError('InvalidRequest: Could not find repo: did:plc:iskv2fmpftzc7beov7zqruq6')
2026-03-05T03:09:31Z INFO bsky_collector_v2.job.index_feed_generators: enqueued repos page=26 mode=listRepos inserted=500 repos_returned=500 next_cursor=set
2026-03-05T03:10:41Z INFO bsky_collector_v2.job.index_feed_generators: indexed repo=did:plc:qowgg7hzxrc3mcf6xraalg33 part=64 records=1 next_cursor=set
2026-03-05T03:10:54Z WARNING bsky_collector_v2.job.index_feed_generators: listRecords failed repo=did:plc:vkhwzetnwajpe24qgl52vofd err=HttpError('InvalidRequest: Could not find repo: did:plc:vkhwzetnwajpe24qgl52vofd')
2026-03-05T03:11:08Z WARNING bsky_collector_v2.job.index_feed_generators: listRecords failed repo=did:plc:vkhwzetnwajpe24qgl52vofd err=HttpError('InvalidRequest: Could not find repo: did:plc:vkhwzetnwajpe24qgl52vofd')
2026-03-05T03:11:08Z WARNING bsky_collector_v2.job.index_feed_generators: listRecords failed repo=did:plc:vkhwzetnwajpe24qgl52vofd err=HttpError('InvalidRequest: Could not find repo: did:plc:vkhwzetnwajpe24qgl52vofd')
2026-03-05T03:11:08Z INFO bsky_collector_v2.job.index_feed_generators: enqueued repos page=27 mode=listRepos inserted=500 repos_returned=500 next_cursor=set
2026-03-05T03:11:13Z WARNING bsky_collector_v2.job.index_feed_generators: listRecords failed repo=did:plc:4mjzho6dcevbke5s73eifcod err=HttpError('InvalidRequest: Could not find repo: did:plc:4mjzho6dcevbke5s73eifcod')
2026-03-05T03:11:18Z WARNING bsky_collector_v2.job.index_feed_generators: listRecords failed repo=did:plc:6fded2ehbq2cimta3237v755 err=HttpError('InvalidRequest: Could not find repo: did:plc:6fded2ehbq2cimta3237v755')
2026-03-05T03:12:07Z INFO bsky_collector_v2.job.index_feed_generators: indexed repo=did:plc:nwfh5ogtmddzlu3uvj6h6pne part=65 records=1 next_cursor=set
2026-03-05T03:12:09Z INFO bsky_collector_v2.job.index_feed_generators: indexed repo=did:plc:ob2zjfvn6pfcrlcby56j2mmk part=66 records=1 next_cursor=set
2026-03-05T03:12:47Z WARNING bsky_collector_v2.job.index_feed_generators: listRecords failed repo=did:plc:4mjzho6dcevbke5s73eifcod err=HttpError('InvalidRequest: Could not find repo: did:plc:4mjzho6dcevbke5s73eifcod')
2026-03-05T03:12:47Z WARNING bsky_collector_v2.job.index_feed_generators: listRecords failed repo=did:plc:6fded2ehbq2cimta3237v755 err=HttpError('InvalidRequest: Could not find repo: did:plc:6fded2ehbq2cimta3237v755')
2026-03-05T03:12:47Z WARNING bsky_collector_v2.job.index_feed_generators: listRecords failed repo=did:plc:4mjzho6dcevbke5s73eifcod err=HttpError('InvalidRequest: Could not find repo: did:plc:4mjzho6dcevbke5s73eifcod')
2026-03-05T03:12:48Z WARNING bsky_collector_v2.job.index_feed_generators: listRecords failed repo=did:plc:6fded2ehbq2cimta3237v755 err=HttpError('InvalidRequest: Could not find repo: did:plc:6fded2ehbq2cimta3237v755')
2026-03-05T03:12:48Z INFO bsky_collector_v2.job.index_feed_generators: enqueued repos page=28 mode=listRepos inserted=500 repos_returned=500 next_cursor=set
2026-03-05T03:14:02Z INFO bsky_collector_v2.job.index_feed_generators: indexed repo=did:plc:omk2r2n73bog5mmwa5lhonjf part=67 records=1 next_cursor=set
2026-03-05T03:14:38Z INFO bsky_collector_v2.job.index_feed_generators: indexed repo=did:plc:yhg5tobpuunx2ikeaj4yuwbz part=68 records=4 next_cursor=set
2026-03-05T03:14:42Z INFO bsky_collector_v2.job.index_feed_generators: enqueued repos page=29 mode=listRepos inserted=500 repos_returned=500 next_cursor=set
2026-03-05T03:16:44Z INFO bsky_collector_v2.job.index_feed_generators: enqueued repos page=30 mode=listRepos inserted=500 repos_returned=500 next_cursor=set
2026-03-05T03:17:31Z WARNING bsky_collector_v2.job.index_feed_generators: listRecords failed repo=did:plc:k5e45ipkfn5lke3s3ioebxhm err=HttpError('InvalidRequest: Could not find repo: did:plc:k5e45ipkfn5lke3s3ioebxhm')
2026-03-05T03:18:24Z WARNING bsky_collector_v2.job.index_feed_generators: listRecords failed repo=did:plc:k5e45ipkfn5lke3s3ioebxhm err=HttpError('InvalidRequest: Could not find repo: did:plc:k5e45ipkfn5lke3s3ioebxhm')
2026-03-05T03:18:24Z WARNING bsky_collector_v2.job.index_feed_generators: listRecords failed repo=did:plc:k5e45ipkfn5lke3s3ioebxhm err=HttpError('InvalidRequest: Could not find repo: did:plc:k5e45ipkfn5lke3s3ioebxhm')
2026-03-05T03:18:25Z INFO bsky_collector_v2.job.index_feed_generators: enqueued repos page=31 mode=listRepos inserted=500 repos_returned=500 next_cursor=set
