2026-02-20T12:37:57Z INFO bsky_collector_v2: out_base ok path=D:\BlueSky\data_v2_full mount=D:\
2026-02-20T12:37:57Z INFO bsky_collector_v2: job start subcommand=index-feed-generators dry_run=False resume=True
2026-02-20T12:37:57Z INFO bsky_collector_v2.job.index_feed_generators: feed generator index hosts relay_host=https://bsky.network records_host=https://bsky.social auth=yes
2026-02-20T12:37:59Z WARNING bsky_collector_v2.job.index_feed_generators: listRecords failed repo=did:plc:orc2pts2ys2i56pwybdnq2dd err=HttpError('InvalidRequest: Could not find repo: did:plc:orc2pts2ys2i56pwybdnq2dd')
2026-02-20T12:38:09Z INFO bsky_collector_v2.job.index_feed_generators: indexed repo=did:plc:rfpi56cdxg3uc6rggua2q74r part=1405 records=1 next_cursor=set
2026-02-20T12:38:15Z WARNING bsky_collector_v2.job.index_feed_generators: listRecords failed repo=did:plc:t7lgyv35pslilytafphoqgqc err=HttpError('InvalidRequest: Could not find repo: did:plc:t7lgyv35pslilytafphoqgqc')
2026-02-20T12:38:16Z INFO bsky_collector_v2.job.index_feed_generators: indexed repo=did:plc:tk5uz3mdesg5fhlopsqohfyw part=1406 records=3 next_cursor=set
2026-02-20T12:38:36Z WARNING bsky_collector_v2.job.index_feed_generators: listRecords failed repo=did:plc:njhvbzj5wl4huevg6kfuovci err=HttpError('InvalidRequest: Could not find repo: did:plc:njhvbzj5wl4huevg6kfuovci')
2026-02-20T12:38:36Z WARNING bsky_collector_v2.job.index_feed_generators: listRecords failed repo=did:plc:orc2pts2ys2i56pwybdnq2dd err=HttpError('InvalidRequest: Could not find repo: did:plc:orc2pts2ys2i56pwybdnq2dd')
2026-02-20T12:38:36Z WARNING bsky_collector_v2.job.index_feed_generators: listRecords failed repo=did:plc:t7lgyv35pslilytafphoqgqc err=HttpError('InvalidRequest: Could not find repo: did:plc:t7lgyv35pslilytafphoqgqc')
2026-02-20T12:38:37Z WARNING bsky_collector_v2.job.index_feed_generators: listRecords failed repo=did:plc:njhvbzj5wl4huevg6kfuovci err=HttpError('InvalidRequest: Could not find repo: did:plc:njhvbzj5wl4huevg6kfuovci')
2026-02-20T12:38:37Z WARNING bsky_collector_v2.job.index_feed_generators: listRecords failed repo=did:plc:orc2pts2ys2i56pwybdnq2dd err=HttpError('InvalidRequest: Could not find repo: did:plc:orc2pts2ys2i56pwybdnq2dd')
2026-02-20T12:38:37Z WARNING bsky_collector_v2.job.index_feed_generators: listRecords failed repo=did:plc:t7lgyv35pslilytafphoqgqc err=HttpError('InvalidRequest: Could not find repo: did:plc:t7lgyv35pslilytafphoqgqc')
2026-02-20T12:38:37Z INFO bsky_collector_v2.job.index_feed_generators: enqueued repos page=1 mode=listRepos inserted=500 repos_returned=500 next_cursor=set
2026-02-20T12:38:40Z WARNING bsky_collector_v2.job.index_feed_generators: listRecords failed repo=did:plc:36vhgcwpb24u5moi6xmq4tkg err=HttpError('InvalidRequest: Could not find repo: did:plc:36vhgcwpb24u5moi6xmq4tkg')
2026-02-20T12:38:42Z INFO bsky_collector_v2.job.index_feed_generators: indexed repo=did:plc:443vmmktxzzn27vmxmuwbtqe part=1407 records=1 next_cursor=set
2026-02-20T12:39:15Z WARNING bsky_collector_v2.job.index_feed_generators: listRecords failed repo=did:plc:hniaq3s6tvw5uamgort5qkw5 err=HttpError('InvalidRequest: Could not find repo: did:plc:hniaq3s6tvw5uamgort5qkw5')
2026-02-20T12:39:20Z INFO bsky_collector_v2.job.index_feed_generators: indexed repo=did:plc:jrpsfip4w2adzavv2uazgsph part=1408 records=1 next_cursor=set
2026-02-20T12:39:30Z INFO bsky_collector_v2.job.index_feed_generators: indexed repo=did:plc:mpisfpqqcrnrdj3rglfd6zup part=1409 records=1 next_cursor=set
2026-02-20T12:40:00Z WARNING bsky_collector_v2.job.index_feed_generators: listRecords failed repo=did:plc:ssyq2rvveto3ejnorvyhhcp5 err=HttpError('InvalidRequest: Could not find repo: did:plc:ssyq2rvveto3ejnorvyhhcp5')
2026-02-20T12:40:02Z INFO bsky_collector_v2.job.index_feed_generators: indexed repo=did:plc:tkdh75i3oahspzb3piwjjvdk part=1410 records=1 next_cursor=set
2026-02-20T12:40:20Z WARNING bsky_collector_v2.job.index_feed_generators: listRecords failed repo=did:plc:36vhgcwpb24u5moi6xmq4tkg err=HttpError('InvalidRequest: Could not find repo: did:plc:36vhgcwpb24u5moi6xmq4tkg')
2026-02-20T12:40:20Z WARNING bsky_collector_v2.job.index_feed_generators: listRecords failed repo=did:plc:hniaq3s6tvw5uamgort5qkw5 err=HttpError('InvalidRequest: Could not find repo: did:plc:hniaq3s6tvw5uamgort5qkw5')
2026-02-20T12:40:20Z WARNING bsky_collector_v2.job.index_feed_generators: listRecords failed repo=did:plc:ssyq2rvveto3ejnorvyhhcp5 err=HttpError('InvalidRequest: Could not find repo: did:plc:ssyq2rvveto3ejnorvyhhcp5')
2026-02-20T12:40:20Z WARNING bsky_collector_v2.job.index_feed_generators: listRecords failed repo=did:plc:36vhgcwpb24u5moi6xmq4tkg err=HttpError('InvalidRequest: Could not find repo: did:plc:36vhgcwpb24u5moi6xmq4tkg')
2026-02-20T12:40:21Z WARNING bsky_collector_v2.job.index_feed_generators: listRecords failed repo=did:plc:hniaq3s6tvw5uamgort5qkw5 err=HttpError('InvalidRequest: Could not find repo: did:plc:hniaq3s6tvw5uamgort5qkw5')
2026-02-20T12:40:21Z WARNING bsky_collector_v2.job.index_feed_generators: listRecords failed repo=did:plc:ssyq2rvveto3ejnorvyhhcp5 err=HttpError('InvalidRequest: Could not find repo: did:plc:ssyq2rvveto3ejnorvyhhcp5')
2026-02-20T12:40:21Z INFO bsky_collector_v2.job.index_feed_generators: enqueued repos page=2 mode=listRepos inserted=500 repos_returned=500 next_cursor=set
2026-02-20T12:40:36Z INFO bsky_collector_v2.job.index_feed_generators: indexed repo=did:plc:ajlhmnkdim7o3s6q5mqenrl5 part=1411 records=3 next_cursor=set
2026-02-20T12:40:49Z INFO bsky_collector_v2.job.index_feed_generators: indexed repo=did:plc:ebvq4ronuymq325qt5fi5nhk part=1412 records=2 next_cursor=set
2026-02-20T12:40:52Z INFO bsky_collector_v2.job.index_feed_generators: indexed repo=did:plc:flpljmba74j2lxhutscemaal part=1413 records=2 next_cursor=set
2026-02-20T12:41:10Z WARNING bsky_collector_v2.job.index_feed_generators: listRecords failed repo=did:plc:lxqcjguo4rxiamqy242jslda err=HttpError('InvalidRequest: Could not find repo: did:plc:lxqcjguo4rxiamqy242jslda')
2026-02-20T12:41:27Z INFO bsky_collector_v2.job.index_feed_generators: indexed repo=did:plc:rnsy66i7t5jyv7meekxcz52a part=1414 records=1 next_cursor=set
2026-02-20T12:41:52Z WARNING bsky_collector_v2.job.index_feed_generators: listRecords failed repo=did:plc:lxqcjguo4rxiamqy242jslda err=HttpError('InvalidRequest: Could not find repo: did:plc:lxqcjguo4rxiamqy242jslda')
2026-02-20T12:41:52Z WARNING bsky_collector_v2.job.index_feed_generators: listRecords failed repo=did:plc:lxqcjguo4rxiamqy242jslda err=HttpError('InvalidRequest: Could not find repo: did:plc:lxqcjguo4rxiamqy242jslda')
2026-02-20T12:41:52Z INFO bsky_collector_v2.job.index_feed_generators: enqueued repos page=3 mode=listRepos inserted=500 repos_returned=500 next_cursor=set
2026-02-20T12:41:56Z INFO bsky_collector_v2.job.index_feed_generators: indexed repo=did:plc:2ujtwngmip5bwasd3zrb4ooj part=1415 records=4 next_cursor=set
2026-02-20T12:42:00Z INFO bsky_collector_v2.job.index_feed_generators: indexed repo=did:plc:4myyvzvjoe7aorxtw4lcfnha part=1416 records=1 next_cursor=set
2026-02-20T12:42:06Z WARNING bsky_collector_v2.job.index_feed_generators: listRecords failed repo=did:plc:7iwyxag7pzojy6yorexpkmzd err=HttpError('InvalidRequest: Could not find repo: did:plc:7iwyxag7pzojy6yorexpkmzd')
2026-02-20T12:42:30Z INFO bsky_collector_v2.job.index_feed_generators: indexed repo=did:plc:etpj6fj335rj6ck6q32c7omn part=1417 records=1 next_cursor=set
2026-02-20T12:42:38Z INFO bsky_collector_v2.job.index_feed_generators: indexed repo=did:plc:i34alcnvituq4sldq26iqn6o part=1418 records=3 next_cursor=set
2026-02-20T12:42:48Z WARNING bsky_collector_v2.job.index_feed_generators: listRecords failed repo=did:plc:ls2na2wcvupmhzugu4obswib err=HttpError('InvalidRequest: Could not find repo: did:plc:ls2na2wcvupmhzugu4obswib')
2026-02-20T12:43:01Z INFO bsky_collector_v2.job.index_feed_generators: indexed repo=did:plc:qmodn6m3kedvolzg76fw5go3 part=1419 records=2 next_cursor=set
2026-02-20T12:43:22Z WARNING bsky_collector_v2.job.index_feed_generators: listRecords failed repo=did:plc:wq67ekvfwjvv5cftaiqkfsvj err=HttpError('InvalidRequest: Could not find repo: did:plc:wq67ekvfwjvv5cftaiqkfsvj')
2026-02-20T12:43:24Z INFO bsky_collector_v2.job.index_feed_generators: indexed repo=did:plc:xaveiq67ngrvzhrdz5rilnnb part=1420 records=1 next_cursor=set
2026-02-20T12:43:31Z WARNING bsky_collector_v2.job.index_feed_generators: listRecords failed repo=did:plc:7iwyxag7pzojy6yorexpkmzd err=HttpError('InvalidRequest: Could not find repo: did:plc:7iwyxag7pzojy6yorexpkmzd')
2026-02-20T12:43:31Z WARNING bsky_collector_v2.job.index_feed_generators: listRecords failed repo=did:plc:ls2na2wcvupmhzugu4obswib err=HttpError('InvalidRequest: Could not find repo: did:plc:ls2na2wcvupmhzugu4obswib')
2026-02-20T12:43:31Z WARNING bsky_collector_v2.job.index_feed_generators: listRecords failed repo=did:plc:wq67ekvfwjvv5cftaiqkfsvj err=HttpError('InvalidRequest: Could not find repo: did:plc:wq67ekvfwjvv5cftaiqkfsvj')
2026-02-20T12:43:32Z WARNING bsky_collector_v2.job.index_feed_generators: listRecords failed repo=did:plc:7iwyxag7pzojy6yorexpkmzd err=HttpError('InvalidRequest: Could not find repo: did:plc:7iwyxag7pzojy6yorexpkmzd')
2026-02-20T12:43:32Z WARNING bsky_collector_v2.job.index_feed_generators: listRecords failed repo=did:plc:ls2na2wcvupmhzugu4obswib err=HttpError('InvalidRequest: Could not find repo: did:plc:ls2na2wcvupmhzugu4obswib')
2026-02-20T12:43:32Z WARNING bsky_collector_v2.job.index_feed_generators: listRecords failed repo=did:plc:wq67ekvfwjvv5cftaiqkfsvj err=HttpError('InvalidRequest: Could not find repo: did:plc:wq67ekvfwjvv5cftaiqkfsvj')
2026-02-20T12:43:32Z INFO bsky_collector_v2.job.index_feed_generators: enqueued repos page=4 mode=listRepos inserted=500 repos_returned=500 next_cursor=set
2026-02-20T12:43:36Z INFO bsky_collector_v2.job.index_feed_generators: indexed repo=did:plc:3nuztwkxxue5lwe6x46y6sxj part=1421 records=1 next_cursor=set
2026-02-20T12:44:21Z WARNING bsky_collector_v2.job.index_feed_generators: listRecords failed repo=did:plc:lzw5a7y3msuzdfeksmfa5mts err=HttpError('InvalidRequest: Could not find repo: did:plc:lzw5a7y3msuzdfeksmfa5mts')
2026-02-20T12:44:37Z INFO bsky_collector_v2.job.index_feed_generators: indexed repo=did:plc:r2fx54d6q6hcleumyhkoohot part=1422 records=1 next_cursor=set
2026-02-20T12:44:47Z INFO bsky_collector_v2.job.index_feed_generators: indexed repo=did:plc:v3o6zhnvkzijpov63niufpht part=1423 records=1 next_cursor=set
2026-02-20T12:45:07Z INFO bsky_collector_v2.job.index_feed_generators: indexed repo=did:plc:zz3ug7bcsx74pv7gqtu6mse7 part=1424 records=1 next_cursor=set
2026-02-20T12:45:07Z WARNING bsky_collector_v2.job.index_feed_generators: listRecords failed repo=did:plc:lzw5a7y3msuzdfeksmfa5mts err=HttpError('InvalidRequest: Could not find repo: did:plc:lzw5a7y3msuzdfeksmfa5mts')
2026-02-20T12:45:08Z WARNING bsky_collector_v2.job.index_feed_generators: listRecords failed repo=did:plc:lzw5a7y3msuzdfeksmfa5mts err=HttpError('InvalidRequest: Could not find repo: did:plc:lzw5a7y3msuzdfeksmfa5mts')
2026-02-20T12:45:08Z INFO bsky_collector_v2.job.index_feed_generators: enqueued repos page=5 mode=listRepos inserted=500 repos_returned=500 next_cursor=set
2026-02-20T12:45:30Z INFO bsky_collector_v2.job.index_feed_generators: indexed repo=did:plc:brxind4k2nrkbrk5gbpbgsmg part=1425 records=1 next_cursor=set
2026-02-20T12:45:33Z WARNING bsky_collector_v2.job.index_feed_generators: listRecords failed repo=did:plc:dkzaabjvutasan55jtm2ufk2 err=HttpError('InvalidRequest: Could not find repo: did:plc:dkzaabjvutasan55jtm2ufk2')
2026-02-20T12:45:55Z INFO bsky_collector_v2.job.index_feed_generators: indexed repo=did:plc:l5g5vcxrjlcyxxkv3qpoictg part=1426 records=1 next_cursor=set
2026-02-20T12:46:12Z WARNING bsky_collector_v2.job.index_feed_generators: listRecords failed repo=did:plc:qo5sobfdezo3rpso2efakb46 err=HttpError('InvalidRequest: Could not find repo: did:plc:qo5sobfdezo3rpso2efakb46')
2026-02-20T12:46:19Z INFO bsky_collector_v2.job.index_feed_generators: indexed repo=did:plc:stgpg2qeq46t64kmsivrhw2d part=1427 records=1 next_cursor=set
2026-02-20T12:46:20Z INFO bsky_collector_v2.job.index_feed_generators: indexed repo=did:plc:sy3nnq4qsnzi52znx6gscg5x part=1428 records=1 next_cursor=set
2026-02-20T12:46:38Z WARNING bsky_collector_v2.job.index_feed_generators: listRecords failed repo=did:plc:dkzaabjvutasan55jtm2ufk2 err=HttpError('InvalidRequest: Could not find repo: did:plc:dkzaabjvutasan55jtm2ufk2')
2026-02-20T12:46:38Z WARNING bsky_collector_v2.job.index_feed_generators: listRecords failed repo=did:plc:qo5sobfdezo3rpso2efakb46 err=HttpError('InvalidRequest: Could not find repo: did:plc:qo5sobfdezo3rpso2efakb46')
2026-02-20T12:46:38Z WARNING bsky_collector_v2.job.index_feed_generators: listRecords failed repo=did:plc:dkzaabjvutasan55jtm2ufk2 err=HttpError('InvalidRequest: Could not find repo: did:plc:dkzaabjvutasan55jtm2ufk2')
2026-02-20T12:46:38Z WARNING bsky_collector_v2.job.index_feed_generators: listRecords failed repo=did:plc:qo5sobfdezo3rpso2efakb46 err=HttpError('InvalidRequest: Could not find repo: did:plc:qo5sobfdezo3rpso2efakb46')
2026-02-20T12:46:39Z INFO bsky_collector_v2.job.index_feed_generators: enqueued repos page=6 mode=listRepos inserted=500 repos_returned=500 next_cursor=set
2026-02-20T12:46:41Z WARNING bsky_collector_v2.job.index_feed_generators: listRecords failed repo=did:plc:2osit2uaqvbqqj4md4dsaep5 err=HttpError('InvalidRequest: Could not find repo: did:plc:2osit2uaqvbqqj4md4dsaep5')
2026-02-20T12:46:45Z INFO bsky_collector_v2.job.index_feed_generators: indexed repo=did:plc:3y5cjcuu677cqkk2awyooldj part=1429 records=1 next_cursor=set
2026-02-20T12:46:55Z WARNING bsky_collector_v2.job.index_feed_generators: listRecords failed repo=did:plc:7mtwacr55oyi5zhv3zytqohb err=HttpError('InvalidRequest: Could not find repo: did:plc:7mtwacr55oyi5zhv3zytqohb')
2026-02-20T12:47:02Z WARNING bsky_collector_v2.job.index_feed_generators: listRecords failed repo=did:plc:czkrwlz7vybwv4fgqokfzlkw err=HttpError('InvalidRequest: Could not find repo: did:plc:czkrwlz7vybwv4fgqokfzlkw')
2026-02-20T12:47:02Z INFO bsky_collector_v2.job.index_feed_generators: indexed repo=did:plc:deoph4eyrdzjl7fxh6z6gbqg part=1430 records=3 next_cursor=set
2026-02-20T12:47:55Z INFO bsky_collector_v2.job.index_feed_generators: indexed repo=did:plc:shrxuwvtyh5xp57u3klgcado part=1431 records=1 next_cursor=set
2026-02-20T12:48:17Z WARNING bsky_collector_v2.job.index_feed_generators: listRecords failed repo=did:plc:2osit2uaqvbqqj4md4dsaep5 err=HttpError('InvalidRequest: Could not find repo: did:plc:2osit2uaqvbqqj4md4dsaep5')
2026-02-20T12:48:17Z WARNING bsky_collector_v2.job.index_feed_generators: listRecords failed repo=did:plc:7mtwacr55oyi5zhv3zytqohb err=HttpError('InvalidRequest: Could not find repo: did:plc:7mtwacr55oyi5zhv3zytqohb')
2026-02-20T12:48:17Z WARNING bsky_collector_v2.job.index_feed_generators: listRecords failed repo=did:plc:czkrwlz7vybwv4fgqokfzlkw err=HttpError('InvalidRequest: Could not find repo: did:plc:czkrwlz7vybwv4fgqokfzlkw')
2026-02-20T12:48:17Z WARNING bsky_collector_v2.job.index_feed_generators: listRecords failed repo=did:plc:2osit2uaqvbqqj4md4dsaep5 err=HttpError('InvalidRequest: Could not find repo: did:plc:2osit2uaqvbqqj4md4dsaep5')
2026-02-20T12:48:18Z WARNING bsky_collector_v2.job.index_feed_generators: listRecords failed repo=did:plc:7mtwacr55oyi5zhv3zytqohb err=HttpError('InvalidRequest: Could not find repo: did:plc:7mtwacr55oyi5zhv3zytqohb')
2026-02-20T12:48:18Z WARNING bsky_collector_v2.job.index_feed_generators: listRecords failed repo=did:plc:czkrwlz7vybwv4fgqokfzlkw err=HttpError('InvalidRequest: Could not find repo: did:plc:czkrwlz7vybwv4fgqokfzlkw')
2026-02-20T12:48:18Z INFO bsky_collector_v2.job.index_feed_generators: enqueued repos page=7 mode=listRepos inserted=500 repos_returned=500 next_cursor=set
2026-02-20T12:48:43Z INFO bsky_collector_v2.job.index_feed_generators: indexed repo=did:plc:c4n5qjbni6eggnaojpyciop7 part=1432 records=3 next_cursor=set
2026-02-20T12:48:51Z INFO bsky_collector_v2.job.index_feed_generators: indexed repo=did:plc:dx4vt6krauy25mp3d2lml2pt part=1433 records=1 next_cursor=set
2026-02-20T12:48:52Z INFO bsky_collector_v2.job.index_feed_generators: indexed repo=did:plc:edib5gab3hraewmpx5ujei2q part=1434 records=1 next_cursor=set
2026-02-20T12:48:57Z WARNING bsky_collector_v2.job.index_feed_generators: listRecords failed repo=did:plc:fouiptakwdnctdtl3dy2akqs err=HttpError('InvalidRequest: Could not find repo: did:plc:fouiptakwdnctdtl3dy2akqs')
2026-02-20T12:48:59Z WARNING bsky_collector_v2.job.index_feed_generators: listRecords failed repo=did:plc:g6p6e62ryjoahiaffypcwver err=HttpError('InvalidRequest: Could not find repo: did:plc:g6p6e62ryjoahiaffypcwver')
2026-02-20T12:49:08Z INFO bsky_collector_v2.job.index_feed_generators: indexed repo=did:plc:jdumqaiq66hs4xkfbfjajmxx part=1435 records=3 next_cursor=set
2026-02-20T12:49:23Z INFO bsky_collector_v2.job.index_feed_generators: indexed repo=did:plc:okcighxnccftrzy4zje2iamb part=1436 records=1 next_cursor=set
2026-02-20T12:49:43Z INFO bsky_collector_v2.job.index_feed_generators: indexed repo=did:plc:vnsz2i63b3vv6xsyxgbh5tff part=1437 records=1 next_cursor=set
2026-02-20T12:49:44Z INFO bsky_collector_v2.job.index_feed_generators: indexed repo=did:plc:w5unebxhn7lvyk3ev6lgrgbt part=1438 records=1 next_cursor=set
2026-02-20T12:49:53Z INFO bsky_collector_v2.job.index_feed_generators: indexed repo=did:plc:zlsep6ydmbyleuzp7glo6ogt part=1439 records=2 next_cursor=set
2026-02-20T12:49:55Z WARNING bsky_collector_v2.job.index_feed_generators: listRecords failed repo=did:plc:fouiptakwdnctdtl3dy2akqs err=HttpError('InvalidRequest: Could not find repo: did:plc:fouiptakwdnctdtl3dy2akqs')
2026-02-20T12:49:55Z WARNING bsky_collector_v2.job.index_feed_generators: listRecords failed repo=did:plc:g6p6e62ryjoahiaffypcwver err=HttpError('InvalidRequest: Could not find repo: did:plc:g6p6e62ryjoahiaffypcwver')
2026-02-20T12:49:55Z WARNING bsky_collector_v2.job.index_feed_generators: listRecords failed repo=did:plc:fouiptakwdnctdtl3dy2akqs err=HttpError('InvalidRequest: Could not find repo: did:plc:fouiptakwdnctdtl3dy2akqs')
2026-02-20T12:49:56Z WARNING bsky_collector_v2.job.index_feed_generators: listRecords failed repo=did:plc:g6p6e62ryjoahiaffypcwver err=HttpError('InvalidRequest: Could not find repo: did:plc:g6p6e62ryjoahiaffypcwver')
2026-02-20T12:49:56Z INFO bsky_collector_v2.job.index_feed_generators: enqueued repos page=8 mode=listRepos inserted=500 repos_returned=500 next_cursor=set
2026-02-20T12:50:00Z INFO bsky_collector_v2.job.index_feed_generators: indexed repo=did:plc:3q5j3j7czx3drnxymnjqbaom part=1440 records=2 next_cursor=set
2026-02-20T12:50:09Z INFO bsky_collector_v2.job.index_feed_generators: indexed repo=did:plc:6sb2x2mn5k6hoecaf6n5hws7 part=1441 records=1 next_cursor=set
2026-02-20T12:50:16Z INFO bsky_collector_v2.job.index_feed_generators: indexed repo=did:plc:ayg3lvbthfg2oknxjcgue537 part=1442 records=2 next_cursor=set
2026-02-20T12:50:25Z INFO bsky_collector_v2.job.index_feed_generators: indexed repo=did:plc:e46hbwuwpyshav4qsi5cqdgk part=1443 records=1 next_cursor=set
2026-02-20T12:50:40Z INFO bsky_collector_v2.job.index_feed_generators: indexed repo=did:plc:ipiwxiuzpsjgahy25zj7wykt part=1444 records=2 next_cursor=set
2026-02-20T12:51:00Z WARNING bsky_collector_v2.job.index_feed_generators: listRecords failed repo=did:plc:qllbjjtbpnhiiv5jmxidajqq err=HttpError('InvalidRequest: Could not find repo: did:plc:qllbjjtbpnhiiv5jmxidajqq')
2026-02-20T12:51:21Z WARNING bsky_collector_v2.job.index_feed_generators: listRecords failed repo=did:plc:yedrwmxhe5hejxbwwsuz7ne3 err=HttpError('InvalidRequest: Could not find repo: did:plc:yedrwmxhe5hejxbwwsuz7ne3')
2026-02-20T12:51:24Z INFO bsky_collector_v2.job.index_feed_generators: indexed repo=did:plc:znbk7lfzqaj7oikexcp2pwg6 part=1445 records=1 next_cursor=set
2026-02-20T12:51:25Z WARNING bsky_collector_v2.job.index_feed_generators: listRecords failed repo=did:plc:qllbjjtbpnhiiv5jmxidajqq err=HttpError('InvalidRequest: Could not find repo: did:plc:qllbjjtbpnhiiv5jmxidajqq')
2026-02-20T12:51:26Z WARNING bsky_collector_v2.job.index_feed_generators: listRecords failed repo=did:plc:yedrwmxhe5hejxbwwsuz7ne3 err=HttpError('InvalidRequest: Could not find repo: did:plc:yedrwmxhe5hejxbwwsuz7ne3')
2026-02-20T12:51:26Z WARNING bsky_collector_v2.job.index_feed_generators: listRecords failed repo=did:plc:qllbjjtbpnhiiv5jmxidajqq err=HttpError('InvalidRequest: Could not find repo: did:plc:qllbjjtbpnhiiv5jmxidajqq')
2026-02-20T12:51:26Z WARNING bsky_collector_v2.job.index_feed_generators: listRecords failed repo=did:plc:yedrwmxhe5hejxbwwsuz7ne3 err=HttpError('InvalidRequest: Could not find repo: did:plc:yedrwmxhe5hejxbwwsuz7ne3')
2026-02-20T12:51:27Z INFO bsky_collector_v2.job.index_feed_generators: enqueued repos page=9 mode=listRepos inserted=500 repos_returned=500 next_cursor=set
2026-02-20T12:52:01Z INFO bsky_collector_v2.job.index_feed_generators: indexed repo=did:plc:dkrpnxn7lfax2m3letxddywv part=1446 records=1 next_cursor=set
2026-02-20T12:52:06Z INFO bsky_collector_v2.job.index_feed_generators: indexed repo=did:plc:esfgh2yjp6wl6laejlw2wryx part=1447 records=1 next_cursor=set
2026-02-20T12:52:08Z INFO bsky_collector_v2.job.index_feed_generators: indexed repo=did:plc:fgykyzgelwjmhmfwtzdqiquc part=1448 records=1 next_cursor=set
2026-02-20T12:52:19Z INFO bsky_collector_v2.job.index_feed_generators: indexed repo=did:plc:j6ofwv3bwl3ia5vb5d47q3wk part=1449 records=1 next_cursor=set
2026-02-20T12:52:21Z WARNING bsky_collector_v2.job.index_feed_generators: listRecords failed repo=did:plc:jo2mikwjypd72hvpmp4nvsjj err=HttpError('InvalidRequest: Could not find repo: did:plc:jo2mikwjypd72hvpmp4nvsjj')
2026-02-20T12:52:43Z INFO bsky_collector_v2.job.index_feed_generators: indexed repo=did:plc:qjvqocu6gx4vmcqsjiu7px3z part=1450 records=1 next_cursor=set
2026-02-20T12:53:10Z WARNING bsky_collector_v2.job.index_feed_generators: listRecords failed repo=did:plc:jo2mikwjypd72hvpmp4nvsjj err=HttpError('InvalidRequest: Could not find repo: did:plc:jo2mikwjypd72hvpmp4nvsjj')
2026-02-20T12:53:10Z WARNING bsky_collector_v2.job.index_feed_generators: listRecords failed repo=did:plc:jo2mikwjypd72hvpmp4nvsjj err=HttpError('InvalidRequest: Could not find repo: did:plc:jo2mikwjypd72hvpmp4nvsjj')
2026-02-20T12:53:10Z INFO bsky_collector_v2.job.index_feed_generators: enqueued repos page=10 mode=listRepos inserted=500 repos_returned=500 next_cursor=set
2026-02-20T12:53:13Z INFO bsky_collector_v2.job.index_feed_generators: indexed repo=did:plc:2m5lsfw3l63rowweer4q6tey part=1451 records=1 next_cursor=set
2026-02-20T12:53:15Z INFO bsky_collector_v2.job.index_feed_generators: indexed repo=did:plc:3nftxa7zqs3jwrozbsl7vnjb part=1452 records=11 next_cursor=set
2026-02-20T12:53:20Z INFO bsky_collector_v2.job.index_feed_generators: indexed repo=did:plc:5tjinwbp5dkvsdjre63z46o3 part=1453 records=1 next_cursor=set
2026-02-20T12:53:40Z INFO bsky_collector_v2.job.index_feed_generators: indexed repo=did:plc:eg56dgoftkwumkulp67zgfaz part=1454 records=2 next_cursor=set
2026-02-20T12:53:58Z INFO bsky_collector_v2.job.index_feed_generators: indexed repo=did:plc:mbrfhswmzbnarjvmbjiqfrrt part=1455 records=1 next_cursor=set
2026-02-20T12:54:00Z WARNING bsky_collector_v2.job.index_feed_generators: listRecords failed repo=did:plc:my4rvjlpmjpgmccdzpg7bgsc err=HttpError('InvalidRequest: Could not find repo: did:plc:my4rvjlpmjpgmccdzpg7bgsc')
2026-02-20T12:54:15Z INFO bsky_collector_v2.job.index_feed_generators: indexed repo=did:plc:scvq6jgzg56h6mwiqrtolcog part=1456 records=1 next_cursor=set
2026-02-20T12:54:40Z WARNING bsky_collector_v2.job.index_feed_generators: listRecords failed repo=did:plc:my4rvjlpmjpgmccdzpg7bgsc err=HttpError('InvalidRequest: Could not find repo: did:plc:my4rvjlpmjpgmccdzpg7bgsc')
2026-02-20T12:54:40Z WARNING bsky_collector_v2.job.index_feed_generators: listRecords failed repo=did:plc:my4rvjlpmjpgmccdzpg7bgsc err=HttpError('InvalidRequest: Could not find repo: did:plc:my4rvjlpmjpgmccdzpg7bgsc')
2026-02-20T12:54:40Z INFO bsky_collector_v2.job.index_feed_generators: enqueued repos page=11 mode=listRepos inserted=500 repos_returned=500 next_cursor=set
2026-02-20T12:55:30Z WARNING bsky_collector_v2.job.index_feed_generators: listRecords failed repo=did:plc:le5aekwf7qubsx5pxnt2cfk4 err=HttpError('InvalidRequest: Could not find repo: did:plc:le5aekwf7qubsx5pxnt2cfk4')
2026-02-20T12:55:47Z WARNING bsky_collector_v2.job.index_feed_generators: listRecords failed repo=did:plc:r52gk3rvut3cvvo775s3gvao err=HttpError('InvalidRequest: Could not find repo: did:plc:r52gk3rvut3cvvo775s3gvao')
2026-02-20T12:55:52Z WARNING bsky_collector_v2.job.index_feed_generators: listRecords failed repo=did:plc:s6s7f65nudwt4xytmfxxyqp3 err=HttpError('InvalidRequest: Could not find repo: did:plc:s6s7f65nudwt4xytmfxxyqp3')
2026-02-20T12:56:11Z INFO bsky_collector_v2.job.index_feed_generators: indexed repo=did:plc:xfhlgejqhi3rpkohacextbj4 part=1457 records=1 next_cursor=set
2026-02-20T12:56:18Z WARNING bsky_collector_v2.job.index_feed_generators: listRecords failed repo=did:plc:le5aekwf7qubsx5pxnt2cfk4 err=HttpError('InvalidRequest: Could not find repo: did:plc:le5aekwf7qubsx5pxnt2cfk4')
2026-02-20T12:56:18Z WARNING bsky_collector_v2.job.index_feed_generators: listRecords failed repo=did:plc:r52gk3rvut3cvvo775s3gvao err=HttpError('InvalidRequest: Could not find repo: did:plc:r52gk3rvut3cvvo775s3gvao')
2026-02-20T12:56:18Z WARNING bsky_collector_v2.job.index_feed_generators: listRecords failed repo=did:plc:s6s7f65nudwt4xytmfxxyqp3 err=HttpError('InvalidRequest: Could not find repo: did:plc:s6s7f65nudwt4xytmfxxyqp3')
2026-02-20T12:56:18Z WARNING bsky_collector_v2.job.index_feed_generators: listRecords failed repo=did:plc:le5aekwf7qubsx5pxnt2cfk4 err=HttpError('InvalidRequest: Could not find repo: did:plc:le5aekwf7qubsx5pxnt2cfk4')
2026-02-20T12:56:18Z WARNING bsky_collector_v2.job.index_feed_generators: listRecords failed repo=did:plc:r52gk3rvut3cvvo775s3gvao err=HttpError('InvalidRequest: Could not find repo: did:plc:r52gk3rvut3cvvo775s3gvao')
2026-02-20T12:56:19Z WARNING bsky_collector_v2.job.index_feed_generators: listRecords failed repo=did:plc:s6s7f65nudwt4xytmfxxyqp3 err=HttpError('InvalidRequest: Could not find repo: did:plc:s6s7f65nudwt4xytmfxxyqp3')
2026-02-20T12:56:19Z INFO bsky_collector_v2.job.index_feed_generators: enqueued repos page=12 mode=listRepos inserted=500 repos_returned=500 next_cursor=set
2026-02-20T12:56:21Z INFO bsky_collector_v2.job.index_feed_generators: indexed repo=did:plc:2vpn7ttsuhzzlhqt3zivhsh5 part=1458 records=1 next_cursor=set
2026-02-20T12:56:41Z INFO bsky_collector_v2.job.index_feed_generators: indexed repo=did:plc:c6ddvvflo3cbz7ltfbjksms7 part=1459 records=1 next_cursor=set
2026-02-20T12:56:47Z INFO bsky_collector_v2.job.index_feed_generators: indexed repo=did:plc:f736526pdbyvy7v32bbubdwu part=1460 records=1 next_cursor=set
2026-02-20T12:56:50Z INFO bsky_collector_v2.job.index_feed_generators: indexed repo=did:plc:g5nt3juq2wy3fxloatqn5vb6 part=1461 records=1 next_cursor=set
2026-02-20T12:57:02Z INFO bsky_collector_v2.job.index_feed_generators: indexed repo=did:plc:keop7ryaq6jujfur6zt3bw35 part=1462 records=1 next_cursor=set
2026-02-20T12:57:16Z INFO bsky_collector_v2.job.index_feed_generators: indexed repo=did:plc:qjqix4wsa5fbc2rlzixxiq25 part=1463 records=1 next_cursor=set
2026-02-20T12:57:55Z INFO bsky_collector_v2.job.index_feed_generators: enqueued repos page=13 mode=listRepos inserted=500 repos_returned=500 next_cursor=set
2026-02-20T12:58:24Z WARNING bsky_collector_v2.job.index_feed_generators: listRecords failed repo=did:plc:cbkn2ldagdjquo53qq6aod63 err=HttpError('InvalidRequest: Could not find repo: did:plc:cbkn2ldagdjquo53qq6aod63')
2026-02-20T12:58:26Z INFO bsky_collector_v2.job.index_feed_generators: indexed repo=did:plc:cvepgjzrqzuf5buhii33sa7m part=1464 records=1 next_cursor=set
2026-02-20T12:58:33Z WARNING bsky_collector_v2.job.index_feed_generators: listRecords failed repo=did:plc:fudeskwmcotok4bu637zemfe err=HttpError('InvalidRequest: Could not find repo: did:plc:fudeskwmcotok4bu637zemfe')
2026-02-20T12:58:42Z WARNING bsky_collector_v2.job.index_feed_generators: listRecords failed repo=did:plc:itjhfrmx4s3gkbhicoaym4jn err=HttpError('InvalidRequest: Could not find repo: did:plc:itjhfrmx4s3gkbhicoaym4jn')
2026-02-20T12:58:50Z INFO bsky_collector_v2.job.index_feed_generators: indexed repo=did:plc:lv6cvwf7t7if77gft5gtpkza part=1465 records=3 next_cursor=set
2026-02-20T12:58:52Z INFO bsky_collector_v2.job.index_feed_generators: indexed repo=did:plc:mrf3jx2oofmmpqq2pcpy5wbg part=1466 records=1 next_cursor=set
2026-02-20T12:59:03Z INFO bsky_collector_v2.job.index_feed_generators: indexed repo=did:plc:q72ttmxqfum2wh6k5pvnqzwx part=1467 records=4 next_cursor=set
2026-02-20T12:59:30Z WARNING bsky_collector_v2.job.index_feed_generators: listRecords failed repo=did:plc:cbkn2ldagdjquo53qq6aod63 err=HttpError('InvalidRequest: Could not find repo: did:plc:cbkn2ldagdjquo53qq6aod63')
2026-02-20T12:59:31Z WARNING bsky_collector_v2.job.index_feed_generators: listRecords failed repo=did:plc:fudeskwmcotok4bu637zemfe err=HttpError('InvalidRequest: Could not find repo: did:plc:fudeskwmcotok4bu637zemfe')
2026-02-20T12:59:31Z WARNING bsky_collector_v2.job.index_feed_generators: listRecords failed repo=did:plc:itjhfrmx4s3gkbhicoaym4jn err=HttpError('InvalidRequest: Could not find repo: did:plc:itjhfrmx4s3gkbhicoaym4jn')
2026-02-20T12:59:31Z WARNING bsky_collector_v2.job.index_feed_generators: listRecords failed repo=did:plc:cbkn2ldagdjquo53qq6aod63 err=HttpError('InvalidRequest: Could not find repo: did:plc:cbkn2ldagdjquo53qq6aod63')
2026-02-20T12:59:31Z WARNING bsky_collector_v2.job.index_feed_generators: listRecords failed repo=did:plc:fudeskwmcotok4bu637zemfe err=HttpError('InvalidRequest: Could not find repo: did:plc:fudeskwmcotok4bu637zemfe')
2026-02-20T12:59:31Z WARNING bsky_collector_v2.job.index_feed_generators: listRecords failed repo=did:plc:itjhfrmx4s3gkbhicoaym4jn err=HttpError('InvalidRequest: Could not find repo: did:plc:itjhfrmx4s3gkbhicoaym4jn')
2026-02-20T12:59:32Z INFO bsky_collector_v2.job.index_feed_generators: enqueued repos page=14 mode=listRepos inserted=500 repos_returned=500 next_cursor=set
2026-02-20T12:59:40Z WARNING bsky_collector_v2.job.index_feed_generators: listRecords failed repo=did:plc:5eq2iqhcuc7u67w7co3ntlxb err=HttpError('InvalidRequest: Could not find repo: did:plc:5eq2iqhcuc7u67w7co3ntlxb')
2026-02-20T13:00:05Z INFO bsky_collector_v2.job.index_feed_generators: indexed repo=did:plc:ffklbxnlk3kpwkyr4oxngp5q part=1468 records=9 next_cursor=set
2026-02-20T13:00:16Z WARNING bsky_collector_v2.job.index_feed_generators: listRecords failed repo=did:plc:iqljpj7jfwerovh27g7pt277 err=HttpError('InvalidRequest: Could not find repo: did:plc:iqljpj7jfwerovh27g7pt277')
2026-02-20T13:00:27Z WARNING bsky_collector_v2.job.index_feed_generators: listRecords failed repo=did:plc:mwy5bvpn7bhgnpp3bkfwr5sl err=HttpError('InvalidRequest: Could not find repo: did:plc:mwy5bvpn7bhgnpp3bkfwr5sl')
2026-02-20T13:00:37Z WARNING bsky_collector_v2.job.index_feed_generators: listRecords failed repo=did:plc:qrehjqgczrsbeydpknufwtkt err=HttpError('InvalidRequest: Could not find repo: did:plc:qrehjqgczrsbeydpknufwtkt')
2026-02-20T13:01:00Z WARNING bsky_collector_v2.job.index_feed_generators: listRecords failed repo=did:plc:5eq2iqhcuc7u67w7co3ntlxb err=HttpError('InvalidRequest: Could not find repo: did:plc:5eq2iqhcuc7u67w7co3ntlxb')
2026-02-20T13:01:01Z WARNING bsky_collector_v2.job.index_feed_generators: listRecords failed repo=did:plc:iqljpj7jfwerovh27g7pt277 err=HttpError('InvalidRequest: Could not find repo: did:plc:iqljpj7jfwerovh27g7pt277')
2026-02-20T13:01:01Z WARNING bsky_collector_v2.job.index_feed_generators: listRecords failed repo=did:plc:mwy5bvpn7bhgnpp3bkfwr5sl err=HttpError('InvalidRequest: Could not find repo: did:plc:mwy5bvpn7bhgnpp3bkfwr5sl')
2026-02-20T13:01:01Z WARNING bsky_collector_v2.job.index_feed_generators: listRecords failed repo=did:plc:qrehjqgczrsbeydpknufwtkt err=HttpError('InvalidRequest: Could not find repo: did:plc:qrehjqgczrsbeydpknufwtkt')
2026-02-20T13:01:01Z WARNING bsky_collector_v2.job.index_feed_generators: listRecords failed repo=did:plc:5eq2iqhcuc7u67w7co3ntlxb err=HttpError('InvalidRequest: Could not find repo: did:plc:5eq2iqhcuc7u67w7co3ntlxb')
2026-02-20T13:01:01Z WARNING bsky_collector_v2.job.index_feed_generators: listRecords failed repo=did:plc:iqljpj7jfwerovh27g7pt277 err=HttpError('InvalidRequest: Could not find repo: did:plc:iqljpj7jfwerovh27g7pt277')
2026-02-20T13:01:01Z WARNING bsky_collector_v2.job.index_feed_generators: listRecords failed repo=did:plc:mwy5bvpn7bhgnpp3bkfwr5sl err=HttpError('InvalidRequest: Could not find repo: did:plc:mwy5bvpn7bhgnpp3bkfwr5sl')
2026-02-20T13:01:01Z WARNING bsky_collector_v2.job.index_feed_generators: listRecords failed repo=did:plc:qrehjqgczrsbeydpknufwtkt err=HttpError('InvalidRequest: Could not find repo: did:plc:qrehjqgczrsbeydpknufwtkt')
2026-02-20T13:01:02Z INFO bsky_collector_v2.job.index_feed_generators: enqueued repos page=15 mode=listRepos inserted=500 repos_returned=500 next_cursor=set
2026-02-20T13:01:14Z INFO bsky_collector_v2.job.index_feed_generators: indexed repo=did:plc:4o56l7kckdhwejve2unqnzc4 part=1469 records=1 next_cursor=set
2026-02-20T13:01:21Z WARNING bsky_collector_v2.job.index_feed_generators: listRecords failed repo=did:plc:6egtc7ywup3ozac3eg4lxwa3 err=HttpError('InvalidRequest: Could not find repo: did:plc:6egtc7ywup3ozac3eg4lxwa3')
2026-02-20T13:01:50Z INFO bsky_collector_v2.job.index_feed_generators: indexed repo=did:plc:hehounvzgbcgd6ow5jncwniq part=1470 records=4 next_cursor=set
2026-02-20T13:02:31Z INFO bsky_collector_v2.job.index_feed_generators: indexed repo=did:plc:wy3bbnc7c5wifwln2ek3cfoy part=1471 records=1 next_cursor=set
2026-02-20T13:02:39Z WARNING bsky_collector_v2.job.index_feed_generators: listRecords failed repo=did:plc:6egtc7ywup3ozac3eg4lxwa3 err=HttpError('InvalidRequest: Could not find repo: did:plc:6egtc7ywup3ozac3eg4lxwa3')
2026-02-20T13:02:40Z WARNING bsky_collector_v2.job.index_feed_generators: listRecords failed repo=did:plc:6egtc7ywup3ozac3eg4lxwa3 err=HttpError('InvalidRequest: Could not find repo: did:plc:6egtc7ywup3ozac3eg4lxwa3')
2026-02-20T13:02:40Z INFO bsky_collector_v2.job.index_feed_generators: enqueued repos page=16 mode=listRepos inserted=500 repos_returned=500 next_cursor=set
2026-02-20T13:02:41Z WARNING bsky_collector_v2.job.index_feed_generators: listRecords failed repo=did:plc:2hegxyne7vzql4ifubw2zbbz err=HttpError('InvalidRequest: Could not find repo: did:plc:2hegxyne7vzql4ifubw2zbbz')
2026-02-20T13:03:09Z INFO bsky_collector_v2.job.index_feed_generators: indexed repo=did:plc:fjwoyu66h5embjwscpdzonwq part=1472 records=1 next_cursor=set
2026-02-20T13:03:17Z INFO bsky_collector_v2.job.index_feed_generators: indexed repo=did:plc:hpt5qpikyw5olxq3rzjnag5s part=1473 records=1 next_cursor=set
2026-02-20T13:03:22Z WARNING bsky_collector_v2.job.index_feed_generators: listRecords failed repo=did:plc:k22repf6d6ld37lqmaadsgwo err=HttpError('InvalidRequest: Could not find repo: did:plc:k22repf6d6ld37lqmaadsgwo')
2026-02-20T13:03:35Z INFO bsky_collector_v2.job.index_feed_generators: indexed repo=did:plc:ok47tud3nede2thcezlus23v part=1474 records=1 next_cursor=set
2026-02-20T13:03:46Z WARNING bsky_collector_v2.job.index_feed_generators: listRecords failed repo=did:plc:tbjaf6bttlm7sglccbkgzo6t err=HttpError('InvalidRequest: Could not find repo: did:plc:tbjaf6bttlm7sglccbkgzo6t')
2026-02-20T13:03:48Z WARNING bsky_collector_v2.job.index_feed_generators: listRecords failed repo=did:plc:u22b6e66k6dhpbhna4lospsv err=HttpError('InvalidRequest: Could not find repo: did:plc:u22b6e66k6dhpbhna4lospsv')
2026-02-20T13:03:50Z INFO bsky_collector_v2.job.index_feed_generators: indexed repo=did:plc:uwlh5klvkjrgulrfechlwlps part=1475 records=1 next_cursor=set
2026-02-20T13:04:00Z INFO bsky_collector_v2.job.index_feed_generators: indexed repo=did:plc:yallrmawibof6fq62ddmrlu4 part=1476 records=1 next_cursor=set
2026-02-20T13:04:05Z WARNING bsky_collector_v2.job.index_feed_generators: listRecords failed repo=did:plc:2hegxyne7vzql4ifubw2zbbz err=HttpError('InvalidRequest: Could not find repo: did:plc:2hegxyne7vzql4ifubw2zbbz')
2026-02-20T13:04:05Z WARNING bsky_collector_v2.job.index_feed_generators: listRecords failed repo=did:plc:k22repf6d6ld37lqmaadsgwo err=HttpError('InvalidRequest: Could not find repo: did:plc:k22repf6d6ld37lqmaadsgwo')
2026-02-20T13:04:06Z WARNING bsky_collector_v2.job.index_feed_generators: listRecords failed repo=did:plc:tbjaf6bttlm7sglccbkgzo6t err=HttpError('InvalidRequest: Could not find repo: did:plc:tbjaf6bttlm7sglccbkgzo6t')
2026-02-20T13:04:06Z WARNING bsky_collector_v2.job.index_feed_generators: listRecords failed repo=did:plc:u22b6e66k6dhpbhna4lospsv err=HttpError('InvalidRequest: Could not find repo: did:plc:u22b6e66k6dhpbhna4lospsv')
2026-02-20T13:04:06Z WARNING bsky_collector_v2.job.index_feed_generators: listRecords failed repo=did:plc:2hegxyne7vzql4ifubw2zbbz err=HttpError('InvalidRequest: Could not find repo: did:plc:2hegxyne7vzql4ifubw2zbbz')
2026-02-20T13:04:06Z WARNING bsky_collector_v2.job.index_feed_generators: listRecords failed repo=did:plc:k22repf6d6ld37lqmaadsgwo err=HttpError('InvalidRequest: Could not find repo: did:plc:k22repf6d6ld37lqmaadsgwo')
2026-02-20T13:04:06Z WARNING bsky_collector_v2.job.index_feed_generators: listRecords failed repo=did:plc:tbjaf6bttlm7sglccbkgzo6t err=HttpError('InvalidRequest: Could not find repo: did:plc:tbjaf6bttlm7sglccbkgzo6t')
2026-02-20T13:04:06Z WARNING bsky_collector_v2.job.index_feed_generators: listRecords failed repo=did:plc:u22b6e66k6dhpbhna4lospsv err=HttpError('InvalidRequest: Could not find repo: did:plc:u22b6e66k6dhpbhna4lospsv')
2026-02-20T13:04:07Z INFO bsky_collector_v2.job.index_feed_generators: enqueued repos page=17 mode=listRepos inserted=500 repos_returned=500 next_cursor=set
2026-02-20T13:05:04Z INFO bsky_collector_v2.job.index_feed_generators: indexed repo=did:plc:lvdwknyclu34ocf4pjkkq7mw part=1477 records=2 next_cursor=set
2026-02-20T13:05:07Z INFO bsky_collector_v2.job.index_feed_generators: indexed repo=did:plc:mxrpejy5iwykeirk77d7qi4t part=1478 records=3 next_cursor=set
2026-02-20T13:05:14Z INFO bsky_collector_v2.job.index_feed_generators: indexed repo=did:plc:p6bv3d425bbhkkfcl5uo77qc part=1479 records=1 next_cursor=set
2026-02-20T13:05:43Z INFO bsky_collector_v2.job.index_feed_generators: indexed repo=did:plc:zehrirotqaiy7bee4rxzrlx5 part=1480 records=1 next_cursor=set
2026-02-20T13:05:47Z INFO bsky_collector_v2.job.index_feed_generators: enqueued repos page=18 mode=listRepos inserted=500 repos_returned=500 next_cursor=set
2026-02-20T13:06:00Z INFO bsky_collector_v2.job.index_feed_generators: indexed repo=did:plc:6a2li6v5hoqnvtah4uttqjwd part=1481 records=3 next_cursor=set
2026-02-20T13:07:06Z INFO bsky_collector_v2.job.index_feed_generators: indexed repo=did:plc:ugjv2buwb5cizxrzaw6tyjol part=1482 records=1 next_cursor=set
2026-02-20T13:07:06Z WARNING bsky_collector_v2.job.index_feed_generators: listRecords failed repo=did:plc:uor7pkrgge4ron56vqr2p342 err=HttpError('InvalidRequest: Could not find repo: did:plc:uor7pkrgge4ron56vqr2p342')
2026-02-20T13:07:14Z INFO bsky_collector_v2.job.index_feed_generators: indexed repo=did:plc:xq23l2iemjkpwzudvtsfizpp part=1483 records=5 next_cursor=set
2026-02-20T13:07:20Z WARNING bsky_collector_v2.job.index_feed_generators: listRecords failed repo=did:plc:uor7pkrgge4ron56vqr2p342 err=HttpError('InvalidRequest: Could not find repo: did:plc:uor7pkrgge4ron56vqr2p342')
2026-02-20T13:07:20Z WARNING bsky_collector_v2.job.index_feed_generators: listRecords failed repo=did:plc:uor7pkrgge4ron56vqr2p342 err=HttpError('InvalidRequest: Could not find repo: did:plc:uor7pkrgge4ron56vqr2p342')
2026-02-20T13:07:21Z INFO bsky_collector_v2.job.index_feed_generators: enqueued repos page=19 mode=listRepos inserted=500 repos_returned=500 next_cursor=set
2026-02-20T13:07:23Z WARNING bsky_collector_v2.job.index_feed_generators: listRecords failed repo=did:plc:2qctsy4pvyvrrg47yu4qtuok err=HttpError('InvalidRequest: Could not find repo: did:plc:2qctsy4pvyvrrg47yu4qtuok')
2026-02-20T13:07:26Z INFO bsky_collector_v2.job.index_feed_generators: indexed repo=did:plc:3epqzyd6dyydlspkext5zkyr part=1484 records=1 next_cursor=set
2026-02-20T13:07:29Z WARNING bsky_collector_v2.job.index_feed_generators: listRecords failed repo=did:plc:3ucun24tedu6ectky5sent43 err=HttpError('InvalidRequest: Could not find repo: did:plc:3ucun24tedu6ectky5sent43')
2026-02-20T13:07:39Z WARNING bsky_collector_v2.job.index_feed_generators: listRecords failed repo=did:plc:aiihdzhqc24srecwgjofd7ge err=HttpError('InvalidRequest: Could not find repo: did:plc:aiihdzhqc24srecwgjofd7ge')
2026-02-20T13:07:54Z WARNING bsky_collector_v2.job.index_feed_generators: listRecords failed repo=did:plc:fylm2secptfjybqldjgzaooq err=HttpError('InvalidRequest: Could not find repo: did:plc:fylm2secptfjybqldjgzaooq')
2026-02-20T13:08:17Z INFO bsky_collector_v2.job.index_feed_generators: indexed repo=did:plc:nlriiwkmvq7wczwh2ofl7lcp part=1485 records=1 next_cursor=set
2026-02-20T13:08:48Z WARNING bsky_collector_v2.job.index_feed_generators: listRecords failed repo=did:plc:vav3mxxowfgorj7lagsb37z5 err=HttpError('InvalidRequest: Could not find repo: did:plc:vav3mxxowfgorj7lagsb37z5')
2026-02-20T13:08:50Z WARNING bsky_collector_v2.job.index_feed_generators: listRecords failed repo=did:plc:vcyhcdss5pgjyhtkj76l7wsv err=HttpError('InvalidRequest: Could not find repo: did:plc:vcyhcdss5pgjyhtkj76l7wsv')
2026-02-20T13:08:52Z WARNING bsky_collector_v2.job.index_feed_generators: listRecords failed repo=did:plc:vwzz3zifpqje6m76kyd4znnt err=HttpError('InvalidRequest: Could not find repo: did:plc:vwzz3zifpqje6m76kyd4znnt')
2026-02-20T13:08:52Z INFO bsky_collector_v2.job.index_feed_generators: indexed repo=did:plc:vyst3tz5aujkbt2v4yi4hc3u part=1486 records=1 next_cursor=set
2026-02-20T13:09:04Z WARNING bsky_collector_v2.job.index_feed_generators: listRecords failed repo=did:plc:2qctsy4pvyvrrg47yu4qtuok err=HttpError('InvalidRequest: Could not find repo: did:plc:2qctsy4pvyvrrg47yu4qtuok')
2026-02-20T13:09:04Z WARNING bsky_collector_v2.job.index_feed_generators: listRecords failed repo=did:plc:3ucun24tedu6ectky5sent43 err=HttpError('InvalidRequest: Could not find repo: did:plc:3ucun24tedu6ectky5sent43')
2026-02-20T13:09:04Z WARNING bsky_collector_v2.job.index_feed_generators: listRecords failed repo=did:plc:aiihdzhqc24srecwgjofd7ge err=HttpError('InvalidRequest: Could not find repo: did:plc:aiihdzhqc24srecwgjofd7ge')
2026-02-20T13:09:04Z WARNING bsky_collector_v2.job.index_feed_generators: listRecords failed repo=did:plc:fylm2secptfjybqldjgzaooq err=HttpError('InvalidRequest: Could not find repo: did:plc:fylm2secptfjybqldjgzaooq')
2026-02-20T13:09:04Z WARNING bsky_collector_v2.job.index_feed_generators: listRecords failed repo=did:plc:vav3mxxowfgorj7lagsb37z5 err=HttpError('InvalidRequest: Could not find repo: did:plc:vav3mxxowfgorj7lagsb37z5')
2026-02-20T13:09:04Z WARNING bsky_collector_v2.job.index_feed_generators: listRecords failed repo=did:plc:vcyhcdss5pgjyhtkj76l7wsv err=HttpError('InvalidRequest: Could not find repo: did:plc:vcyhcdss5pgjyhtkj76l7wsv')
2026-02-20T13:09:04Z WARNING bsky_collector_v2.job.index_feed_generators: listRecords failed repo=did:plc:vwzz3zifpqje6m76kyd4znnt err=HttpError('InvalidRequest: Could not find repo: did:plc:vwzz3zifpqje6m76kyd4znnt')
2026-02-20T13:09:05Z WARNING bsky_collector_v2.job.index_feed_generators: listRecords failed repo=did:plc:2qctsy4pvyvrrg47yu4qtuok err=HttpError('InvalidRequest: Could not find repo: did:plc:2qctsy4pvyvrrg47yu4qtuok')
2026-02-20T13:09:05Z WARNING bsky_collector_v2.job.index_feed_generators: listRecords failed repo=did:plc:3ucun24tedu6ectky5sent43 err=HttpError('InvalidRequest: Could not find repo: did:plc:3ucun24tedu6ectky5sent43')
2026-02-20T13:09:05Z WARNING bsky_collector_v2.job.index_feed_generators: listRecords failed repo=did:plc:aiihdzhqc24srecwgjofd7ge err=HttpError('InvalidRequest: Could not find repo: did:plc:aiihdzhqc24srecwgjofd7ge')
2026-02-20T13:09:05Z WARNING bsky_collector_v2.job.index_feed_generators: listRecords failed repo=did:plc:fylm2secptfjybqldjgzaooq err=HttpError('InvalidRequest: Could not find repo: did:plc:fylm2secptfjybqldjgzaooq')
2026-02-20T13:09:05Z WARNING bsky_collector_v2.job.index_feed_generators: listRecords failed repo=did:plc:vav3mxxowfgorj7lagsb37z5 err=HttpError('InvalidRequest: Could not find repo: did:plc:vav3mxxowfgorj7lagsb37z5')
2026-02-20T13:09:05Z WARNING bsky_collector_v2.job.index_feed_generators: listRecords failed repo=did:plc:vcyhcdss5pgjyhtkj76l7wsv err=HttpError('InvalidRequest: Could not find repo: did:plc:vcyhcdss5pgjyhtkj76l7wsv')
2026-02-20T13:09:05Z WARNING bsky_collector_v2.job.index_feed_generators: listRecords failed repo=did:plc:vwzz3zifpqje6m76kyd4znnt err=HttpError('InvalidRequest: Could not find repo: did:plc:vwzz3zifpqje6m76kyd4znnt')
2026-02-20T13:09:06Z INFO bsky_collector_v2.job.index_feed_generators: enqueued repos page=20 mode=listRepos inserted=500 repos_returned=500 next_cursor=set
2026-02-20T13:09:13Z INFO bsky_collector_v2.job.index_feed_generators: indexed repo=did:plc:3lx44ogci3itzgl5zeil4zu2 part=1487 records=1 next_cursor=set
2026-02-20T13:09:40Z INFO bsky_collector_v2.job.index_feed_generators: indexed repo=did:plc:eldwud3zysufshg3aaty325j part=1488 records=1 next_cursor=set
2026-02-20T13:09:44Z WARNING bsky_collector_v2.job.index_feed_generators: listRecords failed repo=did:plc:g7j6qok5us4hjqlwjxwrrkjm err=HttpError('InvalidRequest: Could not find repo: did:plc:g7j6qok5us4hjqlwjxwrrkjm')
2026-02-20T13:09:47Z INFO bsky_collector_v2.job.index_feed_generators: indexed repo=did:plc:hs5p77chh52t6xasoygz4rag part=1489 records=1 next_cursor=set
2026-02-20T13:10:01Z INFO bsky_collector_v2.job.index_feed_generators: indexed repo=did:plc:mwzdyv2zvjo7j56zw7sh2ls5 part=1490 records=1 next_cursor=set
2026-02-20T13:10:21Z WARNING bsky_collector_v2.job.index_feed_generators: listRecords failed repo=did:plc:tggqsif4geczcpwooyx5duh3 err=HttpError('InvalidRequest: Could not find repo: did:plc:tggqsif4geczcpwooyx5duh3')
2026-02-20T13:10:39Z WARNING bsky_collector_v2.job.index_feed_generators: listRecords failed repo=did:plc:g7j6qok5us4hjqlwjxwrrkjm err=HttpError('InvalidRequest: Could not find repo: did:plc:g7j6qok5us4hjqlwjxwrrkjm')
2026-02-20T13:10:40Z WARNING bsky_collector_v2.job.index_feed_generators: listRecords failed repo=did:plc:tggqsif4geczcpwooyx5duh3 err=HttpError('InvalidRequest: Could not find repo: did:plc:tggqsif4geczcpwooyx5duh3')
2026-02-20T13:10:40Z WARNING bsky_collector_v2.job.index_feed_generators: listRecords failed repo=did:plc:g7j6qok5us4hjqlwjxwrrkjm err=HttpError('InvalidRequest: Could not find repo: did:plc:g7j6qok5us4hjqlwjxwrrkjm')
2026-02-20T13:10:40Z WARNING bsky_collector_v2.job.index_feed_generators: listRecords failed repo=did:plc:tggqsif4geczcpwooyx5duh3 err=HttpError('InvalidRequest: Could not find repo: did:plc:tggqsif4geczcpwooyx5duh3')
2026-02-20T13:10:40Z INFO bsky_collector_v2.job.index_feed_generators: enqueued repos page=21 mode=listRepos inserted=500 repos_returned=500 next_cursor=set
2026-02-20T13:11:00Z INFO bsky_collector_v2.job.index_feed_generators: indexed repo=did:plc:anoprdgqlxwzoqud2wjsi2dr part=1491 records=1 next_cursor=set
2026-02-20T13:11:00Z INFO bsky_collector_v2.job.index_feed_generators: indexed repo=did:plc:aum7wwntjlo6auesswofcnjd part=1492 records=4 next_cursor=set
2026-02-20T13:11:58Z INFO bsky_collector_v2.job.index_feed_generators: indexed repo=did:plc:rbd5hytsqvsnvwua42xwooni part=1493 records=3 next_cursor=set
2026-02-20T13:12:03Z WARNING bsky_collector_v2.job.index_feed_generators: listRecords failed repo=did:plc:sxnjbmjk4l23p67itsd3udhm err=HttpError('InvalidRequest: Could not find repo: did:plc:sxnjbmjk4l23p67itsd3udhm')
2026-02-20T13:12:25Z WARNING bsky_collector_v2.job.index_feed_generators: listRecords failed repo=did:plc:sxnjbmjk4l23p67itsd3udhm err=HttpError('InvalidRequest: Could not find repo: did:plc:sxnjbmjk4l23p67itsd3udhm')
2026-02-20T13:12:25Z WARNING bsky_collector_v2.job.index_feed_generators: listRecords failed repo=did:plc:sxnjbmjk4l23p67itsd3udhm err=HttpError('InvalidRequest: Could not find repo: did:plc:sxnjbmjk4l23p67itsd3udhm')
2026-02-20T13:12:26Z INFO bsky_collector_v2.job.index_feed_generators: enqueued repos page=22 mode=listRepos inserted=500 repos_returned=500 next_cursor=set
2026-02-20T13:12:39Z WARNING bsky_collector_v2.job.index_feed_generators: listRecords failed repo=did:plc:65fuhasathi7nmn2uzfgx5sc err=HttpError('InvalidRequest: Could not find repo: did:plc:65fuhasathi7nmn2uzfgx5sc')
2026-02-20T13:12:47Z INFO bsky_collector_v2.job.index_feed_generators: indexed repo=did:plc:bfa7ckwax6vwmmk5gfmx64xv part=1494 records=1 next_cursor=set
2026-02-20T13:12:57Z INFO bsky_collector_v2.job.index_feed_generators: indexed repo=did:plc:ej3i5dn63t7fxcmdhqno5lsd part=1495 records=7 next_cursor=set
2026-02-20T13:13:36Z INFO bsky_collector_v2.job.index_feed_generators: indexed repo=did:plc:nuns3a54d3tllsxerau3x2pw part=1496 records=1 next_cursor=set
2026-02-20T13:14:10Z WARNING bsky_collector_v2.job.index_feed_generators: listRecords failed repo=did:plc:65fuhasathi7nmn2uzfgx5sc err=HttpError('InvalidRequest: Could not find repo: did:plc:65fuhasathi7nmn2uzfgx5sc')
2026-02-20T13:14:10Z WARNING bsky_collector_v2.job.index_feed_generators: listRecords failed repo=did:plc:65fuhasathi7nmn2uzfgx5sc err=HttpError('InvalidRequest: Could not find repo: did:plc:65fuhasathi7nmn2uzfgx5sc')
2026-02-20T13:14:11Z INFO bsky_collector_v2.job.index_feed_generators: enqueued repos page=23 mode=listRepos inserted=500 repos_returned=500 next_cursor=set
2026-02-20T13:14:18Z INFO bsky_collector_v2.job.index_feed_generators: indexed repo=did:plc:4cftc4hc4mskwqe64tfwuy4h part=1497 records=1 next_cursor=set
2026-02-20T13:14:25Z INFO bsky_collector_v2.job.index_feed_generators: indexed repo=did:plc:6e7nkdsppbaz42hi3jx6hjtu part=1498 records=1 next_cursor=set
2026-02-20T13:15:16Z INFO bsky_collector_v2.job.index_feed_generators: indexed repo=did:plc:ne2quz3yugbvedzzd3liuewy part=1499 records=3 next_cursor=set
2026-02-20T13:16:07Z INFO bsky_collector_v2.job.index_feed_generators: enqueued repos page=24 mode=listRepos inserted=500 repos_returned=500 next_cursor=set
2026-02-20T13:16:27Z INFO bsky_collector_v2.job.index_feed_generators: indexed repo=did:plc:bpw6otsdjqgahxkt4ihnlivg part=1500 records=1 next_cursor=set
2026-02-20T13:16:34Z INFO bsky_collector_v2.job.index_feed_generators: indexed repo=did:plc:edh2rqnkc7cfflgbk6bvepbq part=1501 records=5 next_cursor=set
2026-02-20T13:16:45Z WARNING bsky_collector_v2.job.index_feed_generators: listRecords failed repo=did:plc:hulzd7i6uecydavigmkdj3sg err=HttpError('InvalidRequest: Could not find repo: did:plc:hulzd7i6uecydavigmkdj3sg')
2026-02-20T13:17:08Z INFO bsky_collector_v2.job.index_feed_generators: indexed repo=did:plc:pywppdhsxzagbj6wvtcoomhl part=1502 records=1 next_cursor=set
2026-02-20T13:17:30Z INFO bsky_collector_v2.job.index_feed_generators: indexed repo=did:plc:xq6qcsyai7ptqctc66mna6re part=1503 records=1 next_cursor=set
2026-02-20T13:17:37Z WARNING bsky_collector_v2.job.index_feed_generators: listRecords failed repo=did:plc:hulzd7i6uecydavigmkdj3sg err=HttpError('InvalidRequest: Could not find repo: did:plc:hulzd7i6uecydavigmkdj3sg')
2026-02-20T13:17:38Z WARNING bsky_collector_v2.job.index_feed_generators: listRecords failed repo=did:plc:hulzd7i6uecydavigmkdj3sg err=HttpError('InvalidRequest: Could not find repo: did:plc:hulzd7i6uecydavigmkdj3sg')
2026-02-20T13:17:38Z INFO bsky_collector_v2.job.index_feed_generators: enqueued repos page=25 mode=listRepos inserted=500 repos_returned=500 next_cursor=set
2026-02-20T13:18:17Z INFO bsky_collector_v2.job.index_feed_generators: indexed repo=did:plc:grabcgcfdtnl3hr753x6gznb part=1504 records=1 next_cursor=set
2026-02-20T13:18:47Z WARNING bsky_collector_v2.job.index_feed_generators: listRecords failed repo=did:plc:rhglyqno7zctruh2xpjovwfn err=HttpError('InvalidRequest: Could not find repo: did:plc:rhglyqno7zctruh2xpjovwfn')
2026-02-20T13:18:49Z WARNING bsky_collector_v2.job.index_feed_generators: listRecords failed repo=did:plc:sfyi2mtamnfd56ckxnwlsuqq err=HttpError('InvalidRequest: Could not find repo: did:plc:sfyi2mtamnfd56ckxnwlsuqq')
2026-02-20T13:19:11Z WARNING bsky_collector_v2.job.index_feed_generators: listRecords failed repo=did:plc:rhglyqno7zctruh2xpjovwfn err=HttpError('InvalidRequest: Could not find repo: did:plc:rhglyqno7zctruh2xpjovwfn')
2026-02-20T13:19:11Z WARNING bsky_collector_v2.job.index_feed_generators: listRecords failed repo=did:plc:sfyi2mtamnfd56ckxnwlsuqq err=HttpError('InvalidRequest: Could not find repo: did:plc:sfyi2mtamnfd56ckxnwlsuqq')
2026-02-20T13:19:11Z WARNING bsky_collector_v2.job.index_feed_generators: listRecords failed repo=did:plc:rhglyqno7zctruh2xpjovwfn err=HttpError('InvalidRequest: Could not find repo: did:plc:rhglyqno7zctruh2xpjovwfn')
2026-02-20T13:19:11Z WARNING bsky_collector_v2.job.index_feed_generators: listRecords failed repo=did:plc:sfyi2mtamnfd56ckxnwlsuqq err=HttpError('InvalidRequest: Could not find repo: did:plc:sfyi2mtamnfd56ckxnwlsuqq')
2026-02-20T13:19:12Z INFO bsky_collector_v2.job.index_feed_generators: enqueued repos page=26 mode=listRepos inserted=500 repos_returned=500 next_cursor=set
2026-02-20T13:19:12Z INFO bsky_collector_v2.job.index_feed_generators: indexed repo=did:plc:227nwyecpqluntvrtqiy2skq part=1505 records=2 next_cursor=set
2026-02-20T13:19:15Z WARNING bsky_collector_v2.job.index_feed_generators: listRecords failed repo=did:plc:37hudfm25vmjn57cslybnt34 err=HttpError('InvalidRequest: Could not find repo: did:plc:37hudfm25vmjn57cslybnt34')
2026-02-20T13:19:37Z WARNING bsky_collector_v2.job.index_feed_generators: listRecords failed repo=did:plc:cnxggpxxamahiio7qveodlvo err=HttpError('InvalidRequest: Could not find repo: did:plc:cnxggpxxamahiio7qveodlvo')
2026-02-20T13:19:41Z WARNING bsky_collector_v2.job.index_feed_generators: listRecords failed repo=did:plc:e37cvwrxqsueo7e25nm4jk7y err=HttpError('InvalidRequest: Could not find repo: did:plc:e37cvwrxqsueo7e25nm4jk7y')
2026-02-20T13:20:41Z INFO bsky_collector_v2.job.index_feed_generators: indexed repo=did:plc:vxwntwp33huqq6qdlzvikuas part=1506 records=1 next_cursor=set
2026-02-20T13:20:55Z INFO bsky_collector_v2.job.index_feed_generators: indexed repo=did:plc:zocm4fgwqtnjobifoe77fbqo part=1507 records=2 next_cursor=set
2026-02-20T13:20:56Z WARNING bsky_collector_v2.job.index_feed_generators: listRecords failed repo=did:plc:37hudfm25vmjn57cslybnt34 err=HttpError('InvalidRequest: Could not find repo: did:plc:37hudfm25vmjn57cslybnt34')
2026-02-20T13:20:56Z WARNING bsky_collector_v2.job.index_feed_generators: listRecords failed repo=did:plc:cnxggpxxamahiio7qveodlvo err=HttpError('InvalidRequest: Could not find repo: did:plc:cnxggpxxamahiio7qveodlvo')
2026-02-20T13:20:56Z WARNING bsky_collector_v2.job.index_feed_generators: listRecords failed repo=did:plc:e37cvwrxqsueo7e25nm4jk7y err=HttpError('InvalidRequest: Could not find repo: did:plc:e37cvwrxqsueo7e25nm4jk7y')
2026-02-20T13:20:56Z WARNING bsky_collector_v2.job.index_feed_generators: listRecords failed repo=did:plc:37hudfm25vmjn57cslybnt34 err=HttpError('InvalidRequest: Could not find repo: did:plc:37hudfm25vmjn57cslybnt34')
2026-02-20T13:20:56Z WARNING bsky_collector_v2.job.index_feed_generators: listRecords failed repo=did:plc:cnxggpxxamahiio7qveodlvo err=HttpError('InvalidRequest: Could not find repo: did:plc:cnxggpxxamahiio7qveodlvo')
2026-02-20T13:20:56Z WARNING bsky_collector_v2.job.index_feed_generators: listRecords failed repo=did:plc:e37cvwrxqsueo7e25nm4jk7y err=HttpError('InvalidRequest: Could not find repo: did:plc:e37cvwrxqsueo7e25nm4jk7y')
2026-02-20T13:20:57Z INFO bsky_collector_v2.job.index_feed_generators: enqueued repos page=27 mode=listRepos inserted=500 repos_returned=500 next_cursor=set
2026-02-20T13:21:11Z INFO bsky_collector_v2.job.index_feed_generators: indexed repo=did:plc:6vj57en6cq6mk4mymkufnmfw part=1508 records=1 next_cursor=set
2026-02-20T13:21:19Z INFO bsky_collector_v2.job.index_feed_generators: indexed repo=did:plc:bhilst7bfv476xhwueajthip part=1509 records=1 next_cursor=set
2026-02-20T13:21:34Z INFO bsky_collector_v2.job.index_feed_generators: indexed repo=did:plc:e2bykd4zpzda3mkvo5fkcmx7 part=1510 records=2 next_cursor=set
2026-02-20T13:21:57Z INFO bsky_collector_v2.job.index_feed_generators: indexed repo=did:plc:inwoe5ufov22oiiijy3wvrlz part=1511 records=4 next_cursor=set
2026-02-20T13:22:19Z WARNING bsky_collector_v2.job.index_feed_generators: listRecords failed repo=did:plc:ovnj3yufizsuunyit5kcxpam err=HttpError('InvalidRequest: Could not find repo: did:plc:ovnj3yufizsuunyit5kcxpam')
2026-02-20T13:22:43Z INFO bsky_collector_v2.job.index_feed_generators: indexed repo=did:plc:x4v5lwui43tzhx3kjbfs46yb part=1512 records=1 next_cursor=set
2026-02-20T13:22:49Z WARNING bsky_collector_v2.job.index_feed_generators: listRecords failed repo=did:plc:zhob4gvpscbfac2w2veu4o7b err=HttpError('InvalidRequest: Could not find repo: did:plc:zhob4gvpscbfac2w2veu4o7b')
2026-02-20T13:22:52Z WARNING bsky_collector_v2.job.index_feed_generators: listRecords failed repo=did:plc:ovnj3yufizsuunyit5kcxpam err=HttpError('InvalidRequest: Could not find repo: did:plc:ovnj3yufizsuunyit5kcxpam')
2026-02-20T13:22:52Z WARNING bsky_collector_v2.job.index_feed_generators: listRecords failed repo=did:plc:zhob4gvpscbfac2w2veu4o7b err=HttpError('InvalidRequest: Could not find repo: did:plc:zhob4gvpscbfac2w2veu4o7b')
2026-02-20T13:22:52Z WARNING bsky_collector_v2.job.index_feed_generators: listRecords failed repo=did:plc:ovnj3yufizsuunyit5kcxpam err=HttpError('InvalidRequest: Could not find repo: did:plc:ovnj3yufizsuunyit5kcxpam')
2026-02-20T13:22:52Z WARNING bsky_collector_v2.job.index_feed_generators: listRecords failed repo=did:plc:zhob4gvpscbfac2w2veu4o7b err=HttpError('InvalidRequest: Could not find repo: did:plc:zhob4gvpscbfac2w2veu4o7b')
2026-02-20T13:22:52Z INFO bsky_collector_v2.job.index_feed_generators: enqueued repos page=28 mode=listRepos inserted=500 repos_returned=500 next_cursor=set
2026-02-20T13:23:46Z INFO bsky_collector_v2.job.index_feed_generators: indexed repo=did:plc:ltjlz7eyjyxfolhooajhghxp part=1513 records=1 next_cursor=set
2026-02-20T13:24:35Z INFO bsky_collector_v2.job.index_feed_generators: enqueued repos page=29 mode=listRepos inserted=500 repos_returned=500 next_cursor=set
2026-02-20T13:25:56Z INFO bsky_collector_v2.job.index_feed_generators: indexed repo=did:plc:ruwnuvzigdl3527oe3vjrqwj part=1514 records=4 next_cursor=set
2026-02-20T13:26:07Z INFO bsky_collector_v2.job.index_feed_generators: indexed repo=did:plc:vpvgulnh4uvquyhgz3ailczl part=1515 records=2 next_cursor=set
2026-02-20T13:26:08Z INFO bsky_collector_v2.job.index_feed_generators: indexed repo=did:plc:vypvqgrtzbj3wabxkgjprovg part=1516 records=2 next_cursor=set
2026-02-20T13:26:22Z INFO bsky_collector_v2.job.index_feed_generators: enqueued repos page=30 mode=listRepos inserted=500 repos_returned=500 next_cursor=set
2026-02-20T13:26:37Z INFO bsky_collector_v2.job.index_feed_generators: indexed repo=did:plc:6w55u2j4zdyekmedmgawus4g part=1517 records=1 next_cursor=set
2026-02-20T13:26:52Z INFO bsky_collector_v2.job.index_feed_generators: indexed repo=did:plc:dzzradpqzq6qni3emippmpnf part=1518 records=1 next_cursor=set
2026-02-20T13:26:53Z INFO bsky_collector_v2.job.index_feed_generators: indexed repo=did:plc:e7vsxysa6hlwij64xdcmrnwg part=1519 records=5 next_cursor=set
2026-02-20T13:27:02Z INFO bsky_collector_v2.job.index_feed_generators: indexed repo=did:plc:gxv2biijo7kafw2x3isv6lhi part=1520 records=2 next_cursor=set
2026-02-20T13:27:29Z INFO bsky_collector_v2.job.index_feed_generators: indexed repo=did:plc:qiwf5aukkfbslupvumxrdx5p part=1521 records=1 next_cursor=set
2026-02-20T13:27:43Z INFO bsky_collector_v2.job.index_feed_generators: indexed repo=did:plc:urfrui7b753qhpku2tzf5it2 part=1522 records=1 next_cursor=set
2026-02-20T13:27:59Z INFO bsky_collector_v2.job.index_feed_generators: enqueued repos page=31 mode=listRepos inserted=500 repos_returned=500 next_cursor=set
2026-02-20T13:28:28Z INFO bsky_collector_v2.job.index_feed_generators: indexed repo=did:plc:cphar4rdr4ruobstu4r2eczv part=1523 records=1 next_cursor=set
2026-02-20T13:28:52Z INFO bsky_collector_v2.job.index_feed_generators: indexed repo=did:plc:km5em2cndpcvfvqt7utuf4ac part=1524 records=7 next_cursor=set
2026-02-20T13:29:03Z WARNING bsky_collector_v2.job.index_feed_generators: listRecords failed repo=did:plc:oxwfhmwf4jeh7xlbilun253v err=HttpError('InvalidRequest: Could not find repo: did:plc:oxwfhmwf4jeh7xlbilun253v')
2026-02-20T13:29:33Z WARNING bsky_collector_v2.job.index_feed_generators: listRecords failed repo=did:plc:oxwfhmwf4jeh7xlbilun253v err=HttpError('InvalidRequest: Could not find repo: did:plc:oxwfhmwf4jeh7xlbilun253v')
2026-02-20T13:29:33Z WARNING bsky_collector_v2.job.index_feed_generators: listRecords failed repo=did:plc:oxwfhmwf4jeh7xlbilun253v err=HttpError('InvalidRequest: Could not find repo: did:plc:oxwfhmwf4jeh7xlbilun253v')
2026-02-20T13:29:34Z INFO bsky_collector_v2.job.index_feed_generators: enqueued repos page=32 mode=listRepos inserted=500 repos_returned=500 next_cursor=set
2026-02-20T13:30:18Z WARNING bsky_collector_v2.job.index_feed_generators: listRecords failed repo=did:plc:kickt2tph5dpm4nsfh4tbbgr err=HttpError('InvalidRequest: Could not find repo: did:plc:kickt2tph5dpm4nsfh4tbbgr')
2026-02-20T13:30:25Z INFO bsky_collector_v2.job.index_feed_generators: indexed repo=did:plc:myc7od2eh4ytceb6wf4boyd6 part=1525 records=1 next_cursor=set
2026-02-20T13:30:45Z WARNING bsky_collector_v2.job.index_feed_generators: listRecords failed repo=did:plc:tmti7kfo6upaokhi6652xy67 err=HttpError('InvalidRequest: Could not find repo: did:plc:tmti7kfo6upaokhi6652xy67')
2026-02-20T13:30:46Z WARNING bsky_collector_v2.job.index_feed_generators: listRecords failed repo=did:plc:uesvvywqwodwsp4d6bthrjtt err=HttpError('InvalidRequest: Could not find repo: did:plc:uesvvywqwodwsp4d6bthrjtt')
2026-02-20T13:31:03Z WARNING bsky_collector_v2.job.index_feed_generators: listRecords failed repo=did:plc:kickt2tph5dpm4nsfh4tbbgr err=HttpError('InvalidRequest: Could not find repo: did:plc:kickt2tph5dpm4nsfh4tbbgr')
2026-02-20T13:31:03Z WARNING bsky_collector_v2.job.index_feed_generators: listRecords failed repo=did:plc:tmti7kfo6upaokhi6652xy67 err=HttpError('InvalidRequest: Could not find repo: did:plc:tmti7kfo6upaokhi6652xy67')
2026-02-20T13:31:03Z WARNING bsky_collector_v2.job.index_feed_generators: listRecords failed repo=did:plc:uesvvywqwodwsp4d6bthrjtt err=HttpError('InvalidRequest: Could not find repo: did:plc:uesvvywqwodwsp4d6bthrjtt')
2026-02-20T13:31:03Z WARNING bsky_collector_v2.job.index_feed_generators: listRecords failed repo=did:plc:kickt2tph5dpm4nsfh4tbbgr err=HttpError('InvalidRequest: Could not find repo: did:plc:kickt2tph5dpm4nsfh4tbbgr')
2026-02-20T13:31:04Z WARNING bsky_collector_v2.job.index_feed_generators: listRecords failed repo=did:plc:tmti7kfo6upaokhi6652xy67 err=HttpError('InvalidRequest: Could not find repo: did:plc:tmti7kfo6upaokhi6652xy67')
2026-02-20T13:31:04Z WARNING bsky_collector_v2.job.index_feed_generators: listRecords failed repo=did:plc:uesvvywqwodwsp4d6bthrjtt err=HttpError('InvalidRequest: Could not find repo: did:plc:uesvvywqwodwsp4d6bthrjtt')
2026-02-20T13:31:04Z INFO bsky_collector_v2.job.index_feed_generators: enqueued repos page=33 mode=listRepos inserted=500 repos_returned=500 next_cursor=set
2026-02-20T13:31:10Z WARNING bsky_collector_v2.job.index_feed_generators: listRecords failed repo=did:plc:43hzjnnftn7zow64yup5chtg err=HttpError('InvalidRequest: Could not find repo: did:plc:43hzjnnftn7zow64yup5chtg')
2026-02-20T13:31:13Z INFO bsky_collector_v2.job.index_feed_generators: indexed repo=did:plc:4yjlez6moa2gb4ixgcycnlvi part=1526 records=2 next_cursor=set
2026-02-20T13:31:24Z WARNING bsky_collector_v2.job.index_feed_generators: listRecords failed repo=did:plc:b2l7wxqjiuw4uprjxvkore7p err=HttpError('InvalidRequest: Could not find repo: did:plc:b2l7wxqjiuw4uprjxvkore7p')
2026-02-20T13:31:35Z INFO bsky_collector_v2.job.index_feed_generators: indexed repo=did:plc:fozdbty2ueoby7ghbkstxtdp part=1527 records=1 next_cursor=set
2026-02-20T13:31:45Z INFO bsky_collector_v2.job.index_feed_generators: indexed repo=did:plc:i7xdoudkx4egsnbojs5ifckf part=1528 records=1 next_cursor=set
2026-02-20T13:31:55Z WARNING bsky_collector_v2.job.index_feed_generators: listRecords failed repo=did:plc:lxx6444d5di5jx37c5la6sbz err=HttpError('InvalidRequest: Could not find repo: did:plc:lxx6444d5di5jx37c5la6sbz')
2026-02-20T13:32:11Z INFO bsky_collector_v2.job.index_feed_generators: indexed repo=did:plc:rcft6kxeytklodlxlhlbugkx part=1529 records=1 next_cursor=set
2026-02-20T13:32:12Z WARNING bsky_collector_v2.job.index_feed_generators: listRecords failed repo=did:plc:rg6azulwzn22vojbb4nsrxo3 err=HttpError('InvalidRequest: Could not find repo: did:plc:rg6azulwzn22vojbb4nsrxo3')
2026-02-20T13:32:14Z WARNING bsky_collector_v2.job.index_feed_generators: listRecords failed repo=did:plc:s3rhcx4va53eela5bf6h545s err=HttpError('InvalidRequest: Could not find repo: did:plc:s3rhcx4va53eela5bf6h545s')
2026-02-20T13:32:35Z WARNING bsky_collector_v2.job.index_feed_generators: listRecords failed repo=did:plc:43hzjnnftn7zow64yup5chtg err=HttpError('InvalidRequest: Could not find repo: did:plc:43hzjnnftn7zow64yup5chtg')
2026-02-20T13:32:35Z WARNING bsky_collector_v2.job.index_feed_generators: listRecords failed repo=did:plc:b2l7wxqjiuw4uprjxvkore7p err=HttpError('InvalidRequest: Could not find repo: did:plc:b2l7wxqjiuw4uprjxvkore7p')
2026-02-20T13:32:36Z WARNING bsky_collector_v2.job.index_feed_generators: listRecords failed repo=did:plc:lxx6444d5di5jx37c5la6sbz err=HttpError('InvalidRequest: Could not find repo: did:plc:lxx6444d5di5jx37c5la6sbz')
2026-02-20T13:32:36Z WARNING bsky_collector_v2.job.index_feed_generators: listRecords failed repo=did:plc:rg6azulwzn22vojbb4nsrxo3 err=HttpError('InvalidRequest: Could not find repo: did:plc:rg6azulwzn22vojbb4nsrxo3')
2026-02-20T13:32:36Z WARNING bsky_collector_v2.job.index_feed_generators: listRecords failed repo=did:plc:s3rhcx4va53eela5bf6h545s err=HttpError('InvalidRequest: Could not find repo: did:plc:s3rhcx4va53eela5bf6h545s')
2026-02-20T13:32:36Z WARNING bsky_collector_v2.job.index_feed_generators: listRecords failed repo=did:plc:43hzjnnftn7zow64yup5chtg err=HttpError('InvalidRequest: Could not find repo: did:plc:43hzjnnftn7zow64yup5chtg')
2026-02-20T13:32:36Z WARNING bsky_collector_v2.job.index_feed_generators: listRecords failed repo=did:plc:b2l7wxqjiuw4uprjxvkore7p err=HttpError('InvalidRequest: Could not find repo: did:plc:b2l7wxqjiuw4uprjxvkore7p')
2026-02-20T13:32:36Z WARNING bsky_collector_v2.job.index_feed_generators: listRecords failed repo=did:plc:lxx6444d5di5jx37c5la6sbz err=HttpError('InvalidRequest: Could not find repo: did:plc:lxx6444d5di5jx37c5la6sbz')
2026-02-20T13:32:36Z WARNING bsky_collector_v2.job.index_feed_generators: listRecords failed repo=did:plc:rg6azulwzn22vojbb4nsrxo3 err=HttpError('InvalidRequest: Could not find repo: did:plc:rg6azulwzn22vojbb4nsrxo3')
2026-02-20T13:32:37Z WARNING bsky_collector_v2.job.index_feed_generators: listRecords failed repo=did:plc:s3rhcx4va53eela5bf6h545s err=HttpError('InvalidRequest: Could not find repo: did:plc:s3rhcx4va53eela5bf6h545s')
2026-02-20T13:32:37Z INFO bsky_collector_v2.job.index_feed_generators: enqueued repos page=34 mode=listRepos inserted=500 repos_returned=500 next_cursor=set
