2026-02-27T23:34:51Z INFO bsky_collector_v2: out_base ok path=D:\BlueSky\data_v2_full mount=D:\
2026-02-27T23:34:51Z INFO bsky_collector_v2: job start subcommand=wide-sweep dry_run=False resume=True
2026-02-27T23:34:52Z INFO bsky_collector_v2.job.wide_sweep: wide-sweep start date=2026-02-27 workers=16 tasks=8054
2026-02-27T23:49:20Z ERROR bsky_collector_v2: job failed subcommand=wide-sweep err=ExceptionGroup('unhandled errors in a TaskGroup', [TimeoutError('timed out'), TimeoutError('timed out')])
  + Exception Group Traceback (most recent call last):
  |   File "D:\BlueSky\bsky_collector_v2\cli.py", line 374, in main
  |     asyncio.run(
  |   File "C:\Users\Atom\AppData\Local\Programs\Python\Python312\Lib\asyncio\runners.py", line 195, in run
  |     return runner.run(main)
  |            ^^^^^^^^^^^^^^^^
  |   File "C:\Users\Atom\AppData\Local\Programs\Python\Python312\Lib\asyncio\runners.py", line 118, in run
  |     return self._loop.run_until_complete(task)
  |            ^^^^^^^^^^^^^^^^^^^^^^^^^^^^^^^^^^^
  |   File "C:\Users\Atom\AppData\Local\Programs\Python\Python312\Lib\asyncio\base_events.py", line 691, in run_until_complete
  |     return future.result()
  |            ^^^^^^^^^^^^^^^
  |   File "D:\BlueSky\bsky_collector_v2\jobs\wide_sweep.py", line 372, in run_wide_sweep
  |     async with asyncio.TaskGroup() as tg:
  |                ^^^^^^^^^^^^^^^^^^^
  |   File "C:\Users\Atom\AppData\Local\Programs\Python\Python312\Lib\asyncio\taskgroups.py", line 71, in __aexit__
  |     return await self._aexit(et, exc)
  |            ^^^^^^^^^^^^^^^^^^^^^^^^^^
  |   File "C:\Users\Atom\AppData\Local\Programs\Python\Python312\Lib\asyncio\taskgroups.py", line 164, in _aexit
  |     raise BaseExceptionGroup(
  | ExceptionGroup: unhandled errors in a TaskGroup (2 sub-exceptions)
  +-+---------------- 1 ----------------
    | Traceback (most recent call last):
    |   File "D:\BlueSky\bsky_collector_v2\jobs\wide_sweep.py", line 352, in worker
    |     control.mark_wide_done(
    |   File "D:\BlueSky\bsky_collector_v2\state.py", line 167, in _call
    |     return self._rpc(name, *args, **kwargs)
    |            ^^^^^^^^^^^^^^^^^^^^^^^^^^^^^^^^
    |   File "D:\BlueSky\bsky_collector_v2\state.py", line 133, in _rpc
    |     chunk = conn.recv(65536)
    |             ^^^^^^^^^^^^^^^^
    | TimeoutError: timed out
    +---------------- 2 ----------------
    | Traceback (most recent call last):
    |   File "D:\BlueSky\bsky_collector_v2\jobs\wide_sweep.py", line 344, in worker
    |     await asyncio.wait_for(feed_coro, timeout=float(feed_time_budget_s))
    |   File "C:\Users\Atom\AppData\Local\Programs\Python\Python312\Lib\asyncio\tasks.py", line 520, in wait_for
    |     return await fut
    |            ^^^^^^^^^
    |   File "D:\BlueSky\bsky_collector_v2\jobs\wide_sweep.py", line 439, in _sweep_one_feed
    |     resp = await http.xrpc_get(
    |            ^^^^^^^^^^^^^^^^^^^^
    |   File "D:\BlueSky\bsky_collector_v2\http_client.py", line 406, in xrpc_get
    |     return await self.request_json(
    |            ^^^^^^^^^^^^^^^^^^^^^^^^
    |   File "D:\BlueSky\bsky_collector_v2\http_client.py", line 252, in request_json
    |     await limiter.wait()
    |   File "D:\BlueSky\bsky_collector_v2\http_client.py", line 98, in wait
    |     await asyncio.sleep(self._penalty_s)
    |   File "C:\Users\Atom\AppData\Local\Programs\Python\Python312\Lib\asyncio\tasks.py", line 665, in sleep
    |     return await future
    |            ^^^^^^^^^^^^
    | asyncio.exceptions.CancelledError
    | 
    | During handling of the above exception, another exception occurred:
    | 
    | Traceback (most recent call last):
    |   File "D:\BlueSky\bsky_collector_v2\jobs\wide_sweep.py", line 352, in worker
    |     control.mark_wide_done(
    |   File "D:\BlueSky\bsky_collector_v2\state.py", line 167, in _call
    |     return self._rpc(name, *args, **kwargs)
    |            ^^^^^^^^^^^^^^^^^^^^^^^^^^^^^^^^
    |   File "D:\BlueSky\bsky_collector_v2\state.py", line 133, in _rpc
    |     chunk = conn.recv(65536)
    |             ^^^^^^^^^^^^^^^^
    | TimeoutError: timed out
    +------------------------------------
